2025-09-15 11:22:20.374  1735-2015  bt_stack                com.android.bluetooth                I  [INFO:gatt_api.cc(711)] GATTC_Discover conn_id=0x0009, disc_type=3, s_handle=0x000c, e_handle=0x0010
2025-09-15 11:22:20.374  1735-2015  bt_stack                com.android.bluetooth                I  [INFO:gatt_cl.cc(101)] gatt_act_discovery opcode: 0x08
2025-09-15 11:22:20.374  1735-2015  bluetooth               com.android.bluetooth                I  attp_cl_send_cmd: Sending ATT command to l2cap cid:0x0004 eatt_channels:0 transport:BT_TRANSPORT_LE
2025-09-15 11:22:20.374  1735-2015  bluetooth               com.android.bluetooth                I  attp_cl_send_cmd: Starting ATT response timer
2025-09-15 11:22:20.388  1735-2015  bt_stack                com.android.bluetooth                I  [INFO:gatt_cl.cc(1194)] gatt_client_handle_server_rsp opcode: 0x01
2025-09-15 11:22:20.388  1735-2015  bt_stack                com.android.bluetooth                I  [INFO:gatt_cl.cc(533)] gatt_process_error_rsp
2025-09-15 11:22:20.388  1735-2015  bt_stack                com.android.bluetooth                I  [INFO:gatt_utils.cc(1500)] gatt_end_operation status=0 op=1 subtype=3
2025-09-15 11:22:20.388  1735-2015  bt_stack                com.android.bluetooth                I  [INFO:bta_gattc_cache.cc(500)] bta_gattc_disc_cmpl_cback: disc_type=3
2025-09-15 11:22:20.388  1735-2015  bt_stack                com.android.bluetooth                I  [INFO:gatt_api.cc(711)] GATTC_Discover conn_id=0x0009, disc_type=4, s_handle=0x000c, e_handle=0x0010
2025-09-15 11:22:20.389  1735-2015  bt_stack                com.android.bluetooth                I  [INFO:gatt_cl.cc(101)] gatt_act_discovery opcode: 0x08
2025-09-15 11:22:20.389  1735-2015  bluetooth               com.android.bluetooth                I  attp_cl_send_cmd: Sending ATT command to l2cap cid:0x0004 eatt_channels:0 transport:BT_TRANSPORT_LE
2025-09-15 11:22:20.389  1735-2015  bluetooth               com.android.bluetooth                I  attp_cl_send_cmd: Starting ATT response timer
2025-09-15 11:22:20.403  1735-2015  bt_stack                com.android.bluetooth                I  [INFO:gatt_cl.cc(1194)] gatt_client_handle_server_rsp opcode: 0x09
2025-09-15 11:22:20.404  1735-2015  bt_stack                com.android.bluetooth                I  [INFO:gatt_cl.cc(799)] gatt_process_read_by_type_rspop=1 subtype=4
2025-09-15 11:22:20.404  1735-2015  bt_stack                com.android.bluetooth                I  [INFO:gatt_cl.cc(983)] gatt_process_read_by_type_rsp: initiate another discovery request
2025-09-15 11:22:20.404  1735-2015  bt_stack                com.android.bluetooth                I  [INFO:gatt_cl.cc(101)] gatt_act_discovery opcode: 0x08
2025-09-15 11:22:20.404  1735-2015  bluetooth               com.android.bluetooth                I  attp_cl_send_cmd: Sending ATT command to l2cap cid:0x0004 eatt_channels:0 transport:BT_TRANSPORT_LE
2025-09-15 11:22:20.404  1735-2015  bluetooth               com.android.bluetooth                I  attp_cl_send_cmd: Starting ATT response timer
2025-09-15 11:22:20.410   995-2760  StNfcHal                android.hardware.nfc@1.2-service-st  D  (#02D56) Rx 6f 02 09 (hidden)
2025-09-15 11:22:20.425   995-2760  StNfcHal                android.hardware.nfc@1.2-service-st  D  (#02D57) Rx 6f 02 0d (hidden)
2025-09-15 11:22:20.433  1735-2015  bt_stack                com.android.bluetooth                I  [INFO:gatt_cl.cc(1194)] gatt_client_handle_server_rsp opcode: 0x09
2025-09-15 11:22:20.433  1735-2015  bt_stack                com.android.bluetooth                I  [INFO:gatt_cl.cc(799)] gatt_process_read_by_type_rspop=1 subtype=4
2025-09-15 11:22:20.434  1735-2015  bt_stack                com.android.bluetooth                I  [INFO:gatt_cl.cc(983)] gatt_process_read_by_type_rsp: initiate another discovery request
2025-09-15 11:22:20.434  1735-2015  bt_stack                com.android.bluetooth                I  [INFO:gatt_cl.cc(101)] gatt_act_discovery opcode: 0x08
2025-09-15 11:22:20.434  1735-2015  bluetooth               com.android.bluetooth                I  attp_cl_send_cmd: Sending ATT command to l2cap cid:0x0004 eatt_channels:0 transport:BT_TRANSPORT_LE
2025-09-15 11:22:20.434  1735-2015  bluetooth               com.android.bluetooth                I  attp_cl_send_cmd: Starting ATT response timer
2025-09-15 11:22:20.435   995-2760  StNfcHal                android.hardware.nfc@1.2-service-st  D  (#02D58) Rx 6f 02 0f (hidden)
2025-09-15 11:22:20.447  1735-2015  bt_stack                com.android.bluetooth                I  [INFO:gatt_cl.cc(1194)] gatt_client_handle_server_rsp opcode: 0x01
2025-09-15 11:22:20.448  1735-2015  bt_stack                com.android.bluetooth                I  [INFO:gatt_cl.cc(533)] gatt_process_error_rsp
2025-09-15 11:22:20.448  1735-2015  bt_stack                com.android.bluetooth                I  [INFO:gatt_utils.cc(1500)] gatt_end_operation status=0 op=1 subtype=4
2025-09-15 11:22:20.448  1735-2015  bt_stack                com.android.bluetooth                I  [INFO:bta_gattc_cache.cc(500)] bta_gattc_disc_cmpl_cback: disc_type=4
2025-09-15 11:22:20.449  1735-2015  bt_stack                com.android.bluetooth                I  [INFO:gatt_api.cc(711)] GATTC_Discover conn_id=0x0009, disc_type=3, s_handle=0x0011, e_handle=0x0017
2025-09-15 11:22:20.449  1735-2015  bt_stack                com.android.bluetooth                I  [INFO:gatt_cl.cc(101)] gatt_act_discovery opcode: 0x08
2025-09-15 11:22:20.449  1735-2015  bluetooth               com.android.bluetooth                I  attp_cl_send_cmd: Sending ATT command to l2cap cid:0x0004 eatt_channels:0 transport:BT_TRANSPORT_LE
2025-09-15 11:22:20.449  1735-2015  bluetooth               com.android.bluetooth                I  attp_cl_send_cmd: Starting ATT response timer
2025-09-15 11:22:20.463  1735-2015  bt_stack                com.android.bluetooth                I  [INFO:gatt_cl.cc(1194)] gatt_client_handle_server_rsp opcode: 0x01
2025-09-15 11:22:20.463  1735-2015  bt_stack                com.android.bluetooth                I  [INFO:gatt_cl.cc(533)] gatt_process_error_rsp
2025-09-15 11:22:20.464  1735-2015  bt_stack                com.android.bluetooth                I  [INFO:gatt_utils.cc(1500)] gatt_end_operation status=0 op=1 subtype=3
2025-09-15 11:22:20.464  1735-2015  bt_stack                com.android.bluetooth                I  [INFO:bta_gattc_cache.cc(500)] bta_gattc_disc_cmpl_cback: disc_type=3
2025-09-15 11:22:20.464  1735-2015  bt_stack                com.android.bluetooth                I  [INFO:gatt_api.cc(711)] GATTC_Discover conn_id=0x0009, disc_type=4, s_handle=0x0011, e_handle=0x0017
2025-09-15 11:22:20.464  1735-2015  bt_stack                com.android.bluetooth                I  [INFO:gatt_cl.cc(101)] gatt_act_discovery opcode: 0x08
2025-09-15 11:22:20.464  1735-2015  bluetooth               com.android.bluetooth                I  attp_cl_send_cmd: Sending ATT command to l2cap cid:0x0004 eatt_channels:0 transport:BT_TRANSPORT_LE
2025-09-15 11:22:20.464  1735-2015  bluetooth               com.android.bluetooth                I  attp_cl_send_cmd: Starting ATT response timer
2025-09-15 11:22:20.467   995-2760  StNfcHal                android.hardware.nfc@1.2-service-st  D  (#02D59) Rx 6f 02 11 (hidden)
2025-09-15 11:22:20.478  1735-2015  bt_stack                com.android.bluetooth                I  [INFO:gatt_cl.cc(1194)] gatt_client_handle_server_rsp opcode: 0x09
2025-09-15 11:22:20.478  1735-2015  bt_stack                com.android.bluetooth                I  [INFO:gatt_cl.cc(799)] gatt_process_read_by_type_rspop=1 subtype=4
2025-09-15 11:22:20.479  1735-2015  bt_stack                com.android.bluetooth                I  [INFO:gatt_cl.cc(983)] gatt_process_read_by_type_rsp: initiate another discovery request
2025-09-15 11:22:20.479  1735-2015  bt_stack                com.android.bluetooth                I  [INFO:gatt_cl.cc(101)] gatt_act_discovery opcode: 0x08
2025-09-15 11:22:20.479  1735-2015  bluetooth               com.android.bluetooth                I  attp_cl_send_cmd: Sending ATT command to l2cap cid:0x0004 eatt_channels:0 transport:BT_TRANSPORT_LE
2025-09-15 11:22:20.479  1735-2015  bluetooth               com.android.bluetooth                I  attp_cl_send_cmd: Starting ATT response timer
2025-09-15 11:22:20.482   995-2760  StNfcHal                android.hardware.nfc@1.2-service-st  D  (#02D5A) Rx 6f 02 0a (hidden)
2025-09-15 11:22:20.491   995-2760  StNfcHal                android.hardware.nfc@1.2-service-st  D  (#02D5B) Rx 6f 02 09 (hidden)
2025-09-15 11:22:20.493  1735-2015  bt_stack                com.android.bluetooth                I  [INFO:gatt_cl.cc(1194)] gatt_client_handle_server_rsp opcode: 0x09
2025-09-15 11:22:20.494  1735-2015  bt_stack                com.android.bluetooth                I  [INFO:gatt_cl.cc(799)] gatt_process_read_by_type_rspop=1 subtype=4
2025-09-15 11:22:20.494  1735-2015  bt_stack                com.android.bluetooth                I  [INFO:gatt_cl.cc(983)] gatt_process_read_by_type_rsp: initiate another discovery request
2025-09-15 11:22:20.494  1735-2015  bt_stack                com.android.bluetooth                I  [INFO:gatt_cl.cc(101)] gatt_act_discovery opcode: 0x08
2025-09-15 11:22:20.494  1735-2015  bluetooth               com.android.bluetooth                I  attp_cl_send_cmd: Sending ATT command to l2cap cid:0x0004 eatt_channels:0 transport:BT_TRANSPORT_LE
2025-09-15 11:22:20.494  1735-2015  bluetooth               com.android.bluetooth                I  attp_cl_send_cmd: Starting ATT response timer
2025-09-15 11:22:20.508  1735-2015  bt_stack                com.android.bluetooth                I  [INFO:gatt_cl.cc(1194)] gatt_client_handle_server_rsp opcode: 0x09
2025-09-15 11:22:20.508  1735-2015  bt_stack                com.android.bluetooth                I  [INFO:gatt_cl.cc(799)] gatt_process_read_by_type_rspop=1 subtype=4
2025-09-15 11:22:20.508  1735-2015  bt_stack                com.android.bluetooth                I  [INFO:gatt_cl.cc(983)] gatt_process_read_by_type_rsp: initiate another discovery request
2025-09-15 11:22:20.508  1735-2015  bt_stack                com.android.bluetooth                I  [INFO:gatt_cl.cc(101)] gatt_act_discovery opcode: 0x08
2025-09-15 11:22:20.509  1735-2015  bluetooth               com.android.bluetooth                I  attp_cl_send_cmd: Sending ATT command to l2cap cid:0x0004 eatt_channels:0 transport:BT_TRANSPORT_LE
2025-09-15 11:22:20.509  1735-2015  bluetooth               com.android.bluetooth                I  attp_cl_send_cmd: Starting ATT response timer
2025-09-15 11:22:20.530  1735-2015  bt_stack                com.android.bluetooth                I  [INFO:gatt_cl.cc(1194)] gatt_client_handle_server_rsp opcode: 0x01
2025-09-15 11:22:20.531  1735-2015  bt_stack                com.android.bluetooth                I  [INFO:gatt_cl.cc(533)] gatt_process_error_rsp
2025-09-15 11:22:20.531  1735-2015  bt_stack                com.android.bluetooth                I  [INFO:gatt_utils.cc(1500)] gatt_end_operation status=0 op=1 subtype=4
2025-09-15 11:22:20.531  1735-2015  bt_stack                com.android.bluetooth                I  [INFO:bta_gattc_cache.cc(500)] bta_gattc_disc_cmpl_cback: disc_type=4
2025-09-15 11:22:20.531  1735-2015  bt_stack                com.android.bluetooth                I  [INFO:gatt_api.cc(711)] GATTC_Discover conn_id=0x0009, disc_type=3, s_handle=0x0018, e_handle=0x0020
2025-09-15 11:22:20.531  1735-2015  bt_stack                com.android.bluetooth                I  [INFO:gatt_cl.cc(101)] gatt_act_discovery opcode: 0x08
2025-09-15 11:22:20.531  1735-2015  bluetooth               com.android.bluetooth                I  attp_cl_send_cmd: Sending ATT command to l2cap cid:0x0004 eatt_channels:0 transport:BT_TRANSPORT_LE
2025-09-15 11:22:20.532  1735-2015  bluetooth               com.android.bluetooth                I  attp_cl_send_cmd: Starting ATT response timer
2025-09-15 11:22:20.553  1735-2015  bt_stack                com.android.bluetooth                I  [INFO:gatt_cl.cc(1194)] gatt_client_handle_server_rsp opcode: 0x01
2025-09-15 11:22:20.554  1735-2015  bt_stack                com.android.bluetooth                I  [INFO:gatt_cl.cc(533)] gatt_process_error_rsp
2025-09-15 11:22:20.554  1735-2015  bt_stack                com.android.bluetooth                I  [INFO:gatt_utils.cc(1500)] gatt_end_operation status=0 op=1 subtype=3
2025-09-15 11:22:20.554  1735-2015  bt_stack                com.android.bluetooth                I  [INFO:bta_gattc_cache.cc(500)] bta_gattc_disc_cmpl_cback: disc_type=3
2025-09-15 11:22:20.554  1735-2015  bt_stack                com.android.bluetooth                I  [INFO:gatt_api.cc(711)] GATTC_Discover conn_id=0x0009, disc_type=4, s_handle=0x0018, e_handle=0x0020
2025-09-15 11:22:20.554  1735-2015  bt_stack                com.android.bluetooth                I  [INFO:gatt_cl.cc(101)] gatt_act_discovery opcode: 0x08
2025-09-15 11:22:20.554  1735-2015  bluetooth               com.android.bluetooth                I  attp_cl_send_cmd: Sending ATT command to l2cap cid:0x0004 eatt_channels:0 transport:BT_TRANSPORT_LE
2025-09-15 11:22:20.554  1735-2015  bluetooth               com.android.bluetooth                I  attp_cl_send_cmd: Starting ATT response timer
2025-09-15 11:22:20.568  1735-2015  bt_stack                com.android.bluetooth                I  [INFO:gatt_cl.cc(1194)] gatt_client_handle_server_rsp opcode: 0x09
2025-09-15 11:22:20.568  1735-2015  bt_stack                com.android.bluetooth                I  [INFO:gatt_cl.cc(799)] gatt_process_read_by_type_rspop=1 subtype=4
2025-09-15 11:22:20.569  1735-2015  bt_stack                com.android.bluetooth                I  [INFO:gatt_cl.cc(983)] gatt_process_read_by_type_rsp: initiate another discovery request
2025-09-15 11:22:20.569  1735-2015  bt_stack                com.android.bluetooth                I  [INFO:gatt_cl.cc(101)] gatt_act_discovery opcode: 0x08
2025-09-15 11:22:20.569  1735-2015  bluetooth               com.android.bluetooth                I  attp_cl_send_cmd: Sending ATT command to l2cap cid:0x0004 eatt_channels:0 transport:BT_TRANSPORT_LE
2025-09-15 11:22:20.569  1735-2015  bluetooth               com.android.bluetooth                I  attp_cl_send_cmd: Starting ATT response timer
2025-09-15 11:22:20.583  1735-2015  bt_stack                com.android.bluetooth                I  [INFO:gatt_cl.cc(1194)] gatt_client_handle_server_rsp opcode: 0x09
2025-09-15 11:22:20.584  1735-2015  bt_stack                com.android.bluetooth                I  [INFO:gatt_cl.cc(799)] gatt_process_read_by_type_rspop=1 subtype=4
2025-09-15 11:22:20.584  1735-2015  bt_stack                com.android.bluetooth                I  [INFO:gatt_cl.cc(983)] gatt_process_read_by_type_rsp: initiate another discovery request
2025-09-15 11:22:20.584  1735-2015  bt_stack                com.android.bluetooth                I  [INFO:gatt_cl.cc(101)] gatt_act_discovery opcode: 0x08
2025-09-15 11:22:20.584  1735-2015  bluetooth               com.android.bluetooth                I  attp_cl_send_cmd: Sending ATT command to l2cap cid:0x0004 eatt_channels:0 transport:BT_TRANSPORT_LE
2025-09-15 11:22:20.584  1735-2015  bluetooth               com.android.bluetooth                I  attp_cl_send_cmd: Starting ATT response timer
2025-09-15 11:22:20.605  1735-2015  bt_stack                com.android.bluetooth                I  [INFO:gatt_cl.cc(1194)] gatt_client_handle_server_rsp opcode: 0x09
2025-09-15 11:22:20.606  1735-2015  bt_stack                com.android.bluetooth                I  [INFO:gatt_cl.cc(799)] gatt_process_read_by_type_rspop=1 subtype=4
2025-09-15 11:22:20.606  1735-2015  bt_stack                com.android.bluetooth                I  [INFO:gatt_cl.cc(983)] gatt_process_read_by_type_rsp: initiate another discovery request
2025-09-15 11:22:20.606  1735-2015  bt_stack                com.android.bluetooth                I  [INFO:gatt_cl.cc(101)] gatt_act_discovery opcode: 0x08
2025-09-15 11:22:20.606  1735-2015  bluetooth               com.android.bluetooth                I  attp_cl_send_cmd: Sending ATT command to l2cap cid:0x0004 eatt_channels:0 transport:BT_TRANSPORT_LE
2025-09-15 11:22:20.606  1735-2015  bluetooth               com.android.bluetooth                I  attp_cl_send_cmd: Starting ATT response timer
2025-09-15 11:22:20.621  1735-2015  bt_stack                com.android.bluetooth                I  [INFO:gatt_cl.cc(1194)] gatt_client_handle_server_rsp opcode: 0x09
2025-09-15 11:22:20.621  1735-2015  bt_stack                com.android.bluetooth                I  [INFO:gatt_cl.cc(799)] gatt_process_read_by_type_rspop=1 subtype=4
2025-09-15 11:22:20.621  1735-2015  bt_stack                com.android.bluetooth                I  [INFO:gatt_cl.cc(983)] gatt_process_read_by_type_rsp: initiate another discovery request
2025-09-15 11:22:20.621  1735-2015  bt_stack                com.android.bluetooth                I  [INFO:gatt_cl.cc(101)] gatt_act_discovery opcode: 0x08
2025-09-15 11:22:20.622  1735-2015  bluetooth               com.android.bluetooth                I  attp_cl_send_cmd: Sending ATT command to l2cap cid:0x0004 eatt_channels:0 transport:BT_TRANSPORT_LE
2025-09-15 11:22:20.622  1735-2015  bluetooth               com.android.bluetooth                I  attp_cl_send_cmd: Starting ATT response timer
2025-09-15 11:22:20.635  1735-2015  bt_stack                com.android.bluetooth                I  [INFO:gatt_cl.cc(1194)] gatt_client_handle_server_rsp opcode: 0x01
2025-09-15 11:22:20.636  1735-2015  bt_stack                com.android.bluetooth                I  [INFO:gatt_cl.cc(533)] gatt_process_error_rsp
2025-09-15 11:22:20.636  1735-2015  bt_stack                com.android.bluetooth                I  [INFO:gatt_utils.cc(1500)] gatt_end_operation status=0 op=1 subtype=4
2025-09-15 11:22:20.636  1735-2015  bt_stack                com.android.bluetooth                I  [INFO:bta_gattc_cache.cc(500)] bta_gattc_disc_cmpl_cback: disc_type=4
2025-09-15 11:22:20.636  1735-2015  bt_stack                com.android.bluetooth                I  [INFO:gatt_api.cc(711)] GATTC_Discover conn_id=0x0009, disc_type=3, s_handle=0x0021, e_handle=0x0025
2025-09-15 11:22:20.636  1735-2015  bt_stack                com.android.bluetooth                I  [INFO:gatt_cl.cc(101)] gatt_act_discovery opcode: 0x08
2025-09-15 11:22:20.636  1735-2015  bluetooth               com.android.bluetooth                I  attp_cl_send_cmd: Sending ATT command to l2cap cid:0x0004 eatt_channels:0 transport:BT_TRANSPORT_LE
2025-09-15 11:22:20.637  1735-2015  bluetooth               com.android.bluetooth                I  attp_cl_send_cmd: Starting ATT response timer
2025-09-15 11:22:20.651  1735-2015  bt_stack                com.android.bluetooth                I  [INFO:gatt_cl.cc(1194)] gatt_client_handle_server_rsp opcode: 0x01
2025-09-15 11:22:20.651  1735-2015  bt_stack                com.android.bluetooth                I  [INFO:gatt_cl.cc(533)] gatt_process_error_rsp
2025-09-15 11:22:20.651  1735-2015  bt_stack                com.android.bluetooth                I  [INFO:gatt_utils.cc(1500)] gatt_end_operation status=0 op=1 subtype=3
2025-09-15 11:22:20.651  1735-2015  bt_stack                com.android.bluetooth                I  [INFO:bta_gattc_cache.cc(500)] bta_gattc_disc_cmpl_cback: disc_type=3
2025-09-15 11:22:20.652  1735-2015  bt_stack                com.android.bluetooth                I  [INFO:gatt_api.cc(711)] GATTC_Discover conn_id=0x0009, disc_type=4, s_handle=0x0021, e_handle=0x0025
2025-09-15 11:22:20.652  1735-2015  bt_stack                com.android.bluetooth                I  [INFO:gatt_cl.cc(101)] gatt_act_discovery opcode: 0x08
2025-09-15 11:22:20.652  1735-2015  bluetooth               com.android.bluetooth                I  attp_cl_send_cmd: Sending ATT command to l2cap cid:0x0004 eatt_channels:0 transport:BT_TRANSPORT_LE
2025-09-15 11:22:20.652  1735-2015  bluetooth               com.android.bluetooth                I  attp_cl_send_cmd: Starting ATT response timer
2025-09-15 11:22:20.666  1735-2015  bt_stack                com.android.bluetooth                I  [INFO:gatt_cl.cc(1194)] gatt_client_handle_server_rsp opcode: 0x09
2025-09-15 11:22:20.666  1735-2015  bt_stack                com.android.bluetooth                I  [INFO:gatt_cl.cc(799)] gatt_process_read_by_type_rspop=1 subtype=4
2025-09-15 11:22:20.666  1735-2015  bt_stack                com.android.bluetooth                I  [INFO:gatt_cl.cc(983)] gatt_process_read_by_type_rsp: initiate another discovery request
2025-09-15 11:22:20.666  1735-2015  bt_stack                com.android.bluetooth                I  [INFO:gatt_cl.cc(101)] gatt_act_discovery opcode: 0x08
2025-09-15 11:22:20.666  1735-2015  bluetooth               com.android.bluetooth                I  attp_cl_send_cmd: Sending ATT command to l2cap cid:0x0004 eatt_channels:0 transport:BT_TRANSPORT_LE
2025-09-15 11:22:20.667  1735-2015  bluetooth               com.android.bluetooth                I  attp_cl_send_cmd: Starting ATT response timer
2025-09-15 11:22:20.688  1735-2015  bt_stack                com.android.bluetooth                I  [INFO:gatt_cl.cc(1194)] gatt_client_handle_server_rsp opcode: 0x09
2025-09-15 11:22:20.688  1735-2015  bt_stack                com.android.bluetooth                I  [INFO:gatt_cl.cc(799)] gatt_process_read_by_type_rspop=1 subtype=4
2025-09-15 11:22:20.689  1735-2015  bt_stack                com.android.bluetooth                I  [INFO:gatt_cl.cc(983)] gatt_process_read_by_type_rsp: initiate another discovery request
2025-09-15 11:22:20.689  1735-2015  bt_stack                com.android.bluetooth                I  [INFO:gatt_cl.cc(101)] gatt_act_discovery opcode: 0x08
2025-09-15 11:22:20.689  1735-2015  bluetooth               com.android.bluetooth                I  attp_cl_send_cmd: Sending ATT command to l2cap cid:0x0004 eatt_channels:0 transport:BT_TRANSPORT_LE
2025-09-15 11:22:20.689  1735-2015  bluetooth               com.android.bluetooth                I  attp_cl_send_cmd: Starting ATT response timer
2025-09-15 11:22:20.702  1735-2015  bt_stack                com.android.bluetooth                I  [INFO:gatt_cl.cc(1194)] gatt_client_handle_server_rsp opcode: 0x01
2025-09-15 11:22:20.703  1735-2015  bt_stack                com.android.bluetooth                I  [INFO:gatt_cl.cc(533)] gatt_process_error_rsp
2025-09-15 11:22:20.703  1735-2015  bt_stack                com.android.bluetooth                I  [INFO:gatt_utils.cc(1500)] gatt_end_operation status=0 op=1 subtype=4
2025-09-15 11:22:20.703  1735-2015  bt_stack                com.android.bluetooth                I  [INFO:bta_gattc_cache.cc(500)] bta_gattc_disc_cmpl_cback: disc_type=4
2025-09-15 11:22:20.703  1735-2015  bt_stack                com.android.bluetooth                I  [INFO:gatt_api.cc(711)] GATTC_Discover conn_id=0x0009, disc_type=3, s_handle=0x0026, e_handle=0x002a
2025-09-15 11:22:20.703  1735-2015  bt_stack                com.android.bluetooth                I  [INFO:gatt_cl.cc(101)] gatt_act_discovery opcode: 0x08
2025-09-15 11:22:20.703  1735-2015  bluetooth               com.android.bluetooth                I  attp_cl_send_cmd: Sending ATT command to l2cap cid:0x0004 eatt_channels:0 transport:BT_TRANSPORT_LE
2025-09-15 11:22:20.704  1735-2015  bluetooth               com.android.bluetooth                I  attp_cl_send_cmd: Starting ATT response timer
2025-09-15 11:22:20.718  1735-2015  bt_stack                com.android.bluetooth                I  [INFO:gatt_cl.cc(1194)] gatt_client_handle_server_rsp opcode: 0x01
2025-09-15 11:22:20.718  1735-2015  bt_stack                com.android.bluetooth                I  [INFO:gatt_cl.cc(533)] gatt_process_error_rsp
2025-09-15 11:22:20.718  1735-2015  bt_stack                com.android.bluetooth                I  [INFO:gatt_utils.cc(1500)] gatt_end_operation status=0 op=1 subtype=3
2025-09-15 11:22:20.719  1735-2015  bt_stack                com.android.bluetooth                I  [INFO:bta_gattc_cache.cc(500)] bta_gattc_disc_cmpl_cback: disc_type=3
2025-09-15 11:22:20.719  1735-2015  bt_stack                com.android.bluetooth                I  [INFO:gatt_api.cc(711)] GATTC_Discover conn_id=0x0009, disc_type=4, s_handle=0x0026, e_handle=0x002a
2025-09-15 11:22:20.719  1735-2015  bt_stack                com.android.bluetooth                I  [INFO:gatt_cl.cc(101)] gatt_act_discovery opcode: 0x08
2025-09-15 11:22:20.719  1735-2015  bluetooth               com.android.bluetooth                I  attp_cl_send_cmd: Sending ATT command to l2cap cid:0x0004 eatt_channels:0 transport:BT_TRANSPORT_LE
2025-09-15 11:22:20.719  1735-2015  bluetooth               com.android.bluetooth                I  attp_cl_send_cmd: Starting ATT response timer
2025-09-15 11:22:20.733  1735-2015  bt_stack                com.android.bluetooth                I  [INFO:gatt_cl.cc(1194)] gatt_client_handle_server_rsp opcode: 0x09
2025-09-15 11:22:20.733  1735-2015  bt_stack                com.android.bluetooth                I  [INFO:gatt_cl.cc(799)] gatt_process_read_by_type_rspop=1 subtype=4
2025-09-15 11:22:20.733  1735-2015  bt_stack                com.android.bluetooth                I  [INFO:gatt_cl.cc(983)] gatt_process_read_by_type_rsp: initiate another discovery request
2025-09-15 11:22:20.733  1735-2015  bt_stack                com.android.bluetooth                I  [INFO:gatt_cl.cc(101)] gatt_act_discovery opcode: 0x08
2025-09-15 11:22:20.733  1735-2015  bluetooth               com.android.bluetooth                I  attp_cl_send_cmd: Sending ATT command to l2cap cid:0x0004 eatt_channels:0 transport:BT_TRANSPORT_LE
2025-09-15 11:22:20.734  1735-2015  bluetooth               com.android.bluetooth                I  attp_cl_send_cmd: Starting ATT response timer
2025-09-15 11:22:20.748  1735-2015  bt_stack                com.android.bluetooth                I  [INFO:gatt_cl.cc(1194)] gatt_client_handle_server_rsp opcode: 0x09
2025-09-15 11:22:20.748  1735-2015  bt_stack                com.android.bluetooth                I  [INFO:gatt_cl.cc(799)] gatt_process_read_by_type_rspop=1 subtype=4
2025-09-15 11:22:20.748  1735-2015  bt_stack                com.android.bluetooth                I  [INFO:gatt_cl.cc(983)] gatt_process_read_by_type_rsp: initiate another discovery request
2025-09-15 11:22:20.749  1735-2015  bt_stack                com.android.bluetooth                I  [INFO:gatt_cl.cc(101)] gatt_act_discovery opcode: 0x08
2025-09-15 11:22:20.749  1735-2015  bluetooth               com.android.bluetooth                I  attp_cl_send_cmd: Sending ATT command to l2cap cid:0x0004 eatt_channels:0 transport:BT_TRANSPORT_LE
2025-09-15 11:22:20.749  1735-2015  bluetooth               com.android.bluetooth                I  attp_cl_send_cmd: Starting ATT response timer
2025-09-15 11:22:20.763  1735-2015  bt_stack                com.android.bluetooth                I  [INFO:gatt_cl.cc(1194)] gatt_client_handle_server_rsp opcode: 0x01
2025-09-15 11:22:20.764  1735-2015  bt_stack                com.android.bluetooth                I  [INFO:gatt_cl.cc(533)] gatt_process_error_rsp
2025-09-15 11:22:20.764  1735-2015  bt_stack                com.android.bluetooth                I  [INFO:gatt_utils.cc(1500)] gatt_end_operation status=0 op=1 subtype=4
2025-09-15 11:22:20.764  1735-2015  bt_stack                com.android.bluetooth                I  [INFO:bta_gattc_cache.cc(500)] bta_gattc_disc_cmpl_cback: disc_type=4
2025-09-15 11:22:20.764  1735-2015  bt_stack                com.android.bluetooth                I  [INFO:gatt_api.cc(711)] GATTC_Discover conn_id=0x0009, disc_type=3, s_handle=0x002b, e_handle=0x002d
2025-09-15 11:22:20.764  1735-2015  bt_stack                com.android.bluetooth                I  [INFO:gatt_cl.cc(101)] gatt_act_discovery opcode: 0x08
2025-09-15 11:22:20.764  1735-2015  bluetooth               com.android.bluetooth                I  attp_cl_send_cmd: Sending ATT command to l2cap cid:0x0004 eatt_channels:0 transport:BT_TRANSPORT_LE
2025-09-15 11:22:20.764  1735-2015  bluetooth               com.android.bluetooth                I  attp_cl_send_cmd: Starting ATT response timer
2025-09-15 11:22:20.779  1735-2015  bt_stack                com.android.bluetooth                I  [INFO:gatt_cl.cc(1194)] gatt_client_handle_server_rsp opcode: 0x01
2025-09-15 11:22:20.779  1735-2015  bt_stack                com.android.bluetooth                I  [INFO:gatt_cl.cc(533)] gatt_process_error_rsp
2025-09-15 11:22:20.779  1735-2015  bt_stack                com.android.bluetooth                I  [INFO:gatt_utils.cc(1500)] gatt_end_operation status=0 op=1 subtype=3
2025-09-15 11:22:20.779  1735-2015  bt_stack                com.android.bluetooth                I  [INFO:bta_gattc_cache.cc(500)] bta_gattc_disc_cmpl_cback: disc_type=3
2025-09-15 11:22:20.780  1735-2015  bt_stack                com.android.bluetooth                I  [INFO:gatt_api.cc(711)] GATTC_Discover conn_id=0x0009, disc_type=4, s_handle=0x002b, e_handle=0x002d
2025-09-15 11:22:20.780  1735-2015  bt_stack                com.android.bluetooth                I  [INFO:gatt_cl.cc(101)] gatt_act_discovery opcode: 0x08
2025-09-15 11:22:20.780  1735-2015  bluetooth               com.android.bluetooth                I  attp_cl_send_cmd: Sending ATT command to l2cap cid:0x0004 eatt_channels:0 transport:BT_TRANSPORT_LE
2025-09-15 11:22:20.780  1735-2015  bluetooth               com.android.bluetooth                I  attp_cl_send_cmd: Starting ATT response timer
2025-09-15 11:22:20.808  1735-2015  bt_stack                com.android.bluetooth                I  [INFO:gatt_cl.cc(1194)] gatt_client_handle_server_rsp opcode: 0x09
2025-09-15 11:22:20.808  1735-2015  bt_stack                com.android.bluetooth                I  [INFO:gatt_cl.cc(799)] gatt_process_read_by_type_rspop=1 subtype=4
2025-09-15 11:22:20.808  1735-2015  bt_stack                com.android.bluetooth                I  [INFO:gatt_cl.cc(983)] gatt_process_read_by_type_rsp: initiate another discovery request
2025-09-15 11:22:20.808  1735-2015  bt_stack                com.android.bluetooth                I  [INFO:gatt_cl.cc(101)] gatt_act_discovery opcode: 0x08
2025-09-15 11:22:20.808  1735-2015  bluetooth               com.android.bluetooth                I  attp_cl_send_cmd: Sending ATT command to l2cap cid:0x0004 eatt_channels:0 transport:BT_TRANSPORT_LE
2025-09-15 11:22:20.809  1735-2015  bluetooth               com.android.bluetooth                I  attp_cl_send_cmd: Starting ATT response timer
2025-09-15 11:22:20.830  1735-2015  bt_stack                com.android.bluetooth                I  [INFO:gatt_cl.cc(1194)] gatt_client_handle_server_rsp opcode: 0x01
2025-09-15 11:22:20.831  1735-2015  bt_stack                com.android.bluetooth                I  [INFO:gatt_cl.cc(533)] gatt_process_error_rsp
2025-09-15 11:22:20.831  1735-2015  bt_stack                com.android.bluetooth                I  [INFO:gatt_utils.cc(1500)] gatt_end_operation status=0 op=1 subtype=4
2025-09-15 11:22:20.831  1735-2015  bt_stack                com.android.bluetooth                I  [INFO:bta_gattc_cache.cc(500)] bta_gattc_disc_cmpl_cback: disc_type=4
2025-09-15 11:22:20.831  1735-2015  bt_stack                com.android.bluetooth                I  [INFO:bta_gattc_cache.cc(240)] bta_gattc_explore_srvc_finished: service discovery finished
2025-09-15 11:22:20.832  1735-2015  bluetooth               com.android.bluetooth                I  attp_cl_send_cmd: Sending ATT command to l2cap cid:0x0004 eatt_channels:0 transport:BT_TRANSPORT_LE
2025-09-15 11:22:20.832  1735-2015  bluetooth               com.android.bluetooth                I  attp_cl_send_cmd: Starting ATT response timer
2025-09-15 11:22:20.834   798-798   mtk.hal.bt@1.1-impl     and...luetooth@1.1-service-mediatek  D  BtHostDebugInfo
2025-09-15 11:22:20.834   798-798   [BT]                    and...luetooth@1.1-service-mediatek  D  mtk_bt_op: BT_VND_OP_SET_BTHOST
2025-09-15 11:22:20.853  1735-2015  bt_stack                com.android.bluetooth                I  [INFO:gatt_cl.cc(1194)] gatt_client_handle_server_rsp opcode: 0x03
2025-09-15 11:22:20.853  1735-2015  bt_stack                com.android.bluetooth                I  [INFO:gatt_utils.cc(1500)] gatt_end_operation status=0 op=5 subtype=0
2025-09-15 11:22:20.855  8951-8967  BluetoothGatt           com.remoticom.energynodeinset        D  onConfigureMTU() - Device=F0:D7:8F:4D:80:82 mtu=40 status=0
2025-09-15 11:22:20.856  8951-8967  DiscoverSe...sOperation com.remoticom.energynodeinset        V  onMtuChanged called
2025-09-15 11:22:20.856  8951-8967  GattConnectionService   com.remoticom.energynodeinset        D  MTU changed to 40
2025-09-15 11:22:20.896   995-2760  StNfcHal                android.hardware.nfc@1.2-service-st  D  (#02D5C) Rx 6f 02 0a (hidden)
2025-09-15 11:22:20.948  8951-8967  BluetoothGatt           com.remoticom.energynodeinset        D  onConnectionUpdated() - Device=F0:D7:8F:4D:80:82 interval=39 latency=0 timeout=500 status=0
2025-09-15 11:22:21.189   995-2760  StNfcHal                android.hardware.nfc@1.2-service-st  D  (#02D5D) Rx 6f 02 2e (hidden)
2025-09-15 11:22:21.500   995-2760  StNfcHal                android.hardware.nfc@1.2-service-st  D  (#02D5E) Rx 6f 02 0f (hidden)
2025-09-15 11:22:21.761   995-2760  StNfcHal                android.hardware.nfc@1.2-service-st  D  (#02D5F) Rx 6f 02 16 (hidden)
2025-09-15 11:22:21.768 13520-13537 CCodecBufferChannel     app_process                          D  elapsed: mInputMetEos 0, hasPendingOutputsInClient 0, n 0
2025-09-15 11:22:21.768 13520-13537 PipelineWatcher         app_process                          D  [0xb400006e30827888] elapsed: mFramesInPipeline 0, n 0
2025-09-15 11:22:21.771   995-2760  StNfcHal                android.hardware.nfc@1.2-service-st  D  (#02D60) Rx 6f 02 09 (hidden)
2025-09-15 11:22:21.780   995-2760  StNfcHal                android.hardware.nfc@1.2-service-st  D  (#02D61) Rx 6f 02 0d (hidden)
2025-09-15 11:22:21.792   995-2760  StNfcHal                android.hardware.nfc@1.2-service-st  D  (#02D62) Rx 6f 02 0f (hidden)
2025-09-15 11:22:21.819   995-2760  StNfcHal                android.hardware.nfc@1.2-service-st  D  (#02D63) Rx 6f 02 11 (hidden)
2025-09-15 11:22:21.833   995-2760  StNfcHal                android.hardware.nfc@1.2-service-st  D  (#02D64) Rx 6f 02 0a (hidden)
2025-09-15 11:22:21.841   995-2760  StNfcHal                android.hardware.nfc@1.2-service-st  D  (#02D65) Rx 6f 02 09 (hidden)
2025-09-15 11:22:21.976  1267-1267  haohaov                 system_server                        I  [HMDenterprise broadcastIntentLocked] intent=Intent { act=android.intent.action.BATTERY_CHANGED flg=0x60000000 (has extras) }
2025-09-15 11:22:22.249   995-2760  StNfcHal                android.hardware.nfc@1.2-service-st  D  (#02D66) Rx 6f 02 09 (hidden)
2025-09-15 11:22:22.264   995-2760  StNfcHal                android.hardware.nfc@1.2-service-st  D  (#02D67) Rx 6f 02 0d (hidden)
2025-09-15 11:22:22.272   995-2760  StNfcHal                android.hardware.nfc@1.2-service-st  D  (#02D68) Rx 6f 02 0f (hidden)
2025-09-15 11:22:22.305   995-2760  StNfcHal                android.hardware.nfc@1.2-service-st  D  (#02D69) Rx 6f 02 11 (hidden)
2025-09-15 11:22:22.319   995-2760  StNfcHal                android.hardware.nfc@1.2-service-st  D  (#02D6A) Rx 6f 02 0a (hidden)
2025-09-15 11:22:22.329   995-2760  StNfcHal                android.hardware.nfc@1.2-service-st  D  (#02D6B) Rx 6f 02 09 (hidden)
2025-09-15 11:22:22.736   995-2760  StNfcHal                android.hardware.nfc@1.2-service-st  D  (#02D6C) Rx 6f 02 09 (hidden)
2025-09-15 11:22:22.746   995-2760  StNfcHal                android.hardware.nfc@1.2-service-st  D  (#02D6D) Rx 6f 02 0f (hidden)
2025-09-15 11:22:22.757   995-2760  StNfcHal                android.hardware.nfc@1.2-service-st  D  (#02D6E) Rx 6f 02 19 (hidden)
2025-09-15 11:22:22.790   995-2760  StNfcHal                android.hardware.nfc@1.2-service-st  D  (#02D6F) Rx 6f 02 11 (hidden)
2025-09-15 11:22:22.803   995-2760  StNfcHal                android.hardware.nfc@1.2-service-st  D  (#02D70) Rx 6f 02 0a (hidden)
2025-09-15 11:22:22.815   995-2760  StNfcHal                android.hardware.nfc@1.2-service-st  D  (#02D71) Rx 6f 02 09 (hidden)
2025-09-15 11:22:23.221   995-2760  StNfcHal                android.hardware.nfc@1.2-service-st  D  (#02D72) Rx 6f 02 09 (hidden)
2025-09-15 11:22:23.235   995-2760  StNfcHal                android.hardware.nfc@1.2-service-st  D  (#02D73) Rx 6f 02 0d (hidden)
2025-09-15 11:22:23.244   995-2760  StNfcHal                android.hardware.nfc@1.2-service-st  D  (#02D74) Rx 6f 02 0f (hidden)
2025-09-15 11:22:23.276   995-2760  StNfcHal                android.hardware.nfc@1.2-service-st  D  (#02D75) Rx 6f 02 11 (hidden)
2025-09-15 11:22:23.291   995-2760  StNfcHal                android.hardware.nfc@1.2-service-st  D  (#02D76) Rx 6f 02 0a (hidden)
2025-09-15 11:22:23.300   995-2760  StNfcHal                android.hardware.nfc@1.2-service-st  D  (#02D77) Rx 6f 02 09 (hidden)
2025-09-15 11:22:23.707   995-2760  StNfcHal                android.hardware.nfc@1.2-service-st  D  (#02D78) Rx 6f 02 09 (hidden)
2025-09-15 11:22:23.718   995-2760  StNfcHal                android.hardware.nfc@1.2-service-st  D  (#02D79) Rx 6f 02 0f (hidden)
2025-09-15 11:22:23.727   995-2760  StNfcHal                android.hardware.nfc@1.2-service-st  D  (#02D7A) Rx 6f 02 19 (hidden)
2025-09-15 11:22:23.762   995-2760  StNfcHal                android.hardware.nfc@1.2-service-st  D  (#02D7B) Rx 6f 02 11 (hidden)
2025-09-15 11:22:23.776   995-2760  StNfcHal                android.hardware.nfc@1.2-service-st  D  (#02D7C) Rx 6f 02 0a (hidden)
2025-09-15 11:22:23.785   995-2760  StNfcHal                android.hardware.nfc@1.2-service-st  D  (#02D7D) Rx 6f 02 09 (hidden)
2025-09-15 11:22:24.192   995-2760  StNfcHal                android.hardware.nfc@1.2-service-st  D  (#02D7E) Rx 6f 02 0a (hidden)
2025-09-15 11:22:24.484   995-2760  StNfcHal                android.hardware.nfc@1.2-service-st  D  (#02D7F) Rx 6f 02 2e (hidden)
2025-09-15 11:22:24.795   995-2760  StNfcHal                android.hardware.nfc@1.2-service-st  D  (#02D80) Rx 6f 02 0f (hidden)
2025-09-15 11:22:25.054   995-2760  StNfcHal                android.hardware.nfc@1.2-service-st  D  (#02D81) Rx 6f 02 27 (hidden)
2025-09-15 11:22:25.140 12526-12597 Cello                   com.google.android.apps.docs         I  [12597:NonCelloThread] drive_v2_cloud_store.cc:5263:GetRootId Querying cloud for root item ID
2025-09-15 11:22:25.179 12190-12375 AuthPII                 com.google.android.gms.persistent    E  [RequestTokenManager] getToken() -> BAD_AUTHENTICATION. App: com.google.android.apps.docs, Service: oauth2:https://www.googleapis.com/auth/drive https://www.googleapis.com/auth/drive.file https://www.googleapis.com/auth/drive.metadata.readonly https://www.googleapis.com/auth/drive.readonly https://docs.google.com/feeds https://docs.googleusercontent.com https://spreadsheets.google.com/feeds https://www.googleapis.com/auth/activity https://www.googleapis.com/auth/cloudprint https://www.googleapis.com/auth/discussions https://www.googleapis.com/auth/docs https://www.googleapis.com/auth/drive.apps https://www.googleapis.com/auth/drive.categories.readonly https://www.googleapis.com/auth/memento https://www.googleapis.com/auth/notifications https://www.googleapis.com/auth/spreadsheets https://www.googleapis.com/auth/vouchers https://www.googleapis.com/auth/gmail.readonly https://www.googleapis.com/auth/subscriptions https://www.googleapis.com/auth/peopleapi.readonly https://www.googleapis.com/auth/peopleapi.readwrite https://www.googleapis.com/auth/drive.activity.readonly https://www.googleapis.com/auth/cloud_search.query
                                                                                                    baic: Long live credential not available.
                                                                                                    	at adpz.a(:com.google.android.gms@253534029@25.35.34 (190400-804595880):1253)
                                                                                                    	at adqf.b(:com.google.android.gms@253534029@25.35.34 (190400-804595880):30)
                                                                                                    	at adqd.a(:com.google.android.gms@253534029@25.35.34 (190400-804595880):541)
                                                                                                    	at adqc.b(:com.google.android.gms@253534029@25.35.34 (190400-804595880):121)
                                                                                                    	at wvg.h(:com.google.android.gms@253534029@25.35.34 (190400-804595880):486)
                                                                                                    	at wvg.d(:com.google.android.gms@253534029@25.35.34 (190400-804595880):133)
                                                                                                    	at adjj.getAuthToken(:com.google.android.gms@253534029@25.35.34 (190400-804595880):412)
                                                                                                    	at android.accounts.AbstractAccountAuthenticator$Transport.getAuthToken(AbstractAccountAuthenticator.java:246)
                                                                                                    	at android.accounts.IAccountAuthenticator$Stub.onTransact(IAccountAuthenticator.java:242)
                                                                                                    	at android.os.Binder.transact(Binder.java:1164)
                                                                                                    	at ccqt.onTransact(:com.google.android.gms@253534029@25.35.34 (190400-804595880):10)
                                                                                                    	at android.os.Binder.transact(Binder.java:1164)
                                                                                                    	at bsgz.onTransact(:com.google.android.gms@253534029@25.35.34 (190400-804595880):157)
                                                                                                    	at android.os.Binder.execTransactInternal(Binder.java:1285)
                                                                                                    	at android.os.Binder.execTransact(Binder.java:1244)
2025-09-15 11:22:25.183 12190-12375 AuthPII                 com.google.android.gms.persistent    E  Message is Long live credential not available.
                                                                                                    baic: Long live credential not available.
                                                                                                    	at adpz.a(:com.google.android.gms@253534029@25.35.34 (190400-804595880):1253)
                                                                                                    	at adqf.b(:com.google.android.gms@253534029@25.35.34 (190400-804595880):30)
                                                                                                    	at adqd.a(:com.google.android.gms@253534029@25.35.34 (190400-804595880):541)
                                                                                                    	at adqc.b(:com.google.android.gms@253534029@25.35.34 (190400-804595880):121)
                                                                                                    	at wvg.h(:com.google.android.gms@253534029@25.35.34 (190400-804595880):486)
                                                                                                    	at wvg.d(:com.google.android.gms@253534029@25.35.34 (190400-804595880):133)
                                                                                                    	at adjj.getAuthToken(:com.google.android.gms@253534029@25.35.34 (190400-804595880):412)
                                                                                                    	at android.accounts.AbstractAccountAuthenticator$Transport.getAuthToken(AbstractAccountAuthenticator.java:246)
                                                                                                    	at android.accounts.IAccountAuthenticator$Stub.onTransact(IAccountAuthenticator.java:242)
                                                                                                    	at android.os.Binder.transact(Binder.java:1164)
                                                                                                    	at ccqt.onTransact(:com.google.android.gms@253534029@25.35.34 (190400-804595880):10)
                                                                                                    	at android.os.Binder.transact(Binder.java:1164)
                                                                                                    	at bsgz.onTransact(:com.google.android.gms@253534029@25.35.34 (190400-804595880):157)
                                                                                                    	at android.os.Binder.execTransactInternal(Binder.java:1285)
                                                                                                    	at android.os.Binder.execTransact(Binder.java:1244)
2025-09-15 11:22:25.229 12190-12375 Auth                    com.google.android.gms.persistent    I  (REDACTED) [GetToken] GetToken failed for app=%s with userRecoverable status: %s 
2025-09-15 11:22:25.232 12190-12375 Auth                    com.google.android.gms.persistent    W  [ChimeraGetToken] exception while trying to fetch auth tokens for app=com.google.android.gms, scope=oauth2:https://www.googleapis.com/auth/drive https://www.googleapis.com/auth/drive.file https://www.googleapis.com/auth/drive.metadata.readonly https://www.googleapis.com/auth/drive.readonly https://docs.google.com/feeds https://docs.googleusercontent.com https://spreadsheets.google.com/feeds https://www.googleapis.com/auth/activity https://www.googleapis.com/auth/cloudprint https://www.googleapis.com/auth/discussions https://www.googleapis.com/auth/docs https://www.googleapis.com/auth/drive.apps https://www.googleapis.com/auth/drive.categories.readonly https://www.googleapis.com/auth/memento https://www.googleapis.com/auth/notifications https://www.googleapis.com/auth/spreadsheets https://www.googleapis.com/auth/vouchers https://www.googleapis.com/auth/gmail.readonly https://www.googleapis.com/auth/subscriptions https://www.googleapis.com/auth/peopleapi.readonly https://www.googleapis.com/auth/peopleapi.readwrite https://www.googleapis.com/auth/drive.activity.readonly https://www.googleapis.com/auth/cloud_search.query
                                                                                                    [CONTEXT service_id=153 ]
                                                                                                    adpy: GetToken failed with status code and recovery intent: BadAuthentication
                                                                                                    	at adqc.b(:com.google.android.gms@253534029@25.35.34 (190400-804595880):307)
                                                                                                    	at wvg.h(:com.google.android.gms@253534029@25.35.34 (190400-804595880):486)
                                                                                                    	at wvg.d(:com.google.android.gms@253534029@25.35.34 (190400-804595880):133)
                                                                                                    	at adjj.getAuthToken(:com.google.android.gms@253534029@25.35.34 (190400-804595880):412)
                                                                                                    	at android.accounts.AbstractAccountAuthenticator$Transport.getAuthToken(AbstractAccountAuthenticator.java:246)
                                                                                                    	at android.accounts.IAccountAuthenticator$Stub.onTransact(IAccountAuthenticator.java:242)
                                                                                                    	at android.os.Binder.transact(Binder.java:1164)
                                                                                                    	at ccqt.onTransact(:com.google.android.gms@253534029@25.35.34 (190400-804595880):10)
                                                                                                    	at android.os.Binder.transact(Binder.java:1164)
                                                                                                    	at bsgz.onTransact(:com.google.android.gms@253534029@25.35.34 (190400-804595880):157)
                                                                                                    	at android.os.Binder.execTransactInternal(Binder.java:1285)
                                                                                                    	at android.os.Binder.execTransact(Binder.java:1244)
2025-09-15 11:22:25.233 12190-12375 GLSActivity             com.google.android.gms.persistent    W  [GmsAccountAuthenticatorImpl] error status while fetching token:BadAuthentication
