2025-09-15 11:22:01.384  8951-8951  DiscoverSe...sOperation com.remoticom.energynodeinset        D  FINISHED
2025-09-15 11:22:01.385  8951-8951  GattConnectionService   com.remoticom.energynodeinset        D  Delay next connect attempt for 200 msec
2025-09-15 11:22:01.390  1735-1940  BluetoothRemoteDevices  com.android.bluetooth                E  RemoteException in calling IBluetoothConnectionCallback
2025-09-15 11:22:01.392  1735-2015  bt_stack                com.android.bluetooth                I  [INFO:gatt_api.cc(1045)] GATT_Deregister gatt_if=9
2025-09-15 11:22:01.416   823-823   BufferQueueProducer     surfaceflinger                       I  [com.remoticom.energynodeinset/com.remoticom.streetlighting.MainActivity#1460](this:0xb400007c3eec75a0,id:-1,api:0,p:-1,c:823) queueBuffer: fps=0.06 dur=15902.45 max=15902.45 min=15902.45
2025-09-15 11:22:01.423   823-823   HWC2                    surfaceflinger                       W  Can't query capability SkipColorTransform. Display Capabilities were not queried from HWC yet
2025-09-15 11:22:01.428   823-823   BufferQueueProducer     surfaceflinger                       I  [VDS-studio.screen.sharing:0 SCRATCH](this:0xb400007bfedeadc8,id:-1,api:1,p:823,c:823) queueBuffer: fps=0.75 dur=1341.26 max=1341.26 min=1341.26
2025-09-15 11:22:01.430   804-911   hwcomposer              and...graphics.composer@2.1-service  I  [HWCDisplay] [Display_2 (type:2)] fps:0.746128,dur:1340.25,max:1340.25,min:1340.25  
2025-09-15 11:22:01.431   804-13723 [GrallocExtra-ERROR]    and...graphics.composer@2.1-service  E  gralloc_extra_query:105 gralloc_extra_query with NULL handle: 0x0
2025-09-15 11:22:01.431   804-13723 MDP                     and...graphics.composer@2.1-service  D  DpAsyncBlit: in: job (20317 155) (288, 588, 1152, 0, C2s, P0), sec0, flush 1 Buffer 10158: plane=1 bufVA={0xe5,0x0,0x0} bufMVA={0x0,0x0,0x0} bufSize={0xa5600,0x0,0x0} proxy={0xb40000794e1f0680,0x0,0x0}fence=-1
2025-09-15 11:22:01.431   804-13723 MDP                     and...graphics.composer@2.1-service  D  DpAsyncBlit: out0: (264, 588, 288, 144, C8s, P0), misc: (X:0, Y:0, R:0, F:0, S:0, A:0, D:0), sec0, flush 0 Buffer 10158: plane=3 bufVA={0x9d,0x9d,0x9d} bufMVA={0x0,0x0,0x0} bufSize={0x29580,0xa560,0xa560} proxy={0xb40000794e1efdc0,0x0,0x0}fence=-1
2025-09-15 11:22:01.431   804-13723 MDP                     and...graphics.composer@2.1-service  D  DpAsyncBlit: crop0: (0, 0, 264, 588, 0, 0, 0, 0)
2025-09-15 11:22:01.436   823-823   BufferQueueProducer     surfaceflinger                       I  [VDS-studio.screen.sharing:0 SINK](this:0xb400007bfedead38,id:-1,api:1,p:823,c:823) queueBuffer: fps=0.74 dur=1342.65 max=1342.65 min=1342.65
2025-09-15 11:22:01.441  1267-2412  AlarmManagerService     system_server                        D  inside native alarm timerfd set Alarm Type = 2
2025-09-15 11:22:01.441  1267-2412  AlarmManagerService     system_server                        D  inside native alarm timerfd set Alarm Type = 3
2025-09-15 11:22:01.451   823-823   BufferQueueProducer     surfaceflinger                       I  [FramebufferSurface](this:0xb400007beece7af0,id:-1,api:1,p:823,c:823) queueBuffer: fps=0.75 dur=1341.60 max=1341.60 min=1341.60
2025-09-15 11:22:01.452   804-911   hwcomposer              and...graphics.composer@2.1-service  I  [HWCDisplay] [Display_0 (type:1)] fps:0.745149,dur:1342.01,max:1342.01,min:1342.01  
2025-09-15 11:22:01.459   823-823   SurfaceFlinger          surfaceflinger                       I  operator()(), mtkRenderCntDebug 12034, screenshot (com.remoticom.energynodeinset/com.remoticom.streetlighting.MainActivity#1460)
2025-09-15 11:22:01.462  1267-10050 AlarmManagerService     system_server                        D  inside native alarm timerfd set Alarm Type = 2
2025-09-15 11:22:01.463  1267-10050 AlarmManagerService     system_server                        D  inside native alarm timerfd set Alarm Type = 3
2025-09-15 11:22:01.470 12190-13751 Nearby                  com.google.android.gms.persistent    I  (REDACTED) is blocked device type %s, isAuto=%s, isIot=%s, isLatchsky=%s, isChinaWearable=%s, isTv=%s, isWearable=%s (supportWearOs=%s), isChromeOsDevice=%s (supportChromeOs=%s)
2025-09-15 11:22:01.477 12190-12190 NearbyDiscovery         com.google.android.gms.persistent    I  (REDACTED) DiscoveryService onStartCommand action: %s
2025-09-15 11:22:01.478 12190-12190 NearbyDiscovery         com.google.android.gms.persistent    I  (REDACTED) onAclChange: state=%s, %s
2025-09-15 11:22:01.480  1267-10050 haohaov                 system_server                        I  [HMDenterprise broadcastIntentLocked] intent=Intent { act=com.google.android.gms.nearby.ACTION_FAST_PAIR_DISCONNECTED pkg=com.google.android.gms (has extras) }
2025-09-15 11:22:01.589  8951-8951  GattConnectionService   com.remoticom.energynodeinset        D  Connect attempt #3
2025-09-15 11:22:01.590  8951-8951  GattConnectionService   com.remoticom.energynodeinset        D  Service state updated with ServiceState(device=DeviceImpl(uuid=00000000-0000-0000-0000-f0d78f4d8082, device=F0:D7:8F:4D:80:82, type=Bdc, serviceUuids=[a55d1c55-0088-ffff-0000-000000000000], health=null, state=null), characteristics=null, isConnecting=true, connectionStatus=Connecting, lastGattError=null)
2025-09-15 11:22:01.592  8951-8951  ConnectGattOperation    com.remoticom.energynodeinset        D  STARTED
2025-09-15 11:22:01.594  8951-8951  ConnectGattOperation    com.remoticom.energynodeinset        V  connectGatt initiated
2025-09-15 11:22:01.597  8951-8951  BluetoothGatt           com.remoticom.energynodeinset        D  connect() - device: F0:D7:8F:4D:80:82, auto: false
2025-09-15 11:22:01.598  8951-8951  BluetoothGatt           com.remoticom.energynodeinset        D  registerApp()
2025-09-15 11:22:01.598  8951-8951  BluetoothGatt           com.remoticom.energynodeinset        D  registerApp() - UUID=7f975c2b-4a8b-4432-9b1b-19875738e085
2025-09-15 11:22:01.604  1735-2015  bluetooth               com.android.bluetooth                I  GATT_Register: Allocated name:GattClient uuid:c0a99317-bc4c-d18b-c754-600be55f60b9 gatt_if:9 eatt_support:0
2025-09-15 11:22:01.606  8951-8967  BluetoothGatt           com.remoticom.energynodeinset        D  onClientRegistered() - status=0 clientIf=9
2025-09-15 11:22:01.611  8951-8951  NodeListFragment        com.remoticom.energynodeinset        D  Updating list of nodes
2025-09-15 11:22:01.613  1735-1940  bt_btif_gattc           com.android.bluetooth                I  btif_gattc_open_impl: Transport=2, device type=2, address type =0, phy=1
2025-09-15 11:22:01.613  1735-2015  bt_stack                com.android.bluetooth                I  [INFO:gatt_api.cc(1169)] GATT_Connectgatt_if=9, address=xx:xx:xx:xx:80:82, is_direct 1
2025-09-15 11:22:01.614  1735-2015  bt_stack                com.android.bluetooth                I  [INFO:gatt_attr.cc(885)] gatt_sr_init_cl_status: bda=f0:d7:8f:4d:80:82, cl_supp_feat=0000, aware=1
2025-09-15 11:22:01.614  1735-2015  bluetooth               com.android.bluetooth                I  gatt_update_app_use_link_flag: check_acl_link is false, no need to check
2025-09-15 11:22:01.615   798-798   [BT]                    and...luetooth@1.1-service-mediatek  D  mtk_bt_op: BT_VND_OP_LPM_WAKE_SET_STATE
2025-09-15 11:22:01.647   823-823   HWC2                    surfaceflinger                       W  Can't query capability SkipColorTransform. Display Capabilities were not queried from HWC yet
2025-09-15 11:22:01.653   804-13723 [GrallocExtra-ERROR]    and...graphics.composer@2.1-service  E  gralloc_extra_query:105 gralloc_extra_query with NULL handle: 0x0
2025-09-15 11:22:01.653   804-13723 MDP                     and...graphics.composer@2.1-service  D  DpAsyncBlit: in: job (20319 155) (288, 588, 1152, 0, C2s, P0), sec0, flush 0 Buffer 10159: plane=1 bufVA={0xcd,0x0,0x0} bufMVA={0x0,0x0,0x0} bufSize={0xa5600,0x0,0x0} proxy={0xb40000794e1ef410,0x0,0x0}fence=-1
2025-09-15 11:22:01.653   804-13723 MDP                     and...graphics.composer@2.1-service  D  DpAsyncBlit: out0: (264, 588, 288, 144, C8s, P0), misc: (X:0, Y:0, R:0, F:0, S:0, A:0, D:0), sec0, flush 0 Buffer 10159: plane=3 bufVA={0x9d,0x9d,0x9d} bufMVA={0x0,0x0,0x0} bufSize={0x29580,0xa560,0xa560} proxy={0xb40000794e1f0180,0x0,0x0}fence=-1
2025-09-15 11:22:01.653   804-13723 MDP                     and...graphics.composer@2.1-service  D  DpAsyncBlit: crop0: (0, 0, 264, 588, 0, 0, 0, 0)
2025-09-15 11:22:01.664   823-823   SurfaceFlinger          surfaceflinger                       I  operator()(), mtkRenderCntDebug 12035, screenshot (com.remoticom.energynodeinset/com.remoticom.streetlighting.MainActivity#1460)
2025-09-15 11:22:01.683  8951-8960  energynodeinset         com.remoticom.energynodeinset        W  Reducing the number of considered missed Gc histogram windows from 410 to 100
2025-09-15 11:22:02.167   995-2760  StNfcHal                android.hardware.nfc@1.2-service-st  D  (#02CE4) Rx 6f 02 0f (hidden)
2025-09-15 11:22:02.366  1735-2015  bluetooth               com.android.bluetooth                I  on_connection_complete: Le connection completed to device:f0:d7:8f:4d:80:82
2025-09-15 11:22:02.367  1735-2015  bt_btm_ble              com.android.bluetooth                I  btm_ble_connected: Updating device record timestamp for existing ble connection
2025-09-15 11:22:02.368   798-798   mtk.hal.bt@1.1-impl     and...luetooth@1.1-service-mediatek  D  BtHostDebugInfo
2025-09-15 11:22:02.368   798-798   [BT]                    and...luetooth@1.1-service-mediatek  D  mtk_bt_op: BT_VND_OP_SET_BTHOST
2025-09-15 11:22:02.429   995-2760  StNfcHal                android.hardware.nfc@1.2-service-st  D  (#02CE5) Rx 6f 02 27 (hidden)
2025-09-15 11:22:02.569  1735-2015  bt_btu_hcif             com.android.bluetooth                E  btu_hcif_log_event_metrics: Unexpectedly received event_code:0x0c that should not be handled here
2025-09-15 11:22:02.570  1735-2015  btm_acl                 com.android.bluetooth                I  NotifyAclLinkUp: ACL Link up
2025-09-15 11:22:02.570  1735-2015  bluetooth               com.android.bluetooth                I  client_connect_cback: No active GAP service found for peer:xx:xx:xx:xx:80:82 callback:Connected
2025-09-15 11:22:02.570  1735-2015  bt_bta_gattc            com.android.bluetooth                I  bta_gattc_conn_cback: Connected client_if:3 addr:xx:xx:xx:xx:80:82, transport:BT_TRANSPORT_LE reason:GATT_CONN_OK
2025-09-15 11:22:02.570  1735-2015  bt_bta_gattc            com.android.bluetooth                I  bta_gattc_conn_cback: Connected client_if:4 addr:xx:xx:xx:xx:80:82, transport:BT_TRANSPORT_LE reason:GATT_CONN_OK
2025-09-15 11:22:02.570  1735-2015  bt_bta_gattc            com.android.bluetooth                I  bta_gattc_conn_cback: Connected client_if:5 addr:xx:xx:xx:xx:80:82, transport:BT_TRANSPORT_LE reason:GATT_CONN_OK
2025-09-15 11:22:02.570  1735-2015  bt_bta_gattc            com.android.bluetooth                I  bta_gattc_conn_cback: Connected client_if:6 addr:xx:xx:xx:xx:80:82, transport:BT_TRANSPORT_LE reason:GATT_CONN_OK
2025-09-15 11:22:02.570  1735-2015  bt_bta_gattc            com.android.bluetooth                I  bta_gattc_conn_cback: Connected client_if:7 addr:xx:xx:xx:xx:80:82, transport:BT_TRANSPORT_LE reason:GATT_CONN_OK
2025-09-15 11:22:02.570  1735-2015  bt_bta_gattc            com.android.bluetooth                I  bta_gattc_conn_cback: Connected client_if:8 addr:xx:xx:xx:xx:80:82, transport:BT_TRANSPORT_LE reason:GATT_CONN_OK
2025-09-15 11:22:02.571  1735-2015  bt_bta_gattc            com.android.bluetooth                I  bta_gattc_conn_cback: Connected client_if:9 addr:xx:xx:xx:xx:80:82, transport:BT_TRANSPORT_LE reason:GATT_CONN_OK
2025-09-15 11:22:02.571  1735-2015  bt_bta_gattc            com.android.bluetooth                I  bta_gattc_conn_cback: Connected client_if:10 addr:xx:xx:xx:xx:80:82, transport:BT_TRANSPORT_LE reason:GATT_CONN_OK
2025-09-15 11:22:02.571  1735-2015  bt_bta_gattc            com.android.bluetooth                I  bta_gattc_conn_cback: Connected client_if:11 addr:xx:xx:xx:xx:80:82, transport:BT_TRANSPORT_LE reason:GATT_CONN_OK
2025-09-15 11:22:02.571  1735-2015  bt_bta_gattc            com.android.bluetooth                I  bta_gattc_conn_cback: Connected client_if:12 addr:xx:xx:xx:xx:80:82, transport:BT_TRANSPORT_LE reason:GATT_CONN_OK
2025-09-15 11:22:02.571  1735-2015  bt_bta_gattc            com.android.bluetooth                I  bta_gattc_conn_cback: Connected client_if:13 addr:xx:xx:xx:xx:80:82, transport:BT_TRANSPORT_LE reason:GATT_CONN_OK
2025-09-15 11:22:02.571  1735-2015  bluetooth               com.android.bluetooth                I  on_connection_complete: Le connection completed to device:f0:d7:8f:4d:80:82
2025-09-15 11:22:02.571  1735-2015  bluetooth               com.android.bluetooth                I  GATT_SetIdleTimeout: idle_timeout=65535, status=1, (1-OK 0-not performed)
2025-09-15 11:22:02.571  1735-2015  bt_stack                com.android.bluetooth                I  [INFO:eatt_impl.h(644)] connect device f0:d7:8f:4d:80:82 rolecentral
2025-09-15 11:22:02.571  1735-2015  bluetooth               com.android.bluetooth                I  attp_cl_send_cmd: Sending ATT command to l2cap cid:0x0004 eatt_channels:0 transport:BT_TRANSPORT_LE
2025-09-15 11:22:02.572  1735-2015  bluetooth               com.android.bluetooth                I  attp_cl_send_cmd: Starting ATT response timer
2025-09-15 11:22:02.572  1735-2015  bt_bta_dm               com.android.bluetooth                I  bta_dm_acl_up: bta_dm_acl_up
2025-09-15 11:22:02.572  1735-2015  btm_acl                 com.android.bluetooth                W  acl_peer_supports_sniff_subrating: Unable to find active acl
2025-09-15 11:22:02.572  1735-2015  bta_gattc_main          com.android.bluetooth                E  bta_gattc_hdl_event: Ignore unknown conn ID: 3
2025-09-15 11:22:02.573  1735-2015  bta_gattc_main          com.android.bluetooth                E  bta_gattc_hdl_event: Ignore unknown conn ID: 4
2025-09-15 11:22:02.573  1735-2015  bta_gattc_main          com.android.bluetooth                E  bta_gattc_hdl_event: Ignore unknown conn ID: 5
2025-09-15 11:22:02.573  1735-2015  bta_gattc_main          com.android.bluetooth                E  bta_gattc_hdl_event: Ignore unknown conn ID: 6
2025-09-15 11:22:02.573  1735-2015  bta_gattc_main          com.android.bluetooth                E  bta_gattc_hdl_event: Ignore unknown conn ID: 7
2025-09-15 11:22:02.573  1735-2015  bta_gattc_main          com.android.bluetooth                E  bta_gattc_hdl_event: Ignore unknown conn ID: 8
2025-09-15 11:22:02.573  1735-2015  bt_stack                com.android.bluetooth                I  [INFO:bta_gattc_db_storage.cc(159)] bta_gattc_cache_load: load cache: /data/misc/bluetooth/gatt_cache_f0d78f4d8082
2025-09-15 11:22:02.574  1735-2015  bt_stack                com.android.bluetooth                E  [ERROR:bta_gattc_db_storage.cc(80)] bta_gattc_load_db: can't open GATT cache file /data/misc/bluetooth/gatt_cache_f0d78f4d8082 for reading, error: No such file or directory
2025-09-15 11:22:02.574  1735-1940  BluetoothDatabase       com.android.bluetooth                V  getProfileConnectionPolicy: device XX:XX:XX:4D:80:82 profile=BATTERY, connectionPolicy=-1
2025-09-15 11:22:02.574  1735-1940  BatteryService          com.android.bluetooth                E  Cannot connect to xx:xx:xx:xx:80:82 : Remote does not have Battery UUID
2025-09-15 11:22:02.574  1735-2015  bt_stack                com.android.bluetooth                I  [INFO:gatt_api.cc(711)] GATTC_Discover conn_id=0x0009, disc_type=1, s_handle=0x0001, e_handle=0xffff
2025-09-15 11:22:02.574  1735-2015  bt_stack                com.android.bluetooth                I  [INFO:gatt_cl.cc(101)] gatt_act_discovery opcode: 0x10
2025-09-15 11:22:02.575  1735-2015  bluetooth               com.android.bluetooth                I  attp_cl_send_cmd: Enqueued ATT command
2025-09-15 11:22:02.575  1735-2015  bta_gattc_main          com.android.bluetooth                E  bta_gattc_hdl_event: Ignore unknown conn ID: 10
2025-09-15 11:22:02.575  1735-2015  bta_gattc_main          com.android.bluetooth                E  bta_gattc_hdl_event: Ignore unknown conn ID: 11
2025-09-15 11:22:02.575  1735-2015  bta_gattc_main          com.android.bluetooth                E  bta_gattc_hdl_event: Ignore unknown conn ID: 12
2025-09-15 11:22:02.575  1735-2015  bta_gattc_main          com.android.bluetooth                E  bta_gattc_hdl_event: Ignore unknown conn ID: 13
2025-09-15 11:22:02.578   798-798   mtk.hal.bt@1.1-impl     and...luetooth@1.1-service-mediatek  D  BtHostDebugInfo
2025-09-15 11:22:02.578   798-798   [BT]                    and...luetooth@1.1-service-mediatek  D  mtk_bt_op: BT_VND_OP_SET_BTHOST
2025-09-15 11:22:02.581  1267-1388  haohaov                 system_server                        I  [HMDenterprise broadcastIntentLocked] intent=Intent { act=android.bluetooth.device.action.ACL_CONNECTED flg=0x5000000 (has extras) }
2025-09-15 11:22:02.583  1735-1940  BluetoothRemoteDevices  com.android.bluetooth                E  RemoteException in calling IBluetoothConnectionCallback
2025-09-15 11:22:02.584  1735-1940  BluetoothRemoteDevices  com.android.bluetooth                E  RemoteException in calling IBluetoothConnectionCallback
2025-09-15 11:22:02.584  1735-1940  BluetoothRemoteDevices  com.android.bluetooth                E  RemoteException in calling IBluetoothConnectionCallback
2025-09-15 11:22:02.584  1735-1940  BtGatt.GattService      com.android.bluetooth                D  onConnected() - adding permit for address=F0:D7:8F:4D:80:82
2025-09-15 11:22:02.585  1601-1711  BluetoothEventManager   com.android.systemui                 W  AclStateChangedHandler: activeDevice is null
2025-09-15 11:22:02.585  8951-8967  BluetoothGatt           com.remoticom.energynodeinset        D  onClientConnectionState() - status=0 clientIf=9 device=F0:D7:8F:4D:80:82
2025-09-15 11:22:02.586  8951-8967  ConnectGattOperation    com.remoticom.energynodeinset        V  onConnectionStateChange called
2025-09-15 11:22:02.586  8951-8967  GattConnectionService   com.remoticom.energynodeinset        D  Device connected, checking permissions and requesting MTU...
2025-09-15 11:22:02.586  8951-8967  GattConnectionService   com.remoticom.energynodeinset        D  Requesting MTU...
2025-09-15 11:22:02.586  8951-8967  BluetoothGatt           com.remoticom.energynodeinset        D  configureMTU() - device: F0:D7:8F:4D:80:82 mtu: 517
2025-09-15 11:22:02.587  1735-1735  BluetoothDatabase       com.android.bluetooth                D  setConnection: device XX:XX:XX:4D:80:82 and isA2dpDevice=false
2025-09-15 11:22:02.588  1735-1735  BluetoothDatabase       com.android.bluetooth                D  Updating last connected time for device: XX:XX:XX:4D:80:82 to 157
2025-09-15 11:22:02.588  1735-1735  BluetoothDatabase       com.android.bluetooth                D  updateDatabase XX:XX:XX:4D:80:82
2025-09-15 11:22:02.590  8951-8967  GattConnectionService   com.remoticom.energynodeinset        D  MTU request sent successfully
2025-09-15 11:22:02.591  8951-8967  GattConnectionService   com.remoticom.energynodeinset        D  state = Connected, error = null
2025-09-15 11:22:02.591  8951-8967  GattConnectionService   com.remoticom.energynodeinset        D  Service state updated with ServiceState(device=DeviceImpl(uuid=00000000-0000-0000-0000-f0d78f4d8082, device=F0:D7:8F:4D:80:82, type=Bdc, serviceUuids=[a55d1c55-0088-ffff-0000-000000000000], health=null, state=null), characteristics=null, isConnecting=true, connectionStatus=Connected, lastGattError=null)
2025-09-15 11:22:02.595  8951-8951  NodeListFragment        com.remoticom.energynodeinset        D  Updating list of nodes
2025-09-15 11:22:02.595  8951-8951  ConnectGattOperation    com.remoticom.energynodeinset        D  FINISHED
2025-09-15 11:22:02.596  8951-8951  DiscoverSe...sOperation com.remoticom.energynodeinset        D  STARTED
2025-09-15 11:22:02.596  8951-8951  DiscoverSe...sOperation com.remoticom.energynodeinset        V  discoverServices initiated
2025-09-15 11:22:02.596  8951-8951  BluetoothGatt           com.remoticom.energynodeinset        D  discoverServices() - device: F0:D7:8F:4D:80:82
2025-09-15 11:22:02.601  1735-2015  bt_stack                com.android.bluetooth                E  [ERROR:bta_gattc_utils.cc(333)] bta_gattc_enqueue: already has a pending command
2025-09-15 11:22:02.612 12294-12294 GH.WifiBluetoothRcvr    com...e.android.projection.gearhead  I  Connection action: android.bluetooth.device.action.ACL_CONNECTED, device F0:D7:8F:4D:80:82
2025-09-15 11:22:02.614 12294-12294 GH.WifiBluetoothRcvr    com...e.android.projection.gearhead  I  Wireless projection is available on this phone.
2025-09-15 11:22:02.619 12294-13737 CAR.BTCapsStore         com...e.android.projection.gearhead  W  Device not bonded, thus it's not currently AAW capable.
2025-09-15 11:22:02.619 12294-13737 CAR.BTCapsStore         com...e.android.projection.gearhead  I  AAW status (NOT_BONDED).
2025-09-15 11:22:02.627   823-823   BufferQueueProducer     surfaceflinger                       I  [com.remoticom.energynodeinset/com.remoticom.streetlighting.MainActivity#1460](this:0xb400007c3eec75a0,id:-1,api:0,p:-1,c:823) queueBuffer: fps=1.65 dur=1211.17 max=985.73 min=225.44
2025-09-15 11:22:02.631   823-823   HWC2                    surfaceflinger                       W  Can't query capability SkipColorTransform. Display Capabilities were not queried from HWC yet
2025-09-15 11:22:02.635   823-823   BufferQueueProducer     surfaceflinger                       I  [VDS-studio.screen.sharing:0 SCRATCH](this:0xb400007bfedeadc8,id:-1,api:1,p:823,c:823) queueBuffer: fps=1.66 dur=1206.47 max=983.42 min=223.05
2025-09-15 11:22:02.636   804-911   hwcomposer              and...graphics.composer@2.1-service  I  [HWCDisplay] [Display_2 (type:2)] fps:1.657692,dur:1206.50,max:983.77,min:222.73  
2025-09-15 11:22:02.637   804-13723 [GrallocExtra-ERROR]    and...graphics.composer@2.1-service  E  gralloc_extra_query:105 gralloc_extra_query with NULL handle: 0x0
2025-09-15 11:22:02.637   804-13723 MDP                     and...graphics.composer@2.1-service  D  DpAsyncBlit: in: job (20321 176) (288, 588, 1152, 0, C2s, P0), sec0, flush 1 Buffer 10160: plane=1 bufVA={0xe1,0x0,0x0} bufMVA={0x0,0x0,0x0} bufSize={0xa5600,0x0,0x0} proxy={0xb40000794e1f0d60,0x0,0x0}fence=-1
2025-09-15 11:22:02.637   804-13723 MDP                     and...graphics.composer@2.1-service  D  DpAsyncBlit: out0: (264, 588, 288, 144, C8s, P0), misc: (X:0, Y:0, R:0, F:0, S:0, A:0, D:0), sec0, flush 0 Buffer 10160: plane=3 bufVA={0xb2,0xb2,0xb2} bufMVA={0x0,0x0,0x0} bufSize={0x29580,0xa560,0xa560} proxy={0xb40000794e1f1030,0x0,0x0}fence=-1
2025-09-15 11:22:02.637   804-13723 MDP                     and...graphics.composer@2.1-service  D  DpAsyncBlit: crop0: (0, 0, 264, 588, 0, 0, 0, 0)
2025-09-15 11:22:02.638 12294-13737 GH.CarSvcDataStorage    com...e.android.projection.gearhead  I  Using DB version: 13
2025-09-15 11:22:02.639   823-823   BufferQueueProducer     surfaceflinger                       I  [VDS-studio.screen.sharing:0 SINK](this:0xb400007bfedead38,id:-1,api:1,p:823,c:823) queueBuffer: fps=1.66 dur=1203.40 max=984.92 min=218.48
2025-09-15 11:22:02.644   823-823   BufferQueueProducer     surfaceflinger                       I  [FramebufferSurface](this:0xb400007beece7af0,id:-1,api:1,p:823,c:823) queueBuffer: fps=1.68 dur=1193.63 max=983.69 min=209.94
2025-09-15 11:22:02.644 12190-13751 Nearby                  com.google.android.gms.persistent    I  (REDACTED) is blocked device type %s, isAuto=%s, isIot=%s, isLatchsky=%s, isChinaWearable=%s, isTv=%s, isWearable=%s (supportWearOs=%s), isChromeOsDevice=%s (supportChromeOs=%s)
2025-09-15 11:22:02.645   804-911   hwcomposer              and...graphics.composer@2.1-service  I  [HWCDisplay] [Display_0 (type:1)] fps:1.676630,dur:1192.87,max:983.64,min:209.23  
2025-09-15 11:22:02.647   823-823   SurfaceFlinger          surfaceflinger                       I  operator()(), mtkRenderCntDebug 12036, screenshot (com.remoticom.energynodeinset/com.remoticom.streetlighting.MainActivity#1460)
2025-09-15 11:22:02.651 12190-12190 NearbyDiscovery         com.google.android.gms.persistent    I  (REDACTED) DiscoveryService onStartCommand action: %s
2025-09-15 11:22:02.652 12190-12190 NearbyDiscovery         com.google.android.gms.persistent    I  (REDACTED) onAclChange: state=%s, %s
2025-09-15 11:22:02.653 12294-13737 CAR.BTCapsStore         com...e.android.projection.gearhead  W  Device not bonded, thus it's not currently AAW capable.
2025-09-15 11:22:02.654 12294-13737 CAR.BTCapsStore         com...e.android.projection.gearhead  I  AAW status (NOT_BONDED).
2025-09-15 11:22:02.657  1267-1520  ConnectivityService     system_server                        D  NetReassign [no changes] [c 1] [a 3] [i 10]
2025-09-15 11:22:02.661 12190-12521 NearbyDiscovery         com.google.android.gms.persistent    I  (REDACTED) FastPair: lock scan rate if needed, %s, bondState=%s
2025-09-15 11:22:02.812  1735-2015  bt_stack                com.android.bluetooth                I  [INFO:gatt_cl.cc(1194)] gatt_client_handle_server_rsp opcode: 0x01
2025-09-15 11:22:02.813  1735-2015  bt_stack                com.android.bluetooth                I  [INFO:gatt_cl.cc(533)] gatt_process_error_rsp
2025-09-15 11:22:02.813  1735-2015  bt_stack                com.android.bluetooth                I  [INFO:gatt_utils.cc(1500)] gatt_end_operation status=10 op=2 subtype=1
2025-09-15 11:22:02.813  1735-2015  bt_stack                com.android.bluetooth                I  [INFO:eatt_impl.h(587)] supported_features_cb f0:d7:8f:4d:80:82 is_eatt_supported = 0
2025-09-15 11:22:02.911  1735-2015  bt_stack                com.android.bluetooth                I  [INFO:gatt_cl.cc(1194)] gatt_client_handle_server_rsp opcode: 0x11
2025-09-15 11:22:02.911  1735-2015  bt_stack                com.android.bluetooth                I  [INFO:gatt_cl.cc(799)] gatt_process_read_by_type_rspop=1 subtype=1
2025-09-15 11:22:02.911  1735-2015  bt_stack                com.android.bluetooth                I  [INFO:bta_gattc_cache.cc(437)] bta_gattc_disc_res_cback: disc_type=1 p_data->handle=0x0001 e_handle=0x0004 service_type=00001801-0000-1000-8000-00805f9b34fb
2025-09-15 11:22:02.912  1735-2015  bt_stack                com.android.bluetooth                I  [INFO:bta_gattc_cache.cc(437)] bta_gattc_disc_res_cback: disc_type=1 p_data->handle=0x0005 e_handle=0x000b service_type=00001800-0000-1000-8000-00805f9b34fb
2025-09-15 11:22:02.912  1735-2015  bt_stack                com.android.bluetooth                I  [INFO:gatt_cl.cc(983)] gatt_process_read_by_type_rsp: initiate another discovery request
2025-09-15 11:22:02.912  1735-2015  bt_stack                com.android.bluetooth                I  [INFO:gatt_cl.cc(101)] gatt_act_discovery opcode: 0x10
2025-09-15 11:22:02.912  1735-2015  bluetooth               com.android.bluetooth                I  attp_cl_send_cmd: Sending ATT command to l2cap cid:0x0004 eatt_channels:0 transport:BT_TRANSPORT_LE
2025-09-15 11:22:02.912  1735-2015  bluetooth               com.android.bluetooth                I  attp_cl_send_cmd: Starting ATT response timer
2025-09-15 11:22:03.013  1735-2015  bt_stack                com.android.bluetooth                I  [INFO:gatt_cl.cc(1194)] gatt_client_handle_server_rsp opcode: 0x11
2025-09-15 11:22:03.013  1735-2015  bt_stack                com.android.bluetooth                I  [INFO:gatt_cl.cc(799)] gatt_process_read_by_type_rspop=1 subtype=1
2025-09-15 11:22:03.014  1735-2015  bt_stack                com.android.bluetooth                I  [INFO:bta_gattc_cache.cc(437)] bta_gattc_disc_res_cback: disc_type=1 p_data->handle=0x000c e_handle=0x0010 service_type=a55d1c55-0088-0000-0000-f0d78f4d8082
2025-09-15 11:22:03.014  8951-8967  BluetoothGatt           com.remoticom.energynodeinset        D  onConnectionUpdated() - Device=F0:D7:8F:4D:80:82 interval=6 latency=0 timeout=500 status=0
2025-09-15 11:22:03.014  1735-2015  bt_stack                com.android.bluetooth                I  [INFO:gatt_cl.cc(983)] gatt_process_read_by_type_rsp: initiate another discovery request
2025-09-15 11:22:03.014  1735-2015  bt_stack                com.android.bluetooth                I  [INFO:gatt_cl.cc(101)] gatt_act_discovery opcode: 0x10
2025-09-15 11:22:03.014  1735-2015  bluetooth               com.android.bluetooth                I  attp_cl_send_cmd: Sending ATT command to l2cap cid:0x0004 eatt_channels:0 transport:BT_TRANSPORT_LE
2025-09-15 11:22:03.015  1735-2015  bluetooth               com.android.bluetooth                I  attp_cl_send_cmd: Starting ATT response timer
2025-09-15 11:22:03.033  1735-2015  bt_stack                com.android.bluetooth                I  [INFO:gatt_cl.cc(1194)] gatt_client_handle_server_rsp opcode: 0x11
2025-09-15 11:22:03.033  1735-2015  bt_stack                com.android.bluetooth                I  [INFO:gatt_cl.cc(799)] gatt_process_read_by_type_rspop=1 subtype=1
2025-09-15 11:22:03.034  1735-2015  bt_stack                com.android.bluetooth                I  [INFO:bta_gattc_cache.cc(437)] bta_gattc_disc_res_cback: disc_type=1 p_data->handle=0x0011 e_handle=0x0017 service_type=a55d1c55-0088-0001-0000-f0d78f4d8082
2025-09-15 11:22:03.034  1735-2015  bt_stack                com.android.bluetooth                I  [INFO:gatt_cl.cc(983)] gatt_process_read_by_type_rsp: initiate another discovery request
2025-09-15 11:22:03.034  1735-2015  bt_stack                com.android.bluetooth                I  [INFO:gatt_cl.cc(101)] gatt_act_discovery opcode: 0x10
2025-09-15 11:22:03.034  1735-2015  bluetooth               com.android.bluetooth                I  attp_cl_send_cmd: Sending ATT command to l2cap cid:0x0004 eatt_channels:0 transport:BT_TRANSPORT_LE
2025-09-15 11:22:03.035  1735-2015  bluetooth               com.android.bluetooth                I  attp_cl_send_cmd: Starting ATT response timer
2025-09-15 11:22:03.048  1735-2015  bt_stack                com.android.bluetooth                I  [INFO:gatt_cl.cc(1194)] gatt_client_handle_server_rsp opcode: 0x11
2025-09-15 11:22:03.048  1735-2015  bt_stack                com.android.bluetooth                I  [INFO:gatt_cl.cc(799)] gatt_process_read_by_type_rspop=1 subtype=1
2025-09-15 11:22:03.048  1735-2015  bt_stack                com.android.bluetooth                I  [INFO:bta_gattc_cache.cc(437)] bta_gattc_disc_res_cback: disc_type=1 p_data->handle=0x0018 e_handle=0x0020 service_type=a55d1c55-0088-0003-0000-f0d78f4d8082
2025-09-15 11:22:03.048  1735-2015  bt_stack                com.android.bluetooth                I  [INFO:gatt_cl.cc(983)] gatt_process_read_by_type_rsp: initiate another discovery request
2025-09-15 11:22:03.048  1735-2015  bt_stack                com.android.bluetooth                I  [INFO:gatt_cl.cc(101)] gatt_act_discovery opcode: 0x10
2025-09-15 11:22:03.048  1735-2015  bluetooth               com.android.bluetooth                I  attp_cl_send_cmd: Sending ATT command to l2cap cid:0x0004 eatt_channels:0 transport:BT_TRANSPORT_LE
2025-09-15 11:22:03.049  1735-2015  bluetooth               com.android.bluetooth                I  attp_cl_send_cmd: Starting ATT response timer
2025-09-15 11:22:03.055   995-2760  StNfcHal                android.hardware.nfc@1.2-service-st  D  (#02CE6) Rx 6f 02 0f (hidden)
2025-09-15 11:22:03.062  1735-2015  bt_stack                com.android.bluetooth                I  [INFO:gatt_cl.cc(1194)] gatt_client_handle_server_rsp opcode: 0x11
2025-09-15 11:22:03.062  1735-2015  bt_stack                com.android.bluetooth                I  [INFO:gatt_cl.cc(799)] gatt_process_read_by_type_rspop=1 subtype=1
2025-09-15 11:22:03.062  1735-2015  bt_stack                com.android.bluetooth                I  [INFO:bta_gattc_cache.cc(437)] bta_gattc_disc_res_cback: disc_type=1 p_data->handle=0x0021 e_handle=0x0025 service_type=a55d1c55-0088-0004-0000-f0d78f4d8082
2025-09-15 11:22:03.063  1735-2015  bt_stack                com.android.bluetooth                I  [INFO:gatt_cl.cc(983)] gatt_process_read_by_type_rsp: initiate another discovery request
2025-09-15 11:22:03.063  1735-2015  bt_stack                com.android.bluetooth                I  [INFO:gatt_cl.cc(101)] gatt_act_discovery opcode: 0x10
2025-09-15 11:22:03.063  1735-2015  bluetooth               com.android.bluetooth                I  attp_cl_send_cmd: Sending ATT command to l2cap cid:0x0004 eatt_channels:0 transport:BT_TRANSPORT_LE
2025-09-15 11:22:03.063  1735-2015  bluetooth               com.android.bluetooth                I  attp_cl_send_cmd: Starting ATT response timer
2025-09-15 11:22:03.078  1735-2015  bt_stack                com.android.bluetooth                I  [INFO:gatt_cl.cc(1194)] gatt_client_handle_server_rsp opcode: 0x11
2025-09-15 11:22:03.078  1735-2015  bt_stack                com.android.bluetooth                I  [INFO:gatt_cl.cc(799)] gatt_process_read_by_type_rspop=1 subtype=1
2025-09-15 11:22:03.078  1735-2015  bt_stack                com.android.bluetooth                I  [INFO:bta_gattc_cache.cc(437)] bta_gattc_disc_res_cback: disc_type=1 p_data->handle=0x0026 e_handle=0x002a service_type=a55d1c55-0088-0009-0000-f0d78f4d8082
2025-09-15 11:22:03.078  1735-2015  bt_stack                com.android.bluetooth                I  [INFO:gatt_cl.cc(983)] gatt_process_read_by_type_rsp: initiate another discovery request
2025-09-15 11:22:03.078  1735-2015  bt_stack                com.android.bluetooth                I  [INFO:gatt_cl.cc(101)] gatt_act_discovery opcode: 0x10
2025-09-15 11:22:03.079  1735-2015  bluetooth               com.android.bluetooth                I  attp_cl_send_cmd: Sending ATT command to l2cap cid:0x0004 eatt_channels:0 transport:BT_TRANSPORT_LE
2025-09-15 11:22:03.079  1735-2015  bluetooth               com.android.bluetooth                I  attp_cl_send_cmd: Starting ATT response timer
2025-09-15 11:22:03.093  1735-2015  bt_stack                com.android.bluetooth                I  [INFO:gatt_cl.cc(1194)] gatt_client_handle_server_rsp opcode: 0x11
2025-09-15 11:22:03.093  1735-2015  bt_stack                com.android.bluetooth                I  [INFO:gatt_cl.cc(799)] gatt_process_read_by_type_rspop=1 subtype=1
2025-09-15 11:22:03.093  1735-2015  bt_stack                com.android.bluetooth                I  [INFO:bta_gattc_cache.cc(437)] bta_gattc_disc_res_cback: disc_type=1 p_data->handle=0x002b e_handle=0x002d service_type=a55d1c55-0088-000a-0000-f0d78f4d8082
2025-09-15 11:22:03.094  1735-2015  bt_stack                com.android.bluetooth                I  [INFO:gatt_cl.cc(983)] gatt_process_read_by_type_rsp: initiate another discovery request
2025-09-15 11:22:03.094  1735-2015  bt_stack                com.android.bluetooth                I  [INFO:gatt_cl.cc(101)] gatt_act_discovery opcode: 0x10
2025-09-15 11:22:03.094  1735-2015  bluetooth               com.android.bluetooth                I  attp_cl_send_cmd: Sending ATT command to l2cap cid:0x0004 eatt_channels:0 transport:BT_TRANSPORT_LE
2025-09-15 11:22:03.094  1735-2015  bluetooth               com.android.bluetooth                I  attp_cl_send_cmd: Starting ATT response timer
2025-09-15 11:22:03.096 11729-11729 ThreadPoolForeg         com.google.android.gms.unstable      W  type=1400 audit(0.0:21784): avc: denied { write } for name="traced_producer" dev="tmpfs" ino=21781 scontext=u:r:gmscore_app:s0:c512,c768 tcontext=u:object_r:traced_producer_socket:s0 tclass=sock_file permissive=0 app=com.google.android.gms
2025-09-15 11:22:03.108  1735-2015  bt_stack                com.android.bluetooth                I  [INFO:gatt_cl.cc(1194)] gatt_client_handle_server_rsp opcode: 0x01
2025-09-15 11:22:03.108  1735-2015  bt_stack                com.android.bluetooth                I  [INFO:gatt_cl.cc(533)] gatt_process_error_rsp
2025-09-15 11:22:03.108  1735-2015  bt_stack                com.android.bluetooth                I  [INFO:gatt_utils.cc(1500)] gatt_end_operation status=0 op=1 subtype=1
2025-09-15 11:22:03.108  1735-2015  bt_stack                com.android.bluetooth                I  [INFO:bta_gattc_cache.cc(500)] bta_gattc_disc_cmpl_cback: disc_type=1
2025-09-15 11:22:03.109  1735-2015  bt_stack                com.android.bluetooth                I  [INFO:gatt_api.cc(711)] GATTC_Discover conn_id=0x0009, disc_type=3, s_handle=0x0001, e_handle=0x0004
2025-09-15 11:22:03.109  1735-2015  bt_stack                com.android.bluetooth                I  [INFO:gatt_cl.cc(101)] gatt_act_discovery opcode: 0x08
2025-09-15 11:22:03.109  1735-2015  bluetooth               com.android.bluetooth                I  attp_cl_send_cmd: Sending ATT command to l2cap cid:0x0004 eatt_channels:0 transport:BT_TRANSPORT_LE
2025-09-15 11:22:03.109  1735-2015  bluetooth               com.android.bluetooth                I  attp_cl_send_cmd: Starting ATT response timer
2025-09-15 11:22:03.123  1735-2015  bt_stack                com.android.bluetooth                I  [INFO:gatt_cl.cc(1194)] gatt_client_handle_server_rsp opcode: 0x01
2025-09-15 11:22:03.123  1735-2015  bt_stack                com.android.bluetooth                I  [INFO:gatt_cl.cc(533)] gatt_process_error_rsp
2025-09-15 11:22:03.123  1735-2015  bt_stack                com.android.bluetooth                I  [INFO:gatt_utils.cc(1500)] gatt_end_operation status=0 op=1 subtype=3
2025-09-15 11:22:03.123  1735-2015  bt_stack                com.android.bluetooth                I  [INFO:bta_gattc_cache.cc(500)] bta_gattc_disc_cmpl_cback: disc_type=3
2025-09-15 11:22:03.124  1735-2015  bt_stack                com.android.bluetooth                I  [INFO:gatt_api.cc(711)] GATTC_Discover conn_id=0x0009, disc_type=4, s_handle=0x0001, e_handle=0x0004
2025-09-15 11:22:03.124  1735-2015  bt_stack                com.android.bluetooth                I  [INFO:gatt_cl.cc(101)] gatt_act_discovery opcode: 0x08
2025-09-15 11:22:03.124  1735-2015  bluetooth               com.android.bluetooth                I  attp_cl_send_cmd: Sending ATT command to l2cap cid:0x0004 eatt_channels:0 transport:BT_TRANSPORT_LE
2025-09-15 11:22:03.124  1735-2015  bluetooth               com.android.bluetooth                I  attp_cl_send_cmd: Starting ATT response timer
2025-09-15 11:22:03.137  1735-2015  bt_stack                com.android.bluetooth                I  [INFO:gatt_cl.cc(1194)] gatt_client_handle_server_rsp opcode: 0x09
2025-09-15 11:22:03.138  1735-2015  bt_stack                com.android.bluetooth                I  [INFO:gatt_cl.cc(799)] gatt_process_read_by_type_rspop=1 subtype=4
2025-09-15 11:22:03.138  1735-2015  bt_stack                com.android.bluetooth                I  [INFO:gatt_cl.cc(983)] gatt_process_read_by_type_rsp: initiate another discovery request
2025-09-15 11:22:03.138  1735-2015  bt_stack                com.android.bluetooth                I  [INFO:gatt_cl.cc(101)] gatt_act_discovery opcode: 0x08
2025-09-15 11:22:03.138  1735-2015  bluetooth               com.android.bluetooth                I  attp_cl_send_cmd: Sending ATT command to l2cap cid:0x0004 eatt_channels:0 transport:BT_TRANSPORT_LE
2025-09-15 11:22:03.138  1735-2015  bluetooth               com.android.bluetooth                I  attp_cl_send_cmd: Starting ATT response timer
2025-09-15 11:22:03.153  1735-2015  bt_stack                com.android.bluetooth                I  [INFO:gatt_cl.cc(1194)] gatt_client_handle_server_rsp opcode: 0x01
2025-09-15 11:22:03.153  1735-2015  bt_stack                com.android.bluetooth                I  [INFO:gatt_cl.cc(533)] gatt_process_error_rsp
2025-09-15 11:22:03.153  1735-2015  bt_stack                com.android.bluetooth                I  [INFO:gatt_utils.cc(1500)] gatt_end_operation status=0 op=1 subtype=4
2025-09-15 11:22:03.153  1735-2015  bt_stack                com.android.bluetooth                I  [INFO:bta_gattc_cache.cc(500)] bta_gattc_disc_cmpl_cback: disc_type=4
2025-09-15 11:22:03.154  1735-2015  bt_stack                com.android.bluetooth                I  [INFO:gatt_api.cc(711)] GATTC_Discover conn_id=0x0009, disc_type=5, s_handle=0x0004, e_handle=0x0004
2025-09-15 11:22:03.154  1735-2015  bt_stack                com.android.bluetooth                I  [INFO:gatt_cl.cc(101)] gatt_act_discovery opcode: 0x04
2025-09-15 11:22:03.154  1735-2015  bluetooth               com.android.bluetooth                I  attp_cl_send_cmd: Sending ATT command to l2cap cid:0x0004 eatt_channels:0 transport:BT_TRANSPORT_LE
2025-09-15 11:22:03.154  1735-2015  bluetooth               com.android.bluetooth                I  attp_cl_send_cmd: Starting ATT response timer
2025-09-15 11:22:03.168  1735-2015  bt_stack                com.android.bluetooth                I  [INFO:gatt_cl.cc(1194)] gatt_client_handle_server_rsp opcode: 0x05
2025-09-15 11:22:03.168  1735-2015  bt_stack                com.android.bluetooth                I  [INFO:gatt_utils.cc(1500)] gatt_end_operation status=0 op=1 subtype=5
2025-09-15 11:22:03.168  1735-2015  bt_stack                com.android.bluetooth                I  [INFO:bta_gattc_cache.cc(500)] bta_gattc_disc_cmpl_cback: disc_type=5
2025-09-15 11:22:03.168  1735-2015  bt_stack                com.android.bluetooth                I  [INFO:gatt_api.cc(711)] GATTC_Discover conn_id=0x0009, disc_type=3, s_handle=0x0005, e_handle=0x000b
2025-09-15 11:22:03.168  1735-2015  bt_stack                com.android.bluetooth                I  [INFO:gatt_cl.cc(101)] gatt_act_discovery opcode: 0x08
2025-09-15 11:22:03.168  1735-2015  bluetooth               com.android.bluetooth                I  attp_cl_send_cmd: Sending ATT command to l2cap cid:0x0004 eatt_channels:0 transport:BT_TRANSPORT_LE
2025-09-15 11:22:03.169  1735-2015  bluetooth               com.android.bluetooth                I  attp_cl_send_cmd: Starting ATT response timer
2025-09-15 11:22:03.183  1735-2015  bt_stack                com.android.bluetooth                I  [INFO:gatt_cl.cc(1194)] gatt_client_handle_server_rsp opcode: 0x01
2025-09-15 11:22:03.183  1735-2015  bt_stack                com.android.bluetooth                I  [INFO:gatt_cl.cc(533)] gatt_process_error_rsp
2025-09-15 11:22:03.183  1735-2015  bt_stack                com.android.bluetooth                I  [INFO:gatt_utils.cc(1500)] gatt_end_operation status=0 op=1 subtype=3
2025-09-15 11:22:03.184  1735-2015  bt_stack                com.android.bluetooth                I  [INFO:bta_gattc_cache.cc(500)] bta_gattc_disc_cmpl_cback: disc_type=3
2025-09-15 11:22:03.184  1735-2015  bt_stack                com.android.bluetooth                I  [INFO:gatt_api.cc(711)] GATTC_Discover conn_id=0x0009, disc_type=4, s_handle=0x0005, e_handle=0x000b
2025-09-15 11:22:03.184  1735-2015  bt_stack                com.android.bluetooth                I  [INFO:gatt_cl.cc(101)] gatt_act_discovery opcode: 0x08
2025-09-15 11:22:03.184  1735-2015  bluetooth               com.android.bluetooth                I  attp_cl_send_cmd: Sending ATT command to l2cap cid:0x0004 eatt_channels:0 transport:BT_TRANSPORT_LE
2025-09-15 11:22:03.184  1735-2015  bluetooth               com.android.bluetooth                I  attp_cl_send_cmd: Starting ATT response timer
2025-09-15 11:22:03.199  1735-2015  bt_stack                com.android.bluetooth                I  [INFO:gatt_cl.cc(1194)] gatt_client_handle_server_rsp opcode: 0x09
2025-09-15 11:22:03.199  1735-2015  bt_stack                com.android.bluetooth                I  [INFO:gatt_cl.cc(799)] gatt_process_read_by_type_rspop=1 subtype=4
2025-09-15 11:22:03.199  1735-2015  bt_stack                com.android.bluetooth                I  [INFO:gatt_cl.cc(983)] gatt_process_read_by_type_rsp: initiate another discovery request
2025-09-15 11:22:03.199  1735-2015  bt_stack                com.android.bluetooth                I  [INFO:gatt_cl.cc(101)] gatt_act_discovery opcode: 0x08
2025-09-15 11:22:03.199  1735-2015  bluetooth               com.android.bluetooth                I  attp_cl_send_cmd: Sending ATT command to l2cap cid:0x0004 eatt_channels:0 transport:BT_TRANSPORT_LE
2025-09-15 11:22:03.200  1735-2015  bluetooth               com.android.bluetooth                I  attp_cl_send_cmd: Starting ATT response timer
2025-09-15 11:22:03.213  1735-2015  bt_stack                com.android.bluetooth                I  [INFO:gatt_cl.cc(1194)] gatt_client_handle_server_rsp opcode: 0x01
2025-09-15 11:22:03.213  1735-2015  bt_stack                com.android.bluetooth                I  [INFO:gatt_cl.cc(533)] gatt_process_error_rsp
2025-09-15 11:22:03.214  1735-2015  bt_stack                com.android.bluetooth                I  [INFO:gatt_utils.cc(1500)] gatt_end_operation status=0 op=1 subtype=4
2025-09-15 11:22:03.214  1735-2015  bt_stack                com.android.bluetooth                I  [INFO:bta_gattc_cache.cc(500)] bta_gattc_disc_cmpl_cback: disc_type=4
2025-09-15 11:22:03.214  1735-2015  bt_stack                com.android.bluetooth                I  [INFO:gatt_api.cc(711)] GATTC_Discover conn_id=0x0009, disc_type=3, s_handle=0x000c, e_handle=0x0010
2025-09-15 11:22:03.214  1735-2015  bt_stack                com.android.bluetooth                I  [INFO:gatt_cl.cc(101)] gatt_act_discovery opcode: 0x08
2025-09-15 11:22:03.214  1735-2015  bluetooth               com.android.bluetooth                I  attp_cl_send_cmd: Sending ATT command to l2cap cid:0x0004 eatt_channels:0 transport:BT_TRANSPORT_LE
2025-09-15 11:22:03.214  1735-2015  bluetooth               com.android.bluetooth                I  attp_cl_send_cmd: Starting ATT response timer
2025-09-15 11:22:03.227  1735-2015  bt_stack                com.android.bluetooth                I  [INFO:gatt_cl.cc(1194)] gatt_client_handle_server_rsp opcode: 0x01
2025-09-15 11:22:03.228  1735-2015  bt_stack                com.android.bluetooth                I  [INFO:gatt_cl.cc(533)] gatt_process_error_rsp
2025-09-15 11:22:03.228  1735-2015  bt_stack                com.android.bluetooth                I  [INFO:gatt_utils.cc(1500)] gatt_end_operation status=0 op=1 subtype=3
2025-09-15 11:22:03.228  1735-2015  bt_stack                com.android.bluetooth                I  [INFO:bta_gattc_cache.cc(500)] bta_gattc_disc_cmpl_cback: disc_type=3
2025-09-15 11:22:03.228  1735-2015  bt_stack                com.android.bluetooth                I  [INFO:gatt_api.cc(711)] GATTC_Discover conn_id=0x0009, disc_type=4, s_handle=0x000c, e_handle=0x0010
2025-09-15 11:22:03.228  1735-2015  bt_stack                com.android.bluetooth                I  [INFO:gatt_cl.cc(101)] gatt_act_discovery opcode: 0x08
2025-09-15 11:22:03.228  1735-2015  bluetooth               com.android.bluetooth                I  attp_cl_send_cmd: Sending ATT command to l2cap cid:0x0004 eatt_channels:0 transport:BT_TRANSPORT_LE
2025-09-15 11:22:03.229  1735-2015  bluetooth               com.android.bluetooth                I  attp_cl_send_cmd: Starting ATT response timer
2025-09-15 11:22:03.243  1735-2015  bt_stack                com.android.bluetooth                I  [INFO:gatt_cl.cc(1194)] gatt_client_handle_server_rsp opcode: 0x09
2025-09-15 11:22:03.243  1735-2015  bt_stack                com.android.bluetooth                I  [INFO:gatt_cl.cc(799)] gatt_process_read_by_type_rspop=1 subtype=4
2025-09-15 11:22:03.243  1735-2015  bt_stack                com.android.bluetooth                I  [INFO:gatt_cl.cc(983)] gatt_process_read_by_type_rsp: initiate another discovery request
2025-09-15 11:22:03.243  1735-2015  bt_stack                com.android.bluetooth                I  [INFO:gatt_cl.cc(101)] gatt_act_discovery opcode: 0x08
2025-09-15 11:22:03.243  1735-2015  bluetooth               com.android.bluetooth                I  attp_cl_send_cmd: Sending ATT command to l2cap cid:0x0004 eatt_channels:0 transport:BT_TRANSPORT_LE
2025-09-15 11:22:03.244  1735-2015  bluetooth               com.android.bluetooth                I  attp_cl_send_cmd: Starting ATT response timer
2025-09-15 11:22:03.258  1735-2015  bt_stack                com.android.bluetooth                I  [INFO:gatt_cl.cc(1194)] gatt_client_handle_server_rsp opcode: 0x09
2025-09-15 11:22:03.258  1735-2015  bt_stack                com.android.bluetooth                I  [INFO:gatt_cl.cc(799)] gatt_process_read_by_type_rspop=1 subtype=4
2025-09-15 11:22:03.258  1735-2015  bt_stack                com.android.bluetooth                I  [INFO:gatt_cl.cc(983)] gatt_process_read_by_type_rsp: initiate another discovery request
2025-09-15 11:22:03.258  1735-2015  bt_stack                com.android.bluetooth                I  [INFO:gatt_cl.cc(101)] gatt_act_discovery opcode: 0x08
2025-09-15 11:22:03.258  1735-2015  bluetooth               com.android.bluetooth                I  attp_cl_send_cmd: Sending ATT command to l2cap cid:0x0004 eatt_channels:0 transport:BT_TRANSPORT_LE
2025-09-15 11:22:03.259  1735-2015  bluetooth               com.android.bluetooth                I  attp_cl_send_cmd: Starting ATT response timer
2025-09-15 11:22:03.272  1735-2015  bt_stack                com.android.bluetooth                I  [INFO:gatt_cl.cc(1194)] gatt_client_handle_server_rsp opcode: 0x01
2025-09-15 11:22:03.272  1735-2015  bt_stack                com.android.bluetooth                I  [INFO:gatt_cl.cc(533)] gatt_process_error_rsp
2025-09-15 11:22:03.273  1735-2015  bt_stack                com.android.bluetooth                I  [INFO:gatt_utils.cc(1500)] gatt_end_operation status=0 op=1 subtype=4
2025-09-15 11:22:03.273  1735-2015  bt_stack                com.android.bluetooth                I  [INFO:bta_gattc_cache.cc(500)] bta_gattc_disc_cmpl_cback: disc_type=4
2025-09-15 11:22:03.273  1735-2015  bt_stack                com.android.bluetooth                I  [INFO:gatt_api.cc(711)] GATTC_Discover conn_id=0x0009, disc_type=3, s_handle=0x0011, e_handle=0x0017
