2025-09-15 11:28:04.670  1267-2403  haohaov                 system_server                        I  [HMDenterprise broadcastIntentLocked] intent=Intent { act=android.intent.action.SIG_STR (has extras) }
2025-09-15 11:28:04.676  1267-2403  haohaov                 system_server                        I  [HMDenterprise broadcastIntentLocked] intent=Intent { act=android.intent.action.SIG_STR (has extras) }
2025-09-15 11:28:04.705   995-2760  StNfcHal                android.hardware.nfc@1.2-service-st  D  (#035F8) Rx 6f 02 09 (hidden)
2025-09-15 11:28:04.719   995-2760  StNfcHal                android.hardware.nfc@1.2-service-st  D  (#035F9) Rx 6f 02 0d (hidden)
2025-09-15 11:28:04.731   995-2760  StNfcHal                android.hardware.nfc@1.2-service-st  D  (#035FA) Rx 6f 02 0f (hidden)
2025-09-15 11:28:04.762   995-2760  StNfcHal                android.hardware.nfc@1.2-service-st  D  (#035FB) Rx 6f 02 11 (hidden)
2025-09-15 11:28:04.775   995-2760  StNfcHal                android.hardware.nfc@1.2-service-st  D  (#035FC) Rx 6f 02 0a (hidden)
2025-09-15 11:28:04.785   995-2760  StNfcHal                android.hardware.nfc@1.2-service-st  D  (#035FD) Rx 6f 02 09 (hidden)
2025-09-15 11:28:05.024 11562-11582 gle.android.gms         com.google.android.gms               I  Explicit concurrent copying GC freed 906KB AllocSpace bytes, 0(0B) LOS objects, 35% free, 14MB/22MB, paused 266us,89us total 281.763ms
2025-09-15 11:28:05.194   995-2760  StNfcHal                android.hardware.nfc@1.2-service-st  D  (#035FE) Rx 6f 02 09 (hidden)
2025-09-15 11:28:05.205   995-2760  StNfcHal                android.hardware.nfc@1.2-service-st  D  (#035FF) Rx 6f 02 0d (hidden)
2025-09-15 11:28:05.217   995-2760  StNfcHal                android.hardware.nfc@1.2-service-st  D  (#03600) Rx 6f 02 0f (hidden)
2025-09-15 11:28:05.248   995-2760  StNfcHal                android.hardware.nfc@1.2-service-st  D  (#03601) Rx 6f 02 11 (hidden)
2025-09-15 11:28:05.262   995-2760  StNfcHal                android.hardware.nfc@1.2-service-st  D  (#03602) Rx 6f 02 0a (hidden)
2025-09-15 11:28:05.273   995-2760  StNfcHal                android.hardware.nfc@1.2-service-st  D  (#03603) Rx 6f 02 09 (hidden)
2025-09-15 11:28:05.565   814-879   libPowerHal             ven...hardware.mtkpower@1.0-service  I  [perfLockAcq] idx:0 hdl:717 hint:25 pid:814 duration:10000 lock_user:mtkpower@1.0-se => ret_hdl:717
2025-09-15 11:28:05.566   814-879   libPowerHal             ven...hardware.mtkpower@1.0-service  I  [PE] MTKPOWER_HINT_APP_TOUCH update cmd:3408600 param:1
2025-09-15 11:28:05.616   814-879   libPowerHal             ven...hardware.mtkpower@1.0-service  I  [perfLockRel] hdl:717, idx:0
2025-09-15 11:28:05.616   814-879   libPowerHal             ven...hardware.mtkpower@1.0-service  I  [PD] MTKPOWER_HINT_APP_TOUCH update cmd:3408600 param:0
2025-09-15 11:28:05.660 13829-13829 GattConnectionService   com.remoticom.energynodeinset        D  Service state updated with ServiceState(device=null, characteristics=null, isConnecting=false, connectionStatus=Disconnected, lastGattError=null)
2025-09-15 11:28:05.661 13829-13829 GattConnectionService   com.remoticom.energynodeinset        D  Service state updated with ServiceState(device=DeviceImpl(uuid=00000000-0000-0000-0000-f0d78f4d8082, device=F0:D7:8F:4D:80:82, type=Bdc, serviceUuids=[a55d1c55-0088-ffff-0000-000000000000], health=null, state=null), characteristics=null, isConnecting=true, connectionStatus=Disconnected, lastGattError=null)
2025-09-15 11:28:05.662 13829-13829 GattConnectionService   com.remoticom.energynodeinset        D  Connect attempt #1
2025-09-15 11:28:05.662 13829-13829 GattConnectionService   com.remoticom.energynodeinset        D  Service state updated with ServiceState(device=DeviceImpl(uuid=00000000-0000-0000-0000-f0d78f4d8082, device=F0:D7:8F:4D:80:82, type=Bdc, serviceUuids=[a55d1c55-0088-ffff-0000-000000000000], health=null, state=null), characteristics=null, isConnecting=true, connectionStatus=Connecting, lastGattError=null)
2025-09-15 11:28:05.663 13829-13829 ConnectGattOperation    com.remoticom.energynodeinset        D  STARTED
2025-09-15 11:28:05.664 13829-13829 ConnectGattOperation    com.remoticom.energynodeinset        V  connectGatt initiated
2025-09-15 11:28:05.665   823-823   BufferQueueProducer     surfaceflinger                       I  [com.remoticom.energynodeinset/com.remoticom.streetlighting.MainActivity#1491](this:0xb400007c3ee4ce70,id:-1,api:0,p:-1,c:823) queueBuffer: fps=0.03 dur=115169.46 max=115063.91 min=20.87
2025-09-15 11:28:05.665 13829-13829 BluetoothGatt           com.remoticom.energynodeinset        D  connect() - device: F0:D7:8F:4D:80:82, auto: false
2025-09-15 11:28:05.665 13829-13829 BluetoothGatt           com.remoticom.energynodeinset        D  registerApp()
2025-09-15 11:28:05.666 13829-13829 BluetoothGatt           com.remoticom.energynodeinset        D  registerApp() - UUID=7d1bee18-cfb3-4565-8763-af98a8643cbc
2025-09-15 11:28:05.669  1735-2015  bluetooth               com.android.bluetooth                I  GATT_Register: Allocated name:GattClient uuid:5f31d148-6b42-ef98-e734-c53056f2ebbe gatt_if:8 eatt_support:0
2025-09-15 11:28:05.670   823-823   HWC2                    surfaceflinger                       W  Can't query capability SkipColorTransform. Display Capabilities were not queried from HWC yet
2025-09-15 11:28:05.671 13829-13841 BluetoothGatt           com.remoticom.energynodeinset        D  onClientRegistered() - status=0 clientIf=8
2025-09-15 11:28:05.674 13829-13829 NodeListFragment        com.remoticom.energynodeinset        D  Updating list of nodes
2025-09-15 11:28:05.675   995-2760  StNfcHal                android.hardware.nfc@1.2-service-st  D  (#03604) Rx 6f 02 0a (hidden)
2025-09-15 11:28:05.678   823-823   BufferQueueProducer     surfaceflinger                       I  [VDS-studio.screen.sharing:0 SCRATCH](this:0xb400007bfedeadc8,id:-1,api:1,p:823,c:823) queueBuffer: fps=0.18 dur=5586.04 max=5586.04 min=5586.04
2025-09-15 11:28:05.679  1735-1940  bt_btif_gattc           com.android.bluetooth                I  btif_gattc_open_impl: Transport=2, device type=2, address type =0, phy=1
2025-09-15 11:28:05.679   804-911   hwcomposer              and...graphics.composer@2.1-service  I  [HWCDisplay] [Display_2 (type:2)] fps:0.179058,dur:5584.77,max:5584.77,min:5584.77  
2025-09-15 11:28:05.679  1735-2015  bt_stack                com.android.bluetooth                I  [INFO:gatt_api.cc(1169)] GATT_Connectgatt_if=8, address=xx:xx:xx:xx:80:82, is_direct 1
2025-09-15 11:28:05.680  1735-2015  bt_stack                com.android.bluetooth                I  [INFO:gatt_attr.cc(885)] gatt_sr_init_cl_status: bda=f0:d7:8f:4d:80:82, cl_supp_feat=0000, aware=1
2025-09-15 11:28:05.680  1735-2015  bluetooth               com.android.bluetooth                I  gatt_update_app_use_link_flag: check_acl_link is false, no need to check
2025-09-15 11:28:05.681   804-13949 [GrallocExtra-ERROR]    and...graphics.composer@2.1-service  E  gralloc_extra_query:105 gralloc_extra_query with NULL handle: 0x0
2025-09-15 11:28:05.681   804-13949 MDP                     and...graphics.composer@2.1-service  D  DpAsyncBlit: in: job (23341 149) (288, 588, 1152, 0, C2s, P0), sec0, flush 1 Buffer 11670: plane=1 bufVA={0xd1,0x0,0x0} bufMVA={0x0,0x0,0x0} bufSize={0xa5600,0x0,0x0} proxy={0xb40000794e1eef60,0x0,0x0}fence=-1
2025-09-15 11:28:05.681   804-13949 MDP                     and...graphics.composer@2.1-service  D  DpAsyncBlit: out0: (264, 588, 288, 144, C8s, P0), misc: (X:0, Y:0, R:0, F:0, S:0, A:0, D:0), sec0, flush 0 Buffer 11670: plane=3 bufVA={0xc1,0xc1,0xc1} bufMVA={0x0,0x0,0x0} bufSize={0x29580,0xa560,0xa560} proxy={0xb40000794e1efff0,0x0,0x0}fence=-1
2025-09-15 11:28:05.681   804-13949 MDP                     and...graphics.composer@2.1-service  D  DpAsyncBlit: crop0: (0, 0, 264, 588, 0, 0, 0, 0)
2025-09-15 11:28:05.681   798-798   [BT]                    and...luetooth@1.1-service-mediatek  D  mtk_bt_op: BT_VND_OP_LPM_WAKE_SET_STATE
2025-09-15 11:28:05.683   823-823   BufferQueueProducer     surfaceflinger                       I  [VDS-studio.screen.sharing:0 SINK](this:0xb400007bfedead38,id:-1,api:1,p:823,c:823) queueBuffer: fps=0.18 dur=5584.06 max=5584.06 min=5584.06
2025-09-15 11:28:05.691   823-823   BufferQueueProducer     surfaceflinger                       I  [FramebufferSurface](this:0xb400007beece7af0,id:-1,api:1,p:823,c:823) queueBuffer: fps=0.18 dur=5580.93 max=5580.93 min=5580.93
2025-09-15 11:28:05.692   804-911   hwcomposer              and...graphics.composer@2.1-service  I  [HWCDisplay] [Display_0 (type:1)] fps:0.179177,dur:5581.09,max:5581.09,min:5581.09  
2025-09-15 11:28:05.699   823-823   HWC2                    surfaceflinger                       W  Can't query capability SkipColorTransform. Display Capabilities were not queried from HWC yet
2025-09-15 11:28:05.708   804-13949 [GrallocExtra-ERROR]    and...graphics.composer@2.1-service  E  gralloc_extra_query:105 gralloc_extra_query with NULL handle: 0x0
2025-09-15 11:28:05.720  1083-13947 BufferPoolAccessor2.0   media.swcodec                        D  bufferpool2 0xb4000071e5c9e778 : 4(712 size) total buffers - 1(128 size) used buffers - 13/23 (recycle/alloc) - 10/22 (fetch/transfer)
2025-09-15 11:28:05.730   823-823   HWC2                    surfaceflinger                       W  Can't query capability SkipColorTransform. Display Capabilities were not queried from HWC yet
2025-09-15 11:28:05.737   804-13949 [GrallocExtra-ERROR]    and...graphics.composer@2.1-service  E  gralloc_extra_query:105 gralloc_extra_query with NULL handle: 0x0
2025-09-15 11:28:05.750   823-823   HWC2                    surfaceflinger                       W  Can't query capability SkipColorTransform. Display Capabilities were not queried from HWC yet
2025-09-15 11:28:05.756   804-13949 [GrallocExtra-ERROR]    and...graphics.composer@2.1-service  E  gralloc_extra_query:105 gralloc_extra_query with NULL handle: 0x0
2025-09-15 11:28:05.757   804-13949 MDP                     and...graphics.composer@2.1-service  D  DpAsyncBlit: in: job (23347 193) (288, 588, 1152, 0, C2s, P0), sec0, flush 0 Buffer 11673: plane=1 bufVA={0xd7,0x0,0x0} bufMVA={0x0,0x0,0x0} bufSize={0xa5600,0x0,0x0} proxy={0xb40000794e1ef690,0x0,0x0}fence=-1
2025-09-15 11:28:05.757   804-13949 MDP                     and...graphics.composer@2.1-service  D  DpAsyncBlit: out0: (264, 588, 288, 144, C8s, P0), misc: (X:0, Y:0, R:0, F:0, S:0, A:0, D:0), sec0, flush 0 Buffer 11673: plane=3 bufVA={0xc4,0xc4,0xc4} bufMVA={0x0,0x0,0x0} bufSize={0x29580,0xa560,0xa560} proxy={0xb40000794e1f0d10,0x0,0x0}fence=-1
2025-09-15 11:28:05.757   804-13949 MDP                     and...graphics.composer@2.1-service  D  DpAsyncBlit: crop0: (0, 0, 264, 588, 0, 0, 0, 0)
2025-09-15 11:28:05.769   823-823   HWC2                    surfaceflinger                       W  Can't query capability SkipColorTransform. Display Capabilities were not queried from HWC yet
2025-09-15 11:28:05.775   804-13949 [GrallocExtra-ERROR]    and...graphics.composer@2.1-service  E  gralloc_extra_query:105 gralloc_extra_query with NULL handle: 0x0
2025-09-15 11:28:05.795   823-823   HWC2                    surfaceflinger                       W  Can't query capability SkipColorTransform. Display Capabilities were not queried from HWC yet
2025-09-15 11:28:05.800   804-13949 [GrallocExtra-ERROR]    and...graphics.composer@2.1-service  E  gralloc_extra_query:105 gralloc_extra_query with NULL handle: 0x0
2025-09-15 11:28:05.813  1735-2015  bluetooth               com.android.bluetooth                I  on_connection_complete: Le connection completed to device:f0:d7:8f:4d:80:82
2025-09-15 11:28:05.813  1735-2015  bt_btm_ble              com.android.bluetooth                I  btm_ble_connected: Updating device record timestamp for existing ble connection
2025-09-15 11:28:05.814   798-798   mtk.hal.bt@1.1-impl     and...luetooth@1.1-service-mediatek  D  BtHostDebugInfo
2025-09-15 11:28:05.814   798-798   [BT]                    and...luetooth@1.1-service-mediatek  D  mtk_bt_op: BT_VND_OP_SET_BTHOST
2025-09-15 11:28:05.814   823-823   HWC2                    surfaceflinger                       W  Can't query capability SkipColorTransform. Display Capabilities were not queried from HWC yet
2025-09-15 11:28:05.820   804-13949 [GrallocExtra-ERROR]    and...graphics.composer@2.1-service  E  gralloc_extra_query:105 gralloc_extra_query with NULL handle: 0x0
2025-09-15 11:28:05.830   806-1979  C2MtkComponentStore     and...ardware.media.c2@1.2-mediatek  D  setIonUsage: usage 5, flags 65539, minAlign 0, heapMask 1024 for decoder and encoder.
2025-09-15 11:28:05.830   823-823   SurfaceFlinger          surfaceflinger                       I  operator()(), mtkRenderCntDebug 12425, screenshot (com.remoticom.energynodeinset/com.remoticom.streetlighting.MainActivity#1491)
2025-09-15 11:28:05.835   823-823   HWC2                    surfaceflinger                       W  Can't query capability SkipColorTransform. Display Capabilities were not queried from HWC yet
2025-09-15 11:28:05.840   804-13949 [GrallocExtra-ERROR]    and...graphics.composer@2.1-service  E  gralloc_extra_query:105 gralloc_extra_query with NULL handle: 0x0
2025-09-15 11:28:05.854   823-823   HWC2                    surfaceflinger                       W  Can't query capability SkipColorTransform. Display Capabilities were not queried from HWC yet
2025-09-15 11:28:05.859   804-13949 [GrallocExtra-ERROR]    and...graphics.composer@2.1-service  E  gralloc_extra_query:105 gralloc_extra_query with NULL handle: 0x0
2025-09-15 11:28:05.873   823-823   HWC2                    surfaceflinger                       W  Can't query capability SkipColorTransform. Display Capabilities were not queried from HWC yet
2025-09-15 11:28:05.878   804-13949 [GrallocExtra-ERROR]    and...graphics.composer@2.1-service  E  gralloc_extra_query:105 gralloc_extra_query with NULL handle: 0x0
2025-09-15 11:28:05.890   823-823   HWC2                    surfaceflinger                       W  Can't query capability SkipColorTransform. Display Capabilities were not queried from HWC yet
2025-09-15 11:28:05.895   804-13949 [GrallocExtra-ERROR]    and...graphics.composer@2.1-service  E  gralloc_extra_query:105 gralloc_extra_query with NULL handle: 0x0
2025-09-15 11:28:05.909   823-823   HWC2                    surfaceflinger                       W  Can't query capability SkipColorTransform. Display Capabilities were not queried from HWC yet
2025-09-15 11:28:05.915   804-13949 [GrallocExtra-ERROR]    and...graphics.composer@2.1-service  E  gralloc_extra_query:105 gralloc_extra_query with NULL handle: 0x0
2025-09-15 11:28:05.931   823-823   HWC2                    surfaceflinger                       W  Can't query capability SkipColorTransform. Display Capabilities were not queried from HWC yet
2025-09-15 11:28:05.936   804-13949 [GrallocExtra-ERROR]    and...graphics.composer@2.1-service  E  gralloc_extra_query:105 gralloc_extra_query with NULL handle: 0x0
2025-09-15 11:28:05.950   823-823   HWC2                    surfaceflinger                       W  Can't query capability SkipColorTransform. Display Capabilities were not queried from HWC yet
2025-09-15 11:28:05.955   804-13949 [GrallocExtra-ERROR]    and...graphics.composer@2.1-service  E  gralloc_extra_query:105 gralloc_extra_query with NULL handle: 0x0
2025-09-15 11:28:05.966   995-2760  StNfcHal                android.hardware.nfc@1.2-service-st  D  (#03605) Rx 6f 02 2e (hidden)
2025-09-15 11:28:05.972   823-823   HWC2                    surfaceflinger                       W  Can't query capability SkipColorTransform. Display Capabilities were not queried from HWC yet
2025-09-15 11:28:05.978   804-13949 [GrallocExtra-ERROR]    and...graphics.composer@2.1-service  E  gralloc_extra_query:105 gralloc_extra_query with NULL handle: 0x0
2025-09-15 11:28:05.993   823-823   HWC2                    surfaceflinger                       W  Can't query capability SkipColorTransform. Display Capabilities were not queried from HWC yet
2025-09-15 11:28:05.998   804-13949 [GrallocExtra-ERROR]    and...graphics.composer@2.1-service  E  gralloc_extra_query:105 gralloc_extra_query with NULL handle: 0x0
2025-09-15 11:28:06.012   823-823   HWC2                    surfaceflinger                       W  Can't query capability SkipColorTransform. Display Capabilities were not queried from HWC yet
2025-09-15 11:28:06.018   804-13949 [GrallocExtra-ERROR]    and...graphics.composer@2.1-service  E  gralloc_extra_query:105 gralloc_extra_query with NULL handle: 0x0
2025-09-15 11:28:06.034   823-823   HWC2                    surfaceflinger                       W  Can't query capability SkipColorTransform. Display Capabilities were not queried from HWC yet
2025-09-15 11:28:06.040   804-13949 [GrallocExtra-ERROR]    and...graphics.composer@2.1-service  E  gralloc_extra_query:105 gralloc_extra_query with NULL handle: 0x0
2025-09-15 11:28:06.050   823-823   SurfaceFlinger          surfaceflinger                       I  operator()(), mtkRenderCntDebug 12426, screenshot (com.remoticom.energynodeinset/com.remoticom.streetlighting.MainActivity#1491)
2025-09-15 11:28:06.055   823-823   HWC2                    surfaceflinger                       W  Can't query capability SkipColorTransform. Display Capabilities were not queried from HWC yet
2025-09-15 11:28:06.061   804-13949 [GrallocExtra-ERROR]    and...graphics.composer@2.1-service  E  gralloc_extra_query:105 gralloc_extra_query with NULL handle: 0x0
2025-09-15 11:28:06.061   804-13949 MDP                     and...graphics.composer@2.1-service  D  DpAsyncBlit: in: job (23377 196) (288, 588, 1152, 0, C2s, P0), sec0, flush 1 Buffer 11688: plane=1 bufVA={0xdb,0x0,0x0} bufMVA={0x0,0x0,0x0} bufSize={0xa5600,0x0,0x0} proxy={0xb40000794e1f0c20,0x0,0x0}fence=-1
2025-09-15 11:28:06.061   804-13949 MDP                     and...graphics.composer@2.1-service  D  DpAsyncBlit: out0: (264, 588, 288, 144, C8s, P0), misc: (X:0, Y:0, R:0, F:0, S:0, A:0, D:0), sec0, flush 0 Buffer 11688: plane=3 bufVA={0xd3,0xd3,0xd3} bufMVA={0x0,0x0,0x0} bufSize={0x29580,0xa560,0xa560} proxy={0xb40000794e1f0d10,0x0,0x0}fence=-1
2025-09-15 11:28:06.061   804-13949 MDP                     and...graphics.composer@2.1-service  D  DpAsyncBlit: crop0: (0, 0, 264, 588, 0, 0, 0, 0)
2025-09-15 11:28:06.076   823-823   HWC2                    surfaceflinger                       W  Can't query capability SkipColorTransform. Display Capabilities were not queried from HWC yet
2025-09-15 11:28:06.082   804-13949 [GrallocExtra-ERROR]    and...graphics.composer@2.1-service  E  gralloc_extra_query:105 gralloc_extra_query with NULL handle: 0x0
2025-09-15 11:28:06.082   804-13949 MDP                     and...graphics.composer@2.1-service  D  DpAsyncBlit: in: job (23379 193) (288, 588, 1152, 0, C2s, P0), sec0, flush 0 Buffer 11689: plane=1 bufVA={0xda,0x0,0x0} bufMVA={0x0,0x0,0x0} bufSize={0xa5600,0x0,0x0} proxy={0xb40000794e1ef690,0x0,0x0}fence=-1
2025-09-15 11:28:06.082   804-13949 MDP                     and...graphics.composer@2.1-service  D  DpAsyncBlit: out0: (264, 588, 288, 144, C8s, P0), misc: (X:0, Y:0, R:0, F:0, S:0, A:0, D:0), sec0, flush 0 Buffer 11689: plane=3 bufVA={0xc2,0xc2,0xc2} bufMVA={0x0,0x0,0x0} bufSize={0x29580,0xa560,0xa560} proxy={0xb40000794e1f0d10,0x0,0x0}fence=-1
2025-09-15 11:28:06.082   804-13949 MDP                     and...graphics.composer@2.1-service  D  DpAsyncBlit: crop0: (0, 0, 264, 588, 0, 0, 0, 0)
2025-09-15 11:28:06.097   823-823   HWC2                    surfaceflinger                       W  Can't query capability SkipColorTransform. Display Capabilities were not queried from HWC yet
2025-09-15 11:28:06.101   804-13949 [GrallocExtra-ERROR]    and...graphics.composer@2.1-service  E  gralloc_extra_query:105 gralloc_extra_query with NULL handle: 0x0
2025-09-15 11:28:06.116   823-823   HWC2                    surfaceflinger                       W  Can't query capability SkipColorTransform. Display Capabilities were not queried from HWC yet
2025-09-15 11:28:06.120   804-13949 [GrallocExtra-ERROR]    and...graphics.composer@2.1-service  E  gralloc_extra_query:105 gralloc_extra_query with NULL handle: 0x0
2025-09-15 11:28:06.137   823-823   HWC2                    surfaceflinger                       W  Can't query capability SkipColorTransform. Display Capabilities were not queried from HWC yet
2025-09-15 11:28:06.144  1083-1663  BufferPoolAccessor2.0   media.swcodec                        D  evictor expired: 1, evicted: 0
2025-09-15 11:28:06.144   804-13949 [GrallocExtra-ERROR]    and...graphics.composer@2.1-service  E  gralloc_extra_query:105 gralloc_extra_query with NULL handle: 0x0
2025-09-15 11:28:06.147  1735-2015  bt_stack                com.android.bluetooth                I  [INFO:gatt_attr.cc(345)] gatt_connect_cback: remove untrusted client status, bda=f0:d7:8f:4d:80:82
2025-09-15 11:28:06.147  1735-2015  bluetooth               com.android.bluetooth                I  client_connect_cback: No active GAP service found for peer:xx:xx:xx:xx:80:82 callback:Disconnected
2025-09-15 11:28:06.147   798-798   mtk.hal.bt@1.1-impl     and...luetooth@1.1-service-mediatek  D  BtHostDebugInfo
2025-09-15 11:28:06.147  1735-2015  bt_bta_gattc            com.android.bluetooth                I  bta_gattc_conn_cback: Disconnected att_id:3 addr:xx:xx:xx:xx:80:82, transport:BT_TRANSPORT_LE reason:GATT_CONN_FAILED_ESTABLISHMENT
2025-09-15 11:28:06.147   798-798   [BT]                    and...luetooth@1.1-service-mediatek  D  mtk_bt_op: BT_VND_OP_SET_BTHOST
2025-09-15 11:28:06.147  1735-2015  bt_bta_gattc            com.android.bluetooth                I  bta_gattc_conn_cback: Disconnected att_id:4 addr:xx:xx:xx:xx:80:82, transport:BT_TRANSPORT_LE reason:GATT_CONN_FAILED_ESTABLISHMENT
2025-09-15 11:28:06.147  1735-2015  bt_bta_gattc            com.android.bluetooth                I  bta_gattc_conn_cback: Disconnected att_id:5 addr:xx:xx:xx:xx:80:82, transport:BT_TRANSPORT_LE reason:GATT_CONN_FAILED_ESTABLISHMENT
2025-09-15 11:28:06.147  1735-2015  bt_bta_gattc            com.android.bluetooth                I  bta_gattc_conn_cback: Disconnected att_id:6 addr:xx:xx:xx:xx:80:82, transport:BT_TRANSPORT_LE reason:GATT_CONN_FAILED_ESTABLISHMENT
2025-09-15 11:28:06.147  1735-2015  bt_bta_gattc            com.android.bluetooth                I  bta_gattc_conn_cback: Disconnected att_id:7 addr:xx:xx:xx:xx:80:82, transport:BT_TRANSPORT_LE reason:GATT_CONN_FAILED_ESTABLISHMENT
2025-09-15 11:28:06.147  1735-2015  bt_bta_gattc            com.android.bluetooth                I  bta_gattc_conn_cback: Disconnected att_id:8 addr:xx:xx:xx:xx:80:82, transport:BT_TRANSPORT_LE reason:GATT_CONN_FAILED_ESTABLISHMENT
2025-09-15 11:28:06.147  1735-2015  bt_bta_gattc            com.android.bluetooth                I  bta_gattc_conn_cback: Disconnected att_id:13 addr:xx:xx:xx:xx:80:82, transport:BT_TRANSPORT_LE reason:GATT_CONN_FAILED_ESTABLISHMENT
2025-09-15 11:28:06.147  1735-2015  btm_acl                 com.android.bluetooth                I  NotifyAclLinkDown: ACL Link Down
2025-09-15 11:28:06.148  1735-2015  bt_btm_sec              com.android.bluetooth                W  btm_sec_disconnected: Got uncommon disconnection reason:Connection Failed Establishment handle:0x0200 comment:stack::acl::btm_acl::btm_acl_disconnected
2025-09-15 11:28:06.148   798-798   mtk.hal.bt@1.1-impl     and...luetooth@1.1-service-mediatek  D  BtHostDebugInfo
2025-09-15 11:28:06.148  1735-2015  bta_gattc_main          com.android.bluetooth                E  bta_gattc_hdl_event: Ignore unknown conn ID: 3
2025-09-15 11:28:06.148   798-798   [BT]                    and...luetooth@1.1-service-mediatek  D  mtk_bt_op: BT_VND_OP_SET_BTHOST
2025-09-15 11:28:06.148  1735-2015  bta_gattc_main          com.android.bluetooth                E  bta_gattc_hdl_event: Ignore unknown conn ID: 4
2025-09-15 11:28:06.148  1735-2015  bta_gattc_main          com.android.bluetooth                E  bta_gattc_hdl_event: Ignore unknown conn ID: 5
2025-09-15 11:28:06.148  1735-2015  bta_gattc_main          com.android.bluetooth                E  bta_gattc_hdl_event: Ignore unknown conn ID: 6
2025-09-15 11:28:06.148  1735-2015  bta_gattc_main          com.android.bluetooth                E  bta_gattc_hdl_event: Ignore unknown conn ID: 7
2025-09-15 11:28:06.148  1735-2015  bt_stack                com.android.bluetooth                W  [WARNING:bta_gattc_act.cc(372)] bta_gattc_open_fail: Cannot establish Connection. conn_id=000000. Return GATT_ERROR(133)
2025-09-15 11:28:06.148  1735-2015  bta_gattc_main          com.android.bluetooth                E  bta_gattc_hdl_event: Ignore unknown conn ID: 13
2025-09-15 11:28:06.150 13829-13841 BluetoothGatt           com.remoticom.energynodeinset        D  onClientConnectionState() - status=133 clientIf=8 device=F0:D7:8F:4D:80:82
2025-09-15 11:28:06.150 13829-13841 ConnectGattOperation    com.remoticom.energynodeinset        V  onConnectionStateChange called
2025-09-15 11:28:06.151 13829-13841 ConnectGattOperation    com.remoticom.energynodeinset        E  status=(133) GATT_ERROR
2025-09-15 11:28:06.152 13829-13841 GattConnectionService   com.remoticom.energynodeinset        D  state = Disconnected, error = GattError ((133) GATT_ERROR)
2025-09-15 11:28:06.152 13829-13841 GattConnectionService   com.remoticom.energynodeinset        D  Service state updated with ServiceState(device=DeviceImpl(uuid=00000000-0000-0000-0000-f0d78f4d8082, device=F0:D7:8F:4D:80:82, type=Bdc, serviceUuids=[a55d1c55-0088-ffff-0000-000000000000], health=null, state=null), characteristics=null, isConnecting=true, connectionStatus=Disconnected, lastGattError=GattError ((133) GATT_ERROR))
2025-09-15 11:28:06.159 13829-13829 NodeListFragment        com.remoticom.energynodeinset        D  Updating list of nodes
2025-09-15 11:28:06.161 13829-13829 ConnectGattOperation    com.remoticom.energynodeinset        D  FINISHED
2025-09-15 11:28:06.163 13829-13829 GattConnectionService   com.remoticom.energynodeinset        D  Service state updated with ServiceState(device=DeviceImpl(uuid=00000000-0000-0000-0000-f0d78f4d8082, device=F0:D7:8F:4D:80:82, type=Bdc, serviceUuids=[a55d1c55-0088-ffff-0000-000000000000], health=null, state=null), characteristics=null, isConnecting=true, connectionStatus=Disconnected, lastGattError=GattError ((133) GATT_ERROR))
2025-09-15 11:28:06.163   823-823   HWC2                    surfaceflinger                       W  Can't query capability SkipColorTransform. Display Capabilities were not queried from HWC yet
2025-09-15 11:28:06.164 13829-13829 GattConnectionService   com.remoticom.energynodeinset        D  Delay next connect attempt for 100 msec
2025-09-15 11:28:06.170   804-13949 [GrallocExtra-ERROR]    and...graphics.composer@2.1-service  E  gralloc_extra_query:105 gralloc_extra_query with NULL handle: 0x0
2025-09-15 11:28:06.170 13829-13829 NodeListFragment        com.remoticom.energynodeinset        D  Updating list of nodes
2025-09-15 11:28:06.183   823-823   HWC2                    surfaceflinger                       W  Can't query capability SkipColorTransform. Display Capabilities were not queried from HWC yet
2025-09-15 11:28:06.187   804-13949 [GrallocExtra-ERROR]    and...graphics.composer@2.1-service  E  gralloc_extra_query:105 gralloc_extra_query with NULL handle: 0x0
2025-09-15 11:28:06.200   823-823   HWC2                    surfaceflinger                       W  Can't query capability SkipColorTransform. Display Capabilities were not queried from HWC yet
2025-09-15 11:28:06.205   804-13949 [GrallocExtra-ERROR]    and...graphics.composer@2.1-service  E  gralloc_extra_query:105 gralloc_extra_query with NULL handle: 0x0
2025-09-15 11:28:06.218   823-823   HWC2                    surfaceflinger                       W  Can't query capability SkipColorTransform. Display Capabilities were not queried from HWC yet
2025-09-15 11:28:06.223   804-13949 [GrallocExtra-ERROR]    and...graphics.composer@2.1-service  E  gralloc_extra_query:105 gralloc_extra_query with NULL handle: 0x0
2025-09-15 11:28:06.235   823-823   HWC2                    surfaceflinger                       W  Can't query capability SkipColorTransform. Display Capabilities were not queried from HWC yet
2025-09-15 11:28:06.240   804-13949 [GrallocExtra-ERROR]    and...graphics.composer@2.1-service  E  gralloc_extra_query:105 gralloc_extra_query with NULL handle: 0x0
2025-09-15 11:28:06.251   823-823   HWC2                    surfaceflinger                       W  Can't query capability SkipColorTransform. Display Capabilities were not queried from HWC yet
2025-09-15 11:28:06.256   804-13949 [GrallocExtra-ERROR]    and...graphics.composer@2.1-service  E  gralloc_extra_query:105 gralloc_extra_query with NULL handle: 0x0
2025-09-15 11:28:06.265   823-823   SurfaceFlinger          surfaceflinger                       I  operator()(), mtkRenderCntDebug 12427, screenshot (com.remoticom.energynodeinset/com.remoticom.streetlighting.MainActivity#1491)
2025-09-15 11:28:06.265 13829-13829 GattConnectionService   com.remoticom.energynodeinset        D  Connect attempt #2
2025-09-15 11:28:06.266 13829-13829 GattConnectionService   com.remoticom.energynodeinset        D  Service state updated with ServiceState(device=DeviceImpl(uuid=00000000-0000-0000-0000-f0d78f4d8082, device=F0:D7:8F:4D:80:82, type=Bdc, serviceUuids=[a55d1c55-0088-ffff-0000-000000000000], health=null, state=null), characteristics=null, isConnecting=true, connectionStatus=Connecting, lastGattError=GattError ((133) GATT_ERROR))
2025-09-15 11:28:06.267 13829-13829 ConnectGattOperation    com.remoticom.energynodeinset        D  STARTED
2025-09-15 11:28:06.267 13829-13829 ConnectGattOperation    com.remoticom.energynodeinset        V  connectGatt initiated
2025-09-15 11:28:06.268 13829-13829 BluetoothGatt           com.remoticom.energynodeinset        D  connect() - device: F0:D7:8F:4D:80:82, auto: false
2025-09-15 11:28:06.268 13829-13829 BluetoothGatt           com.remoticom.energynodeinset        D  registerApp()
2025-09-15 11:28:06.269 13829-13829 BluetoothGatt           com.remoticom.energynodeinset        D  registerApp() - UUID=dfc9f9e5-0820-46b1-a0ad-83127d16fef1
2025-09-15 11:28:06.270   823-823   HWC2                    surfaceflinger                       W  Can't query capability SkipColorTransform. Display Capabilities were not queried from HWC yet
2025-09-15 11:28:06.271  1735-2015  bluetooth               com.android.bluetooth                I  GATT_Register: Allocated name:GattClient uuid:67d2cacb-0566-b0bb-1eb2-071d6046ebc1 gatt_if:9 eatt_support:0
2025-09-15 11:28:06.272 13829-13839 BluetoothGatt           com.remoticom.energynodeinset        D  onClientRegistered() - status=0 clientIf=9
2025-09-15 11:28:06.274   804-13949 [GrallocExtra-ERROR]    and...graphics.composer@2.1-service  E  gralloc_extra_query:105 gralloc_extra_query with NULL handle: 0x0
2025-09-15 11:28:06.276 13829-13829 NodeListFragment        com.remoticom.energynodeinset        D  Updating list of nodes
2025-09-15 11:28:06.277   995-2760  StNfcHal                android.hardware.nfc@1.2-service-st  D  (#03606) Rx 6f 02 0f (hidden)
2025-09-15 11:28:06.279  1735-1940  bt_btif_gattc           com.android.bluetooth                I  btif_gattc_open_impl: Transport=2, device type=2, address type =0, phy=1
2025-09-15 11:28:06.279  1735-2015  bt_stack                com.android.bluetooth                I  [INFO:gatt_api.cc(1169)] GATT_Connectgatt_if=9, address=xx:xx:xx:xx:80:82, is_direct 1
2025-09-15 11:28:06.280  1735-2015  bt_stack                com.android.bluetooth                I  [INFO:gatt_attr.cc(885)] gatt_sr_init_cl_status: bda=f0:d7:8f:4d:80:82, cl_supp_feat=0000, aware=1
2025-09-15 11:28:06.280  1735-2015  bluetooth               com.android.bluetooth                I  gatt_update_app_use_link_flag: check_acl_link is false, no need to check
2025-09-15 11:28:06.286   823-823   HWC2                    surfaceflinger                       W  Can't query capability SkipColorTransform. Display Capabilities were not queried from HWC yet
2025-09-15 11:28:06.290   804-13949 [GrallocExtra-ERROR]    and...graphics.composer@2.1-service  E  gralloc_extra_query:105 gralloc_extra_query with NULL handle: 0x0
2025-09-15 11:28:06.302   823-823   HWC2                    surfaceflinger                       W  Can't query capability SkipColorTransform. Display Capabilities were not queried from HWC yet
2025-09-15 11:28:06.306   804-13949 [GrallocExtra-ERROR]    and...graphics.composer@2.1-service  E  gralloc_extra_query:105 gralloc_extra_query with NULL handle: 0x0
2025-09-15 11:28:06.316   823-823   HWC2                    surfaceflinger                       W  Can't query capability SkipColorTransform. Display Capabilities were not queried from HWC yet
2025-09-15 11:28:06.321   804-13949 [GrallocExtra-ERROR]    and...graphics.composer@2.1-service  E  gralloc_extra_query:105 gralloc_extra_query with NULL handle: 0x0
2025-09-15 11:28:06.332   823-823   HWC2                    surfaceflinger                       W  Can't query capability SkipColorTransform. Display Capabilities were not queried from HWC yet
2025-09-15 11:28:06.336   804-13949 [GrallocExtra-ERROR]    and...graphics.composer@2.1-service  E  gralloc_extra_query:105 gralloc_extra_query with NULL handle: 0x0
2025-09-15 11:28:06.338  1735-2015  bluetooth               com.android.bluetooth                I  on_connection_complete: Le connection completed to device:f0:d7:8f:4d:80:82
2025-09-15 11:28:06.338  1735-2015  bt_btm_ble              com.android.bluetooth                I  btm_ble_connected: Updating device record timestamp for existing ble connection
2025-09-15 11:28:06.339   798-798   mtk.hal.bt@1.1-impl     and...luetooth@1.1-service-mediatek  D  BtHostDebugInfo
2025-09-15 11:28:06.339   798-798   [BT]                    and...luetooth@1.1-service-mediatek  D  mtk_bt_op: BT_VND_OP_SET_BTHOST
2025-09-15 11:28:06.348   823-823   HWC2                    surfaceflinger                       W  Can't query capability SkipColorTransform. Display Capabilities were not queried from HWC yet
2025-09-15 11:28:06.353   804-13949 [GrallocExtra-ERROR]    and...graphics.composer@2.1-service  E  gralloc_extra_query:105 gralloc_extra_query with NULL handle: 0x0
2025-09-15 11:28:06.365   823-823   HWC2                    surfaceflinger                       W  Can't query capability SkipColorTransform. Display Capabilities were not queried from HWC yet
2025-09-15 11:28:06.369   804-13949 [GrallocExtra-ERROR]    and...graphics.composer@2.1-service  E  gralloc_extra_query:105 gralloc_extra_query with NULL handle: 0x0
2025-09-15 11:28:06.379   823-823   HWC2                    surfaceflinger                       W  Can't query capability SkipColorTransform. Display Capabilities were not queried from HWC yet
2025-09-15 11:28:06.383   804-13949 [GrallocExtra-ERROR]    and...graphics.composer@2.1-service  E  gralloc_extra_query:105 gralloc_extra_query with NULL handle: 0x0
2025-09-15 11:28:06.395   823-823   HWC2                    surfaceflinger                       W  Can't query capability SkipColorTransform. Display Capabilities were not queried from HWC yet
2025-09-15 11:28:06.399   804-13949 [GrallocExtra-ERROR]    and...graphics.composer@2.1-service  E  gralloc_extra_query:105 gralloc_extra_query with NULL handle: 0x0
2025-09-15 11:28:06.415   823-823   HWC2                    surfaceflinger                       W  Can't query capability SkipColorTransform. Display Capabilities were not queried from HWC yet
2025-09-15 11:28:06.421   804-13949 [GrallocExtra-ERROR]    and...graphics.composer@2.1-service  E  gralloc_extra_query:105 gralloc_extra_query with NULL handle: 0x0
2025-09-15 11:28:06.421   804-13949 MDP                     and...graphics.composer@2.1-service  D  DpAsyncBlit: in: job (23417 141) (288, 588, 1152, 0, C2s, P0), sec0, flush 1 Buffer 11708: plane=1 bufVA={0xdd,0x0,0x0} bufMVA={0x0,0x0,0x0} bufSize={0xa5600,0x0,0x0} proxy={0xb40000794e1f0c20,0x0,0x0}fence=-1
2025-09-15 11:28:06.421   804-13949 MDP                     and...graphics.composer@2.1-service  D  DpAsyncBlit: out0: (264, 588, 288, 144, C8s, P0), misc: (X:0, Y:0, R:0, F:0, S:0, A:0, D:0), sec0, flush 0 Buffer 11708: plane=3 bufVA={0xbe,0xbe,0xbe} bufMVA={0x0,0x0,0x0} bufSize={0x29580,0xa560,0xa560} proxy={0xb40000794e1efff0,0x0,0x0}fence=-1
2025-09-15 11:28:06.421   804-13949 MDP                     and...graphics.composer@2.1-service  D  DpAsyncBlit: crop0: (0, 0, 264, 588, 0, 0, 0, 0)
2025-09-15 11:28:06.435   823-823   HWC2                    surfaceflinger                       W  Can't query capability SkipColorTransform. Display Capabilities were not queried from HWC yet
2025-09-15 11:28:06.442   804-13949 [GrallocExtra-ERROR]    and...graphics.composer@2.1-service  E  gralloc_extra_query:105 gralloc_extra_query with NULL handle: 0x0
2025-09-15 11:28:06.442   804-13949 MDP                     and...graphics.composer@2.1-service  D  DpAsyncBlit: in: job (23419 194) (288, 588, 1152, 0, C2s, P0), sec0, flush 0 Buffer 11709: plane=1 bufVA={0xdd,0x0,0x0} bufMVA={0x0,0x0,0x0} bufSize={0xa5600,0x0,0x0} proxy={0xb40000794e1ef690,0x0,0x0}fence=-1
2025-09-15 11:28:06.442   804-13949 MDP                     and...graphics.composer@2.1-service  D  DpAsyncBlit: out0: (264, 588, 288, 144, C8s, P0), misc: (X:0, Y:0, R:0, F:0, S:0, A:0, D:0), sec0, flush 0 Buffer 11709: plane=3 bufVA={0xc4,0xc4,0xc4} bufMVA={0x0,0x0,0x0} bufSize={0x29580,0xa560,0xa560} proxy={0xb40000794e1efff0,0x0,0x0}fence=-1
2025-09-15 11:28:06.442   804-13949 MDP                     and...graphics.composer@2.1-service  D  DpAsyncBlit: crop0: (0, 0, 264, 588, 0, 0, 0, 0)
2025-09-15 11:28:06.457   823-823   HWC2                    surfaceflinger                       W  Can't query capability SkipColorTransform. Display Capabilities were not queried from HWC yet
2025-09-15 11:28:06.461   804-13949 [GrallocExtra-ERROR]    and...graphics.composer@2.1-service  E  gralloc_extra_query:105 gralloc_extra_query with NULL handle: 0x0
2025-09-15 11:28:06.476   823-823   HWC2                    surfaceflinger                       W  Can't query capability SkipColorTransform. Display Capabilities were not queried from HWC yet
2025-09-15 11:28:06.481   804-13949 [GrallocExtra-ERROR]    and...graphics.composer@2.1-service  E  gralloc_extra_query:105 gralloc_extra_query with NULL handle: 0x0
2025-09-15 11:28:06.491   823-823   SurfaceFlinger          surfaceflinger                       I  operator()(), mtkRenderCntDebug 12428, screenshot (com.remoticom.energynodeinset/com.remoticom.streetlighting.MainActivity#1491)
2025-09-15 11:28:06.495   823-823   HWC2                    surfaceflinger                       W  Can't query capability SkipColorTransform. Display Capabilities were not queried from HWC yet
2025-09-15 11:28:06.502   804-13949 [GrallocExtra-ERROR]    and...graphics.composer@2.1-service  E  gralloc_extra_query:105 gralloc_extra_query with NULL handle: 0x0
2025-09-15 11:28:06.516   823-823   HWC2                    surfaceflinger                       W  Can't query capability SkipColorTransform. Display Capabilities were not queried from HWC yet
2025-09-15 11:28:06.520   804-13949 [GrallocExtra-ERROR]    and...graphics.composer@2.1-service  E  gralloc_extra_query:105 gralloc_extra_query with NULL handle: 0x0
2025-09-15 11:28:06.533   823-823   HWC2                    surfaceflinger                       W  Can't query capability SkipColorTransform. Display Capabilities were not queried from HWC yet
2025-09-15 11:28:06.538   995-2760  StNfcHal                android.hardware.nfc@1.2-service-st  D  (#03607) Rx 6f 02 16 (hidden)
2025-09-15 11:28:06.539   804-13949 [GrallocExtra-ERROR]    and...graphics.composer@2.1-service  E  gralloc_extra_query:105 gralloc_extra_query with NULL handle: 0x0
2025-09-15 11:28:06.548   995-2760  StNfcHal                android.hardware.nfc@1.2-service-st  D  (#03608) Rx 6f 02 09 (hidden)
2025-09-15 11:28:06.552   823-823   HWC2                    surfaceflinger                       W  Can't query capability SkipColorTransform. Display Capabilities were not queried from HWC yet
2025-09-15 11:28:06.558   995-2760  StNfcHal                android.hardware.nfc@1.2-service-st  D  (#03609) Rx 6f 02 0d (hidden)
2025-09-15 11:28:06.559   804-13949 [GrallocExtra-ERROR]    and...graphics.composer@2.1-service  E  gralloc_extra_query:105 gralloc_extra_query with NULL handle: 0x0
2025-09-15 11:28:06.568   995-2760  StNfcHal                android.hardware.nfc@1.2-service-st  D  (#0360A) Rx 6f 02 0f (hidden)
2025-09-15 11:28:06.573   823-823   SurfaceFlinger          surfaceflinger                       I  operator()(), mtkRenderCntDebug 12429, screenshot (com.remoticom.energynodeinset/com.remoticom.streetlighting.MainActivity#1491)
2025-09-15 11:28:06.586  1735-2015  bt_btu_hcif             com.android.bluetooth                E  btu_hcif_log_event_metrics: Unexpectedly received event_code:0x0c that should not be handled here
2025-09-15 11:28:06.586  1735-2015  btm_acl                 com.android.bluetooth                I  NotifyAclLinkUp: ACL Link up
2025-09-15 11:28:06.586  1735-2015  bluetooth               com.android.bluetooth                I  client_connect_cback: No active GAP service found for peer:xx:xx:xx:xx:80:82 callback:Connected
2025-09-15 11:28:06.586  1735-2015  bt_bta_gattc            com.android.bluetooth                I  bta_gattc_conn_cback: Connected client_if:3 addr:xx:xx:xx:xx:80:82, transport:BT_TRANSPORT_LE reason:GATT_CONN_OK
2025-09-15 11:28:06.586  1735-2015  bt_bta_gattc            com.android.bluetooth                I  bta_gattc_conn_cback: Connected client_if:4 addr:xx:xx:xx:xx:80:82, transport:BT_TRANSPORT_LE reason:GATT_CONN_OK
2025-09-15 11:28:06.587  1735-2015  bt_bta_gattc            com.android.bluetooth                I  bta_gattc_conn_cback: Connected client_if:5 addr:xx:xx:xx:xx:80:82, transport:BT_TRANSPORT_LE reason:GATT_CONN_OK
2025-09-15 11:28:06.587  1735-2015  bt_bta_gattc            com.android.bluetooth                I  bta_gattc_conn_cback: Connected client_if:6 addr:xx:xx:xx:xx:80:82, transport:BT_TRANSPORT_LE reason:GATT_CONN_OK
2025-09-15 11:28:06.587  1735-2015  bt_bta_gattc            com.android.bluetooth                I  bta_gattc_conn_cback: Connected client_if:7 addr:xx:xx:xx:xx:80:82, transport:BT_TRANSPORT_LE reason:GATT_CONN_OK
2025-09-15 11:28:06.587  1735-2015  bt_bta_gattc            com.android.bluetooth                I  bta_gattc_conn_cback: Connected client_if:8 addr:xx:xx:xx:xx:80:82, transport:BT_TRANSPORT_LE reason:GATT_CONN_OK
2025-09-15 11:28:06.587  1735-2015  bt_bta_gattc            com.android.bluetooth                I  bta_gattc_conn_cback: Connected client_if:9 addr:xx:xx:xx:xx:80:82, transport:BT_TRANSPORT_LE reason:GATT_CONN_OK
2025-09-15 11:28:06.587  1735-2015  bt_bta_gattc            com.android.bluetooth                I  bta_gattc_conn_cback: Connected client_if:13 addr:xx:xx:xx:xx:80:82, transport:BT_TRANSPORT_LE reason:GATT_CONN_OK
2025-09-15 11:28:06.587  1735-2015  bluetooth               com.android.bluetooth                I  on_connection_complete: Le connection completed to device:f0:d7:8f:4d:80:82
2025-09-15 11:28:06.587  1735-2015  bluetooth               com.android.bluetooth                I  GATT_SetIdleTimeout: idle_timeout=65535, status=1, (1-OK 0-not performed)
2025-09-15 11:28:06.587  1735-2015  bt_stack                com.android.bluetooth                I  [INFO:eatt_impl.h(644)] connect device f0:d7:8f:4d:80:82 rolecentral
2025-09-15 11:28:06.587  1735-2015  bluetooth               com.android.bluetooth                I  attp_cl_send_cmd: Sending ATT command to l2cap cid:0x0004 eatt_channels:0 transport:BT_TRANSPORT_LE
2025-09-15 11:28:06.587  1735-2015  bluetooth               com.android.bluetooth                I  attp_cl_send_cmd: Starting ATT response timer
2025-09-15 11:28:06.588  1735-2015  bt_bta_dm               com.android.bluetooth                I  bta_dm_acl_up: bta_dm_acl_up
2025-09-15 11:28:06.588  1735-2015  btm_acl                 com.android.bluetooth                W  acl_peer_supports_sniff_subrating: Unable to find active acl
2025-09-15 11:28:06.588  1735-2015  bta_gattc_main          com.android.bluetooth                E  bta_gattc_hdl_event: Ignore unknown conn ID: 3
2025-09-15 11:28:06.588  1735-2015  bta_gattc_main          com.android.bluetooth                E  bta_gattc_hdl_event: Ignore unknown conn ID: 4
2025-09-15 11:28:06.588  1735-2015  bta_gattc_main          com.android.bluetooth                E  bta_gattc_hdl_event: Ignore unknown conn ID: 5
2025-09-15 11:28:06.588  1735-2015  bta_gattc_main          com.android.bluetooth                E  bta_gattc_hdl_event: Ignore unknown conn ID: 6
2025-09-15 11:28:06.588  1735-2015  bta_gattc_main          com.android.bluetooth                E  bta_gattc_hdl_event: Ignore unknown conn ID: 7
2025-09-15 11:28:06.588  1735-2015  bta_gattc_main          com.android.bluetooth                E  bta_gattc_hdl_event: Ignore unknown conn ID: 8
2025-09-15 11:28:06.588  1735-2015  bt_stack                com.android.bluetooth                I  [INFO:bta_gattc_db_storage.cc(159)] bta_gattc_cache_load: load cache: /data/misc/bluetooth/gatt_cache_f0d78f4d8082
2025-09-15 11:28:06.589  1735-2015  bt_stack                com.android.bluetooth                E  [ERROR:bta_gattc_db_storage.cc(80)] bta_gattc_load_db: can't open GATT cache file /data/misc/bluetooth/gatt_cache_f0d78f4d8082 for reading, error: No such file or directory
2025-09-15 11:28:06.589  1735-2015  bt_stack                com.android.bluetooth                I  [INFO:gatt_api.cc(711)] GATTC_Discover conn_id=0x0009, disc_type=1, s_handle=0x0001, e_handle=0xffff
2025-09-15 11:28:06.589  1735-2015  bt_stack                com.android.bluetooth                I  [INFO:gatt_cl.cc(101)] gatt_act_discovery opcode: 0x10
2025-09-15 11:28:06.589  1735-2015  bluetooth               com.android.bluetooth                I  attp_cl_send_cmd: Enqueued ATT command
2025-09-15 11:28:06.589  1735-2015  bta_gattc_main          com.android.bluetooth                E  bta_gattc_hdl_event: Ignore unknown conn ID: 13
2025-09-15 11:28:06.589  1735-1940  BluetoothDatabase       com.android.bluetooth                V  getProfileConnectionPolicy: device XX:XX:XX:4D:80:82 profile=BATTERY, connectionPolicy=-1
2025-09-15 11:28:06.590  1735-1940  BatteryService          com.android.bluetooth                E  Cannot connect to xx:xx:xx:xx:80:82 : Remote does not have Battery UUID
2025-09-15 11:28:06.592   798-798   mtk.hal.bt@1.1-impl     and...luetooth@1.1-service-mediatek  D  BtHostDebugInfo
2025-09-15 11:28:06.592   798-798   [BT]                    and...luetooth@1.1-service-mediatek  D  mtk_bt_op: BT_VND_OP_SET_BTHOST
2025-09-15 11:28:06.595   995-2760  StNfcHal                android.hardware.nfc@1.2-service-st  D  (#0360B) Rx 6f 02 11 (hidden)
2025-09-15 11:28:06.597  1267-2403  haohaov                 system_server                        I  [HMDenterprise broadcastIntentLocked] intent=Intent { act=android.bluetooth.device.action.ACL_CONNECTED flg=0x5000000 (has extras) }
2025-09-15 11:28:06.600  1735-1940  BluetoothRemoteDevices  com.android.bluetooth                E  RemoteException in calling IBluetoothConnectionCallback
2025-09-15 11:28:06.601  1735-1940  BluetoothRemoteDevices  com.android.bluetooth                E  RemoteException in calling IBluetoothConnectionCallback
2025-09-15 11:28:06.603  1735-1940  BluetoothRemoteDevices  com.android.bluetooth                E  RemoteException in calling IBluetoothConnectionCallback
2025-09-15 11:28:06.604  1735-1940  BtGatt.GattService      com.android.bluetooth                D  onConnected() - adding permit for address=F0:D7:8F:4D:80:82
2025-09-15 11:28:06.604   807-807   IMGMemtrackHAL          and...hardware.memtrack@1.0-service  D  hal_get_memory: memtrack cache rebuild was required
2025-09-15 11:28:06.605 13829-13839 BluetoothGatt           com.remoticom.energynodeinset        D  onClientConnectionState() - status=0 clientIf=9 device=F0:D7:8F:4D:80:82
2025-09-15 11:28:06.605 13829-13839 ConnectGattOperation    com.remoticom.energynodeinset        V  onConnectionStateChange called
2025-09-15 11:28:06.605 13829-13839 GattConnectionService   com.remoticom.energynodeinset        D  Device connected
2025-09-15 11:28:06.605 13829-13839 GattConnectionService   com.remoticom.energynodeinset        D  state = Connected, error = null
2025-09-15 11:28:06.606 13829-13839 GattConnectionService   com.remoticom.energynodeinset        D  Service state updated with ServiceState(device=DeviceImpl(uuid=00000000-0000-0000-0000-f0d78f4d8082, device=F0:D7:8F:4D:80:82, type=Bdc, serviceUuids=[a55d1c55-0088-ffff-0000-000000000000], health=null, state=null), characteristics=null, isConnecting=true, connectionStatus=Connected, lastGattError=GattError ((133) GATT_ERROR))
2025-09-15 11:28:06.609 13829-13829 NodeListFragment        com.remoticom.energynodeinset        D  Updating list of nodes
2025-09-15 11:28:06.609   995-2760  StNfcHal                android.hardware.nfc@1.2-service-st  D  (#0360C) Rx 6f 02 0a (hidden)
2025-09-15 11:28:06.609 13829-13829 ConnectGattOperation    com.remoticom.energynodeinset        D  FINISHED
2025-09-15 11:28:06.610  1735-1735  BluetoothDatabase       com.android.bluetooth                D  setConnection: device XX:XX:XX:4D:80:82 and isA2dpDevice=false
2025-09-15 11:28:06.610  1735-1735  BluetoothDatabase       com.android.bluetooth                D  Updating last connected time for device: XX:XX:XX:4D:80:82 to 161
2025-09-15 11:28:06.610  1735-1735  BluetoothDatabase       com.android.bluetooth                D  updateDatabase XX:XX:XX:4D:80:82
