2025-09-15 11:28:07.588  1735-2015  bt_stack                com.android.bluetooth                I  [INFO:gatt_cl.cc(799)] gatt_process_read_by_type_rspop=1 subtype=4
2025-09-15 11:28:07.588  1735-2015  bt_stack                com.android.bluetooth                I  [INFO:gatt_cl.cc(983)] gatt_process_read_by_type_rsp: initiate another discovery request
2025-09-15 11:28:07.588  1735-2015  bt_stack                com.android.bluetooth                I  [INFO:gatt_cl.cc(101)] gatt_act_discovery opcode: 0x08
2025-09-15 11:28:07.588  1735-2015  bluetooth               com.android.bluetooth                I  attp_cl_send_cmd: Sending ATT command to l2cap cid:0x0004 eatt_channels:0 transport:BT_TRANSPORT_LE
2025-09-15 11:28:07.589  1735-2015  bluetooth               com.android.bluetooth                I  attp_cl_send_cmd: Starting ATT response timer
2025-09-15 11:28:07.591   995-2760  StNfcHal                android.hardware.nfc@1.2-service-st  D  (#03619) Rx 6f 02 09 (hidden)
2025-09-15 11:28:07.603  1735-2015  bt_stack                com.android.bluetooth                I  [INFO:gatt_cl.cc(1194)] gatt_client_handle_server_rsp opcode: 0x09
2025-09-15 11:28:07.604  1735-2015  bt_stack                com.android.bluetooth                I  [INFO:gatt_cl.cc(799)] gatt_process_read_by_type_rspop=1 subtype=4
2025-09-15 11:28:07.604  1735-2015  bt_stack                com.android.bluetooth                I  [INFO:gatt_cl.cc(983)] gatt_process_read_by_type_rsp: initiate another discovery request
2025-09-15 11:28:07.604  1735-2015  bt_stack                com.android.bluetooth                I  [INFO:gatt_cl.cc(101)] gatt_act_discovery opcode: 0x08
2025-09-15 11:28:07.604  1735-2015  bluetooth               com.android.bluetooth                I  attp_cl_send_cmd: Sending ATT command to l2cap cid:0x0004 eatt_channels:0 transport:BT_TRANSPORT_LE
2025-09-15 11:28:07.604  1735-2015  bluetooth               com.android.bluetooth                I  attp_cl_send_cmd: Starting ATT response timer
2025-09-15 11:28:07.618  1735-2015  bt_stack                com.android.bluetooth                I  [INFO:gatt_cl.cc(1194)] gatt_client_handle_server_rsp opcode: 0x01
2025-09-15 11:28:07.618  1735-2015  bt_stack                com.android.bluetooth                I  [INFO:gatt_cl.cc(533)] gatt_process_error_rsp
2025-09-15 11:28:07.618  1735-2015  bt_stack                com.android.bluetooth                I  [INFO:gatt_utils.cc(1500)] gatt_end_operation status=0 op=1 subtype=4
2025-09-15 11:28:07.619  1735-2015  bt_stack                com.android.bluetooth                I  [INFO:bta_gattc_cache.cc(500)] bta_gattc_disc_cmpl_cback: disc_type=4
2025-09-15 11:28:07.619  1735-2015  bt_stack                com.android.bluetooth                I  [INFO:gatt_api.cc(711)] GATTC_Discover conn_id=0x0009, disc_type=3, s_handle=0x002b, e_handle=0x002d
2025-09-15 11:28:07.619  1735-2015  bt_stack                com.android.bluetooth                I  [INFO:gatt_cl.cc(101)] gatt_act_discovery opcode: 0x08
2025-09-15 11:28:07.619  1735-2015  bluetooth               com.android.bluetooth                I  attp_cl_send_cmd: Sending ATT command to l2cap cid:0x0004 eatt_channels:0 transport:BT_TRANSPORT_LE
2025-09-15 11:28:07.619  1735-2015  bluetooth               com.android.bluetooth                I  attp_cl_send_cmd: Starting ATT response timer
2025-09-15 11:28:07.633  1735-2015  bt_stack                com.android.bluetooth                I  [INFO:gatt_cl.cc(1194)] gatt_client_handle_server_rsp opcode: 0x01
2025-09-15 11:28:07.634  1735-2015  bt_stack                com.android.bluetooth                I  [INFO:gatt_cl.cc(533)] gatt_process_error_rsp
2025-09-15 11:28:07.634  1735-2015  bt_stack                com.android.bluetooth                I  [INFO:gatt_utils.cc(1500)] gatt_end_operation status=0 op=1 subtype=3
2025-09-15 11:28:07.634  1735-2015  bt_stack                com.android.bluetooth                I  [INFO:bta_gattc_cache.cc(500)] bta_gattc_disc_cmpl_cback: disc_type=3
2025-09-15 11:28:07.634  1735-2015  bt_stack                com.android.bluetooth                I  [INFO:gatt_api.cc(711)] GATTC_Discover conn_id=0x0009, disc_type=4, s_handle=0x002b, e_handle=0x002d
2025-09-15 11:28:07.634  1735-2015  bt_stack                com.android.bluetooth                I  [INFO:gatt_cl.cc(101)] gatt_act_discovery opcode: 0x08
2025-09-15 11:28:07.634  1735-2015  bluetooth               com.android.bluetooth                I  attp_cl_send_cmd: Sending ATT command to l2cap cid:0x0004 eatt_channels:0 transport:BT_TRANSPORT_LE
2025-09-15 11:28:07.635  1735-2015  bluetooth               com.android.bluetooth                I  attp_cl_send_cmd: Starting ATT response timer
2025-09-15 11:28:07.648  1735-2015  bt_stack                com.android.bluetooth                I  [INFO:gatt_cl.cc(1194)] gatt_client_handle_server_rsp opcode: 0x09
2025-09-15 11:28:07.648  1735-2015  bt_stack                com.android.bluetooth                I  [INFO:gatt_cl.cc(799)] gatt_process_read_by_type_rspop=1 subtype=4
2025-09-15 11:28:07.649  1735-2015  bt_stack                com.android.bluetooth                I  [INFO:gatt_cl.cc(983)] gatt_process_read_by_type_rsp: initiate another discovery request
2025-09-15 11:28:07.649  1735-2015  bt_stack                com.android.bluetooth                I  [INFO:gatt_cl.cc(101)] gatt_act_discovery opcode: 0x08
2025-09-15 11:28:07.649  1735-2015  bluetooth               com.android.bluetooth                I  attp_cl_send_cmd: Sending ATT command to l2cap cid:0x0004 eatt_channels:0 transport:BT_TRANSPORT_LE
2025-09-15 11:28:07.649  1735-2015  bluetooth               com.android.bluetooth                I  attp_cl_send_cmd: Starting ATT response timer
2025-09-15 11:28:07.663  1735-2015  bt_stack                com.android.bluetooth                I  [INFO:gatt_cl.cc(1194)] gatt_client_handle_server_rsp opcode: 0x01
2025-09-15 11:28:07.663  1735-2015  bt_stack                com.android.bluetooth                I  [INFO:gatt_cl.cc(533)] gatt_process_error_rsp
2025-09-15 11:28:07.663  1735-2015  bt_stack                com.android.bluetooth                I  [INFO:gatt_utils.cc(1500)] gatt_end_operation status=0 op=1 subtype=4
2025-09-15 11:28:07.663  1735-2015  bt_stack                com.android.bluetooth                I  [INFO:bta_gattc_cache.cc(500)] bta_gattc_disc_cmpl_cback: disc_type=4
2025-09-15 11:28:07.664  1735-2015  bt_stack                com.android.bluetooth                I  [INFO:bta_gattc_cache.cc(240)] bta_gattc_explore_srvc_finished: service discovery finished
2025-09-15 11:28:07.664  1735-2015  bluetooth               com.android.bluetooth                I  attp_cl_send_cmd: Sending ATT command to l2cap cid:0x0004 eatt_channels:0 transport:BT_TRANSPORT_LE
2025-09-15 11:28:07.664  1735-2015  bluetooth               com.android.bluetooth                I  attp_cl_send_cmd: Starting ATT response timer
2025-09-15 11:28:07.667   798-798   mtk.hal.bt@1.1-impl     and...luetooth@1.1-service-mediatek  D  BtHostDebugInfo
2025-09-15 11:28:07.667   798-798   [BT]                    and...luetooth@1.1-service-mediatek  D  mtk_bt_op: BT_VND_OP_SET_BTHOST
2025-09-15 11:28:07.677  1735-2015  bt_stack                com.android.bluetooth                I  [INFO:gatt_cl.cc(1194)] gatt_client_handle_server_rsp opcode: 0x03
2025-09-15 11:28:07.678  1735-2015  bt_stack                com.android.bluetooth                I  [INFO:gatt_utils.cc(1500)] gatt_end_operation status=0 op=5 subtype=0
2025-09-15 11:28:07.679 13829-13839 BluetoothGatt           com.remoticom.energynodeinset        D  onConfigureMTU() - Device=F0:D7:8F:4D:80:82 mtu=40 status=0
2025-09-15 11:28:07.680 13829-13839 RequestMtuOperation     com.remoticom.energynodeinset        V  onMtuChanged called
2025-09-15 11:28:07.680 13829-13839 RequestMtuOperation     com.remoticom.energynodeinset        W  MTU 40 below recommended 69
2025-09-15 11:28:07.680 13829-13839 GattConnectionService   com.remoticom.energynodeinset        D  MTU changed to 40
2025-09-15 11:28:07.680 13829-13839 RequestMtuOp            com.remoticom.energynodeinset        D  MTU changed: 40
2025-09-15 11:28:07.682 13829-13829 RequestMtuOperation     com.remoticom.energynodeinset        D  FINISHED
2025-09-15 11:28:07.683 13829-13829 DiscoverSe...sOperation com.remoticom.energynodeinset        D  STARTED
2025-09-15 11:28:07.684 13829-13829 DiscoverSe...sOperation com.remoticom.energynodeinset        V  discoverServices initiated
2025-09-15 11:28:07.684 13829-13829 BluetoothGatt           com.remoticom.energynodeinset        D  discoverServices() - device: F0:D7:8F:4D:80:82
2025-09-15 11:28:07.692  1735-1940  bt_bta_gattc            com.android.bluetooth                I  bta_gattc_get_gatt_db: bta_gattc_get_gatt_db
2025-09-15 11:28:07.696 13829-13839 BluetoothGatt           com.remoticom.energynodeinset        D  onSearchComplete() = Device=F0:D7:8F:4D:80:82 Status=0
2025-09-15 11:28:07.697 13829-13839 DiscoverSe...sOperation com.remoticom.energynodeinset        V  onServicesDiscovered called
2025-09-15 11:28:07.700 13829-13839 DiscoverServicesOp      com.remoticom.energynodeinset        D  Discovered services
2025-09-15 11:28:07.701 13829-13839 DiscoverServicesOp      com.remoticom.energynodeinset        D  Service: uuid=00001801-0000-1000-8000-00805f9b34fb
2025-09-15 11:28:07.701 13829-13839 DiscoverServicesOp      com.remoticom.energynodeinset        D  Characteristic: uuid=00002a05-0000-1000-8000-00805f9b34fb
2025-09-15 11:28:07.702 13829-13839 DiscoverServicesOp      com.remoticom.energynodeinset        D  Service: uuid=00001800-0000-1000-8000-00805f9b34fb
2025-09-15 11:28:07.703 13829-13839 DiscoverServicesOp      com.remoticom.energynodeinset        D  Characteristic: uuid=00002a00-0000-1000-8000-00805f9b34fb
2025-09-15 11:28:07.703 13829-13839 DiscoverServicesOp      com.remoticom.energynodeinset        D  Characteristic: uuid=00002a01-0000-1000-8000-00805f9b34fb
2025-09-15 11:28:07.704 13829-13839 DiscoverServicesOp      com.remoticom.energynodeinset        D  Characteristic: uuid=00002a04-0000-1000-8000-00805f9b34fb
2025-09-15 11:28:07.704 13829-13839 DiscoverServicesOp      com.remoticom.energynodeinset        D  Service: uuid=a55d1c55-0088-0000-0000-f0d78f4d8082
2025-09-15 11:28:07.705 13829-13839 DiscoverServicesOp      com.remoticom.energynodeinset        D  Characteristic: uuid=a55d1c55-0088-0000-0001-f0d78f4d8082
2025-09-15 11:28:07.705 13829-13839 DiscoverServicesOp      com.remoticom.energynodeinset        D  Characteristic: uuid=a55d1c55-0088-0000-0002-f0d78f4d8082
2025-09-15 11:28:07.706 13829-13839 DiscoverServicesOp      com.remoticom.energynodeinset        D  Service: uuid=a55d1c55-0088-0001-0000-f0d78f4d8082
2025-09-15 11:28:07.707 13829-13839 DiscoverServicesOp      com.remoticom.energynodeinset        D  Characteristic: uuid=a55d1c55-0088-0001-0001-f0d78f4d8082
2025-09-15 11:28:07.707 13829-13839 DiscoverServicesOp      com.remoticom.energynodeinset        D  Characteristic: uuid=a55d1c55-0088-0001-0002-f0d78f4d8082
2025-09-15 11:28:07.708 13829-13839 DiscoverServicesOp      com.remoticom.energynodeinset        D  Characteristic: uuid=a55d1c55-0088-0001-0003-f0d78f4d8082
2025-09-15 11:28:07.708 13829-13839 DiscoverServicesOp      com.remoticom.energynodeinset        D  Service: uuid=a55d1c55-0088-0003-0000-f0d78f4d8082
2025-09-15 11:28:07.709 13829-13839 DiscoverServicesOp      com.remoticom.energynodeinset        D  Characteristic: uuid=a55d1c55-0088-0003-0005-f0d78f4d8082
2025-09-15 11:28:07.709 13829-13839 DiscoverServicesOp      com.remoticom.energynodeinset        D  Characteristic: uuid=a55d1c55-0088-0003-0007-f0d78f4d8082
2025-09-15 11:28:07.710 13829-13839 DiscoverServicesOp      com.remoticom.energynodeinset        D  Characteristic: uuid=a55d1c55-0088-0003-0008-f0d78f4d8082
2025-09-15 11:28:07.710 13829-13839 DiscoverServicesOp      com.remoticom.energynodeinset        D  Characteristic: uuid=a55d1c55-0088-0003-0009-f0d78f4d8082
2025-09-15 11:28:07.711 13829-13839 DiscoverServicesOp      com.remoticom.energynodeinset        D  Service: uuid=a55d1c55-0088-0004-0000-f0d78f4d8082
2025-09-15 11:28:07.711 13829-13839 DiscoverServicesOp      com.remoticom.energynodeinset        D  Characteristic: uuid=a55d1c55-0088-0004-0002-f0d78f4d8082
2025-09-15 11:28:07.712 13829-13839 DiscoverServicesOp      com.remoticom.energynodeinset        D  Characteristic: uuid=a55d1c55-0088-0004-0003-f0d78f4d8082
2025-09-15 11:28:07.712 13829-13839 DiscoverServicesOp      com.remoticom.energynodeinset        D  Service: uuid=a55d1c55-0088-0009-0000-f0d78f4d8082
2025-09-15 11:28:07.713 13829-13839 DiscoverServicesOp      com.remoticom.energynodeinset        D  Characteristic: uuid=a55d1c55-0088-0009-0001-f0d78f4d8082
2025-09-15 11:28:07.713 13829-13839 DiscoverServicesOp      com.remoticom.energynodeinset        D  Characteristic: uuid=a55d1c55-0088-0009-0002-f0d78f4d8082
2025-09-15 11:28:07.714 13829-13839 DiscoverServicesOp      com.remoticom.energynodeinset        D  Service: uuid=a55d1c55-0088-000a-0000-f0d78f4d8082
2025-09-15 11:28:07.715 13829-13839 DiscoverServicesOp      com.remoticom.energynodeinset        D  Characteristic: uuid=a55d1c55-0088-000a-0001-f0d78f4d8082
2025-09-15 11:28:07.717 13829-13829 DiscoverSe...sOperation com.remoticom.energynodeinset        D  FINISHED
2025-09-15 11:28:07.782 13829-13839 BluetoothGatt           com.remoticom.energynodeinset        D  onConnectionUpdated() - Device=F0:D7:8F:4D:80:82 interval=39 latency=0 timeout=500 status=0
2025-09-15 11:28:07.959 12190-12282 NearbyMediums           com.google.android.gms.persistent    I  Triggered instant on lost for service id : NearbySharing with hash [ 0x82 0xce 0x0f 0x7c ]
2025-09-15 11:28:07.961 12190-12429 NearbyConnections       com.google.android.gms.persistent    I  Processing instant lost on BlePeripheral BlePeripheral{advertisement=BleAdvertisement { version=2, socketVersion=2, isFast=true, serviceIdHash=null, data=[ 0x23 0x31 0x56 0x39 0x4e 0x11 0x32 0x48 0xab 0x90 0x5c 0xb8 0xc7 0xf0 0xc5 0x47 0x42 0x97 0x2d 0x90 0x89 0x94 0xf7 ], deviceToken=[ 0x06 0xff ], rxAdvertisement=null }, dctAdvertisement=null, address=null, psm=0, deviceToken=<ByteString@3569dee size=2 contents="\006\377">, isSecondProfile=false, rxInstantConnectionAdv=null}.
2025-09-15 11:28:07.970 12190-12429 NearbyConnections       com.google.android.gms.persistent    I  Remove entry from BleAdvertisementProcessor bleEndpoints.
2025-09-15 11:28:07.973 12190-12429 NearbyConnections       com.google.android.gms.persistent    I  ClientProxy(70434510) reporting onEndpointLost(1V9N)
2025-09-15 11:28:07.975 12190-13360 NearbySharing           com.google.android.gms.persistent    I  NearbySharing Internal event EndpointLost(endpointId=1V9N)
2025-09-15 11:28:07.998   995-2760  StNfcHal                android.hardware.nfc@1.2-service-st  D  (#0361A) Rx 6f 02 09 (hidden)
2025-09-15 11:28:08.011   995-2760  StNfcHal                android.hardware.nfc@1.2-service-st  D  (#0361B) Rx 6f 02 0d (hidden)
2025-09-15 11:28:08.021   995-2760  StNfcHal                android.hardware.nfc@1.2-service-st  D  (#0361C) Rx 6f 02 0f (hidden)
2025-09-15 11:28:08.055   995-2760  StNfcHal                android.hardware.nfc@1.2-service-st  D  (#0361D) Rx 6f 02 11 (hidden)
2025-09-15 11:28:08.067   995-2760  StNfcHal                android.hardware.nfc@1.2-service-st  D  (#0361E) Rx 6f 02 0a (hidden)
2025-09-15 11:28:08.077   995-2760  StNfcHal                android.hardware.nfc@1.2-service-st  D  (#0361F) Rx 6f 02 09 (hidden)
2025-09-15 11:28:08.222 13829-13829 BdcWriteSe...dOperation com.remoticom.energynodeinset        D  STARTED
2025-09-15 11:28:08.225 13829-13829 BdcWriteSe...dOperation com.remoticom.energynodeinset        D  currentMtu=40, maxPayload=37
2025-09-15 11:28:08.225 13829-13829 BdcWriteSe...dOperation com.remoticom.energynodeinset        W  MTU below 69, using small frame mode
2025-09-15 11:28:08.230  1735-11078 BtGatt.GattService      com.android.bluetooth                D  writeCharacteristic() - trying to acquire permit.
2025-09-15 11:28:08.232  1735-2015  bt_stack                com.android.bluetooth                I  [INFO:gatt_utils.cc(1470)] gatt_send_write_msg len=4
2025-09-15 11:28:08.232  1735-2015  bluetooth               com.android.bluetooth                I  attp_cl_send_cmd: Sending ATT command to l2cap cid:0x0004 eatt_channels:0 transport:BT_TRANSPORT_LE
2025-09-15 11:28:08.233  1735-2015  bt_stack                com.android.bluetooth                I  [INFO:gatt_utils.cc(1500)] gatt_end_operation status=0 op=3 subtype=1
2025-09-15 11:28:08.233  1735-1940  BtGatt.GattService      com.android.bluetooth                D  onWriteCharacteristic() - increasing permit for address=F0:D7:8F:4D:80:82
2025-09-15 11:28:08.235 13829-13839 BdcWriteSe...dOperation com.remoticom.energynodeinset        V  onCharacteristicWrite called
2025-09-15 11:28:08.240 13829-13829 BdcWriteSe...dOperation com.remoticom.energynodeinset        D  FINISHED
2025-09-15 11:28:08.468 12190-12429 NearbyMediums           com.google.android.gms.persistent    I  No BLE Fast/GATT advertisements found in the latest cycle.
2025-09-15 11:28:08.469 12190-12429 NearbyMediums           com.google.android.gms.persistent    I  Current Tracked Scanning Clients are : {NearbyConnections.EnvironmentMonitor, NearbySharing}
2025-09-15 11:28:08.475 12190-12352 NearbyConnections       com.google.android.gms.persistent    I  Processing lost BlePeripheral BlePeripheral{advertisement=BleAdvertisement { version=2, socketVersion=2, isFast=true, serviceIdHash=null, data=[ 0x23 0x31 0x56 0x39 0x4e 0x11 0x32 0x48 0xab 0x90 0x5c 0xb8 0xc7 0xf0 0xc5 0x47 0x42 0x97 0x2d 0x90 0x89 0x94 0xf7 ], deviceToken=[ 0x06 0xff ], rxAdvertisement=null }, dctAdvertisement=null, address=null, psm=0, deviceToken=<ByteString@413f28f size=2 contents="\006\377">, isSecondProfile=false, rxInstantConnectionAdv=null}.
2025-09-15 11:28:08.478 12190-12352 NearbyConnections       com.google.android.gms.persistent    I  Processing lost BlePeripheral BlePeripheral{advertisement=BleAdvertisement { version=2, socketVersion=2, isFast=true, serviceIdHash=null, data=[ 0x23 0x34 0x4a 0x4e 0x44 0x11 0x32 0x52 0x23 0xea 0x58 0x88 0x08 0x55 0x4c 0x24 0xf0 0x87 0x8f 0xba 0x02 0x13 0xa3 ], deviceToken=[ 0x89 0x9c ], rxAdvertisement=null }, dctAdvertisement=null, address=null, psm=0, deviceToken=<ByteString@c729925 size=2 contents="\211\234">, isSecondProfile=false, rxInstantConnectionAdv=null}.
2025-09-15 11:28:08.480 12190-12352 NearbyConnections       com.google.android.gms.persistent    I  Lost BleEndpoint for BlePeripheral BlePeripheral{advertisement=BleAdvertisement { version=2, socketVersion=2, isFast=true, serviceIdHash=null, data=[ 0x23 0x34 0x4a 0x4e 0x44 0x11 0x32 0x52 0x23 0xea 0x58 0x88 0x08 0x55 0x4c 0x24 0xf0 0x87 0x8f 0xba 0x02 0x13 0xa3 ], deviceToken=[ 0x89 0x9c ], rxAdvertisement=null }, dctAdvertisement=null, address=null, psm=0, deviceToken=<ByteString@c729925 size=2 contents="\211\234">, isSecondProfile=false, rxInstantConnectionAdv=null} (with EndpointId 4JND and EndpointInfo [ 0x32 0x52 0x23 0xea 0x58 0x88 0x08 0x55 0x4c 0x24 0xf0 0x87 0x8f 0xba 0x02 0x13 0xa3 ]).
2025-09-15 11:28:08.483 12190-12352 NearbyConnections       com.google.android.gms.persistent    I  ClientProxy(70434510) reporting onEndpointLost(4JND)
2025-09-15 11:28:08.483   995-2760  StNfcHal                android.hardware.nfc@1.2-service-st  D  (#03620) Rx 6f 02 09 (hidden)
2025-09-15 11:28:08.486 12190-12429 NearbySharing           com.google.android.gms.persistent    I  NearbySharing Internal event EndpointLost(endpointId=4JND)
2025-09-15 11:28:08.488 12190-12352 NearbyConnections       com.google.android.gms.persistent    I  Processing lost BlePeripheral BlePeripheral{advertisement=BleAdvertisement { version=2, socketVersion=2, isFast=true, serviceIdHash=null, data=[ 0x23 0x39 0x59 0x41 0x56 0x11 0x32 0xe8 0x70 0xca 0x35 0x11 0xec 0x8c 0xb8 0x37 0xd4 0xc3 0xba 0x26 0x77 0x09 0x43 ], deviceToken=[ 0xfb 0x17 ], rxAdvertisement=null }, dctAdvertisement=null, address=null, psm=0, deviceToken=<ByteString@f12aafa size=2 contents="\373\027">, isSecondProfile=false, rxInstantConnectionAdv=null}.
2025-09-15 11:28:08.490 12190-12352 NearbyConnections       com.google.android.gms.persistent    I  Lost BleEndpoint for BlePeripheral BlePeripheral{advertisement=BleAdvertisement { version=2, socketVersion=2, isFast=true, serviceIdHash=null, data=[ 0x23 0x39 0x59 0x41 0x56 0x11 0x32 0xe8 0x70 0xca 0x35 0x11 0xec 0x8c 0xb8 0x37 0xd4 0xc3 0xba 0x26 0x77 0x09 0x43 ], deviceToken=[ 0xfb 0x17 ], rxAdvertisement=null }, dctAdvertisement=null, address=null, psm=0, deviceToken=<ByteString@f12aafa size=2 contents="\373\027">, isSecondProfile=false, rxInstantConnectionAdv=null} (with EndpointId 9YAV and EndpointInfo [ 0x32 0xe8 0x70 0xca 0x35 0x11 0xec 0x8c 0xb8 0x37 0xd4 0xc3 0xba 0x26 0x77 0x09 0x43 ]).
2025-09-15 11:28:08.493 12190-12352 NearbyConnections       com.google.android.gms.persistent    I  ClientProxy(70434510) reporting onEndpointLost(9YAV)
2025-09-15 11:28:08.496 12190-12429 NearbySharing           com.google.android.gms.persistent    I  NearbySharing Internal event EndpointLost(endpointId=9YAV)
2025-09-15 11:28:08.497   995-2760  StNfcHal                android.hardware.nfc@1.2-service-st  D  (#03621) Rx 6f 02 0d (hidden)
2025-09-15 11:28:08.507   995-2760  StNfcHal                android.hardware.nfc@1.2-service-st  D  (#03622) Rx 6f 02 0f (hidden)
2025-09-15 11:28:08.541   995-2760  StNfcHal                android.hardware.nfc@1.2-service-st  D  (#03623) Rx 6f 02 11 (hidden)
2025-09-15 11:28:08.555   995-2760  StNfcHal                android.hardware.nfc@1.2-service-st  D  (#03624) Rx 6f 02 0a (hidden)
2025-09-15 11:28:08.563   995-2760  StNfcHal                android.hardware.nfc@1.2-service-st  D  (#03625) Rx 6f 02 09 (hidden)
2025-09-15 11:28:08.746 13829-13829 GattConnectionService   com.remoticom.energynodeinset        D  Service state updated with ServiceState(device=DeviceImpl(uuid=00000000-0000-0000-0000-f0d78f4d8082, device=F0:D7:8F:4D:80:82, type=Bdc, serviceUuids=[a55d1c55-0088-ffff-0000-000000000000], health=null, state=null), characteristics=null, isConnecting=false, connectionStatus=Connected, lastGattError=GattError ((133) GATT_ERROR))
2025-09-15 11:28:08.747 13829-13829 BdcReadGen...eOperation com.remoticom.energynodeinset        D  STARTED
2025-09-15 11:28:08.750 13829-13829 BdcReadGen...eOperation com.remoticom.energynodeinset        V  readCharacteristic initiated
2025-09-15 11:28:08.755  1735-2015  bluetooth               com.android.bluetooth                I  attp_cl_send_cmd: Sending ATT command to l2cap cid:0x0004 eatt_channels:0 transport:BT_TRANSPORT_LE
2025-09-15 11:28:08.755  1735-2015  bluetooth               com.android.bluetooth                I  attp_cl_send_cmd: Starting ATT response timer
2025-09-15 11:28:08.766 13829-13829 NodeListFragment        com.remoticom.energynodeinset        D  Updating list of nodes
2025-09-15 11:28:08.790  1067-1067  thermal_repeater        thermal                              I  [recvMdThermalInfo] ret=33, strLen=127,  2, 32767, -127, 111, 32767, 4046
2025-09-15 11:28:08.799   823-823   BufferQueueProducer     surfaceflinger                       I  [com.remoticom.energynodeinset/com.remoticom.streetlighting.MainActivity#1491](this:0xb400007c3ee4ce70,id:-1,api:0,p:-1,c:823) queueBuffer: fps=15.00 dur=3133.71 max=2165.71 min=14.47
2025-09-15 11:28:08.807   823-823   HWC2                    surfaceflinger                       W  Can't query capability SkipColorTransform. Display Capabilities were not queried from HWC yet
2025-09-15 11:28:08.814   823-823   BufferQueueProducer     surfaceflinger                       I  [VDS-studio.screen.sharing:0 SCRATCH](this:0xb400007bfedeadc8,id:-1,api:1,p:823,c:823) queueBuffer: fps=14.99 dur=3136.21 max=2174.85 min=14.07
2025-09-15 11:28:08.817   804-911   hwcomposer              and...graphics.composer@2.1-service  I  [HWCDisplay] [Display_2 (type:2)] fps:14.981922,dur:3137.11,max:2176.07,min:13.88  
2025-09-15 11:28:08.819   804-13949 [GrallocExtra-ERROR]    and...graphics.composer@2.1-service  E  gralloc_extra_query:105 gralloc_extra_query with NULL handle: 0x0
2025-09-15 11:28:08.822   823-823   BufferQueueProducer     surfaceflinger                       I  [VDS-studio.screen.sharing:0 SINK](this:0xb400007bfedead38,id:-1,api:1,p:823,c:823) queueBuffer: fps=14.97 dur=3139.11 max=2179.54 min=14.06
2025-09-15 11:28:08.830   823-823   BufferQueueProducer     surfaceflinger                       I  [FramebufferSurface](this:0xb400007beece7af0,id:-1,api:1,p:823,c:823) queueBuffer: fps=14.97 dur=3138.94 max=2182.59 min=14.87
2025-09-15 11:28:08.831   804-911   hwcomposer              and...graphics.composer@2.1-service  I  [HWCDisplay] [Display_0 (type:1)] fps:14.973413,dur:3138.90,max:2183.11,min:14.84  
2025-09-15 11:28:08.834   823-823   SurfaceFlinger          surfaceflinger                       I  operator()(), mtkRenderCntDebug 12431, screenshot (com.remoticom.energynodeinset/com.remoticom.streetlighting.MainActivity#1491)
2025-09-15 11:28:08.869   823-823   HWC2                    surfaceflinger                       W  Can't query capability SkipColorTransform. Display Capabilities were not queried from HWC yet
2025-09-15 11:28:08.877   804-13949 [GrallocExtra-ERROR]    and...graphics.composer@2.1-service  E  gralloc_extra_query:105 gralloc_extra_query with NULL handle: 0x0
2025-09-15 11:28:08.902   823-823   HWC2                    surfaceflinger                       W  Can't query capability SkipColorTransform. Display Capabilities were not queried from HWC yet
2025-09-15 11:28:08.908   804-13949 [GrallocExtra-ERROR]    and...graphics.composer@2.1-service  E  gralloc_extra_query:105 gralloc_extra_query with NULL handle: 0x0
2025-09-15 11:28:08.922   806-1979  C2MtkComponentStore     and...ardware.media.c2@1.2-mediatek  D  setIonUsage: usage 5, flags 65539, minAlign 0, heapMask 1024 for decoder and encoder.
2025-09-15 11:28:08.922   823-823   HWC2                    surfaceflinger                       W  Can't query capability SkipColorTransform. Display Capabilities were not queried from HWC yet
2025-09-15 11:28:08.928   804-13949 [GrallocExtra-ERROR]    and...graphics.composer@2.1-service  E  gralloc_extra_query:105 gralloc_extra_query with NULL handle: 0x0
2025-09-15 11:28:08.943   823-823   HWC2                    surfaceflinger                       W  Can't query capability SkipColorTransform. Display Capabilities were not queried from HWC yet
2025-09-15 11:28:08.949   804-13949 [GrallocExtra-ERROR]    and...graphics.composer@2.1-service  E  gralloc_extra_query:105 gralloc_extra_query with NULL handle: 0x0
2025-09-15 11:28:08.964   823-823   HWC2                    surfaceflinger                       W  Can't query capability SkipColorTransform. Display Capabilities were not queried from HWC yet
2025-09-15 11:28:08.967   995-2760  StNfcHal                android.hardware.nfc@1.2-service-st  D  (#03626) Rx 6f 02 0a (hidden)
2025-09-15 11:28:08.969   804-13949 [GrallocExtra-ERROR]    and...graphics.composer@2.1-service  E  gralloc_extra_query:105 gralloc_extra_query with NULL handle: 0x0
2025-09-15 11:28:08.986   823-823   HWC2                    surfaceflinger                       W  Can't query capability SkipColorTransform. Display Capabilities were not queried from HWC yet
2025-09-15 11:28:08.992   804-13949 [GrallocExtra-ERROR]    and...graphics.composer@2.1-service  E  gralloc_extra_query:105 gralloc_extra_query with NULL handle: 0x0
2025-09-15 11:28:09.009   823-823   HWC2                    surfaceflinger                       W  Can't query capability SkipColorTransform. Display Capabilities were not queried from HWC yet
2025-09-15 11:28:09.016   804-13949 [GrallocExtra-ERROR]    and...graphics.composer@2.1-service  E  gralloc_extra_query:105 gralloc_extra_query with NULL handle: 0x0
2025-09-15 11:28:09.023 13520-13537 CCodecBufferChannel     app_process                          D  elapsed: mInputMetEos 0, hasPendingOutputsInClient 0, n 0
2025-09-15 11:28:09.024 13520-13537 PipelineWatcher         app_process                          D  [0xb400006e30827888] elapsed: mFramesInPipeline 0, n 0
2025-09-15 11:28:09.031   823-823   HWC2                    surfaceflinger                       W  Can't query capability SkipColorTransform. Display Capabilities were not queried from HWC yet
2025-09-15 11:28:09.035   804-13949 [GrallocExtra-ERROR]    and...graphics.composer@2.1-service  E  gralloc_extra_query:105 gralloc_extra_query with NULL handle: 0x0
2025-09-15 11:28:09.046   823-823   SurfaceFlinger          surfaceflinger                       I  operator()(), mtkRenderCntDebug 12432, screenshot (com.remoticom.energynodeinset/com.remoticom.streetlighting.MainActivity#1491)
2025-09-15 11:28:09.259   995-2760  StNfcHal                android.hardware.nfc@1.2-service-st  D  (#03627) Rx 6f 02 2e (hidden)
2025-09-15 11:28:09.570   995-2760  StNfcHal                android.hardware.nfc@1.2-service-st  D  (#03628) Rx 6f 02 0f (hidden)
2025-09-15 11:28:09.583  1735-2015  bt_stack                com.android.bluetooth                I  [INFO:gatt_cl.cc(1194)] gatt_client_handle_server_rsp opcode: 0x0b
2025-09-15 11:28:09.584  1735-2015  bt_stack                com.android.bluetooth                I  [INFO:gatt_utils.cc(1500)] gatt_end_operation status=0 op=2 subtype=2
2025-09-15 11:28:09.586 13829-13841 BdcReadGen...eOperation com.remoticom.energynodeinset        V  onCharacteristicRead called
2025-09-15 11:28:09.589 13829-13829 BdcReadGen...eOperation com.remoticom.energynodeinset        D  FINISHED
2025-09-15 11:28:09.590 13829-13829 BdcReadGen...eOperation com.remoticom.energynodeinset        D  STARTED
2025-09-15 11:28:09.591 13829-13829 BdcReadGen...eOperation com.remoticom.energynodeinset        V  readCharacteristic initiated
2025-09-15 11:28:09.596  1735-2015  bluetooth               com.android.bluetooth                I  attp_cl_send_cmd: Sending ATT command to l2cap cid:0x0004 eatt_channels:0 transport:BT_TRANSPORT_LE
2025-09-15 11:28:09.596  1735-2015  bluetooth               com.android.bluetooth                I  attp_cl_send_cmd: Starting ATT response timer
2025-09-15 11:28:09.731  1735-2015  bt_stack                com.android.bluetooth                I  [INFO:gatt_cl.cc(1194)] gatt_client_handle_server_rsp opcode: 0x0b
2025-09-15 11:28:09.732  1735-2015  bt_stack                com.android.bluetooth                I  [INFO:gatt_utils.cc(1500)] gatt_end_operation status=0 op=2 subtype=2
2025-09-15 11:28:09.734 13829-13841 BdcReadGen...eOperation com.remoticom.energynodeinset        V  onCharacteristicRead called
2025-09-15 11:28:09.737 13829-13829 BdcReadGen...eOperation com.remoticom.energynodeinset        D  FINISHED
2025-09-15 11:28:09.738 13829-13829 BdcReadDim...tOperation com.remoticom.energynodeinset        D  STARTED
2025-09-15 11:28:09.739 13829-13829 BdcReadDim...tOperation com.remoticom.energynodeinset        V  readCharacteristic initiated
2025-09-15 11:28:09.744  1735-2015  bluetooth               com.android.bluetooth                I  attp_cl_send_cmd: Sending ATT command to l2cap cid:0x0004 eatt_channels:0 transport:BT_TRANSPORT_LE
2025-09-15 11:28:09.744  1735-2015  bluetooth               com.android.bluetooth                I  attp_cl_send_cmd: Starting ATT response timer
2025-09-15 11:28:09.774  1267-1758  haohaov                 system_server                        I  [HMDenterprise broadcastIntentLocked] intent=Intent { act=android.intent.action.SIG_STR (has extras) }
2025-09-15 11:28:09.779  1267-1758  haohaov                 system_server                        I  [HMDenterprise broadcastIntentLocked] intent=Intent { act=android.intent.action.SIG_STR (has extras) }
2025-09-15 11:28:09.798   814-874   libPerfCtl              ven...hardware.mtkpower@1.0-service  I  xgfGetFPS pid:13829 fps:52
2025-09-15 11:28:09.828  1735-2015  bt_stack                com.android.bluetooth                I  [INFO:gatt_cl.cc(1194)] gatt_client_handle_server_rsp opcode: 0x0b
2025-09-15 11:28:09.828  1735-2015  bt_stack                com.android.bluetooth                I  [INFO:gatt_utils.cc(1500)] gatt_end_operation status=0 op=2 subtype=2
2025-09-15 11:28:09.830 13829-13841 BdcReadDim...tOperation com.remoticom.energynodeinset        V  onCharacteristicRead called
2025-09-15 11:28:09.831   995-2760  StNfcHal                android.hardware.nfc@1.2-service-st  D  (#03629) Rx 6f 02 16 (hidden)
2025-09-15 11:28:09.832 13829-13829 BdcReadDim...tOperation com.remoticom.energynodeinset        D  FINISHED
2025-09-15 11:28:09.833 13829-13829 BdcReadDim...sOperation com.remoticom.energynodeinset        D  STARTED
2025-09-15 11:28:09.834 13829-13829 BdcReadDim...sOperation com.remoticom.energynodeinset        V  readCharacteristic initiated
2025-09-15 11:28:09.838  1735-2015  bluetooth               com.android.bluetooth                I  attp_cl_send_cmd: Sending ATT command to l2cap cid:0x0004 eatt_channels:0 transport:BT_TRANSPORT_LE
2025-09-15 11:28:09.839  1735-2015  bluetooth               com.android.bluetooth                I  attp_cl_send_cmd: Starting ATT response timer
2025-09-15 11:28:09.841   995-2760  StNfcHal                android.hardware.nfc@1.2-service-st  D  (#0362A) Rx 6f 02 09 (hidden)
2025-09-15 11:28:09.850   995-2760  StNfcHal                android.hardware.nfc@1.2-service-st  D  (#0362B) Rx 6f 02 0d (hidden)
2025-09-15 11:28:09.852 12190-12190 ThreadPoolForeg         com.google.android.gms.persistent    W  type=1400 audit(0.0:21831): avc: denied { write } for name="traced_producer" dev="tmpfs" ino=21781 scontext=u:r:gmscore_app:s0:c512,c768 tcontext=u:object_r:traced_producer_socket:s0 tclass=sock_file permissive=0 app=com.google.android.gms
2025-09-15 11:28:09.860   995-2760  StNfcHal                android.hardware.nfc@1.2-service-st  D  (#0362C) Rx 6f 02 0f (hidden)
2025-09-15 11:28:09.887   995-2760  StNfcHal                android.hardware.nfc@1.2-service-st  D  (#0362D) Rx 6f 02 11 (hidden)
2025-09-15 11:28:09.901   995-2760  StNfcHal                android.hardware.nfc@1.2-service-st  D  (#0362E) Rx 6f 02 0a (hidden)
2025-09-15 11:28:09.911   995-2760  StNfcHal                android.hardware.nfc@1.2-service-st  D  (#0362F) Rx 6f 02 09 (hidden)
2025-09-15 11:28:09.925  1735-2015  bt_stack                com.android.bluetooth                I  [INFO:gatt_cl.cc(1194)] gatt_client_handle_server_rsp opcode: 0x0b
2025-09-15 11:28:09.926  1735-2015  bt_stack                com.android.bluetooth                I  [INFO:gatt_utils.cc(1500)] gatt_end_operation status=0 op=2 subtype=2
2025-09-15 11:28:09.928 13829-13841 BdcReadDim...sOperation com.remoticom.energynodeinset        V  onCharacteristicRead called
2025-09-15 11:28:09.930 13829-13829 BdcReadDim...sOperation com.remoticom.energynodeinset        D  FINISHED
2025-09-15 11:28:09.932 13829-13829 BdcReadDim...lOperation com.remoticom.energynodeinset        D  STARTED
2025-09-15 11:28:09.933 13829-13829 BdcReadDim...lOperation com.remoticom.energynodeinset        V  readCharacteristic initiated
2025-09-15 11:28:09.937  1735-2015  bluetooth               com.android.bluetooth                I  attp_cl_send_cmd: Sending ATT command to l2cap cid:0x0004 eatt_channels:0 transport:BT_TRANSPORT_LE
2025-09-15 11:28:09.938  1735-2015  bluetooth               com.android.bluetooth                I  attp_cl_send_cmd: Starting ATT response timer
2025-09-15 11:28:10.023  1735-2015  bt_stack                com.android.bluetooth                I  [INFO:gatt_cl.cc(1194)] gatt_client_handle_server_rsp opcode: 0x0b
2025-09-15 11:28:10.023  1735-2015  bt_stack                com.android.bluetooth                I  [INFO:gatt_utils.cc(1500)] gatt_end_operation status=0 op=2 subtype=2
2025-09-15 11:28:10.026 13829-13841 BdcReadDim...lOperation com.remoticom.energynodeinset        V  onCharacteristicRead called
2025-09-15 11:28:10.028 13829-13829 BdcReadDim...lOperation com.remoticom.energynodeinset        D  FINISHED
2025-09-15 11:28:10.029 13829-13829 BdcReadDal...eOperation com.remoticom.energynodeinset        D  STARTED
2025-09-15 11:28:10.031 13829-13829 BdcReadDal...eOperation com.remoticom.energynodeinset        V  readCharacteristic initiated
2025-09-15 11:28:10.036  1735-2015  bluetooth               com.android.bluetooth                I  attp_cl_send_cmd: Sending ATT command to l2cap cid:0x0004 eatt_channels:0 transport:BT_TRANSPORT_LE
2025-09-15 11:28:10.036  1735-2015  bluetooth               com.android.bluetooth                I  attp_cl_send_cmd: Starting ATT response timer
2025-09-15 11:28:10.317   995-2760  StNfcHal                android.hardware.nfc@1.2-service-st  D  (#03630) Rx 6f 02 09 (hidden)
2025-09-15 11:28:10.331   995-2760  StNfcHal                android.hardware.nfc@1.2-service-st  D  (#03631) Rx 6f 02 0d (hidden)
2025-09-15 11:28:10.341   995-2760  StNfcHal                android.hardware.nfc@1.2-service-st  D  (#03632) Rx 6f 02 0f (hidden)
2025-09-15 11:28:10.376   995-2760  StNfcHal                android.hardware.nfc@1.2-service-st  D  (#03633) Rx 6f 02 11 (hidden)
2025-09-15 11:28:10.389   995-2760  StNfcHal                android.hardware.nfc@1.2-service-st  D  (#03634) Rx 6f 02 0a (hidden)
2025-09-15 11:28:10.398   995-2760  StNfcHal                android.hardware.nfc@1.2-service-st  D  (#03635) Rx 6f 02 09 (hidden)
2025-09-15 11:28:10.560  1735-2015  bt_stack                com.android.bluetooth                I  [INFO:gatt_cl.cc(1194)] gatt_client_handle_server_rsp opcode: 0x0b
2025-09-15 11:28:10.560  1735-2015  bt_stack                com.android.bluetooth                I  [INFO:gatt_utils.cc(1500)] gatt_end_operation status=0 op=2 subtype=2
2025-09-15 11:28:10.562 13829-13841 BdcReadDal...eOperation com.remoticom.energynodeinset        V  onCharacteristicRead called
2025-09-15 11:28:10.564 13829-13829 BdcReadDal...eOperation com.remoticom.energynodeinset        D  FINISHED
2025-09-15 11:28:10.565 13829-13829 BdcReadTim...pOperation com.remoticom.energynodeinset        D  STARTED
2025-09-15 11:28:10.566 13829-13829 BdcReadTim...pOperation com.remoticom.energynodeinset        V  readCharacteristic initiated
2025-09-15 11:28:10.571  1735-2015  bluetooth               com.android.bluetooth                I  attp_cl_send_cmd: Sending ATT command to l2cap cid:0x0004 eatt_channels:0 transport:BT_TRANSPORT_LE
2025-09-15 11:28:10.571  1735-2015  bluetooth               com.android.bluetooth                I  attp_cl_send_cmd: Starting ATT response timer
2025-09-15 11:28:10.656  1735-2015  bt_stack                com.android.bluetooth                I  [INFO:gatt_cl.cc(1194)] gatt_client_handle_server_rsp opcode: 0x0b
2025-09-15 11:28:10.657  1735-2015  bt_stack                com.android.bluetooth                I  [INFO:gatt_utils.cc(1500)] gatt_end_operation status=0 op=2 subtype=2
2025-09-15 11:28:10.659 13829-13841 BdcReadTim...pOperation com.remoticom.energynodeinset        V  onCharacteristicRead called
2025-09-15 11:28:10.662 13829-13829 BdcReadTim...pOperation com.remoticom.energynodeinset        D  FINISHED
2025-09-15 11:28:10.663 13829-13829 BdcReadTim...tOperation com.remoticom.energynodeinset        D  STARTED
2025-09-15 11:28:10.664 13829-13829 BdcReadTim...tOperation com.remoticom.energynodeinset        V  readCharacteristic initiated
2025-09-15 11:28:10.668  1735-2015  bluetooth               com.android.bluetooth                I  attp_cl_send_cmd: Sending ATT command to l2cap cid:0x0004 eatt_channels:0 transport:BT_TRANSPORT_LE
2025-09-15 11:28:10.669  1735-2015  bluetooth               com.android.bluetooth                I  attp_cl_send_cmd: Starting ATT response timer
2025-09-15 11:28:10.755  1735-2015  bt_stack                com.android.bluetooth                I  [INFO:gatt_cl.cc(1194)] gatt_client_handle_server_rsp opcode: 0x0b
2025-09-15 11:28:10.755  1735-2015  bt_stack                com.android.bluetooth                I  [INFO:gatt_utils.cc(1500)] gatt_end_operation status=0 op=2 subtype=2
2025-09-15 11:28:10.757 13829-13841 BdcReadTim...tOperation com.remoticom.energynodeinset        V  onCharacteristicRead called
2025-09-15 11:28:10.760 13829-13829 BdcReadTim...tOperation com.remoticom.energynodeinset        D  FINISHED
2025-09-15 11:28:10.761 13829-13829 BdcReadDia...sOperation com.remoticom.energynodeinset        D  STARTED
2025-09-15 11:28:10.762 13829-13829 BdcReadDia...sOperation com.remoticom.energynodeinset        V  readCharacteristic initiated
2025-09-15 11:28:10.766  1735-2015  bluetooth               com.android.bluetooth                I  attp_cl_send_cmd: Sending ATT command to l2cap cid:0x0004 eatt_channels:0 transport:BT_TRANSPORT_LE
2025-09-15 11:28:10.767  1735-2015  bluetooth               com.android.bluetooth                I  attp_cl_send_cmd: Starting ATT response timer
2025-09-15 11:28:10.803   995-2760  StNfcHal                android.hardware.nfc@1.2-service-st  D  (#03636) Rx 6f 02 09 (hidden)
2025-09-15 11:28:10.814   995-2760  StNfcHal                android.hardware.nfc@1.2-service-st  D  (#03637) Rx 6f 02 0f (hidden)
2025-09-15 11:28:10.824   995-2760  StNfcHal                android.hardware.nfc@1.2-service-st  D  (#03638) Rx 6f 02 19 (hidden)
2025-09-15 11:28:10.852  1735-2015  bt_stack                com.android.bluetooth                I  [INFO:gatt_cl.cc(1194)] gatt_client_handle_server_rsp opcode: 0x0b
2025-09-15 11:28:10.852  1735-2015  bt_stack                com.android.bluetooth                I  [INFO:gatt_utils.cc(1500)] gatt_end_operation status=0 op=2 subtype=2
2025-09-15 11:28:10.855 13829-13841 BdcReadDia...sOperation com.remoticom.energynodeinset        V  onCharacteristicRead called
2025-09-15 11:28:10.859   995-2760  StNfcHal                android.hardware.nfc@1.2-service-st  D  (#03639) Rx 6f 02 11 (hidden)
2025-09-15 11:28:10.862 13829-13829 BdcReadDia...sOperation com.remoticom.energynodeinset        D  FINISHED
2025-09-15 11:28:10.864 13829-13829 BdcReadDia...nOperation com.remoticom.energynodeinset        D  STARTED
2025-09-15 11:28:10.868 13829-13829 BdcReadDia...nOperation com.remoticom.energynodeinset        V  readCharacteristic initiated
2025-09-15 11:28:10.872   995-2760  StNfcHal                android.hardware.nfc@1.2-service-st  D  (#0363A) Rx 6f 02 0a (hidden)
2025-09-15 11:28:10.873  1735-2015  bluetooth               com.android.bluetooth                I  attp_cl_send_cmd: Sending ATT command to l2cap cid:0x0004 eatt_channels:0 transport:BT_TRANSPORT_LE
2025-09-15 11:28:10.874  1735-2015  bluetooth               com.android.bluetooth                I  attp_cl_send_cmd: Starting ATT response timer
2025-09-15 11:28:10.883   995-2760  StNfcHal                android.hardware.nfc@1.2-service-st  D  (#0363B) Rx 6f 02 09 (hidden)
2025-09-15 11:28:10.997  1735-2015  bt_stack                com.android.bluetooth                I  [INFO:gatt_cl.cc(1194)] gatt_client_handle_server_rsp opcode: 0x0b
2025-09-15 11:28:10.998  1735-2015  bt_stack                com.android.bluetooth                I  [INFO:gatt_utils.cc(1500)] gatt_end_operation status=0 op=2 subtype=2
2025-09-15 11:28:11.001 13829-13841 BdcReadDia...nOperation com.remoticom.energynodeinset        V  onCharacteristicRead called
2025-09-15 11:28:11.005 13829-13829 BdcReadDia...nOperation com.remoticom.energynodeinset        D  FINISHED
2025-09-15 11:28:11.010 13829-13829 GattConnectionService   com.remoticom.energynodeinset        D  Service state updated with ServiceState(device=DeviceImpl(uuid=00000000-0000-0000-0000-f0d78f4d8082, device=F0:D7:8F:4D:80:82, type=Bdc, serviceUuids=[a55d1c55-0088-ffff-0000-000000000000], health=null, state=null), characteristics=DeviceCharacteristics(general=GeneralCharacteristics(mode=STEP_DIMMING, name=????????????????????????????????????????), dim=DimCharacteristics(preset=5, steps=[DimStep(hour=9, minute=0, level=100), DimStep(hour=20, minute=30, level=75), DimStep(hour=22, minute=0, level=50), DimStep(hour=2, minute=0, level=75), DimStep(hour=3, minute=0, level=100)], level=100), dali=DaliCharacteristics(clo=null, powerLevel=null, availablePowerLevels=null, fixtureName=null, fadeTime=4), time=TimeCharacteristics(timezone=null, unixTimestamp=0, midnightOffset=0), gps=null, diagnostics=DiagnosticsCharacteristics(status=2, version=DiagnosticsVersion(firmwareVersion=Version(major=1, minor=2, patch=3, build=null), libraryVersion=Version(major=0, minor=0, patch=0, build=null))), daliBanks=null), isConnecting=false, connectionStatus=Connected, lastGattError=GattError ((133) GATT_ERROR))
2025-09-15 11:28:11.021 13829-13829 NodeListFragment        com.remoticom.energynodeinset        D  Updating list of nodes
2025-09-15 11:28:11.046   823-823   BufferQueueProducer     surfaceflinger                       I  [com.remoticom.energynodeinset/com.remoticom.streetlighting.MainActivity#1491](this:0xb400007c3ee4ce70,id:-1,api:0,p:-1,c:823) queueBuffer: fps=4.00 dur=2247.75 max=2019.15 min=19.79
2025-09-15 11:28:11.056   823-823   HWC2                    surfaceflinger                       W  Can't query capability SkipColorTransform. Display Capabilities were not queried from HWC yet
2025-09-15 11:28:11.063   823-823   BufferQueueProducer     surfaceflinger                       I  [VDS-studio.screen.sharing:0 SCRATCH](this:0xb400007bfedeadc8,id:-1,api:1,p:823,c:823) queueBuffer: fps=4.00 dur=2248.85 max=2029.45 min=19.14
2025-09-15 11:28:11.065   804-911   hwcomposer              and...graphics.composer@2.1-service  I  [HWCDisplay] [Display_2 (type:2)] fps:4.002888,dur:2248.38,max:2030.30,min:19.06  
2025-09-15 11:28:11.066   804-13949 [GrallocExtra-ERROR]    and...graphics.composer@2.1-service  E  gralloc_extra_query:105 gralloc_extra_query with NULL handle: 0x0
2025-09-15 11:28:11.068   823-823   BufferQueueProducer     surfaceflinger                       I  [VDS-studio.screen.sharing:0 SINK](this:0xb400007bfedead38,id:-1,api:1,p:823,c:823) queueBuffer: fps=4.01 dur=2245.95 max=2031.25 min=18.62
2025-09-15 11:28:11.075   823-823   BufferQueueProducer     surfaceflinger                       I  [FramebufferSurface](this:0xb400007beece7af0,id:-1,api:1,p:823,c:823) queueBuffer: fps=4.01 dur=2245.50 max=2031.97 min=18.45
2025-09-15 11:28:11.076   804-911   hwcomposer              and...graphics.composer@2.1-service  I  [HWCDisplay] [Display_0 (type:1)] fps:4.008233,dur:2245.38,max:2032.12,min:18.50  
2025-09-15 11:28:11.089  1083-13947 BufferPoolAccessor2.0   media.swcodec                        D  bufferpool2 0xb4000071e5c9e778 : 39(10384 size) total buffers - 1(119 size) used buffers - 54/99 (recycle/alloc) - 45/98 (fetch/transfer)
2025-09-15 11:28:11.090   823-823   SurfaceFlinger          surfaceflinger                       I  operator()(), mtkRenderCntDebug 12433, screenshot (com.remoticom.energynodeinset/com.remoticom.streetlighting.MainActivity#1491)
2025-09-15 11:28:11.102   823-823   HWC2                    surfaceflinger                       W  Can't query capability SkipColorTransform. Display Capabilities were not queried from HWC yet
2025-09-15 11:28:11.108   804-13949 [GrallocExtra-ERROR]    and...graphics.composer@2.1-service  E  gralloc_extra_query:105 gralloc_extra_query with NULL handle: 0x0
2025-09-15 11:28:11.129   823-823   HWC2                    surfaceflinger                       W  Can't query capability SkipColorTransform. Display Capabilities were not queried from HWC yet
2025-09-15 11:28:11.137   804-13949 [GrallocExtra-ERROR]    and...graphics.composer@2.1-service  E  gralloc_extra_query:105 gralloc_extra_query with NULL handle: 0x0
2025-09-15 11:28:11.180   823-823   SurfaceFlinger          surfaceflinger                       I  operator()(), mtkRenderCntDebug 12434, screenshot (com.remoticom.energynodeinset/com.remoticom.streetlighting.MainActivity#1491)
2025-09-15 11:28:11.288   995-2760  StNfcHal                android.hardware.nfc@1.2-service-st  D  (#0363C) Rx 6f 02 09 (hidden)
2025-09-15 11:28:11.302   995-2760  StNfcHal                android.hardware.nfc@1.2-service-st  D  (#0363D) Rx 6f 02 0d (hidden)
2025-09-15 11:28:11.314   995-2760  StNfcHal                android.hardware.nfc@1.2-service-st  D  (#0363E) Rx 6f 02 0f (hidden)
2025-09-15 11:28:11.344   995-2760  StNfcHal                android.hardware.nfc@1.2-service-st  D  (#0363F) Rx 6f 02 11 (hidden)
2025-09-15 11:28:11.358   995-2760  StNfcHal                android.hardware.nfc@1.2-service-st  D  (#03640) Rx 6f 02 0a (hidden)
2025-09-15 11:28:11.368   995-2760  StNfcHal                android.hardware.nfc@1.2-service-st  D  (#03641) Rx 6f 02 09 (hidden)
2025-09-15 11:28:11.774   995-2760  StNfcHal                android.hardware.nfc@1.2-service-st  D  (#03642) Rx 6f 02 09 (hidden)
2025-09-15 11:28:11.784   995-2760  StNfcHal                android.hardware.nfc@1.2-service-st  D  (#03643) Rx 6f 02 0f (hidden)
2025-09-15 11:28:11.794   995-2760  StNfcHal                android.hardware.nfc@1.2-service-st  D  (#03644) Rx 6f 02 19 (hidden)
2025-09-15 11:28:11.798   814-874   libPerfCtl              ven...hardware.mtkpower@1.0-service  I  xgfGetFPS pid:13829 fps:31
2025-09-15 11:28:11.829   995-2760  StNfcHal                android.hardware.nfc@1.2-service-st  D  (#03645) Rx 6f 02 11 (hidden)
2025-09-15 11:28:11.842   995-2760  StNfcHal                android.hardware.nfc@1.2-service-st  D  (#03646) Rx 6f 02 0a (hidden)
2025-09-15 11:28:11.851   995-2760  StNfcHal                android.hardware.nfc@1.2-service-st  D  (#03647) Rx 6f 02 09 (hidden)
2025-09-15 11:28:12.255   995-2760  StNfcHal                android.hardware.nfc@1.2-service-st  D  (#03648) Rx 6f 02 0a (hidden)
2025-09-15 11:28:12.331 13520-13537 CCodecBufferChannel     app_process                          D  elapsed: mInputMetEos 0, hasPendingOutputsInClient 0, n 0
