2025-09-15 11:22:18.357  1735-2015  btif_av                 com.android.bluetooth                I  btif_av_get_peer_sep: No active sink or source peer found
2025-09-15 11:22:18.358  1735-2015  bt_btif_a2dp_source     com.android.bluetooth                I  btif_a2dp_source_on_idle: btif_a2dp_source_on_idle: state=STATE_OFF
2025-09-15 11:22:18.358  1735-2015  btif_av                 com.android.bluetooth                I  btif_av_get_peer_sep: No active sink or source peer found
2025-09-15 11:22:18.358  1735-2015  bt_btif_a2dp_source     com.android.bluetooth                I  btif_a2dp_source_on_idle: btif_a2dp_source_on_idle: state=STATE_OFF
2025-09-15 11:22:18.358  1735-1940  BtGatt.GattService      com.android.bluetooth                D  onDisconnected() - removing permit for address=F0:D7:8F:4D:80:82
2025-09-15 11:22:18.360  8951-8967  BluetoothGatt           com.remoticom.energynodeinset        D  onClientConnectionState() - status=0 clientIf=9 device=F0:D7:8F:4D:80:82
2025-09-15 11:22:18.360  8951-8967  DiscoverSe...sOperation com.remoticom.energynodeinset        V  onConnectionStateChange called
2025-09-15 11:22:18.360  8951-8967  BluetoothGatt           com.remoticom.energynodeinset        D  close()
2025-09-15 11:22:18.361  8951-8967  BluetoothGatt           com.remoticom.energynodeinset        D  unregisterApp() - mClientIf=9
2025-09-15 11:22:18.361  1735-1940  BluetoothDatabase       com.android.bluetooth                V  getProfileConnectionPolicy: device XX:XX:XX:4D:80:82 profile=A2DP, connectionPolicy=-1
2025-09-15 11:22:18.361  1735-2027  BASM_Disconnected       com.android.bluetooth                W  DISCONNECT ignored: xx:xx:xx:xx:80:82
2025-09-15 11:22:18.362  1735-1940  BluetoothDatabase       com.android.bluetooth                V  getProfileConnectionPolicy: device XX:XX:XX:4D:80:82 profile=HEADSET, connectionPolicy=-1
2025-09-15 11:22:18.362  1735-1940  BluetoothDatabase       com.android.bluetooth                V  getProfileConnectionPolicy: device XX:XX:XX:4D:80:82 profile=HID_HOST, connectionPolicy=-1
2025-09-15 11:22:18.362  1735-1940  BluetoothDatabase       com.android.bluetooth                V  getProfileConnectionPolicy: device XX:XX:XX:4D:80:82 profile=PAN, connectionPolicy=-1
2025-09-15 11:22:18.363  1735-1940  BluetoothDatabase       com.android.bluetooth                V  getProfileConnectionPolicy: device XX:XX:XX:4D:80:82 profile=HEARING_AID, connectionPolicy=-1
2025-09-15 11:22:18.364  1735-1940  BluetoothDatabase       com.android.bluetooth                V  getProfileConnectionPolicy: device XX:XX:XX:4D:80:82 profile=BATTERY, connectionPolicy=-1
2025-09-15 11:22:18.368  8951-8967  GattConnectionService   com.remoticom.energynodeinset        D  state = Disconnected, error = null
2025-09-15 11:22:18.369  8951-8967  GattConnectionService   com.remoticom.energynodeinset        D  Service state updated with ServiceState(device=DeviceImpl(uuid=00000000-0000-0000-0000-f0d78f4d8082, device=F0:D7:8F:4D:80:82, type=Bdc, serviceUuids=[a55d1c55-0088-ffff-0000-000000000000], health=null, state=null), characteristics=null, isConnecting=true, connectionStatus=Disconnected, lastGattError=null)
2025-09-15 11:22:18.374  1267-2412  haohaov                 system_server                        I  [HMDenterprise broadcastIntentLocked] intent=Intent { act=android.bluetooth.device.action.ACL_DISCONNECTED flg=0x5000000 (has extras) }
2025-09-15 11:22:18.378  8951-8951  NodeListFragment        com.remoticom.energynodeinset        D  Updating list of nodes
2025-09-15 11:22:18.380  8951-8951  DiscoverSe...sOperation com.remoticom.energynodeinset        D  FINISHED
2025-09-15 11:22:18.381  8951-8951  GattConnectionService   com.remoticom.energynodeinset        D  Delay next connect attempt for 400 msec
2025-09-15 11:22:18.383  1601-1711  BluetoothEventManager   com.android.systemui                 W  AclStateChangedHandler: activeDevice is null
2025-09-15 11:22:18.386  1735-1940  BluetoothRemoteDevices  com.android.bluetooth                E  RemoteException in calling IBluetoothConnectionCallback
2025-09-15 11:22:18.387  1735-1940  BluetoothRemoteDevices  com.android.bluetooth                E  RemoteException in calling IBluetoothConnectionCallback
2025-09-15 11:22:18.389  1735-1940  BluetoothRemoteDevices  com.android.bluetooth                E  RemoteException in calling IBluetoothConnectionCallback
2025-09-15 11:22:18.391  1735-2015  bt_stack                com.android.bluetooth                I  [INFO:gatt_api.cc(1045)] GATT_Deregister gatt_if=9
2025-09-15 11:22:18.411   823-823   BufferQueueProducer     surfaceflinger                       I  [com.remoticom.energynodeinset/com.remoticom.streetlighting.MainActivity#1460](this:0xb400007c3eec75a0,id:-1,api:0,p:-1,c:823) queueBuffer: fps=0.06 dur=15784.06 max=15784.06 min=15784.06
2025-09-15 11:22:18.418   823-823   HWC2                    surfaceflinger                       W  Can't query capability SkipColorTransform. Display Capabilities were not queried from HWC yet
2025-09-15 11:22:18.423   823-823   BufferQueueProducer     surfaceflinger                       I  [VDS-studio.screen.sharing:0 SCRATCH](this:0xb400007bfedeadc8,id:-1,api:1,p:823,c:823) queueBuffer: fps=0.06 dur=15788.27 max=15788.27 min=15788.27
2025-09-15 11:22:18.425   804-911   hwcomposer              and...graphics.composer@2.1-service  I  [HWCDisplay] [Display_2 (type:2)] fps:0.063338,dur:15788.43,max:15788.43,min:15788.43  
2025-09-15 11:22:18.426   804-13723 [GrallocExtra-ERROR]    and...graphics.composer@2.1-service  E  gralloc_extra_query:105 gralloc_extra_query with NULL handle: 0x0
2025-09-15 11:22:18.426   804-13723 MDP                     and...graphics.composer@2.1-service  D  DpAsyncBlit: in: job (20323 173) (288, 588, 1152, 0, C2s, P0), sec0, flush 0 Buffer 10161: plane=1 bufVA={0xe1,0x0,0x0} bufMVA={0x0,0x0,0x0} bufSize={0xa5600,0x0,0x0} proxy={0xb40000794e1f0d10,0x0,0x0}fence=-1
2025-09-15 11:22:18.426   804-13723 MDP                     and...graphics.composer@2.1-service  D  DpAsyncBlit: out0: (264, 588, 288, 144, C8s, P0), misc: (X:0, Y:0, R:0, F:0, S:0, A:0, D:0), sec0, flush 0 Buffer 10161: plane=3 bufVA={0xb2,0xb2,0xb2} bufMVA={0x0,0x0,0x0} bufSize={0x29580,0xa560,0xa560} proxy={0xb40000794e1f07c0,0x0,0x0}fence=-1
2025-09-15 11:22:18.426   804-13723 MDP                     and...graphics.composer@2.1-service  D  DpAsyncBlit: crop0: (0, 0, 264, 588, 0, 0, 0, 0)
2025-09-15 11:22:18.427   823-823   BufferQueueProducer     surfaceflinger                       I  [VDS-studio.screen.sharing:0 SINK](this:0xb400007bfedead38,id:-1,api:1,p:823,c:823) queueBuffer: fps=0.06 dur=15788.11 max=15788.11 min=15788.11
2025-09-15 11:22:18.435   823-823   BufferQueueProducer     surfaceflinger                       I  [FramebufferSurface](this:0xb400007beece7af0,id:-1,api:1,p:823,c:823) queueBuffer: fps=0.06 dur=15790.50 max=15790.50 min=15790.50
2025-09-15 11:22:18.436   804-911   hwcomposer              and...graphics.composer@2.1-service  I  [HWCDisplay] [Display_0 (type:1)] fps:0.063327,dur:15790.98,max:15790.98,min:15790.98  
2025-09-15 11:22:18.439   823-823   SurfaceFlinger          surfaceflinger                       I  operator()(), mtkRenderCntDebug 12037, screenshot (com.remoticom.energynodeinset/com.remoticom.streetlighting.MainActivity#1460)
2025-09-15 11:22:18.455  1267-8729  AlarmManagerService     system_server                        D  inside native alarm timerfd set Alarm Type = 2
2025-09-15 11:22:18.455  1267-8729  AlarmManagerService     system_server                        D  inside native alarm timerfd set Alarm Type = 3
2025-09-15 11:22:18.456  1267-2403  AlarmManagerService     system_server                        D  inside native alarm timerfd set Alarm Type = 2
2025-09-15 11:22:18.456  1267-2403  AlarmManagerService     system_server                        D  inside native alarm timerfd set Alarm Type = 3
2025-09-15 11:22:18.462 12190-13756 Nearby                  com.google.android.gms.persistent    I  (REDACTED) is blocked device type %s, isAuto=%s, isIot=%s, isLatchsky=%s, isChinaWearable=%s, isTv=%s, isWearable=%s (supportWearOs=%s), isChromeOsDevice=%s (supportChromeOs=%s)
2025-09-15 11:22:18.466  1083-13721 BufferPoolAccessor2.0   media.swcodec                        D  bufferpool2 0xb4000071e5c9a908 : 1(117 size) total buffers - 1(117 size) used buffers - 74/130 (recycle/alloc) - 55/129 (fetch/transfer)
2025-09-15 11:22:18.466   995-2760  StNfcHal                android.hardware.nfc@1.2-service-st  D  (#02D3D) Rx 6f 02 16 (hidden)
2025-09-15 11:22:18.475 12190-12190 NearbyDiscovery         com.google.android.gms.persistent    I  (REDACTED) DiscoveryService onStartCommand action: %s
2025-09-15 11:22:18.475   995-2760  StNfcHal                android.hardware.nfc@1.2-service-st  D  (#02D3E) Rx 6f 02 09 (hidden)
2025-09-15 11:22:18.476 12190-12190 NearbyDiscovery         com.google.android.gms.persistent    I  (REDACTED) onAclChange: state=%s, %s
2025-09-15 11:22:18.478  1267-1388  haohaov                 system_server                        I  [HMDenterprise broadcastIntentLocked] intent=Intent { act=com.google.android.gms.nearby.ACTION_FAST_PAIR_DISCONNECTED pkg=com.google.android.gms (has extras) }
2025-09-15 11:22:18.484   995-2760  StNfcHal                android.hardware.nfc@1.2-service-st  D  (#02D3F) Rx 6f 02 0d (hidden)
2025-09-15 11:22:18.494   995-2760  StNfcHal                android.hardware.nfc@1.2-service-st  D  (#02D40) Rx 6f 02 0f (hidden)
2025-09-15 11:22:18.521   995-2760  StNfcHal                android.hardware.nfc@1.2-service-st  D  (#02D41) Rx 6f 02 11 (hidden)
2025-09-15 11:22:18.535   995-2760  StNfcHal                android.hardware.nfc@1.2-service-st  D  (#02D42) Rx 6f 02 0a (hidden)
2025-09-15 11:22:18.546   995-2760  StNfcHal                android.hardware.nfc@1.2-service-st  D  (#02D43) Rx 6f 02 09 (hidden)
2025-09-15 11:22:18.785  8951-8951  GattConnectionService   com.remoticom.energynodeinset        D  Connect attempt #4
2025-09-15 11:22:18.786  8951-8951  GattConnectionService   com.remoticom.energynodeinset        D  Service state updated with ServiceState(device=DeviceImpl(uuid=00000000-0000-0000-0000-f0d78f4d8082, device=F0:D7:8F:4D:80:82, type=Bdc, serviceUuids=[a55d1c55-0088-ffff-0000-000000000000], health=null, state=null), characteristics=null, isConnecting=true, connectionStatus=Connecting, lastGattError=null)
2025-09-15 11:22:18.788  8951-8951  ConnectGattOperation    com.remoticom.energynodeinset        D  STARTED
2025-09-15 11:22:18.790  8951-8951  ConnectGattOperation    com.remoticom.energynodeinset        V  connectGatt initiated
2025-09-15 11:22:18.792  8951-8951  BluetoothGatt           com.remoticom.energynodeinset        D  connect() - device: F0:D7:8F:4D:80:82, auto: false
2025-09-15 11:22:18.793  8951-8951  BluetoothGatt           com.remoticom.energynodeinset        D  registerApp()
2025-09-15 11:22:18.793  8951-8951  BluetoothGatt           com.remoticom.energynodeinset        D  registerApp() - UUID=b2454a60-eced-4cf5-b447-8c0dc7115456
2025-09-15 11:22:18.800  1735-2015  bluetooth               com.android.bluetooth                I  GATT_Register: Allocated name:GattClient uuid:b1435371-0207-db62-c05e-557f35d1b1de gatt_if:9 eatt_support:0
2025-09-15 11:22:18.801  8951-8967  BluetoothGatt           com.remoticom.energynodeinset        D  onClientRegistered() - status=0 clientIf=9
2025-09-15 11:22:18.808  8951-8951  NodeListFragment        com.remoticom.energynodeinset        D  Updating list of nodes
2025-09-15 11:22:18.809  1735-1940  bt_btif_gattc           com.android.bluetooth                I  btif_gattc_open_impl: Transport=2, device type=2, address type =0, phy=1
2025-09-15 11:22:18.810  1735-2015  bt_stack                com.android.bluetooth                I  [INFO:gatt_api.cc(1169)] GATT_Connectgatt_if=9, address=xx:xx:xx:xx:80:82, is_direct 1
2025-09-15 11:22:18.810  1735-2015  bt_stack                com.android.bluetooth                I  [INFO:gatt_attr.cc(885)] gatt_sr_init_cl_status: bda=f0:d7:8f:4d:80:82, cl_supp_feat=0000, aware=1
2025-09-15 11:22:18.811  1735-2015  bluetooth               com.android.bluetooth                I  gatt_update_app_use_link_flag: check_acl_link is false, no need to check
2025-09-15 11:22:18.812   798-798   [BT]                    and...luetooth@1.1-service-mediatek  D  mtk_bt_op: BT_VND_OP_LPM_WAKE_SET_STATE
2025-09-15 11:22:18.844   823-823   HWC2                    surfaceflinger                       W  Can't query capability SkipColorTransform. Display Capabilities were not queried from HWC yet
2025-09-15 11:22:18.853   804-13723 [GrallocExtra-ERROR]    and...graphics.composer@2.1-service  E  gralloc_extra_query:105 gralloc_extra_query with NULL handle: 0x0
2025-09-15 11:22:18.868   823-823   SurfaceFlinger          surfaceflinger                       I  operator()(), mtkRenderCntDebug 12038, screenshot (com.remoticom.energynodeinset/com.remoticom.streetlighting.MainActivity#1460)
2025-09-15 11:22:18.952   995-2760  StNfcHal                android.hardware.nfc@1.2-service-st  D  (#02D44) Rx 6f 02 09 (hidden)
2025-09-15 11:22:18.962   995-2760  StNfcHal                android.hardware.nfc@1.2-service-st  D  (#02D45) Rx 6f 02 0f (hidden)
2025-09-15 11:22:18.973   995-2760  StNfcHal                android.hardware.nfc@1.2-service-st  D  (#02D46) Rx 6f 02 19 (hidden)
2025-09-15 11:22:19.007   995-2760  StNfcHal                android.hardware.nfc@1.2-service-st  D  (#02D47) Rx 6f 02 11 (hidden)
2025-09-15 11:22:19.020   995-2760  StNfcHal                android.hardware.nfc@1.2-service-st  D  (#02D48) Rx 6f 02 0a (hidden)
2025-09-15 11:22:19.030   995-2760  StNfcHal                android.hardware.nfc@1.2-service-st  D  (#02D49) Rx 6f 02 09 (hidden)
2025-09-15 11:22:19.437   995-2760  StNfcHal                android.hardware.nfc@1.2-service-st  D  (#02D4A) Rx 6f 02 09 (hidden)
2025-09-15 11:22:19.453   995-2760  StNfcHal                android.hardware.nfc@1.2-service-st  D  (#02D4B) Rx 6f 02 0d (hidden)
2025-09-15 11:22:19.461   995-2760  StNfcHal                android.hardware.nfc@1.2-service-st  D  (#02D4C) Rx 6f 02 0f (hidden)
2025-09-15 11:22:19.481  1735-2015  bluetooth               com.android.bluetooth                I  on_connection_complete: Le connection completed to device:f0:d7:8f:4d:80:82
2025-09-15 11:22:19.481  1735-2015  bt_btm_ble              com.android.bluetooth                I  btm_ble_connected: Updating device record timestamp for existing ble connection
2025-09-15 11:22:19.482   798-798   mtk.hal.bt@1.1-impl     and...luetooth@1.1-service-mediatek  D  BtHostDebugInfo
2025-09-15 11:22:19.483   798-798   [BT]                    and...luetooth@1.1-service-mediatek  D  mtk_bt_op: BT_VND_OP_SET_BTHOST
2025-09-15 11:22:19.494   995-2760  StNfcHal                android.hardware.nfc@1.2-service-st  D  (#02D4D) Rx 6f 02 11 (hidden)
2025-09-15 11:22:19.507   995-2760  StNfcHal                android.hardware.nfc@1.2-service-st  D  (#02D4E) Rx 6f 02 0a (hidden)
2025-09-15 11:22:19.517   995-2760  StNfcHal                android.hardware.nfc@1.2-service-st  D  (#02D4F) Rx 6f 02 09 (hidden)
2025-09-15 11:22:19.680  1735-2015  bt_btu_hcif             com.android.bluetooth                E  btu_hcif_log_event_metrics: Unexpectedly received event_code:0x0c that should not be handled here
2025-09-15 11:22:19.680  1735-2015  btm_acl                 com.android.bluetooth                I  NotifyAclLinkUp: ACL Link up
2025-09-15 11:22:19.680  1735-2015  bluetooth               com.android.bluetooth                I  client_connect_cback: No active GAP service found for peer:xx:xx:xx:xx:80:82 callback:Connected
2025-09-15 11:22:19.680  1735-2015  bt_bta_gattc            com.android.bluetooth                I  bta_gattc_conn_cback: Connected client_if:3 addr:xx:xx:xx:xx:80:82, transport:BT_TRANSPORT_LE reason:GATT_CONN_OK
2025-09-15 11:22:19.681  1735-2015  bt_bta_gattc            com.android.bluetooth                I  bta_gattc_conn_cback: Connected client_if:4 addr:xx:xx:xx:xx:80:82, transport:BT_TRANSPORT_LE reason:GATT_CONN_OK
2025-09-15 11:22:19.681  1735-2015  bt_bta_gattc            com.android.bluetooth                I  bta_gattc_conn_cback: Connected client_if:5 addr:xx:xx:xx:xx:80:82, transport:BT_TRANSPORT_LE reason:GATT_CONN_OK
2025-09-15 11:22:19.681  1735-2015  bt_bta_gattc            com.android.bluetooth                I  bta_gattc_conn_cback: Connected client_if:6 addr:xx:xx:xx:xx:80:82, transport:BT_TRANSPORT_LE reason:GATT_CONN_OK
2025-09-15 11:22:19.681  1735-2015  bt_bta_gattc            com.android.bluetooth                I  bta_gattc_conn_cback: Connected client_if:7 addr:xx:xx:xx:xx:80:82, transport:BT_TRANSPORT_LE reason:GATT_CONN_OK
2025-09-15 11:22:19.681  1735-2015  bt_bta_gattc            com.android.bluetooth                I  bta_gattc_conn_cback: Connected client_if:8 addr:xx:xx:xx:xx:80:82, transport:BT_TRANSPORT_LE reason:GATT_CONN_OK
2025-09-15 11:22:19.681  1735-2015  bt_bta_gattc            com.android.bluetooth                I  bta_gattc_conn_cback: Connected client_if:9 addr:xx:xx:xx:xx:80:82, transport:BT_TRANSPORT_LE reason:GATT_CONN_OK
2025-09-15 11:22:19.681  1735-2015  bt_bta_gattc            com.android.bluetooth                I  bta_gattc_conn_cback: Connected client_if:10 addr:xx:xx:xx:xx:80:82, transport:BT_TRANSPORT_LE reason:GATT_CONN_OK
2025-09-15 11:22:19.681  1735-2015  bt_bta_gattc            com.android.bluetooth                I  bta_gattc_conn_cback: Connected client_if:11 addr:xx:xx:xx:xx:80:82, transport:BT_TRANSPORT_LE reason:GATT_CONN_OK
2025-09-15 11:22:19.681  1735-2015  bt_bta_gattc            com.android.bluetooth                I  bta_gattc_conn_cback: Connected client_if:12 addr:xx:xx:xx:xx:80:82, transport:BT_TRANSPORT_LE reason:GATT_CONN_OK
2025-09-15 11:22:19.681  1735-2015  bt_bta_gattc            com.android.bluetooth                I  bta_gattc_conn_cback: Connected client_if:13 addr:xx:xx:xx:xx:80:82, transport:BT_TRANSPORT_LE reason:GATT_CONN_OK
2025-09-15 11:22:19.682  1735-2015  bluetooth               com.android.bluetooth                I  on_connection_complete: Le connection completed to device:f0:d7:8f:4d:80:82
2025-09-15 11:22:19.682  1735-2015  bluetooth               com.android.bluetooth                I  GATT_SetIdleTimeout: idle_timeout=65535, status=1, (1-OK 0-not performed)
2025-09-15 11:22:19.682  1735-2015  bt_stack                com.android.bluetooth                I  [INFO:eatt_impl.h(644)] connect device f0:d7:8f:4d:80:82 rolecentral
2025-09-15 11:22:19.682  1735-2015  bluetooth               com.android.bluetooth                I  attp_cl_send_cmd: Sending ATT command to l2cap cid:0x0004 eatt_channels:0 transport:BT_TRANSPORT_LE
2025-09-15 11:22:19.682  1735-2015  bluetooth               com.android.bluetooth                I  attp_cl_send_cmd: Starting ATT response timer
2025-09-15 11:22:19.682  1735-2015  bt_bta_dm               com.android.bluetooth                I  bta_dm_acl_up: bta_dm_acl_up
2025-09-15 11:22:19.683  1735-2015  btm_acl                 com.android.bluetooth                W  acl_peer_supports_sniff_subrating: Unable to find active acl
2025-09-15 11:22:19.683  1735-2015  bta_gattc_main          com.android.bluetooth                E  bta_gattc_hdl_event: Ignore unknown conn ID: 3
2025-09-15 11:22:19.683  1735-2015  bta_gattc_main          com.android.bluetooth                E  bta_gattc_hdl_event: Ignore unknown conn ID: 4
2025-09-15 11:22:19.683  1735-2015  bta_gattc_main          com.android.bluetooth                E  bta_gattc_hdl_event: Ignore unknown conn ID: 5
2025-09-15 11:22:19.683  1735-2015  bta_gattc_main          com.android.bluetooth                E  bta_gattc_hdl_event: Ignore unknown conn ID: 6
2025-09-15 11:22:19.683  1735-2015  bta_gattc_main          com.android.bluetooth                E  bta_gattc_hdl_event: Ignore unknown conn ID: 7
2025-09-15 11:22:19.683  1735-2015  bta_gattc_main          com.android.bluetooth                E  bta_gattc_hdl_event: Ignore unknown conn ID: 8
2025-09-15 11:22:19.684  1735-2015  bt_stack                com.android.bluetooth                I  [INFO:bta_gattc_db_storage.cc(159)] bta_gattc_cache_load: load cache: /data/misc/bluetooth/gatt_cache_f0d78f4d8082
2025-09-15 11:22:19.684  1735-2015  bt_stack                com.android.bluetooth                E  [ERROR:bta_gattc_db_storage.cc(80)] bta_gattc_load_db: can't open GATT cache file /data/misc/bluetooth/gatt_cache_f0d78f4d8082 for reading, error: No such file or directory
2025-09-15 11:22:19.684  1735-1940  BluetoothDatabase       com.android.bluetooth                V  getProfileConnectionPolicy: device XX:XX:XX:4D:80:82 profile=BATTERY, connectionPolicy=-1
2025-09-15 11:22:19.685  1735-2015  bt_stack                com.android.bluetooth                I  [INFO:gatt_api.cc(711)] GATTC_Discover conn_id=0x0009, disc_type=1, s_handle=0x0001, e_handle=0xffff
2025-09-15 11:22:19.685  1735-2015  bt_stack                com.android.bluetooth                I  [INFO:gatt_cl.cc(101)] gatt_act_discovery opcode: 0x10
2025-09-15 11:22:19.685  1735-2015  bluetooth               com.android.bluetooth                I  attp_cl_send_cmd: Enqueued ATT command
2025-09-15 11:22:19.685  1735-2015  bta_gattc_main          com.android.bluetooth                E  bta_gattc_hdl_event: Ignore unknown conn ID: 10
2025-09-15 11:22:19.685  1735-2015  bta_gattc_main          com.android.bluetooth                E  bta_gattc_hdl_event: Ignore unknown conn ID: 11
2025-09-15 11:22:19.685  1735-2015  bta_gattc_main          com.android.bluetooth                E  bta_gattc_hdl_event: Ignore unknown conn ID: 12
2025-09-15 11:22:19.685  1735-2015  bta_gattc_main          com.android.bluetooth                E  bta_gattc_hdl_event: Ignore unknown conn ID: 13
2025-09-15 11:22:19.685  1735-1940  BatteryService          com.android.bluetooth                E  Cannot connect to xx:xx:xx:xx:80:82 : Remote does not have Battery UUID
2025-09-15 11:22:19.687   798-798   mtk.hal.bt@1.1-impl     and...luetooth@1.1-service-mediatek  D  BtHostDebugInfo
2025-09-15 11:22:19.687   798-798   [BT]                    and...luetooth@1.1-service-mediatek  D  mtk_bt_op: BT_VND_OP_SET_BTHOST
2025-09-15 11:22:19.690  1267-2403  haohaov                 system_server                        I  [HMDenterprise broadcastIntentLocked] intent=Intent { act=android.bluetooth.device.action.ACL_CONNECTED flg=0x5000000 (has extras) }
2025-09-15 11:22:19.692  1735-1940  BluetoothRemoteDevices  com.android.bluetooth                E  RemoteException in calling IBluetoothConnectionCallback
2025-09-15 11:22:19.692  1735-1940  BluetoothRemoteDevices  com.android.bluetooth                E  RemoteException in calling IBluetoothConnectionCallback
2025-09-15 11:22:19.693  1735-1940  BluetoothRemoteDevices  com.android.bluetooth                E  RemoteException in calling IBluetoothConnectionCallback
2025-09-15 11:22:19.693  1735-1940  BtGatt.GattService      com.android.bluetooth                D  onConnected() - adding permit for address=F0:D7:8F:4D:80:82
2025-09-15 11:22:19.694  8951-8967  BluetoothGatt           com.remoticom.energynodeinset        D  onClientConnectionState() - status=0 clientIf=9 device=F0:D7:8F:4D:80:82
2025-09-15 11:22:19.694  8951-8967  ConnectGattOperation    com.remoticom.energynodeinset        V  onConnectionStateChange called
2025-09-15 11:22:19.694  8951-8967  GattConnectionService   com.remoticom.energynodeinset        D  Device connected, checking permissions and requesting MTU...
2025-09-15 11:22:19.694  8951-8967  GattConnectionService   com.remoticom.energynodeinset        D  Requesting MTU...
2025-09-15 11:22:19.694  8951-8967  BluetoothGatt           com.remoticom.energynodeinset        D  configureMTU() - device: F0:D7:8F:4D:80:82 mtu: 517
2025-09-15 11:22:19.694  1735-1735  BluetoothDatabase       com.android.bluetooth                D  setConnection: device XX:XX:XX:4D:80:82 and isA2dpDevice=false
2025-09-15 11:22:19.694  1735-1735  BluetoothDatabase       com.android.bluetooth                D  Updating last connected time for device: XX:XX:XX:4D:80:82 to 158
2025-09-15 11:22:19.695  1735-1735  BluetoothDatabase       com.android.bluetooth                D  updateDatabase XX:XX:XX:4D:80:82
2025-09-15 11:22:19.696  8951-8967  GattConnectionService   com.remoticom.energynodeinset        D  MTU request sent successfully
2025-09-15 11:22:19.696  8951-8967  GattConnectionService   com.remoticom.energynodeinset        D  state = Connected, error = null
2025-09-15 11:22:19.696  8951-8967  GattConnectionService   com.remoticom.energynodeinset        D  Service state updated with ServiceState(device=DeviceImpl(uuid=00000000-0000-0000-0000-f0d78f4d8082, device=F0:D7:8F:4D:80:82, type=Bdc, serviceUuids=[a55d1c55-0088-ffff-0000-000000000000], health=null, state=null), characteristics=null, isConnecting=true, connectionStatus=Connected, lastGattError=null)
2025-09-15 11:22:19.697  1601-1711  BluetoothEventManager   com.android.systemui                 W  AclStateChangedHandler: activeDevice is null
2025-09-15 11:22:19.698  8951-8951  NodeListFragment        com.remoticom.energynodeinset        D  Updating list of nodes
2025-09-15 11:22:19.699  8951-8951  ConnectGattOperation    com.remoticom.energynodeinset        D  FINISHED
2025-09-15 11:22:19.699  8951-8951  DiscoverSe...sOperation com.remoticom.energynodeinset        D  STARTED
2025-09-15 11:22:19.700  8951-8951  DiscoverSe...sOperation com.remoticom.energynodeinset        V  discoverServices initiated
2025-09-15 11:22:19.700  8951-8951  BluetoothGatt           com.remoticom.energynodeinset        D  discoverServices() - device: F0:D7:8F:4D:80:82
2025-09-15 11:22:19.705 12294-12294 GH.WifiBluetoothRcvr    com...e.android.projection.gearhead  I  Connection action: android.bluetooth.device.action.ACL_CONNECTED, device F0:D7:8F:4D:80:82
2025-09-15 11:22:19.705  1735-2015  bt_stack                com.android.bluetooth                E  [ERROR:bta_gattc_utils.cc(333)] bta_gattc_enqueue: already has a pending command
2025-09-15 11:22:19.706 12294-12294 GH.WifiBluetoothRcvr    com...e.android.projection.gearhead  I  Wireless projection is available on this phone.
2025-09-15 11:22:19.710 12294-13737 CAR.BTCapsStore         com...e.android.projection.gearhead  W  Device not bonded, thus it's not currently AAW capable.
2025-09-15 11:22:19.711 12294-13737 CAR.BTCapsStore         com...e.android.projection.gearhead  I  AAW status (NOT_BONDED).
2025-09-15 11:22:19.726   823-823   BufferQueueProducer     surfaceflinger                       I  [com.remoticom.energynodeinset/com.remoticom.streetlighting.MainActivity#1460](this:0xb400007c3eec75a0,id:-1,api:0,p:-1,c:823) queueBuffer: fps=1.52 dur=1315.00 max=889.70 min=425.30
2025-09-15 11:22:19.732   823-823   HWC2                    surfaceflinger                       W  Can't query capability SkipColorTransform. Display Capabilities were not queried from HWC yet
2025-09-15 11:22:19.737   823-823   BufferQueueProducer     surfaceflinger                       I  [VDS-studio.screen.sharing:0 SCRATCH](this:0xb400007bfedeadc8,id:-1,api:1,p:823,c:823) queueBuffer: fps=1.52 dur=1313.50 max=886.07 min=427.42
2025-09-15 11:22:19.738   804-911   hwcomposer              and...graphics.composer@2.1-service  I  [HWCDisplay] [Display_2 (type:2)] fps:1.523103,dur:1313.11,max:885.61,min:427.50  
2025-09-15 11:22:19.738   804-13723 [GrallocExtra-ERROR]    and...graphics.composer@2.1-service  E  gralloc_extra_query:105 gralloc_extra_query with NULL handle: 0x0
2025-09-15 11:22:19.743 12294-13737 GH.CarSvcDataStorage    com...e.android.projection.gearhead  I  Using DB version: 13
2025-09-15 11:22:19.744   823-823   BufferQueueProducer     surfaceflinger                       I  [VDS-studio.screen.sharing:0 SINK](this:0xb400007bfedead38,id:-1,api:1,p:823,c:823) queueBuffer: fps=1.52 dur=1316.19 max=888.50 min=427.69
2025-09-15 11:22:19.751   823-823   BufferQueueProducer     surfaceflinger                       I  [FramebufferSurface](this:0xb400007beece7af0,id:-1,api:1,p:823,c:823) queueBuffer: fps=1.52 dur=1316.02 max=886.34 min=429.68
2025-09-15 11:22:19.752   804-911   hwcomposer              and...graphics.composer@2.1-service  I  [HWCDisplay] [Display_0 (type:1)] fps:1.519962,dur:1315.82,max:886.70,min:429.12  
2025-09-15 11:22:19.752 12190-13756 Nearby                  com.google.android.gms.persistent    I  (REDACTED) is blocked device type %s, isAuto=%s, isIot=%s, isLatchsky=%s, isChinaWearable=%s, isTv=%s, isWearable=%s (supportWearOs=%s), isChromeOsDevice=%s (supportChromeOs=%s)
2025-09-15 11:22:19.754   823-823   SurfaceFlinger          surfaceflinger                       I  operator()(), mtkRenderCntDebug 12039, screenshot (com.remoticom.energynodeinset/com.remoticom.streetlighting.MainActivity#1460)
2025-09-15 11:22:19.760  1267-1520  ConnectivityService     system_server                        D  NetReassign [no changes] [c 1] [a 1] [i 7]
2025-09-15 11:22:19.761 12294-13737 CAR.BTCapsStore         com...e.android.projection.gearhead  W  Device not bonded, thus it's not currently AAW capable.
2025-09-15 11:22:19.762 12294-13737 CAR.BTCapsStore         com...e.android.projection.gearhead  I  AAW status (NOT_BONDED).
2025-09-15 11:22:19.762 12190-12190 NearbyDiscovery         com.google.android.gms.persistent    I  (REDACTED) DiscoveryService onStartCommand action: %s
2025-09-15 11:22:19.766 12190-12190 NearbyDiscovery         com.google.android.gms.persistent    I  (REDACTED) onAclChange: state=%s, %s
2025-09-15 11:22:19.770 12190-12521 NearbyDiscovery         com.google.android.gms.persistent    I  (REDACTED) FastPair: lock scan rate if needed, %s, bondState=%s
2025-09-15 11:22:19.825  1735-2015  bt_stack                com.android.bluetooth                I  [INFO:gatt_cl.cc(1194)] gatt_client_handle_server_rsp opcode: 0x01
2025-09-15 11:22:19.826  1735-2015  bt_stack                com.android.bluetooth                I  [INFO:gatt_cl.cc(533)] gatt_process_error_rsp
2025-09-15 11:22:19.826  1735-2015  bt_stack                com.android.bluetooth                I  [INFO:gatt_utils.cc(1500)] gatt_end_operation status=10 op=2 subtype=1
2025-09-15 11:22:19.826  1735-2015  bt_stack                com.android.bluetooth                I  [INFO:eatt_impl.h(587)] supported_features_cb f0:d7:8f:4d:80:82 is_eatt_supported = 0
2025-09-15 11:22:19.924   995-2760  StNfcHal                android.hardware.nfc@1.2-service-st  D  (#02D50) Rx 6f 02 09 (hidden)
2025-09-15 11:22:19.938   995-2760  StNfcHal                android.hardware.nfc@1.2-service-st  D  (#02D51) Rx 6f 02 0d (hidden)
2025-09-15 11:22:19.948   995-2760  StNfcHal                android.hardware.nfc@1.2-service-st  D  (#02D52) Rx 6f 02 0f (hidden)
2025-09-15 11:22:19.972  1735-2015  bt_stack                com.android.bluetooth                I  [INFO:gatt_cl.cc(1194)] gatt_client_handle_server_rsp opcode: 0x11
2025-09-15 11:22:19.973  1735-2015  bt_stack                com.android.bluetooth                I  [INFO:gatt_cl.cc(799)] gatt_process_read_by_type_rspop=1 subtype=1
2025-09-15 11:22:19.973  1735-2015  bt_stack                com.android.bluetooth                I  [INFO:bta_gattc_cache.cc(437)] bta_gattc_disc_res_cback: disc_type=1 p_data->handle=0x0001 e_handle=0x0004 service_type=00001801-0000-1000-8000-00805f9b34fb
2025-09-15 11:22:19.973  1735-2015  bt_stack                com.android.bluetooth                I  [INFO:bta_gattc_cache.cc(437)] bta_gattc_disc_res_cback: disc_type=1 p_data->handle=0x0005 e_handle=0x000b service_type=00001800-0000-1000-8000-00805f9b34fb
2025-09-15 11:22:19.973  1735-2015  bt_stack                com.android.bluetooth                I  [INFO:gatt_cl.cc(983)] gatt_process_read_by_type_rsp: initiate another discovery request
2025-09-15 11:22:19.974  1735-2015  bt_stack                com.android.bluetooth                I  [INFO:gatt_cl.cc(101)] gatt_act_discovery opcode: 0x10
2025-09-15 11:22:19.974  1735-2015  bluetooth               com.android.bluetooth                I  attp_cl_send_cmd: Sending ATT command to l2cap cid:0x0004 eatt_channels:0 transport:BT_TRANSPORT_LE
2025-09-15 11:22:19.974  1735-2015  bluetooth               com.android.bluetooth                I  attp_cl_send_cmd: Starting ATT response timer
2025-09-15 11:22:19.980   995-2760  StNfcHal                android.hardware.nfc@1.2-service-st  D  (#02D53) Rx 6f 02 11 (hidden)
2025-09-15 11:22:19.994   995-2760  StNfcHal                android.hardware.nfc@1.2-service-st  D  (#02D54) Rx 6f 02 0a (hidden)
2025-09-15 11:22:20.004   995-2760  StNfcHal                android.hardware.nfc@1.2-service-st  D  (#02D55) Rx 6f 02 09 (hidden)
2025-09-15 11:22:20.070  1735-2015  bt_stack                com.android.bluetooth                I  [INFO:gatt_cl.cc(1194)] gatt_client_handle_server_rsp opcode: 0x11
2025-09-15 11:22:20.070  1735-2015  bt_stack                com.android.bluetooth                I  [INFO:gatt_cl.cc(799)] gatt_process_read_by_type_rspop=1 subtype=1
2025-09-15 11:22:20.071  1735-2015  bt_stack                com.android.bluetooth                I  [INFO:bta_gattc_cache.cc(437)] bta_gattc_disc_res_cback: disc_type=1 p_data->handle=0x000c e_handle=0x0010 service_type=a55d1c55-0088-0000-0000-f0d78f4d8082
2025-09-15 11:22:20.071  1735-2015  bt_stack                com.android.bluetooth                I  [INFO:gatt_cl.cc(983)] gatt_process_read_by_type_rsp: initiate another discovery request
2025-09-15 11:22:20.071  1735-2015  bt_stack                com.android.bluetooth                I  [INFO:gatt_cl.cc(101)] gatt_act_discovery opcode: 0x10
2025-09-15 11:22:20.071  1735-2015  bluetooth               com.android.bluetooth                I  attp_cl_send_cmd: Sending ATT command to l2cap cid:0x0004 eatt_channels:0 transport:BT_TRANSPORT_LE
2025-09-15 11:22:20.071  1735-2015  bluetooth               com.android.bluetooth                I  attp_cl_send_cmd: Starting ATT response timer
2025-09-15 11:22:20.127  8951-8967  BluetoothGatt           com.remoticom.energynodeinset        D  onConnectionUpdated() - Device=F0:D7:8F:4D:80:82 interval=6 latency=0 timeout=500 status=0
2025-09-15 11:22:20.141  1735-2015  bt_stack                com.android.bluetooth                I  [INFO:gatt_cl.cc(1194)] gatt_client_handle_server_rsp opcode: 0x11
2025-09-15 11:22:20.141  1735-2015  bt_stack                com.android.bluetooth                I  [INFO:gatt_cl.cc(799)] gatt_process_read_by_type_rspop=1 subtype=1
2025-09-15 11:22:20.142  1735-2015  bt_stack                com.android.bluetooth                I  [INFO:bta_gattc_cache.cc(437)] bta_gattc_disc_res_cback: disc_type=1 p_data->handle=0x0011 e_handle=0x0017 service_type=a55d1c55-0088-0001-0000-f0d78f4d8082
2025-09-15 11:22:20.142  1735-2015  bt_stack                com.android.bluetooth                I  [INFO:gatt_cl.cc(983)] gatt_process_read_by_type_rsp: initiate another discovery request
2025-09-15 11:22:20.142  1735-2015  bt_stack                com.android.bluetooth                I  [INFO:gatt_cl.cc(101)] gatt_act_discovery opcode: 0x10
2025-09-15 11:22:20.142  1735-2015  bluetooth               com.android.bluetooth                I  attp_cl_send_cmd: Sending ATT command to l2cap cid:0x0004 eatt_channels:0 transport:BT_TRANSPORT_LE
2025-09-15 11:22:20.142  1735-2015  bluetooth               com.android.bluetooth                I  attp_cl_send_cmd: Starting ATT response timer
2025-09-15 11:22:20.164  1735-2015  bt_stack                com.android.bluetooth                I  [INFO:gatt_cl.cc(1194)] gatt_client_handle_server_rsp opcode: 0x11
2025-09-15 11:22:20.164  1735-2015  bt_stack                com.android.bluetooth                I  [INFO:gatt_cl.cc(799)] gatt_process_read_by_type_rspop=1 subtype=1
2025-09-15 11:22:20.164  1735-2015  bt_stack                com.android.bluetooth                I  [INFO:bta_gattc_cache.cc(437)] bta_gattc_disc_res_cback: disc_type=1 p_data->handle=0x0018 e_handle=0x0020 service_type=a55d1c55-0088-0003-0000-f0d78f4d8082
2025-09-15 11:22:20.164  1735-2015  bt_stack                com.android.bluetooth                I  [INFO:gatt_cl.cc(983)] gatt_process_read_by_type_rsp: initiate another discovery request
2025-09-15 11:22:20.164  1735-2015  bt_stack                com.android.bluetooth                I  [INFO:gatt_cl.cc(101)] gatt_act_discovery opcode: 0x10
2025-09-15 11:22:20.164  1735-2015  bluetooth               com.android.bluetooth                I  attp_cl_send_cmd: Sending ATT command to l2cap cid:0x0004 eatt_channels:0 transport:BT_TRANSPORT_LE
2025-09-15 11:22:20.165  1735-2015  bluetooth               com.android.bluetooth                I  attp_cl_send_cmd: Starting ATT response timer
2025-09-15 11:22:20.178  1735-2015  bt_stack                com.android.bluetooth                I  [INFO:gatt_cl.cc(1194)] gatt_client_handle_server_rsp opcode: 0x11
2025-09-15 11:22:20.178  1735-2015  bt_stack                com.android.bluetooth                I  [INFO:gatt_cl.cc(799)] gatt_process_read_by_type_rspop=1 subtype=1
2025-09-15 11:22:20.179  1735-2015  bt_stack                com.android.bluetooth                I  [INFO:bta_gattc_cache.cc(437)] bta_gattc_disc_res_cback: disc_type=1 p_data->handle=0x0021 e_handle=0x0025 service_type=a55d1c55-0088-0004-0000-f0d78f4d8082
2025-09-15 11:22:20.179  1735-2015  bt_stack                com.android.bluetooth                I  [INFO:gatt_cl.cc(983)] gatt_process_read_by_type_rsp: initiate another discovery request
2025-09-15 11:22:20.179  1735-2015  bt_stack                com.android.bluetooth                I  [INFO:gatt_cl.cc(101)] gatt_act_discovery opcode: 0x10
2025-09-15 11:22:20.179  1735-2015  bluetooth               com.android.bluetooth                I  attp_cl_send_cmd: Sending ATT command to l2cap cid:0x0004 eatt_channels:0 transport:BT_TRANSPORT_LE
2025-09-15 11:22:20.179  1735-2015  bluetooth               com.android.bluetooth                I  attp_cl_send_cmd: Starting ATT response timer
2025-09-15 11:22:20.193  1735-2015  bt_stack                com.android.bluetooth                I  [INFO:gatt_cl.cc(1194)] gatt_client_handle_server_rsp opcode: 0x11
2025-09-15 11:22:20.194  1735-2015  bt_stack                com.android.bluetooth                I  [INFO:gatt_cl.cc(799)] gatt_process_read_by_type_rspop=1 subtype=1
2025-09-15 11:22:20.194  1735-2015  bt_stack                com.android.bluetooth                I  [INFO:bta_gattc_cache.cc(437)] bta_gattc_disc_res_cback: disc_type=1 p_data->handle=0x0026 e_handle=0x002a service_type=a55d1c55-0088-0009-0000-f0d78f4d8082
2025-09-15 11:22:20.194  1735-2015  bt_stack                com.android.bluetooth                I  [INFO:gatt_cl.cc(983)] gatt_process_read_by_type_rsp: initiate another discovery request
2025-09-15 11:22:20.194  1735-2015  bt_stack                com.android.bluetooth                I  [INFO:gatt_cl.cc(101)] gatt_act_discovery opcode: 0x10
2025-09-15 11:22:20.194  1735-2015  bluetooth               com.android.bluetooth                I  attp_cl_send_cmd: Sending ATT command to l2cap cid:0x0004 eatt_channels:0 transport:BT_TRANSPORT_LE
2025-09-15 11:22:20.194  1735-2015  bluetooth               com.android.bluetooth                I  attp_cl_send_cmd: Starting ATT response timer
2025-09-15 11:22:20.216  1735-2015  bt_stack                com.android.bluetooth                I  [INFO:gatt_cl.cc(1194)] gatt_client_handle_server_rsp opcode: 0x11
2025-09-15 11:22:20.216  1735-2015  bt_stack                com.android.bluetooth                I  [INFO:gatt_cl.cc(799)] gatt_process_read_by_type_rspop=1 subtype=1
2025-09-15 11:22:20.216  1735-2015  bt_stack                com.android.bluetooth                I  [INFO:bta_gattc_cache.cc(437)] bta_gattc_disc_res_cback: disc_type=1 p_data->handle=0x002b e_handle=0x002d service_type=a55d1c55-0088-000a-0000-f0d78f4d8082
2025-09-15 11:22:20.217  1735-2015  bt_stack                com.android.bluetooth                I  [INFO:gatt_cl.cc(983)] gatt_process_read_by_type_rsp: initiate another discovery request
2025-09-15 11:22:20.217  1735-2015  bt_stack                com.android.bluetooth                I  [INFO:gatt_cl.cc(101)] gatt_act_discovery opcode: 0x10
2025-09-15 11:22:20.217  1735-2015  bluetooth               com.android.bluetooth                I  attp_cl_send_cmd: Sending ATT command to l2cap cid:0x0004 eatt_channels:0 transport:BT_TRANSPORT_LE
2025-09-15 11:22:20.217  1735-2015  bluetooth               com.android.bluetooth                I  attp_cl_send_cmd: Starting ATT response timer
2025-09-15 11:22:20.231  1735-2015  bt_stack                com.android.bluetooth                I  [INFO:gatt_cl.cc(1194)] gatt_client_handle_server_rsp opcode: 0x01
2025-09-15 11:22:20.231  1735-2015  bt_stack                com.android.bluetooth                I  [INFO:gatt_cl.cc(533)] gatt_process_error_rsp
2025-09-15 11:22:20.231  1735-2015  bt_stack                com.android.bluetooth                I  [INFO:gatt_utils.cc(1500)] gatt_end_operation status=0 op=1 subtype=1
2025-09-15 11:22:20.231  1735-2015  bt_stack                com.android.bluetooth                I  [INFO:bta_gattc_cache.cc(500)] bta_gattc_disc_cmpl_cback: disc_type=1
2025-09-15 11:22:20.231  1735-2015  bt_stack                com.android.bluetooth                I  [INFO:gatt_api.cc(711)] GATTC_Discover conn_id=0x0009, disc_type=3, s_handle=0x0001, e_handle=0x0004
2025-09-15 11:22:20.231  1735-2015  bt_stack                com.android.bluetooth                I  [INFO:gatt_cl.cc(101)] gatt_act_discovery opcode: 0x08
2025-09-15 11:22:20.232  1735-2015  bluetooth               com.android.bluetooth                I  attp_cl_send_cmd: Sending ATT command to l2cap cid:0x0004 eatt_channels:0 transport:BT_TRANSPORT_LE
2025-09-15 11:22:20.232  1735-2015  bluetooth               com.android.bluetooth                I  attp_cl_send_cmd: Starting ATT response timer
2025-09-15 11:22:20.253  1735-2015  bt_stack                com.android.bluetooth                I  [INFO:gatt_cl.cc(1194)] gatt_client_handle_server_rsp opcode: 0x01
2025-09-15 11:22:20.254  1735-2015  bt_stack                com.android.bluetooth                I  [INFO:gatt_cl.cc(533)] gatt_process_error_rsp
2025-09-15 11:22:20.254  1735-2015  bt_stack                com.android.bluetooth                I  [INFO:gatt_utils.cc(1500)] gatt_end_operation status=0 op=1 subtype=3
2025-09-15 11:22:20.254  1735-2015  bt_stack                com.android.bluetooth                I  [INFO:bta_gattc_cache.cc(500)] bta_gattc_disc_cmpl_cback: disc_type=3
2025-09-15 11:22:20.254  1735-2015  bt_stack                com.android.bluetooth                I  [INFO:gatt_api.cc(711)] GATTC_Discover conn_id=0x0009, disc_type=4, s_handle=0x0001, e_handle=0x0004
2025-09-15 11:22:20.254  1735-2015  bt_stack                com.android.bluetooth                I  [INFO:gatt_cl.cc(101)] gatt_act_discovery opcode: 0x08
2025-09-15 11:22:20.254  1735-2015  bluetooth               com.android.bluetooth                I  attp_cl_send_cmd: Sending ATT command to l2cap cid:0x0004 eatt_channels:0 transport:BT_TRANSPORT_LE
2025-09-15 11:22:20.254  1735-2015  bluetooth               com.android.bluetooth                I  attp_cl_send_cmd: Starting ATT response timer
2025-09-15 11:22:20.269  1735-2015  bt_stack                com.android.bluetooth                I  [INFO:gatt_cl.cc(1194)] gatt_client_handle_server_rsp opcode: 0x09
2025-09-15 11:22:20.269  1735-2015  bt_stack                com.android.bluetooth                I  [INFO:gatt_cl.cc(799)] gatt_process_read_by_type_rspop=1 subtype=4
2025-09-15 11:22:20.269  1735-2015  bt_stack                com.android.bluetooth                I  [INFO:gatt_cl.cc(983)] gatt_process_read_by_type_rsp: initiate another discovery request
2025-09-15 11:22:20.269  1735-2015  bt_stack                com.android.bluetooth                I  [INFO:gatt_cl.cc(101)] gatt_act_discovery opcode: 0x08
2025-09-15 11:22:20.269  1735-2015  bluetooth               com.android.bluetooth                I  attp_cl_send_cmd: Sending ATT command to l2cap cid:0x0004 eatt_channels:0 transport:BT_TRANSPORT_LE
2025-09-15 11:22:20.270  1735-2015  bluetooth               com.android.bluetooth                I  attp_cl_send_cmd: Starting ATT response timer
2025-09-15 11:22:20.290  1735-2015  bt_stack                com.android.bluetooth                I  [INFO:gatt_cl.cc(1194)] gatt_client_handle_server_rsp opcode: 0x01
2025-09-15 11:22:20.290  1735-2015  bt_stack                com.android.bluetooth                I  [INFO:gatt_cl.cc(533)] gatt_process_error_rsp
2025-09-15 11:22:20.290  1735-2015  bt_stack                com.android.bluetooth                I  [INFO:gatt_utils.cc(1500)] gatt_end_operation status=0 op=1 subtype=4
2025-09-15 11:22:20.291  1735-2015  bt_stack                com.android.bluetooth                I  [INFO:bta_gattc_cache.cc(500)] bta_gattc_disc_cmpl_cback: disc_type=4
2025-09-15 11:22:20.291  1735-2015  bt_stack                com.android.bluetooth                I  [INFO:gatt_api.cc(711)] GATTC_Discover conn_id=0x0009, disc_type=5, s_handle=0x0004, e_handle=0x0004
2025-09-15 11:22:20.291  1735-2015  bt_stack                com.android.bluetooth                I  [INFO:gatt_cl.cc(101)] gatt_act_discovery opcode: 0x04
2025-09-15 11:22:20.291  1735-2015  bluetooth               com.android.bluetooth                I  attp_cl_send_cmd: Sending ATT command to l2cap cid:0x0004 eatt_channels:0 transport:BT_TRANSPORT_LE
2025-09-15 11:22:20.291  1735-2015  bluetooth               com.android.bluetooth                I  attp_cl_send_cmd: Starting ATT response timer
2025-09-15 11:22:20.313  1735-2015  bt_stack                com.android.bluetooth                I  [INFO:gatt_cl.cc(1194)] gatt_client_handle_server_rsp opcode: 0x05
2025-09-15 11:22:20.314  1735-2015  bt_stack                com.android.bluetooth                I  [INFO:gatt_utils.cc(1500)] gatt_end_operation status=0 op=1 subtype=5
2025-09-15 11:22:20.314  1735-2015  bt_stack                com.android.bluetooth                I  [INFO:bta_gattc_cache.cc(500)] bta_gattc_disc_cmpl_cback: disc_type=5
2025-09-15 11:22:20.314  1735-2015  bt_stack                com.android.bluetooth                I  [INFO:gatt_api.cc(711)] GATTC_Discover conn_id=0x0009, disc_type=3, s_handle=0x0005, e_handle=0x000b
2025-09-15 11:22:20.314  1735-2015  bt_stack                com.android.bluetooth                I  [INFO:gatt_cl.cc(101)] gatt_act_discovery opcode: 0x08
2025-09-15 11:22:20.314  1735-2015  bluetooth               com.android.bluetooth                I  attp_cl_send_cmd: Sending ATT command to l2cap cid:0x0004 eatt_channels:0 transport:BT_TRANSPORT_LE
2025-09-15 11:22:20.314  1735-2015  bluetooth               com.android.bluetooth                I  attp_cl_send_cmd: Starting ATT response timer
2025-09-15 11:22:20.328  1735-2015  bt_stack                com.android.bluetooth                I  [INFO:gatt_cl.cc(1194)] gatt_client_handle_server_rsp opcode: 0x01
2025-09-15 11:22:20.328  1735-2015  bt_stack                com.android.bluetooth                I  [INFO:gatt_cl.cc(533)] gatt_process_error_rsp
2025-09-15 11:22:20.328  1735-2015  bt_stack                com.android.bluetooth                I  [INFO:gatt_utils.cc(1500)] gatt_end_operation status=0 op=1 subtype=3
2025-09-15 11:22:20.329  1735-2015  bt_stack                com.android.bluetooth                I  [INFO:bta_gattc_cache.cc(500)] bta_gattc_disc_cmpl_cback: disc_type=3
2025-09-15 11:22:20.329  1735-2015  bt_stack                com.android.bluetooth                I  [INFO:gatt_api.cc(711)] GATTC_Discover conn_id=0x0009, disc_type=4, s_handle=0x0005, e_handle=0x000b
2025-09-15 11:22:20.329  1735-2015  bt_stack                com.android.bluetooth                I  [INFO:gatt_cl.cc(101)] gatt_act_discovery opcode: 0x08
2025-09-15 11:22:20.329  1735-2015  bluetooth               com.android.bluetooth                I  attp_cl_send_cmd: Sending ATT command to l2cap cid:0x0004 eatt_channels:0 transport:BT_TRANSPORT_LE
2025-09-15 11:22:20.329  1735-2015  bluetooth               com.android.bluetooth                I  attp_cl_send_cmd: Starting ATT response timer
2025-09-15 11:22:20.350  1735-2015  bt_stack                com.android.bluetooth                I  [INFO:gatt_cl.cc(1194)] gatt_client_handle_server_rsp opcode: 0x09
2025-09-15 11:22:20.350  1735-2015  bt_stack                com.android.bluetooth                I  [INFO:gatt_cl.cc(799)] gatt_process_read_by_type_rspop=1 subtype=4
2025-09-15 11:22:20.351  1735-2015  bt_stack                com.android.bluetooth                I  [INFO:gatt_cl.cc(983)] gatt_process_read_by_type_rsp: initiate another discovery request
2025-09-15 11:22:20.351  1735-2015  bt_stack                com.android.bluetooth                I  [INFO:gatt_cl.cc(101)] gatt_act_discovery opcode: 0x08
2025-09-15 11:22:20.351  1735-2015  bluetooth               com.android.bluetooth                I  attp_cl_send_cmd: Sending ATT command to l2cap cid:0x0004 eatt_channels:0 transport:BT_TRANSPORT_LE
2025-09-15 11:22:20.351  1735-2015  bluetooth               com.android.bluetooth                I  attp_cl_send_cmd: Starting ATT response timer
2025-09-15 11:22:20.373  1735-2015  bt_stack                com.android.bluetooth                I  [INFO:gatt_cl.cc(1194)] gatt_client_handle_server_rsp opcode: 0x01
2025-09-15 11:22:20.374  1735-2015  bt_stack                com.android.bluetooth                I  [INFO:gatt_cl.cc(533)] gatt_process_error_rsp
2025-09-15 11:22:20.374  1735-2015  bt_stack                com.android.bluetooth                I  [INFO:gatt_utils.cc(1500)] gatt_end_operation status=0 op=1 subtype=4
2025-09-15 11:22:20.374  1735-2015  bt_stack                com.android.bluetooth                I  [INFO:bta_gattc_cache.cc(500)] bta_gattc_disc_cmpl_cback: disc_type=4
