2025-09-15 11:21:35.255   995-2760  StNfcHal                android.hardware.nfc@1.2-service-st  D  (#02C1B) Rx 6f 02 19 (hidden)
2025-09-15 11:21:35.290   995-2760  StNfcHal                android.hardware.nfc@1.2-service-st  D  (#02C1C) Rx 6f 02 11 (hidden)
2025-09-15 11:21:35.303   995-2760  StNfcHal                android.hardware.nfc@1.2-service-st  D  (#02C1D) Rx 6f 02 0a (hidden)
2025-09-15 11:21:35.312   995-2760  StNfcHal                android.hardware.nfc@1.2-service-st  D  (#02C1E) Rx 6f 02 09 (hidden)
2025-09-15 11:21:35.540  1267-2402  haohaov                 system_server                        I  [HMDenterprise broadcastIntentLocked] intent=Intent { act=android.intent.action.SIG_STR (has extras) }
2025-09-15 11:21:35.545  1267-2402  haohaov                 system_server                        I  [HMDenterprise broadcastIntentLocked] intent=Intent { act=android.intent.action.SIG_STR (has extras) }
2025-09-15 11:21:35.719   995-2760  StNfcHal                android.hardware.nfc@1.2-service-st  D  (#02C1F) Rx 6f 02 09 (hidden)
2025-09-15 11:21:35.733   995-2760  StNfcHal                android.hardware.nfc@1.2-service-st  D  (#02C20) Rx 6f 02 0d (hidden)
2025-09-15 11:21:35.743   995-2760  StNfcHal                android.hardware.nfc@1.2-service-st  D  (#02C21) Rx 6f 02 0f (hidden)
2025-09-15 11:21:35.777   995-2760  StNfcHal                android.hardware.nfc@1.2-service-st  D  (#02C22) Rx 6f 02 11 (hidden)
2025-09-15 11:21:35.790   995-2760  StNfcHal                android.hardware.nfc@1.2-service-st  D  (#02C23) Rx 6f 02 0a (hidden)
2025-09-15 11:21:35.800   995-2760  StNfcHal                android.hardware.nfc@1.2-service-st  D  (#02C24) Rx 6f 02 09 (hidden)
2025-09-15 11:21:36.128  1267-2403  AlarmManagerService     system_server                        D  inside native alarm timerfd set Alarm Type = 2
2025-09-15 11:21:36.129  1267-2403  AlarmManagerService     system_server                        D  inside native alarm timerfd set Alarm Type = 3
2025-09-15 11:21:36.137  1267-2402  AlarmManagerService     system_server                        D  inside native alarm timerfd set Alarm Type = 2
2025-09-15 11:21:36.138  1267-2402  AlarmManagerService     system_server                        D  inside native alarm timerfd set Alarm Type = 3
2025-09-15 11:21:36.208   995-2760  StNfcHal                android.hardware.nfc@1.2-service-st  D  (#02C25) Rx 6f 02 09 (hidden)
2025-09-15 11:21:36.220   995-2760  StNfcHal                android.hardware.nfc@1.2-service-st  D  (#02C26) Rx 6f 02 0d (hidden)
2025-09-15 11:21:36.230   995-2760  StNfcHal                android.hardware.nfc@1.2-service-st  D  (#02C27) Rx 6f 02 0f (hidden)
2025-09-15 11:21:36.262   995-2760  StNfcHal                android.hardware.nfc@1.2-service-st  D  (#02C28) Rx 6f 02 11 (hidden)
2025-09-15 11:21:36.276   995-2760  StNfcHal                android.hardware.nfc@1.2-service-st  D  (#02C29) Rx 6f 02 0a (hidden)
2025-09-15 11:21:36.287   995-2760  StNfcHal                android.hardware.nfc@1.2-service-st  D  (#02C2A) Rx 6f 02 09 (hidden)
2025-09-15 11:21:36.691   995-2760  StNfcHal                android.hardware.nfc@1.2-service-st  D  (#02C2B) Rx 6f 02 0a (hidden)
2025-09-15 11:21:36.983   995-2760  StNfcHal                android.hardware.nfc@1.2-service-st  D  (#02C2C) Rx 6f 02 2e (hidden)
2025-09-15 11:21:37.296   995-2760  StNfcHal                android.hardware.nfc@1.2-service-st  D  (#02C2D) Rx 6f 02 0f (hidden)
2025-09-15 11:21:37.556   995-2760  StNfcHal                android.hardware.nfc@1.2-service-st  D  (#02C2E) Rx 6f 02 27 (hidden)
2025-09-15 11:21:37.868   995-2760  StNfcHal                android.hardware.nfc@1.2-service-st  D  (#02C2F) Rx 6f 02 0f (hidden)
2025-09-15 11:21:37.967  1067-1067  thermal_repeater        thermal                              I  [recvMdThermalInfo] ret=33, strLen=127,  2, 32767, -127, 111, 32767, 4046
2025-09-15 11:21:38.130   995-2760  StNfcHal                android.hardware.nfc@1.2-service-st  D  (#02C30) Rx 6f 02 27 (hidden)
2025-09-15 11:21:38.248 12190-12429 NearbyMediums           com.google.android.gms.persistent    I  No BLE Fast/GATT advertisements found in the latest cycle.
2025-09-15 11:21:38.250 12190-12429 NearbyMediums           com.google.android.gms.persistent    I  Current Tracked Scanning Clients are : {NearbyConnections.EnvironmentMonitor, NearbySharing}
2025-09-15 11:21:38.443   995-2760  StNfcHal                android.hardware.nfc@1.2-service-st  D  (#02C31) Rx 6f 02 0f (hidden)
2025-09-15 11:21:38.703   995-2760  StNfcHal                android.hardware.nfc@1.2-service-st  D  (#02C32) Rx 6f 02 27 (hidden)
2025-09-15 11:21:39.180 12294-12294 GH.SharedService        com...e.android.projection.gearhead  I  Shared Service destroyed
2025-09-15 11:21:39.496 12190-12190 ThreadPoolForeg         com.google.android.gms.persistent    W  type=1400 audit(0.0:21782): avc: denied { write } for name="traced_producer" dev="tmpfs" ino=21781 scontext=u:r:gmscore_app:s0:c512,c768 tcontext=u:object_r:traced_producer_socket:s0 tclass=sock_file permissive=0 app=com.google.android.gms
2025-09-15 11:21:39.956   995-2760  StNfcHal                android.hardware.nfc@1.2-service-st  D  (#02C33) Rx 6f 02 0f (hidden)
2025-09-15 11:21:40.217   995-2760  StNfcHal                android.hardware.nfc@1.2-service-st  D  (#02C34) Rx 6f 02 16 (hidden)
2025-09-15 11:21:40.226   995-2760  StNfcHal                android.hardware.nfc@1.2-service-st  D  (#02C35) Rx 6f 02 09 (hidden)
2025-09-15 11:21:40.236   995-2760  StNfcHal                android.hardware.nfc@1.2-service-st  D  (#02C36) Rx 6f 02 0d (hidden)
2025-09-15 11:21:40.247   995-2760  StNfcHal                android.hardware.nfc@1.2-service-st  D  (#02C37) Rx 6f 02 0f (hidden)
2025-09-15 11:21:40.273   995-2760  StNfcHal                android.hardware.nfc@1.2-service-st  D  (#02C38) Rx 6f 02 11 (hidden)
2025-09-15 11:21:40.279   798-2010  [BT]                    and...luetooth@1.1-service-mediatek  D  mtk_bt_op: BT_VND_OP_LPM_WAKE_SET_STATE
2025-09-15 11:21:40.287   995-2760  StNfcHal                android.hardware.nfc@1.2-service-st  D  (#02C39) Rx 6f 02 0a (hidden)
2025-09-15 11:21:40.297   995-2760  StNfcHal                android.hardware.nfc@1.2-service-st  D  (#02C3A) Rx 6f 02 09 (hidden)
2025-09-15 11:21:40.661  1267-8729  haohaov                 system_server                        I  [HMDenterprise broadcastIntentLocked] intent=Intent { act=android.intent.action.SIG_STR (has extras) }
2025-09-15 11:21:40.666  1267-8729  haohaov                 system_server                        I  [HMDenterprise broadcastIntentLocked] intent=Intent { act=android.intent.action.SIG_STR (has extras) }
2025-09-15 11:21:40.705   995-2760  StNfcHal                android.hardware.nfc@1.2-service-st  D  (#02C3B) Rx 6f 02 09 (hidden)
2025-09-15 11:21:40.722   995-2760  StNfcHal                android.hardware.nfc@1.2-service-st  D  (#02C3C) Rx 6f 02 0d (hidden)
2025-09-15 11:21:40.728   995-2760  StNfcHal                android.hardware.nfc@1.2-service-st  D  (#02C3D) Rx 6f 02 0f (hidden)
2025-09-15 11:21:40.762   995-2760  StNfcHal                android.hardware.nfc@1.2-service-st  D  (#02C3E) Rx 6f 02 11 (hidden)
2025-09-15 11:21:40.775   995-2760  StNfcHal                android.hardware.nfc@1.2-service-st  D  (#02C3F) Rx 6f 02 0a (hidden)
2025-09-15 11:21:40.786   995-2760  StNfcHal                android.hardware.nfc@1.2-service-st  D  (#02C40) Rx 6f 02 09 (hidden)
2025-09-15 11:21:41.192   995-2760  StNfcHal                android.hardware.nfc@1.2-service-st  D  (#02C41) Rx 6f 02 09 (hidden)
2025-09-15 11:21:41.206   995-2760  StNfcHal                android.hardware.nfc@1.2-service-st  D  (#02C42) Rx 6f 02 0d (hidden)
2025-09-15 11:21:41.217   995-2760  StNfcHal                android.hardware.nfc@1.2-service-st  D  (#02C43) Rx 6f 02 0f (hidden)
2025-09-15 11:21:41.250   995-2760  StNfcHal                android.hardware.nfc@1.2-service-st  D  (#02C44) Rx 6f 02 11 (hidden)
2025-09-15 11:21:41.263   995-2760  StNfcHal                android.hardware.nfc@1.2-service-st  D  (#02C45) Rx 6f 02 0a (hidden)
2025-09-15 11:21:41.272   995-2760  StNfcHal                android.hardware.nfc@1.2-service-st  D  (#02C46) Rx 6f 02 09 (hidden)
2025-09-15 11:21:41.680   995-2760  StNfcHal                android.hardware.nfc@1.2-service-st  D  (#02C47) Rx 6f 02 09 (hidden)
2025-09-15 11:21:41.694   995-2760  StNfcHal                android.hardware.nfc@1.2-service-st  D  (#02C48) Rx 6f 02 0d (hidden)
2025-09-15 11:21:41.703   995-2760  StNfcHal                android.hardware.nfc@1.2-service-st  D  (#02C49) Rx 6f 02 0f (hidden)
2025-09-15 11:21:41.737   995-2760  StNfcHal                android.hardware.nfc@1.2-service-st  D  (#02C4A) Rx 6f 02 11 (hidden)
2025-09-15 11:21:41.749   995-2760  StNfcHal                android.hardware.nfc@1.2-service-st  D  (#02C4B) Rx 6f 02 0a (hidden)
2025-09-15 11:21:41.760   995-2760  StNfcHal                android.hardware.nfc@1.2-service-st  D  (#02C4C) Rx 6f 02 09 (hidden)
2025-09-15 11:21:42.166   995-2760  StNfcHal                android.hardware.nfc@1.2-service-st  D  (#02C4D) Rx 6f 02 09 (hidden)
2025-09-15 11:21:42.180   995-2760  StNfcHal                android.hardware.nfc@1.2-service-st  D  (#02C4E) Rx 6f 02 0d (hidden)
2025-09-15 11:21:42.192   995-2760  StNfcHal                android.hardware.nfc@1.2-service-st  D  (#02C4F) Rx 6f 02 0f (hidden)
2025-09-15 11:21:42.223   995-2760  StNfcHal                android.hardware.nfc@1.2-service-st  D  (#02C50) Rx 6f 02 11 (hidden)
2025-09-15 11:21:42.236   995-2760  StNfcHal                android.hardware.nfc@1.2-service-st  D  (#02C51) Rx 6f 02 0a (hidden)
2025-09-15 11:21:42.247   995-2760  StNfcHal                android.hardware.nfc@1.2-service-st  D  (#02C52) Rx 6f 02 09 (hidden)
2025-09-15 11:21:42.651   995-2760  StNfcHal                android.hardware.nfc@1.2-service-st  D  (#02C53) Rx 6f 02 0a (hidden)
2025-09-15 11:21:42.944   995-2760  StNfcHal                android.hardware.nfc@1.2-service-st  D  (#02C54) Rx 6f 02 2e (hidden)
2025-09-15 11:21:43.568   995-2760  StNfcHal                android.hardware.nfc@1.2-service-st  D  (#02C55) Rx 6f 02 0f (hidden)
2025-09-15 11:21:43.829   995-2760  StNfcHal                android.hardware.nfc@1.2-service-st  D  (#02C56) Rx 6f 02 16 (hidden)
2025-09-15 11:21:43.840   995-2760  StNfcHal                android.hardware.nfc@1.2-service-st  D  (#02C57) Rx 6f 02 09 (hidden)
2025-09-15 11:21:43.848   995-2760  StNfcHal                android.hardware.nfc@1.2-service-st  D  (#02C58) Rx 6f 02 0d (hidden)
2025-09-15 11:21:43.858   995-2760  StNfcHal                android.hardware.nfc@1.2-service-st  D  (#02C59) Rx 6f 02 0f (hidden)
2025-09-15 11:21:43.886   995-2760  StNfcHal                android.hardware.nfc@1.2-service-st  D  (#02C5A) Rx 6f 02 11 (hidden)
2025-09-15 11:21:43.900   995-2760  StNfcHal                android.hardware.nfc@1.2-service-st  D  (#02C5B) Rx 6f 02 0a (hidden)
2025-09-15 11:21:43.909   995-2760  StNfcHal                android.hardware.nfc@1.2-service-st  D  (#02C5C) Rx 6f 02 09 (hidden)
2025-09-15 11:21:44.316   995-2760  StNfcHal                android.hardware.nfc@1.2-service-st  D  (#02C5D) Rx 6f 02 09 (hidden)
2025-09-15 11:21:44.328   995-2760  StNfcHal                android.hardware.nfc@1.2-service-st  D  (#02C5E) Rx 6f 02 0f (hidden)
2025-09-15 11:21:44.338   995-2760  StNfcHal                android.hardware.nfc@1.2-service-st  D  (#02C5F) Rx 6f 02 19 (hidden)
2025-09-15 11:21:44.367  1735-2015  bt_stack                com.android.bluetooth                I  [INFO:gatt_attr.cc(345)] gatt_connect_cback: remove untrusted client status, bda=f0:d7:8f:4d:80:82
2025-09-15 11:21:44.367   798-798   mtk.hal.bt@1.1-impl     and...luetooth@1.1-service-mediatek  D  BtHostDebugInfo
2025-09-15 11:21:44.368   798-798   [BT]                    and...luetooth@1.1-service-mediatek  D  mtk_bt_op: BT_VND_OP_SET_BTHOST
2025-09-15 11:21:44.368  1735-2015  bluetooth               com.android.bluetooth                I  client_connect_cback: No active GAP service found for peer:xx:xx:xx:xx:80:82 callback:Disconnected
2025-09-15 11:21:44.368  1735-2015  bt_bta_gattc            com.android.bluetooth                I  bta_gattc_conn_cback: Disconnected att_id:3 addr:xx:xx:xx:xx:80:82, transport:BT_TRANSPORT_LE reason:GATT_CONN_TERMINATE_PEER_USER
2025-09-15 11:21:44.368  1735-2015  bt_bta_gattc            com.android.bluetooth                I  bta_gattc_conn_cback: Disconnected att_id:4 addr:xx:xx:xx:xx:80:82, transport:BT_TRANSPORT_LE reason:GATT_CONN_TERMINATE_PEER_USER
2025-09-15 11:21:44.368  1735-2015  bt_bta_gattc            com.android.bluetooth                I  bta_gattc_conn_cback: Disconnected att_id:5 addr:xx:xx:xx:xx:80:82, transport:BT_TRANSPORT_LE reason:GATT_CONN_TERMINATE_PEER_USER
2025-09-15 11:21:44.368  1735-2015  bt_bta_gattc            com.android.bluetooth                I  bta_gattc_conn_cback: Disconnected att_id:6 addr:xx:xx:xx:xx:80:82, transport:BT_TRANSPORT_LE reason:GATT_CONN_TERMINATE_PEER_USER
2025-09-15 11:21:44.368  1735-2015  bt_bta_gattc            com.android.bluetooth                I  bta_gattc_conn_cback: Disconnected att_id:7 addr:xx:xx:xx:xx:80:82, transport:BT_TRANSPORT_LE reason:GATT_CONN_TERMINATE_PEER_USER
2025-09-15 11:21:44.368  1735-2015  bt_bta_gattc            com.android.bluetooth                I  bta_gattc_conn_cback: Disconnected att_id:8 addr:xx:xx:xx:xx:80:82, transport:BT_TRANSPORT_LE reason:GATT_CONN_TERMINATE_PEER_USER
2025-09-15 11:21:44.368  1735-2015  bt_bta_gattc            com.android.bluetooth                I  bta_gattc_conn_cback: Disconnected att_id:9 addr:xx:xx:xx:xx:80:82, transport:BT_TRANSPORT_LE reason:GATT_CONN_TERMINATE_PEER_USER
2025-09-15 11:21:44.368  1735-2015  bt_bta_gattc            com.android.bluetooth                I  bta_gattc_conn_cback: Disconnected att_id:10 addr:xx:xx:xx:xx:80:82, transport:BT_TRANSPORT_LE reason:GATT_CONN_TERMINATE_PEER_USER
2025-09-15 11:21:44.369  1735-2015  bt_bta_gattc            com.android.bluetooth                I  bta_gattc_conn_cback: Disconnected att_id:11 addr:xx:xx:xx:xx:80:82, transport:BT_TRANSPORT_LE reason:GATT_CONN_TERMINATE_PEER_USER
2025-09-15 11:21:44.369  1735-2015  bt_bta_gattc            com.android.bluetooth                I  bta_gattc_conn_cback: Disconnected att_id:12 addr:xx:xx:xx:xx:80:82, transport:BT_TRANSPORT_LE reason:GATT_CONN_TERMINATE_PEER_USER
2025-09-15 11:21:44.369  1735-2015  bt_bta_gattc            com.android.bluetooth                I  bta_gattc_conn_cback: Disconnected att_id:13 addr:xx:xx:xx:xx:80:82, transport:BT_TRANSPORT_LE reason:GATT_CONN_TERMINATE_PEER_USER
2025-09-15 11:21:44.369  1735-2015  btm_acl                 com.android.bluetooth                I  NotifyAclLinkDown: ACL Link Down
2025-09-15 11:21:44.370  1735-2015  bta_gattc_main          com.android.bluetooth                E  bta_gattc_hdl_event: Ignore unknown conn ID: 3
2025-09-15 11:21:44.370  1735-2015  bta_gattc_main          com.android.bluetooth                E  bta_gattc_hdl_event: Ignore unknown conn ID: 4
2025-09-15 11:21:44.370  1735-2015  bta_gattc_main          com.android.bluetooth                E  bta_gattc_hdl_event: Ignore unknown conn ID: 5
2025-09-15 11:21:44.370  1735-2015  bta_gattc_main          com.android.bluetooth                E  bta_gattc_hdl_event: Ignore unknown conn ID: 6
2025-09-15 11:21:44.370  1735-2015  bta_gattc_main          com.android.bluetooth                E  bta_gattc_hdl_event: Ignore unknown conn ID: 7
2025-09-15 11:21:44.370  1735-2015  bta_gattc_main          com.android.bluetooth                E  bta_gattc_hdl_event: Ignore unknown conn ID: 8
2025-09-15 11:21:44.370   798-798   mtk.hal.bt@1.1-impl     and...luetooth@1.1-service-mediatek  D  BtHostDebugInfo
2025-09-15 11:21:44.370   798-798   [BT]                    and...luetooth@1.1-service-mediatek  D  mtk_bt_op: BT_VND_OP_SET_BTHOST
2025-09-15 11:21:44.371  1735-2015  bta_gattc_main          com.android.bluetooth                E  bta_gattc_hdl_event: Ignore unknown conn ID: 10
2025-09-15 11:21:44.371  1735-2015  bta_gattc_main          com.android.bluetooth                E  bta_gattc_hdl_event: Ignore unknown conn ID: 11
2025-09-15 11:21:44.371  1735-2015  bta_gattc_main          com.android.bluetooth                E  bta_gattc_hdl_event: Ignore unknown conn ID: 12
2025-09-15 11:21:44.371  1735-2015  bta_gattc_main          com.android.bluetooth                E  bta_gattc_hdl_event: Ignore unknown conn ID: 13
2025-09-15 11:21:44.371  1735-2015  bt_bta_dm               com.android.bluetooth                I  bta_dm_acl_down: bta_dm_acl_down
2025-09-15 11:21:44.371  1735-1940  BtGatt.GattService      com.android.bluetooth                D  onDisconnected() - removing permit for address=F0:D7:8F:4D:80:82
2025-09-15 11:21:44.371  1735-2015  btif_av                 com.android.bluetooth                I  btif_av_get_peer_sep: No active sink or source peer found
2025-09-15 11:21:44.371  1735-2015  bt_btif_a2dp_source     com.android.bluetooth                I  btif_a2dp_source_on_idle: btif_a2dp_source_on_idle: state=STATE_OFF
2025-09-15 11:21:44.371  1735-2015  btif_av                 com.android.bluetooth                I  btif_av_get_peer_sep: No active sink or source peer found
2025-09-15 11:21:44.371  1735-2015  bt_btif_a2dp_source     com.android.bluetooth                I  btif_a2dp_source_on_idle: btif_a2dp_source_on_idle: state=STATE_OFF
2025-09-15 11:21:44.373  8951-8967  BluetoothGatt           com.remoticom.energynodeinset        D  onClientConnectionState() - status=0 clientIf=9 device=F0:D7:8F:4D:80:82
2025-09-15 11:21:44.374  8951-8967  DiscoverSe...sOperation com.remoticom.energynodeinset        V  onConnectionStateChange called
2025-09-15 11:21:44.374  1735-1940  BluetoothDatabase       com.android.bluetooth                V  getProfileConnectionPolicy: device XX:XX:XX:4D:80:82 profile=A2DP, connectionPolicy=-1
2025-09-15 11:21:44.374  1735-1940  BluetoothDatabase       com.android.bluetooth                V  getProfileConnectionPolicy: device XX:XX:XX:4D:80:82 profile=HEADSET, connectionPolicy=-1
2025-09-15 11:21:44.374  8951-8967  BluetoothGatt           com.remoticom.energynodeinset        D  close()
2025-09-15 11:21:44.375  8951-8967  BluetoothGatt           com.remoticom.energynodeinset        D  unregisterApp() - mClientIf=9
2025-09-15 11:21:44.375  1735-2027  BASM_Disconnected       com.android.bluetooth                W  DISCONNECT ignored: xx:xx:xx:xx:80:82
2025-09-15 11:21:44.375  1735-1940  BluetoothDatabase       com.android.bluetooth                V  getProfileConnectionPolicy: device XX:XX:XX:4D:80:82 profile=HID_HOST, connectionPolicy=-1
2025-09-15 11:21:44.375  1735-1940  BluetoothDatabase       com.android.bluetooth                V  getProfileConnectionPolicy: device XX:XX:XX:4D:80:82 profile=PAN, connectionPolicy=-1
2025-09-15 11:21:44.376  1735-1940  BluetoothDatabase       com.android.bluetooth                V  getProfileConnectionPolicy: device XX:XX:XX:4D:80:82 profile=HEARING_AID, connectionPolicy=-1
2025-09-15 11:21:44.376   995-2760  StNfcHal                android.hardware.nfc@1.2-service-st  D  (#02C60) Rx 6f 02 11 (hidden)
2025-09-15 11:21:44.376  1735-1940  BluetoothDatabase       com.android.bluetooth                V  getProfileConnectionPolicy: device XX:XX:XX:4D:80:82 profile=BATTERY, connectionPolicy=-1
2025-09-15 11:21:44.381  8951-8967  GattConnectionService   com.remoticom.energynodeinset        D  state = Disconnected, error = null
2025-09-15 11:21:44.382  8951-8967  GattConnectionService   com.remoticom.energynodeinset        D  Service state updated with ServiceState(device=DeviceImpl(uuid=00000000-0000-0000-0000-f0d78f4d8082, device=F0:D7:8F:4D:80:82, type=Bdc, serviceUuids=[a55d1c55-0088-ffff-0000-000000000000], health=null, state=null), characteristics=null, isConnecting=true, connectionStatus=Disconnected, lastGattError=null)
2025-09-15 11:21:44.383   995-2760  StNfcHal                android.hardware.nfc@1.2-service-st  D  (#02C61) Rx 6f 02 0a (hidden)
2025-09-15 11:21:44.385  1267-8729  haohaov                 system_server                        I  [HMDenterprise broadcastIntentLocked] intent=Intent { act=android.bluetooth.device.action.ACL_DISCONNECTED flg=0x5000000 (has extras) }
2025-09-15 11:21:44.395   995-2760  StNfcHal                android.hardware.nfc@1.2-service-st  D  (#02C62) Rx 6f 02 09 (hidden)
2025-09-15 11:21:44.395  8951-8951  NodeListFragment        com.remoticom.energynodeinset        D  Updating list of nodes
2025-09-15 11:21:44.392  1735-1940  BluetoothRemoteDevices  com.android.bluetooth                E  RemoteException in calling IBluetoothConnectionCallback
2025-09-15 11:21:44.398  8951-8951  DiscoverSe...sOperation com.remoticom.energynodeinset        D  FINISHED
2025-09-15 11:21:44.399  1735-1940  BluetoothRemoteDevices  com.android.bluetooth                E  RemoteException in calling IBluetoothConnectionCallback
2025-09-15 11:21:44.399  8951-8951  GattConnectionService   com.remoticom.energynodeinset        D  Delay next connect attempt for 100 msec
2025-09-15 11:21:44.391  1601-1711  BluetoothEventManager   com.android.systemui                 W  AclStateChangedHandler: activeDevice is null
2025-09-15 11:21:44.400  1735-1940  BluetoothRemoteDevices  com.android.bluetooth                E  RemoteException in calling IBluetoothConnectionCallback
2025-09-15 11:21:44.402  1735-2015  bt_stack                com.android.bluetooth                I  [INFO:gatt_api.cc(1045)] GATT_Deregister gatt_if=9
2025-09-15 11:21:44.427   823-823   BufferQueueProducer     surfaceflinger                       I  [com.remoticom.energynodeinset/com.remoticom.streetlighting.MainActivity#1460](this:0xb400007c3eec75a0,id:-1,api:0,p:-1,c:823) queueBuffer: fps=0.07 dur=15337.78 max=15337.78 min=15337.78
2025-09-15 11:21:44.434   823-823   HWC2                    surfaceflinger                       W  Can't query capability SkipColorTransform. Display Capabilities were not queried from HWC yet
2025-09-15 11:21:44.440   823-823   BufferQueueProducer     surfaceflinger                       I  [VDS-studio.screen.sharing:0 SCRATCH](this:0xb400007bfedeadc8,id:-1,api:1,p:823,c:823) queueBuffer: fps=0.07 dur=15342.52 max=15342.52 min=15342.52
2025-09-15 11:21:44.441   804-911   hwcomposer              and...graphics.composer@2.1-service  I  [HWCDisplay] [Display_2 (type:2)] fps:0.065178,dur:15342.69,max:15342.69,min:15342.69  
2025-09-15 11:21:44.442   804-13723 [GrallocExtra-ERROR]    and...graphics.composer@2.1-service  E  gralloc_extra_query:105 gralloc_extra_query with NULL handle: 0x0
2025-09-15 11:21:44.444   823-823   BufferQueueProducer     surfaceflinger                       I  [VDS-studio.screen.sharing:0 SINK](this:0xb400007bfedead38,id:-1,api:1,p:823,c:823) queueBuffer: fps=0.07 dur=15343.74 max=15343.74 min=15343.74
2025-09-15 11:21:44.452   823-823   BufferQueueProducer     surfaceflinger                       I  [FramebufferSurface](this:0xb400007beece7af0,id:-1,api:1,p:823,c:823) queueBuffer: fps=0.07 dur=15347.02 max=15347.02 min=15347.02
2025-09-15 11:21:44.453   804-911   hwcomposer              and...graphics.composer@2.1-service  I  [HWCDisplay] [Display_0 (type:1)] fps:0.065160,dur:15346.87,max:15346.87,min:15346.87  
2025-09-15 11:21:44.456   823-823   SurfaceFlinger          surfaceflinger                       I  operator()(), mtkRenderCntDebug 12030, screenshot (com.remoticom.energynodeinset/com.remoticom.streetlighting.MainActivity#1460)
2025-09-15 11:21:44.462  1267-2402  AlarmManagerService     system_server                        D  inside native alarm timerfd set Alarm Type = 2
2025-09-15 11:21:44.462  1267-2402  AlarmManagerService     system_server                        D  inside native alarm timerfd set Alarm Type = 3
2025-09-15 11:21:44.473  1267-8729  AlarmManagerService     system_server                        D  inside native alarm timerfd set Alarm Type = 2
2025-09-15 11:21:44.474  1267-8729  AlarmManagerService     system_server                        D  inside native alarm timerfd set Alarm Type = 3
2025-09-15 11:21:44.481 12190-13745 Nearby                  com.google.android.gms.persistent    I  (REDACTED) is blocked device type %s, isAuto=%s, isIot=%s, isLatchsky=%s, isChinaWearable=%s, isTv=%s, isWearable=%s (supportWearOs=%s), isChromeOsDevice=%s (supportChromeOs=%s)
2025-09-15 11:21:44.482  1083-13721 BufferPoolAccessor2.0   media.swcodec                        D  bufferpool2 0xb4000071e5c9a908 : 1(119 size) total buffers - 1(119 size) used buffers - 28/72 (recycle/alloc) - 43/71 (fetch/transfer)
2025-09-15 11:21:44.493 12190-12190 NearbyDiscovery         com.google.android.gms.persistent    I  (REDACTED) DiscoveryService onStartCommand action: %s
2025-09-15 11:21:44.495 12190-12190 NearbyDiscovery         com.google.android.gms.persistent    I  (REDACTED) onAclChange: state=%s, %s
2025-09-15 11:21:44.496  1267-2412  haohaov                 system_server                        I  [HMDenterprise broadcastIntentLocked] intent=Intent { act=com.google.android.gms.nearby.ACTION_FAST_PAIR_DISCONNECTED pkg=com.google.android.gms (has extras) }
2025-09-15 11:21:44.501  8951-8951  GattConnectionService   com.remoticom.energynodeinset        D  Connect attempt #2
2025-09-15 11:21:44.502  8951-8951  GattConnectionService   com.remoticom.energynodeinset        D  Service state updated with ServiceState(device=DeviceImpl(uuid=00000000-0000-0000-0000-f0d78f4d8082, device=F0:D7:8F:4D:80:82, type=Bdc, serviceUuids=[a55d1c55-0088-ffff-0000-000000000000], health=null, state=null), characteristics=null, isConnecting=true, connectionStatus=Connecting, lastGattError=null)
2025-09-15 11:21:44.503  8951-8951  ConnectGattOperation    com.remoticom.energynodeinset        D  STARTED
2025-09-15 11:21:44.503  8951-8951  ConnectGattOperation    com.remoticom.energynodeinset        V  connectGatt initiated
2025-09-15 11:21:44.505  8951-8951  BluetoothGatt           com.remoticom.energynodeinset        D  connect() - device: F0:D7:8F:4D:80:82, auto: false
2025-09-15 11:21:44.505  8951-8951  BluetoothGatt           com.remoticom.energynodeinset        D  registerApp()
2025-09-15 11:21:44.505  8951-8951  BluetoothGatt           com.remoticom.energynodeinset        D  registerApp() - UUID=fd6f0988-553f-4416-9937-6454a0275e06
2025-09-15 11:21:44.509  1735-2015  bluetooth               com.android.bluetooth                I  GATT_Register: Allocated name:GattClient uuid:9aa1e93c-e51c-da94-2d39-be201158b3f1 gatt_if:9 eatt_support:0
2025-09-15 11:21:44.511  8951-9020  BluetoothGatt           com.remoticom.energynodeinset        D  onClientRegistered() - status=0 clientIf=9
2025-09-15 11:21:44.514  8951-8951  NodeListFragment        com.remoticom.energynodeinset        D  Updating list of nodes
2025-09-15 11:21:44.516  1735-1940  bt_btif_gattc           com.android.bluetooth                I  btif_gattc_open_impl: Transport=2, device type=2, address type =0, phy=1
2025-09-15 11:21:44.517  1735-2015  bt_stack                com.android.bluetooth                I  [INFO:gatt_api.cc(1169)] GATT_Connectgatt_if=9, address=xx:xx:xx:xx:80:82, is_direct 1
2025-09-15 11:21:44.517  1735-2015  bt_stack                com.android.bluetooth                I  [INFO:gatt_attr.cc(885)] gatt_sr_init_cl_status: bda=f0:d7:8f:4d:80:82, cl_supp_feat=0000, aware=1
2025-09-15 11:21:44.518  1735-2015  bluetooth               com.android.bluetooth                I  gatt_update_app_use_link_flag: check_acl_link is false, no need to check
2025-09-15 11:21:44.518   798-798   [BT]                    and...luetooth@1.1-service-mediatek  D  mtk_bt_op: BT_VND_OP_LPM_WAKE_SET_STATE
2025-09-15 11:21:44.549   823-823   HWC2                    surfaceflinger                       W  Can't query capability SkipColorTransform. Display Capabilities were not queried from HWC yet
2025-09-15 11:21:44.554   804-13723 [GrallocExtra-ERROR]    and...graphics.composer@2.1-service  E  gralloc_extra_query:105 gralloc_extra_query with NULL handle: 0x0
2025-09-15 11:21:44.562   823-823   SurfaceFlinger          surfaceflinger                       I  operator()(), mtkRenderCntDebug 12031, screenshot (com.remoticom.energynodeinset/com.remoticom.streetlighting.MainActivity#1460)
2025-09-15 11:21:44.800   995-2760  StNfcHal                android.hardware.nfc@1.2-service-st  D  (#02C63) Rx 6f 02 09 (hidden)
2025-09-15 11:21:44.814   995-2760  StNfcHal                android.hardware.nfc@1.2-service-st  D  (#02C64) Rx 6f 02 0d (hidden)
2025-09-15 11:21:44.825   995-2760  StNfcHal                android.hardware.nfc@1.2-service-st  D  (#02C65) Rx 6f 02 0f (hidden)
2025-09-15 11:21:44.856   995-2760  StNfcHal                android.hardware.nfc@1.2-service-st  D  (#02C66) Rx 6f 02 11 (hidden)
2025-09-15 11:21:44.870   995-2760  StNfcHal                android.hardware.nfc@1.2-service-st  D  (#02C67) Rx 6f 02 0a (hidden)
2025-09-15 11:21:44.880   995-2760  StNfcHal                android.hardware.nfc@1.2-service-st  D  (#02C68) Rx 6f 02 09 (hidden)
2025-09-15 11:21:45.282  1735-2015  bluetooth               com.android.bluetooth                I  on_connection_complete: Le connection completed to device:f0:d7:8f:4d:80:82
2025-09-15 11:21:45.283  1735-2015  bt_btm_ble              com.android.bluetooth                I  btm_ble_connected: Updating device record timestamp for existing ble connection
2025-09-15 11:21:45.284   798-798   mtk.hal.bt@1.1-impl     and...luetooth@1.1-service-mediatek  D  BtHostDebugInfo
2025-09-15 11:21:45.284   798-798   [BT]                    and...luetooth@1.1-service-mediatek  D  mtk_bt_op: BT_VND_OP_SET_BTHOST
2025-09-15 11:21:45.287   995-2760  StNfcHal                android.hardware.nfc@1.2-service-st  D  (#02C69) Rx 6f 02 09 (hidden)
2025-09-15 11:21:45.301   995-2760  StNfcHal                android.hardware.nfc@1.2-service-st  D  (#02C6A) Rx 6f 02 0d (hidden)
2025-09-15 11:21:45.311   995-2760  StNfcHal                android.hardware.nfc@1.2-service-st  D  (#02C6B) Rx 6f 02 0f (hidden)
2025-09-15 11:21:45.343   995-2760  StNfcHal                android.hardware.nfc@1.2-service-st  D  (#02C6C) Rx 6f 02 11 (hidden)
2025-09-15 11:21:45.357   995-2760  StNfcHal                android.hardware.nfc@1.2-service-st  D  (#02C6D) Rx 6f 02 0a (hidden)
2025-09-15 11:21:45.367   995-2760  StNfcHal                android.hardware.nfc@1.2-service-st  D  (#02C6E) Rx 6f 02 09 (hidden)
2025-09-15 11:21:45.458  1735-2015  bt_btu_hcif             com.android.bluetooth                E  btu_hcif_log_event_metrics: Unexpectedly received event_code:0x0c that should not be handled here
2025-09-15 11:21:45.459  1735-2015  btm_acl                 com.android.bluetooth                I  NotifyAclLinkUp: ACL Link up
2025-09-15 11:21:45.459  1735-2015  bluetooth               com.android.bluetooth                I  client_connect_cback: No active GAP service found for peer:xx:xx:xx:xx:80:82 callback:Connected
2025-09-15 11:21:45.459  1735-2015  bt_bta_gattc            com.android.bluetooth                I  bta_gattc_conn_cback: Connected client_if:3 addr:xx:xx:xx:xx:80:82, transport:BT_TRANSPORT_LE reason:GATT_CONN_OK
2025-09-15 11:21:45.459  1735-2015  bt_bta_gattc            com.android.bluetooth                I  bta_gattc_conn_cback: Connected client_if:4 addr:xx:xx:xx:xx:80:82, transport:BT_TRANSPORT_LE reason:GATT_CONN_OK
2025-09-15 11:21:45.459  1735-2015  bt_bta_gattc            com.android.bluetooth                I  bta_gattc_conn_cback: Connected client_if:5 addr:xx:xx:xx:xx:80:82, transport:BT_TRANSPORT_LE reason:GATT_CONN_OK
2025-09-15 11:21:45.459  1735-2015  bt_bta_gattc            com.android.bluetooth                I  bta_gattc_conn_cback: Connected client_if:6 addr:xx:xx:xx:xx:80:82, transport:BT_TRANSPORT_LE reason:GATT_CONN_OK
2025-09-15 11:21:45.459  1735-2015  bt_bta_gattc            com.android.bluetooth                I  bta_gattc_conn_cback: Connected client_if:7 addr:xx:xx:xx:xx:80:82, transport:BT_TRANSPORT_LE reason:GATT_CONN_OK
2025-09-15 11:21:45.459  1735-2015  bt_bta_gattc            com.android.bluetooth                I  bta_gattc_conn_cback: Connected client_if:8 addr:xx:xx:xx:xx:80:82, transport:BT_TRANSPORT_LE reason:GATT_CONN_OK
2025-09-15 11:21:45.459  1735-2015  bt_bta_gattc            com.android.bluetooth                I  bta_gattc_conn_cback: Connected client_if:9 addr:xx:xx:xx:xx:80:82, transport:BT_TRANSPORT_LE reason:GATT_CONN_OK
2025-09-15 11:21:45.459  1735-2015  bt_bta_gattc            com.android.bluetooth                I  bta_gattc_conn_cback: Connected client_if:10 addr:xx:xx:xx:xx:80:82, transport:BT_TRANSPORT_LE reason:GATT_CONN_OK
2025-09-15 11:21:45.460  1735-2015  bt_bta_gattc            com.android.bluetooth                I  bta_gattc_conn_cback: Connected client_if:11 addr:xx:xx:xx:xx:80:82, transport:BT_TRANSPORT_LE reason:GATT_CONN_OK
2025-09-15 11:21:45.460  1735-2015  bt_bta_gattc            com.android.bluetooth                I  bta_gattc_conn_cback: Connected client_if:12 addr:xx:xx:xx:xx:80:82, transport:BT_TRANSPORT_LE reason:GATT_CONN_OK
2025-09-15 11:21:45.460  1735-2015  bt_bta_gattc            com.android.bluetooth                I  bta_gattc_conn_cback: Connected client_if:13 addr:xx:xx:xx:xx:80:82, transport:BT_TRANSPORT_LE reason:GATT_CONN_OK
2025-09-15 11:21:45.460  1735-2015  bluetooth               com.android.bluetooth                I  on_connection_complete: Le connection completed to device:f0:d7:8f:4d:80:82
2025-09-15 11:21:45.460  1735-2015  bluetooth               com.android.bluetooth                I  GATT_SetIdleTimeout: idle_timeout=65535, status=1, (1-OK 0-not performed)
2025-09-15 11:21:45.460  1735-2015  bt_stack                com.android.bluetooth                I  [INFO:eatt_impl.h(644)] connect device f0:d7:8f:4d:80:82 rolecentral
2025-09-15 11:21:45.460  1735-2015  bluetooth               com.android.bluetooth                I  attp_cl_send_cmd: Sending ATT command to l2cap cid:0x0004 eatt_channels:0 transport:BT_TRANSPORT_LE
2025-09-15 11:21:45.461  1735-2015  bluetooth               com.android.bluetooth                I  attp_cl_send_cmd: Starting ATT response timer
2025-09-15 11:21:45.461  1735-2015  bt_bta_dm               com.android.bluetooth                I  bta_dm_acl_up: bta_dm_acl_up
2025-09-15 11:21:45.461  1735-2015  btm_acl                 com.android.bluetooth                W  acl_peer_supports_sniff_subrating: Unable to find active acl
2025-09-15 11:21:45.462  1735-2015  bta_gattc_main          com.android.bluetooth                E  bta_gattc_hdl_event: Ignore unknown conn ID: 3
2025-09-15 11:21:45.462  1735-2015  bta_gattc_main          com.android.bluetooth                E  bta_gattc_hdl_event: Ignore unknown conn ID: 4
2025-09-15 11:21:45.462  1735-2015  bta_gattc_main          com.android.bluetooth                E  bta_gattc_hdl_event: Ignore unknown conn ID: 5
2025-09-15 11:21:45.462  1735-2015  bta_gattc_main          com.android.bluetooth                E  bta_gattc_hdl_event: Ignore unknown conn ID: 6
2025-09-15 11:21:45.462  1735-2015  bta_gattc_main          com.android.bluetooth                E  bta_gattc_hdl_event: Ignore unknown conn ID: 7
2025-09-15 11:21:45.462  1735-2015  bta_gattc_main          com.android.bluetooth                E  bta_gattc_hdl_event: Ignore unknown conn ID: 8
2025-09-15 11:21:45.462  1735-2015  bt_stack                com.android.bluetooth                I  [INFO:bta_gattc_db_storage.cc(159)] bta_gattc_cache_load: load cache: /data/misc/bluetooth/gatt_cache_f0d78f4d8082
2025-09-15 11:21:45.463  1735-1940  BluetoothDatabase       com.android.bluetooth                V  getProfileConnectionPolicy: device XX:XX:XX:4D:80:82 profile=BATTERY, connectionPolicy=-1
2025-09-15 11:21:45.463  1735-2015  bt_stack                com.android.bluetooth                E  [ERROR:bta_gattc_db_storage.cc(80)] bta_gattc_load_db: can't open GATT cache file /data/misc/bluetooth/gatt_cache_f0d78f4d8082 for reading, error: No such file or directory
2025-09-15 11:21:45.463  1735-1940  BatteryService          com.android.bluetooth                E  Cannot connect to xx:xx:xx:xx:80:82 : Remote does not have Battery UUID
2025-09-15 11:21:45.464  1735-2015  bt_stack                com.android.bluetooth                I  [INFO:gatt_api.cc(711)] GATTC_Discover conn_id=0x0009, disc_type=1, s_handle=0x0001, e_handle=0xffff
2025-09-15 11:21:45.464  1735-2015  bt_stack                com.android.bluetooth                I  [INFO:gatt_cl.cc(101)] gatt_act_discovery opcode: 0x10
2025-09-15 11:21:45.464  1735-2015  bluetooth               com.android.bluetooth                I  attp_cl_send_cmd: Enqueued ATT command
2025-09-15 11:21:45.464  1735-2015  bta_gattc_main          com.android.bluetooth                E  bta_gattc_hdl_event: Ignore unknown conn ID: 10
2025-09-15 11:21:45.464  1735-2015  bta_gattc_main          com.android.bluetooth                E  bta_gattc_hdl_event: Ignore unknown conn ID: 11
2025-09-15 11:21:45.464  1735-2015  bta_gattc_main          com.android.bluetooth                E  bta_gattc_hdl_event: Ignore unknown conn ID: 12
2025-09-15 11:21:45.464  1735-2015  bta_gattc_main          com.android.bluetooth                E  bta_gattc_hdl_event: Ignore unknown conn ID: 13
2025-09-15 11:21:45.467   798-798   mtk.hal.bt@1.1-impl     and...luetooth@1.1-service-mediatek  D  BtHostDebugInfo
2025-09-15 11:21:45.467   798-798   [BT]                    and...luetooth@1.1-service-mediatek  D  mtk_bt_op: BT_VND_OP_SET_BTHOST
2025-09-15 11:21:45.469  1267-2412  haohaov                 system_server                        I  [HMDenterprise broadcastIntentLocked] intent=Intent { act=android.bluetooth.device.action.ACL_CONNECTED flg=0x5000000 (has extras) }
2025-09-15 11:21:45.472  1735-1940  BluetoothRemoteDevices  com.android.bluetooth                E  RemoteException in calling IBluetoothConnectionCallback
2025-09-15 11:21:45.472  1735-1940  BluetoothRemoteDevices  com.android.bluetooth                E  RemoteException in calling IBluetoothConnectionCallback
2025-09-15 11:21:45.472  1735-1940  BluetoothRemoteDevices  com.android.bluetooth                E  RemoteException in calling IBluetoothConnectionCallback
2025-09-15 11:21:45.473  1735-1940  BtGatt.GattService      com.android.bluetooth                D  onConnected() - adding permit for address=F0:D7:8F:4D:80:82
2025-09-15 11:21:45.473  1601-1711  BluetoothEventManager   com.android.systemui                 W  AclStateChangedHandler: activeDevice is null
2025-09-15 11:21:45.474  8951-9020  BluetoothGatt           com.remoticom.energynodeinset        D  onClientConnectionState() - status=0 clientIf=9 device=F0:D7:8F:4D:80:82
2025-09-15 11:21:45.474  8951-9020  ConnectGattOperation    com.remoticom.energynodeinset        V  onConnectionStateChange called
2025-09-15 11:21:45.474  8951-9020  GattConnectionService   com.remoticom.energynodeinset        D  Device connected, checking permissions and requesting MTU...
2025-09-15 11:21:45.474  8951-9020  GattConnectionService   com.remoticom.energynodeinset        D  Requesting MTU...
2025-09-15 11:21:45.474  8951-9020  BluetoothGatt           com.remoticom.energynodeinset        D  configureMTU() - device: F0:D7:8F:4D:80:82 mtu: 517
2025-09-15 11:21:45.475  1735-1735  BluetoothDatabase       com.android.bluetooth                D  setConnection: device XX:XX:XX:4D:80:82 and isA2dpDevice=false
2025-09-15 11:21:45.475  1735-1735  BluetoothDatabase       com.android.bluetooth                D  Updating last connected time for device: XX:XX:XX:4D:80:82 to 156
2025-09-15 11:21:45.475  1735-1735  BluetoothDatabase       com.android.bluetooth                D  updateDatabase XX:XX:XX:4D:80:82
2025-09-15 11:21:45.477  8951-9020  GattConnectionService   com.remoticom.energynodeinset        D  MTU request sent successfully
2025-09-15 11:21:45.478  8951-9020  GattConnectionService   com.remoticom.energynodeinset        D  state = Connected, error = null
2025-09-15 11:21:45.478  8951-9020  GattConnectionService   com.remoticom.energynodeinset        D  Service state updated with ServiceState(device=DeviceImpl(uuid=00000000-0000-0000-0000-f0d78f4d8082, device=F0:D7:8F:4D:80:82, type=Bdc, serviceUuids=[a55d1c55-0088-ffff-0000-000000000000], health=null, state=null), characteristics=null, isConnecting=true, connectionStatus=Connected, lastGattError=null)
2025-09-15 11:21:45.481  8951-8951  NodeListFragment        com.remoticom.energynodeinset        D  Updating list of nodes
2025-09-15 11:21:45.482  8951-8951  ConnectGattOperation    com.remoticom.energynodeinset        D  FINISHED
2025-09-15 11:21:45.482  8951-8951  DiscoverSe...sOperation com.remoticom.energynodeinset        D  STARTED
2025-09-15 11:21:45.483  8951-8951  DiscoverSe...sOperation com.remoticom.energynodeinset        V  discoverServices initiated
2025-09-15 11:21:45.483  8951-8951  BluetoothGatt           com.remoticom.energynodeinset        D  discoverServices() - device: F0:D7:8F:4D:80:82
2025-09-15 11:21:45.485  1735-2015  bt_stack                com.android.bluetooth                E  [ERROR:bta_gattc_utils.cc(333)] bta_gattc_enqueue: already has a pending command
2025-09-15 11:21:45.494 12294-12294 GH.WifiBluetoothRcvr    com...e.android.projection.gearhead  I  Connection action: android.bluetooth.device.action.ACL_CONNECTED, device F0:D7:8F:4D:80:82
2025-09-15 11:21:45.495 12294-12294 GH.WifiBluetoothRcvr    com...e.android.projection.gearhead  I  Wireless projection is available on this phone.
2025-09-15 11:21:45.500 12294-13737 CAR.BTCapsStore         com...e.android.projection.gearhead  W  Device not bonded, thus it's not currently AAW capable.
2025-09-15 11:21:45.500 12294-13737 CAR.BTCapsStore         com...e.android.projection.gearhead  I  AAW status (NOT_BONDED).
2025-09-15 11:21:45.514   823-823   BufferQueueProducer     surfaceflinger                       I  [com.remoticom.energynodeinset/com.remoticom.streetlighting.MainActivity#1460](this:0xb400007c3eec75a0,id:-1,api:0,p:-1,c:823) queueBuffer: fps=1.84 dur=1086.37 max=969.47 min=116.89
2025-09-15 11:21:45.517   823-823   HWC2                    surfaceflinger                       W  Can't query capability SkipColorTransform. Display Capabilities were not queried from HWC yet
2025-09-15 11:21:45.520 12294-13737 GH.CarSvcDataStorage    com...e.android.projection.gearhead  I  Using DB version: 13
2025-09-15 11:21:45.522   823-823   BufferQueueProducer     surfaceflinger                       I  [VDS-studio.screen.sharing:0 SCRATCH](this:0xb400007bfedeadc8,id:-1,api:1,p:823,c:823) queueBuffer: fps=1.85 dur=1081.48 max=969.31 min=112.17
2025-09-15 11:21:45.522   804-911   hwcomposer              and...graphics.composer@2.1-service  I  [HWCDisplay] [Display_2 (type:2)] fps:1.849799,dur:1081.20,max:969.40,min:111.80  
2025-09-15 11:21:45.523   804-13723 [GrallocExtra-ERROR]    and...graphics.composer@2.1-service  E  gralloc_extra_query:105 gralloc_extra_query with NULL handle: 0x0
2025-09-15 11:21:45.524   823-823   BufferQueueProducer     surfaceflinger                       I  [VDS-studio.screen.sharing:0 SINK](this:0xb400007bfedead38,id:-1,api:1,p:823,c:823) queueBuffer: fps=1.85 dur=1079.80 max=969.42 min=110.38
2025-09-15 11:21:45.524 12190-13745 Nearby                  com.google.android.gms.persistent    I  (REDACTED) is blocked device type %s, isAuto=%s, isIot=%s, isLatchsky=%s, isChinaWearable=%s, isTv=%s, isWearable=%s (supportWearOs=%s), isChromeOsDevice=%s (supportChromeOs=%s)
2025-09-15 11:21:45.531   823-823   BufferQueueProducer     surfaceflinger                       I  [FramebufferSurface](this:0xb400007beece7af0,id:-1,api:1,p:823,c:823) queueBuffer: fps=1.85 dur=1078.66 max=971.75 min=106.91
2025-09-15 11:21:45.531 12190-12190 NearbyDiscovery         com.google.android.gms.persistent    I  (REDACTED) DiscoveryService onStartCommand action: %s
2025-09-15 11:21:45.532   804-911   hwcomposer              and...graphics.composer@2.1-service  I  [HWCDisplay] [Display_0 (type:1)] fps:1.853961,dur:1078.77,max:972.24,min:106.54  
2025-09-15 11:21:45.533 12190-12190 NearbyDiscovery         com.google.android.gms.persistent    I  (REDACTED) onAclChange: state=%s, %s
2025-09-15 11:21:45.535   823-823   SurfaceFlinger          surfaceflinger                       I  operator()(), mtkRenderCntDebug 12032, screenshot (com.remoticom.energynodeinset/com.remoticom.streetlighting.MainActivity#1460)
2025-09-15 11:21:45.544  1267-1520  ConnectivityService     system_server                        D  NetReassign [no changes] [c 0] [a 1] [i 8]
2025-09-15 11:21:45.551 12190-12521 NearbyDiscovery         com.google.android.gms.persistent    I  (REDACTED) FastPair: lock scan rate if needed, %s, bondState=%s
2025-09-15 11:21:45.554 12294-13737 CAR.BTCapsStore         com...e.android.projection.gearhead  W  Device not bonded, thus it's not currently AAW capable.
2025-09-15 11:21:45.555 12294-13737 CAR.BTCapsStore         com...e.android.projection.gearhead  I  AAW status (NOT_BONDED).
2025-09-15 11:21:45.773   995-2760  StNfcHal                android.hardware.nfc@1.2-service-st  D  (#02C6F) Rx 6f 02 09 (hidden)
2025-09-15 11:21:45.783  1267-6723  haohaov                 system_server                        I  [HMDenterprise broadcastIntentLocked] intent=Intent { act=android.intent.action.SIG_STR (has extras) }
2025-09-15 11:21:45.783   995-2760  StNfcHal                android.hardware.nfc@1.2-service-st  D  (#02C70) Rx 6f 02 0f (hidden)
2025-09-15 11:21:45.789  1267-6723  haohaov                 system_server                        I  [HMDenterprise broadcastIntentLocked] intent=Intent { act=android.intent.action.SIG_STR (has extras) }
2025-09-15 11:21:45.793   995-2760  StNfcHal                android.hardware.nfc@1.2-service-st  D  (#02C71) Rx 6f 02 0d (hidden)
2025-09-15 11:21:45.803   995-2760  StNfcHal                android.hardware.nfc@1.2-service-st  D  (#02C72) Rx 6f 02 0f (hidden)
2025-09-15 11:21:45.829   995-2760  StNfcHal                android.hardware.nfc@1.2-service-st  D  (#02C73) Rx 6f 02 11 (hidden)
2025-09-15 11:21:45.843   995-2760  StNfcHal                android.hardware.nfc@1.2-service-st  D  (#02C74) Rx 6f 02 0a (hidden)
2025-09-15 11:21:45.847  1735-2015  bt_stack                com.android.bluetooth                I  [INFO:gatt_cl.cc(1194)] gatt_client_handle_server_rsp opcode: 0x01
2025-09-15 11:21:45.847  1735-2015  bt_stack                com.android.bluetooth                I  [INFO:gatt_cl.cc(533)] gatt_process_error_rsp
2025-09-15 11:21:45.848  1735-2015  bt_stack                com.android.bluetooth                I  [INFO:gatt_utils.cc(1500)] gatt_end_operation status=10 op=2 subtype=1
2025-09-15 11:21:45.848  1735-2015  bt_stack                com.android.bluetooth                I  [INFO:eatt_impl.h(587)] supported_features_cb f0:d7:8f:4d:80:82 is_eatt_supported = 0
2025-09-15 11:21:45.852   995-2760  StNfcHal                android.hardware.nfc@1.2-service-st  D  (#02C75) Rx 6f 02 09 (hidden)
2025-09-15 11:21:45.904  8951-8967  BluetoothGatt           com.remoticom.energynodeinset        D  onConnectionUpdated() - Device=F0:D7:8F:4D:80:82 interval=6 latency=0 timeout=500 status=0
2025-09-15 11:21:45.910  1735-2015  bt_stack                com.android.bluetooth                I  [INFO:gatt_cl.cc(1194)] gatt_client_handle_server_rsp opcode: 0x11
2025-09-15 11:21:45.911  1735-2015  bt_stack                com.android.bluetooth                I  [INFO:gatt_cl.cc(799)] gatt_process_read_by_type_rspop=1 subtype=1
2025-09-15 11:21:45.911  1735-2015  bt_stack                com.android.bluetooth                I  [INFO:bta_gattc_cache.cc(437)] bta_gattc_disc_res_cback: disc_type=1 p_data->handle=0x0001 e_handle=0x0004 service_type=00001801-0000-1000-8000-00805f9b34fb
2025-09-15 11:21:45.911  1735-2015  bt_stack                com.android.bluetooth                I  [INFO:bta_gattc_cache.cc(437)] bta_gattc_disc_res_cback: disc_type=1 p_data->handle=0x0005 e_handle=0x000b service_type=00001800-0000-1000-8000-00805f9b34fb
2025-09-15 11:21:45.911  1735-2015  bt_stack                com.android.bluetooth                I  [INFO:gatt_cl.cc(983)] gatt_process_read_by_type_rsp: initiate another discovery request
2025-09-15 11:21:45.911  1735-2015  bt_stack                com.android.bluetooth                I  [INFO:gatt_cl.cc(101)] gatt_act_discovery opcode: 0x10
2025-09-15 11:21:45.912  1735-2015  bluetooth               com.android.bluetooth                I  attp_cl_send_cmd: Sending ATT command to l2cap cid:0x0004 eatt_channels:0 transport:BT_TRANSPORT_LE
2025-09-15 11:21:45.912  1735-2015  bluetooth               com.android.bluetooth                I  attp_cl_send_cmd: Starting ATT response timer
2025-09-15 11:21:45.933  1735-2015  bt_stack                com.android.bluetooth                I  [INFO:gatt_cl.cc(1194)] gatt_client_handle_server_rsp opcode: 0x11
2025-09-15 11:21:45.933  1735-2015  bt_stack                com.android.bluetooth                I  [INFO:gatt_cl.cc(799)] gatt_process_read_by_type_rspop=1 subtype=1
2025-09-15 11:21:45.934  1735-2015  bt_stack                com.android.bluetooth                I  [INFO:bta_gattc_cache.cc(437)] bta_gattc_disc_res_cback: disc_type=1 p_data->handle=0x000c e_handle=0x0010 service_type=a55d1c55-0088-0000-0000-f0d78f4d8082
2025-09-15 11:21:45.934  1735-2015  bt_stack                com.android.bluetooth                I  [INFO:gatt_cl.cc(983)] gatt_process_read_by_type_rsp: initiate another discovery request
2025-09-15 11:21:45.934  1735-2015  bt_stack                com.android.bluetooth                I  [INFO:gatt_cl.cc(101)] gatt_act_discovery opcode: 0x10
2025-09-15 11:21:45.934  1735-2015  bluetooth               com.android.bluetooth                I  attp_cl_send_cmd: Sending ATT command to l2cap cid:0x0004 eatt_channels:0 transport:BT_TRANSPORT_LE
