2025-09-15 17:06:32.692 21080-15374 NearbyMediums           com.google.android.gms.persistent    I  Current Tracked Scanning Clients are : {NearbyConnections.EnvironmentMonitor, NearbySharing}
2025-09-15 17:06:33.051 21080-15374 NearbyPresence          com.google.android.gms.persistent    I  (REDACTED) %s verified [==] new request %s equals to the old request
2025-09-15 17:06:33.283   963-9172  vendor.qti...bs_handler and...are.bluetooth@1.0-service-qti  I  ProcessIbsCmd: Received IBS_WAKE_IND: 0xFD
2025-09-15 17:06:33.284   963-9172  vendor.qti...bs_handler and...are.bluetooth@1.0-service-qti  D  SerialClockVote: vote for UART CLK ON
2025-09-15 17:06:33.285   963-9172  vendor.qti...-wake_lock and...are.bluetooth@1.0-service-qti  D  Acquire wakelock is acquired 
2025-09-15 17:06:33.285   963-9172  vendor.qti...bs_handler and...are.bluetooth@1.0-service-qti  I  ProcessIbsCmd: Writing IBS_WAKE_ACK
2025-09-15 17:06:33.287  9036-9174  bt_stack                com.android.bluetooth                V  [VERBOSE1:btm_inq.cc(1019)] BTM_InqDbRead: bd addr 66:85:aa:7c:e5:b8
2025-09-15 17:06:33.325   963-9172  vendor.qti...bs_handler and...are.bluetooth@1.0-service-qti  I  ProcessIbsCmd: Received IBS_SLEEP_IND: 0xFE
2025-09-15 17:06:33.326   963-9172  vendor.qti...bs_handler and...are.bluetooth@1.0-service-qti  D  SerialClockVote: vote for UART CLK OFF
2025-09-15 17:06:33.476   963-9166  vendor.qti...-wake_lock and...are.bluetooth@1.0-service-qti  D  Release wakelock is released 
2025-09-15 17:06:33.558  1689-1837  QMI_FW                  qcrild                               E  qmi_cci_get_ref: ref count increased 2
2025-09-15 17:06:33.560  1689-1757  QMI_FW                  qcrild                               E  qmi_cci_get_ref: ref count increased 2
2025-09-15 17:06:34.041   963-9172  vendor.qti...bs_handler and...are.bluetooth@1.0-service-qti  I  ProcessIbsCmd: Received IBS_WAKE_IND: 0xFD
2025-09-15 17:06:34.041   963-9172  vendor.qti...bs_handler and...are.bluetooth@1.0-service-qti  D  SerialClockVote: vote for UART CLK ON
2025-09-15 17:06:34.042   963-9172  vendor.qti...-wake_lock and...are.bluetooth@1.0-service-qti  D  Acquire wakelock is acquired 
2025-09-15 17:06:34.042   963-9172  vendor.qti...bs_handler and...are.bluetooth@1.0-service-qti  I  ProcessIbsCmd: Writing IBS_WAKE_ACK
2025-09-15 17:06:34.082   963-9172  vendor.qti...bs_handler and...are.bluetooth@1.0-service-qti  I  ProcessIbsCmd: Received IBS_SLEEP_IND: 0xFE
2025-09-15 17:06:34.083   963-9172  vendor.qti...bs_handler and...are.bluetooth@1.0-service-qti  D  SerialClockVote: vote for UART CLK OFF
2025-09-15 17:06:34.233   963-9166  vendor.qti...-wake_lock and...are.bluetooth@1.0-service-qti  D  Release wakelock is released 
2025-09-15 17:06:34.422 30462-30462 OpUtils                 com.android.systemui                 I  isSupportWarpCharging:false
2025-09-15 17:06:34.422 30462-30462 OpSWarpChargingView     com.android.systemui                 D  level is same as latest one [100]
2025-09-15 17:06:34.425 30462-30462 KeyguardUpdateMonitor   com.android.systemui                 D  received broadcast android.intent.action.BATTERY_CHANGED
2025-09-15 17:06:34.425 30462-30498 BatterySaverTile        com.android.systemui                 D  handleUpdateState, true, false
2025-09-15 17:06:34.426 30462-30462 OpUtils                 com.android.systemui                 I  isSupportWarpCharging:false
2025-09-15 17:06:34.426 30462-30462 KeyguardUpdateMonitor   com.android.systemui                 D  pdCharge false, chargingstatus 0, fastcharge:0
2025-09-15 17:06:34.473  3107-3107  DeviceStatisticsService com...m.qti.devicestatisticsservice  D  chargerType=2 batteryLevel=100 totalBatteryCapacity=2831200
2025-09-15 17:06:34.473  3107-3107  DeviceInfoHidlClient    com...m.qti.devicestatisticsservice  D  isPowerInfoNeverSent()=true
2025-09-15 17:06:34.583  7263-7263  NodeListFragment        com.remoticom.energynodeinset        D  Selected node: 00000000-0000-0000-0000-f0d78f4d8082
2025-09-15 17:06:34.670  1099-3321  surfaceflinger          surfaceflinger                       E  [frame_perf] perfboost open boost file failed
2025-09-15 17:06:34.670  1099-3321  surfaceflinger          surfaceflinger                       E  [frame_perf] AutoBoostStrategyQuery fd<0 failed, errno=Inappropriate ioctl for device
2025-09-15 17:06:34.670  1099-3321  surfaceflinger          surfaceflinger                       E  [frame_perf] AutoBoostConfigQuery fd<0 failed, errno=Inappropriate ioctl for device
2025-09-15 17:06:34.687  1099-12686 surfaceflinger          surfaceflinger                       E  [frame_perf] perfboost open boost file failed
2025-09-15 17:06:34.991  1099-1468  surfaceflinger          surfaceflinger                       E  [frame_perf] perfboost open boost file failed
2025-09-15 17:06:34.992  7263-14169 110                     com.remoticom.energynodeinset        I   OptJank - total:320 frameGap:320 delta#266#69#11#56#0#6
2025-09-15 17:06:34.994  7263-7263  NodeSettingsFragment    com.remoticom.energynodeinset        D  Mode selected: mode=4
2025-09-15 17:06:35.005  3128-4581  AppFrameTrackVisitor    com.oneplus.orm                      I   OptJank - total:320 frameGap:320 delta#266#69#11#56#0#6
2025-09-15 17:06:35.907 19458-19458 ThreadPoolForeg         com.google.android.gms               W  type=1400 audit(0.0:58553): avc: denied { write } for name="traced_producer" dev="tmpfs" ino=27372 scontext=u:r:gmscore_app:s0:c512,c768 tcontext=u:object_r:traced_producer_socket:s0 tclass=sock_file permissive=0 app=com.google.android.gms
2025-09-15 17:06:36.180 19458-19458 BoundBrokerSvc          com.google.android.gms               D  onUnbind: Intent { act=com.google.android.gms.measurement.START pkg=com.google.android.gms }
2025-09-15 17:06:36.627  1689-1837  QMI_FW                  qcrild                               E  qmi_cci_get_ref: ref count increased 2
2025-09-15 17:06:36.629  1689-1757  QMI_FW                  qcrild                               E  qmi_cci_get_ref: ref count increased 2
2025-09-15 17:06:36.667  3143-3143  PhoneInterfaceManager   com.android.phone                    D  [PhoneIntfMgr] getPhoneFromSubId: 1
2025-09-15 17:06:36.674  1689-1757  QMI_FW                  qcrild                               E  qmi_cci_get_ref: ref count increased 2
2025-09-15 17:06:36.676  1689-1757  QMI_FW                  qcrild                               E  qmi_cci_get_ref: ref count increased 2
2025-09-15 17:06:36.685  3143-3143  MDM-OPMdmListener       com.android.phone                    D  onCellInfoChanged the cellInfo changed phoneId 0
2025-09-15 17:06:36.830  1099-12686 surfaceflinger          surfaceflinger                       E  [frame_perf] perfboost open boost file failed
2025-09-15 17:06:36.842   963-9172  vendor.qti...bs_handler and...are.bluetooth@1.0-service-qti  I  ProcessIbsCmd: Received IBS_WAKE_IND: 0xFD
2025-09-15 17:06:36.842   963-9172  vendor.qti...bs_handler and...are.bluetooth@1.0-service-qti  D  SerialClockVote: vote for UART CLK ON
2025-09-15 17:06:36.843   963-9172  vendor.qti...-wake_lock and...are.bluetooth@1.0-service-qti  D  Acquire wakelock is acquired 
2025-09-15 17:06:36.843   963-9172  vendor.qti...bs_handler and...are.bluetooth@1.0-service-qti  I  ProcessIbsCmd: Writing IBS_WAKE_ACK
2025-09-15 17:06:36.846  9036-9174  bt_stack                com.android.bluetooth                V  [VERBOSE1:btm_inq.cc(1019)] BTM_InqDbRead: bd addr 66:85:aa:7c:e5:b8
2025-09-15 17:06:36.884   963-9172  vendor.qti...bs_handler and...are.bluetooth@1.0-service-qti  I  ProcessIbsCmd: Received IBS_SLEEP_IND: 0xFE
2025-09-15 17:06:36.884   963-9172  vendor.qti...bs_handler and...are.bluetooth@1.0-service-qti  D  SerialClockVote: vote for UART CLK OFF
2025-09-15 17:06:37.034   963-9166  vendor.qti...-wake_lock and...are.bluetooth@1.0-service-qti  D  Release wakelock is released 
2025-09-15 17:06:37.257  1099-3321  surfaceflinger          surfaceflinger                       E  [frame_perf] perfboost open boost file failed
2025-09-15 17:06:37.263  9036-10665 BtGatt.GattService      com.android.bluetooth                D  beginReliableWrite() - address=F0:D7:8F:4D:80:82
2025-09-15 17:06:37.264  7263-7263  BdcWriteGe...eOperation com.remoticom.energynodeinset        D  STARTED
2025-09-15 17:06:37.264  7263-7263  BdcWriteGe...eOperation com.remoticom.energynodeinset        D  currentMtu=40, maxPayload=37
2025-09-15 17:06:37.264  7263-7263  BdcWriteGe...eOperation com.remoticom.energynodeinset        W  MTU below 69, using small frame mode
2025-09-15 17:06:37.265  7263-7263  BdcWriteGe...eOperation com.remoticom.energynodeinset        D  FINISHED
2025-09-15 17:06:37.265  7263-7263  GattConnectionService   com.remoticom.energynodeinset        D  Service state updated with ServiceState(device=DeviceImpl(uuid=00000000-0000-0000-0000-f0d78f4d8082, device=F0:D7:8F:4D:80:82, type=Bdc, serviceUuids=[a55d1c55-0088-ffff-0000-000000000000], health=null, state=null), characteristics=DeviceCharacteristics(general=GeneralCharacteristics(mode=STEP_DIMMING, name=????????????????????????????????????????), dim=DimCharacteristics(preset=5, steps=[DimStep(hour=9, minute=0, level=100), DimStep(hour=20, minute=30, level=75), DimStep(hour=22, minute=0, level=50), DimStep(hour=2, minute=0, level=75), DimStep(hour=3, minute=0, level=100)], level=100), dali=DaliCharacteristics(clo=null, powerLevel=null, availablePowerLevels=null, fixtureName=null, fadeTime=4), time=TimeCharacteristics(timezone=null, unixTimestamp=0, midnightOffset=14), gps=null, diagnostics=DiagnosticsCharacteristics(status=2, version=DiagnosticsVersion(firmwareVersion=Version(major=1, minor=2, patch=3, build=null), libraryVersion=Version(major=0, minor=0, patch=0, build=null))), daliBanks=null), isConnecting=false, connectionStatus=Connected, lastGattError=GattMethodFailed)
2025-09-15 17:06:37.266  7263-7263  EndReliabl...eOperation com.remoticom.energynodeinset        D  STARTED
2025-09-15 17:06:37.271  9036-10665 BtGatt.GattService      com.android.bluetooth                D  endReliableWrite() - address=F0:D7:8F:4D:80:82 execute: false
2025-09-15 17:06:37.614   963-9172  vendor.qti...bs_handler and...are.bluetooth@1.0-service-qti  I  ProcessIbsCmd: Received IBS_WAKE_IND: 0xFD
2025-09-15 17:06:37.614   963-9172  vendor.qti...bs_handler and...are.bluetooth@1.0-service-qti  D  SerialClockVote: vote for UART CLK ON
2025-09-15 17:06:37.615   963-9172  vendor.qti...-wake_lock and...are.bluetooth@1.0-service-qti  D  Acquire wakelock is acquired 
2025-09-15 17:06:37.615   963-9172  vendor.qti...bs_handler and...are.bluetooth@1.0-service-qti  I  ProcessIbsCmd: Writing IBS_WAKE_ACK
2025-09-15 17:06:37.656   963-9172  vendor.qti...bs_handler and...are.bluetooth@1.0-service-qti  I  ProcessIbsCmd: Received IBS_SLEEP_IND: 0xFE
2025-09-15 17:06:37.656   963-9172  vendor.qti...bs_handler and...are.bluetooth@1.0-service-qti  D  SerialClockVote: vote for UART CLK OFF
2025-09-15 17:06:37.807   963-9166  vendor.qti...-wake_lock and...are.bluetooth@1.0-service-qti  D  Release wakelock is released 
2025-09-15 17:06:37.864 19458-19458 BoundBrokerSvc          com.google.android.gms               D  onUnbind: Intent { act=com.google.android.gms.pay.service.BIND dat=chimera-action: cmp=com.google.android.gms/.chimera.GmsApiService }
2025-09-15 17:06:38.297   963-9172  vendor.qti...bs_handler and...are.bluetooth@1.0-service-qti  I  ProcessIbsCmd: Received IBS_WAKE_IND: 0xFD
2025-09-15 17:06:38.297   963-9172  vendor.qti...bs_handler and...are.bluetooth@1.0-service-qti  D  SerialClockVote: vote for UART CLK ON
2025-09-15 17:06:38.298   963-9172  vendor.qti...-wake_lock and...are.bluetooth@1.0-service-qti  D  Acquire wakelock is acquired 
2025-09-15 17:06:38.298   963-9172  vendor.qti...bs_handler and...are.bluetooth@1.0-service-qti  I  ProcessIbsCmd: Writing IBS_WAKE_ACK
2025-09-15 17:06:38.300  9036-9174  bt_stack                com.android.bluetooth                V  [VERBOSE1:btm_inq.cc(1019)] BTM_InqDbRead: bd addr 1f:0b:fa:87:a8:df
2025-09-15 17:06:38.339   963-9172  vendor.qti...bs_handler and...are.bluetooth@1.0-service-qti  I  ProcessIbsCmd: Received IBS_SLEEP_IND: 0xFE
2025-09-15 17:06:38.339   963-9172  vendor.qti...bs_handler and...are.bluetooth@1.0-service-qti  D  SerialClockVote: vote for UART CLK OFF
2025-09-15 17:06:38.366   963-9172  vendor.qti...bs_handler and...are.bluetooth@1.0-service-qti  I  ProcessIbsCmd: Received IBS_WAKE_IND: 0xFD
2025-09-15 17:06:38.366   963-9172  vendor.qti...bs_handler and...are.bluetooth@1.0-service-qti  D  SerialClockVote: vote for UART CLK ON
2025-09-15 17:06:38.367   963-9172  vendor.qti...bs_handler and...are.bluetooth@1.0-service-qti  I  ProcessIbsCmd: Writing IBS_WAKE_ACK
2025-09-15 17:06:38.368  9036-9174  bt_stack                com.android.bluetooth                V  [VERBOSE1:btm_inq.cc(1019)] BTM_InqDbRead: bd addr 66:85:aa:7c:e5:b8
2025-09-15 17:06:38.379  9036-9174  bt_stack                com.android.bluetooth                V  [VERBOSE1:btm_inq.cc(1019)] BTM_InqDbRead: bd addr 50:3c:95:59:75:ae
2025-09-15 17:06:38.418   963-9172  vendor.qti...bs_handler and...are.bluetooth@1.0-service-qti  I  ProcessIbsCmd: Received IBS_SLEEP_IND: 0xFE
2025-09-15 17:06:38.418   963-9172  vendor.qti...bs_handler and...are.bluetooth@1.0-service-qti  D  SerialClockVote: vote for UART CLK OFF
2025-09-15 17:06:38.569   963-9166  vendor.qti...-wake_lock and...are.bluetooth@1.0-service-qti  D  Release wakelock is released 
2025-09-15 17:06:39.143   963-9172  vendor.qti...bs_handler and...are.bluetooth@1.0-service-qti  I  ProcessIbsCmd: Received IBS_WAKE_IND: 0xFD
2025-09-15 17:06:39.143   963-9172  vendor.qti...bs_handler and...are.bluetooth@1.0-service-qti  D  SerialClockVote: vote for UART CLK ON
2025-09-15 17:06:39.144   963-9172  vendor.qti...-wake_lock and...are.bluetooth@1.0-service-qti  D  Acquire wakelock is acquired 
2025-09-15 17:06:39.144   963-9172  vendor.qti...bs_handler and...are.bluetooth@1.0-service-qti  I  ProcessIbsCmd: Writing IBS_WAKE_ACK
2025-09-15 17:06:39.147  9036-9174  bt_stack                com.android.bluetooth                V  [VERBOSE1:btm_inq.cc(1019)] BTM_InqDbRead: bd addr 66:85:aa:7c:e5:b8
2025-09-15 17:06:39.185   963-9172  vendor.qti...bs_handler and...are.bluetooth@1.0-service-qti  I  ProcessIbsCmd: Received IBS_SLEEP_IND: 0xFE
2025-09-15 17:06:39.185   963-9172  vendor.qti...bs_handler and...are.bluetooth@1.0-service-qti  D  SerialClockVote: vote for UART CLK OFF
2025-09-15 17:06:39.336   963-9166  vendor.qti...-wake_lock and...are.bluetooth@1.0-service-qti  D  Release wakelock is released 
2025-09-15 17:06:39.654   963-963   vendor.qti...bs_handler and...are.bluetooth@1.0-service-qti  D  SerialClockVote: vote for UART CLK ON
2025-09-15 17:06:39.656   963-963   vendor.qti...-wake_lock and...are.bluetooth@1.0-service-qti  D  Acquire wakelock is acquired 
2025-09-15 17:06:39.656   963-963   vendor.qti...bs_handler and...are.bluetooth@1.0-service-qti  I  DeviceWakeUp: Writing IBS_WAKE_IND
2025-09-15 17:06:39.659   963-9172  vendor.qti...bs_handler and...are.bluetooth@1.0-service-qti  I  ProcessIbsCmd: Received IBS_WAKE_ACK: 0xFC
2025-09-15 17:06:39.659   963-9172  vendor.qti...bs_handler and...are.bluetooth@1.0-service-qti  I  ProcessIbsCmd: Signal wack_cond_
2025-09-15 17:06:39.659   963-963   vendor.qti...bs_handler and...are.bluetooth@1.0-service-qti  D  DeviceWakeUp: Unblocked from waiting for FC
2025-09-15 17:06:39.660  9036-9164  bt_osi_wakelock         com.android.bluetooth                E  wakelock_acquire wakelock acquired
2025-09-15 17:06:39.660   963-9172  vendor.qti...bs_handler and...are.bluetooth@1.0-service-qti  I  ProcessIbsCmd: Received IBS_WAKE_IND: 0xFD
2025-09-15 17:06:39.660   963-9172  vendor.qti...bs_handler and...are.bluetooth@1.0-service-qti  I  ProcessIbsCmd: Writing IBS_WAKE_ACK
2025-09-15 17:06:39.662  9036-9057  bt_osi_wakelock         com.android.bluetooth                E  wakelock_release wakelock released
2025-09-15 17:06:39.665  1689-1757  QMI_FW                  qcrild                               E  qmi_cci_get_ref: ref count increased 2
2025-09-15 17:06:39.670  1689-1757  QMI_FW                  qcrild                               E  qmi_cci_get_ref: ref count increased 2
2025-09-15 17:06:39.701   963-9172  vendor.qti...bs_handler and...are.bluetooth@1.0-service-qti  I  ProcessIbsCmd: Received IBS_SLEEP_IND: 0xFE
2025-09-15 17:06:39.789  1305-1734  ExtBatteryStatsService  system_server                        D  @@@@ awaitUninterruptibly in 182 ms
2025-09-15 17:06:39.790  1305-1734  MyBatteryStatsHelper    system_server                        D  ===processSingleAppUsage===
2025-09-15 17:06:39.833  1305-1734  ExtBatteryStatsService  system_server                        D  ext-flush too soon, skip
2025-09-15 17:06:39.833  1305-1734  MyBatteryStatsHelper    system_server                        D  ===processSingleAppUsage===
2025-09-15 17:06:39.844  1305-1316  System                  system_server                        W  A resource failed to call release. 
2025-09-15 17:06:39.845  1305-1316  chatty                  system_server                        I  uid=1000(system) FinalizerDaemon identical 3 lines
2025-09-15 17:06:39.845  1305-1316  System                  system_server                        W  A resource failed to call release. 
2025-09-15 17:06:40.660   963-9177  vendor.qti...bs_handler and...are.bluetooth@1.0-service-qti  I  DeviceSleep: TX Awake, Sending SLEEP_IND
2025-09-15 17:06:40.660   963-9177  vendor.qti...bs_handler and...are.bluetooth@1.0-service-qti  D  SerialClockVote: vote for UART CLK OFF
2025-09-15 17:06:40.811   963-9166  vendor.qti...-wake_lock and...are.bluetooth@1.0-service-qti  D  Release wakelock is released 
2025-09-15 17:06:41.469 30462-30462 OpUtils                 com.android.systemui                 I  isSupportWarpCharging:false
2025-09-15 17:06:41.470 30462-30462 OpSWarpChargingView     com.android.systemui                 D  level is same as latest one [100]
2025-09-15 17:06:41.473 30462-30498 BatterySaverTile        com.android.systemui                 D  handleUpdateState, true, false
2025-09-15 17:06:41.509 30462-30462 KeyguardUpdateMonitor   com.android.systemui                 D  received broadcast android.intent.action.BATTERY_CHANGED
2025-09-15 17:06:41.509 30462-30462 OpUtils                 com.android.systemui                 I  isSupportWarpCharging:false
2025-09-15 17:06:41.509 30462-30462 KeyguardUpdateMonitor   com.android.systemui                 D  pdCharge false, chargingstatus 0, fastcharge:0
2025-09-15 17:06:41.512  3107-3107  DeviceStatisticsService com...m.qti.devicestatisticsservice  D  chargerType=2 batteryLevel=100 totalBatteryCapacity=2831200
2025-09-15 17:06:41.512  3107-3107  DeviceInfoHidlClient    com...m.qti.devicestatisticsservice  D  isPowerInfoNeverSent()=true
2025-09-15 17:06:41.887  1305-2195  AlarmManager            system_server                        V  Triggering alarm #0: 2 when =509998481 package =android operation = null listenTag =WifiConnectivityManager Schedule Periodic Scan Timer flags =0x8
2025-09-15 17:06:41.887  1305-2195  AlarmManager            system_server                        V  Triggering alarm #1: 3 when =509994029 package =com.google.android.gms operation =*alarm*:com.google.android.gms.auth.authzen.cryptauth.DEVICE_STATE_CHECK_DELAY_COMPLETE flags =0x0
2025-09-15 17:06:41.957 19458-16709 Authzen                 com.google.android.gms               I  [DeviceStateSyncManager] The server is in sync with current state. Nothing to do
2025-09-15 17:06:42.692   963-9172  vendor.qti...bs_handler and...are.bluetooth@1.0-service-qti  I  ProcessIbsCmd: Received IBS_WAKE_IND: 0xFD
2025-09-15 17:06:42.693   963-9172  vendor.qti...bs_handler and...are.bluetooth@1.0-service-qti  D  SerialClockVote: vote for UART CLK ON
2025-09-15 17:06:42.694   963-9172  vendor.qti...-wake_lock and...are.bluetooth@1.0-service-qti  D  Acquire wakelock is acquired 
2025-09-15 17:06:42.694   963-9172  vendor.qti...bs_handler and...are.bluetooth@1.0-service-qti  I  ProcessIbsCmd: Writing IBS_WAKE_ACK
2025-09-15 17:06:42.696  9036-9174  bt_stack                com.android.bluetooth                V  [VERBOSE1:btm_inq.cc(1019)] BTM_InqDbRead: bd addr 66:85:aa:7c:e5:b8
2025-09-15 17:06:42.699 21080-16631 NearbyMediums           com.google.android.gms.persistent    I  Found Fast Ble Advertisements :
                                                                                                    BleAdvertisement { version=2, socketVersion=2, isFast=true, serviceIdHash=null, data=[ 0x23 0x47 0x39 0x54 0x50 0x11 0x32 0xbf 0xce 0x7f 0x49 0x17 0xe2 0x4a 0xbf 0x84 0x64 0x2d 0xfe 0xdb 0x1d 0x87 0x13 ], deviceToken=[ 0x03 0x91 ], rxAdvertisement=null } : 1 times.
                                                                                                    BleAdvertisement { version=2, socketVersion=2, isFast=true, serviceIdHash=null, data=[ 0x23 0x41 0x37 0x31 0x50 0x11 0x32 0xa3 0xb4 0xb7 0x15 0x96 0x3b 0xb9 0x84 0xf3 0x60 0x5f 0xe8 0x0d 0x15 0x2d 0x35 ], deviceToken=[ 0x78 0xb4 ], rxAdvertisement=null } : 1 times.
                                                                                                    Total 2 fast advertisements from 2 unique advertisers.
2025-09-15 17:06:42.699 21080-16631 NearbyMediums           com.google.android.gms.persistent    I  Current Tracked Scanning Clients are : {NearbyConnections.EnvironmentMonitor, NearbySharing}
2025-09-15 17:06:42.735   963-9172  vendor.qti...bs_handler and...are.bluetooth@1.0-service-qti  I  ProcessIbsCmd: Received IBS_SLEEP_IND: 0xFE
2025-09-15 17:06:42.735   963-9172  vendor.qti...bs_handler and...are.bluetooth@1.0-service-qti  D  SerialClockVote: vote for UART CLK OFF
2025-09-15 17:06:42.885   963-9166  vendor.qti...-wake_lock and...are.bluetooth@1.0-service-qti  D  Release wakelock is released 
2025-09-15 17:06:42.973  1689-1837  QMI_FW                  qcrild                               E  qmi_cci_get_ref: ref count increased 2
2025-09-15 17:06:42.974  1689-1757  QMI_FW                  qcrild                               E  qmi_cci_get_ref: ref count increased 2
2025-09-15 17:06:42.996  3143-3143  PhoneInterfaceManager   com.android.phone                    D  [PhoneIntfMgr] getPhoneFromSubId: 1
2025-09-15 17:06:43.001  1689-1757  QMI_FW                  qcrild                               E  qmi_cci_get_ref: ref count increased 2
2025-09-15 17:06:43.003  1689-1757  QMI_FW                  qcrild                               E  qmi_cci_get_ref: ref count increased 2
2025-09-15 17:06:43.011  3143-3143  MDM-OPMdmListener       com.android.phone                    D  onCellInfoChanged the cellInfo changed phoneId 0
2025-09-15 17:06:43.306  1305-2238  ConnectivityService     system_server                        D  NetReassign [no changes]
2025-09-15 17:06:43.946  1012-19841 WifiHAL                 android.hardware.wifi@1.0-service    I  send oem msg of len : 140 to apps
2025-09-15 17:06:43.952  1506-19876 LOWI-9.0.0.79           lowi-server                          D  [LOWI-Scan] wait_event:Wait done with Cmd 103
2025-09-15 17:06:43.953  1506-19876 LOWI-9.0.0.79           lowi-server                          D  [LOWI-Scan] do_listen_events: Rcvd valid Netlink Cmd 0 Err 0
2025-09-15 17:06:43.954  1506-19877 LOWI-9.0.0.79           lowi-server                          D  [LOWI-ROME-RTT] event_handler: Valid data with length 108
2025-09-15 17:06:43.954  1506-19877 LOWI-9.0.0.79           lowi-server                          D  [LOWI-HELIUM-RTT] RomeNLRecvMessage: The Received RomeMsgType: ROME_P2P_PEER_EVENT_MSG
2025-09-15 17:06:43.954  1506-19877 LOWI-9.0.0.79           lowi-server                          D  [LOWIRangingFSM] FSM: Received Event EVENT_P2P_STATUS_UPDATE, Current state: STATE_READY_AND_IDLE
2025-09-15 17:06:43.954  1506-19877 LOWI-9.0.0.79           lowi-server                          D  [LOWI-ROME-RTT]  RomeExtractP2PInfo - P2P EVENT Received!
2025-09-15 17:06:43.954  1012-19841 WifiHAL                 android.hardware.wifi@1.0-service    I  event received NL80211_CMD_VENDOR, vendor_id = 0x1374, subcmd = 0x33
2025-09-15 17:06:43.954  1506-19877 LOWI-9.0.0.79           lowi-server                          D  [LOWI-ROME-RTT]  ExtractNLP2PInfo: Entered
2025-09-15 17:06:43.956  1506-19877 LOWI-9.0.0.79           lowi-server                          D  [LOWI-P2P-RTT] p2pStoreStatusInfo: Peer status = PEER_STATUS_CONNECTED Mac:78:8a:20:2e:2a:5c
2025-09-15 17:06:43.957  1506-19877 LOWI-9.0.0.79           lowi-server                          D  [LOWIRangingFSM] FSM: New FSM state: STATE_READY_AND_IDLE
2025-09-15 17:06:43.957  1506-19877 LOWI-9.0.0.79           lowi-server                          D  [LOWI-ROME-RTT] RomeWaitOnActivityOnSocketOrPipe: issue blocking select 
2025-09-15 17:06:43.957  1506-1531  LOWI-9.0.0.79           lowi-server                          D  [LOWINetlinkSocketReceiver] unpackRTMLinkMessage: RTM_NEWLINK - ifname wlan0, flags 0x11003 ([UP])
2025-09-15 17:06:43.957  1506-1531  LOWI-9.0.0.79           lowi-server                          D  [LOWINetlinkSocketReceiver] processNetlinkPacket: ifname(wlan0) status(1)
2025-09-15 17:06:43.957  1506-1531  LOWI-9.0.0.79           lowi-server                          D  [LOWIController] intfStateReceived: ifname(wlan0) state(1)
2025-09-15 17:06:43.957  1475-1475  cnss-daemon             cnss-daemon                          I  nl80211 response handler invoked
2025-09-15 17:06:43.957  1475-1475  cnss-daemon             cnss-daemon                          I  nl80211_response_handler: cmd 103, vendorID 4980, subcmd 51  received
2025-09-15 17:06:43.957  1506-1533  LOWI-9.0.0.79           lowi-server                          D  [LOWIEventReceiver] handleEvent:FROM:NA, TO:NA, REQ:NA, IREQ:NA, REQ_ID:0, RESP:NA, INFO:INTF-STATUS-UPDATE
2025-09-15 17:06:43.957  1506-1533  LOWI-9.0.0.79           lowi-server                          D  [LOWIEventReceiver] Info to [INTF-STATUS-UPDATE]
2025-09-15 17:06:43.957  1506-1533  LOWI-9.0.0.79           lowi-server                          D  [LOWIController] updateIntfState: WIFI enabled 1 mNlWifiStatus 2 mWifiStateEnabled 1
2025-09-15 17:06:43.957  1506-1533  LOWI-9.0.0.79           lowi-server                          D  [LOWIController] isWifiEnabled: mNlWifiStatus 1 mWifiStateEnabled 1
2025-09-15 17:06:43.959  1305-1591  EthernetTracker         system_server                        I  interfaceLinkStateChanged, iface: wlan0, up: true
2025-09-15 17:06:43.962  2922-19852 IpClient/wlan0          com.android.networkstack.process     D  interfaceLinkStateChanged: ifindex 30 up
2025-09-15 17:06:43.968 19845-19845 wpa_supplicant          wpa_supplicant                       I  wlan0: Associated with 78:8a:20:2e:2a:5c
2025-09-15 17:06:43.969 19845-19845 wpa_supplicant          wpa_supplicant                       I  wlan0: CTRL-EVENT-CONNECTED - Connection to 78:8a:20:2e:2a:5c completed [id=0 id_str=%7B%22configKey%22%3A%22%5C%22Remoticom-R%26D%5C%22WPA_PSK%22%2C%22creatorUid%22%3A%221000%22%7D]
2025-09-15 17:06:43.969  1506-1531  LOWI-9.0.0.79           lowi-server                          D  [LOWINetlinkSocketReceiver] unpackRTMLinkMessage: RTM_NEWLINK - ifname wlan0, flags 0x11043 ([UP][RUNNING])
2025-09-15 17:06:43.969  1506-1531  LOWI-9.0.0.79           lowi-server                          D  [LOWINetlinkSocketReceiver] processNetlinkPacket: ifname(wlan0) status(2)
2025-09-15 17:06:43.969  1506-1531  LOWI-9.0.0.79           lowi-server                          D  [LOWIController] intfStateReceived: ifname(wlan0) state(2)
2025-09-15 17:06:43.970  1506-1533  LOWI-9.0.0.79           lowi-server                          D  [LOWIEventReceiver] handleEvent:FROM:NA, TO:NA, REQ:NA, IREQ:NA, REQ_ID:0, RESP:NA, INFO:INTF-STATUS-UPDATE
2025-09-15 17:06:43.970  1506-1533  LOWI-9.0.0.79           lowi-server                          D  [LOWIEventReceiver] Info to [INTF-STATUS-UPDATE]
2025-09-15 17:06:43.970  1506-1533  LOWI-9.0.0.79           lowi-server                          D  [LOWIController] updateIntfState: WIFI enabled 2 mNlWifiStatus 1 mWifiStateEnabled 1
2025-09-15 17:06:43.970  1506-1533  LOWI-9.0.0.79           lowi-server                          D  [LOWIController] isWifiEnabled: mNlWifiStatus 2 mWifiStateEnabled 1
2025-09-15 17:06:43.970  1506-1533  LOWI-9.0.0.79           lowi-server                          D  [LOWIController] notifyWlanInterfaceStatusChange: Send Interface state request LOWIController_54
2025-09-15 17:06:43.970  1506-1533  LOWI-9.0.0.79           lowi-server                          D  [LOWIController] isWifiEnabled: mNlWifiStatus 2 mWifiStateEnabled 1
2025-09-15 17:06:43.970  1506-1533  LOWI-9.0.0.79           lowi-server                          D  [LOWIController] requestMeasurements: Internal Message 2 sent to driver
2025-09-15 17:06:43.970  1506-1533  LOWI-9.0.0.79           lowi-server                          D  [LOWIController] issueRequest: LOWIController_54 sent to driver request - SUCCESS
2025-09-15 17:06:43.970  1506-19876 LOWI-9.0.0.79           lowi-server                          D  [LOWI-Scan] wips_wait_on_nl_socket: read returned 6, Received string: Close 
2025-09-15 17:06:43.970  1506-19876 LOWI-9.0.0.79           lowi-server                          D  [LOWI-Scan] do_listen_events: Select Error return - -301
2025-09-15 17:06:43.970  1506-19876 LOWI-9.0.0.79           lowi-server                          D  [LOWI-Scan] No dump done. Error -301
2025-09-15 17:06:43.970  1506-19876 LOWI-9.0.0.79           lowi-server                          D  [LOWI-Scan] WipsScanUsingNL: passive scan cached 0, took 190105 ms, err -301
2025-09-15 17:06:43.970  1506-19876 LOWI-9.0.0.79           lowi-server                          D  [LOWI-Scan] lowi_proc_req_passive_scan_with_live_meas - No WLAN Frames to be parsed
2025-09-15 17:06:43.970  1506-19876 LOWI-9.0.0.79           lowi-server                          D  [LOWIWifiDriverInterface] Scan terminated for passive listening request
2025-09-15 17:06:43.970  1506-19876 LOWI-9.0.0.79           lowi-server                          D  [LOWIScanResultReceiver] run:Execute new request LOWIController_54
2025-09-15 17:06:43.970  1506-19876 LOWI-9.0.0.79           lowi-server                          D  [LOWI-Scan] lowi_update_wifi_interface: FTMRR Already registered
2025-09-15 17:06:43.970  1506-19876 LOWI-9.0.0.79           lowi-server                          D  [LOWIScanResultReceiver] Send scan meas to listener
2025-09-15 17:06:43.970  1506-19876 LOWI-9.0.0.79           lowi-server                          D  [LOWIScanResultReceiver] Enter passive listening mode
2025-09-15 17:06:43.970  1506-19876 LOWI-9.0.0.79           lowi-server                          D  [LOWIWifiDriverInterface] getMeasurements - Passive listening mode
2025-09-15 17:06:43.970  1506-19876 LOWI-9.0.0.79           lowi-server                          D  [LOWI-Scan] WipsScanUsingNL:wait -1 sec for netlink message
2025-09-15 17:06:43.970  1506-1533  LOWI-9.0.0.79           lowi-server                          D  [LOWIEventReceiver] handleEvent:FROM:NA, TO:NA, REQ:NA, IREQ:NA, REQ_ID:0, RESP:NA, INFO:NA
2025-09-15 17:06:43.970  1506-1533  LOWI-9.0.0.79           lowi-server                          D  [LOWIBackgroundScanMgr] isRspForBgScanMgr: req(LOWI_INTERNAL_MESSAGE) -- not handled
2025-09-15 17:06:43.970  1506-1533  LOWI-9.0.0.79           lowi-server                          D  [LOWIController] Measurements received
2025-09-15 17:06:43.971  2922-19852 IpClient/wlan0          com.android.networkstack.process     D  interfaceLinkStateChanged: ifindex 30 up
2025-09-15 17:06:43.971  1305-1591  EthernetTracker         system_server                        I  interfaceLinkStateChanged, iface: wlan0, up: true
2025-09-15 17:06:43.974  1506-19876 LOWI-9.0.0.79           lowi-server                          D  [LOWI-Scan] wait_event:Wait done with Cmd 103
2025-09-15 17:06:43.974  1506-19876 LOWI-9.0.0.79           lowi-server                          D  [LOWI-Scan] do_listen_events: Rcvd valid Netlink Cmd 0 Err 0
2025-09-15 17:06:43.974  1012-19841 WifiHAL                 android.hardware.wifi@1.0-service    I  event received NL80211_CMD_VENDOR, vendor_id = 0x1374, subcmd = 0xa5
2025-09-15 17:06:43.974  1475-1475  cnss-daemon             cnss-daemon                          I  nl80211 response handler invoked
2025-09-15 17:06:43.974  1475-1475  cnss-daemon             cnss-daemon                          I  nl80211_response_handler: cmd 103, vendorID 4980, subcmd 165  received
2025-09-15 17:06:43.974  1506-19876 LOWI-9.0.0.79           lowi-server                          D  [LOWI-Scan] wait_event:Wait done with Cmd 103
2025-09-15 17:06:43.974  1506-19876 LOWI-9.0.0.79           lowi-server                          D  [LOWI-Scan] do_listen_events: Rcvd valid Netlink Cmd 0 Err 0
2025-09-15 17:06:43.974  1475-1475  cnss-daemon             cnss-daemon                          I  nl80211 response handler invoked
2025-09-15 17:06:43.974  1475-1475  cnss-daemon             cnss-daemon                          I  nl80211_response_handler: cmd 103, vendorID 4980, subcmd 165  received
2025-09-15 17:06:43.976  1506-1531  LOWI-9.0.0.79           lowi-server                          D  [LOWINetlinkSocketReceiver] unpackRTMLinkMessage: RTM_NEWLINK - ifname wlan0, flags 0x11043 ([UP][RUNNING])
2025-09-15 17:06:43.976  1506-1531  LOWI-9.0.0.79           lowi-server                          D  [LOWINetlinkSocketReceiver] processNetlinkPacket: ifname(wlan0) status(2)
2025-09-15 17:06:43.976  1506-1531  LOWI-9.0.0.79           lowi-server                          D  [LOWIController] intfStateReceived: ifname(wlan0) state(2)
2025-09-15 17:06:43.977  1506-1533  LOWI-9.0.0.79           lowi-server                          D  [LOWIEventReceiver] handleEvent:FROM:NA, TO:NA, REQ:NA, IREQ:NA, REQ_ID:0, RESP:NA, INFO:INTF-STATUS-UPDATE
2025-09-15 17:06:43.977  1506-1533  LOWI-9.0.0.79           lowi-server                          D  [LOWIEventReceiver] Info to [INTF-STATUS-UPDATE]
2025-09-15 17:06:43.977  1506-1533  LOWI-9.0.0.79           lowi-server                          D  [LOWIController] updateIntfState: WIFI enabled 2 mNlWifiStatus 2 mWifiStateEnabled 1
2025-09-15 17:06:43.977  1506-1533  LOWI-9.0.0.79           lowi-server                          D  [LOWIController] isWifiEnabled: mNlWifiStatus 2 mWifiStateEnabled 1
2025-09-15 17:06:43.978  1305-1591  EthernetTracker         system_server                        I  interfaceLinkStateChanged, iface: wlan0, up: true
2025-09-15 17:06:43.979  2922-19852 IpClient/wlan0          com.android.networkstack.process     D  interfaceLinkStateChanged: ifindex 30 up
2025-09-15 17:06:43.980 19845-19845 wpa_supplicant          wpa_supplicant                       I  wlan0: CTRL-EVENT-SUBNET-STATUS-UPDATE status=2
2025-09-15 17:06:43.982  1012-19841 WifiHAL                 android.hardware.wifi@1.0-service    I  event received NL80211_CMD_VENDOR, vendor_id = 0x1374, subcmd = 0xa5
2025-09-15 17:06:44.011 19845-19845 wpa_supplicant          wpa_supplicant                       I  getWifiGenerationStatusInternal: generation = 5, twtSupport = false, vhtMax8SpatialStreamsSupport = false
2025-09-15 17:06:44.013  4064-4097  OsAgent                 com.qualcomm.location                D  [wifi_supplicant_status_update][3193] [HC] =>> [HS]
2025-09-15 17:06:44.024  4993-5802  WeatherProvider         net.oneplus.launcher                 D  Should query weather info time is less than 20 minutes. Not querying now.
2025-09-15 17:06:44.024  4993-5802  WeatherProvider         net.oneplus.launcher                 D  shouldReQueryWeatherInfo - shouldReQuery - false
2025-09-15 17:06:44.024  4993-5802  WelcomePanel            net.oneplus.launcher                 D  shouldLoadWeatherInfo() returned false with mWeatherDataLoaded - true, dataOutDated - false, dataNa - false
2025-09-15 17:06:44.032  8386-8427  BugleRcsEngine          com.google.android.apps.messaging    I  Connected state: [1], networkType: [WIFI] [CONTEXT thread_id=64838 ]
2025-09-15 17:06:44.033  8386-8456  BugleRcsEngine          com.google.android.apps.messaging    I  handleMessage processing message:[NOTIFY_UPTIME_IGNORE_STATE_CHANGED] with [non-null]:RcsEngineImpl reference [CONTEXT log_prefix="RcsEngineImpl[DUAL_REG]:[972c82f0-2fb1]>Handler" thread_id=64845 ]
2025-09-15 17:06:44.035  8386-8466  BugleRcsEngine          com.google.android.apps.messaging    I  handleMessage processing message:[NOTIFY_UPTIME_IGNORE_STATE_CHANGED] with [non-null]:RcsEngineImpl reference [CONTEXT log_prefix="RcsEngineImpl[DUAL_REG]:[64763c1e-a14c]>Handler" thread_id=64846 ]
2025-09-15 17:06:44.036   976-976   LocSvc_HID...bscription and...hardware.gnss@2.1-service-qti  V  [wifiSupplicantStatusUpdate][682] [HS] <<<<= [HC]
2025-09-15 17:06:44.041  1305-2228  WifiClientModeImpl      system_server                        E  getScanResults scanRes.BSSID = fc:ec:da:3b:a8:44
2025-09-15 17:06:44.041  1305-2228  WifiClientModeImpl      system_server                        E  getScanResults scanRes.BSSID = 78:8a:20:2e:2a:5c
2025-09-15 17:06:44.042  8386-8427  BugleRcsEngine          com.google.android.apps.messaging    I  Connected state: [1], networkType: [WIFI] [CONTEXT thread_id=64838 ]
2025-09-15 17:06:44.048  2946-2975  IHansComunication       hans                                 D  HANS handleMessage: Got message from kernel
2025-09-15 17:06:44.048  2946-2975  IHansComunication       hans                                 E  HANS printMessageBody: RCVed message body: type = 0, port = 86870, caller_pid = 1305, target_uid = 10462, pkg_cmd = -1
2025-09-15 17:06:44.048  2946-2975  IHansComunication       hans                                 D  sendMsgToFW--type: 0, callerPid: 1305, targetUid: 10462
2025-09-15 17:06:44.049  2946-2975  IHansComunication       hans                                 D  HANS handleMessage: Got message from kernel
2025-09-15 17:06:44.049  2946-2975  IHansComunication       hans                                 E  HANS printMessageBody: RCVed message body: type = 0, port = 86870, caller_pid = 1305, target_uid = 10109, pkg_cmd = -1
2025-09-15 17:06:44.049  2946-2975  IHansComunication       hans                                 D  sendMsgToFW--type: 0, callerPid: 1305, targetUid: 10109
2025-09-15 17:06:44.050  2946-2975  IHansComunication       hans                                 D  HANS handleMessage: Got message from kernel
2025-09-15 17:06:44.050  2946-2975  IHansComunication       hans                                 E  HANS printMessageBody: RCVed message body: type = 0, port = 86870, caller_pid = 1305, target_uid = 10127, pkg_cmd = -1
2025-09-15 17:06:44.050  2946-2975  IHansComunication       hans                                 D  sendMsgToFW--type: 0, callerPid: 1305, targetUid: 10127
2025-09-15 17:06:44.051  2946-2975  IHansComunication       hans                                 D  HANS handleMessage: Got message from kernel
2025-09-15 17:06:44.051  2946-2975  IHansComunication       hans                                 E  HANS printMessageBody: RCVed message body: type = 0, port = 86870, caller_pid = 1305, target_uid = 10127, pkg_cmd = -1
2025-09-15 17:06:44.051  2946-2975  IHansComunication       hans                                 D  sendMsgToFW--type: 0, callerPid: 1305, targetUid: 10127
2025-09-15 17:06:44.052  2946-2975  IHansComunication       hans                                 D  HANS handleMessage: Got message from kernel
2025-09-15 17:06:44.052  2946-2975  IHansComunication       hans                                 E  HANS printMessageBody: RCVed message body: type = 0, port = 86870, caller_pid = 1305, target_uid = 10127, pkg_cmd = -1
2025-09-15 17:06:44.052  2946-2975  IHansComunication       hans                                 D  sendMsgToFW--type: 0, callerPid: 1305, targetUid: 10127
2025-09-15 17:06:44.063  1305-1305  OpWifiSar               system_server                        D  NETWORK_STATE_CHANGED_ACTION mIsWifiConnected=true
2025-09-15 17:06:44.064  2968-4111  QCNEJ/WlanStaInfoRelay  .qtidataservices                     D  Received action: android.net.wifi.STATE_CHANGE
2025-09-15 17:06:44.065  9036-9036  BluetoothAdapterService com.android.bluetooth                D  android.net.wifi.STATE_CHANGE
2025-09-15 17:06:44.068 21080-4878  NearbyDiscovery         com.google.android.gms.persistent    I  (REDACTED) FastPairHandler: Received action %s
2025-09-15 17:06:44.071  8386-8466  BugleRcsEngine          com.google.android.apps.messaging    I  Rcs is enabled from user settings: true [CONTEXT log_prefix="ProvisioningEngineDataRetriever" thread_id=64846 ]
2025-09-15 17:06:44.073  4064-4097  OsAgent                 com.qualcomm.location                D  [wifi_supplicant_status_update][3193] [HC] =>> [HS]
2025-09-15 17:06:44.074   976-976   LocSvc_HID...bscription and...hardware.gnss@2.1-service-qti  V  [wifiSupplicantStatusUpdate][682] [HS] <<<<= [HC]
2025-09-15 17:06:44.077  8386-8456  BugleRcsEngine          com.google.android.apps.messaging    I  Rcs is enabled from user settings: true [CONTEXT log_prefix="ProvisioningEngineDataRetriever" thread_id=64845 ]
2025-09-15 17:06:44.081  9036-9036  BluetoothVendorService  com.android.bluetooth                D  setWifiState to: true
2025-09-15 17:06:44.081  9036-9036  BluetoothVendorJni      com.android.bluetooth                I  setWifiStateNative
2025-09-15 17:06:44.081  9036-9036  bt_btif_vendor          com.android.bluetooth                I  setWifiState :1
2025-09-15 17:06:44.085   976-1128  QMI_FW                  and...hardware.gnss@2.1-service-qti  E  qmi_cci_get_ref: ref count increased 2
2025-09-15 17:06:44.085 21080-15381 DatabaseProcessor       com.google.android.gms.persistent    W  processLocalDevices: failed to get the network info with non-null networkId.
2025-09-15 17:06:44.085 21080-15381 DatabaseProcessor       com.google.android.gms.persistent    W  processLocalDevices: failed to get the network info with non-null networkId.
2025-09-15 17:06:44.086  1411-1411  QMI_FW                  cnd                                  E  qmi_cci_get_ref: ref count increased 2
2025-09-15 17:06:44.086   976-1788  QMI_FW                  and...hardware.gnss@2.1-service-qti  E  qmi_cci_get_ref: ref count increased 3
2025-09-15 17:06:44.087  1411-1411  QMI_FW                  cnd                                  E  qmi_cci_get_ref: ref count increased 2
2025-09-15 17:06:44.100 21080-21097 NullBinder              com.google.android.gms.persistent    I  NullBinder for android.net.action.RECOMMEND_NETWORKS triggering remote TransactionTooLargeException due to Service without Chimera impl, calling uid: 1000, calling pid: 0
2025-09-15 17:06:44.100 21080-21097 .gms.persisten          com.google.android.gms.persistent    I  oneway function results will be dropped but finished with status OK and parcel size 2113536
2025-09-15 17:06:44.215   963-9172  vendor.qti...bs_handler and...are.bluetooth@1.0-service-qti  I  ProcessIbsCmd: Received IBS_WAKE_IND: 0xFD
2025-09-15 17:06:44.216   963-9172  vendor.qti...bs_handler and...are.bluetooth@1.0-service-qti  D  SerialClockVote: vote for UART CLK ON
2025-09-15 17:06:44.216   963-9172  vendor.qti...-wake_lock and...are.bluetooth@1.0-service-qti  D  Acquire wakelock is acquired 
2025-09-15 17:06:44.217   963-9172  vendor.qti...bs_handler and...are.bluetooth@1.0-service-qti  I  ProcessIbsCmd: Writing IBS_WAKE_ACK
2025-09-15 17:06:44.219  9036-9174  bt_stack                com.android.bluetooth                V  [VERBOSE1:btm_inq.cc(1019)] BTM_InqDbRead: bd addr 66:85:aa:7c:e5:b8
2025-09-15 17:06:44.257   963-9172  vendor.qti...bs_handler and...are.bluetooth@1.0-service-qti  I  ProcessIbsCmd: Received IBS_SLEEP_IND: 0xFE
2025-09-15 17:06:44.258   963-9172  vendor.qti...bs_handler and...are.bluetooth@1.0-service-qti  D  SerialClockVote: vote for UART CLK OFF
2025-09-15 17:06:44.408   963-9166  vendor.qti...-wake_lock and...are.bluetooth@1.0-service-qti  D  Release wakelock is released 
2025-09-15 17:06:44.532 21080-16631 NearbySharing           com.google.android.gms.persistent    I  Network state changed: NetworkState(isRestricted=false, isOnline=true, isCongested=false, isMetered=false, isWifiConnected=true)
2025-09-15 17:06:44.571  3143-3143  QC_RIL_OEM_HOOK         com.android.phone                    D  setFactoryModeModemGPIO status:2, GPIO num:7
2025-09-15 17:06:44.574  2769-2769  QcrilMsgTu...aceManager com.qualcomm.qcrilmsgtunnel          D  handleMessage what = 1
2025-09-15 17:06:44.574  2769-2769  QcrilOemhookMsgTunnel   com.qualcomm.qcrilmsgtunnel          I  [0]invokeOemRilRequestRaw: serial=3048 length=24
2025-09-15 17:06:44.597  1689-1689  QMI_FW                  qcrild                               E  qmi_cci_get_ref: ref count increased 2
2025-09-15 17:06:44.603  2769-2838  QcrilOemhookMsgTunnel   com.qualcomm.qcrilmsgtunnel          I  [0]processOemHookResponse serial no: 3048 error: 0length=0
2025-09-15 17:06:44.604  2769-2769  QcrilMsgTu...aceManager com.qualcomm.qcrilmsgtunnel          D  handleMessage what = 2
2025-09-15 17:06:44.604  3143-3143  QC_RIL_OEM_HOOK         com.android.phone                    D  sendOemRilRequestRaw returns value = 0
2025-09-15 17:06:44.676  1099-1156  surfaceflinger          surfaceflinger                       E  [frame_perf] AutoBoostStrategyQuery fd<0 failed, errno=Inappropriate ioctl for device
2025-09-15 17:06:44.676  1099-1156  surfaceflinger          surfaceflinger                       E  [frame_perf] AutoBoostConfigQuery fd<0 failed, errno=Inappropriate ioctl for device
2025-09-15 17:06:44.897 21080-21080 ThreadPoolForeg         com.google.android.gms.persistent    W  type=1400 audit(0.0:58554): avc: denied { write } for name="traced_producer" dev="tmpfs" ino=27372 scontext=u:r:gmscore_app:s0:c512,c768 tcontext=u:object_r:traced_producer_socket:s0 tclass=sock_file permissive=0 app=com.google.android.gms
2025-09-15 17:06:44.977   963-9172  vendor.qti...bs_handler and...are.bluetooth@1.0-service-qti  I  ProcessIbsCmd: Received IBS_WAKE_IND: 0xFD
2025-09-15 17:06:44.978   963-9172  vendor.qti...bs_handler and...are.bluetooth@1.0-service-qti  D  SerialClockVote: vote for UART CLK ON
2025-09-15 17:06:44.979   963-9172  vendor.qti...-wake_lock and...are.bluetooth@1.0-service-qti  D  Acquire wakelock is acquired 
2025-09-15 17:06:44.979   963-9172  vendor.qti...bs_handler and...are.bluetooth@1.0-service-qti  I  ProcessIbsCmd: Writing IBS_WAKE_ACK
2025-09-15 17:06:44.982  9036-9174  bt_stack                com.android.bluetooth                V  [VERBOSE1:btm_inq.cc(1019)] BTM_InqDbRead: bd addr 66:85:aa:7c:e5:b8
2025-09-15 17:06:45.020   963-9172  vendor.qti...bs_handler and...are.bluetooth@1.0-service-qti  I  ProcessIbsCmd: Received IBS_SLEEP_IND: 0xFE
2025-09-15 17:06:45.020   963-9172  vendor.qti...bs_handler and...are.bluetooth@1.0-service-qti  D  SerialClockVote: vote for UART CLK OFF
2025-09-15 17:06:45.170   963-9166  vendor.qti...-wake_lock and...are.bluetooth@1.0-service-qti  D  Release wakelock is released 
2025-09-15 17:06:45.894 30462-30462 OpUtils                 com.android.systemui                 I  isSupportWarpCharging:false
2025-09-15 17:06:45.894 30462-30462 OpSWarpChargingView     com.android.systemui                 D  level is same as latest one [100]
2025-09-15 17:06:45.896 30462-30462 KeyguardUpdateMonitor   com.android.systemui                 D  received broadcast android.intent.action.BATTERY_CHANGED
2025-09-15 17:06:45.896 30462-30462 OpUtils                 com.android.systemui                 I  isSupportWarpCharging:false
2025-09-15 17:06:45.896 30462-30462 KeyguardUpdateMonitor   com.android.systemui                 D  pdCharge false, chargingstatus 0, fastcharge:0
2025-09-15 17:06:45.897 30462-30498 BatterySaverTile        com.android.systemui                 D  handleUpdateState, true, false
2025-09-15 17:06:46.003  3107-3107  DeviceStatisticsService com...m.qti.devicestatisticsservice  D  chargerType=2 batteryLevel=100 totalBatteryCapacity=2831200
2025-09-15 17:06:46.003  3107-3107  DeviceInfoHidlClient    com...m.qti.devicestatisticsservice  D  isPowerInfoNeverSent()=true
2025-09-15 17:06:46.275  1305-1729  OomAdjuster             system_server                        D  skip: com.whatsapp
2025-09-15 17:06:46.329  1305-2238  ConnectivityService     system_server                        D  NetReassign [no changes]
2025-09-15 17:06:46.794  4993-4993  Launcher.Model          net.oneplus.launcher                 D  onShortcutsChanged(com.whatsapp)
2025-09-15 17:06:46.817  3206-7397  androidtc               com.google.android.ext.services      D  Initializing SystemTextClassifier, type = System
2025-09-15 17:06:46.819 21080-15381 sqlite3_android         com.google.android.gms.persistent    E  [IKR-38846] ONEPLUS_NAME_PARTS_MATCH SQLITE_OK
2025-09-15 17:06:46.825  4993-4993  Launcher.Model          net.oneplus.launcher                 D  onShortcutsChanged(com.whatsapp)
2025-09-15 17:06:46.847 21080-21192 UriTaskContentObserver  com.google.android.gms.persistent    I  (REDACTED) Throttling content uri change event for %s
2025-09-15 17:06:46.881  4993-4993  FrequentAppsGrid        net.oneplus.launcher                 D  onDeepShortcutChanged:20 -> 20
2025-09-15 17:06:46.881  4993-4993  FrequentAppsGrid        net.oneplus.launcher                 D  onDeepShortcutChanged:20 -> 20
2025-09-15 17:06:46.910 21080-15449 NetworkScheduler.Stats  com.google.android.gms.persistent    I  (REDACTED) Task %s/%s started execution. cause:%s exec_start_elapsed_seconds: %s
2025-09-15 17:06:46.921 21080-15381 NetworkScheduler.Stats  com.google.android.gms.persistent    I  (REDACTED) Task %s/%s finished executing. cause:%s result: %s elapsed_millis: %s uptime_millis: %s exec_start_elapsed_seconds: %s
