2025-09-16 13:19:25.935 23239-23290 WM-GreedyScheduler      com.google.android.apps.messaging    D  Ignoring {WorkSpec: 82a134d3-6fc0-45cd-b62a-f5f50bd3ad1e}. Requires device idle.
2025-09-16 13:19:25.935 23239-23290 WM-GreedyScheduler      com.google.android.apps.messaging    D  Ignoring {WorkSpec: 077549a8-6330-4fe2-bbef-8696d7f9d159}. Requires device idle.
2025-09-16 13:19:25.935 23239-23290 WM-GreedyScheduler      com.google.android.apps.messaging    D  Starting work for 9f36ea34-2810-4f32-bfea-b955f3859fd2
2025-09-16 13:19:25.935 23239-23290 WM-GreedyScheduler      com.google.android.apps.messaging    D  Starting tracking for 30e7e684-920d-4073-aa33-a367fc2e10c5
2025-09-16 13:19:25.942  1099-3321  surfaceflinger          surfaceflinger                       E  [frame_perf] perfboost open boost file failed
2025-09-16 13:19:25.948   963-23771 vendor.qti...bs_handler and...are.bluetooth@1.0-service-qti  I  ProcessIbsCmd: Received IBS_SLEEP_IND: 0xFE
2025-09-16 13:19:25.948   963-23771 vendor.qti...bs_handler and...are.bluetooth@1.0-service-qti  D  SerialClockVote: vote for UART CLK OFF
2025-09-16 13:19:25.959  1099-21666 surfaceflinger          surfaceflinger                       E  [frame_perf] perfboost open boost file failed
2025-09-16 13:19:25.991  1099-3321  surfaceflinger          surfaceflinger                       E  [frame_perf] perfboost open boost file failed
2025-09-16 13:19:26.008  1099-21666 surfaceflinger          surfaceflinger                       E  [frame_perf] perfboost open boost file failed
2025-09-16 13:19:26.041  1099-1157  surfaceflinger          surfaceflinger                       E  [frame_perf] perfboost open boost file failed
2025-09-16 13:19:26.058  1099-21666 surfaceflinger          surfaceflinger                       E  [frame_perf] perfboost open boost file failed
2025-09-16 13:19:26.082 23239-23276 WM-Processor            com.google.android.apps.messaging    D  rva: processing WorkGenerationalId(workSpecId=9f36ea34-2810-4f32-bfea-b955f3859fd2, generation=0)
2025-09-16 13:19:26.085 23239-23276 MddListena...kerFactory com.google.android.apps.messaging    D  createWorker for class: com.google.android.apps.messaging.shared.datamodel.workqueue.WorkQueueWorkerShim
2025-09-16 13:19:26.091  1099-3321  surfaceflinger          surfaceflinger                       E  [frame_perf] perfboost open boost file failed
2025-09-16 13:19:26.094 23239-23239 WM-WorkerWrapper        com.google.android.apps.messaging    D  Starting work for com.google.android.apps.messaging.shared.datamodel.workqueue.WorkQueueWorkerShim
2025-09-16 13:19:26.094 23239-23290 WM-ConstraintTracker    com.google.android.apps.messaging    D  rzv: initial state = true
2025-09-16 13:19:26.094 23239-23290 WM-BrdcstRcvrCnstrntTrc com.google.android.apps.messaging    D  rzv: registering receiver
2025-09-16 13:19:26.096 23239-23276 WM-ConstraintTracker    com.google.android.apps.messaging    D  rzx: initial state = true
2025-09-16 13:19:26.096 23239-23276 WM-BrdcstRcvrCnstrntTrc com.google.android.apps.messaging    D  rzx: registering receiver
2025-09-16 13:19:26.098 23239-23287 WM-ConstraintTracker    com.google.android.apps.messaging    D  sag: initial state = NetworkState(isConnected=true, isValidated=true, isMetered=true, isNotRoaming=true)
2025-09-16 13:19:26.098 23239-23287 WM-NetworkStateTracker  com.google.android.apps.messaging    D  Registering network callback
2025-09-16 13:19:26.099   963-23752 vendor.qti...-wake_lock and...are.bluetooth@1.0-service-qti  D  Release wakelock is released 
2025-09-16 13:19:26.103  1305-2612  ConnectivityService     system_server                        D  requestNetwork for uid/pid:10423/23239 NetworkRequest [ TRACK_DEFAULT id=11083, [ Capabilities: INTERNET&NOT_RESTRICTED&TRUSTED Uid: 10423 AdministratorUids: [] RequestorUid: 10423 RequestorPackageName: com.google.android.apps.messaging] ]
2025-09-16 13:19:26.104  1305-2238  ConnectivityService     system_server                        D  NetReassign [11083 : null  115]
2025-09-16 13:19:26.105  1305-2228  UntrustedW...orkFactory system_server                        D  got request NetworkRequest [ TRACK_DEFAULT id=11083, [ Capabilities: INTERNET&NOT_RESTRICTED&TRUSTED Uid: 10423 AdministratorUids: [] RequestorUid: 10423 RequestorPackageName: com.google.android.apps.messaging] ] with score 50 and providerId 3
2025-09-16 13:19:26.105  1305-2228  WifiNetworkFactory      system_server                        D  got request NetworkRequest [ TRACK_DEFAULT id=11083, [ Capabilities: INTERNET&NOT_RESTRICTED&TRUSTED Uid: 10423 AdministratorUids: [] RequestorUid: 10423 RequestorPackageName: com.google.android.apps.messaging] ] with score 50 and providerId 3
2025-09-16 13:19:26.107  1305-2281  Ethernet                system_server                        D  got request NetworkRequest [ TRACK_DEFAULT id=11083, [ Capabilities: INTERNET&NOT_RESTRICTED&TRUSTED Uid: 10423 AdministratorUids: [] RequestorUid: 10423 RequestorPackageName: com.google.android.apps.messaging] ] with score 50 and providerId 3
2025-09-16 13:19:26.108  3143-3143  PhoneSwitc...stListener com.android.phone                    D  got request NetworkRequest [ TRACK_DEFAULT id=11083, [ Capabilities: INTERNET&NOT_RESTRICTED&TRUSTED Uid: 10423 AdministratorUids: [] RequestorUid: 10423 RequestorPackageName: com.google.android.apps.messaging] ] with score 50 and providerId 3
2025-09-16 13:19:26.108 23239-23299 WM-NetworkStateTracker  com.google.android.apps.messaging    D  Network capabilities changed: [ Transports: CELLULAR Capabilities: SUPL&INTERNET&NOT_RESTRICTED&TRUSTED&NOT_VPN&VALIDATED&NOT_ROAMING&FOREGROUND&NOT_CONGESTED&NOT_SUSPENDED LinkUpBandwidth>=15000Kbps LinkDnBandwidth>=30000Kbps Specifier: <TelephonyNetworkSpecifier [mSubId = 1]> AdministratorUids: [] RequestorUid: -1 RequestorPackageName: null]
2025-09-16 13:19:26.108  3143-3143  PhoneSwitc...stListener com.android.phone                    D  needNetworkFor NetworkRequest [ TRACK_DEFAULT id=11083, [ Capabilities: INTERNET&NOT_RESTRICTED&TRUSTED Uid: 10423 AdministratorUids: [] RequestorUid: 10423 RequestorPackageName: com.google.android.apps.messaging] ], 50
2025-09-16 13:19:26.108  1099-21666 surfaceflinger          surfaceflinger                       E  [frame_perf] perfboost open boost file failed
2025-09-16 13:19:26.108 23239-23276 WM-WorkerWrapper        com.google.android.apps.messaging    I  Worker result SUCCESS for Work [ id=9f36ea34-2810-4f32-bfea-b955f3859fd2, tags={ com.google.android.apps.messaging.shared.datamodel.workqueue.WorkQueueWorkerShim,data_upgrade- } ]
2025-09-16 13:19:26.110 23239-23239 WM-Processor            com.google.android.apps.messaging    D  rva 9f36ea34-2810-4f32-bfea-b955f3859fd2 executed; reschedule = false
2025-09-16 13:19:26.111 23239-23276 WM-PackageManagerHelper com.google.android.apps.messaging    D  Skipping component enablement for androidx.work.impl.background.systemalarm.RescheduleReceiver
2025-09-16 13:19:26.111 23239-23276 WM-GreedyScheduler      com.google.android.apps.messaging    D  Constraints not met: Cancelling work ID WorkGenerationalId(workSpecId=30e7e684-920d-4073-aa33-a367fc2e10c5, generation=2497)
2025-09-16 13:19:26.113 23239-23276 WM-GreedyScheduler      com.google.android.apps.messaging    D  Cancelling work ID 9f36ea34-2810-4f32-bfea-b955f3859fd2
2025-09-16 13:19:26.118 23239-23276 WM-GreedyScheduler      com.google.android.apps.messaging    D  Ignoring {WorkSpec: 07099678-ca48-413d-aa41-9cf0f0ffdeff}. Requires ContentUri triggers.
2025-09-16 13:19:26.118 23239-23276 WM-GreedyScheduler      com.google.android.apps.messaging    D  Ignoring {WorkSpec: 217b8591-3785-4ddb-b13c-4e98225aacd0}. Requires ContentUri triggers.
2025-09-16 13:19:26.118 23239-23276 WM-GreedyScheduler      com.google.android.apps.messaging    D  Ignoring {WorkSpec: 82a134d3-6fc0-45cd-b62a-f5f50bd3ad1e}. Requires device idle.
2025-09-16 13:19:26.118 23239-23276 WM-GreedyScheduler      com.google.android.apps.messaging    D  Ignoring {WorkSpec: 077549a8-6330-4fe2-bbef-8696d7f9d159}. Requires device idle.
2025-09-16 13:19:26.118 23239-23276 WM-GreedyScheduler      com.google.android.apps.messaging    D  Starting tracking for 30e7e684-920d-4073-aa33-a367fc2e10c5
2025-09-16 13:19:26.143  1099-1157  surfaceflinger          surfaceflinger                       E  [frame_perf] perfboost open boost file failed
2025-09-16 13:19:26.160  1099-21666 surfaceflinger          surfaceflinger                       E  [frame_perf] perfboost open boost file failed
2025-09-16 13:19:26.198  1099-1157  surfaceflinger          surfaceflinger                       E  [frame_perf] perfboost open boost file failed
2025-09-16 13:19:26.215  1099-21666 surfaceflinger          surfaceflinger                       E  [frame_perf] perfboost open boost file failed
2025-09-16 13:19:26.243  1099-1157  surfaceflinger          surfaceflinger                       E  [frame_perf] perfboost open boost file failed
2025-09-16 13:19:26.260  1099-21666 surfaceflinger          surfaceflinger                       E  [frame_perf] perfboost open boost file failed
2025-09-16 13:19:26.295  1099-1157  surfaceflinger          surfaceflinger                       E  [frame_perf] perfboost open boost file failed
2025-09-16 13:19:26.312  1099-21666 surfaceflinger          surfaceflinger                       E  [frame_perf] perfboost open boost file failed
2025-09-16 13:19:26.348  1099-3321  surfaceflinger          surfaceflinger                       E  [frame_perf] perfboost open boost file failed
2025-09-16 13:19:26.365  1099-21666 surfaceflinger          surfaceflinger                       E  [frame_perf] perfboost open boost file failed
2025-09-16 13:19:26.399  1099-3321  surfaceflinger          surfaceflinger                       E  [frame_perf] perfboost open boost file failed
2025-09-16 13:19:26.416  1099-21666 surfaceflinger          surfaceflinger                       E  [frame_perf] perfboost open boost file failed
2025-09-16 13:19:26.450  1099-3321  surfaceflinger          surfaceflinger                       E  [frame_perf] perfboost open boost file failed
2025-09-16 13:19:26.467  1099-21666 surfaceflinger          surfaceflinger                       E  [frame_perf] perfboost open boost file failed
2025-09-16 13:19:26.472   963-23771 vendor.qti...bs_handler and...are.bluetooth@1.0-service-qti  I  ProcessIbsCmd: Received IBS_WAKE_IND: 0xFD
2025-09-16 13:19:26.472   963-23771 vendor.qti...bs_handler and...are.bluetooth@1.0-service-qti  D  SerialClockVote: vote for UART CLK ON
2025-09-16 13:19:26.473   963-23771 vendor.qti...-wake_lock and...are.bluetooth@1.0-service-qti  D  Acquire wakelock is acquired 
2025-09-16 13:19:26.474   963-23771 vendor.qti...bs_handler and...are.bluetooth@1.0-service-qti  I  ProcessIbsCmd: Writing IBS_WAKE_ACK
2025-09-16 13:19:26.477 23624-23773 bt_stack                com.android.bluetooth                V  [VERBOSE1:btm_inq.cc(1019)] BTM_InqDbRead: bd addr 41:69:39:36:82:41
2025-09-16 13:19:26.477 23624-23773 bt_stack                com.android.bluetooth                V  [VERBOSE1:btm_inq.cc(1019)] BTM_InqDbRead: bd addr 1b:73:a4:b0:c8:a0
2025-09-16 13:19:26.477 23624-23773 bt_stack                com.android.bluetooth                V  [VERBOSE1:btm_inq.cc(1019)] BTM_InqDbRead: bd addr 28:12:0f:e1:f0:3c
2025-09-16 13:19:26.485  9766-9766  BluetoothScannerService com.remoticom.energynodeinset        I  start/onScanResult: 41:69:39:36:82:41 - null
2025-09-16 13:19:26.486  9766-9766  BluetoothScannerService com.remoticom.energynodeinset        D  First advertised service UUID=null
2025-09-16 13:19:26.486  9766-9766  BluetoothScannerService com.remoticom.energynodeinset        D  Unknown device
2025-09-16 13:19:26.489  9766-9766  BluetoothScannerService com.remoticom.energynodeinset        I  start/onScanResult: 1B:73:A4:B0:C8:A0 - null
2025-09-16 13:19:26.489  9766-9766  BluetoothScannerService com.remoticom.energynodeinset        D  First advertised service UUID=null
2025-09-16 13:19:26.489  9766-9766  BluetoothScannerService com.remoticom.energynodeinset        D  Unknown device
2025-09-16 13:19:26.496  9766-9766  BluetoothScannerService com.remoticom.energynodeinset        I  start/onScanResult: 28:12:0F:E1:F0:3C - null
2025-09-16 13:19:26.497  9766-9766  BluetoothScannerService com.remoticom.energynodeinset        D  First advertised service UUID=null
2025-09-16 13:19:26.497  9766-9766  BluetoothScannerService com.remoticom.energynodeinset        D  Unknown device
2025-09-16 13:19:26.497  1099-1157  surfaceflinger          surfaceflinger                       E  [frame_perf] perfboost open boost file failed
2025-09-16 13:19:26.514  1099-21666 surfaceflinger          surfaceflinger                       E  [frame_perf] perfboost open boost file failed
2025-09-16 13:19:26.515   963-23771 vendor.qti...bs_handler and...are.bluetooth@1.0-service-qti  I  ProcessIbsCmd: Received IBS_SLEEP_IND: 0xFE
2025-09-16 13:19:26.515   963-23771 vendor.qti...bs_handler and...are.bluetooth@1.0-service-qti  D  SerialClockVote: vote for UART CLK OFF
2025-09-16 13:19:26.521   963-23771 vendor.qti...bs_handler and...are.bluetooth@1.0-service-qti  I  ProcessIbsCmd: Received IBS_WAKE_IND: 0xFD
2025-09-16 13:19:26.521   963-23771 vendor.qti...bs_handler and...are.bluetooth@1.0-service-qti  D  SerialClockVote: vote for UART CLK ON
2025-09-16 13:19:26.521   963-23771 vendor.qti...bs_handler and...are.bluetooth@1.0-service-qti  I  ProcessIbsCmd: Writing IBS_WAKE_ACK
2025-09-16 13:19:26.523 23624-23773 bt_stack                com.android.bluetooth                V  [VERBOSE1:btm_inq.cc(1019)] BTM_InqDbRead: bd addr f0:d7:8f:4d:80:82
2025-09-16 13:19:26.529  9766-9766  BluetoothScannerService com.remoticom.energynodeinset        I  start/onScanResult: F0:D7:8F:4D:80:82 - RTM-BMC
2025-09-16 13:19:26.529  9766-9766  BluetoothScannerService com.remoticom.energynodeinset        D  First advertised service UUID=a55d1c55-0088-ffff-0000-000000000000
2025-09-16 13:19:26.530  9766-9766  BluetoothScannerService com.remoticom.energynodeinset        D  Remoticom device:  EnergyNode Inset
2025-09-16 13:19:26.533  9766-9766  BluetoothScannerService com.remoticom.energynodeinset        D  UUID=00000000-0000-0000-0000-f0d78f4d8082
2025-09-16 13:19:26.539  9766-9766  NodeListFragment        com.remoticom.energynodeinset        D  Updating list of nodes
2025-09-16 13:19:26.544 23624-23773 bt_stack                com.android.bluetooth                V  [VERBOSE1:btm_inq.cc(1019)] BTM_InqDbRead: bd addr dd:37:c2:d1:8d:f6
2025-09-16 13:19:26.550  1099-1157  surfaceflinger          surfaceflinger                       E  [frame_perf] perfboost open boost file failed
2025-09-16 13:19:26.567  1099-21666 surfaceflinger          surfaceflinger                       E  [frame_perf] perfboost open boost file failed
2025-09-16 13:19:26.574  9766-9766  BluetoothScannerService com.remoticom.energynodeinset        I  start/onScanResult: DD:37:C2:D1:8D:F6 - null
2025-09-16 13:19:26.575  9766-9766  BluetoothScannerService com.remoticom.energynodeinset        D  First advertised service UUID=00001828-0000-1000-8000-00805f9b34fb
2025-09-16 13:19:26.575  9766-9766  BluetoothScannerService com.remoticom.energynodeinset        D  Unknown device
2025-09-16 13:19:26.575 23624-23773 bt_stack                com.android.bluetooth                V  [VERBOSE1:btm_inq.cc(1019)] BTM_InqDbRead: bd addr 1b:73:a4:b0:c8:a0
2025-09-16 13:19:26.577  1099-1157  surfaceflinger          surfaceflinger                       E  [frame_perf] perfboost open boost file failed
2025-09-16 13:19:26.583 23624-23773 bt_stack                com.android.bluetooth                V  [VERBOSE1:btm_inq.cc(1019)] BTM_InqDbRead: bd addr 0d:7f:38:3a:36:f5
2025-09-16 13:19:26.590 23624-23773 bt_stack                com.android.bluetooth                V  [VERBOSE1:btm_inq.cc(1019)] BTM_InqDbRead: bd addr e3:9f:90:87:ae:c6
2025-09-16 13:19:26.594  1099-21666 surfaceflinger          surfaceflinger                       E  [frame_perf] perfboost open boost file failed
2025-09-16 13:19:26.594  9766-9766  BluetoothScannerService com.remoticom.energynodeinset        I  start/onScanResult: 1B:73:A4:B0:C8:A0 - null
2025-09-16 13:19:26.594  9766-9766  BluetoothScannerService com.remoticom.energynodeinset        D  First advertised service UUID=null
2025-09-16 13:19:26.594  9766-9766  BluetoothScannerService com.remoticom.energynodeinset        D  Unknown device
2025-09-16 13:19:26.594  9766-9766  BluetoothScannerService com.remoticom.energynodeinset        I  start/onScanResult: 0D:7F:38:3A:36:F5 - null
2025-09-16 13:19:26.594  9766-9766  BluetoothScannerService com.remoticom.energynodeinset        D  First advertised service UUID=null
2025-09-16 13:19:26.594  9766-9766  BluetoothScannerService com.remoticom.energynodeinset        D  Unknown device
2025-09-16 13:19:26.595  1099-3321  surfaceflinger          surfaceflinger                       E  [frame_perf] perfboost open boost file failed
2025-09-16 13:19:26.597  9766-9766  BluetoothScannerService com.remoticom.energynodeinset        I  start/onScanResult: E3:9F:90:87:AE:C6 - RTM-010
2025-09-16 13:19:26.597  9766-9766  BluetoothScannerService com.remoticom.energynodeinset        D  First advertised service UUID=a55d1c55-004b-ffff-0000-000000000000
2025-09-16 13:19:26.597  9766-9766  BluetoothScannerService com.remoticom.energynodeinset        D  Unknown device
2025-09-16 13:19:26.607 23624-23773 bt_stack                com.android.bluetooth                V  [VERBOSE1:btm_inq.cc(1019)] BTM_InqDbRead: bd addr 53:f9:96:a1:53:f6
2025-09-16 13:19:26.612  9766-9766  BluetoothScannerService com.remoticom.energynodeinset        I  start/onScanResult: 53:F9:96:A1:53:F6 - null
2025-09-16 13:19:26.612  9766-9766  BluetoothScannerService com.remoticom.energynodeinset        D  First advertised service UUID=null
2025-09-16 13:19:26.612  9766-9766  BluetoothScannerService com.remoticom.energynodeinset        D  Unknown device
2025-09-16 13:19:26.629  1099-21666 surfaceflinger          surfaceflinger                       E  [frame_perf] perfboost open boost file failed
2025-09-16 13:19:26.645  1099-3321  surfaceflinger          surfaceflinger                       E  [frame_perf] perfboost open boost file failed
2025-09-16 13:19:26.646   963-23771 vendor.qti...bs_handler and...are.bluetooth@1.0-service-qti  I  ProcessIbsCmd: Received IBS_SLEEP_IND: 0xFE
2025-09-16 13:19:26.646   963-23771 vendor.qti...bs_handler and...are.bluetooth@1.0-service-qti  D  SerialClockVote: vote for UART CLK OFF
2025-09-16 13:19:26.662  1099-21666 surfaceflinger          surfaceflinger                       E  [frame_perf] perfboost open boost file failed
2025-09-16 13:19:26.691  1099-1157  surfaceflinger          surfaceflinger                       E  [frame_perf] perfboost open boost file failed
2025-09-16 13:19:26.708  1099-21666 surfaceflinger          surfaceflinger                       E  [frame_perf] perfboost open boost file failed
2025-09-16 13:19:26.743  1099-1157  surfaceflinger          surfaceflinger                       E  [frame_perf] perfboost open boost file failed
2025-09-16 13:19:26.760  1099-21666 surfaceflinger          surfaceflinger                       E  [frame_perf] perfboost open boost file failed
2025-09-16 13:19:26.792  1099-3321  surfaceflinger          surfaceflinger                       E  [frame_perf] perfboost open boost file failed
2025-09-16 13:19:26.796   963-23752 vendor.qti...-wake_lock and...are.bluetooth@1.0-service-qti  D  Release wakelock is released 
2025-09-16 13:19:26.809  1099-21666 surfaceflinger          surfaceflinger                       E  [frame_perf] perfboost open boost file failed
2025-09-16 13:19:26.844  1099-1468  surfaceflinger          surfaceflinger                       E  [frame_perf] perfboost open boost file failed
2025-09-16 13:19:26.861  1099-21666 surfaceflinger          surfaceflinger                       E  [frame_perf] perfboost open boost file failed
2025-09-16 13:19:26.895  1099-1468  surfaceflinger          surfaceflinger                       E  [frame_perf] perfboost open boost file failed
2025-09-16 13:19:26.912  1099-21666 surfaceflinger          surfaceflinger                       E  [frame_perf] perfboost open boost file failed
2025-09-16 13:19:26.945  1099-1468  surfaceflinger          surfaceflinger                       E  [frame_perf] perfboost open boost file failed
2025-09-16 13:19:26.962  1099-21666 surfaceflinger          surfaceflinger                       E  [frame_perf] perfboost open boost file failed
2025-09-16 13:19:27.001  1099-3321  surfaceflinger          surfaceflinger                       E  [frame_perf] perfboost open boost file failed
2025-09-16 13:19:27.018  1099-21666 surfaceflinger          surfaceflinger                       E  [frame_perf] perfboost open boost file failed
2025-09-16 13:19:27.049  1099-1468  surfaceflinger          surfaceflinger                       E  [frame_perf] perfboost open boost file failed
2025-09-16 13:19:27.066  1099-21666 surfaceflinger          surfaceflinger                       E  [frame_perf] perfboost open boost file failed
2025-09-16 13:19:27.099  1099-1468  surfaceflinger          surfaceflinger                       E  [frame_perf] perfboost open boost file failed
2025-09-16 13:19:27.116  1099-21666 surfaceflinger          surfaceflinger                       E  [frame_perf] perfboost open boost file failed
2025-09-16 13:19:27.146   963-23771 vendor.qti...bs_handler and...are.bluetooth@1.0-service-qti  I  ProcessIbsCmd: Received IBS_WAKE_IND: 0xFD
2025-09-16 13:19:27.146   963-23771 vendor.qti...bs_handler and...are.bluetooth@1.0-service-qti  D  SerialClockVote: vote for UART CLK ON
2025-09-16 13:19:27.147   963-23771 vendor.qti...-wake_lock and...are.bluetooth@1.0-service-qti  D  Acquire wakelock is acquired 
2025-09-16 13:19:27.147   963-23771 vendor.qti...bs_handler and...are.bluetooth@1.0-service-qti  I  ProcessIbsCmd: Writing IBS_WAKE_ACK
2025-09-16 13:19:27.149  1099-1468  surfaceflinger          surfaceflinger                       E  [frame_perf] perfboost open boost file failed
2025-09-16 13:19:27.150 23624-23773 bt_stack                com.android.bluetooth                V  [VERBOSE1:btm_inq.cc(1019)] BTM_InqDbRead: bd addr 38:f8:71:92:4a:5a
2025-09-16 13:19:27.150 23624-23773 bt_stack                com.android.bluetooth                V  [VERBOSE1:btm_inq.cc(1019)] BTM_InqDbRead: bd addr 53:f9:96:a1:53:f6
2025-09-16 13:19:27.151 23624-23773 bt_stack                com.android.bluetooth                V  [VERBOSE1:btm_inq.cc(1019)] BTM_InqDbRead: bd addr f0:d7:8f:4d:80:82
2025-09-16 13:19:27.156 23624-23773 bt_stack                com.android.bluetooth                V  [VERBOSE1:btm_inq.cc(1019)] BTM_InqDbRead: bd addr 37:17:c4:5b:c8:00
2025-09-16 13:19:27.161  9766-9766  BluetoothScannerService com.remoticom.energynodeinset        I  start/onScanResult: 38:F8:71:92:4A:5A - null
2025-09-16 13:19:27.162  9766-9766  BluetoothScannerService com.remoticom.energynodeinset        D  First advertised service UUID=null
2025-09-16 13:19:27.162  9766-9766  BluetoothScannerService com.remoticom.energynodeinset        D  Unknown device
2025-09-16 13:19:27.164  9766-9766  BluetoothScannerService com.remoticom.energynodeinset        I  start/onScanResult: 53:F9:96:A1:53:F6 - null
2025-09-16 13:19:27.164  9766-9766  BluetoothScannerService com.remoticom.energynodeinset        D  First advertised service UUID=null
2025-09-16 13:19:27.164  9766-9766  BluetoothScannerService com.remoticom.energynodeinset        D  Unknown device
2025-09-16 13:19:27.166  1099-21666 surfaceflinger          surfaceflinger                       E  [frame_perf] perfboost open boost file failed
2025-09-16 13:19:27.166  9766-9766  BluetoothScannerService com.remoticom.energynodeinset        I  start/onScanResult: F0:D7:8F:4D:80:82 - RTM-BMC
2025-09-16 13:19:27.167  9766-9766  BluetoothScannerService com.remoticom.energynodeinset        D  First advertised service UUID=a55d1c55-0088-ffff-0000-000000000000
2025-09-16 13:19:27.167  9766-9766  BluetoothScannerService com.remoticom.energynodeinset        D  Remoticom device:  EnergyNode Inset
2025-09-16 13:19:27.169  9766-9766  BluetoothScannerService com.remoticom.energynodeinset        D  UUID=00000000-0000-0000-0000-f0d78f4d8082
2025-09-16 13:19:27.170  9766-9766  BluetoothScannerService com.remoticom.energynodeinset        I  start/onScanResult: 37:17:C4:5B:C8:00 - null
2025-09-16 13:19:27.170  9766-9766  BluetoothScannerService com.remoticom.energynodeinset        D  First advertised service UUID=null
2025-09-16 13:19:27.171  9766-9766  BluetoothScannerService com.remoticom.energynodeinset        D  Unknown device
2025-09-16 13:19:27.178  9766-9766  NodeListFragment        com.remoticom.energynodeinset        D  Updating list of nodes
2025-09-16 13:19:27.183  1099-21666 surfaceflinger          surfaceflinger                       E  [frame_perf] perfboost open boost file failed
2025-09-16 13:19:27.196   963-23771 vendor.qti...bs_handler and...are.bluetooth@1.0-service-qti  I  ProcessIbsCmd: Received IBS_SLEEP_IND: 0xFE
2025-09-16 13:19:27.196   963-23771 vendor.qti...bs_handler and...are.bluetooth@1.0-service-qti  D  SerialClockVote: vote for UART CLK OFF
2025-09-16 13:19:27.200  1099-21666 surfaceflinger          surfaceflinger                       E  [frame_perf] perfboost open boost file failed
2025-09-16 13:19:27.200   963-23771 vendor.qti...bs_handler and...are.bluetooth@1.0-service-qti  I  ProcessIbsCmd: Received IBS_WAKE_IND: 0xFD
2025-09-16 13:19:27.200   963-23771 vendor.qti...bs_handler and...are.bluetooth@1.0-service-qti  D  SerialClockVote: vote for UART CLK ON
2025-09-16 13:19:27.200   963-23771 vendor.qti...bs_handler and...are.bluetooth@1.0-service-qti  I  ProcessIbsCmd: Writing IBS_WAKE_ACK
2025-09-16 13:19:27.201  1099-1468  surfaceflinger          surfaceflinger                       E  [frame_perf] perfboost open boost file failed
2025-09-16 13:19:27.202 23624-23773 bt_stack                com.android.bluetooth                V  [VERBOSE1:btm_inq.cc(1019)] BTM_InqDbRead: bd addr 1b:73:a4:b0:c8:a0
2025-09-16 13:19:27.218  1099-21666 surfaceflinger          surfaceflinger                       E  [frame_perf] perfboost open boost file failed
2025-09-16 13:19:27.224  9766-9766  BluetoothScannerService com.remoticom.energynodeinset        I  start/onScanResult: 1B:73:A4:B0:C8:A0 - null
2025-09-16 13:19:27.224  9766-9766  BluetoothScannerService com.remoticom.energynodeinset        D  First advertised service UUID=null
2025-09-16 13:19:27.224  9766-9766  BluetoothScannerService com.remoticom.energynodeinset        D  Unknown device
2025-09-16 13:19:27.227  1099-1468  surfaceflinger          surfaceflinger                       E  [frame_perf] perfboost open boost file failed
2025-09-16 13:19:27.234 23624-23773 bt_stack                com.android.bluetooth                V  [VERBOSE1:btm_inq.cc(1019)] BTM_InqDbRead: bd addr 47:eb:bc:3d:c5:e3
2025-09-16 13:19:27.238 23624-23773 bt_stack                com.android.bluetooth                V  [VERBOSE1:btm_inq.cc(1019)] BTM_InqDbRead: bd addr 38:f8:71:92:4a:5a
2025-09-16 13:19:27.239  9766-9766  BluetoothScannerService com.remoticom.energynodeinset        I  start/onScanResult: 47:EB:BC:3D:C5:E3 - null
2025-09-16 13:19:27.239  9766-9766  BluetoothScannerService com.remoticom.energynodeinset        D  First advertised service UUID=null
2025-09-16 13:19:27.239  9766-9766  BluetoothScannerService com.remoticom.energynodeinset        D  Unknown device
2025-09-16 13:19:27.244  9766-9766  BluetoothScannerService com.remoticom.energynodeinset        I  start/onScanResult: 38:F8:71:92:4A:5A - null
2025-09-16 13:19:27.244  9766-9766  BluetoothScannerService com.remoticom.energynodeinset        D  First advertised service UUID=null
2025-09-16 13:19:27.244  9766-9766  BluetoothScannerService com.remoticom.energynodeinset        D  Unknown device
2025-09-16 13:19:27.248 23624-23773 bt_stack                com.android.bluetooth                V  [VERBOSE1:btm_inq.cc(1019)] BTM_InqDbRead: bd addr 53:f9:96:a1:53:f6
2025-09-16 13:19:27.252  9766-9766  BluetoothScannerService com.remoticom.energynodeinset        I  start/onScanResult: 53:F9:96:A1:53:F6 - null
2025-09-16 13:19:27.252  9766-9766  BluetoothScannerService com.remoticom.energynodeinset        D  First advertised service UUID=null
2025-09-16 13:19:27.253  9766-9766  BluetoothScannerService com.remoticom.energynodeinset        D  Unknown device
2025-09-16 13:19:27.255 23624-23773 bt_stack                com.android.bluetooth                V  [VERBOSE1:btm_inq.cc(1019)] BTM_InqDbRead: bd addr f0:d7:8f:4d:80:82
2025-09-16 13:19:27.258  9766-9766  BluetoothScannerService com.remoticom.energynodeinset        I  start/onScanResult: F0:D7:8F:4D:80:82 - RTM-BMC
2025-09-16 13:19:27.258  9766-9766  BluetoothScannerService com.remoticom.energynodeinset        D  First advertised service UUID=a55d1c55-0088-ffff-0000-000000000000
2025-09-16 13:19:27.258  9766-9766  BluetoothScannerService com.remoticom.energynodeinset        D  Remoticom device:  EnergyNode Inset
2025-09-16 13:19:27.259  9766-9766  BluetoothScannerService com.remoticom.energynodeinset        D  UUID=00000000-0000-0000-0000-f0d78f4d8082
2025-09-16 13:19:27.262  9766-9766  NodeListFragment        com.remoticom.energynodeinset        D  Updating list of nodes
2025-09-16 13:19:27.263 23624-23773 bt_stack                com.android.bluetooth                V  [VERBOSE1:btm_inq.cc(1019)] BTM_InqDbRead: bd addr 37:17:c4:5b:c8:00
2025-09-16 13:19:27.276  9766-9766  BluetoothScannerService com.remoticom.energynodeinset        I  start/onScanResult: 37:17:C4:5B:C8:00 - null
2025-09-16 13:19:27.276  1099-21666 surfaceflinger          surfaceflinger                       E  [frame_perf] perfboost open boost file failed
2025-09-16 13:19:27.276  9766-9766  BluetoothScannerService com.remoticom.energynodeinset        D  First advertised service UUID=null
2025-09-16 13:19:27.276  9766-9766  BluetoothScannerService com.remoticom.energynodeinset        D  Unknown device
2025-09-16 13:19:27.277  1099-1468  surfaceflinger          surfaceflinger                       E  [frame_perf] perfboost open boost file failed
2025-09-16 13:19:27.287 23624-23773 bt_stack                com.android.bluetooth                V  [VERBOSE1:btm_inq.cc(1019)] BTM_InqDbRead: bd addr 41:69:39:36:82:41
2025-09-16 13:19:27.294  1099-21666 surfaceflinger          surfaceflinger                       E  [frame_perf] perfboost open boost file failed
2025-09-16 13:19:27.308  9766-9766  BluetoothScannerService com.remoticom.energynodeinset        I  start/onScanResult: 41:69:39:36:82:41 - null
2025-09-16 13:19:27.308 23624-23773 bt_stack                com.android.bluetooth                V  [VERBOSE1:btm_inq.cc(1019)] BTM_InqDbRead: bd addr 1b:73:a4:b0:c8:a0
2025-09-16 13:19:27.308  9766-9766  BluetoothScannerService com.remoticom.energynodeinset        D  First advertised service UUID=null
2025-09-16 13:19:27.308  9766-9766  BluetoothScannerService com.remoticom.energynodeinset        D  Unknown device
2025-09-16 13:19:27.310  1099-3321  surfaceflinger          surfaceflinger                       E  [frame_perf] perfboost open boost file failed
2025-09-16 13:19:27.322  9766-9766  BluetoothScannerService com.remoticom.energynodeinset        I  start/onScanResult: 1B:73:A4:B0:C8:A0 - null
2025-09-16 13:19:27.322  9766-9766  BluetoothScannerService com.remoticom.energynodeinset        D  First advertised service UUID=null
2025-09-16 13:19:27.322  9766-9766  BluetoothScannerService com.remoticom.energynodeinset        D  Unknown device
2025-09-16 13:19:27.343  1099-21666 surfaceflinger          surfaceflinger                       E  [frame_perf] perfboost open boost file failed
2025-09-16 13:19:27.344  1099-3321  surfaceflinger          surfaceflinger                       E  [frame_perf] perfboost open boost file failed
2025-09-16 13:19:27.346   963-23771 vendor.qti...bs_handler and...are.bluetooth@1.0-service-qti  I  ProcessIbsCmd: Received IBS_SLEEP_IND: 0xFE
2025-09-16 13:19:27.346   963-23771 vendor.qti...bs_handler and...are.bluetooth@1.0-service-qti  D  SerialClockVote: vote for UART CLK OFF
2025-09-16 13:19:27.361  1099-21666 surfaceflinger          surfaceflinger                       E  [frame_perf] perfboost open boost file failed
2025-09-16 13:19:27.396  1099-1468  surfaceflinger          surfaceflinger                       E  [frame_perf] perfboost open boost file failed
2025-09-16 13:19:27.413  1099-21666 surfaceflinger          surfaceflinger                       E  [frame_perf] perfboost open boost file failed
2025-09-16 13:19:27.444  1099-3321  surfaceflinger          surfaceflinger                       E  [frame_perf] perfboost open boost file failed
2025-09-16 13:19:27.461  1099-21666 surfaceflinger          surfaceflinger                       E  [frame_perf] perfboost open boost file failed
2025-09-16 13:19:27.482  1689-1837  QMI_FW                  qcrild                               E  qmi_cci_get_ref: ref count increased 2
2025-09-16 13:19:27.485  1689-1757  QMI_FW                  qcrild                               E  qmi_cci_get_ref: ref count increased 2
2025-09-16 13:19:27.494  1099-3321  surfaceflinger          surfaceflinger                       E  [frame_perf] perfboost open boost file failed
2025-09-16 13:19:27.497   963-23752 vendor.qti...-wake_lock and...are.bluetooth@1.0-service-qti  D  Release wakelock is released 
2025-09-16 13:19:27.505 23624-29528 HeadsetPhoneState       com.android.bluetooth                D  Updating the signal strength change to the apps
2025-09-16 13:19:27.508 23624-29528 HeadsetPhoneState       com.android.bluetooth                D  sendDeviceStateChanged. mService=1 mIsSimStateLoaded=true mSignal=4 mRoam=0 mBatteryCharge=5
2025-09-16 13:19:27.509 23624-29528 HeadsetStateMachine     com.android.bluetooth                E  returning mCurrentState as Connected
2025-09-16 13:19:27.511  1099-21666 surfaceflinger          surfaceflinger                       E  [frame_perf] perfboost open boost file failed
2025-09-16 13:19:27.512 23624-29528 HeadsetStateMachine     com.android.bluetooth                D  handleMessage: E msg.what=10
2025-09-16 13:19:27.512 23624-29528 HeadsetStateMachine     com.android.bluetooth                D  processMsg: Connected
2025-09-16 13:19:27.513 23624-23773 bt_btif                 com.android.bluetooth                D  bta_ag_api_result: p_scb 0x763fb928 
2025-09-16 13:19:27.513 23624-29528 HeadsetStateMachine     com.android.bluetooth                D  handleMessage: X
2025-09-16 13:19:27.513 23624-23773 bt_btif                 com.android.bluetooth                D  bta_ag_hfp_result : res = 5
2025-09-16 13:19:27.513 23624-23773 bt_btif                 com.android.bluetooth                D  bta_ag_send_ind: p_scb->call_ind 0 .
2025-09-16 13:19:27.513 23624-23773 bt_btif                 com.android.bluetooth                D  bta_ag_api_result: p_scb 0x763fb928 
2025-09-16 13:19:27.513 23624-23773 bt_btif                 com.android.bluetooth                D  bta_ag_hfp_result : res = 5
2025-09-16 13:19:27.513 23624-23773 bt_btif                 com.android.bluetooth                D  bta_ag_send_ind: p_scb->call_ind 0 .
2025-09-16 13:19:27.513 23624-23773 bt_btif                 com.android.bluetooth                D  bta_ag_api_result: p_scb 0x763fb928 
2025-09-16 13:19:27.513 23624-23773 bt_btif                 com.android.bluetooth                D  bta_ag_hfp_result : res = 5
2025-09-16 13:19:27.513 23624-23773 bt_btif                 com.android.bluetooth                D  bta_ag_send_ind: p_scb->call_ind 0 .
2025-09-16 13:19:27.513 23624-23773 bt_btif                 com.android.bluetooth                D  bta_ag_send_ind: p_scb->call_ind 0, p_scb->callsetup_ind 0, p_scb->callheld_ind 0
2025-09-16 13:19:27.513 23624-23773 bt_btif                 com.android.bluetooth                D  bta_ag_api_result: p_scb 0x763fb928 
2025-09-16 13:19:27.513 23624-23773 bt_btif                 com.android.bluetooth                D  bta_ag_hfp_result : res = 5
2025-09-16 13:19:27.513 23624-23773 bt_btif                 com.android.bluetooth                D  bta_ag_send_ind: p_scb->call_ind 0 .
2025-09-16 13:19:27.515   963-963   vendor.qti...bs_handler and...are.bluetooth@1.0-service-qti  D  SerialClockVote: vote for UART CLK ON
2025-09-16 13:19:27.515   963-963   vendor.qti...-wake_lock and...are.bluetooth@1.0-service-qti  D  Acquire wakelock is acquired 
2025-09-16 13:19:27.515   963-963   vendor.qti...bs_handler and...are.bluetooth@1.0-service-qti  I  DeviceWakeUp: Writing IBS_WAKE_IND
2025-09-16 13:19:27.519   963-23771 vendor.qti...bs_handler and...are.bluetooth@1.0-service-qti  I  ProcessIbsCmd: Received IBS_WAKE_ACK: 0xFC
2025-09-16 13:19:27.519   963-23771 vendor.qti...bs_handler and...are.bluetooth@1.0-service-qti  I  ProcessIbsCmd: Signal wack_cond_
2025-09-16 13:19:27.519   963-963   vendor.qti...bs_handler and...are.bluetooth@1.0-service-qti  D  DeviceWakeUp: Unblocked from waiting for FC
2025-09-16 13:19:27.528  3143-3143  PhoneInterfaceManager   com.android.phone                    D  [PhoneIntfMgr] getPhoneFromSubId: 1
2025-09-16 13:19:27.535  1689-1757  QMI_FW                  qcrild                               E  qmi_cci_get_ref: ref count increased 2
2025-09-16 13:19:27.538  1689-1757  QMI_FW                  qcrild                               E  qmi_cci_get_ref: ref count increased 2
2025-09-16 13:19:27.544  1099-1468  surfaceflinger          surfaceflinger                       E  [frame_perf] perfboost open boost file failed
2025-09-16 13:19:27.550  3143-3143  MDM-OPMdmListener       com.android.phone                    D  onCellInfoChanged the cellInfo changed phoneId 0
2025-09-16 13:19:27.561  1099-21666 surfaceflinger          surfaceflinger                       E  [frame_perf] perfboost open boost file failed
2025-09-16 13:19:27.600  1099-1468  surfaceflinger          surfaceflinger                       E  [frame_perf] perfboost open boost file failed
2025-09-16 13:19:27.617  1099-21666 surfaceflinger          surfaceflinger                       E  [frame_perf] perfboost open boost file failed
2025-09-16 13:19:27.649  1099-1468  surfaceflinger          surfaceflinger                       E  [frame_perf] perfboost open boost file failed
2025-09-16 13:19:27.666  1099-21666 surfaceflinger          surfaceflinger                       E  [frame_perf] perfboost open boost file failed
2025-09-16 13:19:27.704  1099-1468  surfaceflinger          surfaceflinger                       E  [frame_perf] perfboost open boost file failed
2025-09-16 13:19:27.721  1099-21666 surfaceflinger          surfaceflinger                       E  [frame_perf] perfboost open boost file failed
2025-09-16 13:19:27.749  1099-3321  surfaceflinger          surfaceflinger                       E  [frame_perf] perfboost open boost file failed
2025-09-16 13:19:27.766  1099-21666 surfaceflinger          surfaceflinger                       E  [frame_perf] perfboost open boost file failed
2025-09-16 13:19:27.801  1099-3321  surfaceflinger          surfaceflinger                       E  [frame_perf] perfboost open boost file failed
2025-09-16 13:19:27.818  1099-21666 surfaceflinger          surfaceflinger                       E  [frame_perf] perfboost open boost file failed
2025-09-16 13:19:27.849  1099-3321  surfaceflinger          surfaceflinger                       E  [frame_perf] perfboost open boost file failed
2025-09-16 13:19:27.866  1099-21666 surfaceflinger          surfaceflinger                       E  [frame_perf] perfboost open boost file failed
2025-09-16 13:19:27.873   963-23771 vendor.qti...bs_handler and...are.bluetooth@1.0-service-qti  I  ProcessIbsCmd: Received IBS_WAKE_IND: 0xFD
2025-09-16 13:19:27.873   963-23771 vendor.qti...bs_handler and...are.bluetooth@1.0-service-qti  I  ProcessIbsCmd: Writing IBS_WAKE_ACK
2025-09-16 13:19:27.875 23624-23773 bt_stack                com.android.bluetooth                V  [VERBOSE1:btm_inq.cc(1019)] BTM_InqDbRead: bd addr 53:f9:96:a1:53:f6
2025-09-16 13:19:27.885  9766-9766  BluetoothScannerService com.remoticom.energynodeinset        I  start/onScanResult: 53:F9:96:A1:53:F6 - null
2025-09-16 13:19:27.885 23624-23773 bt_stack                com.android.bluetooth                V  [VERBOSE1:btm_inq.cc(1019)] BTM_InqDbRead: bd addr f0:d7:8f:4d:80:82
2025-09-16 13:19:27.885  9766-9766  BluetoothScannerService com.remoticom.energynodeinset        D  First advertised service UUID=null
2025-09-16 13:19:27.886  9766-9766  BluetoothScannerService com.remoticom.energynodeinset        D  Unknown device
2025-09-16 13:19:27.898  9766-9766  BluetoothScannerService com.remoticom.energynodeinset        I  start/onScanResult: F0:D7:8F:4D:80:82 - RTM-BMC
2025-09-16 13:19:27.898  9766-9766  BluetoothScannerService com.remoticom.energynodeinset        D  First advertised service UUID=a55d1c55-0088-ffff-0000-000000000000
2025-09-16 13:19:27.899  9766-9766  BluetoothScannerService com.remoticom.energynodeinset        D  Remoticom device:  EnergyNode Inset
2025-09-16 13:19:27.899  1099-1468  surfaceflinger          surfaceflinger                       E  [frame_perf] perfboost open boost file failed
2025-09-16 13:19:27.903  9766-9766  BluetoothScannerService com.remoticom.energynodeinset        D  UUID=00000000-0000-0000-0000-f0d78f4d8082
2025-09-16 13:19:27.908  9766-9766  NodeListFragment        com.remoticom.energynodeinset        D  Updating list of nodes
2025-09-16 13:19:27.916  1099-21666 surfaceflinger          surfaceflinger                       E  [frame_perf] perfboost open boost file failed
2025-09-16 13:19:27.918  1099-1468  surfaceflinger          surfaceflinger                       E  [frame_perf] perfboost open boost file failed
2025-09-16 13:19:27.926   963-23771 vendor.qti...bs_handler and...are.bluetooth@1.0-service-qti  I  ProcessIbsCmd: Received IBS_SLEEP_IND: 0xFE
2025-09-16 13:19:27.926   963-23771 vendor.qti...bs_handler and...are.bluetooth@1.0-service-qti  I  ProcessIbsCmd: Received IBS_WAKE_IND: 0xFD
2025-09-16 13:19:27.926   963-23771 vendor.qti...bs_handler and...are.bluetooth@1.0-service-qti  I  ProcessIbsCmd: Writing IBS_WAKE_ACK
2025-09-16 13:19:27.927 23624-23773 bt_stack                com.android.bluetooth                V  [VERBOSE1:btm_inq.cc(1019)] BTM_InqDbRead: bd addr 1b:73:a4:b0:c8:a0
2025-09-16 13:19:27.932 23624-23773 bt_stack                com.android.bluetooth                V  [VERBOSE1:btm_inq.cc(1019)] BTM_InqDbRead: bd addr 0d:7f:38:3a:36:f5
2025-09-16 13:19:27.935  1099-21666 surfaceflinger          surfaceflinger                       E  [frame_perf] perfboost open boost file failed
2025-09-16 13:19:27.942  9766-9766  BluetoothScannerService com.remoticom.energynodeinset        I  start/onScanResult: 1B:73:A4:B0:C8:A0 - null
2025-09-16 13:19:27.942  9766-9766  BluetoothScannerService com.remoticom.energynodeinset        D  First advertised service UUID=null
2025-09-16 13:19:27.942  9766-9766  BluetoothScannerService com.remoticom.energynodeinset        D  Unknown device
2025-09-16 13:19:27.943  9766-9766  BluetoothScannerService com.remoticom.energynodeinset        I  start/onScanResult: 0D:7F:38:3A:36:F5 - null
2025-09-16 13:19:27.943  9766-9766  BluetoothScannerService com.remoticom.energynodeinset        D  First advertised service UUID=null
2025-09-16 13:19:27.943  9766-9766  BluetoothScannerService com.remoticom.energynodeinset        D  Unknown device
2025-09-16 13:19:27.945  1099-1468  surfaceflinger          surfaceflinger                       E  [frame_perf] perfboost open boost file failed
2025-09-16 13:19:27.948 23624-23773 bt_stack                com.android.bluetooth                V  [VERBOSE1:btm_inq.cc(1019)] BTM_InqDbRead: bd addr 2c:82:fb:02:b4:0b
2025-09-16 13:19:27.954 23624-23773 bt_stack                com.android.bluetooth                V  [VERBOSE1:btm_inq.cc(1019)] BTM_InqDbRead: bd addr e3:9f:90:87:ae:c6
2025-09-16 13:19:27.961  9766-9766  BluetoothScannerService com.remoticom.energynodeinset        I  start/onScanResult: 2C:82:FB:02:B4:0B - null
2025-09-16 13:19:27.961 23624-23773 bt_stack                com.android.bluetooth                V  [VERBOSE1:btm_inq.cc(1019)] BTM_InqDbRead: bd addr 38:f8:71:92:4a:5a
2025-09-16 13:19:27.961  9766-9766  BluetoothScannerService com.remoticom.energynodeinset        D  First advertised service UUID=null
2025-09-16 13:19:27.961  9766-9766  BluetoothScannerService com.remoticom.energynodeinset        D  Unknown device
2025-09-16 13:19:27.962  9766-9766  BluetoothScannerService com.remoticom.energynodeinset        I  start/onScanResult: E3:9F:90:87:AE:C6 - RTM-010
2025-09-16 13:19:27.962  9766-9766  BluetoothScannerService com.remoticom.energynodeinset        D  First advertised service UUID=a55d1c55-004b-ffff-0000-000000000000
2025-09-16 13:19:27.962  9766-9766  BluetoothScannerService com.remoticom.energynodeinset        D  Unknown device
2025-09-16 13:19:27.962  1099-21666 surfaceflinger          surfaceflinger                       E  [frame_perf] perfboost open boost file failed
2025-09-16 13:19:27.962 23624-23773 bt_stack                com.android.bluetooth                V  [VERBOSE1:btm_inq.cc(1019)] BTM_InqDbRead: bd addr 38:f8:71:92:4a:5a
2025-09-16 13:19:27.963  1099-1468  surfaceflinger          surfaceflinger                       E  [frame_perf] perfboost open boost file failed
2025-09-16 13:19:27.964  9766-9766  BluetoothScannerService com.remoticom.energynodeinset        I  start/onScanResult: 38:F8:71:92:4A:5A - null
2025-09-16 13:19:27.964  9766-9766  BluetoothScannerService com.remoticom.energynodeinset        D  First advertised service UUID=null
2025-09-16 13:19:27.964  9766-9766  BluetoothScannerService com.remoticom.energynodeinset        D  Unknown device
2025-09-16 13:19:27.964  9766-9766  BluetoothScannerService com.remoticom.energynodeinset        I  start/onScanResult: 38:F8:71:92:4A:5A - null
2025-09-16 13:19:27.964  9766-9766  BluetoothScannerService com.remoticom.energynodeinset        D  First advertised service UUID=null
2025-09-16 13:19:27.964  9766-9766  BluetoothScannerService com.remoticom.energynodeinset        D  Unknown device
2025-09-16 13:19:27.980  1099-21666 surfaceflinger          surfaceflinger                       E  [frame_perf] perfboost open boost file failed
2025-09-16 13:19:27.984 23624-23773 bt_stack                com.android.bluetooth                V  [VERBOSE1:btm_inq.cc(1019)] BTM_InqDbRead: bd addr 53:f9:96:a1:53:f6
2025-09-16 13:19:27.986 23624-23773 bt_stack                com.android.bluetooth                V  [VERBOSE1:btm_inq.cc(1019)] BTM_InqDbRead: bd addr 28:91:66:36:7f:cf
2025-09-16 13:19:27.987 23624-23773 bt_stack                com.android.bluetooth                V  [VERBOSE1:btm_inq.cc(1019)] BTM_InqDbRead: bd addr 37:17:c4:5b:c8:00
2025-09-16 13:19:27.989  9766-9766  BluetoothScannerService com.remoticom.energynodeinset        I  start/onScanResult: 53:F9:96:A1:53:F6 - null
2025-09-16 13:19:27.989  9766-9766  BluetoothScannerService com.remoticom.energynodeinset        D  First advertised service UUID=null
2025-09-16 13:19:27.989  9766-9766  BluetoothScannerService com.remoticom.energynodeinset        D  Unknown device
2025-09-16 13:19:27.993  9766-9766  BluetoothScannerService com.remoticom.energynodeinset        I  start/onScanResult: 28:91:66:36:7F:CF - null
2025-09-16 13:19:27.993  9766-9766  BluetoothScannerService com.remoticom.energynodeinset        D  First advertised service UUID=null
2025-09-16 13:19:27.993  9766-9766  BluetoothScannerService com.remoticom.energynodeinset        D  Unknown device
2025-09-16 13:19:27.994  9766-9766  BluetoothScannerService com.remoticom.energynodeinset        I  start/onScanResult: 37:17:C4:5B:C8:00 - null
2025-09-16 13:19:27.994  9766-9766  BluetoothScannerService com.remoticom.energynodeinset        D  First advertised service UUID=null
2025-09-16 13:19:27.994  9766-9766  BluetoothScannerService com.remoticom.energynodeinset        D  Unknown device
2025-09-16 13:19:27.996  1099-3321  surfaceflinger          surfaceflinger                       E  [frame_perf] perfboost open boost file failed
2025-09-16 13:19:28.007 23624-23773 bt_stack                com.android.bluetooth                V  [VERBOSE1:btm_inq.cc(1019)] BTM_InqDbRead: bd addr 56:37:7d:80:81:ac
2025-09-16 13:19:28.013  1099-21666 surfaceflinger          surfaceflinger                       E  [frame_perf] perfboost open boost file failed
2025-09-16 13:19:28.015  9766-9766  BluetoothScannerService com.remoticom.energynodeinset        I  start/onScanResult: 56:37:7D:80:81:AC - null
2025-09-16 13:19:28.015  9766-9766  BluetoothScannerService com.remoticom.energynodeinset        D  First advertised service UUID=0000fef3-0000-1000-8000-00805f9b34fb
2025-09-16 13:19:28.015  9766-9766  BluetoothScannerService com.remoticom.energynodeinset        D  Unknown device
2025-09-16 13:19:28.018 23624-23773 bt_stack                com.android.bluetooth                V  [VERBOSE1:btm_inq.cc(1019)] BTM_InqDbRead: bd addr 00:cf:63:bd:e6:73
2025-09-16 13:19:28.023  9766-9766  BluetoothScannerService com.remoticom.energynodeinset        I  start/onScanResult: 00:CF:63:BD:E6:73 - null
2025-09-16 13:19:28.023  9766-9766  BluetoothScannerService com.remoticom.energynodeinset        D  First advertised service UUID=null
2025-09-16 13:19:28.023  9766-9766  BluetoothScannerService com.remoticom.energynodeinset        D  Unknown device
2025-09-16 13:19:28.031 23624-23773 bt_stack                com.android.bluetooth                V  [VERBOSE1:btm_inq.cc(1019)] BTM_InqDbRead: bd addr 1b:73:a4:b0:c8:a0
