2025-09-15 17:06:49.627  9036-9188  Avrcp_ext               com.android.bluetooth                I  Exit updatePlayStatusForDevice
2025-09-15 17:06:49.627  9036-9188  HeadsetStateMachine     com.android.bluetooth                E  returning mCurrentState as Disconnected
2025-09-15 17:06:49.627  9036-9188  HeadsetStateMachine     com.android.bluetooth                E  returning mCurrentState as Connected
2025-09-15 17:06:49.627  9036-9188  HeadsetService          com.android.bluetooth                D   isAudioOn: The number of audio connected devices 0
2025-09-15 17:06:49.627  9036-9188  HeadsetService          com.android.bluetooth                D  isScoOrCallActive(): Call Active:falseCall is Ringing:falseSCO is Active:false
2025-09-15 17:06:49.627  9036-9188  HeadsetStateMachine     com.android.bluetooth                E  returning mCurrentState as Disconnected
2025-09-15 17:06:49.627  9036-9188  HeadsetStateMachine     com.android.bluetooth                E  returning mCurrentState as Connected
2025-09-15 17:06:49.627  9036-9188  HeadsetService          com.android.bluetooth                D   isAudioOn: The number of audio connected devices 0
2025-09-15 17:06:49.627  9036-9188  Avrcp_ext               com.android.bluetooth                I  updatePlayStatusForDevice: device: null
2025-09-15 17:06:49.627  9036-9188  Avrcp_ext               com.android.bluetooth                I  Exit updatePlayStatusForDevice
2025-09-15 17:06:49.627  9036-9188  HeadsetStateMachine     com.android.bluetooth                E  returning mCurrentState as Disconnected
2025-09-15 17:06:49.627  9036-9188  HeadsetStateMachine     com.android.bluetooth                E  returning mCurrentState as Connected
2025-09-15 17:06:49.627  9036-9188  HeadsetService          com.android.bluetooth                D   isAudioOn: The number of audio connected devices 0
2025-09-15 17:06:49.627  9036-9188  HeadsetService          com.android.bluetooth                D  isScoOrCallActive(): Call Active:falseCall is Ringing:falseSCO is Active:false
2025-09-15 17:06:49.627  9036-9188  HeadsetStateMachine     com.android.bluetooth                E  returning mCurrentState as Disconnected
2025-09-15 17:06:49.627  9036-9188  HeadsetStateMachine     com.android.bluetooth                E  returning mCurrentState as Connected
2025-09-15 17:06:49.627  9036-9188  HeadsetService          com.android.bluetooth                D   isAudioOn: The number of audio connected devices 0
2025-09-15 17:06:49.627  9036-9188  Avrcp_ext               com.android.bluetooth                I  updatePlayStatusForDevice: device: null
2025-09-15 17:06:49.627  9036-9188  Avrcp_ext               com.android.bluetooth                I  Exit updatePlayStatusForDevice
2025-09-15 17:06:49.627  9036-9188  HeadsetStateMachine     com.android.bluetooth                E  returning mCurrentState as Disconnected
2025-09-15 17:06:49.627  9036-9188  HeadsetStateMachine     com.android.bluetooth                E  returning mCurrentState as Connected
2025-09-15 17:06:49.627  9036-9188  HeadsetService          com.android.bluetooth                D   isAudioOn: The number of audio connected devices 0
2025-09-15 17:06:49.627  9036-9188  HeadsetService          com.android.bluetooth                D  isScoOrCallActive(): Call Active:falseCall is Ringing:falseSCO is Active:false
2025-09-15 17:06:49.628  9036-9188  HeadsetStateMachine     com.android.bluetooth                E  returning mCurrentState as Disconnected
2025-09-15 17:06:49.628  9036-9188  HeadsetStateMachine     com.android.bluetooth                E  returning mCurrentState as Connected
2025-09-15 17:06:49.628  9036-9188  HeadsetService          com.android.bluetooth                D   isAudioOn: The number of audio connected devices 0
2025-09-15 17:06:49.628  9036-9188  Avrcp_ext               com.android.bluetooth                I  updatePlayStatusForDevice: device: null
2025-09-15 17:06:49.628  9036-9188  Avrcp_ext               com.android.bluetooth                I  Exit updatePlayStatusForDevice
2025-09-15 17:06:49.649   950-3444  audio_hw_primary        android.hardware.audio.service       D  out_set_parameters: enter: usecase(1: low-latency-playback) kvpairs: suspend_playback=true
2025-09-15 17:06:49.649   950-3444  audio_hw_extn           android.hardware.audio.service       D  audio_extn_fm_set_parameters: Enter
2025-09-15 17:06:49.651  1089-1452  APM_AudioPolicyManager  audioserver                          D  stopOutput() output 13, stream 5, session 16785, portId 2068
2025-09-15 17:06:49.652  1089-1452  APM_AudioPolicyManager  audioserver                          D  setOutputDevices device AUDIO_DEVICE_NONE delayMs 96 force 0
2025-09-15 17:06:49.652  1089-1452  APM_AudioPolicyManager  audioserver                          D  setOutputDevices() prevDevice {type:0x80,@:74:45:CE:96:E7:CB}
2025-09-15 17:06:49.652   950-2257  audio_hw_primary        android.hardware.audio.service       D  out_set_parameters: enter: usecase(1: low-latency-playback) kvpairs: suspend_playback=false
2025-09-15 17:06:49.652   950-2257  audio_hw_extn           android.hardware.audio.service       D  audio_extn_fm_set_parameters: Enter
2025-09-15 17:06:49.652  1373-16733 AudioTrack              mediaserver                          D  ClientUid 10019 AudioTrack::stop 
2025-09-15 17:06:49.654  1089-1452  APM_AudioPolicyManager  audioserver                          D  setOutputDevices setting same device AUDIO_DEVICE_NONE or null device, force=0, patch handle=1864
2025-09-15 17:06:49.657  1474-28424 hw-BpHwBinder           media.swcodec                        I  onLastStrongRef automatically unlinking death recipients
2025-09-15 17:06:49.657  1474-28424 hw-BpHwBinder           media.swcodec                        I  onLastStrongRef automatically unlinking death recipients
2025-09-15 17:06:49.658  1474-28424 BufferPoolAccessor2.0   media.swcodec                        D  Destruction - bufferpool2 0x774b949ca8 cached: 0/0M, 0/0% in use; allocs: 0, 0% recycled; transfers: 0, 0% unfetched
2025-09-15 17:06:49.660  1373-16735 hw-BpHwBinder           mediaserver                          I  onLastStrongRef automatically unlinking death recipients
2025-09-15 17:06:49.667  1373-16733 AudioTrack              mediaserver                          D  ClientUid 10019 AudioTrack::stop 
2025-09-15 17:06:49.671  1373-16728 NuPlayerDriver          mediaserver                          D  notifyResetComplete(0xebb812d0)
2025-09-15 17:06:49.672  1373-27038 AMessage                mediaserver                          W  failed to post message as target looper for handler 0 is gone.
2025-09-15 17:06:49.681   950-2257  audio_hw_primary        android.hardware.audio.service       D  out_set_parameters: enter: usecase(1: low-latency-playback) kvpairs: suspend_playback=true
2025-09-15 17:06:49.681   950-2257  audio_hw_extn           android.hardware.audio.service       D  audio_extn_fm_set_parameters: Enter
2025-09-15 17:06:49.683  1089-3236  audio_pcm_dump          audioserver                          V  pcm_dump_end : 
2025-09-15 17:06:49.683  1089-3236  audio_pcm_dump          audioserver                          V  pcm_dump_end : 
2025-09-15 17:06:49.685   963-9166  vendor.qti...-wake_lock and...are.bluetooth@1.0-service-qti  D  Release wakelock is released 
2025-09-15 17:06:50.062   963-9172  vendor.qti...bs_handler and...are.bluetooth@1.0-service-qti  I  ProcessIbsCmd: Received IBS_WAKE_IND: 0xFD
2025-09-15 17:06:50.062   963-9172  vendor.qti...bs_handler and...are.bluetooth@1.0-service-qti  D  SerialClockVote: vote for UART CLK ON
2025-09-15 17:06:50.063   963-9172  vendor.qti...-wake_lock and...are.bluetooth@1.0-service-qti  D  Acquire wakelock is acquired 
2025-09-15 17:06:50.063   963-9172  vendor.qti...bs_handler and...are.bluetooth@1.0-service-qti  I  ProcessIbsCmd: Writing IBS_WAKE_ACK
2025-09-15 17:06:50.064  9036-9174  bt_stack                com.android.bluetooth                V  [VERBOSE1:btm_inq.cc(1019)] BTM_InqDbRead: bd addr 66:85:aa:7c:e5:b8
2025-09-15 17:06:50.103   963-9172  vendor.qti...bs_handler and...are.bluetooth@1.0-service-qti  I  ProcessIbsCmd: Received IBS_SLEEP_IND: 0xFE
2025-09-15 17:06:50.103   963-9172  vendor.qti...bs_handler and...are.bluetooth@1.0-service-qti  D  SerialClockVote: vote for UART CLK OFF
2025-09-15 17:06:50.254   963-9166  vendor.qti...-wake_lock and...are.bluetooth@1.0-service-qti  D  Release wakelock is released 
2025-09-15 17:06:50.317  1305-4814  ConnectivityService     system_server                        D  requestNetwork for uid/pid:10068/16018 NetworkRequest [ TRACK_DEFAULT id=9756, [ Capabilities: INTERNET&NOT_RESTRICTED&TRUSTED Uid: 10068 AdministratorUids: [] RequestorUid: 10068 RequestorPackageName: com.google.android.youtube] ]
2025-09-15 17:06:50.318  1305-2238  ConnectivityService     system_server                        D  NetReassign [9756 : null  111]
2025-09-15 17:06:50.319  1305-2228  UntrustedW...orkFactory system_server                        D  got request NetworkRequest [ TRACK_DEFAULT id=9756, [ Capabilities: INTERNET&NOT_RESTRICTED&TRUSTED Uid: 10068 AdministratorUids: [] RequestorUid: 10068 RequestorPackageName: com.google.android.youtube] ] with score 60 and providerId 5
2025-09-15 17:06:50.319  1305-2228  WifiNetworkFactory      system_server                        D  got request NetworkRequest [ TRACK_DEFAULT id=9756, [ Capabilities: INTERNET&NOT_RESTRICTED&TRUSTED Uid: 10068 AdministratorUids: [] RequestorUid: 10068 RequestorPackageName: com.google.android.youtube] ] with score 60 and providerId 5
2025-09-15 17:06:50.319  1305-2281  Ethernet                system_server                        D  got request NetworkRequest [ TRACK_DEFAULT id=9756, [ Capabilities: INTERNET&NOT_RESTRICTED&TRUSTED Uid: 10068 AdministratorUids: [] RequestorUid: 10068 RequestorPackageName: com.google.android.youtube] ] with score 60 and providerId 5
2025-09-15 17:06:50.319  3143-3143  PhoneSwitc...stListener com.android.phone                    D  got request NetworkRequest [ TRACK_DEFAULT id=9756, [ Capabilities: INTERNET&NOT_RESTRICTED&TRUSTED Uid: 10068 AdministratorUids: [] RequestorUid: 10068 RequestorPackageName: com.google.android.youtube] ] with score 60 and providerId 5
2025-09-15 17:06:50.319  3143-3143  PhoneSwitc...stListener com.android.phone                    D  needNetworkFor NetworkRequest [ TRACK_DEFAULT id=9756, [ Capabilities: INTERNET&NOT_RESTRICTED&TRUSTED Uid: 10068 AdministratorUids: [] RequestorUid: 10068 RequestorPackageName: com.google.android.youtube] ], 60
2025-09-15 17:06:50.469  1305-2238  ConnectivityService     system_server                        D  releasing NetworkRequest [ TRACK_DEFAULT id=9756, [ Capabilities: INTERNET&NOT_RESTRICTED&TRUSTED Uid: 10068 AdministratorUids: [] RequestorUid: 10068 RequestorPackageName: com.google.android.youtube] ] (release request)
2025-09-15 17:06:50.471  3143-3143  PhoneSwitc...stListener com.android.phone                    D  releaseNetworkFor NetworkRequest [ TRACK_DEFAULT id=9756, [ Capabilities: INTERNET&NOT_RESTRICTED&TRUSTED Uid: 10068 AdministratorUids: [] RequestorUid: 10068 RequestorPackageName: com.google.android.youtube] ]
2025-09-15 17:06:50.538 16018-16132 YouTube                 com.google.android.youtube           W  Empty persistent device token received from InnerTube.
2025-09-15 17:06:50.682   950-2257  audio_hw_primary        android.hardware.audio.service       D  out_set_parameters: enter: usecase(1: low-latency-playback) kvpairs: suspend_playback=false
2025-09-15 17:06:50.682   950-2257  audio_hw_extn           android.hardware.audio.service       D  audio_extn_fm_set_parameters: Enter
2025-09-15 17:06:50.683   950-12232 audio_hw_primary        android.hardware.audio.service       W  out_write: underrun(1091) frames_by_time(48262) > out->last_fifo_frames_remaining(384)
2025-09-15 17:06:50.730   950-2257  audio_hw_primary        android.hardware.audio.service       D  out_set_parameters: enter: usecase(1: low-latency-playback) kvpairs: suspend_playback=true
2025-09-15 17:06:50.730   950-2257  audio_hw_extn           android.hardware.audio.service       D  audio_extn_fm_set_parameters: Enter
2025-09-15 17:06:50.777  4993-4993  Launcher.Model          net.oneplus.launcher                 D  onShortcutsChanged(com.whatsapp)
2025-09-15 17:06:50.777  4993-4993  FrequentAppsGrid        net.oneplus.launcher                 D  onDeepShortcutChanged:20 -> 20
2025-09-15 17:06:50.792  3206-7397  androidtc               com.google.android.ext.services      D  Initializing SystemTextClassifier, type = System
2025-09-15 17:06:50.820  4993-4993  Launcher.Model          net.oneplus.launcher                 D  onShortcutsChanged(com.whatsapp)
2025-09-15 17:06:50.821  4993-4993  FrequentAppsGrid        net.oneplus.launcher                 D  onDeepShortcutChanged:20 -> 20
2025-09-15 17:06:50.835  3206-7397  androidtc               com.google.android.ext.services      D  Initializing SystemTextClassifier, type = System
2025-09-15 17:06:50.867  4993-4993  Launcher.Model          net.oneplus.launcher                 D  onShortcutsChanged(com.whatsapp)
2025-09-15 17:06:50.868  4993-4993  FrequentAppsGrid        net.oneplus.launcher                 D  onDeepShortcutChanged:20 -> 20
2025-09-15 17:06:50.876  3206-7397  androidtc               com.google.android.ext.services      D  Initializing SystemTextClassifier, type = System
2025-09-15 17:06:50.895  4993-4993  Launcher.Model          net.oneplus.launcher                 D  onShortcutsChanged(com.whatsapp)
2025-09-15 17:06:50.898  4993-4993  FrequentAppsGrid        net.oneplus.launcher                 D  onDeepShortcutChanged:20 -> 20
2025-09-15 17:06:51.027  4993-4993  NotificationListener    net.oneplus.launcher                 D  onNotificationPosted# hash: 263347318
2025-09-15 17:06:51.028  4993-4993  NotificationListener    net.oneplus.launcher                 D  onNotificationPosted# sbn: 196697080, package = com.whatsapp
2025-09-15 17:06:51.034 30462-30462 Interrupti...teProvider com.android.systemui                 D  No alerting: suppressed due to group alert behavior
2025-09-15 17:06:51.041  1305-2937  OPBF                    system_server                        D  setCGroupState():tofreeze=true, uid:10032 pkg:com.linkedin.android --->>> ok reason:operateNode reconfirm lastOperation:false lastOperatedReason:TransBinder
2025-09-15 17:06:51.035 30462-30462 chatty                  com.android.systemui                 I  uid=10019(com.android.systemui) identical 1 line
2025-09-15 17:06:51.035 30462-30462 Interrupti...teProvider com.android.systemui                 D  No alerting: suppressed due to group alert behavior
2025-09-15 17:06:51.044 30462-30462 StackScroller           com.android.systemui                 D  updateSpeedBumpIndex newIndex:11 noAmbient: false
2025-09-15 17:06:51.045 30462-30462 StackScroller           com.android.systemui                 D  updateFooter showDismissView true showFooterView true showHistory false hasActiveNotifications() true mStatusBarState 0
2025-09-15 17:06:51.046 30462-30462 StackScroller           com.android.systemui                 D  setting break mode view visibility: isKeyGaurdVisible:false isWLBON:false
2025-09-15 17:06:51.048  4993-4993  NotificationListener    net.oneplus.launcher                 D  onNotificationPosted# hash: 263347318
2025-09-15 17:06:51.049  4993-4993  NotificationListener    net.oneplus.launcher                 D  onNotificationPosted# sbn: 29485265, package = com.whatsapp
2025-09-15 17:06:51.075 30462-30462 Interrupti...teProvider com.android.systemui                 D  No alerting: suppressed due to group alert behavior
2025-09-15 17:06:51.076  1305-1305  NotificationService     system_server                        D  0|com.whatsapp|1|FPHa0/ZlE8CgZeopopJ1FU/uE3l14/N2vTgot/E+gQc=
                                                                                                    |10128: granting content://com.whatsapp.provider.media/item/e1880137-d4ea-4395-8a68-45e89be571c3
2025-09-15 17:06:51.078  1305-1305  chatty                  system_server                        I  uid=1000 system_server identical 3 lines
2025-09-15 17:06:51.079  1305-1305  NotificationService     system_server                        D  0|com.whatsapp|1|FPHa0/ZlE8CgZeopopJ1FU/uE3l14/N2vTgot/E+gQc=
                                                                                                    |10128: granting content://com.whatsapp.provider.media/item/e1880137-d4ea-4395-8a68-45e89be571c3
2025-09-15 17:06:51.080  1305-1305  NotificationHistory     system_server                        W  Attempted to add notif for locked/gone/disabled user 0
2025-09-15 17:06:51.076 30462-30462 chatty                  com.android.systemui                 I  uid=10019(com.android.systemui) identical 1 line
2025-09-15 17:06:51.076 30462-30462 Interrupti...teProvider com.android.systemui                 D  No alerting: suppressed due to group alert behavior
2025-09-15 17:06:51.085 30462-30462 StackScroller           com.android.systemui                 D  updateSpeedBumpIndex newIndex:11 noAmbient: false
2025-09-15 17:06:51.088 30462-30462 StackScroller           com.android.systemui                 D  updateFooter showDismissView true showFooterView true showHistory false hasActiveNotifications() true mStatusBarState 0
2025-09-15 17:06:51.089 30462-30462 StackScroller           com.android.systemui                 D  setting break mode view visibility: isKeyGaurdVisible:false isWLBON:false
2025-09-15 17:06:51.091  4993-4993  NotificationListener    net.oneplus.launcher                 D  onNotificationPosted# hash: 263347318
2025-09-15 17:06:51.091  4993-4993  NotificationListener    net.oneplus.launcher                 D  onNotificationPosted# sbn: 119930678, package = com.whatsapp
2025-09-15 17:06:51.101 30462-16743 RingtonePlayer          com.android.systemui                 W  STOP command without a player
2025-09-15 17:06:51.104 30462-30462 IconPackHelper          com.android.systemui                 V  Don't need to load same iconpack
2025-09-15 17:06:51.104 30462-30462 OpApplicat...erInjector com.android.systemui                 E  Block:com.android.systemui
2025-09-15 17:06:51.104 30462-30462 OpHeytapBusiness        com.android.systemui                 E  Block:com.android.systemui
2025-09-15 17:06:51.105  4993-4993  NotificationListener    net.oneplus.launcher                 D  onNotificationPosted# hash: 263347318
2025-09-15 17:06:51.105  4993-4993  NotificationListener    net.oneplus.launcher                 D  onNotificationPosted# sbn: 146034231, package = com.whatsapp
2025-09-15 17:06:51.108 30462-30498 ndroid.systemu          com.android.systemui                 E  Invalid ID 0x00000000.
2025-09-15 17:06:51.109 30462-30462 IconPackHelper          com.android.systemui                 V  Don't need to load same iconpack
2025-09-15 17:06:51.109 30462-30462 OpApplicat...erInjector com.android.systemui                 E  Block:com.android.systemui
2025-09-15 17:06:51.109 30462-30462 OpHeytapBusiness        com.android.systemui                 E  Block:com.android.systemui
2025-09-15 17:06:51.123 30462-30498 ndroid.systemu          com.android.systemui                 E  Invalid ID 0x00000000.
2025-09-15 17:06:51.124 30462-30462 Interrupti...teProvider com.android.systemui                 D  No alerting: suppressed due to group alert behavior
2025-09-15 17:06:51.124 30462-30462 chatty                  com.android.systemui                 I  uid=10019(com.android.systemui) identical 1 line
2025-09-15 17:06:51.125 30462-30462 Interrupti...teProvider com.android.systemui                 D  No alerting: suppressed due to group alert behavior
2025-09-15 17:06:51.127 30462-30462 StackScroller           com.android.systemui                 D  updateSpeedBumpIndex newIndex:11 noAmbient: false
2025-09-15 17:06:51.128 30462-30462 StackScroller           com.android.systemui                 D  updateFooter showDismissView true showFooterView true showHistory false hasActiveNotifications() true mStatusBarState 0
2025-09-15 17:06:51.128 30462-30462 StackScroller           com.android.systemui                 D  setting break mode view visibility: isKeyGaurdVisible:false isWLBON:false
2025-09-15 17:06:51.131 30462-30462 StackScroller           com.android.systemui                 D  updateSpeedBumpIndex newIndex:11 noAmbient: false
2025-09-15 17:06:51.131 30462-30462 StackScroller           com.android.systemui                 D  updateFooter showDismissView true showFooterView true showHistory false hasActiveNotifications() true mStatusBarState 0
2025-09-15 17:06:51.132 30462-30462 StackScroller           com.android.systemui                 D  setting break mode view visibility: isKeyGaurdVisible:false isWLBON:false
2025-09-15 17:06:51.132 30462-30462 Interrupti...teProvider com.android.systemui                 D  No bubble up: not allowed to bubble: 0|com.whatsapp|1|null|10128
2025-09-15 17:06:51.132 30462-30462 Interrupti...teProvider com.android.systemui                 D  No heads up: unimportant notification: 0|com.whatsapp|1|null|10128
2025-09-15 17:06:51.133 30462-30462 TouchableRegionManager  com.android.systemui                 W  onHeadsUpPinnedModeChanged
2025-09-15 17:06:51.133 30462-30462 HeadsUpViewBinder       com.android.systemui                 D  end of abortBindCallback
2025-09-15 17:06:51.135 30462-30462 StackScroller           com.android.systemui                 D  updateSpeedBumpIndex newIndex:11 noAmbient: false
2025-09-15 17:06:51.135 30462-30462 StackScroller           com.android.systemui                 D  updateFooter showDismissView true showFooterView true showHistory false hasActiveNotifications() true mStatusBarState 0
2025-09-15 17:06:51.135 30462-30462 StackScroller           com.android.systemui                 D  setting break mode view visibility: isKeyGaurdVisible:false isWLBON:false
2025-09-15 17:06:51.136 30462-30462 Interrupti...teProvider com.android.systemui                 D  No heads up: unimportant notification: 0|com.whatsapp|1|null|10128
2025-09-15 17:06:51.138 30462-30462 StackScroller           com.android.systemui                 D  updateSpeedBumpIndex newIndex:11 noAmbient: false
2025-09-15 17:06:51.138 30462-30462 StackScroller           com.android.systemui                 D  updateFooter showDismissView true showFooterView true showHistory false hasActiveNotifications() true mStatusBarState 0
2025-09-15 17:06:51.138 30462-30462 StackScroller           com.android.systemui                 D  setting break mode view visibility: isKeyGaurdVisible:false isWLBON:false
2025-09-15 17:06:51.157 30462-30462 StackScroller           com.android.systemui                 D  updateFooter showDismissView true showFooterView true showHistory false hasActiveNotifications() true mStatusBarState 0
2025-09-15 17:06:51.157 30462-30462 StatusBarK...iewManager com.android.systemui                 D  updateStates, vis:0,Showing:false,LastShowing:false,Occluded:false,LastOccluded:false,BouncerShow:false,LastBouncerShow:false,BouncerDismiss:true,LastBouncerDismiss:true,navBarVisible:true,lastNavBarVisible:true,wakeAndUnlocking:false,mDozing:false,mGesturalNav:false,mFingerprintAuthenticated:false,mLastBiometricMode:0,mFaceLockUnlocking:false,mLastFaceLockUnlocking:false
2025-09-15 17:06:51.169 27148-27148 ActivityThread          com.whatsapp                         D  pid:27148 tid:27148 doframe Callback
2025-09-15 17:06:51.172 30462-30462 IconPackHelper          com.android.systemui                 V  Don't need to load same iconpack
2025-09-15 17:06:51.172 30462-30462 OpApplicat...erInjector com.android.systemui                 E  Block:com.android.systemui
2025-09-15 17:06:51.172 30462-30462 OpHeytapBusiness        com.android.systemui                 E  Block:com.android.systemui
2025-09-15 17:06:51.174 30462-30462 IconPackHelper          com.android.systemui                 V  Don't need to load same iconpack
2025-09-15 17:06:51.174 30462-30462 OpApplicat...erInjector com.android.systemui                 E  Block:com.android.systemui
2025-09-15 17:06:51.174 30462-30462 OpHeytapBusiness        com.android.systemui                 E  Block:com.android.systemui
2025-09-15 17:06:51.175 30462-30498 ndroid.systemu          com.android.systemui                 E  Invalid ID 0x00000000.
2025-09-15 17:06:51.179 30462-30498 ndroid.systemu          com.android.systemui                 E  Invalid ID 0x00000000.
2025-09-15 17:06:51.214 30462-30462 IconPackHelper          com.android.systemui                 V  Don't need to load same iconpack
2025-09-15 17:06:51.214 30462-30462 OpApplicat...erInjector com.android.systemui                 E  Block:com.android.systemui
2025-09-15 17:06:51.214 30462-30462 OpHeytapBusiness        com.android.systemui                 E  Block:com.android.systemui
2025-09-15 17:06:51.217 30462-30498 ndroid.systemu          com.android.systemui                 E  Invalid ID 0x00000000.
2025-09-15 17:06:51.217 30462-30462 IconPackHelper          com.android.systemui                 V  Don't need to load same iconpack
2025-09-15 17:06:51.217 30462-30462 OpApplicat...erInjector com.android.systemui                 E  Block:com.android.systemui
2025-09-15 17:06:51.217 30462-30462 OpHeytapBusiness        com.android.systemui                 E  Block:com.android.systemui
2025-09-15 17:06:51.222 30462-30498 ndroid.systemu          com.android.systemui                 E  Invalid ID 0x00000000.
2025-09-15 17:06:51.227 30462-30462 StackScroller           com.android.systemui                 D  updateFooter showDismissView true showFooterView true showHistory false hasActiveNotifications() true mStatusBarState 0
2025-09-15 17:06:51.228 30462-30462 StatusBarK...iewManager com.android.systemui                 D  updateStates, vis:0,Showing:false,LastShowing:false,Occluded:false,LastOccluded:false,BouncerShow:false,LastBouncerShow:false,BouncerDismiss:true,LastBouncerDismiss:true,navBarVisible:true,lastNavBarVisible:true,wakeAndUnlocking:false,mDozing:false,mGesturalNav:false,mFingerprintAuthenticated:false,mLastBiometricMode:0,mFaceLockUnlocking:false,mLastFaceLockUnlocking:false
2025-09-15 17:06:51.246 30462-30462 IconPackHelper          com.android.systemui                 V  Don't need to load same iconpack
2025-09-15 17:06:51.246 30462-30462 OpApplicat...erInjector com.android.systemui                 E  Block:com.android.systemui
2025-09-15 17:06:51.246 30462-30462 OpHeytapBusiness        com.android.systemui                 E  Block:com.android.systemui
2025-09-15 17:06:51.248 30462-30462 IconPackHelper          com.android.systemui                 V  Don't need to load same iconpack
2025-09-15 17:06:51.248 30462-30462 OpApplicat...erInjector com.android.systemui                 E  Block:com.android.systemui
2025-09-15 17:06:51.248 30462-30462 OpHeytapBusiness        com.android.systemui                 E  Block:com.android.systemui
2025-09-15 17:06:51.257 30462-30462 StackScroller           com.android.systemui                 D  updateFooter showDismissView true showFooterView true showHistory false hasActiveNotifications() true mStatusBarState 0
2025-09-15 17:06:51.258 30462-30462 StatusBarK...iewManager com.android.systemui                 D  updateStates, vis:0,Showing:false,LastShowing:false,Occluded:false,LastOccluded:false,BouncerShow:false,LastBouncerShow:false,BouncerDismiss:true,LastBouncerDismiss:true,navBarVisible:true,lastNavBarVisible:true,wakeAndUnlocking:false,mDozing:false,mGesturalNav:false,mFingerprintAuthenticated:false,mLastBiometricMode:0,mFaceLockUnlocking:false,mLastFaceLockUnlocking:false
2025-09-15 17:06:51.663 30462-30462 KeyguardAffordanceView  com.android.systemui                 D  setCircleRadius: 0.0com.android.systemui.statusbar.KeyguardAffordanceView.setCircleRadiusWithoutAnimation:416 com.android.systemui.statusbar.phone.KeyguardAffordanceHelper.updateIcon:444 com.android.systemui.statusbar.phone.KeyguardAffordanceHelper.setTranslation:394 com.android.systemui.statusbar.phone.KeyguardAffordanceHelper.reset:506 com.android.systemui.statusbar.phone.NotificationPanelViewController.resetViews:1208 com.android.systemui.statusbar.phone.PanelBar.collapsePanel:268 com.android.systemui.statusbar.phone.StatusBar.makeExpandedInvisible:2510 
2025-09-15 17:06:51.675 30462-30462 StatusBar               com.android.systemui                 D  disable<e i a s b h r c s > disable2<q i n v >
2025-09-15 17:06:51.731   950-2257  audio_hw_primary        android.hardware.audio.service       D  out_set_parameters: enter: usecase(1: low-latency-playback) kvpairs: suspend_playback=false
2025-09-15 17:06:51.731   950-2257  audio_hw_extn           android.hardware.audio.service       D  audio_extn_fm_set_parameters: Enter
2025-09-15 17:06:51.732   950-12232 audio_hw_primary        android.hardware.audio.service       W  out_write: underrun(1092) frames_by_time(48320) > out->last_fifo_frames_remaining(384)
2025-09-15 17:06:51.773   950-2257  audio_hw_primary        android.hardware.audio.service       D  out_set_parameters: enter: usecase(1: low-latency-playback) kvpairs: suspend_playback=true
2025-09-15 17:06:51.773   950-2257  audio_hw_extn           android.hardware.audio.service       D  audio_extn_fm_set_parameters: Enter
2025-09-15 17:06:52.115  1305-2937  OPBF                    system_server                        D  setCGroupState():tofreeze=true, uid:10331 pkg:com.duckduckgo.mobile.android --->>> ok reason:operateNode reconfirm lastOperation:false lastOperatedReason:TransBinder
2025-09-15 17:06:52.237  1305-2937  WifiService             system_server                        I  setHighPerfRestrict uid=10129 restrict=true callingUid=1000
2025-09-15 17:06:52.240  1305-2937  OPBF                    system_server                        D  setCGroupState():tofreeze=true, uid:10129 pkg:com.valvesoftware.android.steam.community --->>> ok reason:bind application for pid:16598
2025-09-15 17:06:52.703 21080-16631 NearbyMediums           com.google.android.gms.persistent    I  No BLE Fast/GATT advertisements found in the latest cycle.
2025-09-15 17:06:52.703 21080-16631 NearbyMediums           com.google.android.gms.persistent    I  Current Tracked Scanning Clients are : {NearbyConnections.EnvironmentMonitor, NearbySharing}
2025-09-15 17:06:52.705 21080-16630 NearbyConnections       com.google.android.gms.persistent    I  Processing lost BlePeripheral BlePeripheral{advertisement=BleAdvertisement { version=2, socketVersion=2, isFast=true, serviceIdHash=null, data=[ 0x23 0x47 0x39 0x54 0x50 0x11 0x32 0xbf 0xce 0x7f 0x49 0x17 0xe2 0x4a 0xbf 0x84 0x64 0x2d 0xfe 0xdb 0x1d 0x87 0x13 ], deviceToken=[ 0x03 0x91 ], rxAdvertisement=null }, dctAdvertisement=null, address=null, psm=0, deviceToken=<ByteString@68b06f5 size=2 contents="\003\221">, isSecondProfile=false, rxInstantConnectionAdv=null}.
2025-09-15 17:06:52.706 21080-16630 NearbyConnections       com.google.android.gms.persistent    I  Lost BleEndpoint for BlePeripheral BlePeripheral{advertisement=BleAdvertisement { version=2, socketVersion=2, isFast=true, serviceIdHash=null, data=[ 0x23 0x47 0x39 0x54 0x50 0x11 0x32 0xbf 0xce 0x7f 0x49 0x17 0xe2 0x4a 0xbf 0x84 0x64 0x2d 0xfe 0xdb 0x1d 0x87 0x13 ], deviceToken=[ 0x03 0x91 ], rxAdvertisement=null }, dctAdvertisement=null, address=null, psm=0, deviceToken=<ByteString@68b06f5 size=2 contents="\003\221">, isSecondProfile=false, rxInstantConnectionAdv=null} (with EndpointId G9TP and EndpointInfo [ 0x32 0xbf 0xce 0x7f 0x49 0x17 0xe2 0x4a 0xbf 0x84 0x64 0x2d 0xfe 0xdb 0x1d 0x87 0x13 ]).
2025-09-15 17:06:52.707 21080-16630 NearbyConnections       com.google.android.gms.persistent    I  ClientProxy(20352971) reporting onEndpointLost(G9TP)
2025-09-15 17:06:52.707 21080-16630 NearbyConnections       com.google.android.gms.persistent    I  Processing lost BlePeripheral BlePeripheral{advertisement=BleAdvertisement { version=2, socketVersion=2, isFast=true, serviceIdHash=null, data=[ 0x23 0x41 0x37 0x31 0x50 0x11 0x32 0xa3 0xb4 0xb7 0x15 0x96 0x3b 0xb9 0x84 0xf3 0x60 0x5f 0xe8 0x0d 0x15 0x2d 0x35 ], deviceToken=[ 0x78 0xb4 ], rxAdvertisement=null }, dctAdvertisement=null, address=null, psm=0, deviceToken=<ByteString@bcecc8a size=2 contents="x\264">, isSecondProfile=false, rxInstantConnectionAdv=null}.
2025-09-15 17:06:52.708 21080-16630 NearbyConnections       com.google.android.gms.persistent    I  Lost BleEndpoint for BlePeripheral BlePeripheral{advertisement=BleAdvertisement { version=2, socketVersion=2, isFast=true, serviceIdHash=null, data=[ 0x23 0x41 0x37 0x31 0x50 0x11 0x32 0xa3 0xb4 0xb7 0x15 0x96 0x3b 0xb9 0x84 0xf3 0x60 0x5f 0xe8 0x0d 0x15 0x2d 0x35 ], deviceToken=[ 0x78 0xb4 ], rxAdvertisement=null }, dctAdvertisement=null, address=null, psm=0, deviceToken=<ByteString@bcecc8a size=2 contents="x\264">, isSecondProfile=false, rxInstantConnectionAdv=null} (with EndpointId A71P and EndpointInfo [ 0x32 0xa3 0xb4 0xb7 0x15 0x96 0x3b 0xb9 0x84 0xf3 0x60 0x5f 0xe8 0x0d 0x15 0x2d 0x35 ]).
2025-09-15 17:06:52.709 21080-16630 NearbyConnections       com.google.android.gms.persistent    I  ClientProxy(20352971) reporting onEndpointLost(A71P)
2025-09-15 17:06:52.710 21080-16065 NearbySharing           com.google.android.gms.persistent    I  NearbySharing Internal event EndpointLost(endpointId=G9TP)
2025-09-15 17:06:52.712 21080-16746 NearbySharing           com.google.android.gms.persistent    I  NearbySharing Internal event EndpointLost(endpointId=A71P)
2025-09-15 17:06:52.775   950-2257  audio_hw_primary        android.hardware.audio.service       D  out_set_parameters: enter: usecase(1: low-latency-playback) kvpairs: suspend_playback=false
2025-09-15 17:06:52.775   950-2257  audio_hw_extn           android.hardware.audio.service       D  audio_extn_fm_set_parameters: Enter
2025-09-15 17:06:52.776   950-3445  audio_hw_primary        android.hardware.audio.service       D  out_standby: enter: stream (0xeb700010) usecase(1: low-latency-playback)
2025-09-15 17:06:52.812   950-3445  audio_hw_primary        android.hardware.audio.service       D  disable_audio_route: reset and update mixer path: low-latency-playback bt-a2dp
2025-09-15 17:06:52.814   950-3445  soundtrigger            android.hardware.audio.service       E  audio_extn_sound_trigger_update_stream_status: invalid input device 0x0, for event 2
2025-09-15 17:06:52.814   950-3445  soundtrigger            android.hardware.audio.service       D  audio_extn_sound_trigger_update_stream_status: uc_info->id 1 of type 0 for Event 2, with Raise=0
2025-09-15 17:06:52.814   950-3445  msm8974_platform        android.hardware.audio.service       D  platform_split_snd_device: snd_device(49) num devices(0) new_snd_devices(0)
2025-09-15 17:06:52.814   950-3445  msm8974_platform        android.hardware.audio.service       I  platform_get_custom_mtmx_params: no matching param with id 0 ip_ch 2 op_ch 2 uc_id 1 snd_dev 49
2025-09-15 17:06:52.814   950-3445  hardware_info           android.hardware.audio.service       D  hw_info_append_hw_type : device_name = bt-a2dp
2025-09-15 17:06:52.814   950-3445  audio_hw_primary        android.hardware.audio.service       D  disable_snd_device: snd_device(49: bt-a2dp)
2025-09-15 17:06:52.815   950-3445  msm8974_platform        android.hardware.audio.service       D  platform_split_snd_device: snd_device(49) num devices(0) new_snd_devices(0)
2025-09-15 17:06:52.816   950-3445  btaudio_offload_qti     android.hardware.audio.service       I  audio_stream_stop_qti
2025-09-15 17:06:52.816   950-3445  btaudio_offload_qti     android.hardware.audio.service       W  handle_hidl_request: suspending audio stream
2025-09-15 17:06:52.817  9036-9057  bt_btif                 com.android.bluetooth                D  btif_dispatch_sm_event: event: 49, len: 4
2025-09-15 17:06:52.817  9036-9057  bt_btif                 com.android.bluetooth                D  btif_dispatch_sm_event: event 49 sent
2025-09-15 17:06:52.818  9036-9066  bt_btif_vendor          com.android.bluetooth                I  btif_ba_is_active: 0
2025-09-15 17:06:52.818  9036-9066  bt_btif                 com.android.bluetooth                D  btif_dispatch_sm_event: event: 33, len: 0
2025-09-15 17:06:52.818  9036-9066  bt_btif                 com.android.bluetooth                D  btif_dispatch_sm_event: event 33 sent
2025-09-15 17:06:52.818   950-3445  btaudio_offload_qti     android.hardware.audio.service       W  wait_for_stack_response: conditional wait: ack_recvd = 0
2025-09-15 17:06:52.818  9036-9066  bt_stack                com.android.bluetooth                I  [INFO:a2dp_encoding.cc(1333)] ack_stream_suspended: result=PENDING
2025-09-15 17:06:52.819   950-2257  BTAudioProviderStub     android.hardware.audio.service       I  streamSuspended - SessionType=A2DP_HARDWARE_OFFLOAD_DATAPATH, status=SINK_NOT_READY
2025-09-15 17:06:52.819   950-2257  BTAudioProviderSession  android.hardware.audio.service       I  ReportControlStatus - status=SINK_NOT_READY for SessionType=A2DP_HARDWARE_OFFLOAD_DATAPATH, bluetooth_audio=0x0200 suspended
2025-09-15 17:06:52.819   950-2257  btaudio_offload_qti     android.hardware.audio.service       I  stack_resp_cb: status = 3
2025-09-15 17:06:52.819   950-3445  btaudio_offload_qti     android.hardware.audio.service       I  wait_for_stack_response:ret = 0(Success)
2025-09-15 17:06:52.819   950-3445  btaudio_offload_qti     android.hardware.audio.service       W  wait_for_stack_response: conditional wait done : ack_recvd = 1
2025-09-15 17:06:52.819   950-3445  btaudio_offload_qti     android.hardware.audio.service       I  handle_hidl_request: ack status = A2DP_CTRL_ACK_PENDING
2025-09-15 17:06:52.819   950-3445  btaudio_offload_qti     android.hardware.audio.service       W  wait_for_stack_response: conditional wait: ack_recvd = 0
2025-09-15 17:06:52.819  9036-9066  bt_btif                 com.android.bluetooth                D  btif_av_state_started_handler: event: UNKNOWN_EVENT flags: 0  index = 0, reconfig_event: 0, codec_cfg_change: 0
2025-09-15 17:06:52.820  9036-9066  bt_btif                 com.android.bluetooth                W  btif_av_state_started_handler: unhandled event=UNKNOWN_EVENT
2025-09-15 17:06:52.820  9036-9066  bt_btif                 com.android.bluetooth                E  Latest playing device index is 0 
2025-09-15 17:06:52.820  9036-9066  bt_btif                 com.android.bluetooth                D  btif_av_state_started_handler: event: BTIF_AV_SUSPEND_STREAM_REQ_EVT flags: 0  index = 0, reconfig_event: 0, codec_cfg_change: 0
2025-09-15 17:06:52.820  9036-9066  bt_btif                 com.android.bluetooth                W  btif_av_state_started_handler: Stop the AV Data channel
2025-09-15 17:06:52.821  9036-9174  bt_btif                 com.android.bluetooth                D  bta_av_ssm_execute(): AV Sevent(0x41)=0x120c(AP_STOP) state=3(OPEN)
2025-09-15 17:06:52.821  9036-9174  a2dp_codec              com.android.bluetooth                D  A2DP_GetCodecType: 
2025-09-15 17:06:52.821  9036-9174  bt_btif                 com.android.bluetooth                E  bta_av_str_stopped: audio_open_cnt=1, p_data 0x78f08a5430
2025-09-15 17:06:52.821  9036-9174  bt_btif                 com.android.bluetooth                W  bta_dm_rm_cback:2, status:6
2025-09-15 17:06:52.822  9036-9174  btif_av                 com.android.bluetooth                I  isBATEnabled: 0
2025-09-15 17:06:52.822  9036-9174  bt_btif                 com.android.bluetooth                E  bta_av_co_get_active_peer: active peer index: 0
2025-09-15 17:06:52.822  9036-9174  bt_btif                 com.android.bluetooth                E  bta_av_co_get_active_peer: active peer index: 0
2025-09-15 17:06:52.822   963-963   vendor.qti...bs_handler and...are.bluetooth@1.0-service-qti  D  SerialClockVote: vote for UART CLK ON
2025-09-15 17:06:52.823   963-963   vendor.qti...-wake_lock and...are.bluetooth@1.0-service-qti  D  Acquire wakelock is acquired 
2025-09-15 17:06:52.824   963-963   vendor.qti...bs_handler and...are.bluetooth@1.0-service-qti  I  DeviceWakeUp: Writing IBS_WAKE_IND
2025-09-15 17:06:52.825   963-9172  vendor.qti...bs_handler and...are.bluetooth@1.0-service-qti  I  ProcessIbsCmd: Received IBS_WAKE_ACK: 0xFC
2025-09-15 17:06:52.825   963-9172  vendor.qti...bs_handler and...are.bluetooth@1.0-service-qti  I  ProcessIbsCmd: Signal wack_cond_
2025-09-15 17:06:52.825   963-963   vendor.qti...bs_handler and...are.bluetooth@1.0-service-qti  D  DeviceWakeUp: Unblocked from waiting for FC
2025-09-15 17:06:52.826  9036-9164  bt_osi_wakelock         com.android.bluetooth                E  wakelock_acquire wakelock acquired
2025-09-15 17:06:52.826   963-9172  vendor.qti...bs_handler and...are.bluetooth@1.0-service-qti  I  ProcessIbsCmd: Received IBS_WAKE_IND: 0xFD
2025-09-15 17:06:52.826   963-9172  vendor.qti...bs_handler and...are.bluetooth@1.0-service-qti  I  ProcessIbsCmd: Writing IBS_WAKE_ACK
2025-09-15 17:06:52.827  9036-9057  bt_osi_wakelock         com.android.bluetooth                E  wakelock_release wakelock released
2025-09-15 17:06:52.827  9036-9164  bt_osi_wakelock         com.android.bluetooth                E  wakelock_acquire wakelock acquired
2025-09-15 17:06:52.836  9036-9057  bt_osi_wakelock         com.android.bluetooth                E  wakelock_release wakelock released
2025-09-15 17:06:52.837  9036-9066  bt_btif                 com.android.bluetooth                E  btif_media_send_reset_vendor_state:
2025-09-15 17:06:52.837  9036-9066  bt_btif                 com.android.bluetooth                D  btif_av_state_started_handler: event: BTA_AV_OFFLOAD_STOP_RSP_EVT flags: 1  index = 0, reconfig_event: 0, codec_cfg_change: 0
2025-09-15 17:06:52.837  9036-9066  bt_btif                 com.android.bluetooth                W  btif_av_state_started_handler: unhandled event=BTA_AV_OFFLOAD_STOP_RSP_EVT
2025-09-15 17:06:52.837  9036-9193  bt_btif_a2dp_source     com.android.bluetooth                D  btif_a2dp_source_command_ready: event: 7 BTIF_MEDIA_RESET_VS_STATE
2025-09-15 17:06:52.850  9036-9174  bt_stack                com.android.bluetooth                V  [VERBOSE1:btm_inq.cc(1019)] BTM_InqDbRead: bd addr 66:85:aa:7c:e5:b8
2025-09-15 17:06:52.851  9036-9174  bt_avp                  com.android.bluetooth                E  avdt_ad_tc_data_ind: type: x0, tcid: 0, ccb_idx: 0
2025-09-15 17:06:52.852  9036-9174  bt_btif                 com.android.bluetooth                D  bta_av_ssm_execute(): AV Sevent(0x41)=0x1223(STR_SUSPEND_CFM) state=3(OPEN)
2025-09-15 17:06:52.852  9036-9174  bt_btif                 com.android.bluetooth                W  bta_dm_rm_cback:2, status:6
2025-09-15 17:06:52.853  9036-9164  bt_osi_wakelock         com.android.bluetooth                E  wakelock_acquire wakelock acquired
2025-09-15 17:06:52.854  9036-9057  bt_osi_wakelock         com.android.bluetooth                E  wakelock_release wakelock released
2025-09-15 17:06:52.858  9036-9066  bt_btif                 com.android.bluetooth                D  btif_av_state_started_handler: event: BTA_AV_SUSPEND_EVT flags: 1  index = 0, reconfig_event: 0, codec_cfg_change: 0
2025-09-15 17:06:52.858  9036-9066  btif_av                 com.android.bluetooth                I  isBATEnabled: 0
2025-09-15 17:06:52.858  9036-9066  bt_btif                 com.android.bluetooth                E  bta_av_co_get_active_peer: active peer index: 0
2025-09-15 17:06:52.858  9036-9066  bt_btif                 com.android.bluetooth                E  bta_av_co_get_active_peer: active peer index: 0
2025-09-15 17:06:52.858  9036-9066  bt_stack                com.android.bluetooth                I  [INFO:a2dp_encoding.cc(1333)] ack_stream_suspended: result=SUCCESS_FINISHED
2025-09-15 17:06:52.858   950-2257  BTAudioProviderStub     android.hardware.audio.service       I  streamSuspended - SessionType=A2DP_HARDWARE_OFFLOAD_DATAPATH, status=SUCCESS
2025-09-15 17:06:52.858   950-2257  BTAudioProviderSession  android.hardware.audio.service       I  ReportControlStatus - status=SUCCESS for SessionType=A2DP_HARDWARE_OFFLOAD_DATAPATH, bluetooth_audio=0x0200 suspended
2025-09-15 17:06:52.858   950-2257  btaudio_offload_qti     android.hardware.audio.service       I  stack_resp_cb: status = 0
2025-09-15 17:06:52.859   950-3445  btaudio_offload_qti     android.hardware.audio.service       I  wait_for_stack_response:ret = 0(Success)
2025-09-15 17:06:52.859   950-3445  btaudio_offload_qti     android.hardware.audio.service       W  wait_for_stack_response: conditional wait done : ack_recvd = 1
2025-09-15 17:06:52.859   950-3445  btaudio_offload_qti     android.hardware.audio.service       D  audio_stream_stop_qti: success
2025-09-15 17:06:52.859  9036-9066  bt_stack                com.android.bluetooth                W  [WARNING:a2dp_encoding.cc(142)] ResetPendingCmd  5
2025-09-15 17:06:52.860  9036-9066  BluetoothA2dpServiceJni com.android.bluetooth                I  bta2dp_audio_state_callback
2025-09-15 17:06:52.861   950-3445  a2dp_offload            android.hardware.audio.service       D  a2dp_set_bit_format: set AFE input bit format = 16
2025-09-15 17:06:52.861  9036-9066  A2dpNativeInterface     com.android.bluetooth                D  onAudioStateChanged: A2dpStackEvent {type:EVENT_TYPE_AUDIO_STATE_CHANGED, device:74:45:CE:96:E7:CB, value1:STOPPED}
2025-09-15 17:06:52.861  9036-9066  A2dpService             com.android.bluetooth                D  messageFromNative: Going to acquire mVariableLock.
2025-09-15 17:06:52.861  9036-9066  A2dpService             com.android.bluetooth                D  messageFromNative: Acquired mVariableLock
2025-09-15 17:06:52.861  9036-9066  A2dpService             com.android.bluetooth                D  messageFromNative: Released mVariableLock
2025-09-15 17:06:52.861  9036-9066  A2dpService             com.android.bluetooth                D  messageFromNative: Sending STACK_EVENT: A2dpStackEvent {type:EVENT_TYPE_AUDIO_STATE_CHANGED, device:74:45:CE:96:E7:CB, value1:STOPPED} to sm.
2025-09-15 17:06:52.861  9036-9066  bt_btif                 com.android.bluetooth                D  btif_av_state_started_handler: event: BTIF_SM_EXIT_EVT flags: 1  index = 0, reconfig_event: 0, codec_cfg_change: 0
2025-09-15 17:06:52.861  9036-9066  bt_btif                 com.android.bluetooth                D  btif_av_state_opened_handler: event: BTIF_SM_ENTER_EVT, flags: 1, peer_sep: 1, index: 0 reconfig_event: 0, codec_cfg_change: 0, reconfig_pending: 0, reconfig_a2dp: 0, is_retry_reconfig: 0
2025-09-15 17:06:52.862  9036-9192  A2dpStateMachine        com.android.bluetooth                D  handleMessage: E msg.what=101
2025-09-15 17:06:52.862  9036-9192  A2dpStateMachine        com.android.bluetooth                D  processMsg: Connected
2025-09-15 17:06:52.862  9036-9192  A2dpStateMachine        com.android.bluetooth                D  Connected process message(74:45:CE:96:E7:CB): STACK_EVENT
2025-09-15 17:06:52.863   950-3445  a2dp_offload            android.hardware.audio.service       D  a2dp_reset_backend_cfg: reset source backend sample rate =KHZ_8
2025-09-15 17:06:52.863   950-3445  a2dp_offload            android.hardware.audio.service       D  a2dp_reset_backend_cfg: reset afe source channels =Zero
2025-09-15 17:06:52.863  9036-9192  A2dpStateMachine        com.android.bluetooth                D  Connected: stack event: A2dpStackEvent {type:EVENT_TYPE_AUDIO_STATE_CHANGED, device:74:45:CE:96:E7:CB, value1:STOPPED}
2025-09-15 17:06:52.863   950-3445  a2dp_offload            android.hardware.audio.service       D  Stop A2DP playback, total active sessions :0
2025-09-15 17:06:52.863   950-3445  soundtrigger            android.hardware.audio.service       I  audio_extn_sound_trigger_update_device_status: device 0x31 of type 0 for Event 0, with Raise=0
2025-09-15 17:06:52.863   950-3445  audio_hw_primary        android.hardware.audio.service       D  out_standby: exit
2025-09-15 17:06:52.864  9036-9192  A2dpStateMachine        com.android.bluetooth                I  Connected: processAudioStateEvent: state: 1mIsPlaying: true
2025-09-15 17:06:52.864  9036-9192  A2dpStateMachine        com.android.bluetooth                I  Connected: stopped playing: 74:45:CE:96:E7:CB
2025-09-15 17:06:52.864  1089-1600  AudioFlinger            audioserver                          D  releaseWakeLock_l() count:-142
2025-09-15 17:06:52.864  1089-1600  AudioFlinger            audioserver                          D  releaseWakeLock_l() AudioOut_D status:0, binder:0x7ceb755850
2025-09-15 17:06:52.865  9036-9192  A2dpService             com.android.bluetooth                D  Enable BLE scanning
2025-09-15 17:06:52.865  9036-9192  BtGatt.ScanManager      com.android.bluetooth                D  setAptXLowLatencyMode: mIsAptXLowLatencyModeEnabled: falseenabled: false
2025-09-15 17:06:52.865  9036-9192  A2dpStateMachine        com.android.bluetooth                D  A2DP Playing state : device: 74:45:CE:96:E7:CB State:PLAYING->NOT_PLAYING
2025-09-15 17:06:52.865  9036-9161  BtGatt.ScanManager      com.android.bluetooth                I  msg.what = 5
2025-09-15 17:06:52.866  9036-9188  BATService              com.android.bluetooth                D  getBATService(): service is NULL
2025-09-15 17:06:52.866  1305-3193  system_server           system_server                        I  oneway function results will be dropped but finished with status OK and parcel size 4
2025-09-15 17:06:52.868  9036-9192  A2dpStateMachine        com.android.bluetooth                D  handleMessage: X
2025-09-15 17:06:52.868  9036-9188  A2dpService             com.android.bluetooth                D  isA2dpPlaying(74:45:CE:96:E7:CB)
2025-09-15 17:06:52.871  9036-9036  HeadsetService          com.android.bluetooth                D  Received BluetoothA2dp Play State changed
