2025-09-16 13:19:18.781  9766-9766  energynodeinse          usap64                               W  Accessing hidden field Landroid/app/LoadedApk;->mOverlayDirs:[Ljava/lang/String; (greylist-max-o, linking, denied)
2025-09-16 13:19:18.781  9766-9766  energynodeinse          usap64                               W  Accessing hidden method Landroid/app/LoadedApk;->getPackageName()Ljava/lang/String; (greylist, linking, allowed)
2025-09-16 13:19:18.781  9766-9766  energynodeinse          usap64                               W  Accessing hidden method Landroid/app/LoadedApk;->getReceiverDispatcher(Landroid/content/BroadcastReceiver;Landroid/content/Context;Landroid/os/Handler;Landroid/app/Instrumentation;Z)Landroid/content/IIntentReceiver; (greylist-max-o, linking, denied)
2025-09-16 13:19:18.781  9766-9766  energynodeinse          usap64                               W  Accessing hidden method Landroid/app/LoadedApk$ReceiverDispatcher;-><init>(Landroid/content/BroadcastReceiver;Landroid/content/Context;Landroid/os/Handler;Landroid/app/Instrumentation;Z)V (greylist-max-o, linking, denied)
2025-09-16 13:19:18.781  9766-9766  energynodeinse          usap64                               W  Accessing hidden method Landroid/app/LoadedApk$ReceiverDispatcher;->validate(Landroid/content/Context;Landroid/os/Handler;)V (greylist-max-o, linking, denied)
2025-09-16 13:19:18.781  9766-9766  energynodeinse          usap64                               W  Accessing hidden method Landroid/app/LoadedApk;->getResDir()Ljava/lang/String; (greylist, linking, allowed)
2025-09-16 13:19:18.781  9766-9766  energynodeinse          usap64                               W  Accessing hidden method Landroid/app/LoadedApk;->getSplitPaths(Ljava/lang/String;)[Ljava/lang/String; (greylist-max-o, linking, denied)
2025-09-16 13:19:18.781  9766-9766  energynodeinse          usap64                               W  Accessing hidden method Landroid/app/LoadedApk;->getServiceDispatcher(Landroid/content/ServiceConnection;Landroid/content/Context;Landroid/os/Handler;I)Landroid/app/IServiceConnection; (greylist, linking, allowed)
2025-09-16 13:19:18.781  9766-9766  energynodeinse          usap64                               W  Accessing hidden method Landroid/app/LoadedApk;->getServiceDispatcherCommon(Landroid/content/ServiceConnection;Landroid/content/Context;Landroid/os/Handler;Ljava/util/concurrent/Executor;I)Landroid/app/IServiceConnection; (blacklist, linking, denied)
2025-09-16 13:19:18.781  9766-9766  energynodeinse          usap64                               W  Accessing hidden method Landroid/app/LoadedApk;->getServiceDispatcher(Landroid/content/ServiceConnection;Landroid/content/Context;Ljava/util/concurrent/Executor;I)Landroid/app/IServiceConnection; (blacklist, linking, denied)
2025-09-16 13:19:18.781  9766-9766  energynodeinse          usap64                               W  Accessing hidden method Landroid/app/LoadedApk;->getServiceDispatcherCommon(Landroid/content/ServiceConnection;Landroid/content/Context;Landroid/os/Handler;Ljava/util/concurrent/Executor;I)Landroid/app/IServiceConnection; (blacklist, linking, denied)
2025-09-16 13:19:18.781  9766-9766  energynodeinse          usap64                               W  Accessing hidden method Landroid/app/LoadedApk;->getSplitAppDirs()[Ljava/lang/String; (greylist-max-o, linking, denied)
2025-09-16 13:19:18.781  9766-9766  energynodeinse          usap64                               W  Accessing hidden field Landroid/app/LoadedApk;->mSplitAppDirs:[Ljava/lang/String; (greylist-max-o, linking, denied)
2025-09-16 13:19:18.782  9766-9766  energynodeinse          usap64                               W  Accessing hidden method Landroid/app/LoadedApk;->getSplitClassLoader(Ljava/lang/String;)Ljava/lang/ClassLoader; (greylist-max-o, linking, denied)
2025-09-16 13:19:18.782  9766-9766  energynodeinse          usap64                               W  Accessing hidden field Landroid/app/LoadedApk;->mSplitLoader:Landroid/app/LoadedApk$SplitDependencyLoaderImpl; (greylist-max-o, linking, denied)
2025-09-16 13:19:18.782  9766-9766  energynodeinse          usap64                               W  Accessing hidden method Landroid/app/LoadedApk$SplitDependencyLoaderImpl;->getClassLoaderForSplit(Ljava/lang/String;)Ljava/lang/ClassLoader; (greylist-max-o, linking, denied)
2025-09-16 13:19:18.782  9766-9766  energynodeinse          usap64                               W  Accessing hidden method Landroid/app/LoadedApk;->getSplitPaths(Ljava/lang/String;)[Ljava/lang/String; (greylist-max-o, linking, denied)
2025-09-16 13:19:18.782  9766-9766  energynodeinse          usap64                               W  Accessing hidden field Landroid/app/LoadedApk;->mSplitLoader:Landroid/app/LoadedApk$SplitDependencyLoaderImpl; (greylist-max-o, linking, denied)
2025-09-16 13:19:18.782  9766-9766  energynodeinse          usap64                               W  Accessing hidden method Landroid/app/LoadedApk$SplitDependencyLoaderImpl;->getSplitPathsForSplit(Ljava/lang/String;)[Ljava/lang/String; (greylist-max-o, linking, denied)
2025-09-16 13:19:18.782  9766-9766  energynodeinse          usap64                               W  Accessing hidden method Landroid/app/LoadedApk;->getSplitResDirs()[Ljava/lang/String; (greylist, linking, allowed)
2025-09-16 13:19:18.782  9766-9766  energynodeinse          usap64                               W  Accessing hidden method Landroid/app/LoadedApk;->getTargetSdkVersion()I (greylist-max-o, linking, denied)
2025-09-16 13:19:18.782  9766-9766  energynodeinse          usap64                               W  Accessing hidden method Landroid/app/LoadedApk;->installSystemApplicationInfo(Landroid/content/pm/ApplicationInfo;Ljava/lang/ClassLoader;)V (greylist-max-o, linking, denied)
2025-09-16 13:19:18.782  9766-9766  energynodeinse          usap64                               W  Accessing hidden field Landroid/app/LoadedApk;->mDefaultClassLoader:Ljava/lang/ClassLoader; (blacklist, linking, denied)
2025-09-16 13:19:18.782  9766-9766  energynodeinse          usap64                               W  Accessing hidden method Landroid/app/LoadedApk;->createAppFactory(Landroid/content/pm/ApplicationInfo;Ljava/lang/ClassLoader;)Landroid/app/AppComponentFactory; (greylist-max-o, linking, denied)
2025-09-16 13:19:18.782  9766-9766  energynodeinse          usap64                               W  Accessing hidden method Landroid/app/LoadedApk;->isSecurityViolation()Z (greylist-max-o, linking, denied)
2025-09-16 13:19:18.782  9766-9766  energynodeinse          usap64                               W  Accessing hidden field Landroid/app/LoadedApk;->mSecurityViolation:Z (greylist-max-o, linking, denied)
2025-09-16 13:19:18.782  9766-9766  energynodeinse          usap64                               W  Accessing hidden method Landroid/app/LoadedApk;->lookupServiceDispatcher(Landroid/content/ServiceConnection;Landroid/content/Context;)Landroid/app/IServiceConnection; (greylist, linking, allowed)
2025-09-16 13:19:18.782  9766-9766  energynodeinse          usap64                               W  Accessing hidden field Landroid/app/LoadedApk;->mServices:Landroid/util/ArrayMap; (greylist-max-p, linking, denied)
2025-09-16 13:19:18.782  9766-9766  energynodeinse          usap64                               W  Accessing hidden field Landroid/app/LoadedApk;->mServices:Landroid/util/ArrayMap; (greylist-max-p, linking, denied)
2025-09-16 13:19:18.782  9766-9766  energynodeinse          usap64                               W  Accessing hidden method Landroid/app/LoadedApk;->makeApplication(ZLandroid/app/Instrumentation;)Landroid/app/Application; (greylist, linking, allowed)
2025-09-16 13:19:18.782  9766-9766  energynodeinse          usap64                               W  Accessing hidden method Landroid/app/LoadedApk;->initializeJavaContextClassLoader()V (greylist-max-o, linking, denied)
2025-09-16 13:19:18.782  9766-9766  energynodeinse          usap64                               W  Accessing hidden method Landroid/content/res/AssetManager;->getAssignedPackageIdentifiers(ZZ)Landroid/util/SparseArray; (blacklist, linking, denied)
2025-09-16 13:19:18.782  9766-9766  energynodeinse          usap64                               W  Accessing hidden field Landroid/app/ActivityThread;->mInstrumentation:Landroid/app/Instrumentation; (greylist, linking, allowed)
2025-09-16 13:19:18.782  9766-9766  energynodeinse          usap64                               W  Accessing hidden field Landroid/app/ActivityThread;->mAllApplications:Ljava/util/ArrayList; (greylist, linking, allowed)
2025-09-16 13:19:18.782  9766-9766  energynodeinse          usap64                               W  Accessing hidden method Landroid/os/Trace;->traceEnd(J)V (greylist, linking, allowed)
2025-09-16 13:19:18.782  9766-9766  energynodeinse          usap64                               W  Accessing hidden method Landroid/app/LoadedApk;->removeContextRegistrations(Landroid/content/Context;Ljava/lang/String;Ljava/lang/String;)V (greylist-max-o, linking, denied)
2025-09-16 13:19:18.782  9766-9766  energynodeinse          usap64                               W  Accessing hidden method Landroid/os/StrictMode;->vmRegistrationLeaksEnabled()Z (greylist-max-o, linking, denied)
2025-09-16 13:19:18.782  9766-9766  energynodeinse          usap64                               W  Accessing hidden method Landroid/app/LoadedApk;->setCompatibilityInfo(Landroid/content/res/CompatibilityInfo;)V (greylist-max-o, linking, denied)
2025-09-16 13:19:18.782  9766-9766  energynodeinse          usap64                               W  Accessing hidden method Landroid/view/DisplayAdjustments;->setCompatibilityInfo(Landroid/content/res/CompatibilityInfo;)V (greylist, linking, allowed)
2025-09-16 13:19:18.782  9766-9766  energynodeinse          usap64                               W  Accessing hidden method Landroid/app/LoadedApk;->updateApplicationInfo(Landroid/content/pm/ApplicationInfo;Ljava/util/List;)V (greylist-max-o, linking, denied)
2025-09-16 13:19:18.782  9766-9766  energynodeinse          usap64                               W  Accessing hidden method Landroid/app/LoadedApk;->setApplicationInfo(Landroid/content/pm/ApplicationInfo;)V (greylist-max-o, linking, denied)
2025-09-16 13:19:18.784  9766-9766  energynodeinse          usap64                               W  Redefining intrinsic method java.lang.Thread java.lang.Thread.currentThread(). This may cause the unexpected use of the original definition of java.lang.Thread java.lang.Thread.currentThread()in methods that have already been compiled.
2025-09-16 13:19:18.784  9766-9766  energynodeinse          usap64                               W  Redefining intrinsic method boolean java.lang.Thread.interrupted(). This may cause the unexpected use of the original definition of boolean java.lang.Thread.interrupted()in methods that have already been compiled.
---------------------------- PROCESS STARTED (9766) for package com.remoticom.energynodeinset ----------------------------
2025-09-16 13:19:18.968  2555-2555  LiveWallpaper.Engine    com.oneplus.wallpaper                D  onVisibilityChanged# true -> false
2025-09-16 13:19:19.190  1305-1594  OemSceneMo...ivityStack system_server                        D  [scene] handleEvaluateGameMode enabled: false
2025-09-16 13:19:19.191  1305-1305  SettingsProvider        system_server                        V  Notifying for 0: content://settings/system/rading_mode_status_auto
2025-09-16 13:19:19.192  2363-3860  OIMC                    com.oneplus.coreservice              I  notified , mode ColorReadMode changeTo 2
2025-09-16 13:19:19.192  2363-3860  OIMC                    com.oneplus.coreservice              I  notified , mode ReadMode changeTo 2
2025-09-16 13:19:19.192  2363-2410  OIMC_CORE               com.oneplus.coreservice              I  handleMessage:   MODE_EXIT, arg1: 0, arg2: 0, obj: com.oneplus.server.oimc.gwy@c04a276
2025-09-16 13:19:19.192  2363-2410  OIMC_CORE               com.oneplus.coreservice              I  The mode: ColorReadMode is not entered
2025-09-16 13:19:19.193  2363-2410  OIMC_CORE               com.oneplus.coreservice              I  handleMessage:   MODE_EXIT, arg1: 0, arg2: 0, obj: com.oneplus.server.oimc.gwy@4bd5077
2025-09-16 13:19:19.193  2363-2410  OIMC_CORE               com.oneplus.coreservice              I  The mode: ReadMode is not entered
2025-09-16 13:19:19.193  1305-1305  SettingsProvider        system_server                        V  Notifying for 0: content://settings/system/rading_mode_status_auto
2025-09-16 13:19:19.204   963-23776 vendor.qti...bs_handler and...are.bluetooth@1.0-service-qti  I  DeviceSleep: TX Awake, Sending SLEEP_IND
2025-09-16 13:19:19.204   963-23776 vendor.qti...bs_handler and...are.bluetooth@1.0-service-qti  D  SerialClockVote: vote for UART CLK OFF
2025-09-16 13:19:19.282  9766-9766  100                     com.remoticom.energynodeinset        I  Open /data/app/~~t6z6SPqzMVr36Olq1S5A-w==/com.remoticom.energynodeinset-KOQTDaPFAMd5W2FzjVtcrQ==/base.apk took:445ms
2025-09-16 13:19:19.310  9766-9766  Perf                    com.remoticom.energynodeinset        I  Connecting to perf service.
2025-09-16 13:19:19.318  9766-9766  energynodeinse          com.remoticom.energynodeinset        I  [GL_OOM] ClampGrowthLimit 268435456
2025-09-16 13:19:19.321  9766-9766  NetworkSecurityConfig   com.remoticom.energynodeinset        D  No Network Security Config specified, using platform default
2025-09-16 13:19:19.322  9766-9766  NetworkSecurityConfig   com.remoticom.energynodeinset        D  No Network Security Config specified, using platform default
2025-09-16 13:19:19.354   963-23752 vendor.qti...-wake_lock and...are.bluetooth@1.0-service-qti  D  Release wakelock is released 
2025-09-16 13:19:19.356  2386-2799  OPConfig:ConfigProvider com.oneplus.config                   V  Module:OnePlusFontConfig
2025-09-16 13:19:19.358  9766-9766  Config:Gra...FontConfig com.remoticom.energynodeinset        E  Index 0 requested, with a size of 0
2025-09-16 13:19:19.383  9766-9766  energynodeinse          com.remoticom.energynodeinset        E  [frame_perf] perfboost open tb_ctl file failed, isApp[1], errno=No such file or directory
2025-09-16 13:19:19.383  9766-9766  libprocessgroup         com.remoticom.energynodeinset        E  set_timerslack_ns write failed: Operation not permitted
2025-09-16 13:19:19.387  1099-1873  DisplayIdentification   surfaceflinger                       W  Invalid EDID: falling back to serial number due to missing display name.
2025-09-16 13:19:19.388  1099-1873  DisplayIdentification   surfaceflinger                       W  Invalid EDID: falling back to ASCII text due to missing serial number.
2025-09-16 13:19:19.457  9766-9766  AppCompatDelegate       com.remoticom.energynodeinset        D  Checking for metadata for AppLocalesMetadataHolderService : Service not found
2025-09-16 13:19:19.542  9766-9766  energynodeinse          com.remoticom.energynodeinset        W  Accessing hidden method Landroid/view/ViewGroup;->makeOptionalFitsSystemWindows()V (greylist, reflection, allowed)
2025-09-16 13:19:19.693  3143-3143  MDM-DataTr...eedTracker com.android.phone                    D  onDataActivity: isNewTxEvent = true, isNewRxEvent = true, isTxEndEvent = false, isRxEndEvent = false
2025-09-16 13:19:19.693  3143-3143  MDM-DataAc...ionManager com.android.phone                    D  onDataActivity: isNewEvent = true, isEndEvent = false
2025-09-16 13:19:19.693  3143-3143  MDM-DataAc...ionManager com.android.phone                    D  getCurrentSimMccMnc: current SIM mccmnc = [*20416, null]
2025-09-16 13:19:19.693 30462-30498 NetworkCon...troller(1) com.android.systemui                 D  notifyListeners, showSimLoadedFakeIcon :false
2025-09-16 13:19:19.779  9766-9766  energynodeinse          com.remoticom.energynodeinset        E  Invalid ID 0x00000000.
2025-09-16 13:19:19.817  9766-9766  energynodeinse          com.remoticom.energynodeinset        E  Invalid ID 0x00000000.
2025-09-16 13:19:19.854  9766-9766  MainActivity            com.remoticom.energynodeinset        D  Request new Bluetooth permissions if needed...
2025-09-16 13:19:19.854  9766-9766  MainActivity            com.remoticom.energynodeinset        D  No need to request BLUETOOTH_SCAN and BLUETOOTH_CONNECT permissions on Android version 30
2025-09-16 13:19:19.854  9766-9766  MainActivity            com.remoticom.energynodeinset        D  Check whether Bluetooth is supported and enabled...
2025-09-16 13:19:19.856  1305-2612  BluetoothManagerService system_server                        W  registerAdapter, callback: android.bluetooth.IBluetoothManagerCallback$Stub$Proxy@41eb507
2025-09-16 13:19:19.857  9766-9766  BluetoothAdapter        com.remoticom.energynodeinset        D  java.lang.Throwable
                                                                                                    	at android.bluetooth.BluetoothAdapter.<init>(BluetoothAdapter.java:762)
                                                                                                    	at android.bluetooth.BluetoothAdapter.getDefaultAdapter(BluetoothAdapter.java:735)
                                                                                                    	at com.remoticom.streetlighting.utilities.BluetoothUtilsKt.checkBluetoothEnabled(BluetoothUtils.kt:16)
                                                                                                    	at com.remoticom.streetlighting.MainActivity.onCreate(MainActivity.kt:104)
                                                                                                    	at android.app.Activity.performCreate(Activity.java:8006)
                                                                                                    	at android.app.Activity.performCreate(Activity.java:7990)
                                                                                                    	at android.app.Instrumentation.callActivityOnCreate(Instrumentation.java:1329)
                                                                                                    	at android.app.ActivityThread.performLaunchActivity(ActivityThread.java:3589)
                                                                                                    	at android.app.ActivityThread.handleLaunchActivity(ActivityThread.java:3780)
                                                                                                    	at android.app.servertransaction.LaunchActivityItem.execute(LaunchActivityItem.java:85)
                                                                                                    	at android.app.servertransaction.TransactionExecutor.executeCallbacks(TransactionExecutor.java:135)
                                                                                                    	at android.app.servertransaction.TransactionExecutor.execute(TransactionExecutor.java:95)
                                                                                                    	at android.app.ActivityThread$H.handleMessage(ActivityThread.java:2251)
                                                                                                    	at android.os.Handler.dispatchMessage(Handler.java:106)
                                                                                                    	at android.os.Looper.loop(Looper.java:233)
                                                                                                    	at android.app.ActivityThread.main(ActivityThread.java:8068)
                                                                                                    	at java.lang.reflect.Method.invoke(Native Method)
                                                                                                    	at com.android.internal.os.RuntimeInit$MethodAndArgsCaller.run(RuntimeInit.java:631)
                                                                                                    	at com.android.internal.os.ZygoteInit.main(ZygoteInit.java:978)
2025-09-16 13:19:19.858  9766-9766  MainActivity            com.remoticom.energynodeinset        D  Current Android version (30) lower than 31: Checking location permissions...
2025-09-16 13:19:19.859  9766-9766  MainActivity            com.remoticom.energynodeinset        D  Location permission is/was granted. Not requesting permission.
2025-09-16 13:19:19.862  9766-9766  LoginFragment           com.remoticom.energynodeinset        D  Activity created. Create app and acquire token if possible
2025-09-16 13:19:19.862  9766-9766  AuthenticationService   com.remoticom.energynodeinset        D  Creating single account public client app...
2025-09-16 13:19:19.862  9766-9766  AuthenticationService   com.remoticom.energynodeinset        D  Service state updated with State(status=AUTHENTICATING, lastError=null, account=null)
2025-09-16 13:19:19.881  9766-23187 Telemetry               com.remoticom.energynodeinset        W   [2025-09-16 11:19:19 - thread_name : main, correlation_id : UNSET]  Android 30 Telemetry is disabled because the Telemetry context or configuration is null
2025-09-16 13:19:19.903  9766-23187 AuthorityD...eserialize com.remoticom.energynodeinset        V   [2025-09-16 11:19:19 - thread_name : Thread-3, correlation_id : UNSET]  Android 30 Type: B2C
2025-09-16 13:19:19.905  9766-9766  ViewRootImpl            com.remoticom.energynodeinset        D  support adaptive color gamut feature!
2025-09-16 13:19:19.906  9766-9766  ViewRootImpl            com.remoticom.energynodeinset        V  The specified message queue synchronization  barrier token has not been posted or has already been removed
2025-09-16 13:19:19.907  9766-23187 PublicClie...figuration com.remoticom.energynodeinset        V   [2025-09-16 11:19:19 - thread_name : Thread-3, correlation_id : UNSET]  Android 30 Loading default configuration
2025-09-16 13:19:19.914  9766-23187 AuthorityD...eserialize com.remoticom.energynodeinset        V   [2025-09-16 11:19:19 - thread_name : Thread-3, correlation_id : UNSET]  Android 30 Type: AAD
2025-09-16 13:19:19.922  9766-23187 AzureActiv...eserialize com.remoticom.energynodeinset        V   [2025-09-16 11:19:19 - thread_name : Thread-3, correlation_id : UNSET]  Android 30 Type: AzureADandPersonalMicrosoftAccount
2025-09-16 13:19:19.927  9766-23187 AzureActiv...ryAudience com.remoticom.energynodeinset        V   [2025-09-16 11:19:19 - thread_name : Thread-3, correlation_id : UNSET]  Android 30 Audience: AllAccounts
2025-09-16 13:19:19.937  9766-23187 MsalOAuth2...che:create com.remoticom.energynodeinset        V   [2025-09-16 11:19:19 - thread_name : Thread-3, correlation_id : UNSET]  Android 30 Creating MsalOAuth2TokenCache
2025-09-16 13:19:19.938  9766-23187 CacheKeyValueDelegate   com.remoticom.energynodeinset        V   [2025-09-16 11:19:19 - thread_name : Thread-3, correlation_id : UNSET]  Android 30 Init: CacheKeyValueDelegate
2025-09-16 13:19:19.946  9766-23187 AndroidPla...ionManager com.remoticom.energynodeinset        I   [2025-09-16 11:19:19 - thread_name : Thread-3, correlation_id : UNSET]  Android 30 Returning AndroidAuthSdkStorageEncryptionManager
2025-09-16 13:19:19.947  9766-23183 AdrenoGLES-0            com.remoticom.energynodeinset        I  QUALCOMM build                   : 8e5405b, I57aaec3440
                                                                                                    Build Date                       : 05/21/21
                                                                                                    OpenGL ES Shader Compiler Version: EV031.32.02.10
                                                                                                    Local Branch                     : mybranchebba1dbe-451b-f160-ac81-1458d0b52ae8
                                                                                                    Remote Branch                    : quic/gfx-adreno.lnx.1.0.r135-rel
                                                                                                    Remote Branch                    : NONE
                                                                                                    Reconstruct Branch               : NOTHING
2025-09-16 13:19:19.947  9766-23183 AdrenoGLES-0            com.remoticom.energynodeinset        I  Build Config                     : S P 10.0.7 AArch64
2025-09-16 13:19:19.947  9766-23183 AdrenoGLES-0            com.remoticom.energynodeinset        I  Driver Path                      : /vendor/lib64/egl/libGLESv2_adreno.so
2025-09-16 13:19:19.950  9766-23187 SharedPref...ileManager com.remoticom.energynodeinset        V   [2025-09-16 11:19:19 - thread_name : Thread-3, correlation_id : UNSET]  Android 30 Init with storage helper:  SharedPreferencesFileManager
2025-09-16 13:19:19.955  9766-23187 SharedPref...ntialCache com.remoticom.energynodeinset        V   [2025-09-16 11:19:19 - thread_name : Thread-3, correlation_id : UNSET]  Android 30 Init: SharedPreferencesAccountCredentialCache
2025-09-16 13:19:19.956  9766-23187 MsalOAuth2TokenCache    com.remoticom.energynodeinset        V   [2025-09-16 11:19:19 - thread_name : Thread-3, correlation_id : UNSET]  Android 30 Init: MsalOAuth2TokenCache
2025-09-16 13:19:19.956  9766-23187 PublicClientApplication com.remoticom.energynodeinset        W   [2025-09-16 11:19:19 - thread_name : Thread-3, correlation_id : UNSET]  Android 30 Warning! B2C applications should use MultipleAccountPublicClientApplication. Use of SingleAccount mode with multiple IEF policies is unsupported.
                                                                                                    
                                                                                                    [          1758021559.961  9766:23187 V/com.microsoft.identity.client.internal.controllers.MSALControllerFactory:brokerEligible [2025-09-16 11:19:19 - thread_name : Thread-3, correlation_id : UNSET]  Android 30 Eligible to call broker? [false]. App does not ask for Broker or the authority is not AAD authority.
2025-09-16 13:19:19.968  9766-23187 CommandDis...ticContext com.remoticom.energynodeinset        V   [2025-09-16 11:19:19 - thread_name : Thread-3, correlation_id : 0c435547-0de4-482a-806e-06cd086f95d0]  Android 30 Initialized new DiagnosticContext
2025-09-16 13:19:19.973  9766-23187 CommandDis...Parameters com.remoticom.energynodeinset        I   [2025-09-16 11:19:19 - {"thread_id":"77819","thread_name":"Thread-3","correlation_id":"0c435547-0de4-482a-806e-06cd086f95d0","x-client-Ver":"3.0.2","x-client-SKU":"MSAL.Android"}]  Android 30 Starting request for correlation id : ##0c435547-0de4-482a-806e-06cd086f95d0, with PublicApiId : 1200
2025-09-16 13:19:19.977  9766-23187 CommandDis...Parameters com.remoticom.energynodeinset        I   [2025-09-16 11:19:19 - thread_name : Thread-3, correlation_id : 0c435547-0de4-482a-806e-06cd086f95d0]  Android 30 {"applicationName":"com.remoticom.energynodeinset","applicationVersion":"2.0.1","clientId":"927b43b4-5352-4947-8e3b-fc2dea7eb3c3","correlationId":"0c435547-0de4-482a-806e-06cd086f95d0","powerOptCheckEnabled":true,"redirectUri":"msauth://com.remoticom.bledalicontroller/SUtVpAcSsJ5WE0%2Bd%2BRUmhVIHIM8%3D","requiredBrokerProtocolVersion":"3.0","sdkType":"MSAL","sdkVersion":"3.0.2"}
2025-09-16 13:19:19.979  9766-23187 CommandDis...ticContext com.remoticom.energynodeinset        V   [2025-09-16 11:19:19 - thread_name : pool-5-thread-1, correlation_id : 0c435547-0de4-482a-806e-06cd086f95d0]  Android 30 Initialized new DiagnosticContext
2025-09-16 13:19:19.981  9766-23187 SharedPref...ileManager com.remoticom.energynodeinset        V   [2025-09-16 11:19:19 - thread_name : pool-5-thread-1, correlation_id : 0c435547-0de4-482a-806e-06cd086f95d0]  Android 30 Init: 
2025-09-16 13:19:19.983  9766-23183 AdrenoGLES-0            com.remoticom.energynodeinset        I  PFP: 0x016ee190, ME: 0x00000000
2025-09-16 13:19:19.983  9766-23187 LastReques...metryCache com.remoticom.energynodeinset        V   [2025-09-16 11:19:19 - thread_name : pool-5-thread-1, correlation_id : 0c435547-0de4-482a-806e-06cd086f95d0]  Android 30 Init: LastRequestTelemetryCache
2025-09-16 13:19:19.984  9766-23187 LocalMSALC...DeviceMode com.remoticom.energynodeinset        W   [2025-09-16 11:19:19 - thread_name : pool-5-thread-1, correlation_id : 0c435547-0de4-482a-806e-06cd086f95d0]  Android 30 LocalMSALController is not eligible to use the broker. Do not check sharedDevice mode and return false immediately.
2025-09-16 13:19:19.985  9766-23187 CommandDis...bmitSilent com.remoticom.energynodeinset        I   [2025-09-16 11:19:19 - thread_name : pool-5-thread-1, correlation_id : 0c435547-0de4-482a-806e-06cd086f95d0]  Android 30 Completed silent request as owner for correlation id : **0c435547-0de4-482a-806e-06cd086f95d0, with the status : COMPLETED is cacheable : false
2025-09-16 13:19:19.985  9766-23187 EstsTelemetry:flush     com.remoticom.energynodeinset        I   [2025-09-16 11:19:19 - thread_name : pool-5-thread-1, correlation_id : 0c435547-0de4-482a-806e-06cd086f95d0]  Android 30 currentTelemetry is null. Nothing to flush.
2025-09-16 13:19:20.000  9766-9766  energynodeinse          com.remoticom.energynodeinset        E  Invalid ID 0x00000000.
2025-09-16 13:19:20.008  9766-9766  energynodeinse          com.remoticom.energynodeinset        E  Invalid ID 0x00000000.
2025-09-16 13:19:20.030   607-607   hwservicemanager        hwservicemanager                     I  getTransport: Cannot find entry android.hardware.graphics.mapper@4.0::IMapper/default in either framework or device manifest.
2025-09-16 13:19:20.031  9766-23183 Gralloc4                com.remoticom.energynodeinset        I  mapper 4.x is not supported
2025-09-16 13:19:20.031   607-607   hwservicemanager        hwservicemanager                     I  getTransport: Cannot find entry android.hardware.graphics.mapper@3.0::IMapper/default in either framework or device manifest.
2025-09-16 13:19:20.031  9766-23183 Gralloc3                com.remoticom.energynodeinset        W  mapper 3.x is not supported
2025-09-16 13:19:20.040  1099-3321  surfaceflinger          surfaceflinger                       E  [frame_perf] AutoTurboBoostQuery fd<0 failed, errno=Inappropriate ioctl for device
2025-09-16 13:19:20.040  1099-3321  surfaceflinger          surfaceflinger                       E  [frame_perf] AutoBoostConfigQuery fd<0 failed, errno=No such file or directory
2025-09-16 13:19:20.041  9766-9766  Choreographer           com.remoticom.energynodeinset        W  Already have a pending vsync event.  There should only be one at a time.
2025-09-16 13:19:20.046  1305-1734  ArtManagerInternalImpl  system_server                        D  /data/misc/iorapd/com.remoticom.energynodeinset/2000001/com.remoticom.streetlighting.MainActivity/compiled_traces/compiled_trace.pb doesn't exist
2025-09-16 13:19:20.047  1305-1864  ===> HoustonPackage     system_server                        I  addLaunchTimeInfo: for com.remoticom.energynodeinset/com.remoticom.streetlighting.MainActivity isCold:true launchTime:1458
2025-09-16 13:19:20.047  1305-1864  322                     system_server                        I  com.remoticom.energynodeinset#91#1458
2025-09-16 13:19:20.047  1305-1734  ActivityTaskManager     system_server                        I  Displayed com.remoticom.energynodeinset/com.remoticom.streetlighting.MainActivity: +1s458ms
2025-09-16 13:19:20.069  9766-9766  DecorView               com.remoticom.energynodeinset        D  onWindowFocusChangedFromViewRoot hasFocus: true, DecorView@2f56f7b[MainActivity]
2025-09-16 13:19:20.071  9766-9766  ViewRootIm...nActivity] com.remoticom.energynodeinset        D  windowFocusChanged hasFocus=true inTouchMode=true
2025-09-16 13:19:20.074 30462-30462 PhoneStatusBarView      com.android.systemui                 D  getCompatMode: mode:0 ops:3
2025-09-16 13:19:20.074 30462-30462 PhoneStatusBarView      com.android.systemui                 I  isFullAndNotchEnabled() isFullMode=false pkg=com.remoticom.energynodeinset isCameraNotchIgnoreSetting=false, uid=10467
2025-09-16 13:19:20.085 30462-30462 KeyButtonRipple         com.android.systemui                 D   draw SupportHardware=true Type=ROUNDED_RECT
2025-09-16 13:19:20.085 30462-30462 chatty                  com.android.systemui                 I  uid=10019(com.android.systemui) identical 1 line
2025-09-16 13:19:20.085 30462-30462 KeyButtonRipple         com.android.systemui                 D   draw SupportHardware=true Type=ROUNDED_RECT
2025-09-16 13:19:20.086  9766-23187 PublicClientApplication com.remoticom.energynodeinset        V   [2025-09-16 11:19:20 - thread_name : main, correlation_id : UNSET]  Android 30 Telemetry configuration is null. Telemetry is disabled.
2025-09-16 13:19:20.087  9766-23187 SharedPref...ileManager com.remoticom.energynodeinset        V   [2025-09-16 11:19:20 - thread_name : main, correlation_id : UNSET]  Android 30 Init: 
2025-09-16 13:19:20.095  9766-23187 Telemetry               com.remoticom.energynodeinset        W   [2025-09-16 11:19:20 - thread_name : main, correlation_id : UNSET]  Android 30 Telemetry is disabled because the Telemetry context or configuration is null
2025-09-16 13:19:20.101  9766-9766  AuthenticationService   com.remoticom.energynodeinset        D  Single account public client app created
2025-09-16 13:19:20.101  9766-9766  AuthenticationService   com.remoticom.energynodeinset        D  Loading account...
2025-09-16 13:19:20.102  1099-21666 surfaceflinger          surfaceflinger                       E  [frame_perf] perfboost open boost file failed
2025-09-16 13:19:20.102 30462-30462 KeyButtonRipple         com.android.systemui                 D   draw SupportHardware=true Type=ROUNDED_RECT
2025-09-16 13:19:20.102 30462-30462 chatty                  com.android.systemui                 I  uid=10019(com.android.systemui) identical 1 line
2025-09-16 13:19:20.102 30462-30462 KeyButtonRipple         com.android.systemui                 D   draw SupportHardware=true Type=ROUNDED_RECT
2025-09-16 13:19:20.107  1099-1157  surfaceflinger          surfaceflinger                       E  [frame_perf] perfboost open boost file failed
2025-09-16 13:19:20.123 20218-20218 GoogleInpu...hodService com...gle.android.inputmethod.latin  I  GoogleInputMethodService.onFinishInput():2045 
2025-09-16 13:19:20.124 20218-20218 Module                  com...gle.android.inputmethod.latin  I  DeviceLockedStatusModuleProvider$Module.updateDeviceLockedStatus():100 repeatCheckTimes = 0, locked = false
2025-09-16 13:19:20.124 20218-20218 GoogleInpu...hodService com...gle.android.inputmethod.latin  I  GoogleInputMethodService.onStartInput():1311 onStartInput(EditorInfo{EditorInfo{packageName=com.remoticom.energynodeinset, inputType=0, inputTypeString=NULL, enableLearning=false, autoCorrection=false, autoComplete=false, imeOptions=0, privateImeOptions=null, actionName=UNSPECIFIED, actionLabel=null, initialSelStart=-1, initialSelEnd=-1, initialCapsMode=0, label=null, fieldId=-1, fieldName=null, extras=null, hintText=null, hintLocales=[]}}, false)
2025-09-16 13:19:20.127 20218-20218 Module                  com...gle.android.inputmethod.latin  I  DeviceLockedStatusModuleProvider$Module.updateDeviceLockedStatus():100 repeatCheckTimes = 1, locked = false
2025-09-16 13:19:20.127 20077-20077 Launcher                net.oneplus.launcher                 D  onStop# hashcode: 79297171
2025-09-16 13:19:20.128 20077-20077 ShelfLauncherCallbacks  net.oneplus.launcher                 I  onStop
2025-09-16 13:19:20.128 20077-20077 LauncherAppWidgetHost   net.oneplus.launcher                 D  setListenIfResumed# listenIfResumed: false, flag: 7
2025-09-16 13:19:20.128 20077-20077 LauncherAppWidgetHost   net.oneplus.launcher                 D  stopListening# flag: 2
2025-09-16 13:19:20.128 20077-20077 BaseActivity            net.oneplus.launcher                 D  isForceInvisible = false
2025-09-16 13:19:20.128 20077-20077 StateManager            net.oneplus.launcher                 D  gotoState# fromState=NORMAL, toState=NORMAL, animated = false
2025-09-16 13:19:20.128 20077-20077 Launcher                net.oneplus.launcher                 D  onTrimMemory# level: 20
2025-09-16 13:19:20.128 23624-23737 BtGatt.ScanManager      com.android.bluetooth                I  msg.what = 6
2025-09-16 13:19:20.129 20077-20077 Launcher                net.oneplus.launcher                 D  onSaveInstanceState# hashcode: 79297171
2025-09-16 13:19:20.130 20077-20077 ShelfLauncherCallbacks  net.oneplus.launcher                 I  onSaveInstanceState
2025-09-16 13:19:20.131 20077-20077 Launcher                net.oneplus.launcher                 D  onTrimCachedBitmaps# state: NORMAL, trim: true
2025-09-16 13:19:20.131 20077-20077 WallpaperImageCache     net.oneplus.launcher                 I  WallpaperImageCache cleared.
2025-09-16 13:19:20.131 20077-20077 RecentsView             net.oneplus.launcher                 D  autoRemoveLauncherTask#
2025-09-16 13:19:20.131 20077-17631 RecentTasksList         net.oneplus.launcher                 D  loadTasksInBackground: getRecentTasks
2025-09-16 13:19:20.135 20077-17631 RecentTasksList         net.oneplus.launcher                 D  dumpTasks# id=5175, cmp=ComponentInfo{com.oneplus.deskclock/com.oneplus.deskclock.DeskClock}, uid=0, locked=false, isAppLocked=false; id=5181, cmp=ComponentInfo{com.android.settings/com.android.settings.Settings$ConnectedDeviceDashboardActivity}, uid=0, locked=false, isAppLocked=false; id=5189, cmp=ComponentInfo{com.snapchat.android/com.snap.mushroom.MainActivity}, uid=0, locked=false, isAppLocked=false; id=5191, cmp=ComponentInfo{com.google.android.googlequicksearchbox/com.google.android.googlequicksearchbox.InternalGoogleAppActivityEntrypoint}, uid=0, locked=false, isAppLocked=false; id=5192, cmp=ComponentInfo{netgenius.bizcal/netgenius.bizcal.main}, uid=0, locked=false, isAppLocked=false; id=5194, cmp=ComponentInfo{com.google.android.calendar/com.google.android.calendar.allinone.AllInOneCalendarActivity}, uid=0, locked=false, isAppLocked=false; id=5182, cmp=ComponentInfo{com.spotify.music/com.spotify.music.MainActivity}, uid=0, locked=false, isAppLocked=false; id=5186, cmp=ComponentInfo{com.google.android.gm/com.google.android.gm.ConversationListActivityGmail}, uid=0, locked=false, isAppLocked=false; id=5198, cmp=ComponentInfo{com.whatsapp/com.whatsapp.home.ui.HomeActivity}, uid=0, locked=false, isAppLocked=false; id=5199, cmp=ComponentInfo{com.android.chrome/com.google.android.apps.chrome.Main}, uid=0, locked=false, isAppLocked=false; id=5151, cmp=ComponentInfo{com.instagram.android/com.instagram.android.activity.MainTabActivity}, uid=0, locked=false, isAppLocked=false; id=5201, cmp=ComponentInfo{com.remoticom.energynodeinset/com.remoticom.streetlighting.MainActivity}, uid=0, locked=false, isAppLocked=false;
2025-09-16 13:19:20.298  9766-9766  AuthenticationService   com.remoticom.energynodeinset        I  Account loaded for: bob
2025-09-16 13:19:20.298  9766-9766  AuthenticationService   com.remoticom.energynodeinset        D  Service state updated with State(status=AUTHENTICATING, lastError=null, account=com.microsoft.identity.client.MultiTenantAccount@fd5d578)
2025-09-16 13:19:20.298  9766-9766  AuthenticationService   com.remoticom.energynodeinset        D  Acquiring token...
2025-09-16 13:19:20.409 23624-23737 BtGatt.ScanManager      com.android.bluetooth                I  msg.what = 6
2025-09-16 13:19:20.409  1305-1734  ExtBatteryStatsService  system_server                        D  ext-flush too soon, skip
2025-09-16 13:19:20.409  1305-1734  MyBatteryStatsHelper    system_server                        D  ===processSingleAppUsage===
2025-09-16 13:19:20.410 19804-23539 FontLog                 com.google.android.gms.persistent    I  (REDACTED) Received query %s, URI %s
2025-09-16 13:19:20.410 19804-23539 FontLog                 com.google.android.gms.persistent    I  (REDACTED) Query [%s] resolved to %s
2025-09-16 13:19:20.420 19804-23539 FontLog                 com.google.android.gms.persistent    I  (REDACTED) Fetch %s end status %s
2025-09-16 13:19:20.422 19804-23539 FontLog                 com.google.android.gms.persistent    I  (REDACTED) Pulling font file for id = %d, cache size = %d
2025-09-16 13:19:20.423 19804-22756 sqlite3_android         com.google.android.gms.persistent    E  [IKR-38846] ONEPLUS_NAME_PARTS_MATCH SQLITE_OK
2025-09-16 13:19:20.423  1099-21666 surfaceflinger          surfaceflinger                       E  [frame_perf] perfboost open boost file failed
2025-09-16 13:19:20.424  1099-3321  surfaceflinger          surfaceflinger                       E  [frame_perf] perfboost open boost file failed
2025-09-16 13:19:20.434 19804-23539 FontLog                 com.google.android.gms.persistent    I  (REDACTED) Pulling font file for id = %d, cache size = %d
2025-09-16 13:19:20.488 20117-20332 Finsky:background       com.android.vending                  I  [79482] Stats for Executor: bgExecutor ttn@fbb986f[Running, pool size = 4, active threads = 0, queued tasks = 0, completed tasks = 18]
2025-09-16 13:19:20.529  9766-9766  AuthenticationService   com.remoticom.energynodeinset        I  Token acquired silently. Token expires on Tue Sep 16 14:08:43 GMT+02:00 2025
2025-09-16 13:19:20.529  9766-9766  AuthenticationService   com.remoticom.energynodeinset        D  Service state updated with State(status=AUTHENTICATED, lastError=null, account=com.microsoft.identity.client.MultiTenantAccount@1e3faa7)
2025-09-16 13:19:20.529  9766-9766  AuthenticationService   com.remoticom.energynodeinset        D  Access Token: eyJhbGciOiJSUzI1NiIsImtpZCI6Ilg1ZVhrNHh5b2pORnVtMWtsMll0djhkbE5QNC1jNTdkTzZRR1RWQndhTmsiLCJ0eXAiOiJKV1QifQ.eyJhdWQiOiIwZTI0ZDY2ZC0xYzg0LTQzNjctYWM5OS1kNTU1MWFlYThiZDQiLCJpc3MiOiJodHRwczovL3JlbW90aWNvbWIyYy5iMmNsb2dpbi5jb20vYzEyNjU1ODQtN2EyNy00ZGQ5LTg5YjAtMDNiOGM1ZDhhZTc0L3YyLjAvIiwiZXhwIjoxNzU4MDI0NTI0LCJuYmYiOjE3NTgwMjA5MjQsIm9pZCI6ImE5NmIzMTM5LTFlNmItNDdjZC05ODQyLTNmZjA3YjNiNjZhOCIsInN1YiI6ImE5NmIzMTM5LTFlNmItNDdjZC05ODQyLTNmZjA3YjNiNjZhOCIsIm5hbWUiOiJib2IiLCJmYW1pbHlfbmFtZSI6Ii4iLCJlbWFpbHMiOlsiYi52ZHNjaG9vdEByZW1vdGljb20uY29tIl0sInRmcCI6IkIyQ18xX3NpZ251cF9zaWduaW4iLCJzY3AiOiJVc2VyLlJlYWQiLCJhenAiOiI5MjdiNDNiNC01MzUyLTQ5NDctOGUzYi1mYzJkZWE3ZWIzYzMiLCJ2ZXIiOiIxLjAiLCJpYXQiOjE3NTgwMjA5MjR9.pgMfXgdTwVWLBfIVxO2t2i_O4J6rYQuRJAig1WUWMR9tDbF0darPPmILn6dpkDjrUdIgqWvAJON6fqh3q1_7VDSXCDojym9iSrtzTWCWGE503_3vIon179LJA3rBmk2-C5h7JConqlU7E0aH0930fola67WDCrjbq8NHc8EB4nISzlkdiNXXoa5cEdxikaU7-4qTGgqqwP4Z8BcZpgP3D99laj4lVF6-NUyOy8MjqkgSBwVXahaDFGXtyQq7Q8FKsUY5FFjhIbhTKKv-PGbcKkVFbaUGxcXcz32dlz0hAUZOkQj_0oNssJJ6x9oEIUeukk_gksLu520At-bbYdrQ7w
2025-09-16 13:19:20.529  9766-9766  AuthenticationService   com.remoticom.energynodeinset        D  Service state updated with State(status=AUTHENTICATED, lastError=null, account=com.microsoft.identity.client.MultiTenantAccount@1e3faa7)
2025-09-16 13:19:20.532  9766-9766  energynodeinse          com.remoticom.energynodeinset        E  Invalid ID 0x00000000.
2025-09-16 13:19:20.563  9766-9766  energynodeinse          com.remoticom.energynodeinset        E  Invalid ID 0x00000000.
2025-09-16 13:19:20.590  1099-21666 surfaceflinger          surfaceflinger                       E  [frame_perf] perfboost open boost file failed
2025-09-16 13:19:20.610 20077-23130 FA                      net.oneplus.launcher                 I  Application backgrounded at: timestamp_millis: 1758021558608
2025-09-16 13:19:20.628 20117-20332 Finsky:background       com.android.vending                  I  [79482] Stats for Executor: LightweightExecutor ttn@2be97c[Running, pool size = 4, active threads = 0, queued tasks = 0, completed tasks = 5]
2025-09-16 13:19:20.660  9766-9766  NodeListFragment        com.remoticom.energynodeinset        D  Updating list of nodes
2025-09-16 13:19:20.675  9766-9766  NodeListFragment        com.remoticom.energynodeinset        D  Updating list of nodes
2025-09-16 13:19:20.679  9766-9766  BluetoothAdapter        com.remoticom.energynodeinset        D  isLeEnabled(): ON
2025-09-16 13:19:20.680 23624-23640 BtGatt.GattService      com.android.bluetooth                D  registerScanner() - UUID=1bcdb118-7ba3-4d58-973a-b4fc942ef336
2025-09-16 13:19:20.681 23624-23773 bt_stack                com.android.bluetooth                V  [VERBOSE1:bta_gattc_act.cc(201)] bta_gattc_register: state:2
2025-09-16 13:19:20.681 23624-23773 bt_stack                com.android.bluetooth                I  [INFO:gatt_api.cc(950)] GATT_Register 617097aa-f186-504b-84b8-4f74ea51bf7c
2025-09-16 13:19:20.681 23624-23773 bt_stack                com.android.bluetooth                I  [INFO:gatt_api.cc(970)] allocated gatt_if=9
2025-09-16 13:19:20.681 23624-23773 bt_stack                com.android.bluetooth                V  [VERBOSE1:gatt_api.cc(1080)] GATT_StartIf gatt_if=9
2025-09-16 13:19:20.681 23624-23652 BtGatt.GattService      com.android.bluetooth                D  onScannerRegistered() - UUID=1bcdb118-7ba3-4d58-973a-b4fc942ef336, scannerId=9, status=0
2025-09-16 13:19:20.681 23624-23773 bt_stack                com.android.bluetooth                V  [VERBOSE1:gatt_utils.cc(254)] gatt_find_the_connected_bda start_idx=0
2025-09-16 13:19:20.681 23624-23773 bt_stack                com.android.bluetooth                V  [VERBOSE1:gatt_utils.cc(266)]  found=0 found_idx=10
2025-09-16 13:19:20.682  9766-23176 BluetoothLeScanner      com.remoticom.energynodeinset        D  onScannerRegistered() - status=0 scannerId=9 mScannerId=0
2025-09-16 13:19:20.682 23624-23640 BtGatt.GattService      com.android.bluetooth                D  start scan with filters. callingPackage: com.remoticom.energynodeinset
2025-09-16 13:19:20.684 23624-23640 BtGatt.GattService      com.android.bluetooth                D  start scan calling from packages: com.remoticom.energynodeinset
2025-09-16 13:19:20.685 23624-23737 BtGatt.ScanManager      com.android.bluetooth                I  msg.what = 0
2025-09-16 13:19:20.686 23624-23737 BtGatt.ScanManager      com.android.bluetooth                D  handling starting scan
2025-09-16 13:19:20.688 23624-23737 BtGatt.ScanManager      com.android.bluetooth                D  isAptXLowLatencyModeEnabled: false
2025-09-16 13:19:20.689  9766-23173 System                  com.remoticom.energynodeinset        W  A resource failed to call close. 
2025-09-16 13:19:20.689   963-963   vendor.qti...bs_handler and...are.bluetooth@1.0-service-qti  D  SerialClockVote: vote for UART CLK ON
2025-09-16 13:19:20.690   963-963   vendor.qti...-wake_lock and...are.bluetooth@1.0-service-qti  D  Acquire wakelock is acquired 
2025-09-16 13:19:20.690   963-963   vendor.qti...bs_handler and...are.bluetooth@1.0-service-qti  I  DeviceWakeUp: Writing IBS_WAKE_IND
2025-09-16 13:19:20.693   963-23771 vendor.qti...bs_handler and...are.bluetooth@1.0-service-qti  I  ProcessIbsCmd: Received IBS_WAKE_ACK: 0xFC
2025-09-16 13:19:20.693   963-23771 vendor.qti...bs_handler and...are.bluetooth@1.0-service-qti  I  ProcessIbsCmd: Signal wack_cond_
2025-09-16 13:19:20.693   963-963   vendor.qti...bs_handler and...are.bluetooth@1.0-service-qti  D  DeviceWakeUp: Unblocked from waiting for FC
2025-09-16 13:19:20.693   963-23771 vendor.qti...bs_handler and...are.bluetooth@1.0-service-qti  I  ProcessIbsCmd: Received IBS_WAKE_IND: 0xFD
2025-09-16 13:19:20.693   963-23771 vendor.qti...bs_handler and...are.bluetooth@1.0-service-qti  I  ProcessIbsCmd: Writing IBS_WAKE_ACK
2025-09-16 13:19:20.694 23624-23652 BtGatt.GattService      com.android.bluetooth                D  onScanFilterEnableDisabled() - clientIf=9, status=0, action=1
2025-09-16 13:19:20.694 23624-23652 BtGatt.ScanManager      com.android.bluetooth                D  callback done for scannerId - 9 status - 0
2025-09-16 13:19:20.694 23624-23737 BtGatt.ScanManager      com.android.bluetooth                D  configureFilterParamter 500 10000 1 0, deliveryMode=0
2025-09-16 13:19:20.700  3143-3143  MDM-DataTr...eedTracker com.android.phone                    D  onDataActivity: isNewTxEvent = false, isNewRxEvent = false, isTxEndEvent = true, isRxEndEvent = true
2025-09-16 13:19:20.700  3143-3143  MDM-DataTr...eedTracker com.android.phone                    D  updateTransferSpeedData: isTx = true
2025-09-16 13:19:20.700 30462-30498 NetworkCon...troller(1) com.android.systemui                 D  notifyListeners, showSimLoadedFakeIcon :false
2025-09-16 13:19:20.701  3143-3143  MDM-DataTr...eedTracker com.android.phone                    D  updateTransferSpeedData: mCurDdsSimNetworkClass = 2, currentTxBytes = 65914446, incrementTxBytes = 52, transferTxSpeed = 52
2025-09-16 13:19:20.701  3143-3143  MDM-DataTr...eedTracker com.android.phone                    D  getBucketIndexByBelongingRange: index = 0, transferSpeed = 52
2025-09-16 13:19:20.701  3143-3143  MDM-DataTr...eedTracker com.android.phone                    D  updateTransferSpeedData: isTx = false
2025-09-16 13:19:20.702  3143-3143  MDM-DataTr...eedTracker com.android.phone                    D  updateTransferSpeedData: mCurDdsSimNetworkClass = 2, currentRxBytes = 1986473040, incrementRxBytes = 52, transferRxSpeed = 4
2025-09-16 13:19:20.702  3143-3143  MDM-DataTr...eedTracker com.android.phone                    D  getBucketIndexByBelongingRange: index = 0, transferSpeed = 4
2025-09-16 13:19:20.702  3143-3143  MDM-DataAc...ionManager com.android.phone                    D  onDataActivity: isNewEvent = false, isEndEvent = true
2025-09-16 13:19:20.702  3143-3143  MDM-DataAc...ionManager com.android.phone                    D  updateDataActiveDuration: original active duration = 5859974
