2025-09-15 17:06:26.938   963-9172  vendor.qti...-wake_lock and...are.bluetooth@1.0-service-qti  D  Acquire wakelock is acquired 
2025-09-15 17:06:26.938   963-9172  vendor.qti...bs_handler and...are.bluetooth@1.0-service-qti  I  ProcessIbsCmd: Writing IBS_WAKE_ACK
2025-09-15 17:06:26.939  9036-9174  bt_stack                com.android.bluetooth                V  [VERBOSE1:btm_inq.cc(1019)] BTM_InqDbRead: bd addr 66:85:aa:7c:e5:b8
2025-09-15 17:06:26.975 16551-16571 STSceneDetectorImpl     com.oneplus.gallery                  D  ScoringKitInit face
2025-09-15 17:06:26.979   963-9172  vendor.qti...bs_handler and...are.bluetooth@1.0-service-qti  I  ProcessIbsCmd: Received IBS_SLEEP_IND: 0xFE
2025-09-15 17:06:26.979   963-9172  vendor.qti...bs_handler and...are.bluetooth@1.0-service-qti  D  SerialClockVote: vote for UART CLK OFF
2025-09-15 17:06:27.125 16551-16571 STSceneDetectorImpl     com.oneplus.gallery                  D  ScoringKitInit face end
2025-09-15 17:06:27.125 16551-16571 SNPE                    com.oneplus.gallery                  D  1.46.0.2475
2025-09-15 17:06:27.129   963-9166  vendor.qti...-wake_lock and...are.bluetooth@1.0-service-qti  D  Release wakelock is released 
2025-09-15 17:06:27.144 16551-16566 System                  com.oneplus.gallery                  W  A resource failed to call close. 
2025-09-15 17:06:27.145 16551-16566 System                  com.oneplus.gallery                  W  A resource failed to call close. 
2025-09-15 17:06:27.189   963-9172  vendor.qti...bs_handler and...are.bluetooth@1.0-service-qti  I  ProcessIbsCmd: Received IBS_WAKE_IND: 0xFD
2025-09-15 17:06:27.189   963-9172  vendor.qti...bs_handler and...are.bluetooth@1.0-service-qti  D  SerialClockVote: vote for UART CLK ON
2025-09-15 17:06:27.190   963-9172  vendor.qti...-wake_lock and...are.bluetooth@1.0-service-qti  D  Acquire wakelock is acquired 
2025-09-15 17:06:27.190   963-9172  vendor.qti...bs_handler and...are.bluetooth@1.0-service-qti  I  ProcessIbsCmd: Writing IBS_WAKE_ACK
2025-09-15 17:06:27.191  9036-9174  bt_stack                com.android.bluetooth                V  [VERBOSE1:btm_inq.cc(1019)] BTM_InqDbRead: bd addr 66:85:aa:7c:e5:b8
2025-09-15 17:06:27.231   963-9172  vendor.qti...bs_handler and...are.bluetooth@1.0-service-qti  I  ProcessIbsCmd: Received IBS_SLEEP_IND: 0xFE
2025-09-15 17:06:27.231   963-9172  vendor.qti...bs_handler and...are.bluetooth@1.0-service-qti  D  SerialClockVote: vote for UART CLK OFF
2025-09-15 17:06:27.302  1689-1837  QMI_FW                  qcrild                               E  qmi_cci_get_ref: ref count increased 2
2025-09-15 17:06:27.304  1689-1757  QMI_FW                  qcrild                               E  qmi_cci_get_ref: ref count increased 2
2025-09-15 17:06:27.333  3143-3143  PhoneInterfaceManager   com.android.phone                    D  [PhoneIntfMgr] getPhoneFromSubId: 1
2025-09-15 17:06:27.337  1689-1757  QMI_FW                  qcrild                               E  qmi_cci_get_ref: ref count increased 2
2025-09-15 17:06:27.338  1689-1757  QMI_FW                  qcrild                               E  qmi_cci_get_ref: ref count increased 2
2025-09-15 17:06:27.346  3143-3143  MDM-OPMdmListener       com.android.phone                    D  onCellInfoChanged the cellInfo changed phoneId 0
2025-09-15 17:06:27.381   963-9166  vendor.qti...-wake_lock and...are.bluetooth@1.0-service-qti  D  Release wakelock is released 
2025-09-15 17:06:27.691   963-9172  vendor.qti...bs_handler and...are.bluetooth@1.0-service-qti  I  ProcessIbsCmd: Received IBS_WAKE_IND: 0xFD
2025-09-15 17:06:27.691   963-9172  vendor.qti...bs_handler and...are.bluetooth@1.0-service-qti  D  SerialClockVote: vote for UART CLK ON
2025-09-15 17:06:27.692   963-9172  vendor.qti...-wake_lock and...are.bluetooth@1.0-service-qti  D  Acquire wakelock is acquired 
2025-09-15 17:06:27.692   963-9172  vendor.qti...bs_handler and...are.bluetooth@1.0-service-qti  I  ProcessIbsCmd: Writing IBS_WAKE_ACK
2025-09-15 17:06:27.694  9036-9174  bt_stack                com.android.bluetooth                V  [VERBOSE1:btm_inq.cc(1019)] BTM_InqDbRead: bd addr 66:85:aa:7c:e5:b8
2025-09-15 17:06:27.733   963-9172  vendor.qti...bs_handler and...are.bluetooth@1.0-service-qti  I  ProcessIbsCmd: Received IBS_SLEEP_IND: 0xFE
2025-09-15 17:06:27.733   963-9172  vendor.qti...bs_handler and...are.bluetooth@1.0-service-qti  D  SerialClockVote: vote for UART CLK OFF
2025-09-15 17:06:27.791 16551-16571 BaseDetector            com.oneplus.gallery                  D  BaseDetector() - Version : 40010297
2025-09-15 17:06:27.883   963-9166  vendor.qti...-wake_lock and...are.bluetooth@1.0-service-qti  D  Release wakelock is released 
2025-09-15 17:06:27.949   963-9172  vendor.qti...bs_handler and...are.bluetooth@1.0-service-qti  I  ProcessIbsCmd: Received IBS_WAKE_IND: 0xFD
2025-09-15 17:06:27.949   963-9172  vendor.qti...bs_handler and...are.bluetooth@1.0-service-qti  D  SerialClockVote: vote for UART CLK ON
2025-09-15 17:06:27.950   963-9172  vendor.qti...-wake_lock and...are.bluetooth@1.0-service-qti  D  Acquire wakelock is acquired 
2025-09-15 17:06:27.950   963-9172  vendor.qti...bs_handler and...are.bluetooth@1.0-service-qti  I  ProcessIbsCmd: Writing IBS_WAKE_ACK
2025-09-15 17:06:27.952  9036-9174  bt_stack                com.android.bluetooth                V  [VERBOSE1:btm_inq.cc(1019)] BTM_InqDbRead: bd addr 66:85:aa:7c:e5:b8
2025-09-15 17:06:27.995   963-9172  vendor.qti...bs_handler and...are.bluetooth@1.0-service-qti  I  ProcessIbsCmd: Received IBS_SLEEP_IND: 0xFE
2025-09-15 17:06:27.995   963-9172  vendor.qti...bs_handler and...are.bluetooth@1.0-service-qti  D  SerialClockVote: vote for UART CLK OFF
2025-09-15 17:06:28.022 30462-30462 OpUtils                 com.android.systemui                 I  isSupportWarpCharging:false
2025-09-15 17:06:28.022 30462-30462 OpSWarpChargingView     com.android.systemui                 D  level is same as latest one [100]
2025-09-15 17:06:28.024 30462-30498 BatterySaverTile        com.android.systemui                 D  handleUpdateState, true, false
2025-09-15 17:06:28.025 30462-30462 KeyguardUpdateMonitor   com.android.systemui                 D  received broadcast android.intent.action.BATTERY_CHANGED
2025-09-15 17:06:28.025 30462-30462 OpUtils                 com.android.systemui                 I  isSupportWarpCharging:false
2025-09-15 17:06:28.025 30462-30462 KeyguardUpdateMonitor   com.android.systemui                 D  pdCharge false, chargingstatus 0, fastcharge:0
2025-09-15 17:06:28.072  3107-3107  DeviceStatisticsService com...m.qti.devicestatisticsservice  D  chargerType=2 batteryLevel=100 totalBatteryCapacity=2831200
2025-09-15 17:06:28.072  3107-3107  DeviceInfoHidlClient    com...m.qti.devicestatisticsservice  D  isPowerInfoNeverSent()=true
2025-09-15 17:06:28.145   963-9166  vendor.qti...-wake_lock and...are.bluetooth@1.0-service-qti  D  Release wakelock is released 
2025-09-15 17:06:28.196 30462-30462 ndroid.systemu          com.android.systemui                 E  Invalid ID 0x00000000.
2025-09-15 17:06:28.196 30462-30462 ndroid.systemu          com.android.systemui                 E  Invalid ID 0x00000000.
2025-09-15 17:06:28.199   963-9172  vendor.qti...bs_handler and...are.bluetooth@1.0-service-qti  I  ProcessIbsCmd: Received IBS_WAKE_IND: 0xFD
2025-09-15 17:06:28.199   963-9172  vendor.qti...bs_handler and...are.bluetooth@1.0-service-qti  D  SerialClockVote: vote for UART CLK ON
2025-09-15 17:06:28.199   963-9172  vendor.qti...-wake_lock and...are.bluetooth@1.0-service-qti  D  Acquire wakelock is acquired 
2025-09-15 17:06:28.199   963-9172  vendor.qti...bs_handler and...are.bluetooth@1.0-service-qti  I  ProcessIbsCmd: Writing IBS_WAKE_ACK
2025-09-15 17:06:28.202  9036-9174  bt_stack                com.android.bluetooth                V  [VERBOSE1:btm_inq.cc(1019)] BTM_InqDbRead: bd addr 66:85:aa:7c:e5:b8
2025-09-15 17:06:28.240   963-9172  vendor.qti...bs_handler and...are.bluetooth@1.0-service-qti  I  ProcessIbsCmd: Received IBS_SLEEP_IND: 0xFE
2025-09-15 17:06:28.240   963-9172  vendor.qti...bs_handler and...are.bluetooth@1.0-service-qti  D  SerialClockVote: vote for UART CLK OFF
2025-09-15 17:06:28.356   963-9172  vendor.qti...bs_handler and...are.bluetooth@1.0-service-qti  I  ProcessIbsCmd: Received IBS_WAKE_IND: 0xFD
2025-09-15 17:06:28.357   963-9172  vendor.qti...bs_handler and...are.bluetooth@1.0-service-qti  D  SerialClockVote: vote for UART CLK ON
2025-09-15 17:06:28.357   963-9172  vendor.qti...bs_handler and...are.bluetooth@1.0-service-qti  I  ProcessIbsCmd: Writing IBS_WAKE_ACK
2025-09-15 17:06:28.358  9036-9174  bt_stack                com.android.bluetooth                V  [VERBOSE1:btm_inq.cc(1019)] BTM_InqDbRead: bd addr 50:3c:95:59:75:ae
2025-09-15 17:06:28.398   963-9172  vendor.qti...bs_handler and...are.bluetooth@1.0-service-qti  I  ProcessIbsCmd: Received IBS_SLEEP_IND: 0xFE
2025-09-15 17:06:28.398   963-9172  vendor.qti...bs_handler and...are.bluetooth@1.0-service-qti  D  SerialClockVote: vote for UART CLK OFF
2025-09-15 17:06:28.442   963-9172  vendor.qti...bs_handler and...are.bluetooth@1.0-service-qti  I  ProcessIbsCmd: Received IBS_WAKE_IND: 0xFD
2025-09-15 17:06:28.442   963-9172  vendor.qti...bs_handler and...are.bluetooth@1.0-service-qti  D  SerialClockVote: vote for UART CLK ON
2025-09-15 17:06:28.442   963-9172  vendor.qti...bs_handler and...are.bluetooth@1.0-service-qti  I  ProcessIbsCmd: Writing IBS_WAKE_ACK
2025-09-15 17:06:28.444  9036-9174  bt_stack                com.android.bluetooth                V  [VERBOSE1:btm_inq.cc(1019)] BTM_InqDbRead: bd addr 66:85:aa:7c:e5:b8
2025-09-15 17:06:28.444 16551-16571 FaceDetect              com.oneplus.gallery                  V  FaceDetect Create Handle:520236761264
2025-09-15 17:06:28.445 16551-16571 STFaceDetectorImpl      com.oneplus.gallery                  D  createDetector() - Only detect face info
2025-09-15 17:06:28.445 16551-16571 STFaceDetectorImpl      com.oneplus.gallery                  D  createDetector() - InitLicense cost time : 0, copy and new instance cost time : 653
2025-09-15 17:06:28.452 16551-16571 STVideoClipAPI          com.oneplus.gallery                  I  st_video_keyclip_by_file in 
2025-09-15 17:06:28.469  1364-21347 QComExtractorFactory    media.extractor                      I   Sniff 3GP success <== format:10
2025-09-15 17:06:28.469  1364-21347 MM_OSAL                 media.extractor                      E  FileSource::FileSource
2025-09-15 17:06:28.469  1364-21347 MM_OSAL                 media.extractor                      E  FileSource::FileSource m_bEveryThingOK 1
2025-09-15 17:06:28.474  1364-21347 QComExtractorFactory    media.extractor                      I  Format:10, numTracks:1
2025-09-15 17:06:28.474  1364-21347 QComExtractorFactory    media.extractor                      D  Sniff  trackList[0].majorType :2  mAudioCodec :0 
2025-09-15 17:06:28.478  1364-21347 SampleTable             media.extractor                      I  There are reordered frames present.
2025-09-15 17:06:28.483   963-9172  vendor.qti...bs_handler and...are.bluetooth@1.0-service-qti  I  ProcessIbsCmd: Received IBS_SLEEP_IND: 0xFE
2025-09-15 17:06:28.483   963-9172  vendor.qti...bs_handler and...are.bluetooth@1.0-service-qti  D  SerialClockVote: vote for UART CLK OFF
2025-09-15 17:06:28.483  1364-21347 MediaBufferGroup        media.extractor                      D  creating MemoryDealer
2025-09-15 17:06:28.487  1373-20371 ResourceManagerService  mediaserver                          E  Rejected reclaimResourcesFromClientsPendingRemoval call with invalid pid.
2025-09-15 17:06:28.497 16551-16685 OMXClient               com.oneplus.gallery                  I  IOmx service obtained
2025-09-15 17:06:28.497  1404-28384 OMXMaster               media.codec                          I  makeComponentInstance(OMX.qcom.video.decoder.avc) in android.hardwar process
2025-09-15 17:06:28.511  1404-28384 android.ha....0-service media.codec                          E  Service not available yet
2025-09-15 17:06:28.514  1404-28384 OMX_VPP                 media.codec                          I  Constructed VppOmxComponent
2025-09-15 17:06:28.516  1404-28384 PlatformConfig          media.codec                          D  getInstance: Enter
2025-09-15 17:06:28.516  1404-28384 PlatformConfig          media.codec                          D  getInt32 Config name: vidc_dec_log_in value: 0
2025-09-15 17:06:28.516  1404-28384 PlatformConfig          media.codec                          D  getInstance: Enter
2025-09-15 17:06:28.516  1404-28384 PlatformConfig          media.codec                          D  getInt32 Config name: vidc_dec_log_out value: 0
2025-09-15 17:06:28.516  1404-28384 PlatformConfig          media.codec                          D  getInstance: Enter
2025-09-15 17:06:28.516  1404-28384 PlatformConfig          media.codec                          D  getInt32 Config name: vidc_dec_hfr_fps value: 0
2025-09-15 17:06:28.516  1404-28384 PlatformConfig          media.codec                          D  getInstance: Enter
2025-09-15 17:06:28.516  1404-28384 PlatformConfig          media.codec                          D  getInt32 Config name: vidc_dec_arb_mode_override value: 4
2025-09-15 17:06:28.523   607-607   SELinux                 hwservicemanager                     E  avc:  denied  { find } for interface=vendor.qti.hardware.perf::IPerf sid=u:r:mediacodec:s0 pid=1404 scontext=u:r:mediacodec:s0 tcontext=u:object_r:vendor_hal_perf_hwservice:s0 tclass=hwservice_manager permissive=0
2025-09-15 17:06:28.524  1404-28384 ANDR-PERF               media.codec                          E  IPerf:: Perf HAL Service is not available.
2025-09-15 17:06:28.524  1404-28384 OMX-VDEC-1080P          media.codec                          I  Video slvp perflock acquired
2025-09-15 17:06:28.525  1404-28384 OMX-VDEC-1080P          media.codec                          I  component_init: OMX.qcom.video.decoder.avc : fd=8
2025-09-15 17:06:28.525  1404-28384 OMX-VDEC-1080P          media.codec                          E  Unsupported output color format for c2d (2141391876)
2025-09-15 17:06:28.525  1404-28384 OMX-VDEC-1080P          media.codec                          E  Setting color format failed
2025-09-15 17:06:28.529  1404-28384 PlatformConfig          media.codec                          D  getInstance: Enter
2025-09-15 17:06:28.529  1404-28384 PlatformConfig          media.codec                          D  getInt32: Returning default
2025-09-15 17:06:28.529  1404-28384 PlatformConfig          media.codec                          D  getInstance: Enter
2025-09-15 17:06:28.529  1404-28384 PlatformConfig          media.codec                          D  getInt32: Returning default
2025-09-15 17:06:28.530  1404-28384 OMX-VDEC-1080P          media.codec                          I  omx_vdec::component_init() success : fd=8
2025-09-15 17:06:28.532  1404-28384 OMX_VPP                 media.codec                          E  Calling vpp_init. 
2025-09-15 17:06:28.533  1404-28384 OMX_VPP                 media.codec                          I  component_init: fully completed with decoder(OMX.qcom.video.decoder.avc)
2025-09-15 17:06:28.535  1373-20371 ResourceManagerService  mediaserver                          E  Rejected addResource call with invalid pid.
2025-09-15 17:06:28.535  1404-28384 OMX-VDEC-1080P          media.codec                          E  Extension: OMX.google.android.index.storeANWBufferInMetadata not implemented
2025-09-15 17:06:28.535  1404-28384 OMX-VDEC-1080P          media.codec                          E  Extension: OMX.google.android.index.configureVideoTunnelMode not implemented
2025-09-15 17:06:28.535  1404-28384 OMX-VDEC-1080P          media.codec                          E  Extension: OMX.google.android.index.useAndroidNativeBuffer is supported
2025-09-15 17:06:28.535 16551-16685 ExtendedACodec          com.oneplus.gallery                  I  Vendor Extension disabled for SDM845 17819
2025-09-15 17:06:28.536 16551-16685 ExtendedACodec          com.oneplus.gallery                  I  setupVideoDecoder()
2025-09-15 17:06:28.537  1404-26044 OMX_VPP                 media.codec                          I  set parameter: set vpp prop fps = 60
2025-09-15 17:06:28.538   607-607   SELinux                 hwservicemanager                     E  avc:  denied  { find } for interface=vendor.qti.hardware.perf::IPerf sid=u:r:mediacodec:s0 pid=1404 scontext=u:r:mediacodec:s0 tcontext=u:object_r:vendor_hal_perf_hwservice:s0 tclass=hwservice_manager permissive=0
2025-09-15 17:06:28.538  1404-26044 ANDR-PERF               media.codec                          E  IPerf:: Perf HAL Service is not available.
2025-09-15 17:06:28.538  1404-26044 OMX-VDEC-1080P          media.codec                          I  C2D: Set Resolution, Interlace(false) Conversion(0XA -> 0X3) src(1440X779) dest(1440X779)
2025-09-15 17:06:28.541  1404-28384 OMX-VDEC-1080P          media.codec                          I  C2D: Set Resolution, Interlace(false) Conversion(0XA -> 0X3) src(1440X779) dest(1440X779)
2025-09-15 17:06:28.549  1404-26044 OMX_VPP                 media.codec                          I  bypass vpp, color(vpp:6) is not supported 0x000000000000003f
2025-09-15 17:06:28.549  1404-26044 OMX-VDEC-1080P          media.codec                          I  C2D: Set Resolution, Interlace(false) Conversion(0XA -> 0X3) src(1440X779) dest(1440X779)
2025-09-15 17:06:28.550  1404-30979 OMX-VDEC-1080P          media.codec                          E  Extension: OMX.google.android.index.describeHDR10PlusInfo not implemented
2025-09-15 17:06:28.550 16551-16685 ExtendedACodec          com.oneplus.gallery                  I  Decoder will be in frame by frame mode
2025-09-15 17:06:28.553  1404-26044 OMX-VDEC-1080P          media.codec                          I  C2D: Set Resolution, Interlace(false) Conversion(0XA -> 0X3) src(1440X779) dest(1440X779)
2025-09-15 17:06:28.553  1404-30979 OMX-VDEC-1080P          media.codec                          I  C2D: Set Resolution, Interlace(false) Conversion(0XA -> 0X3) src(1440X779) dest(1440X779)
2025-09-15 17:06:28.553  1404-26044 OMXNodeInstance         media.codec                          E  getParameter(0xee2833f4:qcom.decoder.avc, ??(0x7f000044)) ERROR: UnsupportedSetting(0x80001019)
2025-09-15 17:06:28.556  1404-28384 OMX_VPP                 media.codec                          I  send_command In 0 param1 2
2025-09-15 17:06:28.582  1404-9881  OMX-VDEC-1080P          media.codec                          I  C2D: Set Resolution, Interlace(false) Conversion(0XA -> 0X3) src(1440X779) dest(1440X779)
2025-09-15 17:06:28.607  1404-26044 OMX-VDEC-1080P          media.codec                          I  C2D: Set Resolution, Interlace(false) Conversion(0XA -> 0X3) src(1440X779) dest(1440X779)
2025-09-15 17:06:28.609  1373-20371 ResourceManagerService  mediaserver                          E  Rejected addResource call with invalid pid.
2025-09-15 17:06:28.609  1404-26044 OMX_VPP                 media.codec                          I  send_command In 0 param1 3
2025-09-15 17:06:28.633   963-9166  vendor.qti...-wake_lock and...are.bluetooth@1.0-service-qti  D  Release wakelock is released 
2025-09-15 17:06:28.657 30462-30498 NetworkCon...troller(1) com.android.systemui                 D  onSignalStrengthsChanged signalStrength=SignalStrength:{mCdma=CellSignalStrengthCdma: cdmaDbm=2147483647 cdmaEcio=2147483647 evdoDbm=2147483647 evdoEcio=2147483647 evdoSnr=2147483647 level=0 oplevel=0,mGsm=CellSignalStrengthGsm: rssi=2147483647 ber=2147483647 mTa=2147483647 mLevel=0,mWcdma=CellSignalStrengthWcdma: ss=2147483647 ber=2147483647 rscp=2147483647 ecno=2147483647 level=0 oplevel=0,mTdscdma=CellSignalStrengthTdscdma: rssi=2147483647 ber=2147483647 rscp=2147483647 level=0,mLte=CellSignalStrengthLte: rssi=-73 rsrp=-105 rsrq=-11 rssnr=9 cqi=2147483647 ta=2147483647 level=3 parametersUseForLevel=0 oplevel=3,mNr=CellSignalStrengthNr:{ csiRsrp = 2147483647 csiRsrq = 2147483647 csiSinr = 2147483647 ssRsrp = 2147483647 ssRsrq = 2147483647 ssSinr = 2147483647 level = 0 parametersUseForLevel = 0 },primary=CellSignalStrengthLte,voice level =3,data level =4,isGsm =true} level=4 voicelevel=3 datalevel=4
2025-09-15 17:06:28.663 21080-4878  NearbyDiscovery         com.google.android.gms.persistent    I  (REDACTED) FastPairScanner: isScreenOn=%s, isLocationEnabled=%s, disableLocationRequirement=%s, isDiscoveryScanningEnabled=%s, during24GhzWifiWarmingUpPeriod=%s
2025-09-15 17:06:28.665 21080-4878  BluetoothAdapter        com.google.android.gms.persistent    D  isLeEnabled(): ON
2025-09-15 17:06:28.666 21080-4878  NearbyDiscovery         com.google.android.gms.persistent    I  (REDACTED) FastPairScanner: eventType=%s, intReq=%s, scanning=%s, scanAllowed=%s, bleEnabled=%s, lockScanRate=%s, startScanningByLowPowerMode=%s
2025-09-15 17:06:28.666 21080-4878  NearbyDiscovery         com.google.android.gms.persistent    I  (REDACTED) FastPairScanner: Stopping scan, %s
2025-09-15 17:06:28.668 30462-30498 NetworkCon...troller(1) com.android.systemui                 D  onSignalStrengthsChanged signalStrength=SignalStrength:{mCdma=CellSignalStrengthCdma: cdmaDbm=2147483647 cdmaEcio=2147483647 evdoDbm=2147483647 evdoEcio=2147483647 evdoSnr=2147483647 level=0 oplevel=0,mGsm=CellSignalStrengthGsm: rssi=2147483647 ber=2147483647 mTa=2147483647 mLevel=0,mWcdma=CellSignalStrengthWcdma: ss=2147483647 ber=2147483647 rscp=2147483647 ecno=2147483647 level=0 oplevel=0,mTdscdma=CellSignalStrengthTdscdma: rssi=2147483647 ber=2147483647 rscp=2147483647 level=0,mLte=CellSignalStrengthLte: rssi=-73 rsrp=-105 rsrq=-11 rssnr=9 cqi=2147483647 ta=2147483647 level=3 parametersUseForLevel=0 oplevel=3,mNr=CellSignalStrengthNr:{ csiRsrp = 2147483647 csiRsrq = 2147483647 csiSinr = 2147483647 ssRsrp = 2147483647 ssRsrq = 2147483647 ssSinr = 2147483647 level = 0 parametersUseForLevel = 0 },primary=CellSignalStrengthLte,voice level =3,data level =3,isGsm =true} level=3 voicelevel=3 datalevel=3
2025-09-15 17:06:28.670 21080-4878  BluetoothAdapter        com.google.android.gms.persistent    D  isLeEnabled(): ON
2025-09-15 17:06:28.671  9036-10665 BtGatt.GattService      com.android.bluetooth                D  stopScan() - queue size =4
2025-09-15 17:06:28.673  9036-9161  BtGatt.ScanManager      com.android.bluetooth                I  msg.what = 1
2025-09-15 17:06:28.673   963-963   vendor.qti...bs_handler and...are.bluetooth@1.0-service-qti  D  SerialClockVote: vote for UART CLK ON
2025-09-15 17:06:28.674   963-963   vendor.qti...-wake_lock and...are.bluetooth@1.0-service-qti  D  Acquire wakelock is acquired 
2025-09-15 17:06:28.674   963-963   vendor.qti...bs_handler and...are.bluetooth@1.0-service-qti  I  DeviceWakeUp: Writing IBS_WAKE_IND
2025-09-15 17:06:28.675   963-9172  vendor.qti...bs_handler and...are.bluetooth@1.0-service-qti  I  ProcessIbsCmd: Received IBS_WAKE_ACK: 0xFC
2025-09-15 17:06:28.675   963-9172  vendor.qti...bs_handler and...are.bluetooth@1.0-service-qti  I  ProcessIbsCmd: Signal wack_cond_
2025-09-15 17:06:28.675   963-963   vendor.qti...bs_handler and...are.bluetooth@1.0-service-qti  D  DeviceWakeUp: Unblocked from waiting for FC
2025-09-15 17:06:28.675  9036-9164  bt_osi_wakelock         com.android.bluetooth                E  wakelock_acquire wakelock acquired
2025-09-15 17:06:28.675   963-9172  vendor.qti...bs_handler and...are.bluetooth@1.0-service-qti  I  ProcessIbsCmd: Received IBS_WAKE_IND: 0xFD
2025-09-15 17:06:28.675   963-9172  vendor.qti...bs_handler and...are.bluetooth@1.0-service-qti  I  ProcessIbsCmd: Writing IBS_WAKE_ACK
2025-09-15 17:06:28.675  9036-10625 BtGatt.GattService      com.android.bluetooth                D  unregisterScanner() - scannerId=5
2025-09-15 17:06:28.676  9036-9174  bt_stack                com.android.bluetooth                V  [VERBOSE1:gatt_api.cc(993)] GATT_Deregister gatt_if=5
2025-09-15 17:06:28.677  9036-9057  bt_osi_wakelock         com.android.bluetooth                E  wakelock_release wakelock released
2025-09-15 17:06:28.682  9036-9174  bt_stack                com.android.bluetooth                V  [VERBOSE1:connection_manager.cc(161)] on_app_deregistered : app_id 0x05
2025-09-15 17:06:28.682  9036-9066  BtGatt.GattService      com.android.bluetooth                D  onScanFilterParamsConfigured() - clientIf=5, status=0, action=1, availableSpace=10
2025-09-15 17:06:28.682  9036-9066  BtGatt.ScanManager      com.android.bluetooth                D  callback done for scannerId - 5 status - 0
2025-09-15 17:06:28.683  9036-9164  bt_osi_wakelock         com.android.bluetooth                E  wakelock_acquire wakelock acquired
2025-09-15 17:06:28.683  9036-9057  bt_osi_wakelock         com.android.bluetooth                E  wakelock_release wakelock released
2025-09-15 17:06:28.683  9036-9066  BtGatt.GattService      com.android.bluetooth                D  onScanFilterParamsConfigured() - clientIf=5, status=0, action=1, availableSpace=11
2025-09-15 17:06:28.683  9036-9066  BtGatt.ScanManager      com.android.bluetooth                D  callback done for scannerId - 5 status - 0
2025-09-15 17:06:28.684  9036-9164  bt_osi_wakelock         com.android.bluetooth                E  wakelock_acquire wakelock acquired
2025-09-15 17:06:28.684  9036-9057  bt_osi_wakelock         com.android.bluetooth                E  wakelock_release wakelock released
2025-09-15 17:06:28.684  9036-9066  BtGatt.GattService      com.android.bluetooth                D  onScanFilterParamsConfigured() - clientIf=5, status=0, action=1, availableSpace=12
2025-09-15 17:06:28.684  9036-9066  BtGatt.ScanManager      com.android.bluetooth                D  callback done for scannerId - 5 status - 0
2025-09-15 17:06:28.684  9036-9161  BtGatt.ScanManager      com.android.bluetooth                D  configureRegularScanParams() - queue=3
2025-09-15 17:06:28.684  9036-9161  BtGatt.ScanManager      com.android.bluetooth                D  configureRegularScanParams() - ScanSetting LE 1M Scan mode=1ScanSetting LE Coded Scan mode=1 mLastConfiguredScanSettingLE1M=2 mLastConfiguredScanSettingLECoded=1scanPhy=255
2025-09-15 17:06:28.685  9036-9161  BtGatt.ScanManager      com.android.bluetooth                D  configureRegularScanParams - scanInterval LE 1M = 730configureRegularScanParams - scanWindow LE 1M= 183configureRegularScanParams - scanInterval LE Coded= 730configureRegularScanParams - scanWindow LE Coded= 183
2025-09-15 17:06:28.685  9036-9164  bt_osi_wakelock         com.android.bluetooth                E  wakelock_acquire wakelock acquired
2025-09-15 17:06:28.686  9036-9066  BtGatt.GattService      com.android.bluetooth                D  onScanParamSetupCompleted : 0
2025-09-15 17:06:28.688  9036-9057  bt_osi_wakelock         com.android.bluetooth                E  wakelock_release wakelock released
2025-09-15 17:06:28.689 21080-4878  NearbyDiscovery         com.google.android.gms.persistent    I  (REDACTED) FastPairScanner: isScreenOn=%s, isLocationEnabled=%s, disableLocationRequirement=%s, isDiscoveryScanningEnabled=%s, during24GhzWifiWarmingUpPeriod=%s
2025-09-15 17:06:28.689 21080-4878  NearbyDiscovery         com.google.android.gms.persistent    I  (REDACTED) FastPairScanner: Start scanning internally, %s
2025-09-15 17:06:28.690  9036-9164  bt_osi_wakelock         com.android.bluetooth                E  wakelock_acquire wakelock acquired
2025-09-15 17:06:28.690 21080-4878  BluetoothAdapter        com.google.android.gms.persistent    D  isLeEnabled(): ON
2025-09-15 17:06:28.691  9036-9057  bt_osi_wakelock         com.android.bluetooth                E  wakelock_release wakelock released
2025-09-15 17:06:28.692  9036-9164  bt_osi_wakelock         com.android.bluetooth                E  wakelock_acquire wakelock acquired
2025-09-15 17:06:28.692  9036-10665 BtGatt.GattService      com.android.bluetooth                D  registerScanner() - UUID=159e56bb-9338-439d-b29d-ffd1b7602417
2025-09-15 17:06:28.692  9036-9057  bt_osi_wakelock         com.android.bluetooth                E  wakelock_release wakelock released
2025-09-15 17:06:28.692  9036-9174  bt_stack                com.android.bluetooth                V  [VERBOSE1:bta_gattc_act.cc(201)] bta_gattc_register: state:2
2025-09-15 17:06:28.692  9036-9174  bt_stack                com.android.bluetooth                I  [INFO:gatt_api.cc(950)] GATT_Register 34c33ebf-b2d7-d95c-243a-c0cee1145ebf
2025-09-15 17:06:28.692  9036-9174  bt_stack                com.android.bluetooth                I  [INFO:gatt_api.cc(970)] allocated gatt_if=5
2025-09-15 17:06:28.693  9036-9174  bt_stack                com.android.bluetooth                V  [VERBOSE1:gatt_api.cc(1080)] GATT_StartIf gatt_if=5
2025-09-15 17:06:28.693  9036-9174  bt_stack                com.android.bluetooth                V  [VERBOSE1:gatt_utils.cc(254)] gatt_find_the_connected_bda start_idx=0
2025-09-15 17:06:28.693  9036-9174  bt_stack                com.android.bluetooth                V  [VERBOSE1:gatt_utils.cc(266)]  found=0 found_idx=10
2025-09-15 17:06:28.693  9036-9066  BtGatt.GattService      com.android.bluetooth                D  onScannerRegistered() - UUID=159e56bb-9338-439d-b29d-ffd1b7602417, scannerId=5, status=0
2025-09-15 17:06:28.693 21080-21097 BluetoothLeScanner      com.google.android.gms.persistent    D  onScannerRegistered() - status=0 scannerId=5 mScannerId=0
2025-09-15 17:06:28.693  9036-9164  bt_osi_wakelock         com.android.bluetooth                E  wakelock_acquire wakelock acquired
2025-09-15 17:06:28.694  9036-10665 BtGatt.GattService      com.android.bluetooth                D  start scan with filters. callingPackage: com.google.android.gms
2025-09-15 17:06:28.694 30462-30498 NetworkCon...troller(1) com.android.systemui                 D  notifyListeners, showSimLoadedFakeIcon :false
2025-09-15 17:06:28.694  9036-9057  bt_osi_wakelock         com.android.bluetooth                E  wakelock_release wakelock released
2025-09-15 17:06:28.695  9036-10665 BtGatt.GattService      com.android.bluetooth                D  start scan calling from packages: com.google.android.gms
2025-09-15 17:06:28.698  9036-9161  BtGatt.ScanManager      com.android.bluetooth                I  msg.what = 0
2025-09-15 17:06:28.698  9036-9161  BtGatt.ScanManager      com.android.bluetooth                D  handling starting scan
2025-09-15 17:06:28.698 21080-4878  NearbyDiscovery         com.google.android.gms.persistent    I  (REDACTED) FastPairScanner: Starting %s scanning
2025-09-15 17:06:28.699  9036-9161  BtGatt.ScanManager      com.android.bluetooth                D  isAptXLowLatencyModeEnabled: false
2025-09-15 17:06:28.699  9036-9164  bt_osi_wakelock         com.android.bluetooth                E  wakelock_acquire wakelock acquired
2025-09-15 17:06:28.700  9036-9057  bt_osi_wakelock         com.android.bluetooth                E  wakelock_release wakelock released
2025-09-15 17:06:28.700  9036-9066  BtGatt.GattService      com.android.bluetooth                D  onScanFilterEnableDisabled() - clientIf=5, status=0, action=1
2025-09-15 17:06:28.700  9036-9066  BtGatt.ScanManager      com.android.bluetooth                D  callback done for scannerId - 5 status - 0
2025-09-15 17:06:28.701  9036-9161  BtGatt.ScanManager      com.android.bluetooth                D  Available Filter size: 9
2025-09-15 17:06:28.701  9036-9066  BtGatt.GattService      com.android.bluetooth                D  onScanFilterConfig() - clientIf=5, action = 0 status = 0, filterType=0, availableSpace=0
2025-09-15 17:06:28.701  9036-9066  BtGatt.ScanManager      com.android.bluetooth                D  callback done for scannerId - 5 status - 0
2025-09-15 17:06:28.701  9036-9161  BtGatt.ScanManager      com.android.bluetooth                D  configureFilterParamter 500 10000 1 0, deliveryMode=0
2025-09-15 17:06:28.702  9036-9164  bt_osi_wakelock         com.android.bluetooth                E  wakelock_acquire wakelock acquired
2025-09-15 17:06:28.703  9036-9057  bt_osi_wakelock         com.android.bluetooth                E  wakelock_release wakelock released
2025-09-15 17:06:28.703  9036-9164  bt_osi_wakelock         com.android.bluetooth                E  wakelock_acquire wakelock acquired
2025-09-15 17:06:28.704  9036-9057  bt_osi_wakelock         com.android.bluetooth                E  wakelock_release wakelock released
2025-09-15 17:06:28.704 30462-30462 ndroid.systemu          com.android.systemui                 E  Invalid ID 0x00000000.
2025-09-15 17:06:28.704  9036-9066  BtGatt.GattService      com.android.bluetooth                D  onScanFilterParamsConfigured() - clientIf=5, status=0, action=0, availableSpace=11
2025-09-15 17:06:28.704 30462-30462 ndroid.systemu          com.android.systemui                 E  Invalid ID 0x00000000.
2025-09-15 17:06:28.704  9036-9066  BtGatt.ScanManager      com.android.bluetooth                D  callback done for scannerId - 5 status - 0
2025-09-15 17:06:28.705  9036-9066  BtGatt.GattService      com.android.bluetooth                D  onScanFilterConfig() - clientIf=5, action = 0 status = 0, filterType=0, availableSpace=0
2025-09-15 17:06:28.705  9036-9066  BtGatt.ScanManager      com.android.bluetooth                D  callback done for scannerId - 5 status - 0
2025-09-15 17:06:28.705  9036-9161  BtGatt.ScanManager      com.android.bluetooth                D  configureFilterParamter 500 10000 1 0, deliveryMode=0
2025-09-15 17:06:28.705  9036-9164  bt_osi_wakelock         com.android.bluetooth                E  wakelock_acquire wakelock acquired
2025-09-15 17:06:28.706  9036-9057  bt_osi_wakelock         com.android.bluetooth                E  wakelock_release wakelock released
2025-09-15 17:06:28.707  9036-9164  bt_osi_wakelock         com.android.bluetooth                E  wakelock_acquire wakelock acquired
2025-09-15 17:06:28.707 30462-30462 ndroid.systemu          com.android.systemui                 E  Invalid ID 0x00000000.
2025-09-15 17:06:28.707  9036-9057  bt_osi_wakelock         com.android.bluetooth                E  wakelock_release wakelock released
2025-09-15 17:06:28.708  9036-9066  BtGatt.GattService      com.android.bluetooth                D  onScanFilterParamsConfigured() - clientIf=5, status=0, action=0, availableSpace=10
2025-09-15 17:06:28.708  9036-9066  BtGatt.ScanManager      com.android.bluetooth                D  callback done for scannerId - 5 status - 0
2025-09-15 17:06:28.709  9036-9066  BtGatt.GattService      com.android.bluetooth                D  onScanFilterConfig() - clientIf=5, action = 0 status = 0, filterType=0, availableSpace=0
2025-09-15 17:06:28.709  9036-9066  BtGatt.ScanManager      com.android.bluetooth                D  callback done for scannerId - 5 status - 0
2025-09-15 17:06:28.709  9036-9164  bt_osi_wakelock         com.android.bluetooth                E  wakelock_acquire wakelock acquired
2025-09-15 17:06:28.709  9036-9161  BtGatt.ScanManager      com.android.bluetooth                D  configureFilterParamter 500 10000 1 0, deliveryMode=0
2025-09-15 17:06:28.710  9036-9057  bt_osi_wakelock         com.android.bluetooth                E  wakelock_release wakelock released
2025-09-15 17:06:28.711  9036-9164  bt_osi_wakelock         com.android.bluetooth                E  wakelock_acquire wakelock acquired
2025-09-15 17:06:28.712  9036-9057  bt_osi_wakelock         com.android.bluetooth                E  wakelock_release wakelock released
2025-09-15 17:06:28.712  9036-9066  BtGatt.GattService      com.android.bluetooth                D  onScanFilterParamsConfigured() - clientIf=5, status=0, action=0, availableSpace=9
2025-09-15 17:06:28.712  9036-9066  BtGatt.ScanManager      com.android.bluetooth                D  callback done for scannerId - 5 status - 0
2025-09-15 17:06:28.712  9036-9161  BtGatt.ScanManager      com.android.bluetooth                D  configureRegularScanParams() - queue=4
2025-09-15 17:06:28.712  9036-9161  BtGatt.ScanManager      com.android.bluetooth                D  configureRegularScanParams() - ScanSetting LE 1M Scan mode=1ScanSetting LE Coded Scan mode=1 mLastConfiguredScanSettingLE1M=1 mLastConfiguredScanSettingLECoded=1scanPhy=255
2025-09-15 17:06:28.751   963-9172  vendor.qti...bs_handler and...are.bluetooth@1.0-service-qti  I  ProcessIbsCmd: Received IBS_SLEEP_IND: 0xFE
2025-09-15 17:06:28.767 16551-16571 KeyClip                 com.oneplus.gallery                  W  [Init:software_decoder.cpp(194)] codec_context.pix_fmt = 0
2025-09-15 17:06:28.786  1404-16687 OMX-VDEC-1080P          media.codec                          E  Cannot change C2D buffer requirements with 12 active allocations
2025-09-15 17:06:28.786  1404-16687 OMX-VDEC-1080P          media.codec                          E  client_buffers.update_buffer_req Failed
2025-09-15 17:06:28.787  1404-28384 OMX-VDEC-1080P          media.codec                          E  Cannot change C2D buffer requirements with 12 active allocations
2025-09-15 17:06:28.787  1404-28384 OMX-VDEC-1080P          media.codec                          E  client_buffers.update_buffer_req Failed
2025-09-15 17:06:28.787  1404-28384 OMXNodeInstance         media.codec                          E  getParameter(0xee2833f4:qcom.decoder.avc, ParamPortDefinition(0x2000001)) ERROR: Hardware(0x80001009)
2025-09-15 17:06:28.787 16551-16685 ExtendedACodec          com.oneplus.gallery                  E  Failed to getParameter for port 1
2025-09-15 17:06:28.787 16551-16685 ACodec                  com.oneplus.gallery                  E  [OMX.qcom.video.decoder.avc] Failed to get port format to send format change
2025-09-15 17:06:28.787  1404-9881  OMX_VPP                 media.codec                          I  send_command In 2 param1 1
2025-09-15 17:06:28.789  1404-9881  OMX_VPP                 media.codec                          E  failed to unregister buffer=0xeae47c10, sz=0, pools {dec=0, vpp=0}
2025-09-15 17:06:28.789  1404-9881  OMX_VPP                 media.codec                          E  DebugBuffers:
2025-09-15 17:06:28.790  1404-9881  OMX_VPP                 media.codec                          E  failed to unregister buffer=0xeae47c60, sz=0, pools {dec=0, vpp=0}
2025-09-15 17:06:28.790  1404-9881  OMX_VPP                 media.codec                          E  DebugBuffers:
2025-09-15 17:06:28.791  1404-28384 OMX_VPP                 media.codec                          E  failed to unregister buffer=0xeae47cb0, sz=0, pools {dec=0, vpp=0}
2025-09-15 17:06:28.792  1404-28384 OMX_VPP                 media.codec                          E  DebugBuffers:
2025-09-15 17:06:28.793  1404-30978 OMX_VPP                 media.codec                          E  failed to unregister buffer=0xeae47d00, sz=0, pools {dec=0, vpp=0}
2025-09-15 17:06:28.793  1404-30978 OMX_VPP                 media.codec                          E  DebugBuffers:
2025-09-15 17:06:28.794  1404-26044 OMX_VPP                 media.codec                          E  failed to unregister buffer=0xeae47d50, sz=0, pools {dec=0, vpp=0}
2025-09-15 17:06:28.794  1404-26044 OMX_VPP                 media.codec                          E  DebugBuffers:
2025-09-15 17:06:28.795  1404-28384 OMX_VPP                 media.codec                          E  failed to unregister buffer=0xeae47da0, sz=0, pools {dec=0, vpp=0}
2025-09-15 17:06:28.795  1404-28384 OMX_VPP                 media.codec                          E  DebugBuffers:
2025-09-15 17:06:28.796  1404-26044 OMX_VPP                 media.codec                          E  failed to unregister buffer=0xeae47df0, sz=0, pools {dec=0, vpp=0}
2025-09-15 17:06:28.796  1404-26044 OMX_VPP                 media.codec                          E  DebugBuffers:
2025-09-15 17:06:28.797  1404-28384 OMX_VPP                 media.codec                          E  failed to unregister buffer=0xeae47e40, sz=0, pools {dec=0, vpp=0}
2025-09-15 17:06:28.797  1404-28384 OMX_VPP                 media.codec                          E  DebugBuffers:
2025-09-15 17:06:28.798  1404-9881  OMX_VPP                 media.codec                          E  failed to unregister buffer=0xeae47e90, sz=0, pools {dec=0, vpp=0}
2025-09-15 17:06:28.798  1404-9881  OMX_VPP                 media.codec                          E  DebugBuffers:
2025-09-15 17:06:28.799  1404-26044 OMX_VPP                 media.codec                          E  failed to unregister buffer=0xeae47ee0, sz=0, pools {dec=0, vpp=0}
2025-09-15 17:06:28.799  1404-26044 OMX_VPP                 media.codec                          E  DebugBuffers:
2025-09-15 17:06:28.801  1373-20371 ResourceManagerService  mediaserver                          E  Rejected addResource call with invalid pid.
2025-09-15 17:06:28.802  1404-28384 OMX_VPP                 media.codec                          E  failed to unregister buffer=0xeae47f30, sz=0, pools {dec=0, vpp=0}
2025-09-15 17:06:28.802  1404-28384 OMX_VPP                 media.codec                          E  DebugBuffers:
2025-09-15 17:06:28.803  1404-28384 OMX_VPP                 media.codec                          E  failed to unregister buffer=0xeae47f80, sz=0, pools {dec=0, vpp=0}
2025-09-15 17:06:28.803  1404-28384 OMX_VPP                 media.codec                          E  DebugBuffers:
2025-09-15 17:06:28.804  1404-26044 OMX_VPP                 media.codec                          I  send_command In 3 param1 1
2025-09-15 17:06:28.805  1404-26044 OMX-VDEC-1080P          media.codec                          I  C2D: Set Resolution, Interlace(false) Conversion(0XA -> 0X3) src(1440X784) dest(1440X784)
2025-09-15 17:06:28.833  1404-9881  OMX-VDEC-1080P          media.codec                          I  C2D: Set Resolution, Interlace(false) Conversion(0XA -> 0X3) src(1440X784) dest(1440X784)
2025-09-15 17:06:28.858 16551-16691 KeyClip                 com.oneplus.gallery                  W  [DecodeFrame:hardware_decoder.cpp(292)] output buffers changed
2025-09-15 17:06:28.897  1404-16686 OMX-VDEC-1080P          media.codec                          I  C2D: Set Resolution, Interlace(false) Conversion(0XA -> 0X3) src(1440X784) dest(1440X784)
2025-09-15 17:06:28.897  1404-16687 OMX-VDEC-1080P          media.codec                          I  C2D: Start color convertion
2025-09-15 17:06:28.922  1404-16687 C2DColorConvert         media.codec                          W  calcLumaAlign: unknown format (3) passed for luma alignment number.
2025-09-15 17:06:28.922  1404-9881  OMX-VDEC-1080P          media.codec                          I  C2D: Set Resolution, Interlace(false) Conversion(0XA -> 0X3) src(1440X784) dest(1440X784)
2025-09-15 17:06:28.923  1404-26044 OMX-VDEC-1080P          media.codec                          I  C2D: Set Resolution, Interlace(false) Conversion(0XA -> 0X3) src(1440X784) dest(1440X784)
2025-09-15 17:06:28.923  1404-28384 OMXNodeInstance         media.codec                          E  getParameter(0xee2833f4:qcom.decoder.avc, ??(0x7f000044)) ERROR: UnsupportedSetting(0x80001019)
2025-09-15 17:06:28.930  1404-16687 OMX-VDEC-1080P          media.codec                          I  C2D: Start color convertion
2025-09-15 17:06:28.942 16551-16691 KeyClip                 com.oneplus.gallery                  W  [DecodeFrame:hardware_decoder.cpp(295)] format changed to: mime: string(video/raw), stride: int32(1440), slice-height: int32(784), color-format: int32(21), image-data: data, crop: Rect(0, 0, 1439, 777), hdr-static-info: data, width: int32(1440), height: int32(784), color-range: int32(2), color-standard: int32(1), color-transfer: int32(3)}
2025-09-15 17:06:28.945  1404-30979 OMX-VDEC-1080P          media.codec                          E  Extension: OMX.QTI.index.config.video.getdsmode not implemented
2025-09-15 17:06:28.954  1404-16687 C2DColorConvert         media.codec                          W  calcLumaAlign: unknown format (3) passed for luma alignment number.
2025-09-15 17:06:28.954  1404-16687 OMX-VDEC-1080P          media.codec                          I  C2D: Start color convertion
2025-09-15 17:06:29.001  1404-16687 C2DColorConvert         media.codec                          W  calcLumaAlign: unknown format (3) passed for luma alignment number.
2025-09-15 17:06:29.005  1404-16687 OMX-VDEC-1080P          media.codec                          I  C2D: Start color convertion
2025-09-15 17:06:29.056  1404-16687 C2DColorConvert         media.codec                          W  calcLumaAlign: unknown format (3) passed for luma alignment number.
2025-09-15 17:06:29.057  1404-16687 OMX-VDEC-1080P          media.codec                          I  C2D: Start color convertion
2025-09-15 17:06:29.061  3876-3956  ThermalEngine           thermal-engine                       I  Monitor : quiet_therm = 34313, msm_therm = 40406, xo_therm = 40406, battery_therm = 321,current_now = 0 
2025-09-15 17:06:29.104  1404-16687 C2DColorConvert         media.codec                          W  calcLumaAlign: unknown format (3) passed for luma alignment number.
2025-09-15 17:06:29.104  1404-16687 OMX-VDEC-1080P          media.codec                          I  C2D: Start color convertion
2025-09-15 17:06:29.151  1404-16687 C2DColorConvert         media.codec                          W  calcLumaAlign: unknown format (3) passed for luma alignment number.
2025-09-15 17:06:29.156  1404-16687 OMX-VDEC-1080P          media.codec                          I  C2D: Start color convertion
2025-09-15 17:06:29.203  1404-16687 C2DColorConvert         media.codec                          W  calcLumaAlign: unknown format (3) passed for luma alignment number.
2025-09-15 17:06:29.212  1404-16687 OMX-VDEC-1080P          media.codec                          I  C2D: Start color convertion
2025-09-15 17:06:29.259  1404-16687 C2DColorConvert         media.codec                          W  calcLumaAlign: unknown format (3) passed for luma alignment number.
2025-09-15 17:06:29.259  1404-16687 OMX-VDEC-1080P          media.codec                          I  C2D: Start color convertion
2025-09-15 17:06:29.307  1404-16687 C2DColorConvert         media.codec                          W  calcLumaAlign: unknown format (3) passed for luma alignment number.
2025-09-15 17:06:29.307  1404-16687 OMX-VDEC-1080P          media.codec                          I  C2D: Start color convertion
2025-09-15 17:06:29.355  1404-16687 C2DColorConvert         media.codec                          W  calcLumaAlign: unknown format (3) passed for luma alignment number.
2025-09-15 17:06:29.367  1404-16687 OMX-VDEC-1080P          media.codec                          I  C2D: Start color convertion
2025-09-15 17:06:29.421  1404-16687 C2DColorConvert         media.codec                          W  calcLumaAlign: unknown format (3) passed for luma alignment number.
2025-09-15 17:06:29.432  1404-16687 OMX-VDEC-1080P          media.codec                          I  C2D: Start color convertion
2025-09-15 17:06:29.469   963-9172  vendor.qti...bs_handler and...are.bluetooth@1.0-service-qti  I  ProcessIbsCmd: Received IBS_WAKE_IND: 0xFD
2025-09-15 17:06:29.469   963-9172  vendor.qti...bs_handler and...are.bluetooth@1.0-service-qti  I  ProcessIbsCmd: Writing IBS_WAKE_ACK
2025-09-15 17:06:29.470  9036-9174  bt_stack                com.android.bluetooth                V  [VERBOSE1:btm_inq.cc(1019)] BTM_InqDbRead: bd addr 66:85:aa:7c:e5:b8
2025-09-15 17:06:29.485  1404-16687 C2DColorConvert         media.codec                          W  calcLumaAlign: unknown format (3) passed for luma alignment number.
2025-09-15 17:06:29.485  1404-16687 OMX-VDEC-1080P          media.codec                          I  C2D: Start color convertion
2025-09-15 17:06:29.510   963-9172  vendor.qti...bs_handler and...are.bluetooth@1.0-service-qti  I  ProcessIbsCmd: Received IBS_SLEEP_IND: 0xFE
2025-09-15 17:06:29.532  1404-16687 C2DColorConvert         media.codec                          W  calcLumaAlign: unknown format (3) passed for luma alignment number.
2025-09-15 17:06:29.532  1404-16687 OMX-VDEC-1080P          media.codec                          I  C2D: Start color convertion
2025-09-15 17:06:29.535 16598-16693 ProfileInstaller        com...tware.android.steam.community  D  Skipping profile installation for com.valvesoftware.android.steam.community
2025-09-15 17:06:29.579  1404-16687 C2DColorConvert         media.codec                          W  calcLumaAlign: unknown format (3) passed for luma alignment number.
2025-09-15 17:06:29.591  1404-16687 OMX-VDEC-1080P          media.codec                          I  C2D: Start color convertion
2025-09-15 17:06:29.642  1404-16687 C2DColorConvert         media.codec                          W  calcLumaAlign: unknown format (3) passed for luma alignment number.
2025-09-15 17:06:29.642  1404-16687 OMX-VDEC-1080P          media.codec                          I  C2D: Start color convertion
2025-09-15 17:06:29.689  1404-16687 C2DColorConvert         media.codec                          W  calcLumaAlign: unknown format (3) passed for luma alignment number.
2025-09-15 17:06:29.700  1404-16687 OMX-VDEC-1080P          media.codec                          I  C2D: Start color convertion
2025-09-15 17:06:29.711   963-9177  vendor.qti...bs_handler and...are.bluetooth@1.0-service-qti  I  DeviceSleep: TX Awake, Sending SLEEP_IND
2025-09-15 17:06:29.711   963-9177  vendor.qti...bs_handler and...are.bluetooth@1.0-service-qti  D  SerialClockVote: vote for UART CLK OFF
2025-09-15 17:06:29.753  1404-16687 C2DColorConvert         media.codec                          W  calcLumaAlign: unknown format (3) passed for luma alignment number.
2025-09-15 17:06:29.753  1404-16687 OMX-VDEC-1080P          media.codec                          I  C2D: Start color convertion
2025-09-15 17:06:29.800  1404-16687 C2DColorConvert         media.codec                          W  calcLumaAlign: unknown format (3) passed for luma alignment number.
