2025-09-16 13:19:20.702  3143-3143  MDM-DataAc...ionManager com.android.phone                    D  updateDataActiveDuration: current connection time = 5860983
2025-09-16 13:19:20.703 23624-23652 BtGatt.GattService      com.android.bluetooth                D  onScanFilterParamsConfigured() - clientIf=9, status=0, action=0, availableSpace=8
2025-09-16 13:19:20.703 23624-23652 BtGatt.ScanManager      com.android.bluetooth                D  callback done for scannerId - 9 status - 0
2025-09-16 13:19:20.703 23624-23737 BtGatt.ScanManager      com.android.bluetooth                D  configureRegularScanParams() - queue=5
2025-09-16 13:19:20.703 23624-23737 BtGatt.ScanManager      com.android.bluetooth                D  configureRegularScanParams() - ScanSetting LE 1M Scan mode=1ScanSetting LE Coded Scan mode=1 mLastConfiguredScanSettingLE1M=1 mLastConfiguredScanSettingLECoded=1scanPhy=255
2025-09-16 13:19:20.712  9766-9766  GattConnectionService   com.remoticom.energynodeinset        D  ConnectionService started
2025-09-16 13:19:20.714  1099-1157  surfaceflinger          surfaceflinger                       E  [frame_perf] perfboost open boost file failed
2025-09-16 13:19:20.714  9766-9766  NodeListFragment        com.remoticom.energynodeinset        D  Updating list of nodes
2025-09-16 13:19:20.743   963-23771 vendor.qti...bs_handler and...are.bluetooth@1.0-service-qti  I  ProcessIbsCmd: Received IBS_SLEEP_IND: 0xFE
2025-09-16 13:19:20.793  1099-21666 surfaceflinger          surfaceflinger                       E  [frame_perf] perfboost open boost file failed
2025-09-16 13:19:20.826  1099-1157  surfaceflinger          surfaceflinger                       E  [frame_perf] perfboost open boost file failed
2025-09-16 13:19:20.843  1099-21666 surfaceflinger          surfaceflinger                       E  [frame_perf] perfboost open boost file failed
2025-09-16 13:19:20.876  1099-1157  surfaceflinger          surfaceflinger                       E  [frame_perf] perfboost open boost file failed
2025-09-16 13:19:20.894  1099-21666 surfaceflinger          surfaceflinger                       E  [frame_perf] perfboost open boost file failed
2025-09-16 13:19:20.934  1099-3321  surfaceflinger          surfaceflinger                       E  [frame_perf] perfboost open boost file failed
2025-09-16 13:19:20.951  1099-21666 surfaceflinger          surfaceflinger                       E  [frame_perf] perfboost open boost file failed
2025-09-16 13:19:20.976  1099-1157  surfaceflinger          surfaceflinger                       E  [frame_perf] perfboost open boost file failed
2025-09-16 13:19:20.993  1099-21666 surfaceflinger          surfaceflinger                       E  [frame_perf] perfboost open boost file failed
2025-09-16 13:19:21.026  1099-1157  surfaceflinger          surfaceflinger                       E  [frame_perf] perfboost open boost file failed
2025-09-16 13:19:21.043  1099-21666 surfaceflinger          surfaceflinger                       E  [frame_perf] perfboost open boost file failed
2025-09-16 13:19:21.085  1099-1157  surfaceflinger          surfaceflinger                       E  [frame_perf] perfboost open boost file failed
2025-09-16 13:19:21.146  1099-21666 surfaceflinger          surfaceflinger                       E  [frame_perf] perfboost open boost file failed
2025-09-16 13:19:21.180  1099-1157  surfaceflinger          surfaceflinger                       E  [frame_perf] perfboost open boost file failed
2025-09-16 13:19:21.195 20117-20332 Finsky:background       com.android.vending                  I  [79482] Stats for Executor: BlockingExecutor ttn@5be6205[Running, pool size = 0, active threads = 0, queued tasks = 0, completed tasks = 1]
2025-09-16 13:19:21.197  1099-21666 surfaceflinger          surfaceflinger                       E  [frame_perf] perfboost open boost file failed
2025-09-16 13:19:21.231  1099-1157  surfaceflinger          surfaceflinger                       E  [frame_perf] perfboost open boost file failed
2025-09-16 13:19:21.248  1099-21666 surfaceflinger          surfaceflinger                       E  [frame_perf] perfboost open boost file failed
2025-09-16 13:19:21.252 23624-23750 bt_osi_wakelock         com.android.bluetooth                E  wakelock_acquire wakelock acquired
2025-09-16 13:19:21.252   963-23771 vendor.qti...bs_handler and...are.bluetooth@1.0-service-qti  I  ProcessIbsCmd: Received IBS_WAKE_IND: 0xFD
2025-09-16 13:19:21.252   963-23771 vendor.qti...bs_handler and...are.bluetooth@1.0-service-qti  I  ProcessIbsCmd: Writing IBS_WAKE_ACK
2025-09-16 13:19:21.253 23624-23644 bt_osi_wakelock         com.android.bluetooth                E  wakelock_release wakelock released
2025-09-16 13:19:21.258 23624-23773 bt_stack                com.android.bluetooth                I  [INFO:btm_ble_bgconn.cc(420)] Already connection initiated (or) No Pending connections(or) Resources of lcb are exhausted
2025-09-16 13:19:21.258 23624-23750 bt_osi_wakelock         com.android.bluetooth                E  wakelock_acquire wakelock acquired
2025-09-16 13:19:21.260 23624-23644 bt_osi_wakelock         com.android.bluetooth                E  wakelock_release wakelock released
2025-09-16 13:19:21.261 23624-23750 bt_osi_wakelock         com.android.bluetooth                E  wakelock_acquire wakelock acquired
2025-09-16 13:19:21.261 23624-23644 bt_osi_wakelock         com.android.bluetooth                E  wakelock_release wakelock released
2025-09-16 13:19:21.262 23624-23750 bt_osi_wakelock         com.android.bluetooth                E  wakelock_acquire wakelock acquired
2025-09-16 13:19:21.263 23624-23644 bt_osi_wakelock         com.android.bluetooth                E  wakelock_release wakelock released
2025-09-16 13:19:21.263 23624-23750 bt_osi_wakelock         com.android.bluetooth                E  wakelock_acquire wakelock acquired
2025-09-16 13:19:21.264 23624-23644 bt_osi_wakelock         com.android.bluetooth                E  wakelock_release wakelock released
2025-09-16 13:19:21.270 23624-23773 bt_stack                com.android.bluetooth                V  [VERBOSE1:btm_inq.cc(1019)] BTM_InqDbRead: bd addr f0:d7:8f:4d:80:82
2025-09-16 13:19:21.274 23624-23773 bt_stack                com.android.bluetooth                V  [VERBOSE1:btm_inq.cc(1019)] BTM_InqDbRead: bd addr 1b:73:a4:b0:c8:a0
2025-09-16 13:19:21.275  9766-23176 BluetoothAdapter        com.remoticom.energynodeinset        W  getBluetoothService(), client: android.bluetooth.BluetoothDevice$1@de66dfb
2025-09-16 13:19:21.281  9766-9766  BluetoothScannerService com.remoticom.energynodeinset        I  start/onScanResult: F0:D7:8F:4D:80:82 - RTM-BMC
2025-09-16 13:19:21.281  9766-9766  BluetoothScannerService com.remoticom.energynodeinset        D  First advertised service UUID=a55d1c55-0088-ffff-0000-000000000000
2025-09-16 13:19:21.282  1099-3321  surfaceflinger          surfaceflinger                       E  [frame_perf] perfboost open boost file failed
2025-09-16 13:19:21.282 23624-23773 bt_stack                com.android.bluetooth                V  [VERBOSE1:btm_inq.cc(1019)] BTM_InqDbRead: bd addr 4d:30:2c:a7:f6:67
2025-09-16 13:19:21.283  9766-9766  BluetoothScannerService com.remoticom.energynodeinset        D  Remoticom device:  EnergyNode Inset
2025-09-16 13:19:21.292  9766-9766  BluetoothScannerService com.remoticom.energynodeinset        D  UUID=00000000-0000-0000-0000-f0d78f4d8082
2025-09-16 13:19:21.294  9766-9766  BluetoothScannerService com.remoticom.energynodeinset        I  start/onScanResult: 1B:73:A4:B0:C8:A0 - null
2025-09-16 13:19:21.294  9766-9766  BluetoothScannerService com.remoticom.energynodeinset        D  First advertised service UUID=null
2025-09-16 13:19:21.294  9766-9766  BluetoothScannerService com.remoticom.energynodeinset        D  Unknown device
2025-09-16 13:19:21.295  9766-9766  BluetoothScannerService com.remoticom.energynodeinset        I  start/onScanResult: 4D:30:2C:A7:F6:67 - null
2025-09-16 13:19:21.295  9766-9766  BluetoothScannerService com.remoticom.energynodeinset        D  First advertised service UUID=null
2025-09-16 13:19:21.296  9766-9766  BluetoothScannerService com.remoticom.energynodeinset        D  Unknown device
2025-09-16 13:19:21.297  9766-9766  PeripheralsDataSource   com.remoticom.energynodeinset        D  Loading peripheral: 00000000-0000-0000-0000-f0d78f4d8082
2025-09-16 13:19:21.298 23624-23773 bt_stack                com.android.bluetooth                V  [VERBOSE1:btm_inq.cc(1019)] BTM_InqDbRead: bd addr 28:12:0f:e1:f0:3c
2025-09-16 13:19:21.299  1099-21666 surfaceflinger          surfaceflinger                       E  [frame_perf] perfboost open boost file failed
2025-09-16 13:19:21.300  9766-9766  PeripheralsDataSource   com.remoticom.energynodeinset        D  Updating peripheral (00000000-0000-0000-0000-f0d78f4d8082) state to: PeripheralState(status=Loading, peripheral=null, lastError=null)
2025-09-16 13:19:21.304  9766-9766  NodeListFragment        com.remoticom.energynodeinset        D  Updating list of nodes
2025-09-16 13:19:21.308  9766-9766  NodeListFragment        com.remoticom.energynodeinset        D  Updating list of nodes
2025-09-16 13:19:21.309  9766-9766  BluetoothScannerService com.remoticom.energynodeinset        I  start/onScanResult: 28:12:0F:E1:F0:3C - null
2025-09-16 13:19:21.309  9766-9766  BluetoothScannerService com.remoticom.energynodeinset        D  First advertised service UUID=null
2025-09-16 13:19:21.310  9766-9766  BluetoothScannerService com.remoticom.energynodeinset        D  Unknown device
2025-09-16 13:19:21.310  9766-9766  AuthenticationService   com.remoticom.energynodeinset        D  Loading account...
2025-09-16 13:19:21.311 23624-23773 bt_stack                com.android.bluetooth                V  [VERBOSE1:btm_inq.cc(1019)] BTM_InqDbRead: bd addr e6:ec:83:82:6e:d5
2025-09-16 13:19:21.315  1099-21666 surfaceflinger          surfaceflinger                       E  [frame_perf] perfboost open boost file failed
2025-09-16 13:19:21.322  9766-9766  BluetoothScannerService com.remoticom.energynodeinset        I  start/onScanResult: E6:EC:83:82:6E:D5 - null
2025-09-16 13:19:21.322  9766-9766  BluetoothScannerService com.remoticom.energynodeinset        D  First advertised service UUID=null
2025-09-16 13:19:21.322  9766-9766  BluetoothScannerService com.remoticom.energynodeinset        D  Unknown device
2025-09-16 13:19:21.323  1099-1157  surfaceflinger          surfaceflinger                       E  [frame_perf] perfboost open boost file failed
2025-09-16 13:19:21.328 23624-23773 bt_stack                com.android.bluetooth                V  [VERBOSE1:btm_inq.cc(1019)] BTM_InqDbRead: bd addr 56:37:7d:80:81:ac
2025-09-16 13:19:21.331 19804-22569 NearbyMediums           com.google.android.gms.persistent    I  This GATT advertisement BleAdvertisement { version=2, socketVersion=2, isFast=true, serviceIdHash=null, data=[ 0x23 0x56 0x35 0x4b 0x50 0x11 0x32 0x80 0x17 0x54 0x3e 0xd8 0x19 0x75 0x95 0x38 0xf8 0xbf 0x29 0x16 0x0a 0xdd 0x1d ], deviceToken=[ 0x85 0xe2 ], rxAdvertisement=null } is a Fast Advertisement and matched UUID 0000fef3-0000-1000-8000-00805f9b34fb in fastAdvertisementServiceUuids map with serviceID NearbySharing
2025-09-16 13:19:21.331 19804-23021 NearbyConnections       com.google.android.gms.persistent    I  Found BleAdvertisement [ 0x23 0x56 0x35 0x4b 0x50 0x11 0x32 0x80 0x17 0x54 0x3e 0xd8 0x19 0x75 0x95 0x38 0xf8 0xbf 0x29 0x16 0x0a 0xdd 0x1d ] (with EndpointId V5KP and EndpointInfo [ 0x32 0x80 0x17 0x54 0x3e 0xd8 0x19 0x75 0x95 0x38 0xf8 0xbf 0x29 0x16 0x0a 0xdd 0x1d ])
2025-09-16 13:19:21.335 19804-23021 NearbyConnections       com.google.android.gms.persistent    I  ClientProxy(127496969) reporting onEndpointFound(V5KP)
2025-09-16 13:19:21.336 19804-23051 NearbySharing           com.google.android.gms.persistent    I  NearbySharing Internal event EndpointDiscovered(endpointId=V5KP)
2025-09-16 13:19:21.336 19804-23021 NearbyConnections       com.google.android.gms.persistent    I  ClientProxy(127496969) reporting onEndpointDistanceChanged(V5KP, UNKNOWN)
2025-09-16 13:19:21.340 23624-23773 bt_stack                com.android.bluetooth                V  [VERBOSE1:btm_inq.cc(1019)] BTM_InqDbRead: bd addr 60:c0:bf:28:0d:cc
2025-09-16 13:19:21.340  1099-21666 surfaceflinger          surfaceflinger                       E  [frame_perf] perfboost open boost file failed
2025-09-16 13:19:21.345 23624-23773 bt_stack                com.android.bluetooth                V  [VERBOSE1:btm_inq.cc(1019)] BTM_InqDbRead: bd addr f5:6d:76:05:a8:81
2025-09-16 13:19:21.346 23624-23773 bt_stack                com.android.bluetooth                V  [VERBOSE1:btm_inq.cc(1019)] BTM_InqDbRead: bd addr 2c:82:fb:02:b4:0b
2025-09-16 13:19:21.359 23624-23773 bt_stack                com.android.bluetooth                V  [VERBOSE1:btm_inq.cc(1019)] BTM_InqDbRead: bd addr fd:07:f4:27:3b:91
2025-09-16 13:19:21.360 23624-23652 BluetoothRemoteDevices  com.android.bluetooth                D  Property type: 1
2025-09-16 13:19:21.360 23624-23652 BluetoothRemoteDevices  com.android.bluetooth                D  Skip name update for FD:07:F4:27:3B:91
2025-09-16 13:19:21.360 23624-23652 BluetoothRemoteDevices  com.android.bluetooth                D  Property type: 4
2025-09-16 13:19:21.360 23624-23652 BluetoothRemoteDevices  com.android.bluetooth                D  Skip class update for FD:07:F4:27:3B:91
2025-09-16 13:19:21.360 23624-23652 BluetoothRemoteDevices  com.android.bluetooth                D  Property type: 5
2025-09-16 13:19:21.362 23624-23773 bt_stack                com.android.bluetooth                V  [VERBOSE1:btm_inq.cc(1019)] BTM_InqDbRead: bd addr 38:f8:71:92:4a:5a
2025-09-16 13:19:21.363 23624-23773 bt_stack                com.android.bluetooth                V  [VERBOSE1:btm_inq.cc(1019)] BTM_InqDbRead: bd addr 38:f8:71:92:4a:5a
2025-09-16 13:19:21.369  9766-9766  BluetoothScannerService com.remoticom.energynodeinset        I  start/onScanResult: 56:37:7D:80:81:AC - null
2025-09-16 13:19:21.369  9766-9766  BluetoothScannerService com.remoticom.energynodeinset        D  First advertised service UUID=0000fef3-0000-1000-8000-00805f9b34fb
2025-09-16 13:19:21.370  9766-9766  BluetoothScannerService com.remoticom.energynodeinset        D  Unknown device
2025-09-16 13:19:21.370  9766-9766  BluetoothScannerService com.remoticom.energynodeinset        I  start/onScanResult: 60:C0:BF:28:0D:CC - null
2025-09-16 13:19:21.370  9766-9766  BluetoothScannerService com.remoticom.energynodeinset        D  First advertised service UUID=null
2025-09-16 13:19:21.370  9766-9766  BluetoothScannerService com.remoticom.energynodeinset        D  Unknown device
2025-09-16 13:19:21.371  9766-9766  BluetoothScannerService com.remoticom.energynodeinset        I  start/onScanResult: F5:6D:76:05:A8:81 - null
2025-09-16 13:19:21.371  9766-9766  BluetoothScannerService com.remoticom.energynodeinset        D  First advertised service UUID=null
2025-09-16 13:19:21.371  9766-9766  BluetoothScannerService com.remoticom.energynodeinset        D  Unknown device
2025-09-16 13:19:21.371  9766-9766  BluetoothScannerService com.remoticom.energynodeinset        I  start/onScanResult: 2C:82:FB:02:B4:0B - null
2025-09-16 13:19:21.371  9766-9766  BluetoothScannerService com.remoticom.energynodeinset        D  First advertised service UUID=null
2025-09-16 13:19:21.372  9766-9766  BluetoothScannerService com.remoticom.energynodeinset        D  Unknown device
2025-09-16 13:19:21.373  1099-1157  surfaceflinger          surfaceflinger                       E  [frame_perf] perfboost open boost file failed
2025-09-16 13:19:21.389  1099-21666 surfaceflinger          surfaceflinger                       E  [frame_perf] perfboost open boost file failed
2025-09-16 13:19:21.389  9766-9766  BluetoothScannerService com.remoticom.energynodeinset        I  start/onScanResult: FD:07:F4:27:3B:91 - ZMS
2025-09-16 13:19:21.390  9766-9766  BluetoothScannerService com.remoticom.energynodeinset        D  First advertised service UUID=8d53dc1d-1db7-4cd3-868b-8a527460aa84
2025-09-16 13:19:21.390  9766-9766  BluetoothScannerService com.remoticom.energynodeinset        D  Unknown device
2025-09-16 13:19:21.390  1099-1157  surfaceflinger          surfaceflinger                       E  [frame_perf] perfboost open boost file failed
2025-09-16 13:19:21.390  9766-9766  BluetoothScannerService com.remoticom.energynodeinset        I  start/onScanResult: 38:F8:71:92:4A:5A - null
2025-09-16 13:19:21.390  9766-9766  BluetoothScannerService com.remoticom.energynodeinset        D  First advertised service UUID=null
2025-09-16 13:19:21.391  9766-9766  BluetoothScannerService com.remoticom.energynodeinset        D  Unknown device
2025-09-16 13:19:21.391  9766-9766  BluetoothScannerService com.remoticom.energynodeinset        I  start/onScanResult: 38:F8:71:92:4A:5A - null
2025-09-16 13:19:21.391  9766-9766  BluetoothScannerService com.remoticom.energynodeinset        D  First advertised service UUID=null
2025-09-16 13:19:21.391  9766-9766  BluetoothScannerService com.remoticom.energynodeinset        D  Unknown device
2025-09-16 13:19:21.401  9766-9766  AuthenticationService   com.remoticom.energynodeinset        I  Account loaded for: bob
2025-09-16 13:19:21.402  9766-9766  AuthenticationService   com.remoticom.energynodeinset        D  Service state updated with State(status=AUTHENTICATED, lastError=null, account=com.microsoft.identity.client.MultiTenantAccount@65a73af)
2025-09-16 13:19:21.402  9766-9766  AuthenticationService   com.remoticom.energynodeinset        D  Acquiring token...
2025-09-16 13:19:21.403 23624-23773 bt_stack                com.android.bluetooth                V  [VERBOSE1:btm_inq.cc(1019)] BTM_InqDbRead: bd addr 28:12:0f:e1:f0:3c
2025-09-16 13:19:21.410  9766-9766  BluetoothScannerService com.remoticom.energynodeinset        I  start/onScanResult: 28:12:0F:E1:F0:3C - null
2025-09-16 13:19:21.410  9766-9766  BluetoothScannerService com.remoticom.energynodeinset        D  First advertised service UUID=null
2025-09-16 13:19:21.410  9766-9766  BluetoothScannerService com.remoticom.energynodeinset        D  Unknown device
2025-09-16 13:19:21.439  1099-21666 surfaceflinger          surfaceflinger                       E  [frame_perf] perfboost open boost file failed
2025-09-16 13:19:21.439 23624-23737 BtGatt.ScanManager      com.android.bluetooth                I  msg.what = 6
2025-09-16 13:19:21.442   963-23771 vendor.qti...bs_handler and...are.bluetooth@1.0-service-qti  I  ProcessIbsCmd: Received IBS_SLEEP_IND: 0xFE
2025-09-16 13:19:21.472  1099-1873  surfaceflinger          surfaceflinger                       E  [frame_perf] perfboost open boost file failed
2025-09-16 13:19:21.489  1099-21666 surfaceflinger          surfaceflinger                       E  [frame_perf] perfboost open boost file failed
2025-09-16 13:19:21.521  1099-1873  surfaceflinger          surfaceflinger                       E  [frame_perf] perfboost open boost file failed
2025-09-16 13:19:21.538  1099-21666 surfaceflinger          surfaceflinger                       E  [frame_perf] perfboost open boost file failed
2025-09-16 13:19:21.558  9766-9766  AuthenticationService   com.remoticom.energynodeinset        I  Token acquired silently. Token expires on Tue Sep 16 14:08:43 GMT+02:00 2025
2025-09-16 13:19:21.558  9766-9766  AuthenticationService   com.remoticom.energynodeinset        D  Service state updated with State(status=AUTHENTICATED, lastError=null, account=com.microsoft.identity.client.MultiTenantAccount@4ce1ac1)
2025-09-16 13:19:21.558  9766-9766  AuthenticationService   com.remoticom.energynodeinset        D  Access Token: eyJhbGciOiJSUzI1NiIsImtpZCI6Ilg1ZVhrNHh5b2pORnVtMWtsMll0djhkbE5QNC1jNTdkTzZRR1RWQndhTmsiLCJ0eXAiOiJKV1QifQ.eyJhdWQiOiIwZTI0ZDY2ZC0xYzg0LTQzNjctYWM5OS1kNTU1MWFlYThiZDQiLCJpc3MiOiJodHRwczovL3JlbW90aWNvbWIyYy5iMmNsb2dpbi5jb20vYzEyNjU1ODQtN2EyNy00ZGQ5LTg5YjAtMDNiOGM1ZDhhZTc0L3YyLjAvIiwiZXhwIjoxNzU4MDI0NTI0LCJuYmYiOjE3NTgwMjA5MjQsIm9pZCI6ImE5NmIzMTM5LTFlNmItNDdjZC05ODQyLTNmZjA3YjNiNjZhOCIsInN1YiI6ImE5NmIzMTM5LTFlNmItNDdjZC05ODQyLTNmZjA3YjNiNjZhOCIsIm5hbWUiOiJib2IiLCJmYW1pbHlfbmFtZSI6Ii4iLCJlbWFpbHMiOlsiYi52ZHNjaG9vdEByZW1vdGljb20uY29tIl0sInRmcCI6IkIyQ18xX3NpZ251cF9zaWduaW4iLCJzY3AiOiJVc2VyLlJlYWQiLCJhenAiOiI5MjdiNDNiNC01MzUyLTQ5NDctOGUzYi1mYzJkZWE3ZWIzYzMiLCJ2ZXIiOiIxLjAiLCJpYXQiOjE3NTgwMjA5MjR9.pgMfXgdTwVWLBfIVxO2t2i_O4J6rYQuRJAig1WUWMR9tDbF0darPPmILn6dpkDjrUdIgqWvAJON6fqh3q1_7VDSXCDojym9iSrtzTWCWGE503_3vIon179LJA3rBmk2-C5h7JConqlU7E0aH0930fola67WDCrjbq8NHc8EB4nISzlkdiNXXoa5cEdxikaU7-4qTGgqqwP4Z8BcZpgP3D99laj4lVF6-NUyOy8MjqkgSBwVXahaDFGXtyQq7Q8FKsUY5FFjhIbhTKKv-PGbcKkVFbaUGxcXcz32dlz0hAUZOkQj_0oNssJJ6x9oEIUeukk_gksLu520At-bbYdrQ7w
2025-09-16 13:19:21.558  9766-9766  WebService              com.remoticom.energynodeinset        W  ACCESS TOKEN: eyJhbGciOiJSUzI1NiIsImtpZCI6Ilg1ZVhrNHh5b2pORnVtMWtsMll0djhkbE5QNC1jNTdkTzZRR1RWQndhTmsiLCJ0eXAiOiJKV1QifQ.eyJhdWQiOiIwZTI0ZDY2ZC0xYzg0LTQzNjctYWM5OS1kNTU1MWFlYThiZDQiLCJpc3MiOiJodHRwczovL3JlbW90aWNvbWIyYy5iMmNsb2dpbi5jb20vYzEyNjU1ODQtN2EyNy00ZGQ5LTg5YjAtMDNiOGM1ZDhhZTc0L3YyLjAvIiwiZXhwIjoxNzU4MDI0NTI0LCJuYmYiOjE3NTgwMjA5MjQsIm9pZCI6ImE5NmIzMTM5LTFlNmItNDdjZC05ODQyLTNmZjA3YjNiNjZhOCIsInN1YiI6ImE5NmIzMTM5LTFlNmItNDdjZC05ODQyLTNmZjA3YjNiNjZhOCIsIm5hbWUiOiJib2IiLCJmYW1pbHlfbmFtZSI6Ii4iLCJlbWFpbHMiOlsiYi52ZHNjaG9vdEByZW1vdGljb20uY29tIl0sInRmcCI6IkIyQ18xX3NpZ251cF9zaWduaW4iLCJzY3AiOiJVc2VyLlJlYWQiLCJhenAiOiI5MjdiNDNiNC01MzUyLTQ5NDctOGUzYi1mYzJkZWE3ZWIzYzMiLCJ2ZXIiOiIxLjAiLCJpYXQiOjE3NTgwMjA5MjR9.pgMfXgdTwVWLBfIVxO2t2i_O4J6rYQuRJAig1WUWMR9tDbF0darPPmILn6dpkDjrUdIgqWvAJON6fqh3q1_7VDSXCDojym9iSrtzTWCWGE503_3vIon179LJA3rBmk2-C5h7JConqlU7E0aH0930fola67WDCrjbq8NHc8EB4nISzlkdiNXXoa5cEdxikaU7-4qTGgqqwP4Z8BcZpgP3D99laj4lVF6-NUyOy8MjqkgSBwVXahaDFGXtyQq7Q8FKsUY5FFjhIbhTKKv-PGbcKkVFbaUGxcXcz32dlz0hAUZOkQj_0oNssJJ6x9oEIUeukk_gksLu520At-bbYdrQ7w
2025-09-16 13:19:21.580  9766-9766  System.err              com.remoticom.energynodeinset        W  SLF4J: Failed to load class "org.slf4j.impl.StaticLoggerBinder".
2025-09-16 13:19:21.580  9766-9766  System.err              com.remoticom.energynodeinset        W  SLF4J: Defaulting to no-operation (NOP) logger implementation
2025-09-16 13:19:21.580  9766-9766  System.err              com.remoticom.energynodeinset        W  SLF4J: See http://www.slf4j.org/codes.html#StaticLoggerBinder for further details.
2025-09-16 13:19:21.618   872-872   zygote                  pid-872                              I  Delayed USAP Pool refill. New USAPs: 5
2025-09-16 13:19:21.628  1099-1157  surfaceflinger          surfaceflinger                       E  [frame_perf] perfboost open boost file failed
2025-09-16 13:19:21.647  1099-21666 surfaceflinger          surfaceflinger                       E  [frame_perf] perfboost open boost file failed
2025-09-16 13:19:21.647   872-872   Zygote                  pid-872                              D  Forked child process 23219
2025-09-16 13:19:21.664  1054-5392  oemlogkit               oemlogkit                            E  oemlogkit: Android log path: (null). Inside
2025-09-16 13:19:21.664  1054-5392  oemlogkit               oemlogkit                            E  oemlogkit: !start_log, sleep
2025-09-16 13:19:21.669   872-872   Zygote                  pid-872                              D  Forked child process 23220
2025-09-16 13:19:21.674  1099-3321  surfaceflinger          surfaceflinger                       E  [frame_perf] perfboost open boost file failed
2025-09-16 13:19:21.686   872-872   Zygote                  pid-872                              D  Forked child process 23221
2025-09-16 13:19:21.691  1099-21666 surfaceflinger          surfaceflinger                       E  [frame_perf] perfboost open boost file failed
2025-09-16 13:19:21.708   872-872   Zygote                  pid-872                              D  Forked child process 23225
2025-09-16 13:19:21.721  1099-1873  surfaceflinger          surfaceflinger                       E  [frame_perf] perfboost open boost file failed
2025-09-16 13:19:21.725   872-872   Zygote                  pid-872                              D  Forked child process 23226
2025-09-16 13:19:21.738  1099-21666 surfaceflinger          surfaceflinger                       E  [frame_perf] perfboost open boost file failed
2025-09-16 13:19:21.773  1099-1873  surfaceflinger          surfaceflinger                       E  [frame_perf] perfboost open boost file failed
2025-09-16 13:19:21.790  1099-21666 surfaceflinger          surfaceflinger                       E  [frame_perf] perfboost open boost file failed
2025-09-16 13:19:21.824  1099-1873  surfaceflinger          surfaceflinger                       E  [frame_perf] perfboost open boost file failed
2025-09-16 13:19:21.841  1099-21666 surfaceflinger          surfaceflinger                       E  [frame_perf] perfboost open boost file failed
2025-09-16 13:19:21.875  1099-3321  surfaceflinger          surfaceflinger                       E  [frame_perf] perfboost open boost file failed
2025-09-16 13:19:21.892  1099-21666 surfaceflinger          surfaceflinger                       E  [frame_perf] perfboost open boost file failed
2025-09-16 13:19:21.925  1099-3321  surfaceflinger          surfaceflinger                       E  [frame_perf] perfboost open boost file failed
2025-09-16 13:19:21.942  1099-21666 surfaceflinger          surfaceflinger                       E  [frame_perf] perfboost open boost file failed
2025-09-16 13:19:21.974  1099-3321  surfaceflinger          surfaceflinger                       E  [frame_perf] perfboost open boost file failed
2025-09-16 13:19:21.991  1099-21666 surfaceflinger          surfaceflinger                       E  [frame_perf] perfboost open boost file failed
2025-09-16 13:19:22.023  1099-1873  surfaceflinger          surfaceflinger                       E  [frame_perf] perfboost open boost file failed
2025-09-16 13:19:22.029   963-23771 vendor.qti...bs_handler and...are.bluetooth@1.0-service-qti  I  ProcessIbsCmd: Received IBS_WAKE_IND: 0xFD
2025-09-16 13:19:22.029   963-23771 vendor.qti...bs_handler and...are.bluetooth@1.0-service-qti  I  ProcessIbsCmd: Writing IBS_WAKE_ACK
2025-09-16 13:19:22.031 23624-23773 bt_stack                com.android.bluetooth                V  [VERBOSE1:btm_inq.cc(1019)] BTM_InqDbRead: bd addr 47:eb:bc:3d:c5:e3
2025-09-16 13:19:22.035  9766-9766  BluetoothScannerService com.remoticom.energynodeinset        I  start/onScanResult: 47:EB:BC:3D:C5:E3 - null
2025-09-16 13:19:22.036  9766-9766  BluetoothScannerService com.remoticom.energynodeinset        D  First advertised service UUID=null
2025-09-16 13:19:22.036  9766-9766  BluetoothScannerService com.remoticom.energynodeinset        D  Unknown device
2025-09-16 13:19:22.040  1099-21666 surfaceflinger          surfaceflinger                       E  [frame_perf] perfboost open boost file failed
2025-09-16 13:19:22.042 23624-23773 bt_stack                com.android.bluetooth                V  [VERBOSE1:btm_inq.cc(1019)] BTM_InqDbRead: bd addr 46:f3:e6:98:72:bc
2025-09-16 13:19:22.046  9766-9766  BluetoothScannerService com.remoticom.energynodeinset        I  start/onScanResult: 46:F3:E6:98:72:BC - null
2025-09-16 13:19:22.047  9766-9766  BluetoothScannerService com.remoticom.energynodeinset        D  First advertised service UUID=null
2025-09-16 13:19:22.047  9766-9766  BluetoothScannerService com.remoticom.energynodeinset        D  Unknown device
2025-09-16 13:19:22.070  1444-1922  QMI_FW                  netmgrd                              E  qmi_cci_get_ref: ref count increased 2
2025-09-16 13:19:22.070 23624-23773 bt_stack                com.android.bluetooth                V  [VERBOSE1:btm_inq.cc(1019)] BTM_InqDbRead: bd addr 41:69:39:36:82:41
2025-09-16 13:19:22.073  1099-3321  surfaceflinger          surfaceflinger                       E  [frame_perf] perfboost open boost file failed
2025-09-16 13:19:22.084 23624-23773 bt_stack                com.android.bluetooth                V  [VERBOSE1:btm_inq.cc(1019)] BTM_InqDbRead: bd addr e3:9f:90:87:ae:c6
2025-09-16 13:19:22.085 23624-23773 bt_stack                com.android.bluetooth                V  [VERBOSE1:btm_inq.cc(1019)] BTM_InqDbRead: bd addr 2c:82:fb:02:b4:0b
2025-09-16 13:19:22.091  1099-21666 surfaceflinger          surfaceflinger                       E  [frame_perf] perfboost open boost file failed
2025-09-16 13:19:22.095 23624-23773 bt_stack                com.android.bluetooth                V  [VERBOSE1:btm_inq.cc(1019)] BTM_InqDbRead: bd addr 1b:73:a4:b0:c8:a0
2025-09-16 13:19:22.097  9766-9766  BluetoothScannerService com.remoticom.energynodeinset        I  start/onScanResult: 41:69:39:36:82:41 - null
2025-09-16 13:19:22.097  9766-9766  BluetoothScannerService com.remoticom.energynodeinset        D  First advertised service UUID=null
2025-09-16 13:19:22.097  9766-9766  BluetoothScannerService com.remoticom.energynodeinset        D  Unknown device
2025-09-16 13:19:22.099 23624-23773 bt_stack                com.android.bluetooth                V  [VERBOSE1:btm_inq.cc(1019)] BTM_InqDbRead: bd addr 4d:30:2c:a7:f6:67
2025-09-16 13:19:22.099  9766-9766  BluetoothScannerService com.remoticom.energynodeinset        I  start/onScanResult: E3:9F:90:87:AE:C6 - RTM-010
2025-09-16 13:19:22.099 23624-23773 bt_stack                com.android.bluetooth                V  [VERBOSE1:btm_inq.cc(1019)] BTM_InqDbRead: bd addr 53:f9:96:a1:53:f6
2025-09-16 13:19:22.099  9766-9766  BluetoothScannerService com.remoticom.energynodeinset        D  First advertised service UUID=a55d1c55-004b-ffff-0000-000000000000
2025-09-16 13:19:22.100  9766-9766  BluetoothScannerService com.remoticom.energynodeinset        D  Unknown device
2025-09-16 13:19:22.100  9766-9766  BluetoothScannerService com.remoticom.energynodeinset        I  start/onScanResult: 2C:82:FB:02:B4:0B - null
2025-09-16 13:19:22.101  9766-9766  BluetoothScannerService com.remoticom.energynodeinset        D  First advertised service UUID=null
2025-09-16 13:19:22.101  9766-9766  BluetoothScannerService com.remoticom.energynodeinset        D  Unknown device
2025-09-16 13:19:22.101  9766-9766  BluetoothScannerService com.remoticom.energynodeinset        I  start/onScanResult: 1B:73:A4:B0:C8:A0 - null
2025-09-16 13:19:22.101  9766-9766  BluetoothScannerService com.remoticom.energynodeinset        D  First advertised service UUID=null
2025-09-16 13:19:22.102  9766-9766  BluetoothScannerService com.remoticom.energynodeinset        D  Unknown device
2025-09-16 13:19:22.102  9766-9766  BluetoothScannerService com.remoticom.energynodeinset        I  start/onScanResult: 4D:30:2C:A7:F6:67 - null
2025-09-16 13:19:22.102  9766-9766  BluetoothScannerService com.remoticom.energynodeinset        D  First advertised service UUID=null
2025-09-16 13:19:22.103  9766-9766  BluetoothScannerService com.remoticom.energynodeinset        D  Unknown device
2025-09-16 13:19:22.103  9766-9766  BluetoothScannerService com.remoticom.energynodeinset        I  start/onScanResult: 53:F9:96:A1:53:F6 - null
2025-09-16 13:19:22.103  9766-9766  BluetoothScannerService com.remoticom.energynodeinset        D  First advertised service UUID=null
2025-09-16 13:19:22.104  9766-9766  BluetoothScannerService com.remoticom.energynodeinset        D  Unknown device
2025-09-16 13:19:22.108 23624-23773 bt_stack                com.android.bluetooth                V  [VERBOSE1:btm_inq.cc(1019)] BTM_InqDbRead: bd addr 11:1c:c5:11:8f:66
2025-09-16 13:19:22.109 23624-23773 bt_stack                com.android.bluetooth                V  [VERBOSE1:btm_inq.cc(1019)] BTM_InqDbRead: bd addr f0:d7:8f:4d:80:82
2025-09-16 13:19:22.111  9766-9766  BluetoothScannerService com.remoticom.energynodeinset        I  start/onScanResult: 11:1C:C5:11:8F:66 - null
2025-09-16 13:19:22.111  9766-9766  BluetoothScannerService com.remoticom.energynodeinset        D  First advertised service UUID=null
2025-09-16 13:19:22.111  9766-9766  BluetoothScannerService com.remoticom.energynodeinset        D  Unknown device
2025-09-16 13:19:22.112  9766-9766  BluetoothScannerService com.remoticom.energynodeinset        I  start/onScanResult: F0:D7:8F:4D:80:82 - RTM-BMC
2025-09-16 13:19:22.112  9766-9766  BluetoothScannerService com.remoticom.energynodeinset        D  First advertised service UUID=a55d1c55-0088-ffff-0000-000000000000
2025-09-16 13:19:22.113  9766-9766  BluetoothScannerService com.remoticom.energynodeinset        D  Remoticom device:  EnergyNode Inset
2025-09-16 13:19:22.114  9766-9766  BluetoothScannerService com.remoticom.energynodeinset        D  UUID=00000000-0000-0000-0000-f0d78f4d8082
2025-09-16 13:19:22.121  9766-9766  NodeListFragment        com.remoticom.energynodeinset        D  Updating list of nodes
2025-09-16 13:19:22.128  1099-3321  surfaceflinger          surfaceflinger                       E  [frame_perf] perfboost open boost file failed
2025-09-16 13:19:22.145  1099-21666 surfaceflinger          surfaceflinger                       E  [frame_perf] perfboost open boost file failed
2025-09-16 13:19:22.151   963-23771 vendor.qti...bs_handler and...are.bluetooth@1.0-service-qti  I  ProcessIbsCmd: Received IBS_SLEEP_IND: 0xFE
2025-09-16 13:19:22.152  1099-3321  surfaceflinger          surfaceflinger                       E  [frame_perf] perfboost open boost file failed
2025-09-16 13:19:22.179   963-23771 vendor.qti...bs_handler and...are.bluetooth@1.0-service-qti  I  ProcessIbsCmd: Received IBS_WAKE_IND: 0xFD
2025-09-16 13:19:22.180   963-23771 vendor.qti...bs_handler and...are.bluetooth@1.0-service-qti  I  ProcessIbsCmd: Writing IBS_WAKE_ACK
2025-09-16 13:19:22.181 23624-23773 bt_stack                com.android.bluetooth                V  [VERBOSE1:btm_inq.cc(1019)] BTM_InqDbRead: bd addr e3:9f:90:87:ae:c6
2025-09-16 13:19:22.186  9766-9766  BluetoothScannerService com.remoticom.energynodeinset        I  start/onScanResult: E3:9F:90:87:AE:C6 - RTM-010
2025-09-16 13:19:22.186  9766-9766  BluetoothScannerService com.remoticom.energynodeinset        D  First advertised service UUID=a55d1c55-004b-ffff-0000-000000000000
2025-09-16 13:19:22.186  9766-9766  BluetoothScannerService com.remoticom.energynodeinset        D  Unknown device
2025-09-16 13:19:22.191 23624-23773 bt_stack                com.android.bluetooth                V  [VERBOSE1:btm_inq.cc(1019)] BTM_InqDbRead: bd addr 1b:73:a4:b0:c8:a0
2025-09-16 13:19:22.195 23624-23773 bt_stack                com.android.bluetooth                V  [VERBOSE1:btm_inq.cc(1019)] BTM_InqDbRead: bd addr 4b:59:7a:0e:90:c6
2025-09-16 13:19:22.196  9766-9766  BluetoothScannerService com.remoticom.energynodeinset        I  start/onScanResult: 1B:73:A4:B0:C8:A0 - null
2025-09-16 13:19:22.196  9766-9766  BluetoothScannerService com.remoticom.energynodeinset        D  First advertised service UUID=null
2025-09-16 13:19:22.196  9766-9766  BluetoothScannerService com.remoticom.energynodeinset        D  Unknown device
2025-09-16 13:19:22.197  9766-9766  BluetoothScannerService com.remoticom.energynodeinset        I  start/onScanResult: 4B:59:7A:0E:90:C6 - null
2025-09-16 13:19:22.197  9766-9766  BluetoothScannerService com.remoticom.energynodeinset        D  First advertised service UUID=null
2025-09-16 13:19:22.198  9766-9766  BluetoothScannerService com.remoticom.energynodeinset        D  Unknown device
2025-09-16 13:19:22.234   963-23771 vendor.qti...bs_handler and...are.bluetooth@1.0-service-qti  I  ProcessIbsCmd: Received IBS_SLEEP_IND: 0xFE
2025-09-16 13:19:22.242  1099-21666 surfaceflinger          surfaceflinger                       E  [frame_perf] perfboost open boost file failed
2025-09-16 13:19:22.263   963-23776 vendor.qti...bs_handler and...are.bluetooth@1.0-service-qti  I  DeviceSleep: TX Awake, Sending SLEEP_IND
2025-09-16 13:19:22.264   963-23776 vendor.qti...bs_handler and...are.bluetooth@1.0-service-qti  D  SerialClockVote: vote for UART CLK OFF
2025-09-16 13:19:22.275  1099-3321  surfaceflinger          surfaceflinger                       E  [frame_perf] perfboost open boost file failed
2025-09-16 13:19:22.292  1099-21666 surfaceflinger          surfaceflinger                       E  [frame_perf] perfboost open boost file failed
2025-09-16 13:19:22.325  1099-3321  surfaceflinger          surfaceflinger                       E  [frame_perf] perfboost open boost file failed
2025-09-16 13:19:22.342  1099-21666 surfaceflinger          surfaceflinger                       E  [frame_perf] perfboost open boost file failed
2025-09-16 13:19:22.380  1099-3321  surfaceflinger          surfaceflinger                       E  [frame_perf] perfboost open boost file failed
2025-09-16 13:19:22.397  1099-21666 surfaceflinger          surfaceflinger                       E  [frame_perf] perfboost open boost file failed
2025-09-16 13:19:22.414   963-23752 vendor.qti...-wake_lock and...are.bluetooth@1.0-service-qti  D  Release wakelock is released 
2025-09-16 13:19:22.430  1099-3321  surfaceflinger          surfaceflinger                       E  [frame_perf] perfboost open boost file failed
2025-09-16 13:19:22.442  1305-2195  AlarmManager            system_server                        V  Triggering alarm #0: 3 when =582759036 package =com.android.systemui operation = null listenTag =OpKeyguardUnlockCounter-SYNC flags =0x9
2025-09-16 13:19:22.448  1099-21666 surfaceflinger          surfaceflinger                       E  [frame_perf] perfboost open boost file failed
2025-09-16 13:19:22.482  1099-1873  surfaceflinger          surfaceflinger                       E  [frame_perf] perfboost open boost file failed
2025-09-16 13:19:22.499  1099-21666 surfaceflinger          surfaceflinger                       E  [frame_perf] perfboost open boost file failed
2025-09-16 13:19:22.531  1099-3321  surfaceflinger          surfaceflinger                       E  [frame_perf] perfboost open boost file failed
2025-09-16 13:19:22.548  1099-21666 surfaceflinger          surfaceflinger                       E  [frame_perf] perfboost open boost file failed
2025-09-16 13:19:22.582  1099-3321  surfaceflinger          surfaceflinger                       E  [frame_perf] perfboost open boost file failed
2025-09-16 13:19:22.600  1099-21666 surfaceflinger          surfaceflinger                       E  [frame_perf] perfboost open boost file failed
2025-09-16 13:19:22.630  1099-1157  surfaceflinger          surfaceflinger                       E  [frame_perf] perfboost open boost file failed
2025-09-16 13:19:22.647  1099-21666 surfaceflinger          surfaceflinger                       E  [frame_perf] perfboost open boost file failed
2025-09-16 13:19:22.681  1099-3321  surfaceflinger          surfaceflinger                       E  [frame_perf] perfboost open boost file failed
2025-09-16 13:19:22.698  1099-21666 surfaceflinger          surfaceflinger                       E  [frame_perf] perfboost open boost file failed
2025-09-16 13:19:22.721  3143-3143  MDM-DataTr...eedTracker com.android.phone                    D  onDataActivity: isNewTxEvent = true, isNewRxEvent = true, isTxEndEvent = false, isRxEndEvent = false
2025-09-16 13:19:22.721  3143-3143  MDM-DataAc...ionManager com.android.phone                    D  onDataActivity: isNewEvent = true, isEndEvent = false
2025-09-16 13:19:22.721 30462-30498 NetworkCon...troller(1) com.android.systemui                 D  notifyListeners, showSimLoadedFakeIcon :false
2025-09-16 13:19:22.721  3143-3143  MDM-DataAc...ionManager com.android.phone                    D  getCurrentSimMccMnc: current SIM mccmnc = [*20416, null]
2025-09-16 13:19:22.730  1099-3321  surfaceflinger          surfaceflinger                       E  [frame_perf] perfboost open boost file failed
2025-09-16 13:19:22.747  1099-21666 surfaceflinger          surfaceflinger                       E  [frame_perf] perfboost open boost file failed
2025-09-16 13:19:22.777  1099-3321  surfaceflinger          surfaceflinger                       E  [frame_perf] perfboost open boost file failed
2025-09-16 13:19:22.794  1099-21666 surfaceflinger          surfaceflinger                       E  [frame_perf] perfboost open boost file failed
2025-09-16 13:19:22.831  1099-3321  surfaceflinger          surfaceflinger                       E  [frame_perf] perfboost open boost file failed
2025-09-16 13:19:22.845   963-23771 vendor.qti...bs_handler and...are.bluetooth@1.0-service-qti  I  ProcessIbsCmd: Received IBS_WAKE_IND: 0xFD
2025-09-16 13:19:22.845   963-23771 vendor.qti...bs_handler and...are.bluetooth@1.0-service-qti  D  SerialClockVote: vote for UART CLK ON
2025-09-16 13:19:22.846   963-23771 vendor.qti...-wake_lock and...are.bluetooth@1.0-service-qti  D  Acquire wakelock is acquired 
2025-09-16 13:19:22.846   963-23771 vendor.qti...bs_handler and...are.bluetooth@1.0-service-qti  I  ProcessIbsCmd: Writing IBS_WAKE_ACK
2025-09-16 13:19:22.848  1099-21666 surfaceflinger          surfaceflinger                       E  [frame_perf] perfboost open boost file failed
2025-09-16 13:19:22.849 23624-23773 bt_stack                com.android.bluetooth                V  [VERBOSE1:btm_inq.cc(1019)] BTM_InqDbRead: bd addr 38:f8:71:92:4a:5a
2025-09-16 13:19:22.849 23624-23773 bt_stack                com.android.bluetooth                V  [VERBOSE1:btm_inq.cc(1019)] BTM_InqDbRead: bd addr 11:1c:c5:11:8f:66
2025-09-16 13:19:22.850 23624-23773 bt_stack                com.android.bluetooth                V  [VERBOSE1:btm_inq.cc(1019)] BTM_InqDbRead: bd addr f0:d7:8f:4d:80:82
2025-09-16 13:19:22.856  9766-9766  BluetoothScannerService com.remoticom.energynodeinset        I  start/onScanResult: 38:F8:71:92:4A:5A - null
2025-09-16 13:19:22.856  9766-9766  BluetoothScannerService com.remoticom.energynodeinset        D  First advertised service UUID=null
2025-09-16 13:19:22.856  9766-9766  BluetoothScannerService com.remoticom.energynodeinset        D  Unknown device
2025-09-16 13:19:22.857 23624-23773 bt_stack                com.android.bluetooth                V  [VERBOSE1:btm_inq.cc(1019)] BTM_InqDbRead: bd addr 46:f3:e6:98:72:bc
2025-09-16 13:19:22.858  9766-9766  BluetoothScannerService com.remoticom.energynodeinset        I  start/onScanResult: 11:1C:C5:11:8F:66 - null
2025-09-16 13:19:22.858  9766-9766  BluetoothScannerService com.remoticom.energynodeinset        D  First advertised service UUID=null
2025-09-16 13:19:22.858  9766-9766  BluetoothScannerService com.remoticom.energynodeinset        D  Unknown device
2025-09-16 13:19:22.860  9766-9766  BluetoothScannerService com.remoticom.energynodeinset        I  start/onScanResult: F0:D7:8F:4D:80:82 - RTM-BMC
2025-09-16 13:19:22.860  9766-9766  BluetoothScannerService com.remoticom.energynodeinset        D  First advertised service UUID=a55d1c55-0088-ffff-0000-000000000000
2025-09-16 13:19:22.860  9766-9766  BluetoothScannerService com.remoticom.energynodeinset        D  Remoticom device:  EnergyNode Inset
2025-09-16 13:19:22.862  9766-9766  BluetoothScannerService com.remoticom.energynodeinset        D  UUID=00000000-0000-0000-0000-f0d78f4d8082
2025-09-16 13:19:22.863 23624-23773 bt_stack                com.android.bluetooth                V  [VERBOSE1:btm_inq.cc(1019)] BTM_InqDbRead: bd addr 47:eb:bc:3d:c5:e3
2025-09-16 13:19:22.863  9766-9766  BluetoothScannerService com.remoticom.energynodeinset        I  start/onScanResult: 46:F3:E6:98:72:BC - null
2025-09-16 13:19:22.863  9766-9766  BluetoothScannerService com.remoticom.energynodeinset        D  First advertised service UUID=null
2025-09-16 13:19:22.863  9766-9766  BluetoothScannerService com.remoticom.energynodeinset        D  Unknown device
2025-09-16 13:19:22.868  9766-9766  NodeListFragment        com.remoticom.energynodeinset        D  Updating list of nodes
2025-09-16 13:19:22.873  9766-9766  BluetoothScannerService com.remoticom.energynodeinset        I  start/onScanResult: 47:EB:BC:3D:C5:E3 - null
2025-09-16 13:19:22.873  9766-9766  BluetoothScannerService com.remoticom.energynodeinset        D  First advertised service UUID=null
2025-09-16 13:19:22.873  9766-9766  BluetoothScannerService com.remoticom.energynodeinset        D  Unknown device
2025-09-16 13:19:22.877  1099-3321  surfaceflinger          surfaceflinger                       E  [frame_perf] perfboost open boost file failed
2025-09-16 13:19:22.887 23624-23773 bt_stack                com.android.bluetooth                V  [VERBOSE1:btm_inq.cc(1019)] BTM_InqDbRead: bd addr 28:12:0f:e1:f0:3c
2025-09-16 13:19:22.893  1099-21666 surfaceflinger          surfaceflinger                       E  [frame_perf] perfboost open boost file failed
2025-09-16 13:19:22.897 23624-23773 bt_stack                com.android.bluetooth                V  [VERBOSE1:btm_inq.cc(1019)] BTM_InqDbRead: bd addr 41:69:39:36:82:41
2025-09-16 13:19:22.898  9766-9766  BluetoothScannerService com.remoticom.energynodeinset        I  start/onScanResult: 28:12:0F:E1:F0:3C - null
2025-09-16 13:19:22.898  9766-9766  BluetoothScannerService com.remoticom.energynodeinset        D  First advertised service UUID=null
2025-09-16 13:19:22.898  9766-9766  BluetoothScannerService com.remoticom.energynodeinset        D  Unknown device
2025-09-16 13:19:22.899  1099-1157  surfaceflinger          surfaceflinger                       E  [frame_perf] perfboost open boost file failed
2025-09-16 13:19:22.901  9766-9766  BluetoothScannerService com.remoticom.energynodeinset        I  start/onScanResult: 41:69:39:36:82:41 - null
2025-09-16 13:19:22.901  9766-9766  BluetoothScannerService com.remoticom.energynodeinset        D  First advertised service UUID=null
2025-09-16 13:19:22.901  9766-9766  BluetoothScannerService com.remoticom.energynodeinset        D  Unknown device
2025-09-16 13:19:22.906 23624-23773 bt_stack                com.android.bluetooth                V  [VERBOSE1:btm_inq.cc(1019)] BTM_InqDbRead: bd addr 1b:73:a4:b0:c8:a0
2025-09-16 13:19:22.916 23624-23773 bt_stack                com.android.bluetooth                V  [VERBOSE1:btm_inq.cc(1019)] BTM_InqDbRead: bd addr e3:9f:90:87:ae:c6
2025-09-16 13:19:22.916  1099-21666 surfaceflinger          surfaceflinger                       E  [frame_perf] perfboost open boost file failed
2025-09-16 13:19:22.925 23624-23773 bt_stack                com.android.bluetooth                V  [VERBOSE1:btm_inq.cc(1019)] BTM_InqDbRead: bd addr c9:06:bb:f9:c8:07
2025-09-16 13:19:22.932 23624-23773 bt_stack                com.android.bluetooth                V  [VERBOSE1:btm_inq.cc(1019)] BTM_InqDbRead: bd addr 4d:30:2c:a7:f6:67
2025-09-16 13:19:22.933  9766-9766  PeripheralsDataSource   com.remoticom.energynodeinset        D  Peripheral (00000000-0000-0000-0000-f0d78f4d8082) loaded.
2025-09-16 13:19:22.933  9766-9766  PeripheralsDataSource   com.remoticom.energynodeinset        D  Updating peripheral (00000000-0000-0000-0000-f0d78f4d8082) state to: PeripheralState(status=Loaded, peripheral=Peripheral(uuid=00000000-0000-0000-0000-F0D78F4D8082, ownershipStatus=Claimed, owner=null, assetName=null, password=****, pin=****, support=PeripheralSupport(email=info@remoticom.com)), lastError=null)
2025-09-16 13:19:22.935  9766-9766  NodeListFragment        com.remoticom.energynodeinset        D  Updating list of nodes
2025-09-16 13:19:22.941 23624-23773 bt_stack                com.android.bluetooth                V  [VERBOSE1:btm_inq.cc(1019)] BTM_InqDbRead: bd addr 38:f8:71:92:4a:5a
2025-09-16 13:19:22.944  9766-9766  BluetoothScannerService com.remoticom.energynodeinset        I  start/onScanResult: 1B:73:A4:B0:C8:A0 - null
2025-09-16 13:19:22.944  9766-9766  BluetoothScannerService com.remoticom.energynodeinset        D  First advertised service UUID=null
2025-09-16 13:19:22.944  9766-9766  BluetoothScannerService com.remoticom.energynodeinset        D  Unknown device
2025-09-16 13:19:22.944  9766-9766  BluetoothScannerService com.remoticom.energynodeinset        I  start/onScanResult: E3:9F:90:87:AE:C6 - RTM-010
2025-09-16 13:19:22.945  9766-9766  BluetoothScannerService com.remoticom.energynodeinset        D  First advertised service UUID=a55d1c55-004b-ffff-0000-000000000000
2025-09-16 13:19:22.945  9766-9766  BluetoothScannerService com.remoticom.energynodeinset        D  Unknown device
2025-09-16 13:19:22.945  1099-1157  surfaceflinger          surfaceflinger                       E  [frame_perf] perfboost open boost file failed
2025-09-16 13:19:22.945  9766-9766  BluetoothScannerService com.remoticom.energynodeinset        I  start/onScanResult: C9:06:BB:F9:C8:07 - null
2025-09-16 13:19:22.945  9766-9766  BluetoothScannerService com.remoticom.energynodeinset        D  First advertised service UUID=null
2025-09-16 13:19:22.945  9766-9766  BluetoothScannerService com.remoticom.energynodeinset        D  Unknown device
2025-09-16 13:19:22.946  9766-9766  BluetoothScannerService com.remoticom.energynodeinset        I  start/onScanResult: 4D:30:2C:A7:F6:67 - null
2025-09-16 13:19:22.946  9766-9766  BluetoothScannerService com.remoticom.energynodeinset        D  First advertised service UUID=null
2025-09-16 13:19:22.946  9766-9766  BluetoothScannerService com.remoticom.energynodeinset        D  Unknown device
2025-09-16 13:19:22.946  9766-9766  BluetoothScannerService com.remoticom.energynodeinset        I  start/onScanResult: 38:F8:71:92:4A:5A - null
2025-09-16 13:19:22.946  9766-9766  BluetoothScannerService com.remoticom.energynodeinset        D  First advertised service UUID=null
2025-09-16 13:19:22.946  9766-9766  BluetoothScannerService com.remoticom.energynodeinset        D  Unknown device
2025-09-16 13:19:22.946 23624-23773 bt_stack                com.android.bluetooth                V  [VERBOSE1:btm_inq.cc(1019)] BTM_InqDbRead: bd addr 5c:0b:92:54:1f:e2
2025-09-16 13:19:22.947  1305-1758  BatteryStatsImpl        system_server                        I  set timeToFullsIndexMax = 3
