2025-09-15 17:06:52.871  9036-9036  HeadsetA2dpSync         com.android.bluetooth                D   updateA2DPPlayingState device: 74:45:CE:96:E7:CB transition 10->11
2025-09-15 17:06:52.871  9036-9036  HeadsetA2dpSync         com.android.bluetooth                D   isA2dpPlaying returns = 2
2025-09-15 17:06:52.871  9036-9036  HeadsetService          com.android.bluetooth                D   sendA2dpStateChange newState = 2
2025-09-15 17:06:52.871  9036-9036  HeadsetStateMachine     com.android.bluetooth                E  returning mCurrentState as Connected
2025-09-15 17:06:52.872  3014-3014  aptxalsBTEventHandler   com.qualcomm.qtil.aptxals            I  action: android.bluetooth.a2dp.profile.action.PLAYING_STATE_CHANGED
2025-09-15 17:06:52.872  9036-9036  HeadsetStateMachine     com.android.bluetooth                E  returning mCurrentState as Disconnected
2025-09-15 17:06:52.872  3014-3014  aptxalsBTEventHandler   com.qualcomm.qtil.aptxals            I  received action: android.bluetooth.a2dp.profile.action.PLAYING_STATE_CHANGED for device: 74:45:CE:96:E7:CB state: STATE_NOT_PLAYING
2025-09-15 17:06:52.872  9036-9036  HeadsetA2dpSync         com.android.bluetooth                D   device: 74:45:CE:96:E7:CB state = 2
2025-09-15 17:06:52.872  9036-9185  HeadsetStateMachine     com.android.bluetooth                D  handleMessage: E msg.what=24
2025-09-15 17:06:52.872  9036-9036  BtOppService            com.android.bluetooth                D  action : android.bluetooth.a2dp.profile.action.PLAYING_STATE_CHANGED
2025-09-15 17:06:52.872  9036-9185  HeadsetStateMachine     com.android.bluetooth                D  processMsg: Connected
2025-09-15 17:06:52.872  9036-9036  BtOppUtils              com.android.bluetooth                D  device: 74:45:CE:96:E7:CB newState: 11
2025-09-15 17:06:52.872  9036-9036  BtOppUtils              com.android.bluetooth                D   isA2DPPlaying :false
2025-09-15 17:06:52.873  9036-9185  HeadsetStateMachine     com.android.bluetooth                D  Connected: currentDevice=74:45:CE:96:E7:CB, msg=A2DP_STATE_CHANGED event
2025-09-15 17:06:52.874  9036-9185  HeadsetStateMachine     com.android.bluetooth                D  Enter processIntentA2dpPlayStateChanged(): a2dp state 2
2025-09-15 17:06:52.874  9036-9185  HeadsetStateMachine     com.android.bluetooth                D  A2DP suspended when there is no CS/VOIP calls or VR, resuming A2DP
2025-09-15 17:06:52.874  9036-9185  HeadsetA2dpSync         com.android.bluetooth                D   releaseA2DP mA2dpSuspendTriggered 0 by device 74:45:CE:96:E7:CB
2025-09-15 17:06:52.875  9036-9185  bt_device_interop       com.android.bluetooth                W  interop_database_match_by_name
2025-09-15 17:06:52.875  9036-9185  bt_device_interop       com.android.bluetooth                W  conver_feature_to_enum, online config match interop feature = INTEROP_HFP_LOW_PRIORITY_DEVICE
2025-09-15 17:06:52.876  9036-9185  HeadsetStateMachine     com.android.bluetooth                D  Exit processIntentA2dpPlayStateChanged()
2025-09-15 17:06:52.876  9036-9185  HeadsetStateMachine     com.android.bluetooth                D  handleMessage: X
2025-09-15 17:06:52.924  1373-12204 BufferPoolAccessor2.0   mediaserver                          D  evictor expired: 1, evicted: 0
2025-09-15 17:06:52.926   963-9172  vendor.qti...bs_handler and...are.bluetooth@1.0-service-qti  I  ProcessIbsCmd: Received IBS_SLEEP_IND: 0xFE
2025-09-15 17:06:53.044  2946-14801 IHansComunication       hans                                 D  HansComunication::configCheckedUid-- 10032
2025-09-15 17:06:53.044  2946-14801 IHansComunication       hans                                 D  HANS sendMessageToKernel: threadId = 535263042752, netLinkSetup = 1, type = FROZEN_TRANS, targetUid = 10032, pkgCmd = PKG_CMD_MAX
2025-09-15 17:06:53.732  1305-2937  OPBF                    system_server                        D  setCGroupState():tofreeze=true, uid:10112 pkg:com.snapchat.android --->>> ok reason:finish perform hasTimeout broadcast for action = android.intent.action.SCREEN_ON
2025-09-15 17:06:53.853   963-9177  vendor.qti...bs_handler and...are.bluetooth@1.0-service-qti  I  DeviceSleep: TX Awake, Sending SLEEP_IND
2025-09-15 17:06:53.854   963-9177  vendor.qti...bs_handler and...are.bluetooth@1.0-service-qti  D  SerialClockVote: vote for UART CLK OFF
2025-09-15 17:06:53.925  1474-2918  BufferPoolAccessor2.0   media.swcodec                        D  evictor expired: 1, evicted: 0
2025-09-15 17:06:54.004   963-9166  vendor.qti...-wake_lock and...are.bluetooth@1.0-service-qti  D  Release wakelock is released 
2025-09-15 17:06:54.116  2946-14801 IHansComunication       hans                                 D  HansComunication::configCheckedUid-- 10331
2025-09-15 17:06:54.116  2946-14801 IHansComunication       hans                                 D  HANS sendMessageToKernel: threadId = 535263042752, netLinkSetup = 1, type = FROZEN_TRANS, targetUid = 10331, pkgCmd = PKG_CMD_MAX
2025-09-15 17:06:54.241  2946-14801 IHansComunication       hans                                 D  HansComunication::configCheckedUid-- 10129
2025-09-15 17:06:54.241  2946-14801 IHansComunication       hans                                 D  HANS sendMessageToKernel: threadId = 535263042752, netLinkSetup = 1, type = FROZEN_TRANS, targetUid = 10129, pkgCmd = PKG_CMD_MAX
2025-09-15 17:06:54.925  1373-12204 BufferPoolAccessor2.0   mediaserver                          D  bufferpool2 0xe8506e68 : 0(0 size) total buffers - 0(0 size) used buffers - 64/72 (recycle/alloc) - 8/140 (fetch/transfer)
2025-09-15 17:06:54.925  1373-12204 BufferPoolAccessor2.0   mediaserver                          D  evictor expired: 1, evicted: 1
2025-09-15 17:06:54.925  1474-2918  BufferPoolAccessor2.0   media.swcodec                        D  bufferpool2 0x774b944968 : 0(0 size) total buffers - 0(0 size) used buffers - 64/68 (recycle/alloc) - 4/67 (fetch/transfer)
2025-09-15 17:06:54.926  1474-2918  BufferPoolAccessor2.0   media.swcodec                        D  evictor expired: 2, evicted: 1
2025-09-15 17:06:55.394  1305-2238  ConnectivityService     system_server                        D  NetReassign [no changes]
2025-09-15 17:06:55.484 30462-30462 OpUtils                 com.android.systemui                 I  isSupportWarpCharging:false
2025-09-15 17:06:55.485 30462-30462 OpSWarpChargingView     com.android.systemui                 D  level is same as latest one [100]
2025-09-15 17:06:55.488 30462-30462 KeyguardUpdateMonitor   com.android.systemui                 D  received broadcast android.intent.action.BATTERY_CHANGED
2025-09-15 17:06:55.488 30462-30462 OpUtils                 com.android.systemui                 I  isSupportWarpCharging:false
2025-09-15 17:06:55.488 30462-30462 KeyguardUpdateMonitor   com.android.systemui                 D  pdCharge false, chargingstatus 0, fastcharge:0
2025-09-15 17:06:55.492 30462-30498 BatterySaverTile        com.android.systemui                 D  handleUpdateState, true, false
2025-09-15 17:06:55.532  3107-3107  DeviceStatisticsService com...m.qti.devicestatisticsservice  D  chargerType=2 batteryLevel=100 totalBatteryCapacity=2831200
2025-09-15 17:06:55.532  3107-3107  DeviceInfoHidlClient    com...m.qti.devicestatisticsservice  D  isPowerInfoNeverSent()=true
2025-09-15 17:06:55.591   963-9172  vendor.qti...bs_handler and...are.bluetooth@1.0-service-qti  I  ProcessIbsCmd: Received IBS_WAKE_IND: 0xFD
2025-09-15 17:06:55.591   963-9172  vendor.qti...bs_handler and...are.bluetooth@1.0-service-qti  D  SerialClockVote: vote for UART CLK ON
2025-09-15 17:06:55.592   963-9172  vendor.qti...-wake_lock and...are.bluetooth@1.0-service-qti  D  Acquire wakelock is acquired 
2025-09-15 17:06:55.592   963-9172  vendor.qti...bs_handler and...are.bluetooth@1.0-service-qti  I  ProcessIbsCmd: Writing IBS_WAKE_ACK
2025-09-15 17:06:55.633   963-9172  vendor.qti...bs_handler and...are.bluetooth@1.0-service-qti  I  ProcessIbsCmd: Received IBS_SLEEP_IND: 0xFE
2025-09-15 17:06:55.633   963-9172  vendor.qti...bs_handler and...are.bluetooth@1.0-service-qti  D  SerialClockVote: vote for UART CLK OFF
2025-09-15 17:06:55.734  2946-14801 IHansComunication       hans                                 D  HansComunication::configCheckedUid-- 10112
2025-09-15 17:06:55.734  2946-14801 IHansComunication       hans                                 D  HANS sendMessageToKernel: threadId = 535263042752, netLinkSetup = 1, type = FROZEN_TRANS, targetUid = 10112, pkgCmd = PKG_CMD_MAX
2025-09-15 17:06:55.783   963-9166  vendor.qti...-wake_lock and...are.bluetooth@1.0-service-qti  D  Release wakelock is released 
2025-09-15 17:06:55.904   963-9172  vendor.qti...bs_handler and...are.bluetooth@1.0-service-qti  I  ProcessIbsCmd: Received IBS_WAKE_IND: 0xFD
2025-09-15 17:06:55.904   963-9172  vendor.qti...bs_handler and...are.bluetooth@1.0-service-qti  D  SerialClockVote: vote for UART CLK ON
2025-09-15 17:06:55.905   963-9172  vendor.qti...-wake_lock and...are.bluetooth@1.0-service-qti  D  Acquire wakelock is acquired 
2025-09-15 17:06:55.905   963-9172  vendor.qti...bs_handler and...are.bluetooth@1.0-service-qti  I  ProcessIbsCmd: Writing IBS_WAKE_ACK
2025-09-15 17:06:55.907  9036-9174  bt_stack                com.android.bluetooth                V  [VERBOSE1:btm_inq.cc(1019)] BTM_InqDbRead: bd addr 66:85:aa:7c:e5:b8
2025-09-15 17:06:55.946   963-9172  vendor.qti...bs_handler and...are.bluetooth@1.0-service-qti  I  ProcessIbsCmd: Received IBS_SLEEP_IND: 0xFE
2025-09-15 17:06:55.946   963-9172  vendor.qti...bs_handler and...are.bluetooth@1.0-service-qti  D  SerialClockVote: vote for UART CLK OFF
2025-09-15 17:06:56.096   963-9166  vendor.qti...-wake_lock and...are.bluetooth@1.0-service-qti  D  Release wakelock is released 
2025-09-15 17:06:56.813   999-16588 sensors-hal             and....sensors@2.0-service.multihal  E  handle_sns_client_event:65, device_orient_event: ts=510013404197789, type=0,  hal scalar type =0.000000
2025-09-15 17:06:56.932   999-16588 sensors-hal             and....sensors@2.0-service.multihal  E  handle_sns_client_event:65, device_orient_event: ts=510013523576070, type=4,  hal scalar type =4.000000
2025-09-15 17:06:57.028  4993-4993  NotificationListener    net.oneplus.launcher                 D  onNotificationRankingUpdate# hash: 263347318 rankingMap: android.service.notification.NotificationListenerService$RankingMap@a243fa4
2025-09-15 17:06:57.056 30462-30462 StackScroller           com.android.systemui                 D  updateSpeedBumpIndex newIndex:11 noAmbient: false
2025-09-15 17:06:57.058 30462-30462 StackScroller           com.android.systemui                 D  updateFooter showDismissView true showFooterView true showHistory false hasActiveNotifications() true mStatusBarState 0
2025-09-15 17:06:57.059 30462-30462 StackScroller           com.android.systemui                 D  setting break mode view visibility: isKeyGaurdVisible:false isWLBON:false
2025-09-15 17:06:57.064  4993-4993  NotificationListener    net.oneplus.launcher                 D  onNotificationRankingUpdate# hash: 263347318 rankingMap: android.service.notification.NotificationListenerService$RankingMap@9ab410d
2025-09-15 17:06:57.101 30462-30462 StackScroller           com.android.systemui                 D  updateSpeedBumpIndex newIndex:11 noAmbient: false
2025-09-15 17:06:57.102 30462-30462 StackScroller           com.android.systemui                 D  updateFooter showDismissView true showFooterView true showHistory false hasActiveNotifications() true mStatusBarState 0
2025-09-15 17:06:57.104 30462-30462 StackScroller           com.android.systemui                 D  setting break mode view visibility: isKeyGaurdVisible:false isWLBON:false
2025-09-15 17:06:57.205  4993-5019  neplus.launche          net.oneplus.launcher                 I  NativeAlloc concurrent copying GC freed 82708(3997KB) AllocSpace objects, 13(780KB) LOS objects, 49% free, 11MB/22MB, paused 87us total 142.037ms
2025-09-15 17:06:57.249  4993-5021  System                  net.oneplus.launcher                 W  A resource failed to call release. 
2025-09-15 17:06:57.250  4993-5021  System                  net.oneplus.launcher                 W  A resource failed to call release. 
2025-09-15 17:06:57.861  1099-1468  surfaceflinger          surfaceflinger                       E  [frame_perf] AutoBoostStrategyQuery fd<0 failed, errno=Inappropriate ioctl for device
2025-09-15 17:06:57.861  1099-1468  surfaceflinger          surfaceflinger                       E  [frame_perf] AutoBoostConfigQuery fd<0 failed, errno=Inappropriate ioctl for device
2025-09-15 17:06:57.878  1099-12686 surfaceflinger          surfaceflinger                       E  [frame_perf] perfboost open boost file failed
2025-09-15 17:06:57.887   999-16588 sensors-hal             and....sensors@2.0-service.multihal  E  handle_sns_client_event:65, device_orient_event: ts=510014478634403, type=0,  hal scalar type =0.000000
2025-09-15 17:06:57.887  1099-1873  surfaceflinger          surfaceflinger                       E  [frame_perf] perfboost open boost file failed
2025-09-15 17:06:57.966  7263-7263  NodeListFragment        com.remoticom.energynodeinset        D  Updating list of nodes
2025-09-15 17:06:57.968  1099-12686 surfaceflinger          surfaceflinger                       E  [frame_perf] perfboost open boost file failed
2025-09-15 17:06:57.982  1099-1873  surfaceflinger          surfaceflinger                       E  [frame_perf] perfboost open boost file failed
2025-09-15 17:06:57.999  1099-12686 surfaceflinger          surfaceflinger                       E  [frame_perf] perfboost open boost file failed
2025-09-15 17:06:58.001  1099-3321  surfaceflinger          surfaceflinger                       E  [frame_perf] perfboost open boost file failed
2025-09-15 17:06:58.046   999-16588 sensors-hal             and....sensors@2.0-service.multihal  E  handle_sns_client_event:65, device_orient_event: ts=510014637807737, type=4,  hal scalar type =4.000000
2025-09-15 17:06:58.067  1099-12686 surfaceflinger          surfaceflinger                       E  [frame_perf] perfboost open boost file failed
2025-09-15 17:06:58.068  1099-3321  surfaceflinger          surfaceflinger                       E  [frame_perf] perfboost open boost file failed
2025-09-15 17:06:58.118  1099-12686 surfaceflinger          surfaceflinger                       E  [frame_perf] perfboost open boost file failed
2025-09-15 17:06:58.118  1099-3321  surfaceflinger          surfaceflinger                       E  [frame_perf] perfboost open boost file failed
2025-09-15 17:06:58.135  1099-12686 surfaceflinger          surfaceflinger                       E  [frame_perf] perfboost open boost file failed
2025-09-15 17:06:58.136  1099-1873  surfaceflinger          surfaceflinger                       E  [frame_perf] perfboost open boost file failed
2025-09-15 17:06:58.136   963-9172  vendor.qti...bs_handler and...are.bluetooth@1.0-service-qti  I  ProcessIbsCmd: Received IBS_WAKE_IND: 0xFD
2025-09-15 17:06:58.136   963-9172  vendor.qti...bs_handler and...are.bluetooth@1.0-service-qti  D  SerialClockVote: vote for UART CLK ON
2025-09-15 17:06:58.138   963-9172  vendor.qti...-wake_lock and...are.bluetooth@1.0-service-qti  D  Acquire wakelock is acquired 
2025-09-15 17:06:58.138   963-9172  vendor.qti...bs_handler and...are.bluetooth@1.0-service-qti  I  ProcessIbsCmd: Writing IBS_WAKE_ACK
2025-09-15 17:06:58.178   963-9172  vendor.qti...bs_handler and...are.bluetooth@1.0-service-qti  I  ProcessIbsCmd: Received IBS_SLEEP_IND: 0xFE
2025-09-15 17:06:58.179   963-9172  vendor.qti...bs_handler and...are.bluetooth@1.0-service-qti  D  SerialClockVote: vote for UART CLK OFF
2025-09-15 17:06:58.183  1099-12686 surfaceflinger          surfaceflinger                       E  [frame_perf] perfboost open boost file failed
2025-09-15 17:06:58.185  1099-1873  surfaceflinger          surfaceflinger                       E  [frame_perf] perfboost open boost file failed
2025-09-15 17:06:58.202  1099-12686 surfaceflinger          surfaceflinger                       E  [frame_perf] perfboost open boost file failed
2025-09-15 17:06:58.203  1099-1468  surfaceflinger          surfaceflinger                       E  [frame_perf] perfboost open boost file failed
2025-09-15 17:06:58.253  1099-12686 surfaceflinger          surfaceflinger                       E  [frame_perf] perfboost open boost file failed
2025-09-15 17:06:58.329   963-9166  vendor.qti...-wake_lock and...are.bluetooth@1.0-service-qti  D  Release wakelock is released 
2025-09-15 17:06:58.564   999-16588 sensors-hal             and....sensors@2.0-service.multihal  E  handle_sns_client_event:65, device_orient_event: ts=510015155136018, type=0,  hal scalar type =0.000000
2025-09-15 17:06:58.888  1099-3321  surfaceflinger          surfaceflinger                       E  [frame_perf] perfboost open boost file failed
2025-09-15 17:06:58.889  7263-7263  NodeRepository          com.remoticom.energynodeinset        I  Operation in progress. Not disconnecting.
2025-09-15 17:06:59.634   963-9172  vendor.qti...bs_handler and...are.bluetooth@1.0-service-qti  I  ProcessIbsCmd: Received IBS_WAKE_IND: 0xFD
2025-09-15 17:06:59.634   963-9172  vendor.qti...bs_handler and...are.bluetooth@1.0-service-qti  D  SerialClockVote: vote for UART CLK ON
2025-09-15 17:06:59.635   963-9172  vendor.qti...-wake_lock and...are.bluetooth@1.0-service-qti  D  Acquire wakelock is acquired 
2025-09-15 17:06:59.635   963-9172  vendor.qti...bs_handler and...are.bluetooth@1.0-service-qti  I  ProcessIbsCmd: Writing IBS_WAKE_ACK
2025-09-15 17:06:59.638  9036-9174  bt_stack                com.android.bluetooth                V  [VERBOSE1:btm_inq.cc(1019)] BTM_InqDbRead: bd addr 50:3c:95:59:75:ae
2025-09-15 17:06:59.648 21080-16746 NearbyConnections       com.google.android.gms.persistent    I  Found BleAdvertisement [ 0x23 0x41 0x37 0x31 0x50 0x11 0x32 0xa3 0xb4 0xb7 0x15 0x96 0x3b 0xb9 0x84 0xf3 0x60 0x5f 0xe8 0x0d 0x15 0x2d 0x35 ] (with EndpointId A71P and EndpointInfo [ 0x32 0xa3 0xb4 0xb7 0x15 0x96 0x3b 0xb9 0x84 0xf3 0x60 0x5f 0xe8 0x0d 0x15 0x2d 0x35 ])
2025-09-15 17:06:59.650 21080-16746 NearbyConnections       com.google.android.gms.persistent    I  ClientProxy(20352971) reporting onEndpointFound(A71P)
2025-09-15 17:06:59.651 21080-16746 NearbyConnections       com.google.android.gms.persistent    I  ClientProxy(20352971) reporting onEndpointDistanceChanged(A71P, UNKNOWN)
2025-09-15 17:06:59.652 21080-16746 NearbySharing           com.google.android.gms.persistent    I  NearbySharing Internal event EndpointDiscovered(endpointId=A71P)
2025-09-15 17:06:59.676   963-9172  vendor.qti...bs_handler and...are.bluetooth@1.0-service-qti  I  ProcessIbsCmd: Received IBS_SLEEP_IND: 0xFE
2025-09-15 17:06:59.676   963-9172  vendor.qti...bs_handler and...are.bluetooth@1.0-service-qti  D  SerialClockVote: vote for UART CLK OFF
2025-09-15 17:06:59.826   963-9166  vendor.qti...-wake_lock and...are.bluetooth@1.0-service-qti  D  Release wakelock is released 
2025-09-15 17:06:58.429  1305-2238  ConnectivityService     system_server                        D  NetReassign [no changes]
2025-09-15 17:07:00.001  1305-2195  AlarmManager            system_server                        V  Triggering alarm #0: 3 when =510016595 package =android operation = null listenTag =TIME_TICK flags =0x1
2025-09-15 17:07:00.009 30462-30462 KeyguardUpdateMonitor   com.android.systemui                 D  received broadcast android.intent.action.TIME_TICK
2025-09-15 17:07:00.011 30462-30617 Clock-Noti...de-842c20b com.android.systemui                 D  time_tick, counter:1
2025-09-15 17:07:00.011 30462-30617 Clock-Noti...de-c604f72 com.android.systemui                 D  time_tick, counter:1
2025-09-15 17:07:00.011 30462-30617 Clock-StatusBar-27c9677 com.android.systemui                 D  time_tick, counter:1
2025-09-15 17:07:00.015 30462-30462 OpColorTextView         com.android.systemui                 I  index:0
2025-09-15 17:07:00.032 30462-30503 ClockCtrl               com.android.systemui                 I   schedule next: 59968
2025-09-15 17:07:00.032 30462-30503 OpKeyguardUpdateMonitor com.android.systemui                 I  onTimeChanged
2025-09-15 17:07:00.062 30462-30462 KeyguardUpdateMonitor   com.android.systemui                 D  handleTimeUpdate
2025-09-15 17:07:00.209   963-9172  vendor.qti...bs_handler and...are.bluetooth@1.0-service-qti  I  ProcessIbsCmd: Received IBS_WAKE_IND: 0xFD
2025-09-15 17:07:00.209   963-9172  vendor.qti...bs_handler and...are.bluetooth@1.0-service-qti  D  SerialClockVote: vote for UART CLK ON
2025-09-15 17:07:00.210   963-9172  vendor.qti...-wake_lock and...are.bluetooth@1.0-service-qti  D  Acquire wakelock is acquired 
2025-09-15 17:07:00.210   963-9172  vendor.qti...bs_handler and...are.bluetooth@1.0-service-qti  I  ProcessIbsCmd: Writing IBS_WAKE_ACK
2025-09-15 17:07:00.213  9036-9174  bt_stack                com.android.bluetooth                V  [VERBOSE1:btm_inq.cc(1019)] BTM_InqDbRead: bd addr 50:3c:95:59:75:ae
2025-09-15 17:07:00.214  9036-9174  bt_stack                com.android.bluetooth                V  [VERBOSE1:btm_inq.cc(1019)] BTM_InqDbRead: bd addr 66:85:aa:7c:e5:b8
2025-09-15 17:07:00.252   963-9172  vendor.qti...bs_handler and...are.bluetooth@1.0-service-qti  I  ProcessIbsCmd: Received IBS_SLEEP_IND: 0xFE
2025-09-15 17:07:00.252   963-9172  vendor.qti...bs_handler and...are.bluetooth@1.0-service-qti  D  SerialClockVote: vote for UART CLK OFF
2025-09-15 17:07:00.315   999-16588 sensors-hal             and....sensors@2.0-service.multihal  E  handle_sns_client_event:65, device_orient_event: ts=510016906079664, type=4,  hal scalar type =4.000000
2025-09-15 17:07:00.402   963-9166  vendor.qti...-wake_lock and...are.bluetooth@1.0-service-qti  D  Release wakelock is released 
2025-09-15 17:07:00.469 30462-30462 KeyButtonRipple         com.android.systemui                 D  state.pressed:true, key:2
2025-09-15 17:07:00.471  1053-1053  vendor.qti.vibrator     ven...qti.hardware.vibrator.service  D  QTI Vibrator reporting capabilities: 3
2025-09-15 17:07:00.474  1305-3193  RichTapVibratorService  system_server                        D  none richtap effect, do nothing!!
2025-09-15 17:07:00.474  1305-3193  VibratorService         system_server                        D  vibrate from 'android', reason = Virtual Key - Press, token = android.os.Binder@e3fb9eb, attrs = VibrationAttributes: Usage=TOUCH Flags=0
2025-09-15 17:07:00.477  1305-3193  RichTapVibratorService  system_server                        D  vibratorDescriptor:android.hardware.vibrator.IVibrator/default
2025-09-15 17:07:00.478  1305-3193  RichTapVibratorService  system_server                        D  vibratorHalService:android.hardware.vibrator.IVibrator$Stub$Proxy@35ba63d
2025-09-15 17:07:00.479  1305-3193  RichTapVibratorService  system_server                        D  Capabilities:3
2025-09-15 17:07:00.479  1305-3193  RichTapVibratorService  system_server                        E  getExtension == null
2025-09-15 17:07:00.479  1305-3193  RichTapVibratorService  system_server                        D  vibratorDescriptor:android.hardware.vibrator.IVibrator/default
2025-09-15 17:07:00.479  1305-3193  RichTapVibratorService  system_server                        D  vibratorHalService:android.hardware.vibrator.IVibrator$Stub$Proxy@ada8e32
2025-09-15 17:07:00.480  1305-3193  RichTapVibratorService  system_server                        D  Capabilities:3
2025-09-15 17:07:00.480  1305-3193  RichTapVibratorService  system_server                        E  getExtension == null
2025-09-15 17:07:00.478  1053-1053  chatty                  ven...qti.hardware.vibrator.service  I  uid=1000(system) vendor.qti.hard identical 1 line
2025-09-15 17:07:00.480  1053-1053  vendor.qti.vibrator     ven...qti.hardware.vibrator.service  D  QTI Vibrator reporting capabilities: 3
2025-09-15 17:07:00.480  1053-1053  vendor.qti.vibrator     ven...qti.hardware.vibrator.service  D  QTI Vibrator off
2025-09-15 17:07:00.482  1305-3193  VibratorService         system_server                        E  Failed to issue command to vibrator HAL. Retrying.
2025-09-15 17:07:00.482   606-606   servicemanager          servicemanager                       I  Found android.hardware.vibrator.IVibrator/default in device VINTF manifest.
2025-09-15 17:07:00.483  1305-3193  VibratorService         system_server                        E  Failed to issue command to vibrator HAL. Retrying.
2025-09-15 17:07:00.483   606-606   servicemanager          servicemanager                       I  Found android.hardware.vibrator.IVibrator/default in device VINTF manifest.
2025-09-15 17:07:00.486  1053-1053  vendor.qti.vibrator     ven...qti.hardware.vibrator.service  D  Vibrator on for timeoutMs: 10
2025-09-15 17:07:00.488 30462-30462 KeyButtonRipple         com.android.systemui                 D   draw SupportHardware=true Type=ROUNDED_RECT
2025-09-15 17:07:00.498  1305-16751 RichTapVibratorService  system_server                        D  vibratorDescriptor:android.hardware.vibrator.IVibrator/default
2025-09-15 17:07:00.499  1305-16751 RichTapVibratorService  system_server                        D  vibratorHalService:android.hardware.vibrator.IVibrator$Stub$Proxy@30df783
2025-09-15 17:07:00.499  1053-1053  vendor.qti.vibrator     ven...qti.hardware.vibrator.service  D  QTI Vibrator reporting capabilities: 3
2025-09-15 17:07:00.499  1305-16751 RichTapVibratorService  system_server                        D  Capabilities:3
2025-09-15 17:07:00.499  1305-16751 RichTapVibratorService  system_server                        E  getExtension == null
2025-09-15 17:07:00.499  1053-1053  vendor.qti.vibrator     ven...qti.hardware.vibrator.service  D  QTI Vibrator off
2025-09-15 17:07:00.556 30462-30462 KeyButtonRipple         com.android.systemui                 D  state.pressed:false, key:2
2025-09-15 17:07:00.561  4993-17697 TouchInteractionService net.oneplus.launcher                 D  onOverviewToggle#
2025-09-15 17:07:00.563 30462-30462 KeyButtonRipple         com.android.systemui                 D   draw SupportHardware=true Type=ROUNDED_RECT
2025-09-15 17:07:00.566  4993-17697 RecentTasksList         net.oneplus.launcher                 D  getTasks: The list is up to date, callback with the same list.
2025-09-15 17:07:00.567  4993-4993  StateManager            net.oneplus.launcher                 D  gotoState# fromState=NORMAL, toState=OVERVIEW, animated = false
2025-09-15 17:07:00.568  4993-4993  StateManager            net.oneplus.launcher                 D  onStateTransitionStart# state: NORMAL -> OVERVIEW
2025-09-15 17:07:00.568  4993-4993  QuickPage               net.oneplus.launcher                 D  clear root view state on hide# QuickPage
2025-09-15 17:07:00.568  4993-4993  PedometerCardViewHolder net.oneplus.launcher                 I  [PEDOMETER] onHide
2025-09-15 17:07:00.568  4993-4993  LauncherAppWidgetHost   net.oneplus.launcher                 D  setResumed# isResumed: false, flag: 2
2025-09-15 17:07:00.568  4993-4993  DeviceHelper            net.oneplus.launcher                 D  isIndiaSkuSupports: this= 17819 , is SKU: false
2025-09-15 17:07:00.569  4993-4993  chatty                  net.oneplus.launcher                 I  uid=10058(net.oneplus.launcher) identical 1 line
2025-09-15 17:07:00.569  4993-4993  DeviceHelper            net.oneplus.launcher                 D  isIndiaSkuSupports: this= 17819 , is SKU: false
2025-09-15 17:07:00.569 30462-30462 ShadeControllerImpl     com.android.systemui                 V  NotificationShadeWindow: com.android.systemui.statusbar.phone.NotificationShadeWindowView{721e415 I.E...... ......ID 0,0-1080,2280} canPanelBeCollapsed(): false
2025-09-15 17:07:00.577  4993-4993  DeviceHelper            net.oneplus.launcher                 D  isIndiaSkuSupports: this= 17819 , is SKU: false
2025-09-15 17:07:00.577  4993-4993  AlphabeticalAppsList    net.oneplus.launcher                 D  refillAdapterItems# app: 105, recent: 5, suggestion: 0, adapter: 111, hide games: 0, searchResults:  null, filtered: 110. AppsStore# app: 105, recent: 66
2025-09-15 17:07:00.578  4993-4993  DeviceHelper            net.oneplus.launcher                 D  isIndiaSkuSupports: this= 17819 , is SKU: false
2025-09-15 17:07:00.578  4993-4993  AlphabeticalAppsList    net.oneplus.launcher                 D  refillAdapterItems# app: 105, recent: 5, suggestion: 0, adapter: 111, hide games: 0, searchResults:  null, filtered: 110. AppsStore# app: 105, recent: 66
2025-09-15 17:07:00.578  4993-4993  Alphabetic...enAppsList net.oneplus.launcher                 D  [refillAdapterItems] hidden app size = 1
2025-09-15 17:07:00.578  4993-4993  Alphabetic...enAppsList net.oneplus.launcher                 D  [updateAdapterItems] hasFilter: false, filtersAppInfos size = 105, mAdapterItems size = 1
2025-09-15 17:07:00.579  4993-4993  AppTagContainer         net.oneplus.launcher                 D  [ITN-43578]clearSearchResult
2025-09-15 17:07:00.579  4993-4993  AllAppsContainerView    net.oneplus.launcher                 D  onClearSearchResult
2025-09-15 17:07:00.579  4993-4993  DeviceHelper            net.oneplus.launcher                 D  isIndiaSkuSupports: this= 17819 , is SKU: false
2025-09-15 17:07:00.579  4993-4993  DeviceHelper            net.oneplus.launcher                 D  isIndiaSkuSupports: this= 17819 , is SKU: false
2025-09-15 17:07:00.580  4993-4993  AllAppsTrans            net.oneplus.launcher                 D  onProgressAnimationEnd, alpha = 1.0, visibility = 4, isShowHidden = false, drawer visibility = 0, alpha = 1.0, allapps visibility = 0, alpha = 1.0
2025-09-15 17:07:00.580  4993-4993  Launcher.Workspace      net.oneplus.launcher                 D  onStartStateTransition# toState: OVERVIEW
2025-09-15 17:07:00.580  4993-4993  Launcher.Workspace      net.oneplus.launcher                 D  onEndStateTransition# toState: OVERVIEW
2025-09-15 17:07:00.582  4993-4993  PagedView               net.oneplus.launcher                 D  notifyPageSwitchListener# page: 13 -> 14, who: TaskIconsView
2025-09-15 17:07:00.582  4993-4993  StateManager            net.oneplus.launcher                 D  onStateTransitionEnd# state: OVERVIEW
2025-09-15 17:07:00.584  4993-4993  RotationHelper          net.oneplus.launcher                 D  notifyChange: activityFlags= 1
2025-09-15 17:07:00.584  4993-4993  Launcher                net.oneplus.launcher                 D  onStateTransitionComplete set AppsView alphaProperty = 1.0, state = OVERVIEW
2025-09-15 17:07:00.584  4993-4993  DeviceHelper            net.oneplus.launcher                 D  isIndiaSkuSupports: this= 17819 , is SKU: false
2025-09-15 17:07:00.585  4993-4993  SystemUiController      net.oneplus.launcher                 D  setNavigibationBarBackground = false , mTranslucentNavigation: false , force: false
2025-09-15 17:07:00.586  4993-4993  DeviceHelper            net.oneplus.launcher                 D  isIndiaSkuSupports: this= 17819 , is SKU: false
2025-09-15 17:07:00.587  4993-4993  AlphabeticalAppsList    net.oneplus.launcher                 D  refillAdapterItems# app: 105, recent: 5, suggestion: 0, adapter: 111, hide games: 0, searchResults:  null, filtered: 110. AppsStore# app: 105, recent: 66
2025-09-15 17:07:00.587  4993-4993  DeviceHelper            net.oneplus.launcher                 D  isIndiaSkuSupports: this= 17819 , is SKU: false
2025-09-15 17:07:00.587  4993-4993  AlphabeticalAppsList    net.oneplus.launcher                 D  refillAdapterItems# app: 105, recent: 5, suggestion: 0, adapter: 111, hide games: 0, searchResults:  null, filtered: 110. AppsStore# app: 105, recent: 66
2025-09-15 17:07:00.590  4993-4993  Alphabetic...enAppsList net.oneplus.launcher                 D  [refillAdapterItems] hidden app size = 1
2025-09-15 17:07:00.590  4993-4993  Alphabetic...enAppsList net.oneplus.launcher                 D  [updateAdapterItems] hasFilter: false, filtersAppInfos size = 105, mAdapterItems size = 1
2025-09-15 17:07:00.591  4993-4993  DeviceHelper            net.oneplus.launcher                 D  isIndiaSkuSupports: this= 17819 , is SKU: false
2025-09-15 17:07:00.601  1305-3191  ActivityTaskManager     system_server                        I  START u0 {act=android.intent.action.MAIN cat=[android.intent.category.HOME] flg=0x10000000 cmp=net.oneplus.launcher/.Launcher (has extras)} from uid 10058 pid 4993
2025-09-15 17:07:00.609  1305-3191  OpQuickReply            system_server                        D  setQuickReplyResumed focusedApp ActivityRecord{61fa1a4 u0 net.oneplus.launcher/.Launcher t4950} pkgName net.oneplus.launcher
2025-09-15 17:07:00.612  1305-3191  ActivityTrigger         system_server                        D  ActivityTrigger activityPauseTrigger 
2025-09-15 17:07:00.618  1305-3191  HwuiBoostF...geListener system_server                        E  Exception : file not exits :/sys/module/houston/parameters/hwui_boost_enable
2025-09-15 17:07:00.619  1305-1870  DisplayPowerController  system_server                        I  useProximityForceSuspend = false
2025-09-15 17:07:00.619  1305-1870  DisplayPowerController  system_server                        I  brightnessState(m):0.17341287
2025-09-15 17:07:00.619  1305-1870  RampAnimator            system_server                        I  target:0.17341287 rate:0.7058823 mCurrentValue:0.17341287 mTargetValue:0.17341287
2025-09-15 17:07:00.629  1305-3191  OpColorDisplayService   system_server                        D  frontPackageChanged: net.oneplus.launcher
2025-09-15 17:07:00.629  1305-3191  OpColorDisplayService   system_server                        D  lpackageName: com.remoticom.energynodeinset
2025-09-15 17:07:00.630  1305-3191  OpProximityController   system_server                        D  noteFrontPackageChanged pkg:net.oneplus.launcher uid:10058 lpkg:com.remoticom.energynodeinset luid:10467
2025-09-15 17:07:00.631  1305-3191  OemSceneMo...ivityStack system_server                        D  [scene] evaluateGameModes :  gameMsg.arg1=0 gameMsg.arg2=1
2025-09-15 17:07:00.631  1305-3191  OpQuickReply            system_server                        D  setQuickReplyResumed focusedApp ActivityRecord{61fa1a4 u0 net.oneplus.launcher/.Launcher t4950} pkgName net.oneplus.launcher
2025-09-15 17:07:00.641  4993-4993  Launcher.Utilities      net.oneplus.launcher                 D  startActivitySafely(Intent { act=android.intent.action.MAIN cat=[android.intent.category.HOME] flg=0x10000000 cmp=net.oneplus.launcher/.Launcher (has extras) }) takes 50 ms
2025-09-15 17:07:00.643  4993-4993  UserEventDispatcher     net.oneplus.launcher                 E  Unexpected viewType = 5
2025-09-15 17:07:00.646  1305-1594  OpPowerCon...tsInjector system_server                        D  notifyPkgEvent
2025-09-15 17:07:00.649  4993-4993  Launcher                net.oneplus.launcher                 D  onStart# hashcode: 224513811
2025-09-15 17:07:00.651  4993-4993  ShelfLauncherCallbacks  net.oneplus.launcher                 I  onStart
2025-09-15 17:07:00.651  4993-4993  LauncherAppWidgetHost   net.oneplus.launcher                 D  setListenIfResumed# listenIfResumed: true, flag: 0
2025-09-15 17:07:00.651  4993-4993  NotificationListener    net.oneplus.launcher                 D  setNotificationsChangedListener# l: net.oneplus.launcher.popup.PopupDataProvider@9c843c1
2025-09-15 17:07:00.651  7263-7263  ViewRootIm...nActivity] com.remoticom.energynodeinset        D  windowFocusChanged hasFocus=false inTouchMode=true
2025-09-15 17:07:00.651  4993-4993  NotificationListener    net.oneplus.launcher                 D  checkPermissionGranted# grant: false
2025-09-15 17:07:00.651  4993-4993  WallpaperEventHandler   net.oneplus.launcher                 D  [onLauncherStart] mWillResetWallpaper=false
2025-09-15 17:07:00.652  4993-4993  Launcher                net.oneplus.launcher                 D  onNewIntent# intent: Intent { act=android.intent.action.MAIN cat=[android.intent.category.HOME] flg=0x10400000 cmp=net.oneplus.launcher/.Launcher (has extras) }
2025-09-15 17:07:00.652  4993-4993  StateManager            net.oneplus.launcher                 D  gotoState# fromState=OVERVIEW, toState=OVERVIEW, animated = false
2025-09-15 17:07:00.652  4993-4993  DeviceHelper            net.oneplus.launcher                 D  isIndiaSkuSupports: this= 17819 , is SKU: false
2025-09-15 17:07:00.652  4993-4993  AlphabeticalAppsList    net.oneplus.launcher                 D  refillAdapterItems# app: 105, recent: 5, suggestion: 0, adapter: 111, hide games: 0, searchResults:  null, filtered: 110. AppsStore# app: 105, recent: 66
2025-09-15 17:07:00.653  4993-4993  DeviceHelper            net.oneplus.launcher                 D  isIndiaSkuSupports: this= 17819 , is SKU: false
2025-09-15 17:07:00.653  4993-4993  AlphabeticalAppsList    net.oneplus.launcher                 D  refillAdapterItems# app: 105, recent: 5, suggestion: 0, adapter: 111, hide games: 0, searchResults:  null, filtered: 110. AppsStore# app: 105, recent: 66
2025-09-15 17:07:00.653  1305-1594  OpPowerCon...tsInjector system_server                        D  notifyPkgEvent
2025-09-15 17:07:00.654  4993-4993  Alphabetic...enAppsList net.oneplus.launcher                 D  [refillAdapterItems] hidden app size = 1
2025-09-15 17:07:00.654  4993-4993  Alphabetic...enAppsList net.oneplus.launcher                 D  [updateAdapterItems] hasFilter: false, filtersAppInfos size = 105, mAdapterItems size = 1
2025-09-15 17:07:00.656  4993-4993  DeviceHelper            net.oneplus.launcher                 D  isIndiaSkuSupports: this= 17819 , is SKU: false
2025-09-15 17:07:00.656  4993-4993  ShelfLauncherCallbacks  net.oneplus.launcher                 I  onHomeIntent, lastProgress=0.0
2025-09-15 17:07:00.656  4993-4993  ShelfLauncherCallbacks  net.oneplus.launcher                 I  onHomeIntent, mIsViewAlreadyAdded is false, return
2025-09-15 17:07:00.658  4993-4993  BaseActivity            net.oneplus.launcher                 D  onResume# who: Launcher, taskId: 4950
2025-09-15 17:07:00.659  4993-4993  QuickPage               net.oneplus.launcher                 D  updateOnResume, count:145
2025-09-15 17:07:00.659  4993-5247  Launcher                net.oneplus.launcher                 D  onResume# isInteractive=true
2025-09-15 17:07:00.659  4993-4993  ShelfLauncherCallbacks  net.oneplus.launcher                 I  onResume
2025-09-15 17:07:00.659  4993-4993  Launcher.Workspace      net.oneplus.launcher                 D  DynamicIcon Workspace updateCurrentPageDynamicIconState success
2025-09-15 17:07:00.659  4993-4993  Launcher                net.oneplus.launcher                 D  onResume# hashcode: 224513811, resource folder: values-sw370dp-xxhdpi, version: code: 30116, name: 5.1.16, Themes.getThemeModeCache = 0, realSize = Point(1080, 2280), size = Point(1080, 2066); isHideIconLabelEnable: false
2025-09-15 17:07:00.661  4993-4993  RecentsView             net.oneplus.launcher                 D  updateTaskStackListenerState: reloadIfNeeded
2025-09-15 17:07:00.661  4993-4993  RecentsView             net.oneplus.launcher                 D  reloadIfNeeded: getTasks
2025-09-15 17:07:00.661  4993-4993  RecentTasksList         net.oneplus.launcher                 D  getTasks: The list is up to date, callback with the same list.
2025-09-15 17:07:00.661  4993-4993  RecentsView             net.oneplus.launcher                 D  applyLoadPlan: recent task size= 15
2025-09-15 17:07:00.661  4993-4993  PagedView               net.oneplus.launcher                 D  notifyPageSwitchListener# page: 0 -> 0, who: LauncherRecentsView
2025-09-15 17:07:00.662  4993-4993  TaskIconsView           net.oneplus.launcher                 D  applyLoadPlan: task icon size= 15
2025-09-15 17:07:00.662  4993-4993  PagedView               net.oneplus.launcher                 D  notifyPageSwitchListener# page: 14 -> 14, who: TaskIconsView
2025-09-15 17:07:00.677  4993-4993  PagedView               net.oneplus.launcher                 D  notifyPageSwitchListener# page: 14 -> 14, who: TaskIconsView
2025-09-15 17:07:00.677  4993-5244  InstallShortcutReceiver net.oneplus.launcher                 D  MSG_FLUSH_QUEUE string = null
2025-09-15 17:07:00.689  1099-12686 surfaceflinger          surfaceflinger                       E  [frame_perf] perfboost open boost file failed
2025-09-15 17:07:00.694  4993-4993  WallpaperUtils          net.oneplus.launcher                 D  checkPeekWallpaperPermission# permission granted: true
2025-09-15 17:07:00.694  4993-4993  WallpaperUtils          net.oneplus.launcher                 D  checkPeekWallpaperPermission# read ext storage op allowed: true
2025-09-15 17:07:00.702  1305-1595  ActivityTaskManager     system_server                        E  createRemoteAnimationTarget Task{58f07d7 #5169 visible=true type=standard mode=fullscreen translucent=false A=10467:com.remoticom.energynodeinset U=0 StackId=5169 sz=1} top most activity ActivityRecord{a58d318 u0 com.remoticom.energynodeinset/com.remoticom.streetlighting.MainActivity t5169}
2025-09-15 17:07:00.702  1305-1595  ActivityTaskManager     system_server                        E  createRemoteAnimationTarget Task{f7f1814 #1 visible=true type=home mode=fullscreen translucent=false I=net.oneplus.launcher/.Launcher U=0 StackId=1 sz=1} top most activity ActivityRecord{61fa1a4 u0 net.oneplus.launcher/.Launcher t4950}
2025-09-15 17:07:00.704  4993-5473  neplus.launche          net.oneplus.launcher                 E  Invalid ID 0x00000000.
2025-09-15 17:07:00.707  4993-5473  chatty                  net.oneplus.launcher                 I  uid=10058(net.oneplus.launcher) TaskThumbnailIc identical 63 lines
2025-09-15 17:07:00.707  4993-5473  neplus.launche          net.oneplus.launcher                 E  Invalid ID 0x00000000.
2025-09-15 17:07:00.710  4993-21626 LauncherAnimationRunner net.oneplus.launcher                 D  onAnimationStart#
2025-09-15 17:07:00.710  4993-5473  AssetCache              net.oneplus.launcher                 D  black_getUsingIconShapePath: 1 getCurrentAssetPackIconShapePath start
2025-09-15 17:07:00.710  4993-5473  AssetCache              net.oneplus.launcher                 D  black_getUsingIconShapePath: 2 getCurrentAssetPackIconShapePath end, getSystemIconShapePath start
2025-09-15 17:07:00.710  4993-5473  AssetCache              net.oneplus.launcher                 D  black_getUsingIconShapePath: 3 getSystemIconShapePath end
2025-09-15 17:07:00.714  4993-4993  BubbleTextView          net.oneplus.launcher                 D  applyDotState cn = ComponentInfo{com.whatsapp/com.whatsapp.Main}, animated = true, wasDoted = true, isDoted = true, dotScale = 1.0, mDotInfo = net.oneplus.launcher.dot.DotInfo@2e8e578
2025-09-15 17:07:00.715  4993-4993  DecorView               net.oneplus.launcher                 D  onWindowFocusChangedFromViewRoot hasFocus: true, DecorView@9e49bcb[Launcher]
2025-09-15 17:07:00.715  4993-4993  ViewRootImpl[Launcher]  net.oneplus.launcher                 D  windowFocusChanged hasFocus=true inTouchMode=true
2025-09-15 17:07:00.715  2555-2555  LiveWallpaper.Engine    com.oneplus.wallpaper                D  onVisibilityChanged# false -> true
2025-09-15 17:07:00.717  9036-9161  BtGatt.ScanManager      com.android.bluetooth                I  msg.what = 6
2025-09-15 17:07:00.721 19458-19458 BoundBrokerSvc          com.google.android.gms               D  onBind: Intent { act=com.google.android.gms.measurement.START pkg=com.google.android.gms }
2025-09-15 17:07:00.721 19458-19458 BoundBrokerSvc          com.google.android.gms               D  Loading bound service for intent: Intent { act=com.google.android.gms.measurement.START pkg=com.google.android.gms }
2025-09-15 17:07:00.723 30462-30462 PhoneStatusBarView      com.android.systemui                 D  getCompatMode: mode:0 ops:3
2025-09-15 17:07:00.723 30462-30462 PhoneStatusBarView      com.android.systemui                 I  isFullAndNotchEnabled() isFullMode=false pkg=net.oneplus.launcher isCameraNotchIgnoreSetting=false, uid=10058
2025-09-15 17:07:00.727  4993-4993  BaseActivity            net.oneplus.launcher                 D  clearForceInvisibleFlag add flag = 31, currentFlag = 0
2025-09-15 17:07:00.727  4993-4993  BaseActivity            net.oneplus.launcher                 D  Showing call stack: 
                                                                                                        [BaseActivity] QuickstepAppTransitionManagerImpl.java, onCreateAnimation, line: 921
2025-09-15 17:07:00.727  4993-4993  Launcher                net.oneplus.launcher                 D  onWindowFocusChanged# hasFocus: true
2025-09-15 17:07:00.728  4993-4993  resumeflow              net.oneplus.launcher                 D  false
2025-09-15 17:07:00.728  4993-4993  DeviceHelper            net.oneplus.launcher                 D  isIndiaSkuSupports: this= 17819 , is SKU: false
2025-09-15 17:07:00.728  1305-1734  ArtManagerInternalImpl  system_server                        D  /data/misc/iorapd/net.oneplus.launcher/30116/net.oneplus.launcher.Launcher/compiled_traces/compiled_trace.pb doesn't exist
2025-09-15 17:07:00.732  8247-8247  GoogleInpu...hodService com...gle.android.inputmethod.latin  I  GoogleInputMethodService.onFinishInput():2045 
2025-09-15 17:07:00.733  8247-8247  Module                  com...gle.android.inputmethod.latin  I  DeviceLockedStatusModuleProvider$Module.updateDeviceLockedStatus():100 repeatCheckTimes = 0, locked = false
2025-09-15 17:07:00.734  8247-8247  GoogleInpu...hodService com...gle.android.inputmethod.latin  I  GoogleInputMethodService.onStartInput():1311 onStartInput(EditorInfo{EditorInfo{packageName=net.oneplus.launcher, inputType=0, inputTypeString=NULL, enableLearning=false, autoCorrection=false, autoComplete=false, imeOptions=0, privateImeOptions=null, actionName=UNSPECIFIED, actionLabel=null, initialSelStart=-1, initialSelEnd=-1, initialCapsMode=0, label=null, fieldId=-1, fieldName=null, extras=null, hintText=null, hintLocales=[]}}, false)
2025-09-15 17:07:00.736  8247-8247  Module                  com...gle.android.inputmethod.latin  I  DeviceLockedStatusModuleProvider$Module.updateDeviceLockedStatus():100 repeatCheckTimes = 1, locked = false
2025-09-15 17:07:00.739 30462-30462 EdgeBackGestureHandler  com.android.systemui                 D  updateTopPackage isHomeApp true
2025-09-15 17:07:00.740 30462-30462 KeyButtonRipple         com.android.systemui                 D   draw SupportHardware=true Type=ROUNDED_RECT
2025-09-15 17:07:00.746 30462-30462 chatty                  com.android.systemui                 I  uid=10019(com.android.systemui) identical 4 lines
2025-09-15 17:07:00.747 30462-30462 KeyButtonRipple         com.android.systemui                 D   draw SupportHardware=true Type=ROUNDED_RECT
2025-09-15 17:07:00.752  4993-5628  WallpaperUtils          net.oneplus.launcher                 D  [isOnePlusH2BlurWallpaper]: user=0, info=WallpaperInfo{com.oneplus.wallpaper.LiveWallpaper, settings: null}
2025-09-15 17:07:00.752  4993-5628  WallpaperEventHandler   net.oneplus.launcher                 D  [onLauncherStart] isOnePlusH2BlurWallpaper=false
2025-09-15 17:07:00.764   963-963   vendor.qti...bs_handler and...are.bluetooth@1.0-service-qti  D  SerialClockVote: vote for UART CLK ON
2025-09-15 17:07:00.764   963-963   vendor.qti...-wake_lock and...are.bluetooth@1.0-service-qti  D  Acquire wakelock is acquired 
2025-09-15 17:07:00.764   963-963   vendor.qti...bs_handler and...are.bluetooth@1.0-service-qti  I  DeviceWakeUp: Writing IBS_WAKE_IND
2025-09-15 17:07:00.768   963-9172  vendor.qti...bs_handler and...are.bluetooth@1.0-service-qti  I  ProcessIbsCmd: Received IBS_WAKE_ACK: 0xFC
2025-09-15 17:07:00.768   963-9172  vendor.qti...bs_handler and...are.bluetooth@1.0-service-qti  I  ProcessIbsCmd: Signal wack_cond_
2025-09-15 17:07:00.768   963-963   vendor.qti...bs_handler and...are.bluetooth@1.0-service-qti  D  DeviceWakeUp: Unblocked from waiting for FC
2025-09-15 17:07:00.768  9036-9164  bt_osi_wakelock         com.android.bluetooth                E  wakelock_acquire wakelock acquired
2025-09-15 17:07:00.769   963-9172  vendor.qti...bs_handler and...are.bluetooth@1.0-service-qti  I  ProcessIbsCmd: Received IBS_WAKE_IND: 0xFD
2025-09-15 17:07:00.769   963-9172  vendor.qti...bs_handler and...are.bluetooth@1.0-service-qti  I  ProcessIbsCmd: Writing IBS_WAKE_ACK
2025-09-15 17:07:00.769  9036-9057  bt_osi_wakelock         com.android.bluetooth                E  wakelock_release wakelock released
2025-09-15 17:07:00.771  1689-1757  QMI_FW                  qcrild                               E  qmi_cci_get_ref: ref count increased 2
2025-09-15 17:07:00.774  1689-1757  QMI_FW                  qcrild                               E  qmi_cci_get_ref: ref count increased 2
2025-09-15 17:07:00.809   963-9172  vendor.qti...bs_handler and...are.bluetooth@1.0-service-qti  I  ProcessIbsCmd: Received IBS_SLEEP_IND: 0xFE
2025-09-15 17:07:00.821  1305-1734  ExtBatteryStatsService  system_server                        D  @@@@ awaitUninterruptibly in 87 ms
2025-09-15 17:07:00.821  1305-1734  MyBatteryStatsHelper    system_server                        D  ===processSingleAppUsage===
2025-09-15 17:07:00.821  1305-1734  ExtBatteryStatsService  system_server                        D  ext-flush too soon, skip
2025-09-15 17:07:00.821  1305-1734  MyBatteryStatsHelper    system_server                        D  ===processSingleAppUsage===
2025-09-15 17:07:00.862  4993-4993  RecentsView             net.oneplus.launcher                 D  autoRemoveLauncherTaskView#
2025-09-15 17:07:00.884 30462-30474 ndroid.systemu          com.android.systemui                 I  NativeAlloc concurrent copying GC freed 223196(10MB) AllocSpace objects, 8(260KB) LOS objects, 49% free, 16MB/33MB, paused 79us total 157.729ms
