                                                                                                    	at ayfq.a(:com.google.android.gms@253534022@25.35.34 (150400-804595880):33)
                                                                                                    	at aydx.z(:com.google.android.gms@253534022@25.35.34 (150400-804595880):167)
                                                                                                    	at axkv.run(:com.google.android.gms@253534022@25.35.34 (150400-804595880):42)
                                                                                                    	at android.os.Handler.handleCallback(Handler.java:938)
                                                                                                    	at android.os.Handler.dispatchMessage(Handler.java:99)
                                                                                                    	at chvg.mf(:com.google.android.gms@253534022@25.35.34 (150400-804595880):1)
                                                                                                    	at chvg.dispatchMessage(:com.google.android.gms@253534022@25.35.34 (150400-804595880):144)
                                                                                                    	at android.os.Looper.loop(Looper.java:233)
                                                                                                    	at android.os.HandlerThread.run(HandlerThread.java:67)
2025-09-16 13:19:34.202  1689-1837  QMI_FW                  qcrild                               E  qmi_cci_get_ref: ref count increased 2
2025-09-16 13:19:34.205  1689-1757  QMI_FW                  qcrild                               E  qmi_cci_get_ref: ref count increased 2
2025-09-16 13:19:34.249  3143-3143  PhoneInterfaceManager   com.android.phone                    D  [PhoneIntfMgr] getPhoneFromSubId: 1
2025-09-16 13:19:34.261  1689-1757  QMI_FW                  qcrild                               E  qmi_cci_get_ref: ref count increased 2
2025-09-16 13:19:34.266  1689-1757  QMI_FW                  qcrild                               E  qmi_cci_get_ref: ref count increased 2
2025-09-16 13:19:34.277  3143-3143  MDM-OPMdmListener       com.android.phone                    D  onCellInfoChanged the cellInfo changed phoneId 0
2025-09-16 13:19:34.278 30462-30462 KeyButtonRipple         com.android.systemui                 D  state.pressed:true, key:1
2025-09-16 13:19:34.285  1053-1053  vendor.qti.vibrator     ven...qti.hardware.vibrator.service  D  QTI Vibrator reporting capabilities: 3
2025-09-16 13:19:34.288  1305-2607  RichTapVibratorService  system_server                        D  none richtap effect, do nothing!!
2025-09-16 13:19:34.288  1305-2607  VibratorService         system_server                        D  vibrate from 'android', reason = Virtual Key - Press, token = android.os.Binder@e3fb9eb, attrs = VibrationAttributes: Usage=TOUCH Flags=0
2025-09-16 13:19:34.292  1305-2607  RichTapVibratorService  system_server                        D  vibratorDescriptor:android.hardware.vibrator.IVibrator/default
2025-09-16 13:19:34.293  1305-2607  RichTapVibratorService  system_server                        D  vibratorHalService:android.hardware.vibrator.IVibrator$Stub$Proxy@90670ae
2025-09-16 13:19:34.295  1305-2607  RichTapVibratorService  system_server                        D  Capabilities:3
2025-09-16 13:19:34.295  1305-2607  RichTapVibratorService  system_server                        E  getExtension == null
2025-09-16 13:19:34.295  1305-2607  RichTapVibratorService  system_server                        D  vibratorDescriptor:android.hardware.vibrator.IVibrator/default
2025-09-16 13:19:34.297  1305-2607  RichTapVibratorService  system_server                        D  vibratorHalService:android.hardware.vibrator.IVibrator$Stub$Proxy@2a72e4f
2025-09-16 13:19:34.297  1305-2607  RichTapVibratorService  system_server                        D  Capabilities:3
2025-09-16 13:19:34.297  1305-2607  RichTapVibratorService  system_server                        E  getExtension == null
2025-09-16 13:19:34.295  1053-1053  chatty                  ven...qti.hardware.vibrator.service  I  uid=1000(system) vendor.qti.hard identical 1 line
2025-09-16 13:19:34.297  1053-1053  vendor.qti.vibrator     ven...qti.hardware.vibrator.service  D  QTI Vibrator reporting capabilities: 3
2025-09-16 13:19:34.297  1053-1053  vendor.qti.vibrator     ven...qti.hardware.vibrator.service  D  QTI Vibrator off
2025-09-16 13:19:34.302  1305-2607  VibratorService         system_server                        E  Failed to issue command to vibrator HAL. Retrying.
2025-09-16 13:19:34.303   606-606   servicemanager          servicemanager                       I  Found android.hardware.vibrator.IVibrator/default in device VINTF manifest.
2025-09-16 13:19:34.305  1305-2607  VibratorService         system_server                        E  Failed to issue command to vibrator HAL. Retrying.
2025-09-16 13:19:34.305   606-606   servicemanager          servicemanager                       I  Found android.hardware.vibrator.IVibrator/default in device VINTF manifest.
2025-09-16 13:19:34.307  1053-1053  vendor.qti.vibrator     ven...qti.hardware.vibrator.service  D  Vibrator on for timeoutMs: 10
2025-09-16 13:19:34.309 30462-30462 KeyButtonRipple         com.android.systemui                 D  state.pressed:false, key:1
2025-09-16 13:19:34.311 30462-30462 KeyButtonRipple         com.android.systemui                 D   draw SupportHardware=true Type=ROUNDED_RECT
2025-09-16 13:19:34.319 30462-30462 ShadeControllerImpl     com.android.systemui                 V  NotificationShadeWindow: com.android.systemui.statusbar.phone.NotificationShadeWindowView{721e415 I.E...... ......ID 0,0-1080,2280} canPanelBeCollapsed(): false
2025-09-16 13:19:34.320  1305-23321 RichTapVibratorService  system_server                        D  vibratorDescriptor:android.hardware.vibrator.IVibrator/default
2025-09-16 13:19:34.322  1305-2212  ActivityTaskManager     system_server                        I  START u0 {act=android.intent.action.MAIN cat=[android.intent.category.HOME] flg=0x10000100 cmp=net.oneplus.launcher/.Launcher (has extras)} from uid 0 pid 0
2025-09-16 13:19:34.327  1305-23321 RichTapVibratorService  system_server                        D  vibratorHalService:android.hardware.vibrator.IVibrator$Stub$Proxy@8479ae5
2025-09-16 13:19:34.327  1053-1053  vendor.qti.vibrator     ven...qti.hardware.vibrator.service  D  QTI Vibrator reporting capabilities: 3
2025-09-16 13:19:34.328  1305-23321 RichTapVibratorService  system_server                        D  Capabilities:3
2025-09-16 13:19:34.328  1305-23321 RichTapVibratorService  system_server                        E  getExtension == null
2025-09-16 13:19:34.328  1053-1053  vendor.qti.vibrator     ven...qti.hardware.vibrator.service  D  QTI Vibrator off
2025-09-16 13:19:34.329  1305-2212  OpQuickReply            system_server                        D  setQuickReplyResumed focusedApp ActivityRecord{61fa1a4 u0 net.oneplus.launcher/.Launcher t4950} pkgName net.oneplus.launcher
2025-09-16 13:19:34.335  1305-2212  ActivityTrigger         system_server                        D  ActivityTrigger activityPauseTrigger 
2025-09-16 13:19:34.341  1305-2212  HwuiBoostF...geListener system_server                        E  Exception : file not exits :/sys/module/houston/parameters/hwui_boost_enable
2025-09-16 13:19:34.345  1305-1870  DisplayPowerController  system_server                        I  useProximityForceSuspend = false
2025-09-16 13:19:34.346  1305-1870  DisplayPowerController  system_server                        I  brightnessState(m):0.15504937
2025-09-16 13:19:34.346  1305-1870  RampAnimator            system_server                        I  target:0.15504937 rate:0.7058823 mCurrentValue:0.15504937 mTargetValue:0.15504937
2025-09-16 13:19:34.357  1305-2212  OpColorDisplayService   system_server                        D  frontPackageChanged: net.oneplus.launcher
2025-09-16 13:19:34.357  1305-2212  OpColorDisplayService   system_server                        D  lpackageName: com.remoticom.energynodeinset
2025-09-16 13:19:34.358  1305-2212  OpProximityController   system_server                        D  noteFrontPackageChanged pkg:net.oneplus.launcher uid:10058 lpkg:com.remoticom.energynodeinset luid:10467
2025-09-16 13:19:34.359  1305-2212  OemSceneMo...ivityStack system_server                        D  [scene] evaluateGameModes :  gameMsg.arg1=0 gameMsg.arg2=1
2025-09-16 13:19:34.359  1305-2212  OpQuickReply            system_server                        D  setQuickReplyResumed focusedApp ActivityRecord{61fa1a4 u0 net.oneplus.launcher/.Launcher t4950} pkgName net.oneplus.launcher
2025-09-16 13:19:34.369  1305-2212  InputDispatcher         system_server                        W  Excessive delay in interceptKeyBeforeDispatching; took 55 ms
2025-09-16 13:19:34.376 20077-20077 Launcher                net.oneplus.launcher                 D  onStart# hashcode: 79297171
2025-09-16 13:19:34.377 20077-20077 ShelfLauncherCallbacks  net.oneplus.launcher                 I  onStart
2025-09-16 13:19:34.377 20077-20077 LauncherAppWidgetHost   net.oneplus.launcher                 D  setListenIfResumed# listenIfResumed: true, flag: 2
2025-09-16 13:19:34.377 20077-20077 LauncherAppWidgetHost   net.oneplus.launcher                 D  startListening# flag: 7
2025-09-16 13:19:34.377 20077-20077 NotificationListener    net.oneplus.launcher                 D  setNotificationsChangedListener# l: net.oneplus.launcher.popup.PopupDataProvider@a615b1f
2025-09-16 13:19:34.377 20077-20077 NotificationListener    net.oneplus.launcher                 D  checkPermissionGranted# grant: false
2025-09-16 13:19:34.378 20077-20077 WallpaperEventHandler   net.oneplus.launcher                 D  [onLauncherStart] mWillResetWallpaper=false
2025-09-16 13:19:34.378 20077-20077 Launcher                net.oneplus.launcher                 D  onNewIntent# intent: Intent { act=android.intent.action.MAIN cat=[android.intent.category.HOME] flg=0x10400100 cmp=net.oneplus.launcher/.Launcher (has extras) }
2025-09-16 13:19:34.379 20077-20077 DeviceHelper            net.oneplus.launcher                 D  isIndiaSkuSupports: this= 17819 , is SKU: false
2025-09-16 13:19:34.379 20077-20077 AlphabeticalAppsList    net.oneplus.launcher                 D  refillAdapterItems# app: 105, recent: 5, suggestion: 0, adapter: 111, hide games: 0, searchResults:  null, filtered: 110. AppsStore# app: 105, recent: 66
2025-09-16 13:19:34.380 20077-20077 DeviceHelper            net.oneplus.launcher                 D  isIndiaSkuSupports: this= 17819 , is SKU: false
2025-09-16 13:19:34.380 20077-20077 AlphabeticalAppsList    net.oneplus.launcher                 D  refillAdapterItems# app: 105, recent: 5, suggestion: 0, adapter: 111, hide games: 0, searchResults:  null, filtered: 110. AppsStore# app: 105, recent: 66
2025-09-16 13:19:34.380 20077-20077 Alphabetic...enAppsList net.oneplus.launcher                 D  [refillAdapterItems] hidden app size = 1
2025-09-16 13:19:34.380 20077-20077 Alphabetic...enAppsList net.oneplus.launcher                 D  [updateAdapterItems] hasFilter: false, filtersAppInfos size = 105, mAdapterItems size = 1
2025-09-16 13:19:34.381 20077-20077 ShelfLauncherCallbacks  net.oneplus.launcher                 I  onHomeIntent, lastProgress=0.0
2025-09-16 13:19:34.381 20077-20077 ShelfLauncherCallbacks  net.oneplus.launcher                 I  onHomeIntent, mIsViewAlreadyAdded is false, return
2025-09-16 13:19:34.384  9766-9766  ViewRootIm...nActivity] com.remoticom.energynodeinset        D  windowFocusChanged hasFocus=false inTouchMode=true
2025-09-16 13:19:34.385  1305-1594  OpPowerCon...tsInjector system_server                        D  notifyPkgEvent
2025-09-16 13:19:34.387  1305-1594  OpPowerCon...tsInjector system_server                        D  notifyPkgEvent
2025-09-16 13:19:34.389 20077-20077 BaseActivity            net.oneplus.launcher                 D  onResume# who: Launcher, taskId: 4950
2025-09-16 13:19:34.391 20077-20077 QuickPage               net.oneplus.launcher                 D  updateOnResume, count:145
2025-09-16 13:19:34.391 20077-20077 ShelfLauncherCallbacks  net.oneplus.launcher                 I  onResume
2025-09-16 13:19:34.391 20077-20077 Launcher.Workspace      net.oneplus.launcher                 D  DynamicIcon Workspace updateCurrentPageDynamicIconState success
2025-09-16 13:19:34.391 20077-20077 Launcher                net.oneplus.launcher                 D  onResume# hashcode: 79297171, resource folder: values-sw370dp-xxhdpi, version: code: 30116, name: 5.1.16, Themes.getThemeModeCache = 0, realSize = Point(1080, 2280), size = Point(1080, 2066); isHideIconLabelEnable: false; allAppsSearchEnable: true , swipeSearchModeType: Omhoog vegen en vasthouden , drawer mode: SWIPE_UP_SEARCH
2025-09-16 13:19:34.392 20077-20181 Launcher                net.oneplus.launcher                 D  onResume# isInteractive=true
2025-09-16 13:19:34.396 30462-30462 ShadeControllerImpl     com.android.systemui                 V  NotificationShadeWindow: com.android.systemui.statusbar.phone.NotificationShadeWindowView{721e415 I.E...... ......ID 0,0-1080,2280} canPanelBeCollapsed(): false
2025-09-16 13:19:34.396 20077-20180 InstallShortcutReceiver net.oneplus.launcher                 D  MSG_FLUSH_QUEUE string = null
2025-09-16 13:19:34.397  1305-2228  WifiNative              system_server                        E  Could not get Iface object for interface null
2025-09-16 13:19:34.399 20077-20180 WeatherProvider         net.oneplus.launcher                 I  subscribe new weather callback: 
2025-09-16 13:19:34.399 20077-20180 WeatherProvider         net.oneplus.launcher                 D  getOfflineWeatherInformation() called
2025-09-16 13:19:34.399 20077-20180 WeatherProvider         net.oneplus.launcher                 D  Should query weather info time is less than 20 minutes. Not querying now.
2025-09-16 13:19:34.399 20077-20180 WeatherProvider         net.oneplus.launcher                 D  shouldReQueryWeatherInfo - shouldReQuery - false
2025-09-16 13:19:34.399 20077-20180 WeatherProvider         net.oneplus.launcher                 D  updateWeatherCallbacks() called with: data = [[timestamp] 1758016860; [weatherCode] 1003; [weatherName] Bewolkt; [temperature] 17; [temperatureHigh] 17; [temperatureLow] 12; [temperatureUnit] C; [isDay] true; ], cb = [net.oneplus.launcher.dynamicicon.weather.WeatherIconDelegate$1@d0c29c]
2025-09-16 13:19:34.399  1099-1156  surfaceflinger          surfaceflinger                       E  [frame_perf] perfboost open boost file failed
2025-09-16 13:19:34.405   963-963   vendor.qti...bs_handler and...are.bluetooth@1.0-service-qti  D  SerialClockVote: vote for UART CLK ON
2025-09-16 13:19:34.405   963-963   vendor.qti...-wake_lock and...are.bluetooth@1.0-service-qti  D  Acquire wakelock is acquired 
2025-09-16 13:19:34.405   963-963   vendor.qti...bs_handler and...are.bluetooth@1.0-service-qti  I  DeviceWakeUp: Writing IBS_WAKE_IND
2025-09-16 13:19:34.406   963-23771 vendor.qti...bs_handler and...are.bluetooth@1.0-service-qti  I  ProcessIbsCmd: Received IBS_WAKE_ACK: 0xFC
2025-09-16 13:19:34.406   963-23771 vendor.qti...bs_handler and...are.bluetooth@1.0-service-qti  I  ProcessIbsCmd: Signal wack_cond_
2025-09-16 13:19:34.406   963-963   vendor.qti...bs_handler and...are.bluetooth@1.0-service-qti  D  DeviceWakeUp: Unblocked from waiting for FC
2025-09-16 13:19:34.406 23624-23750 bt_osi_wakelock         com.android.bluetooth                E  wakelock_acquire wakelock acquired
2025-09-16 13:19:34.408   963-23771 vendor.qti...bs_handler and...are.bluetooth@1.0-service-qti  I  ProcessIbsCmd: Received IBS_WAKE_IND: 0xFD
2025-09-16 13:19:34.408   963-23771 vendor.qti...bs_handler and...are.bluetooth@1.0-service-qti  I  ProcessIbsCmd: Writing IBS_WAKE_ACK
2025-09-16 13:19:34.409 23624-23644 bt_osi_wakelock         com.android.bluetooth                E  wakelock_release wakelock released
2025-09-16 13:19:34.410  1689-1757  QMI_FW                  qcrild                               E  qmi_cci_get_ref: ref count increased 2
2025-09-16 13:19:34.413  1689-1757  QMI_FW                  qcrild                               E  qmi_cci_get_ref: ref count increased 2
2025-09-16 13:19:34.416  1099-21666 surfaceflinger          surfaceflinger                       E  [frame_perf] perfboost open boost file failed
2025-09-16 13:19:34.425 20077-20077 WallpaperUtils          net.oneplus.launcher                 D  checkPeekWallpaperPermission# permission granted: true
2025-09-16 13:19:34.425 20077-20077 WallpaperUtils          net.oneplus.launcher                 D  checkPeekWallpaperPermission# read ext storage op allowed: true
2025-09-16 13:19:34.425 20077-20077 WeatherProvider         net.oneplus.launcher                 D  push the weather information to: 
2025-09-16 13:19:34.426 20077-20180 WeatherIconDelegate     net.oneplus.launcher                 D  putNewData receive same data = [timestamp] 1758016860; [weatherCode] 1003; [weatherName] Bewolkt; [temperature] 17; [temperatureHigh] 17; [temperatureLow] 12; [temperatureUnit] C; [isDay] true; 
2025-09-16 13:19:34.430  1305-1758  KernelCpuU...TimeReader system_server                        E  Negative user/sys time delta for UID=10467
                                                                                                    Prev times: u=365310000 s=62580000 Curr times: u=361880000 s=62370000
2025-09-16 13:19:34.431  1305-1595  ActivityTaskManager     system_server                        E  createRemoteAnimationTarget Task{578aff8 #5201 visible=false type=standard mode=fullscreen translucent=true A=10467:com.remoticom.energynodeinset U=0 StackId=5201 sz=1} top most activity ActivityRecord{a8a1a6a u0 com.remoticom.energynodeinset/com.remoticom.streetlighting.MainActivity t5201}
2025-09-16 13:19:34.431  1305-1595  ActivityTaskManager     system_server                        E  createRemoteAnimationTarget Task{f7f1814 #1 visible=true type=home mode=fullscreen translucent=false I=net.oneplus.launcher/.Launcher U=0 StackId=1 sz=1} top most activity ActivityRecord{61fa1a4 u0 net.oneplus.launcher/.Launcher t4950}
2025-09-16 13:19:34.446 20077-20471 LauncherAnimationRunner net.oneplus.launcher                 D  onAnimationStart#
2025-09-16 13:19:34.449   963-23771 vendor.qti...bs_handler and...are.bluetooth@1.0-service-qti  I  ProcessIbsCmd: Received IBS_SLEEP_IND: 0xFE
2025-09-16 13:19:34.450  2555-2555  LiveWallpaper.Engine    com.oneplus.wallpaper                D  onVisibilityChanged# false -> true
2025-09-16 13:19:34.453 23624-23737 BtGatt.ScanManager      com.android.bluetooth                I  msg.what = 6
2025-09-16 13:19:34.454 19879-19879 BoundBrokerSvc          com.google.android.gms               D  onBind: Intent { act=com.google.android.gms.measurement.START pkg=com.google.android.gms }
2025-09-16 13:19:34.454 19879-19879 BoundBrokerSvc          com.google.android.gms               D  Loading bound service for intent: Intent { act=com.google.android.gms.measurement.START pkg=com.google.android.gms }
2025-09-16 13:19:34.456 20077-20077 StateManager            net.oneplus.launcher                 D  setAnimation# targetState: null, anim: 239130145
2025-09-16 13:19:34.456 20077-20077 QuickstepTransition     net.oneplus.launcher                 D  createLauncherResumeAnimation set DragLayer alpha 0 and run animation to 1
2025-09-16 13:19:34.456 20077-20077 QuickstepTransition     net.oneplus.launcher                 D  [OSP-1899] createLauncherResumeAnimation: +
2025-09-16 13:19:34.456 20077-20077 BaseActivity            net.oneplus.launcher                 D  clearForceInvisibleFlag add flag = 31, currentFlag = 0
2025-09-16 13:19:34.458 30462-30462 EdgeBackGestureHandler  com.android.systemui                 D  updateTopPackage isHomeApp true
2025-09-16 13:19:34.464  1305-1734  ExtBatteryStatsService  system_server                        D  @@@@ awaitUninterruptibly in 68 ms
2025-09-16 13:19:34.464  1305-1734  MyBatteryStatsHelper    system_server                        D  ===processSingleAppUsage===
2025-09-16 13:19:34.479 20077-17629 WallpaperUtils          net.oneplus.launcher                 D  [isOnePlusH2BlurWallpaper]: user=0, info=WallpaperInfo{com.oneplus.wallpaper.LiveWallpaper, settings: null}
2025-09-16 13:19:34.479 20077-17629 WallpaperEventHandler   net.oneplus.launcher                 D  [onLauncherStart] isOnePlusH2BlurWallpaper=false
2025-09-16 13:19:34.484 20077-20077 BaseActivity            net.oneplus.launcher                 D  Showing call stack: 
                                                                                                        [BaseActivity] QuickstepAppTransitionManagerImpl.java, onCreateAnimation, line: 921
2025-09-16 13:19:34.484 20077-20077 DecorView               net.oneplus.launcher                 D  onWindowFocusChangedFromViewRoot hasFocus: true, DecorView@5f3afaf[Launcher]
2025-09-16 13:19:34.485 20077-20077 ViewRootImpl[Launcher]  net.oneplus.launcher                 D  windowFocusChanged hasFocus=true inTouchMode=true
2025-09-16 13:19:34.487 20077-20077 Launcher                net.oneplus.launcher                 D  onWindowFocusChanged# hasFocus: true
2025-09-16 13:19:34.487 20077-20077 resumeflow              net.oneplus.launcher                 D  false
2025-09-16 13:19:34.487 20077-20077 DeviceHelper            net.oneplus.launcher                 D  isIndiaSkuSupports: this= 17819 , is SKU: false
2025-09-16 13:19:34.493 30462-30462 PhoneStatusBarView      com.android.systemui                 D  getCompatMode: mode:0 ops:3
2025-09-16 13:19:34.493 30462-30462 PhoneStatusBarView      com.android.systemui                 I  isFullAndNotchEnabled() isFullMode=false pkg=net.oneplus.launcher isCameraNotchIgnoreSetting=false, uid=10058
2025-09-16 13:19:34.494 20218-20218 GoogleInpu...hodService com...gle.android.inputmethod.latin  I  GoogleInputMethodService.onFinishInput():2045 
2025-09-16 13:19:34.495 20218-20218 Module                  com...gle.android.inputmethod.latin  I  DeviceLockedStatusModuleProvider$Module.updateDeviceLockedStatus():100 repeatCheckTimes = 0, locked = false
2025-09-16 13:19:34.496 20218-20218 GoogleInpu...hodService com...gle.android.inputmethod.latin  I  GoogleInputMethodService.onStartInput():1311 onStartInput(EditorInfo{EditorInfo{packageName=net.oneplus.launcher, inputType=0, inputTypeString=NULL, enableLearning=false, autoCorrection=false, autoComplete=false, imeOptions=0, privateImeOptions=null, actionName=UNSPECIFIED, actionLabel=null, initialSelStart=-1, initialSelEnd=-1, initialCapsMode=0, label=null, fieldId=-1, fieldName=null, extras=null, hintText=null, hintLocales=[]}}, false)
2025-09-16 13:19:34.497 30462-30462 KeyButtonRipple         com.android.systemui                 D   draw SupportHardware=true Type=ROUNDED_RECT
2025-09-16 13:19:34.497 30462-30462 chatty                  com.android.systemui                 I  uid=10019(com.android.systemui) identical 1 line
2025-09-16 13:19:34.497 30462-30462 KeyButtonRipple         com.android.systemui                 D   draw SupportHardware=true Type=ROUNDED_RECT
2025-09-16 13:19:34.498 20218-20218 Module                  com...gle.android.inputmethod.latin  I  DeviceLockedStatusModuleProvider$Module.updateDeviceLockedStatus():100 repeatCheckTimes = 1, locked = false
2025-09-16 13:19:34.503  1305-1734  ArtManagerInternalImpl  system_server                        D  /data/misc/iorapd/net.oneplus.launcher/30116/net.oneplus.launcher.Launcher/compiled_traces/compiled_trace.pb doesn't exist
2025-09-16 13:19:34.504  1305-1734  ExtBatteryStatsService  system_server                        D  ext-flush too soon, skip
2025-09-16 13:19:34.504  1305-1734  MyBatteryStatsHelper    system_server                        D  ===processSingleAppUsage===
2025-09-16 13:19:34.511 30462-30462 KeyButtonRipple         com.android.systemui                 D   draw SupportHardware=true Type=ROUNDED_RECT
2025-09-16 13:19:34.511 30462-30462 chatty                  com.android.systemui                 I  uid=10019(com.android.systemui) identical 1 line
2025-09-16 13:19:34.511 30462-30462 KeyButtonRipple         com.android.systemui                 D   draw SupportHardware=true Type=ROUNDED_RECT
2025-09-16 13:19:34.646  1305-3202  AS.AudioService         system_server                        D  Volume controller visible: false
2025-09-16 13:19:34.798 30462-30462 KeyButtonRipple         com.android.systemui                 D   draw SupportHardware=true Type=ROUNDED_RECT
2025-09-16 13:19:34.863  1305-1594  OemSceneMo...ivityStack system_server                        D  [scene] handleEvaluateGameMode enabled: false
2025-09-16 13:19:34.868  1305-1305  SettingsProvider        system_server                        V  Notifying for 0: content://settings/system/rading_mode_status_auto
2025-09-16 13:19:34.873  2363-3860  OIMC                    com.oneplus.coreservice              I  notified , mode ColorReadMode changeTo 2
2025-09-16 13:19:34.873  2363-2410  OIMC_CORE               com.oneplus.coreservice              I  handleMessage:   MODE_EXIT, arg1: 0, arg2: 0, obj: com.oneplus.server.oimc.gwy@629b4e4
2025-09-16 13:19:34.873  2363-2410  OIMC_CORE               com.oneplus.coreservice              I  The mode: ColorReadMode is not entered
2025-09-16 13:19:34.873  2363-3860  OIMC                    com.oneplus.coreservice              I  notified , mode ReadMode changeTo 2
2025-09-16 13:19:34.874  2363-2410  OIMC_CORE               com.oneplus.coreservice              I  handleMessage:   MODE_EXIT, arg1: 0, arg2: 0, obj: com.oneplus.server.oimc.gwy@137ad4d
2025-09-16 13:19:34.874  2363-2410  OIMC_CORE               com.oneplus.coreservice              I  The mode: ReadMode is not entered
2025-09-16 13:19:34.875  1305-1305  SettingsProvider        system_server                        V  Notifying for 0: content://settings/system/rading_mode_status_auto
2025-09-16 13:19:34.876 20077-20077 DragController          net.oneplus.launcher                 D  onControllerInterceptTouchEvent ActionDown pos =849, 1478
2025-09-16 13:19:34.930 20077-20077 QuickstepTransition     net.oneplus.launcher                 D  resetContentView set DragLayer alpha 1
2025-09-16 13:19:34.930 20077-20077 QuickstepTransition     net.oneplus.launcher                 D  [OSP-1899] createLauncherResumeAnimation: -
2025-09-16 13:19:34.930 20077-20077 StateManager            net.oneplus.launcher                 D  onAnimationEnd# set currentAnim to empty.
2025-09-16 13:19:34.969 23624-23737 BtGatt.ScanManager      com.android.bluetooth                I  msg.what = 6
2025-09-16 13:19:35.017  1305-2287  skia                    system_server                        D  got procName system_server for pid 1305
2025-09-16 13:19:35.159  1305-1734  ExtBatteryStatsService  system_server                        D  ext-flush too soon, skip
2025-09-16 13:19:35.043  1305-2287  skia                    system_server                        D  got procName system_server for pid 1305
2025-09-16 13:19:35.159  1305-1734  MyBatteryStatsHelper    system_server                        D  ===processSingleAppUsage===
2025-09-16 13:19:35.390 19804-23214 NearbyMediums           com.google.android.gms.persistent    I  Found Fast Ble Advertisements :
                                                                                                    BleAdvertisement { version=2, socketVersion=2, isFast=true, serviceIdHash=null, data=[ 0x23 0x56 0x35 0x4b 0x50 0x11 0x32 0x80 0x17 0x54 0x3e 0xd8 0x19 0x75 0x95 0x38 0xf8 0xbf 0x29 0x16 0x0a 0xdd 0x1d ], deviceToken=[ 0x85 0xe2 ], rxAdvertisement=null } : 1 times.
                                                                                                    BleAdvertisement { version=2, socketVersion=2, isFast=true, serviceIdHash=null, data=[ 0x23 0x49 0x59 0x59 0x34 0x11 0x32 0xfa 0x94 0xef 0x98 0x94 0x0b 0x9f 0x6c 0xcf 0x72 0xd9 0xd6 0xf5 0x4f 0x57 0xa8 ], deviceToken=[ 0xc7 0x5e ], rxAdvertisement=null } : 1 times.
                                                                                                    Total 2 fast advertisements from 2 unique advertisers.
2025-09-16 13:19:35.390 19804-23214 NearbyMediums           com.google.android.gms.persistent    I  Current Tracked Scanning Clients are : {NearbyConnections.EnvironmentMonitor, NearbySharing}
2025-09-16 13:19:35.407   963-23776 vendor.qti...bs_handler and...are.bluetooth@1.0-service-qti  I  DeviceSleep: TX Awake, Sending SLEEP_IND
2025-09-16 13:19:35.407   963-23776 vendor.qti...bs_handler and...are.bluetooth@1.0-service-qti  D  SerialClockVote: vote for UART CLK OFF
2025-09-16 13:19:35.422 20077-20077 DragController          net.oneplus.launcher                 D  onControllerInterceptTouchEvent ActionDown pos =348, 1615
2025-09-16 13:19:35.434 20077-20077 PagedView               net.oneplus.launcher                 D  notifyPageSwitchListener# page: 0 -> 1, who: Workspace
2025-09-16 13:19:35.434 20077-20077 Launcher.Workspace      net.oneplus.launcher                 D  DynamicIcon Workspace updateCurrentPageDynamicIconState success
2025-09-16 13:19:35.496 20077-20077 DragController          net.oneplus.launcher                 D  onControllerInterceptTouchEvent ActionUp pos =348.0, 1615.0
2025-09-16 13:19:35.513  1305-2607  ActivityTaskManager     system_server                        I  START u0 {act=android.intent.action.MAIN cat=[android.intent.category.LAUNCHER] flg=0x10200000 cmp=com.spotify.music/.MainActivity bnds=[237,1458][439,1791]} from uid 10058 pid 20077
2025-09-16 13:19:35.558   963-23752 vendor.qti...-wake_lock and...are.bluetooth@1.0-service-qti  D  Release wakelock is released 
2025-09-16 13:19:35.591  1305-2607  OpQuickReply            system_server                        D  setQuickReplyResumed focusedApp ActivityRecord{fd35b34 u0 com.spotify.music/com.spotify.nowplaying.musicinstallation.NowPlayingActivity t5182} pkgName com.spotify.music
2025-09-16 13:19:35.594  1305-2607  ActivityTrigger         system_server                        D  ActivityTrigger activityPauseTrigger 
2025-09-16 13:19:35.609 20077-20077 BaseDraggingActivity    net.oneplus.launcher                 D  startActivity bookkeeping intent = Intent { act=android.intent.action.MAIN cat=[android.intent.category.LAUNCHER] flg=0x10200000 cmp=com.spotify.music/.MainActivity bnds=[237,1458][439,1791] }
2025-09-16 13:19:35.610 20077-20077 Stats                   net.oneplus.launcher                 D  Intent.getPackage() is null. therefore try to get package name from componentName.getPackageName(): com.spotify.music
2025-09-16 13:19:35.611 20077-20077 Stats                   net.oneplus.launcher                 D  Intent.getPackage() is null. therefore try to get package name from componentName.getPackageName(): com.android.chrome
2025-09-16 13:19:35.611 20077-20077 Stats                   net.oneplus.launcher                 D  Intent.getPackage() is null. therefore try to get package name from componentName.getPackageName(): com.whatsapp
2025-09-16 13:19:35.611 20077-20077 Stats                   net.oneplus.launcher                 D  Intent.getPackage() is null. therefore try to get package name from componentName.getPackageName(): com.google.android.gm
2025-09-16 13:19:35.611 20077-20077 Stats                   net.oneplus.launcher                 D  Intent.getPackage() is null. therefore try to get package name from componentName.getPackageName(): netgenius.bizcal
2025-09-16 13:19:35.611 20077-20077 Stats                   net.oneplus.launcher                 D  Intent.getPackage() is null. therefore try to get package name from componentName.getPackageName(): com.spotify.music
2025-09-16 13:19:35.625 20077-20077 Stats                   net.oneplus.launcher                 D  SaveStats onPreExecute isStatsChanged
2025-09-16 13:19:35.626 20077-18879 Stats                   net.oneplus.launcher                 D  save stats in background ...
2025-09-16 13:19:35.626 20077-20077 ItemClickHandler        net.oneplus.launcher                 D  onClick appShortcut, tag = WorkspaceItemInfo(id=44 type=APP container=desktop screen=1 cell(1,4) span(1,1) minSpan(1,1) rank=0 user=UserHandle{0} title=Spotify hidden=false dirty = false newInstallTag=null)
2025-09-16 13:19:35.628 20077-20077 ViewRootImpl[Launcher]  net.oneplus.launcher                 D  windowFocusChanged hasFocus=false inTouchMode=true
2025-09-16 13:19:35.636 20077-20077 Launcher                net.oneplus.launcher                 D  onPause# hashcode: 79297171
2025-09-16 13:19:35.637 20077-20077 ShelfLauncherCallbacks  net.oneplus.launcher                 I  onPause
2025-09-16 13:19:35.639  1305-1594  OpPowerCon...tsInjector system_server                        D  notifyPkgEvent
2025-09-16 13:19:35.640  1305-1594  OpRestartProcessManager system_server                        D  updateSelf :  com.spotify.music, size : 30
2025-09-16 13:19:35.642 20077-20180 WeatherProvider         net.oneplus.launcher                 I  un-subscribe the weather callback: 
2025-09-16 13:19:35.644  1305-2612  HwuiBoostF...geListener system_server                        E  Exception : file not exits :/sys/module/houston/parameters/hwui_boost_enable
2025-09-16 13:19:35.646  1305-1870  DisplayPowerController  system_server                        I  useProximityForceSuspend = false
2025-09-16 13:19:35.646  1305-1870  DisplayPowerController  system_server                        I  brightnessState(m):0.15504937
2025-09-16 13:19:35.647  1305-1870  RampAnimator            system_server                        I  target:0.15504937 rate:0.7058823 mCurrentValue:0.15504937 mTargetValue:0.15504937
2025-09-16 13:19:35.650 20077-17441 110                     net.oneplus.launcher                 I   OptJank - total:139 frameGap:203 delta#116#7#1#5#0#14
2025-09-16 13:19:35.663  3128-4581  AppFrameTrackVisitor    com.oneplus.orm                      I   OptJank - total:139 frameGap:203 delta#116#7#1#5#0#14
2025-09-16 13:19:35.665  1305-2612  OpColorDisplayService   system_server                        D  frontPackageChanged: com.spotify.music
2025-09-16 13:19:35.665  1305-2612  OpColorDisplayService   system_server                        D  lpackageName: net.oneplus.launcher
2025-09-16 13:19:35.666  1305-2612  OpProximityController   system_server                        D  noteFrontPackageChanged pkg:com.spotify.music uid:10120 lpkg:net.oneplus.launcher luid:10058
2025-09-16 13:19:35.667  1305-2612  OemSceneMo...ivityStack system_server                        D  [scene] evaluateGameModes :  gameMsg.arg1=0 gameMsg.arg2=1
2025-09-16 13:19:35.668  1305-2612  OpQuickReply            system_server                        D  setQuickReplyResumed focusedApp ActivityRecord{2883093 u0 com.spotify.music/.MainActivity t5182} pkgName com.spotify.music
2025-09-16 13:19:35.678 20077-20077 Stats                   net.oneplus.launcher                 D  SaveStats onPreExecute onStatsChanged:ComponentInfo{com.spotify.music/com.spotify.music.MainActivity}
2025-09-16 13:19:35.679 20077-20077 Launcher                net.oneplus.launcher                 D  onWindowFocusChanged# hasFocus: false
2025-09-16 13:19:35.683  1305-1594  OpPowerCon...tsInjector system_server                        D  notifyPkgEvent
2025-09-16 13:19:35.710  1305-2611  gwy                     system_server                        D  OS Event: appuse
2025-09-16 13:19:35.715  1305-1734  ExtBatteryStatsService  system_server                        D  ext-flush too soon, skip
2025-09-16 13:19:35.715  1305-1734  MyBatteryStatsHelper    system_server                        D  ===processSingleAppUsage===
2025-09-16 13:19:35.750  1305-1305  xne                     system_server                        D  Event success
2025-09-16 13:19:35.778 20077-17631 RecentTasksList         net.oneplus.launcher                 D  loadTasksInBackground: getRecentTasks
2025-09-16 13:19:35.788 30462-30462 EdgeBackGestureHandler  com.android.systemui                 D  updateTopPackage isHomeApp false
2025-09-16 13:19:35.795 20077-17631 RecentTasksList         net.oneplus.launcher                 D  dumpTasks# id=5151, cmp=ComponentInfo{com.instagram.android/com.instagram.android.activity.MainTabActivity}, uid=0, locked=false, isAppLocked=false; id=5201, cmp=ComponentInfo{com.remoticom.energynodeinset/com.remoticom.streetlighting.MainActivity}, uid=0, locked=false, isAppLocked=false; id=5182, cmp=ComponentInfo{com.spotify.music/com.spotify.music.MainActivity}, uid=0, locked=false, isAppLocked=false;
2025-09-16 13:19:35.803  3143-3143  MDM-DataTr...eedTracker com.android.phone                    D  onDataActivity: isNewTxEvent = true, isNewRxEvent = true, isTxEndEvent = false, isRxEndEvent = false
2025-09-16 13:19:35.803  3143-3143  MDM-DataAc...ionManager com.android.phone                    D  onDataActivity: isNewEvent = true, isEndEvent = false
2025-09-16 13:19:35.803 30462-30498 NetworkCon...troller(1) com.android.systemui                 D  notifyListeners, showSimLoadedFakeIcon :false
2025-09-16 13:19:35.803  3143-3143  MDM-DataAc...ionManager com.android.phone                    D  getCurrentSimMccMnc: current SIM mccmnc = [*20416, null]
2025-09-16 13:19:36.169  1305-1594  OemSceneMo...ivityStack system_server                        D  [scene] handleEvaluateGameMode enabled: false
2025-09-16 13:19:36.174  1305-1305  SettingsProvider        system_server                        V  Notifying for 0: content://settings/system/rading_mode_status_auto
2025-09-16 13:19:36.175  2363-3860  OIMC                    com.oneplus.coreservice              I  notified , mode ColorReadMode changeTo 2
2025-09-16 13:19:36.176  2363-2410  OIMC_CORE               com.oneplus.coreservice              I  handleMessage:   MODE_EXIT, arg1: 0, arg2: 0, obj: com.oneplus.server.oimc.gwy@2107002
2025-09-16 13:19:36.176  2363-2410  OIMC_CORE               com.oneplus.coreservice              I  The mode: ColorReadMode is not entered
2025-09-16 13:19:36.176  2363-17451 OIMC                    com.oneplus.coreservice              I  notified , mode ReadMode changeTo 2
2025-09-16 13:19:36.176  2363-2410  OIMC_CORE               com.oneplus.coreservice              I  handleMessage:   MODE_EXIT, arg1: 0, arg2: 0, obj: com.oneplus.server.oimc.gwy@6ac7d13
2025-09-16 13:19:36.176  2363-2410  OIMC_CORE               com.oneplus.coreservice              I  The mode: ReadMode is not entered
2025-09-16 13:19:36.177  1305-1305  SettingsProvider        system_server                        V  Notifying for 0: content://settings/system/rading_mode_status_auto
2025-09-16 13:19:36.188 20077-20077 Launcher.Model          net.oneplus.launcher                 D  onShortcutsChanged(com.spotify.music)
2025-09-16 13:19:36.195 20077-20077 FrequentAppsGrid        net.oneplus.launcher                 D  onDeepShortcutChanged:20 -> 20
2025-09-16 13:19:36.216 29899-23337 sqlite3_android         com.spotify.music                    E  [IKR-38846] ONEPLUS_NAME_PARTS_MATCH SQLITE_OK
2025-09-16 13:19:36.270 29899-23337 chatty                  com.spotify.music                    I  uid=10120(com.spotify.music) Measurement Wor identical 1 line
2025-09-16 13:19:36.285 29899-23337 sqlite3_android         com.spotify.music                    E  [IKR-38846] ONEPLUS_NAME_PARTS_MATCH SQLITE_OK
2025-09-16 13:19:36.345  1099-1873  surfaceflinger          surfaceflinger                       E  [frame_perf] AutoTurboBoostQuery fd<0 failed, errno=Inappropriate ioctl for device
2025-09-16 13:19:36.345  1099-1873  surfaceflinger          surfaceflinger                       E  [frame_perf] AutoBoostConfigQuery fd<0 failed, errno=No such file or directory
2025-09-16 13:19:36.351 29899-29899 MR2                     com.spotify.music                    W  registerTransferCallback: Ignoring the same callback
2025-09-16 13:19:36.351 29899-29899 MR2                     com.spotify.music                    W  registerControllerCallback: Ignoring the same callback
2025-09-16 13:19:36.356 29899-29916 m.spotify.musi          com.spotify.music                    W  Reducing the number of considered missed Gc histogram windows from 240 to 100
2025-09-16 13:19:36.357  1305-1595  ActivityTaskManager     system_server                        E  createRemoteAnimationTarget Task{f7f1814 #1 visible=true type=home mode=fullscreen translucent=false I=net.oneplus.launcher/.Launcher U=0 StackId=1 sz=1} top most activity ActivityRecord{61fa1a4 u0 net.oneplus.launcher/.Launcher t4950}
2025-09-16 13:19:36.357  1305-1595  ActivityTaskManager     system_server                        E  createRemoteAnimationTarget Task{ee31f0b #5182 visible=true type=standard mode=fullscreen translucent=false A=10120:com.spotify.music U=0 StackId=5182 sz=1} top most activity ActivityRecord{2883093 u0 com.spotify.music/.MainActivity t5182}
2025-09-16 13:19:36.363 20077-12795 LauncherAnimationRunner net.oneplus.launcher                 D  onAnimationStart#
2025-09-16 13:19:36.364 29899-29924 System                  com.spotify.music                    W  A resource failed to call close. 
2025-09-16 13:19:36.366 20077-20077 StateManager            net.oneplus.launcher                 D  setAnimation# targetState: null, anim: 66908406
2025-09-16 13:19:36.369  1305-1734  ArtManagerInternalImpl  system_server                        D  /data/misc/iorapd/com.spotify.music/131866279/com.spotify.music.MainActivity/compiled_traces/compiled_trace.pb doesn't exist
2025-09-16 13:19:36.372 20077-20077 Launcher.Utilities      net.oneplus.launcher                 I  [BUG 94792] getViewBoundsOnWindow, hotseat - hotseatScaleX = 1.0, hotseatScaleY = 1.0, hotseatTranslationX = 0.0, hotseatTranslationY = 0.0
2025-09-16 13:19:36.378 20077-20077 QuickstepTransition     net.oneplus.launcher                 D  [OSP-1899] getLauncherContentAnimator: isAppOpening= true, trans= 0.0, -141.0
2025-09-16 13:19:36.378 20077-20077 QuickstepTransition     net.oneplus.launcher                 D  run DragLayer alpha animation to 1.0
2025-09-16 13:19:36.382  1305-3202  MediaSessionService     system_server                        D  Media button session is changed to com.spotify.music/spotify-media-session (userId=0)
2025-09-16 13:19:36.383  1305-3202  MediaSessionStack       system_server                        D  getMediaButtonSession() mMediaButtonSession=com.spotify.music/spotify-media-session (userId=0)
2025-09-16 13:19:36.383  1305-1305  SettingsProvider        system_server                        V  Notifying for 0: content://settings/secure/media_button_receiver
2025-09-16 13:19:36.384 20077-20077 BaseActivity            net.oneplus.launcher                 D  addForceInvisibleFlag add flag = 2, currentFlag = 2
2025-09-16 13:19:36.392 20077-20077 BaseActivity            net.oneplus.launcher                 D  Showing call stack: 
                                                                                                        [BaseActivity] QuickstepAppTransitionManagerImpl.java, onAnimationStart, line: 158
2025-09-16 13:19:36.401 23624-23624 Avrcp_ext               com.android.bluetooth                W  onMediaKeyEventSessionChanged(Token): Addressed Player changed to a player we didn't have a session for
2025-09-16 13:19:36.402 23624-23624 Avrcp_ext               com.android.bluetooth                W  playState object null, sending STOPPED
2025-09-16 13:19:36.404 23624-29529 HeadsetService          com.android.bluetooth                D  getHeadsetService(): returning com.android.bluetooth.hfp.HeadsetService@e20e60d
2025-09-16 13:19:36.404 23624-29529 HeadsetStateMachine     com.android.bluetooth                E  returning mCurrentState as Connected
2025-09-16 13:19:36.404 23624-29529 HeadsetService          com.android.bluetooth                D   isAudioOn: The number of audio connected devices 0
2025-09-16 13:19:36.404 23624-29529 HeadsetService          com.android.bluetooth                D  isScoOrCallActive(): Call Active:falseCall is Ringing:falseSCO is Active:false
2025-09-16 13:19:36.404 23624-29529 HeadsetStateMachine     com.android.bluetooth                E  returning mCurrentState as Connected
2025-09-16 13:19:36.404 23624-29529 HeadsetService          com.android.bluetooth                D   isAudioOn: The number of audio connected devices 0
2025-09-16 13:19:36.404 23624-29529 Avrcp_ext               com.android.bluetooth                I  updatePlayStatusForDevice: device: 74:45:CE:96:E7:CB
2025-09-16 13:19:36.405 23624-29529 bt_device_interop       com.android.bluetooth                W  interop_database_match_by_addr
2025-09-16 13:19:36.405 23624-29529 bt_device_interop       com.android.bluetooth                W  conver_feature_to_enum, online config match interop feature = INTEROP_AVRCP_PLAYER_STATE_UPDATE
2025-09-16 13:19:36.405 23624-29529 bt_device_interop       com.android.bluetooth                W  interop_database_match_by_name
2025-09-16 13:19:36.405 23624-29529 bt_device_interop       com.android.bluetooth                W  conver_feature_to_enum, online config match interop feature = INTEROP_AVRCP_PLAYER_STATE_UPDATE
2025-09-16 13:19:36.405 23624-29529 Avrcp_ext               com.android.bluetooth                I  Exit updatePlayStatusForDevice
2025-09-16 13:19:36.405 23624-29529 HeadsetStateMachine     com.android.bluetooth                E  returning mCurrentState as Connected
2025-09-16 13:19:36.405 23624-29529 HeadsetService          com.android.bluetooth                D   isAudioOn: The number of audio connected devices 0
2025-09-16 13:19:36.405 23624-29529 HeadsetService          com.android.bluetooth                D  isScoOrCallActive(): Call Active:falseCall is Ringing:falseSCO is Active:false
2025-09-16 13:19:36.405 23624-29529 HeadsetStateMachine     com.android.bluetooth                E  returning mCurrentState as Connected
2025-09-16 13:19:36.405 23624-29529 HeadsetService          com.android.bluetooth                D   isAudioOn: The number of audio connected devices 0
2025-09-16 13:19:36.405 23624-29529 Avrcp_ext               com.android.bluetooth                I  updatePlayStatusForDevice: device: null
2025-09-16 13:19:36.405 23624-29529 Avrcp_ext               com.android.bluetooth                I  Exit updatePlayStatusForDevice
2025-09-16 13:19:36.405 23624-29529 HeadsetStateMachine     com.android.bluetooth                E  returning mCurrentState as Connected
2025-09-16 13:19:36.405 23624-29529 HeadsetService          com.android.bluetooth                D   isAudioOn: The number of audio connected devices 0
2025-09-16 13:19:36.405 23624-29529 HeadsetService          com.android.bluetooth                D  isScoOrCallActive(): Call Active:falseCall is Ringing:falseSCO is Active:false
2025-09-16 13:19:36.405 23624-29529 HeadsetStateMachine     com.android.bluetooth                E  returning mCurrentState as Connected
2025-09-16 13:19:36.405 23624-29529 HeadsetService          com.android.bluetooth                D   isAudioOn: The number of audio connected devices 0
2025-09-16 13:19:36.405 23624-29529 Avrcp_ext               com.android.bluetooth                I  updatePlayStatusForDevice: device: null
2025-09-16 13:19:36.405 23624-29529 Avrcp_ext               com.android.bluetooth                I  Exit updatePlayStatusForDevice
2025-09-16 13:19:36.405 23624-29529 HeadsetStateMachine     com.android.bluetooth                E  returning mCurrentState as Connected
2025-09-16 13:19:36.405 23624-29529 HeadsetService          com.android.bluetooth                D   isAudioOn: The number of audio connected devices 0
2025-09-16 13:19:36.405 23624-29529 HeadsetService          com.android.bluetooth                D  isScoOrCallActive(): Call Active:falseCall is Ringing:falseSCO is Active:false
2025-09-16 13:19:36.405 23624-29529 HeadsetStateMachine     com.android.bluetooth                E  returning mCurrentState as Connected
2025-09-16 13:19:36.405 23624-29529 HeadsetService          com.android.bluetooth                D   isAudioOn: The number of audio connected devices 0
2025-09-16 13:19:36.405 23624-29529 Avrcp_ext               com.android.bluetooth                I  updatePlayStatusForDevice: device: null
2025-09-16 13:19:36.405 23624-29529 Avrcp_ext               com.android.bluetooth                I  Exit updatePlayStatusForDevice
2025-09-16 13:19:36.405 23624-29529 HeadsetStateMachine     com.android.bluetooth                E  returning mCurrentState as Connected
2025-09-16 13:19:36.405 23624-29529 HeadsetService          com.android.bluetooth                D   isAudioOn: The number of audio connected devices 0
2025-09-16 13:19:36.405 23624-29529 HeadsetService          com.android.bluetooth                D  isScoOrCallActive(): Call Active:falseCall is Ringing:falseSCO is Active:false
2025-09-16 13:19:36.405 23624-29529 HeadsetStateMachine     com.android.bluetooth                E  returning mCurrentState as Connected
2025-09-16 13:19:36.405 23624-29529 HeadsetService          com.android.bluetooth                D   isAudioOn: The number of audio connected devices 0
2025-09-16 13:19:36.405 23624-29529 Avrcp_ext               com.android.bluetooth                I  updatePlayStatusForDevice: device: null
2025-09-16 13:19:36.405 23624-29529 Avrcp_ext               com.android.bluetooth                I  Exit updatePlayStatusForDevice
2025-09-16 13:19:36.408  1305-3196  MediaSessionStack       system_server                        D  getMediaButtonSession() mMediaButtonSession=com.spotify.music/spotify-media-session (userId=0)
