2025-09-15 16:36:11.564  5877-6003  Finsky:background       com.android.vending                  I  [67044] Session is stale, session is not alive: getNames not allowed after commit
2025-09-15 16:36:11.564  5877-6003  Finsky:background       com.android.vending                  I  [67044] SM: Session with Context {name=com.microsoft.office.word versionCode=2004742723} was closed or abandoned in a consumer.
2025-09-15 16:36:11.583  4993-4993  QuickPage               net.oneplus.launcher                 D  setPackageState: com.microsoft.office.word, 1, 90
2025-09-15 16:36:11.647  1305-1882  PackageManager          system_server                        I  Integrity check passed for file:///data/app/vmdl1887966199.tmp
2025-09-15 16:36:11.584  4993-4993  QuickPage               net.oneplus.launcher                 D  setPackageState: com.microsoft.office.word, 1, 90
2025-09-15 16:36:11.655  6922-6922  Finsky                  com.android.vending                  I  [2] VerifyApps: Install-time verification requested for package com.microsoft.office.word, PackageManager id = 50, Verifier id = 99479484-4053-4a7b-b22d-f2c270e97942
2025-09-15 16:36:11.659  6922-7033  Finsky                  com.android.vending                  I  [64737] RECEIVER_PACKAGE_VERIFICATION#logWorkEndAndFinishGoAsync: SUCCESS
2025-09-15 16:36:11.675  6922-7628  Finsky                  com.android.vending                  I  [65307] VerifyApps: Anti-malware verification task started for package=com.microsoft.office.word
2025-09-15 16:36:11.675  6922-7628  Finsky                  com.android.vending                  I  [65307] VerifyApps: Skipping verification. Finsky installation
2025-09-15 16:36:11.675  6922-7628  Finsky                  com.android.vending                  I  [65307] VerifyApps: Skipping anti malware verification (preconditions not met). package=com.microsoft.office.word
2025-09-15 16:36:11.677  6922-7628  Finsky                  com.android.vending                  I  [65307] VerifyApps: Starting required split types check for com.microsoft.office.word.
2025-09-15 16:36:11.692  1305-2238  ConnectivityService     system_server                        D  NetReassign [no changes]
2025-09-15 16:36:11.707  6922-7628  Finsky                  com.android.vending                  W  [65307] VerifyApps: Couldn't open the manifest for /data/app/vmdl1887966199.tmp/base.dm. Error: java.lang.IllegalStateException: AndroidManifest entry not found
2025-09-15 16:36:11.713  6922-7628  Finsky                  com.android.vending                  I  [65307] VerifyApps: Required split types check successful for com.microsoft.office.word.
2025-09-15 16:36:11.713  6922-7628  Finsky                  com.android.vending                  I  [65307] VerifyApps AdvancedProtection: Verify AP install started
2025-09-15 16:36:11.713  6922-7628  Finsky                  com.android.vending                  I  [65307] VerifyApps AdvancedProtection: Allowing install because there are no Advanced Protection users
2025-09-15 16:36:11.714  6922-6922  Finsky                  com.android.vending                  I  [2] VerifyApps AdvancedProtection: Reported Advanced Protection verification result: ALLOW
2025-09-15 16:36:11.757  6922-7628  Finsky                  com.android.vending                  I  [65307] Skipping logging for attempted installation. This is a Play Store installation.
2025-09-15 16:36:11.758  6922-7628  Finsky                  com.android.vending                  I  [65307] VerifyApps: Returning package verification result id=50, result=ALLOW
2025-09-15 16:36:11.765  6922-6922  Finsky                  com.android.vending                  I  [2] VerifyApps: Install-time verification complete: id=50, package_name=com.microsoft.office.word
2025-09-15 16:36:11.809  1305-1882  PackageParsing          system_server                        W  Unknown element under <manifest>: meta-data at /data/app/vmdl1887966199.tmp/base.apk Binary XML file line #136
2025-09-15 16:36:11.814  1305-1882  PackageParsing          system_server                        W  Unknown element under service: property at /data/app/vmdl1887966199.tmp/base.apk Binary XML file line #555
2025-09-15 16:36:11.821  4993-5244  neplus.launche          net.oneplus.launcher                 E  Invalid ID 0x00000000.
2025-09-15 16:36:11.828  4993-5244  chatty                  net.oneplus.launcher                 I  uid=10058(net.oneplus.launcher) launcher-loader identical 15 lines
2025-09-15 16:36:11.828  4993-5244  neplus.launche          net.oneplus.launcher                 E  Invalid ID 0x00000000.
2025-09-15 16:36:11.828  4993-5244  AssetCache              net.oneplus.launcher                 D  black_getUsingIconShapePath: 1 getCurrentAssetPackIconShapePath start
2025-09-15 16:36:11.828  4993-5244  AssetCache              net.oneplus.launcher                 D  black_getUsingIconShapePath: 2 getCurrentAssetPackIconShapePath end, getSystemIconShapePath start
2025-09-15 16:36:11.828  4993-5244  AssetCache              net.oneplus.launcher                 D  black_getUsingIconShapePath: 3 getSystemIconShapePath end
2025-09-15 16:36:11.854  1305-1729  ActivityManager         system_server                        I  Force stopping com.microsoft.office.word appid=10096 user=-1: installPackageLI
2025-09-15 16:36:11.856  1305-1729  ActivityManager         system_server                        D  kill pid:7264 processName:com.microsoft.office.word reason:stop com.microsoft.office.word due to installPackageLI
2025-09-15 16:36:11.856  1305-1729  ActivityManager         system_server                        I  Killing 7264:com.microsoft.office.word/u0a96 (adj 803): stop com.microsoft.office.word due to installPackageLI
2025-09-15 16:36:11.860  1305-1729  ProcessStats            system_server                        W  setState index out of bounds. index: -1 length: 20
2025-09-15 16:36:11.863  4993-4993  Launcher                net.oneplus.launcher                 D  bindAppsAddedOrUpdated: [AppInfo(id=-1 type=APP container=-1 screen=-1 cell(-1,-1) span(1,1) minSpan(1,1) rank=0 user=UserHandle{0} title=Thuisbezorgd hidden=false dirty = false newInstallTag=null componentName=ComponentInfo{com.takeaway.android/com.jet.singleactivity.ui.MainActivity} searchResult=RecentSearchAppInfo(id=202 count=25 componentKey=com.takeaway.android/com.jet.singleactivity.ui.MainActivity#0 firstLaunch=Wed Jul 09 18:10:19 GMT+02:00 2025 modified=Fri Sep 05 15:54:41 GMT+02:00 2025 restore=false) suggestionApp=null)]
2025-09-15 16:36:11.861  1305-1729  ProcessStats            system_server                        W  setState index out of bounds. index: -1 length: 20
2025-09-15 16:36:11.863  1305-1729  ActivityTaskManager     system_server                        W  Force removing ActivityRecord{ec2474 u0 com.microsoft.office.word/.WordActivity t5158 f}}: app died, no saved state
2025-09-15 16:36:11.863  4993-4993  DeviceHelper            net.oneplus.launcher                 D  isIndiaSkuSupports: this= 17819 , is SKU: false
2025-09-15 16:36:11.863  1305-1882  PackageManager          system_server                        I  Update package com.microsoft.office.word code path from /data/app/~~aCb0gmuDP07XoaKh7u68Dg==/com.microsoft.office.word-ENy4YQ4Y4qaJA-J_2GyeYg== to /data/app/~~YE_8z3AvzO6ndjUn7GnmBw==/com.microsoft.office.word-yh4aNRPgXFZh8ES7F1DC-Q==; Retain data and using new
2025-09-15 16:36:11.863  1305-1882  PackageManager          system_server                        I  Update package com.microsoft.office.word resource path from /data/app/~~aCb0gmuDP07XoaKh7u68Dg==/com.microsoft.office.word-ENy4YQ4Y4qaJA-J_2GyeYg== to /data/app/~~YE_8z3AvzO6ndjUn7GnmBw==/com.microsoft.office.word-yh4aNRPgXFZh8ES7F1DC-Q==; Retain data and using new
2025-09-15 16:36:11.865  1305-2937  WifiService             system_server                        I  setHighPerfRestrict uid=10096 restrict=false callingUid=1000
2025-09-15 16:36:11.865  1305-1882  PackageManager          system_server                        D  Removing non-system package: com.microsoft.office.word
2025-09-15 16:36:11.865  1305-1882  PackageManager          system_server                        D  removePackageDataLI: PackageSetting{be29864 com.microsoft.office.word/10096}
2025-09-15 16:36:11.868  4993-4993  DeviceHelper            net.oneplus.launcher                 D  isIndiaSkuSupports: this= 17819 , is SKU: false
2025-09-15 16:36:11.868  4993-4993  AlphabeticalAppsList    net.oneplus.launcher                 D  refillAdapterItems# app: 105, recent: 5, suggestion: 0, adapter: 111, hide games: 0, searchResults:  null, filtered: 110. AppsStore# app: 105, recent: 66
2025-09-15 16:36:11.869  1305-1882  PackageManager          system_server                        D  Propagating install state across downgrade
2025-09-15 16:36:11.869  1305-1882  PackageManager          system_server                        D      user 0 => true
2025-09-15 16:36:11.870  4993-4993  DeviceHelper            net.oneplus.launcher                 D  isIndiaSkuSupports: this= 17819 , is SKU: false
2025-09-15 16:36:11.870  4993-4993  AlphabeticalAppsList    net.oneplus.launcher                 D  refillAdapterItems# app: 105, recent: 5, suggestion: 0, adapter: 111, hide games: 0, searchResults:  null, filtered: 110. AppsStore# app: 105, recent: 66
2025-09-15 16:36:11.872  4993-4993  Alphabetic...enAppsList net.oneplus.launcher                 D  [refillAdapterItems] hidden app size = 1
2025-09-15 16:36:11.872  4993-4993  Alphabetic...enAppsList net.oneplus.launcher                 D  [updateAdapterItems] hasFilter: false, filtersAppInfos size = 105, mAdapterItems size = 1
2025-09-15 16:36:11.872  4993-4993  AllAppsStore            net.oneplus.launcher                 D  notifyUpdate count = 6. (0) net.oneplus.launcher.allapps.-$$Lambda$5tYtGnC2pfJ4XjcysOSp9_vUsUM@99bc096. (1) net.oneplus.launcher.allapps.AlphabeticalAppsList@602e417. (2) net.oneplus.launcher.allapps.AlphabeticalAppsList@1845004. (3) net.oneplus.launcher.allapps.AlphabeticalHiddenAppsList@ccf79ed. (4) net.oneplus.launcher.allapps.-$$Lambda$AllAppsContainerView$lOkEWdzg80XCafQCzM8yI6Nmpk0@5cb5022. (5) net.oneplus.launcher.allapps.search.AppsSearchContainerLayout{9822720 VFED..CL. ......ID 211,28-869,259 #7f0b0388 app:id/search_all_apps aid=1073741824}. 
2025-09-15 16:36:11.872  4993-4993  QuickPage               net.oneplus.launcher                 D  setPackageState: com.takeaway.android, 0, 0
2025-09-15 16:36:11.883  1305-1882  Compatibil...geReporter system_server                        D  Compat change id reported: 135549675; UID 10096; state: ENABLED
2025-09-15 16:36:11.885  1305-1882  PackageManager          system_server                        I  Permission ownership changed. Updating all permissions.
2025-09-15 16:36:11.891  1305-1882  OpSensitiv...icyManager system_server                        D  allow refined permission com.oplus.permission.safe.SECURITY for com.oneplus.account
2025-09-15 16:36:11.891  1305-1882  OpSensitiv...icyManager system_server                        D  allow refined permission oplus.permission.OPLUS_COMPONENT_SAFE for com.oneplus.account
2025-09-15 16:36:11.900  5877-6003  Finsky:background       com.android.vending                  I  [67044] SM: Session with Context {name=com.takeaway.android versionCode=1610006127} successfully created
2025-09-15 16:36:11.901  1305-1882  OpSensitiv...icyManager system_server                        D  no OplusPermissionKey in com.oneplus.gallery
2025-09-15 16:36:11.901  4993-4993  RecentsView             net.oneplus.launcher                 D  onTaskRemoved taskId = 5158
2025-09-15 16:36:11.901  1305-1882  OpSensitiv...icyManager system_server                        D  allow refined permission oplus.permission.OPLUS_COMPONENT_SAFE for com.oneplus.gallery
2025-09-15 16:36:11.901  4993-4993  RecentsView             net.oneplus.launcher                 D  onTaskRemoved taskId = 5158
2025-09-15 16:36:11.995  5877-5927  Finsky:background       com.android.vending                  I  [67005] IV2::TV: allowMeteredNetwork=false for [Package=com.takeaway.android, isid=YfC9VWT5RHSZK1aYwqUozA]
2025-09-15 16:36:11.995  5877-5927  Finsky:background       com.android.vending                  I  [67005] IV2::TM: Task added. com.takeaway.android[iid:3500] [isid:YfC9VWT5RHSZK1aYwqUozA] [tid: 1000004107]
2025-09-15 16:36:12.085   872-872   Zygote                  pid-872                              I  Process 7264 exited due to signal 9 (Killed)
2025-09-15 16:36:12.091  1305-1731  libprocessgroup         system_server                        I  Successfully killed process cgroup uid 10096 pid 7264 in 231ms
2025-09-15 16:36:12.266  1099-1873  surfaceflinger          surfaceflinger                       E  [frame_perf] perfboost open boost file failed
2025-09-15 16:36:12.266  1099-1873  surfaceflinger          surfaceflinger                       E  [frame_perf] AutoBoostStrategyQuery fd<0 failed, errno=Inappropriate ioctl for device
2025-09-15 16:36:12.266  1099-1873  surfaceflinger          surfaceflinger                       E  [frame_perf] AutoBoostConfigQuery fd<0 failed, errno=Inappropriate ioctl for device
2025-09-15 16:36:12.272  1305-3196  ConnectivityService     system_server                        D  ConnectivityService NetworkRequestInfo binderDied(NetworkRequest [ TRACK_DEFAULT id=9611, [ Capabilities: INTERNET&NOT_RESTRICTED&TRUSTED Uid: 10096 AdministratorUids: [] RequestorUid: 10096 RequestorPackageName: com.microsoft.office.word] ], android.os.BinderProxy@6bf866d)
2025-09-15 16:36:12.272  1305-5748  ConnectivityService     system_server                        D  ConnectivityService NetworkRequestInfo binderDied(NetworkRequest [ TRACK_DEFAULT id=9612, [ Capabilities: INTERNET&NOT_RESTRICTED&TRUSTED Uid: 10096 AdministratorUids: [] RequestorUid: 10096 RequestorPackageName: com.microsoft.office.word] ], android.os.BinderProxy@fcfa2a2)
2025-09-15 16:36:12.272  1305-2238  ConnectivityService     system_server                        D  releasing NetworkRequest [ TRACK_DEFAULT id=9611, [ Capabilities: INTERNET&NOT_RESTRICTED&TRUSTED Uid: 10096 AdministratorUids: [] RequestorUid: 10096 RequestorPackageName: com.microsoft.office.word] ] (release request)
2025-09-15 16:36:12.273  1305-2238  ConnectivityService     system_server                        D  releasing NetworkRequest [ TRACK_DEFAULT id=9612, [ Capabilities: INTERNET&NOT_RESTRICTED&TRUSTED Uid: 10096 AdministratorUids: [] RequestorUid: 10096 RequestorPackageName: com.microsoft.office.word] ] (release request)
2025-09-15 16:36:12.273  1305-2212  106                     system_server                        I  System spent 135.1ms processing the last motion event: MotionEvent#MOVE
2025-09-15 16:36:12.273  1305-2212  106                     system_server                        I  System spent 126.8ms processing the last motion event: MotionEvent#MOVE
2025-09-15 16:36:12.273  1305-2212  106                     system_server                        I  System spent 118.3ms processing the last motion event: MotionEvent#MOVE
2025-09-15 16:36:12.274  3143-3143  PhoneSwitc...stListener com.android.phone                    D  releaseNetworkFor NetworkRequest [ TRACK_DEFAULT id=9611, [ Capabilities: INTERNET&NOT_RESTRICTED&TRUSTED Uid: 10096 AdministratorUids: [] RequestorUid: 10096 RequestorPackageName: com.microsoft.office.word] ]
2025-09-15 16:36:12.274  3143-3143  PhoneSwitc...stListener com.android.phone                    D  releaseNetworkFor NetworkRequest [ TRACK_DEFAULT id=9612, [ Capabilities: INTERNET&NOT_RESTRICTED&TRUSTED Uid: 10096 AdministratorUids: [] RequestorUid: 10096 RequestorPackageName: com.microsoft.office.word] ]
2025-09-15 16:36:12.274  1305-2212  106                     system_server                        I  System spent 110.4ms processing the last motion event: MotionEvent#UP
2025-09-15 16:36:12.274  1305-1594  ActivityManager         system_server                        W  setHasOverlayUi called on unknown pid: 7264
2025-09-15 16:36:12.304  1305-1314  system_server           system_server                        I  Background young concurrent copying GC freed 270705(14MB) AllocSpace objects, 39(952KB) LOS objects, 16% free, 72MB/87MB, paused 165us total 316.748ms
2025-09-15 16:36:12.453  5877-5930  Finsky:background       com.android.vending                  I  [67008] IV2::TM: starting: 1000004107
2025-09-15 16:36:12.456  5877-5927  Finsky:background       com.android.vending                  I  [67005] IV2::TM: Starting task: com.takeaway.android[iid:3500] [isid:YfC9VWT5RHSZK1aYwqUozA] [tid: 1000004107]
2025-09-15 16:36:12.456  1305-1591  Looper                  system_server                        W  Slow dispatch took 492ms android.fg h=android.os.Handler c=<recycled PooledLambda@5a510d2> m=0
2025-09-15 16:36:12.457  5877-5927  Finsky:background       com.android.vending                  I  [67005] IV2::TD starting task. com.takeaway.android[iid:3500] [isid:YfC9VWT5RHSZK1aYwqUozA] [tid: 1000004107]
2025-09-15 16:36:12.457  5877-5932  Finsky:background       com.android.vending                  I  [67010] IV2::TD: Fetching metadata start. com.takeaway.android[iid:3500] [isid:YfC9VWT5RHSZK1aYwqUozA] [tid: 1000004107]
2025-09-15 16:36:12.470 24435-24435 GattConnection          com.remoticom.energynodeinset        V  close initiated
2025-09-15 16:36:12.470 24435-24435 BluetoothGatt           com.remoticom.energynodeinset        D  close()
2025-09-15 16:36:12.470 24435-24435 BluetoothGatt           com.remoticom.energynodeinset        D  unregisterApp() - mClientIf=9
2025-09-15 16:36:12.471  5877-5927  Finsky:background       com.android.vending                  I  [67005] Attempt creation of cached APK for com.takeaway.android
2025-09-15 16:36:12.472  5877-5927  Finsky:background       com.android.vending                  I  [67005] Preloads directory was not found.
2025-09-15 16:36:12.473  9036-10665 BtGatt.GattService      com.android.bluetooth                D  unregisterClient() - clientIf=9
2025-09-15 16:36:12.474  9036-9174  bt_stack                com.android.bluetooth                V  [VERBOSE1:gatt_api.cc(993)] GATT_Deregister gatt_if=9
2025-09-15 16:36:12.474  9036-9174  bt_stack                com.android.bluetooth                V  [VERBOSE1:connection_manager.cc(161)] on_app_deregistered : app_id 0x09
2025-09-15 16:36:12.474 24435-24435 GattConnectionService   com.remoticom.energynodeinset        D  Service state updated with ServiceState(device=null, characteristics=null, isConnecting=false, connectionStatus=Disconnected, lastGattError=null)
2025-09-15 16:36:12.475 24435-24435 GattConnectionService   com.remoticom.energynodeinset        D  Service state updated with ServiceState(device=DeviceImpl(uuid=00000000-0000-0000-0000-f0d78f4d8082, device=F0:D7:8F:4D:80:82, type=Bdc, serviceUuids=[a55d1c55-0088-ffff-0000-000000000000], health=null, state=null), characteristics=null, isConnecting=true, connectionStatus=Disconnected, lastGattError=null)
2025-09-15 16:36:12.475 24435-24435 GattConnectionService   com.remoticom.energynodeinset        D  Connect attempt #1
2025-09-15 16:36:12.475 24435-24435 GattConnectionService   com.remoticom.energynodeinset        D  Service state updated with ServiceState(device=DeviceImpl(uuid=00000000-0000-0000-0000-f0d78f4d8082, device=F0:D7:8F:4D:80:82, type=Bdc, serviceUuids=[a55d1c55-0088-ffff-0000-000000000000], health=null, state=null), characteristics=null, isConnecting=true, connectionStatus=Connecting, lastGattError=null)
2025-09-15 16:36:12.475 24435-24435 ConnectGattOperation    com.remoticom.energynodeinset        D  STARTED
2025-09-15 16:36:12.476 24435-24435 ConnectGattOperation    com.remoticom.energynodeinset        V  connectGatt initiated
2025-09-15 16:36:12.484  5877-5932  Finsky:background       com.android.vending                  I  [67010] IV2: installer unavailable to accept com.twofasapp. Current active installs : 
                                                                                                    com.microsoft.office.word: installId: 3499 isid: K0s8knhlTmqEVt0BhSuIeA requested 0 min ago
                                                                                                    com.takeaway.android: installId: 3500 isid: YfC9VWT5RHSZK1aYwqUozA requested 0 min ago
2025-09-15 16:36:12.484  5877-5932  Finsky:background       com.android.vending                  W  [67010] IV2: cannot process install request now for [Package:com.twofasapp, isid:bcjQsz--SYCc4eNGADZL4w] with status code 1136
2025-09-15 16:36:12.486  5877-5927  Finsky:background       com.android.vending                  I  [67005] File-by-File compatibility check result: true
2025-09-15 16:36:12.486 24435-24435 BluetoothGatt           com.remoticom.energynodeinset        D  connect() - device: F0:D7:8F:4D:80:82, auto: false, eattSupport: false
2025-09-15 16:36:12.486 24435-24435 BluetoothGatt           com.remoticom.energynodeinset        D  registerApp()
2025-09-15 16:36:12.487 24435-24435 BluetoothGatt           com.remoticom.energynodeinset        D  registerApp() - UUID=9af5187f-d6d3-4fc2-8ebd-e42e0e3883a3
2025-09-15 16:36:12.488  9036-10665 BtGatt.GattService      com.android.bluetooth                D  registerClient() - UUID=9af5187f-d6d3-4fc2-8ebd-e42e0e3883a3
2025-09-15 16:36:12.502  9036-9174  bt_stack                com.android.bluetooth                V  [VERBOSE1:bta_gattc_act.cc(201)] bta_gattc_register: state:2
2025-09-15 16:36:12.502  9036-9174  bt_stack                com.android.bluetooth                I  [INFO:gatt_api.cc(950)] GATT_Register 4faa8da8-12b2-b311-fb90-9c7c43d92152
2025-09-15 16:36:12.502  9036-9174  bt_stack                com.android.bluetooth                I  [INFO:gatt_api.cc(970)] allocated gatt_if=9
2025-09-15 16:36:12.502  9036-9174  bt_stack                com.android.bluetooth                V  [VERBOSE1:gatt_api.cc(1080)] GATT_StartIf gatt_if=9
2025-09-15 16:36:12.502  9036-9174  bt_stack                com.android.bluetooth                V  [VERBOSE1:gatt_utils.cc(254)] gatt_find_the_connected_bda start_idx=0
2025-09-15 16:36:12.502  9036-9174  bt_stack                com.android.bluetooth                V  [VERBOSE1:gatt_utils.cc(266)]  found=0 found_idx=10
2025-09-15 16:36:12.502  9036-9066  BtGatt.GattService      com.android.bluetooth                D  onClientRegistered() - UUID=9af5187f-d6d3-4fc2-8ebd-e42e0e3883a3, clientIf=9
2025-09-15 16:36:12.503 24435-7393  BluetoothGatt           com.remoticom.energynodeinset        D  onClientRegistered() - status=0 clientIf=9
2025-09-15 16:36:12.504  5877-5927  Finsky:background       com.android.vending                  W  [67005] IU: Account  from AppState for update of com.takeaway.android no longer exists.
2025-09-15 16:36:12.505 24435-24435 NodeListFragment        com.remoticom.energynodeinset        D  Updating list of nodes
2025-09-15 16:36:12.511  9036-10665 BtGatt.GattService      com.android.bluetooth                D  clientConnect() - address=F0:D7:8F:4D:80:82, isDirect=true, opportunistic=false, phy=1
2025-09-15 16:36:12.511  9036-9066  bt_btif_config          com.android.bluetooth                D  btif_get_address_type: Device [f0:d7:8f:4d:80:82] address type 0
2025-09-15 16:36:12.511  9036-9066  bt_btif_config          com.android.bluetooth                D  btif_get_device_type: Device [f0:d7:8f:4d:80:82] type 2
2025-09-15 16:36:12.511  9036-9174  bt_stack                com.android.bluetooth                V  [VERBOSE1:btm_inq.cc(1019)] BTM_InqDbRead: bd addr f0:d7:8f:4d:80:82
2025-09-15 16:36:12.512  9036-9174  bt_stack                com.android.bluetooth                V  [VERBOSE1:bta_gattc_main.cc(361)] bta_gattc_hdl_event: Event:BTA_GATTC_API_OPEN_EVT
2025-09-15 16:36:12.512  9036-9174  bt_stack                com.android.bluetooth                V  [VERBOSE1:bta_gattc_main.cc(305)] bta_gattc_sm_execute: State 0x00 [GATTC_IDLE_ST], Event 0x1f00[BTA_GATTC_API_OPEN_EVT]
2025-09-15 16:36:12.512  9036-9174  bt_stack                com.android.bluetooth                I  [INFO:gatt_api.cc(1122)] GATT_Connect gatt_if=9, address=f0:d7:8f:4d:80:82 is_direct 1
2025-09-15 16:36:12.512  9036-9174  bt_stack                com.android.bluetooth                V  [VERBOSE1:gatt_main.cc(1086)] gatt_get_ch_state: ch_state=0
2025-09-15 16:36:12.512  9036-9174  bt_stack                com.android.bluetooth                V  [VERBOSE1:gatt_main.cc(1077)] gatt_set_ch_state: old=0 new=0x02
2025-09-15 16:36:12.512  9036-9174  bt_stack                com.android.bluetooth                V  [VERBOSE1:gatt_main.cc(1086)] gatt_get_ch_state: ch_state=2
2025-09-15 16:36:12.512  9036-9174  bt_stack                com.android.bluetooth                V  [VERBOSE1:connection_manager.cc(216)] direct_connect_add : address:f0:d7:8f:4d:80:82
2025-09-15 16:36:12.512  9036-9174  bt_stack                com.android.bluetooth                V  [VERBOSE1:btm_ble_bgconn.cc(505)] BTM_WhiteListAdd: f0:d7:8f:4d:80:82
2025-09-15 16:36:12.512  9036-9174  bt_stack                com.android.bluetooth                V  [VERBOSE1:connection_manager.cc(53)] scheduling timer %spc:0x7877224bc8
2025-09-15 16:36:12.512  9036-9174  bt_stack                com.android.bluetooth                V  [VERBOSE1:gatt_main.cc(363)] gatt_update_app_use_link_flag: is_add=1 chk_link=0
2025-09-15 16:36:12.512  9036-9174  bt_stack                com.android.bluetooth                V  [VERBOSE1:gatt_main.cc(329)] gatt_update_app_hold_link_status
2025-09-15 16:36:12.512  9036-9174  bt_stack                com.android.bluetooth                V  [VERBOSE1:gatt_main.cc(333)] added gatt_if=9
2025-09-15 16:36:12.512  9036-9174  bt_stack                com.android.bluetooth                V  [VERBOSE1:gatt_main.cc(1086)] gatt_get_ch_state: ch_state=2
2025-09-15 16:36:12.512  9036-9174  bt_stack                com.android.bluetooth                V  [VERBOSE1:gatt_api.cc(1305)] GATT_GetConnIdIfConnected status= 0
2025-09-15 16:36:12.512  9036-9174  bt_stack                com.android.bluetooth                V  [VERBOSE1:bta_gattc_main.cc(341)] bta_gattc_sm_execute: GATTC State Change: 0x00 -> 0x01 after Event 0x1f00
2025-09-15 16:36:12.512   963-963   vendor.qti...bs_handler and...are.bluetooth@1.0-service-qti  D  SerialClockVote: vote for UART CLK ON
2025-09-15 16:36:12.513   963-963   vendor.qti...-wake_lock and...are.bluetooth@1.0-service-qti  D  Acquire wakelock is acquired 
2025-09-15 16:36:12.513   963-963   vendor.qti...bs_handler and...are.bluetooth@1.0-service-qti  I  DeviceWakeUp: Writing IBS_WAKE_IND
2025-09-15 16:36:12.516   963-9172  vendor.qti...bs_handler and...are.bluetooth@1.0-service-qti  I  ProcessIbsCmd: Received IBS_WAKE_ACK: 0xFC
2025-09-15 16:36:12.516   963-9172  vendor.qti...bs_handler and...are.bluetooth@1.0-service-qti  I  ProcessIbsCmd: Signal wack_cond_
2025-09-15 16:36:12.516   963-963   vendor.qti...bs_handler and...are.bluetooth@1.0-service-qti  D  DeviceWakeUp: Unblocked from waiting for FC
2025-09-15 16:36:12.517  9036-9164  bt_osi_wakelock         com.android.bluetooth                E  wakelock_acquire wakelock acquired
2025-09-15 16:36:12.521   963-9172  vendor.qti...bs_handler and...are.bluetooth@1.0-service-qti  I  ProcessIbsCmd: Received IBS_WAKE_IND: 0xFD
2025-09-15 16:36:12.521   963-9172  vendor.qti...bs_handler and...are.bluetooth@1.0-service-qti  I  ProcessIbsCmd: Writing IBS_WAKE_ACK
2025-09-15 16:36:12.521  9036-9057  bt_osi_wakelock         com.android.bluetooth                E  wakelock_release wakelock released
2025-09-15 16:36:12.537  7715-7715  profman                 pid-7715                             W  type=1400 audit(0.0:57295): avc: denied { read write } for path="socket:[33887]" dev="sockfs" ino=33887 scontext=u:r:profman:s0 tcontext=u:r:installd:s0 tclass=unix_stream_socket permissive=0
2025-09-15 16:36:12.551  1099-27599 surfaceflinger          surfaceflinger                       E  [frame_perf] perfboost open boost file failed
2025-09-15 16:36:12.555  1099-3321  surfaceflinger          surfaceflinger                       E  [frame_perf] perfboost open boost file failed
2025-09-15 16:36:12.562   963-9172  vendor.qti...bs_handler and...are.bluetooth@1.0-service-qti  I  ProcessIbsCmd: Received IBS_SLEEP_IND: 0xFE
2025-09-15 16:36:12.585  1305-1882  PackageDexOptimizer     system_server                        I  Running dexopt (dexoptNeeded=1) on: /data/app/~~YE_8z3AvzO6ndjUn7GnmBw==/com.microsoft.office.word-yh4aNRPgXFZh8ES7F1DC-Q==/base.apk pkg=com.microsoft.office.word isa=arm64 dexoptFlags=boot_complete,profile_guided,public,enable_hidden_api_checks targetFilter=speed-profile oatDir=/data/app/~~YE_8z3AvzO6ndjUn7GnmBw==/com.microsoft.office.word-yh4aNRPgXFZh8ES7F1DC-Q==/oat classLoaderContext=PCL[]{PCL[/system/framework/org.apache.http.legacy.jar]#PCL[/system/framework/android.test.base.jar]}
2025-09-15 16:36:12.590   963-9172  vendor.qti...bs_handler and...are.bluetooth@1.0-service-qti  I  ProcessIbsCmd: Received IBS_WAKE_IND: 0xFD
2025-09-15 16:36:12.590   963-9172  vendor.qti...bs_handler and...are.bluetooth@1.0-service-qti  I  ProcessIbsCmd: Writing IBS_WAKE_ACK
2025-09-15 16:36:12.590  1356-2144  installd                installd                             V  DexInv: --- BEGIN '/data/app/~~YE_8z3AvzO6ndjUn7GnmBw==/com.microsoft.office.word-yh4aNRPgXFZh8ES7F1DC-Q==/base.apk' ---
2025-09-15 16:36:12.592  9036-9174  bt_stack                com.android.bluetooth                I  [INFO:connection_manager.cc(277)] lower the scan parameters used for connecting
2025-09-15 16:36:12.592  9036-9174  bt_stack                com.android.bluetooth                V  [VERBOSE1:btm_ble_bgconn.cc(523)] BTM_WhiteListRemove: f0:d7:8f:4d:80:82
2025-09-15 16:36:12.592  9036-9174  bt_stack                com.android.bluetooth                V  [VERBOSE1:btm_ble_bgconn.cc(89)] background_connection_remove : f0:d7:8f:4d:80:82
2025-09-15 16:36:12.593  9036-9174  bt_stack                com.android.bluetooth                I  [INFO:btm_ble_bgconn.cc(420)] Already connection initiated (or) No Pending connections(or) Resources of lcb are exhausted
2025-09-15 16:36:12.593  9036-9174  bt_stack                com.android.bluetooth                V  [VERBOSE1:btm_ble.cc(1961)] btm_ble_connected Security Manager: handle:17 enc_mode:0000  bda: f0:d7:8f:4d:80:82 RName:  p_dev_rec:0x79c086b370
2025-09-15 16:36:12.594  9036-9174  bt_btm                  com.android.bluetooth                W  btm_acl_created hci_handle=17 link_role=0  transport=2
2025-09-15 16:36:12.594  9036-9174  bt_stack                com.android.bluetooth                V  [VERBOSE1:btm_inq.cc(1019)] BTM_InqDbRead: bd addr f0:d7:8f:4d:80:82
2025-09-15 16:36:12.594  9036-9174  bt_stack                com.android.bluetooth                I  [INFO:btm_ble_bgconn.cc(420)] Already connection initiated (or) No Pending connections(or) Resources of lcb are exhausted
2025-09-15 16:36:12.595  9036-9164  bt_osi_wakelock         com.android.bluetooth                E  wakelock_acquire wakelock acquired
2025-09-15 16:36:12.598  9036-9057  bt_osi_wakelock         com.android.bluetooth                E  wakelock_release wakelock released
2025-09-15 16:36:12.598  1099-27599 surfaceflinger          surfaceflinger                       E  [frame_perf] perfboost open boost file failed
2025-09-15 16:36:12.599  1099-1468  surfaceflinger          surfaceflinger                       E  [frame_perf] perfboost open boost file failed
2025-09-15 16:36:12.597  7716-7716  dex2oat32               pid-7716                             W  type=1400 audit(0.0:57296): avc: denied { read write } for path="socket:[33887]" dev="sockfs" ino=33887 scontext=u:r:dex2oat:s0 tcontext=u:r:installd:s0 tclass=unix_stream_socket permissive=0
2025-09-15 16:36:12.636   963-9172  vendor.qti...bs_handler and...are.bluetooth@1.0-service-qti  I  ProcessIbsCmd: Received IBS_SLEEP_IND: 0xFE
2025-09-15 16:36:12.648  7716-7716  dex2oat32               pid-7716                             I  No primary.vdex file in DexMetadata archive. Not doing fast verification.
2025-09-15 16:36:12.648  7716-7716  dex2oat32               pid-7716                             I  /apex/com.android.art/bin/dex2oat32 --input-vdex-fd=-1 --output-vdex-fd=11 --updatable-bcp-packages-file=/system/etc/updatable-bcp-packages.txt --resolve-startup-const-strings=true --max-image-block-size=524288 --compiler-filter=speed-profile --profile-file-fd=13 --classpath-dir=/data/app/~~YE_8z3AvzO6ndjUn7GnmBw==/com.microsoft.office.word-yh4aNRPgXFZh8ES7F1DC-Q== --class-loader-context=PCL[]{PCL[/system/framework/org.apache.http.legacy.jar]#PCL[/system/framework/android.test.base.jar]} --generate-mini-debug-info --compact-dex-level=none --dm-fd=15 --compilation-reason=install-dm
2025-09-15 16:36:12.649  7716-7716  dex2oat32               pid-7716                             I  setting boot class path to /apex/com.android.art/javalib/core-oj.jar:/apex/com.android.art/javalib/core-libart.jar:/apex/com.android.art/javalib/core-icu4j.jar:/apex/com.android.art/javalib/okhttp.jar:/apex/com.android.art/javalib/bouncycastle.jar:/apex/com.android.art/javalib/apache-xml.jar:/system/framework/framework.jar:/system/framework/ext.jar:/system/framework/telephony-common.jar:/system/framework/voip-common.jar:/system/framework/ims-common.jar:/system/framework/framework-atb-backward-compatibility.jar:/system/framework/tcmiface.jar:/system/framework/telephony-ext.jar:/system/framework/QPerformance.jar:/system/framework/UxPerformance.jar:/system/framework/WfdCommon.jar:/system/framework/oneplus-framework.jar:/system/framework/oneplus_framework_wrapper.jar:/system/framework/oneplus-coreservices.jar:/system/framework/qcnvitems.jar
2025-09-15 16:36:12.664  1099-27599 surfaceflinger          surfaceflinger                       E  [frame_perf] perfboost open boost file failed
2025-09-15 16:36:12.762  4993-4993  QuickPage               net.oneplus.launcher                 D  setPackageState: com.takeaway.android, 1, 0
2025-09-15 16:36:12.912   963-9172  vendor.qti...bs_handler and...are.bluetooth@1.0-service-qti  I  ProcessIbsCmd: Received IBS_WAKE_IND: 0xFD
2025-09-15 16:36:12.912   963-9172  vendor.qti...bs_handler and...are.bluetooth@1.0-service-qti  I  ProcessIbsCmd: Writing IBS_WAKE_ACK
2025-09-15 16:36:12.914  9036-9174  bt_btm                  com.android.bluetooth                E  btm_ble_read_remote_features_complete: failed for handle: 0x0017, status 0x3e
2025-09-15 16:36:12.915  9036-9174  bt_stack                com.android.bluetooth                I  [INFO:btsnoop.cc(427)] clear_l2cap_whitelist: Clearing whitelist from l2cap channel. conn_handle=17 cid=4:4
2025-09-15 16:36:12.915  9036-9174  bt_stack                com.android.bluetooth                V  [VERBOSE1:gatt_main.cc(461)] GATT   ATT protocol channel with BDA: f0:d7:8f:4d:80:82 is disconnected
2025-09-15 16:36:12.915  9036-9174  bt_stack                com.android.bluetooth                V  [VERBOSE1:gatt_utils.cc(312)] gatt_is_bda_in_the_srv_chg_clt_list: f0:d7:8f:4d:80:82
2025-09-15 16:36:12.915  9036-9174  bt_stack                com.android.bluetooth                V  [VERBOSE1:gatt_utils.cc(1247)] gatt_cleanup_upon_disc
2025-09-15 16:36:12.915  9036-9174  bt_stack                com.android.bluetooth                V  [VERBOSE1:gatt_main.cc(1077)] gatt_set_ch_state: old=2 new=0000
2025-09-15 16:36:12.915  9036-9174  bt_stack                com.android.bluetooth                V  [VERBOSE1:gatt_utils.cc(92)] gatt_free_pending_ind
2025-09-15 16:36:12.915  9036-9174  bt_stack                com.android.bluetooth                V  [VERBOSE1:gatt_utils.cc(1279)] found p_reg tcb_idx=0 gatt_if=1  conn_id=0x1
2025-09-15 16:36:12.916  9036-9174  bt_stack                com.android.bluetooth                V  [VERBOSE1:gatt_attr.cc(245)] gatt_connect_cback: from f0:d7:8f:4d:80:82 connected: 0, conn_id: 0x0001reason: 0x003e
2025-09-15 16:36:12.916  9036-9174  bt_stack                com.android.bluetooth                V  [VERBOSE1:gatt_utils.cc(1279)] found p_reg tcb_idx=0 gatt_if=2  conn_id=0x2
2025-09-15 16:36:12.916  9036-9174  bt_stack                com.android.bluetooth                V  [VERBOSE1:gatt_utils.cc(1279)] found p_reg tcb_idx=0 gatt_if=3  conn_id=0x3
2025-09-15 16:36:12.916  9036-9174  bt_stack                com.android.bluetooth                W  [WARNING:bta_gattc_act.cc(1086)] bta_gattc_conn_cback: cif=3 connected=0 conn_id=0x0003 reason=0x003e
2025-09-15 16:36:12.916  9036-9174  bt_stack                com.android.bluetooth                V  [VERBOSE1:gatt_utils.cc(1279)] found p_reg tcb_idx=0 gatt_if=4  conn_id=0x4
2025-09-15 16:36:12.916  9036-9174  bt_stack                com.android.bluetooth                W  [WARNING:bta_gattc_act.cc(1086)] bta_gattc_conn_cback: cif=4 connected=0 conn_id=0x0004 reason=0x003e
2025-09-15 16:36:12.916  9036-9174  bt_stack                com.android.bluetooth                V  [VERBOSE1:gatt_utils.cc(1279)] found p_reg tcb_idx=0 gatt_if=5  conn_id=0x5
2025-09-15 16:36:12.916  9036-9174  bt_stack                com.android.bluetooth                W  [WARNING:bta_gattc_act.cc(1086)] bta_gattc_conn_cback: cif=5 connected=0 conn_id=0x0005 reason=0x003e
2025-09-15 16:36:12.916  9036-9174  bt_stack                com.android.bluetooth                V  [VERBOSE1:gatt_utils.cc(1279)] found p_reg tcb_idx=0 gatt_if=6  conn_id=0x6
2025-09-15 16:36:12.916  9036-9174  bt_stack                com.android.bluetooth                W  [WARNING:bta_gattc_act.cc(1086)] bta_gattc_conn_cback: cif=6 connected=0 conn_id=0x0006 reason=0x003e
2025-09-15 16:36:12.917  9036-9174  bt_stack                com.android.bluetooth                V  [VERBOSE1:gatt_utils.cc(1279)] found p_reg tcb_idx=0 gatt_if=7  conn_id=0x7
2025-09-15 16:36:12.917  9036-9174  bt_stack                com.android.bluetooth                W  [WARNING:bta_gattc_act.cc(1086)] bta_gattc_conn_cback: cif=7 connected=0 conn_id=0x0007 reason=0x003e
2025-09-15 16:36:12.917  9036-9174  bt_stack                com.android.bluetooth                V  [VERBOSE1:gatt_utils.cc(1279)] found p_reg tcb_idx=0 gatt_if=8  conn_id=0x8
2025-09-15 16:36:12.917  9036-9174  bt_stack                com.android.bluetooth                W  [WARNING:bta_gattc_act.cc(1086)] bta_gattc_conn_cback: cif=8 connected=0 conn_id=0x0008 reason=0x003e
2025-09-15 16:36:12.917  9036-9174  bt_stack                com.android.bluetooth                V  [VERBOSE1:gatt_utils.cc(1279)] found p_reg tcb_idx=0 gatt_if=9  conn_id=0x9
2025-09-15 16:36:12.917  9036-9174  bt_stack                com.android.bluetooth                W  [WARNING:bta_gattc_act.cc(1086)] bta_gattc_conn_cback: cif=9 connected=0 conn_id=0x0009 reason=0x003e
2025-09-15 16:36:12.917  9036-9174  bt_stack                com.android.bluetooth                V  [VERBOSE1:gatt_utils.cc(1287)] gatt_cleanup_upon_disc: exit
2025-09-15 16:36:12.917  9036-9174  bt_stack                com.android.bluetooth                V  [VERBOSE1:gatt_main.cc(474)] ATT disconnected
2025-09-15 16:36:12.917  9036-9174  bt_btm_sec              com.android.bluetooth                I  btm_sec_disconnected clearing pending flag handle:17 reason:62
2025-09-15 16:36:12.917  9036-9174  bt_stack                com.android.bluetooth                I  [INFO:btm_ble_bgconn.cc(420)] Already connection initiated (or) No Pending connections(or) Resources of lcb are exhausted
2025-09-15 16:36:12.918  9036-9174  bt_stack                com.android.bluetooth                V  [VERBOSE1:bta_gattc_main.cc(361)] bta_gattc_hdl_event: Event:BTA_GATTC_INT_DISCONN_EVT
2025-09-15 16:36:12.918  9036-9174  bt_stack                com.android.bluetooth                V  [VERBOSE1:bta_gattc_utils.cc(678)]  disconnection ID:3 not used by BTA
2025-09-15 16:36:12.918  9036-9174  bt_stack                com.android.bluetooth                V  [VERBOSE1:bta_gattc_main.cc(385)] Ignore unknown conn ID: 3
2025-09-15 16:36:12.918  9036-9174  bt_stack                com.android.bluetooth                V  [VERBOSE1:bta_gattc_main.cc(361)] bta_gattc_hdl_event: Event:BTA_GATTC_INT_DISCONN_EVT
2025-09-15 16:36:12.918  9036-9174  bt_stack                com.android.bluetooth                V  [VERBOSE1:bta_gattc_utils.cc(678)]  disconnection ID:4 not used by BTA
2025-09-15 16:36:12.918  9036-9174  bt_stack                com.android.bluetooth                V  [VERBOSE1:bta_gattc_main.cc(385)] Ignore unknown conn ID: 4
2025-09-15 16:36:12.918  9036-9174  bt_stack                com.android.bluetooth                V  [VERBOSE1:bta_gattc_main.cc(361)] bta_gattc_hdl_event: Event:BTA_GATTC_INT_DISCONN_EVT
2025-09-15 16:36:12.918  9036-9174  bt_stack                com.android.bluetooth                V  [VERBOSE1:bta_gattc_utils.cc(678)]  disconnection ID:5 not used by BTA
2025-09-15 16:36:12.918  9036-9174  bt_stack                com.android.bluetooth                V  [VERBOSE1:bta_gattc_main.cc(385)] Ignore unknown conn ID: 5
2025-09-15 16:36:12.918  9036-9174  bt_stack                com.android.bluetooth                V  [VERBOSE1:bta_gattc_main.cc(361)] bta_gattc_hdl_event: Event:BTA_GATTC_INT_DISCONN_EVT
2025-09-15 16:36:12.918  9036-9174  bt_stack                com.android.bluetooth                V  [VERBOSE1:bta_gattc_utils.cc(678)]  disconnection ID:6 not used by BTA
2025-09-15 16:36:12.918  9036-9174  bt_stack                com.android.bluetooth                V  [VERBOSE1:bta_gattc_main.cc(385)] Ignore unknown conn ID: 6
2025-09-15 16:36:12.919  9036-9174  bt_stack                com.android.bluetooth                V  [VERBOSE1:bta_gattc_main.cc(361)] bta_gattc_hdl_event: Event:BTA_GATTC_INT_DISCONN_EVT
2025-09-15 16:36:12.919  9036-9174  bt_stack                com.android.bluetooth                V  [VERBOSE1:bta_gattc_utils.cc(678)]  disconnection ID:7 not used by BTA
2025-09-15 16:36:12.919  9036-9174  bt_stack                com.android.bluetooth                V  [VERBOSE1:bta_gattc_main.cc(385)] Ignore unknown conn ID: 7
2025-09-15 16:36:12.919  9036-9174  bt_stack                com.android.bluetooth                V  [VERBOSE1:bta_gattc_main.cc(361)] bta_gattc_hdl_event: Event:BTA_GATTC_INT_DISCONN_EVT
2025-09-15 16:36:12.919  9036-9174  bt_stack                com.android.bluetooth                V  [VERBOSE1:bta_gattc_utils.cc(678)]  disconnection ID:8 not used by BTA
2025-09-15 16:36:12.919  9036-9174  bt_stack                com.android.bluetooth                V  [VERBOSE1:bta_gattc_main.cc(385)] Ignore unknown conn ID: 8
2025-09-15 16:36:12.919  9036-9174  bt_stack                com.android.bluetooth                V  [VERBOSE1:bta_gattc_main.cc(361)] bta_gattc_hdl_event: Event:BTA_GATTC_INT_DISCONN_EVT
2025-09-15 16:36:12.919  9036-9174  bt_stack                com.android.bluetooth                V  [VERBOSE1:bta_gattc_main.cc(305)] bta_gattc_sm_execute: State 0x01 [GATTC_W4_CONN_ST], Event 0x1f10[BTA_GATTC_INT_DISCONN_EVT]
2025-09-15 16:36:12.919  9036-9174  bt_stack                com.android.bluetooth                W  [WARNING:bta_gattc_act.cc(366)] bta_gattc_open_fail: Cannot establish Connection. conn_id=000000. Return GATT_ERROR(133)
2025-09-15 16:36:12.919  9036-9174  bt_stack                com.android.bluetooth                V  [VERBOSE1:bta_gattc_main.cc(341)] bta_gattc_sm_execute: GATTC State Change: 0x01 -> 0x00 after Event 0x1f10
2025-09-15 16:36:12.920  9036-9066  BtGatt.GattService      com.android.bluetooth                D  onConnected() - clientIf=9, connId=0, address=F0:D7:8F:4D:80:82
2025-09-15 16:36:12.921 24435-7393  BluetoothGatt           com.remoticom.energynodeinset        D  onClientConnectionState() - status=133 clientIf=9 device=F0:D7:8F:4D:80:82
2025-09-15 16:36:12.921 24435-7393  ConnectGattOperation    com.remoticom.energynodeinset        V  onConnectionStateChange called
2025-09-15 16:36:12.921 24435-7393  ConnectGattOperation    com.remoticom.energynodeinset        E  status=(133) GATT_ERROR
2025-09-15 16:36:12.921 24435-7393  GattConnectionService   com.remoticom.energynodeinset        D  onConnectionStateChange address=F0:D7:8F:4D:80:82, status=(133) GATT_ERROR, newState=DISCONNECTED (0)
2025-09-15 16:36:12.921 24435-7393  GattConnectionService   com.remoticom.energynodeinset        D  state = Disconnected, error = GattError ((133) GATT_ERROR)
2025-09-15 16:36:12.922 24435-7393  GattConnectionService   com.remoticom.energynodeinset        D  Service state updated with ServiceState(device=DeviceImpl(uuid=00000000-0000-0000-0000-f0d78f4d8082, device=F0:D7:8F:4D:80:82, type=Bdc, serviceUuids=[a55d1c55-0088-ffff-0000-000000000000], health=null, state=null), characteristics=null, isConnecting=true, connectionStatus=Disconnected, lastGattError=GattError ((133) GATT_ERROR))
2025-09-15 16:36:12.925 24435-24435 NodeListFragment        com.remoticom.energynodeinset        D  Updating list of nodes
2025-09-15 16:36:12.926 24435-24435 ConnectGattOperation    com.remoticom.energynodeinset        D  FINISHED
2025-09-15 16:36:12.926 24435-24435 GattConnectionService   com.remoticom.energynodeinset        D  Service state updated with ServiceState(device=DeviceImpl(uuid=00000000-0000-0000-0000-f0d78f4d8082, device=F0:D7:8F:4D:80:82, type=Bdc, serviceUuids=[a55d1c55-0088-ffff-0000-000000000000], health=null, state=null), characteristics=null, isConnecting=true, connectionStatus=Disconnected, lastGattError=GattError ((133) GATT_ERROR))
2025-09-15 16:36:12.927 24435-24435 GattConnectionService   com.remoticom.energynodeinset        D  Delay next connect attempt for 100 msec
2025-09-15 16:36:12.930 24435-24435 NodeListFragment        com.remoticom.energynodeinset        D  Updating list of nodes
2025-09-15 16:36:12.934  1099-3321  surfaceflinger          surfaceflinger                       E  [frame_perf] perfboost open boost file failed
2025-09-15 16:36:12.951  1099-27599 surfaceflinger          surfaceflinger                       E  [frame_perf] perfboost open boost file failed
2025-09-15 16:36:12.953   963-9172  vendor.qti...bs_handler and...are.bluetooth@1.0-service-qti  I  ProcessIbsCmd: Received IBS_SLEEP_IND: 0xFE
2025-09-15 16:36:12.991  5877-5932  Finsky:background       com.android.vending                  I  [67010] IV2::TD: Fetching metadata done. com.takeaway.android[iid:3500] [isid:YfC9VWT5RHSZK1aYwqUozA] [tid: 1000004107]
2025-09-15 16:36:12.993  5877-7470  Finsky:background       com.android.vending                  I  [67122] ICalc: Partition available space: 7426588672, install size: 101327709, min free: 524288000, additional needed: 0
2025-09-15 16:36:12.993  5877-5925  Finsky:background       com.android.vending                  I  [67003] AV::DSC: sufficient disk space space available for com.takeaway.android[iid:3500] [isid:YfC9VWT5RHSZK1aYwqUozA] [tid: 1000004107]: 101327709
2025-09-15 16:36:13.028 24435-24435 GattConnectionService   com.remoticom.energynodeinset        D  Connect attempt #2
2025-09-15 16:36:13.028 24435-24435 GattConnectionService   com.remoticom.energynodeinset        D  Service state updated with ServiceState(device=DeviceImpl(uuid=00000000-0000-0000-0000-f0d78f4d8082, device=F0:D7:8F:4D:80:82, type=Bdc, serviceUuids=[a55d1c55-0088-ffff-0000-000000000000], health=null, state=null), characteristics=null, isConnecting=true, connectionStatus=Connecting, lastGattError=GattError ((133) GATT_ERROR))
2025-09-15 16:36:13.028 24435-24435 ConnectGattOperation    com.remoticom.energynodeinset        D  STARTED
2025-09-15 16:36:13.029 24435-24435 ConnectGattOperation    com.remoticom.energynodeinset        V  connectGatt initiated
2025-09-15 16:36:13.030 24435-24435 BluetoothGatt           com.remoticom.energynodeinset        D  connect() - device: F0:D7:8F:4D:80:82, auto: false, eattSupport: false
2025-09-15 16:36:13.030 24435-24435 BluetoothGatt           com.remoticom.energynodeinset        D  registerApp()
2025-09-15 16:36:13.030 24435-24435 BluetoothGatt           com.remoticom.energynodeinset        D  registerApp() - UUID=c9766e97-4a27-4a71-8f60-7e2ac86569d4
2025-09-15 16:36:13.031  9036-10665 BtGatt.GattService      com.android.bluetooth                D  registerClient() - UUID=c9766e97-4a27-4a71-8f60-7e2ac86569d4
2025-09-15 16:36:13.032  9036-9174  bt_stack                com.android.bluetooth                V  [VERBOSE1:bta_gattc_act.cc(201)] bta_gattc_register: state:2
2025-09-15 16:36:13.032  9036-9174  bt_stack                com.android.bluetooth                I  [INFO:gatt_api.cc(950)] GATT_Register 5353d1a5-bf41-2902-90ae-cdf8ca7a20c6
2025-09-15 16:36:13.032  9036-9174  bt_stack                com.android.bluetooth                I  [INFO:gatt_api.cc(970)] allocated gatt_if=10
2025-09-15 16:36:13.032  9036-9174  bt_stack                com.android.bluetooth                V  [VERBOSE1:gatt_api.cc(1080)] GATT_StartIf gatt_if=10
2025-09-15 16:36:13.032  9036-9174  bt_stack                com.android.bluetooth                V  [VERBOSE1:gatt_utils.cc(254)] gatt_find_the_connected_bda start_idx=0
2025-09-15 16:36:13.032  9036-9066  BtGatt.GattService      com.android.bluetooth                D  onClientRegistered() - UUID=c9766e97-4a27-4a71-8f60-7e2ac86569d4, clientIf=10
2025-09-15 16:36:13.032  9036-9174  bt_stack                com.android.bluetooth                V  [VERBOSE1:gatt_utils.cc(266)]  found=0 found_idx=10
2025-09-15 16:36:13.032 24435-7393  BluetoothGatt           com.remoticom.energynodeinset        D  onClientRegistered() - status=0 clientIf=10
2025-09-15 16:36:13.033  9036-10665 BtGatt.GattService      com.android.bluetooth                D  clientConnect() - address=F0:D7:8F:4D:80:82, isDirect=true, opportunistic=false, phy=1
2025-09-15 16:36:13.034  9036-9066  bt_btif_config          com.android.bluetooth                D  btif_get_address_type: Device [f0:d7:8f:4d:80:82] address type 0
