2025-09-11 08:39:00.802  3143-3143  309                     com.android.phone                    I  package:com.android.phone took:1712 calssname:android.os.Handler callback:android.telephony.-$$Lambda$PhoneStateListener$IPhoneStateListenerStub$5J-sdvem6pUpdVwRdm8IbDhvuv8@1f18fc9 what:0
2025-09-11 08:40:00.817  1305-4194  300                     system_server                        I  100
2025-09-11 08:40:00.890  1305-1864  322                     system_server                        I  com.oneplus.deskclock#-1#129
2025-09-11 08:40:25.987 26934-26934 100                     pid-26934                            I  Open /data/app/~~g--JwoYhvap0wnqq5a0oUw==/com.google.android.gm-NEnQnl5IfxEJDvN_dmy5yQ==/base.apk took:181ms
2025-09-11 08:40:26.682 26934-26979 100                     pid-26934                            I  Open /data/app/~~sUuMcsvT-8pWChfn2rZmyQ==/com.google.android.gms-1YqGAn4TuKy2C_L9rGlE1Q==/split_DynamiteLoader_installtime.apk took:101ms
2025-09-11 08:40:27.150 26934-26979 100                     pid-26934                            I  Open /data/app/~~sUuMcsvT-8pWChfn2rZmyQ==/com.google.android.gms-1YqGAn4TuKy2C_L9rGlE1Q==/split_CronetDynamite_installtime.apk took:267ms
2025-09-11 08:40:28.146 26934-27077 100                     pid-26934                            I  Open /system/framework/com.android.media.remotedisplay.jar took:596ms
2025-09-11 08:40:28.496  3143-3143  309                     com.android.phone                    I  package:com.android.phone took:1169 calssname:android.os.Handler callback:android.telephony.-$$Lambda$PhoneStateListener$IPhoneStateListenerStub$5J-sdvem6pUpdVwRdm8IbDhvuv8@8d40187 what:0
2025-09-11 08:44:23.707 28113-28113 100                     pid-28113                            I  Open /data/app/~~JIrMIEwPXyV9XNHU1WNrZA==/com.android.vending-hPgcGKfm3jxEfZC-8CFsxg==/base.apk took:61ms
2025-09-11 08:45:00.911  1305-1864  322                     system_server                        I  com.oneplus.deskclock#-1#174
2025-09-11 08:45:00.944  1305-1870  300                     system_server                        I  146
2025-09-11 08:47:06.673 28798-28798 100                     pid-28798                            I  Open /data/app/~~zcleDNEqnf9vXIK_LH-saA==/com.azure.authenticator-Y3rFiHHSRUUJIVHZ_-qf_Q==/base.apk took:507ms
2025-09-11 08:47:07.640 28798-28798 309                     pid-28798                            I  package:com.azure.authenticator took:1511 calssname:android.app.ActivityThread$H callback:null what:110
2025-09-11 08:48:16.147 29207-29207 100                     pid-29207                            I  Open /data/app/~~ZmL-EdHLDw27roMdk-kyHA==/com.google.android.apps.turbo-UkUR5yJJ0ACD1y6mt0dlAw==/base.apk took:51ms
2025-09-11 08:50:00.971  1305-1870  300                     system_server                        I  164
2025-09-11 08:50:00.985  1305-1864  322                     system_server                        I  com.oneplus.deskclock#-1#167
2025-09-11 08:50:09.899 24231-31240 110                     pid-24231                            I   OptJank - total:436 frameGap:449 delta#0#431#0#0#0#4
2025-09-11 08:50:10.018 24231-31240 110                     pid-24231                            I   OptJank - total:4 frameGap:118 delta#0#1#0#0#0#2
2025-09-11 08:54:04.978 30833-30833 100                     pid-30833                            I  Open /data/app/~~JIrMIEwPXyV9XNHU1WNrZA==/com.android.vending-hPgcGKfm3jxEfZC-8CFsxg==/base.apk took:83ms
2025-09-11 08:54:05.892 30938-30938 100                     pid-30938                            I  Open /data/app/~~JIrMIEwPXyV9XNHU1WNrZA==/com.android.vending-hPgcGKfm3jxEfZC-8CFsxg==/base.apk took:75ms
2025-09-11 08:55:01.258  1305-1870  300                     system_server                        I  151
2025-09-11 08:55:01.278  1305-1864  322                     system_server                        I  com.oneplus.deskclock#-1#149
2025-09-11 08:55:11.750 24231-31240 110                     pid-24231                            I   OptJank - total:110 frameGap:115 delta#0#105#1#0#0#4
2025-09-11 08:55:28.727  2441-3283  111                     pid-2441                             I   OptJank - continuously drops frames:4
2025-09-11 08:55:28.795  2441-3283  111                     pid-2441                             I   OptJank - continuously drops frames:4
2025-09-11 08:55:28.892  2441-3283  111                     pid-2441                             I   OptJank - continuously drops frames:4
2025-09-11 08:55:28.959  2441-3283  111                     pid-2441                             I   OptJank - continuously drops frames:4
2025-09-11 08:55:42.008 31442-31442 100                     pid-31442                            I  Open /data/app/~~fL4ExzeVJyyyYyrs2UGUww==/com.instagram.android-qOnSwGCPjP20hAfWJ9DNvQ==/base.apk took:203ms
2025-09-11 08:55:46.617  2441-3283  111                     pid-2441                             I   OptJank - continuously drops frames:4
2025-09-11 08:55:46.685  2441-3283  111                     pid-2441                             I   OptJank - continuously drops frames:4
2025-09-11 08:56:05.706  1305-1864  322                     system_server                        I  com.whatsapp#-1#392
2025-09-11 08:56:15.500  1305-1864  322                     system_server                        I  com.whatsapp#-1#214
2025-09-11 08:56:27.928  2441-3283  111                     pid-2441                             I   OptJank - continuously drops frames:4
2025-09-11 08:56:30.634  2441-3283  111                     pid-2441                             I   OptJank - continuously drops frames:4
2025-09-11 08:56:32.583  2441-3283  111                     pid-2441                             I   OptJank - continuously drops frames:4
2025-09-11 08:56:32.645  2441-3283  111                     pid-2441                             I   OptJank - continuously drops frames:4
2025-09-11 08:56:32.715  2441-3283  111                     pid-2441                             I   OptJank - continuously drops frames:4
2025-09-11 08:56:32.777  2441-3283  111                     pid-2441                             I   OptJank - continuously drops frames:4
2025-09-11 08:56:32.846  2441-3283  111                     pid-2441                             I   OptJank - continuously drops frames:4
2025-09-11 08:56:32.962  2441-3283  111                     pid-2441                             I   OptJank - high percentage:0.9
2025-09-11 08:56:33.064  2441-3283  110                     pid-2441                             I   OptJank - total:85 frameGap:85 delta#0#92#1#5#0#3
2025-09-11 08:56:33.064  2441-3283  111                     pid-2441                             I  OptJank - big and big
2025-09-11 08:56:33.068  2441-3283  111                     pid-2441                             I  OptJank - big and small
2025-09-11 08:56:33.068  2441-3283  111                     pid-2441                             I   OptJank - continuously drops frames:4
2025-09-11 08:56:33.665  1305-1864  322                     system_server                        I  com.google.android.gm#94#670
2025-09-11 08:56:34.300 24229-31754 110                     pid-24229                            I   OptJank - total:431 frameGap:444 delta#0#422#7#403#0#8
2025-09-11 08:56:36.224 32052-32052 100                     pid-32052                            I  Open /data/app/~~KEGryMPVaFlZHQhDssZxrw==/com.duckduckgo.mobile.android--sSVTFDMpJqWerzSgGTj5g==/base.apk took:109ms
2025-09-11 08:56:36.638 24229-31754 111                     pid-24229                            I   OptJank - continuously drops frames:4
2025-09-11 08:56:38.956 24226-23099 101                     pid-24226                            I  #207
2025-09-11 08:56:39.399 24229-31754 110                     pid-24229                            I   OptJank - total:71 frameGap:84 delta#33#22#12#9#0#14
2025-09-11 08:56:39.422 24229-31754 111                     pid-24229                            I  OptJank - big and small
2025-09-11 08:56:42.818 24229-31754 111                     pid-24229                            I  OptJank - big and big
2025-09-11 08:56:42.878 24229-31754 111                     pid-24229                            I  OptJank - big and big
2025-09-11 08:56:42.955 24229-31754 111                     pid-24229                            I  OptJank - big and big
2025-09-11 08:56:42.955 24229-31754 111                     pid-24229                            I   OptJank - continuously drops frames:4
2025-09-11 08:56:43.011 24229-31754 111                     pid-24229                            I  OptJank - big and big
2025-09-11 08:56:52.049 24229-31754 110                     pid-24229                            I   OptJank - total:84 frameGap:89 delta#50#29#15#13#0#4
2025-09-11 08:57:09.561  4993-5434  111                     net.oneplus.launcher                 I   OptJank - continuously drops frames:4
2025-09-11 08:57:09.626 32426-32426 100                     pid-32426                            I  Open /data/app/~~xa9MTI80MN3q_5POKNj1Ow==/com.brinked.teamy-HPzxcRG7eDhByl3DXvqDMQ==/base.apk took:139ms
2025-09-11 08:57:09.748 32517-32517 100                     pid-32517                            I  Open /data/app/~~PkSUgGPlbmXhez5Q07Fy2A==/com.google.android.calendar-sCTeHCBqav7STajVVCPUxA==/base.apk took:153ms
2025-09-11 08:57:09.807 32504-32504 100                     pid-32504                            I  Open /data/app/~~VPXfX4QvfIF6X7boC5ezHw==/com.discord-LA38xfBiSff8iAZ2Q8AV1Q==/base.apk took:211ms
2025-09-11 08:57:09.823 32452-32452 100                     pid-32452                            I  Open /data/app/~~AWToFZtAdCpR0u5Hme_N8w==/com.abnamro.nl.mobile.payments-0PVnwCLvLeOeMK66_RWsZQ==/base.apk took:252ms
2025-09-11 08:57:09.827 32478-32478 100                     pid-32478                            I  Open /data/app/~~LiYPydSkSNwhc4pNK1pL9Q==/com.google.android.youtube-o1We4LAciLFwlEtg1ucICQ==/base.apk took:222ms
2025-09-11 08:57:09.898 32446-32446 100                     pid-32446                            I  Open /data/app/~~QiHAbkadMe53TCElAaXEcw==/com.google.android.apps.maps-gWb3NKBXCMOJMifgu2KrZg==/base.apk took:299ms
2025-09-11 08:57:10.693 32504-32504 309                     pid-32504                            I  package:com.discord took:1136 calssname:android.app.ActivityThread$H callback:null what:110
2025-09-11 08:57:10.760 32478-32699 100                     pid-32478                            I  Open /system/framework/com.android.media.remotedisplay.jar took:273ms
2025-09-11 08:57:11.022 32426-32426 309                     pid-32426                            I  package:com.brinked.teamy took:1602 calssname:android.app.ActivityThread$H callback:null what:110
2025-09-11 08:57:11.202 32446-32446 309                     pid-32446                            I  package:com.google.android.apps.maps took:1705 calssname:android.app.ActivityThread$H callback:null what:110
2025-09-11 08:57:11.310 32452-634   100                     pid-32452                            I  Open /data/app/~~sUuMcsvT-8pWChfn2rZmyQ==/com.google.android.gms-1YqGAn4TuKy2C_L9rGlE1Q==/split_MeasurementDynamite_installtime.apk took:133ms
2025-09-11 08:57:11.587   830-830   100                     pid-830                              I  Open /data/app/~~ZmL-EdHLDw27roMdk-kyHA==/com.google.android.apps.turbo-UkUR5yJJ0ACD1y6mt0dlAw==/base.apk took:133ms
2025-09-11 08:57:11.714 32452-634   101                     pid-32452                            I  #169
2025-09-11 08:57:11.983  1305-1870  300                     system_server                        I  627
2025-09-11 08:57:12.129 32446-632   100                     pid-32446                            I  Open /data/app/~~sUuMcsvT-8pWChfn2rZmyQ==/com.google.android.gms-1YqGAn4TuKy2C_L9rGlE1Q==/split_DynamiteLoader_installtime.apk took:678ms
2025-09-11 08:57:12.255  1014-1014  100                     pid-1014                             I  Open /data/app/~~UMZBHkSpmGpwXkp2QKePcw==/com.google.android.projection.gearhead-uoXerTVUU5VzEEEyA2OfyA==/base.apk took:70ms
2025-09-11 08:57:12.416 32452-32452 309                     pid-32452                            I  package:com.abnamro.nl.mobile.payments took:2912 calssname:android.app.ActivityThread$H callback:null what:110
2025-09-11 08:57:12.524 32446-1182  100                     pid-32446                            I  Open /data/app/~~sUuMcsvT-8pWChfn2rZmyQ==/com.google.android.gms-1YqGAn4TuKy2C_L9rGlE1Q==/split_CronetDynamite_installtime.apk took:63ms
2025-09-11 08:57:12.940 32446-632   100                     pid-32446                            I  Open /data/app/~~sUuMcsvT-8pWChfn2rZmyQ==/com.google.android.gms-1YqGAn4TuKy2C_L9rGlE1Q==/split_GoogleCertificates_installtime.apk took:260ms
2025-09-11 08:57:13.306 31442-31442 309                     pid-31442                            I  package:com.instagram.android took:1254 calssname:android.app.ActivityThread$H callback:android.app.-$$Lambda$LoadedApk$ReceiverDispatcher$Args$_BumDX2UKsnxLVrE6UJsJZkotuA@68646d3 what:0
2025-09-11 08:57:13.472  1014-1014  309                     pid-1014                             I  package:com.google.android.projection.gearhead took:1328 calssname:android.app.ActivityThread$H callback:null what:110
2025-09-11 08:57:14.024 32478-1387  101                     pid-32478                            I  #437
2025-09-11 08:57:51.208  1305-1870  300                     system_server                        I  182
2025-09-11 08:57:53.937  1305-1864  322                     system_server                        I  com.instagram.android#-1#544
2025-09-11 08:58:05.674  5633-21197 110                     pid-5633                             I   OptJank - total:160 frameGap:162 delta#100#48#5#42#0#11
2025-09-11 08:59:45.723  2808-2808  100                     pid-2808                             I  Open /data/app/~~d5MKLK8AGNZEQxnjiXp1bA==/com.google.android.googlequicksearchbox-vV8ZXzCVmxXj1L9dbkZr5g==/base.apk took:136ms
2025-09-11 08:59:47.167  2930-2930  100                     pid-2930                             I  Open /data/app/~~2HOK_kd-h_cOIhEdYOgE_Q==/com.microsoft.office.outlook-JL8xGvOTnKiNDwB3od4tpA==/base.apk took:64ms
2025-09-11 08:59:47.237  2955-2955  100                     pid-2955                             I  Open /data/app/~~d5MKLK8AGNZEQxnjiXp1bA==/com.google.android.googlequicksearchbox-vV8ZXzCVmxXj1L9dbkZr5g==/base.apk took:107ms
2025-09-11 08:59:47.848  3340-3340  100                     pid-3340                             I  Open /data/app/~~zcleDNEqnf9vXIK_LH-saA==/com.azure.authenticator-Y3rFiHHSRUUJIVHZ_-qf_Q==/base.apk took:123ms
2025-09-11 08:59:48.007  2808-2840  100                     pid-2808                             I  Open /data/app/~~sUuMcsvT-8pWChfn2rZmyQ==/com.google.android.gms-1YqGAn4TuKy2C_L9rGlE1Q==/split_CronetDynamite_installtime.apk took:67ms
2025-09-11 08:59:48.833  3340-3340  309                     pid-3340                             I  package:com.azure.authenticator took:1197 calssname:android.app.ActivityThread$H callback:null what:110
2025-09-11 08:59:51.560  3591-3591  100                     pid-3591                             I  Open /data/app/~~McLZe3YfK9xBFzl1tpSoqg==/org.yoki.android.buienalarm-_p3IZGkr9ydaTuS36qjntg==/base.apk took:75ms
2025-09-11 09:00:00.530  3730-3730  100                     pid-3730                             I  Open /data/app/~~aCb0gmuDP07XoaKh7u68Dg==/com.microsoft.office.word-ENy4YQ4Y4qaJA-J_2GyeYg==/base.apk took:93ms
2025-09-11 09:19:01.942  1305-1870  300                     system_server                        I  236
2025-09-11 09:19:02.246  2441-3283  111                     pid-2441                             I  OptJank - big and big
2025-09-11 09:19:02.249  2441-3283  111                     pid-2441                             I  OptJank - big and big
2025-09-11 09:19:02.288  2441-3283  111                     pid-2441                             I  OptJank - big and small
2025-09-11 09:19:02.288  2441-3283  111                     pid-2441                             I   OptJank - continuously drops frames:4
2025-09-11 09:19:02.384  2441-3283  111                     pid-2441                             I   OptJank - continuously drops frames:4
2025-09-11 09:19:02.592  4220-4220  100                     pid-4220                             I  Open /data/app/~~honA4eJQ7-waRG9wxPvxyA==/com.microsoft.teams-wWC9OvIjeBC4s7srbC4i6w==/base.apk took:175ms
2025-09-11 09:19:02.676  4246-4246  100                     pid-4246                             I  Open /data/app/~~KuUB7bJ48gRgtSKcRJyzQA==/com.google.android.apps.messaging-e-6h0SSkx7rdogJEEC4epg==/base.apk took:211ms
2025-09-11 09:19:07.474  2441-3283  110                     pid-2441                             I   OptJank - total:736 frameGap:747 delta#733#0#0#0#0#2
2025-09-11 09:19:09.086  1305-1864  322                     system_server                        I  com.whatsapp#-1#239
2025-09-11 09:19:16.017  5059-5059  309                     pid-5059                             I  package:com.google.android.projection.gearhead took:1035 calssname:android.app.ActivityThread$H callback:null what:110
2025-09-11 09:19:18.848  5177-5177  100                     pid-5177                             I  Open /data/app/~~nvsxeGNoSP43xmYEo00MAA==/com.google.android.apps.youtube.music-1bMwIOr9eKd-mnkVoBeLpA==/base.apk took:168ms
2025-09-11 09:19:19.802  5284-5284  100                     pid-5284                             I  Open /data/app/~~qGvLCgbFRkV4iGVO-Nyhmw==/com.spotify.music-aD9bKnWGJVAiilKiCASf_w==/base.apk took:184ms
2025-09-11 09:19:20.511  5284-5417  100                     pid-5284                             I  Open /data/app/~~sUuMcsvT-8pWChfn2rZmyQ==/com.google.android.gms-1YqGAn4TuKy2C_L9rGlE1Q==/split_MeasurementDynamite_installtime.apk took:52ms
2025-09-11 09:19:20.790  5284-5284  309                     pid-5284                             I  package:com.spotify.music took:1204 calssname:android.app.ActivityThread$H callback:null what:110
2025-09-11 09:19:23.477  4714-5573  110                     pid-4714                             I   OptJank - total:168 frameGap:426 delta#150#13#4#8#0#5
2025-09-11 09:19:26.229  1305-1864  322                     system_server                        I  com.whatsapp#-1#205
2025-09-11 09:19:31.907  5644-5644  100                     pid-5644                             I  Open /data/app/~~fy0jb2rbDzsvOFJyp8Iz4g==/com.google.android.apps.tachyon-cdxWy22lXWNLXyudgpHXeA==/base.apk took:122ms
2025-09-11 09:19:32.748  5644-5708  100                     pid-5644                             I  Open /data/app/~~sUuMcsvT-8pWChfn2rZmyQ==/com.google.android.gms-1YqGAn4TuKy2C_L9rGlE1Q==/split_DynamiteLoader_installtime.apk took:72ms
2025-09-11 09:20:11.587  5947-5947  100                     pid-5947                             I  Open /data/app/~~xa9MTI80MN3q_5POKNj1Ow==/com.brinked.teamy-HPzxcRG7eDhByl3DXvqDMQ==/base.apk took:133ms
2025-09-11 09:20:11.606  5953-5953  100                     pid-5953                             I  Open /data/app/~~QiHAbkadMe53TCElAaXEcw==/com.google.android.apps.maps-gWb3NKBXCMOJMifgu2KrZg==/base.apk took:131ms
2025-09-11 09:20:11.616  5971-5971  100                     pid-5971                             I  Open /data/app/~~LiYPydSkSNwhc4pNK1pL9Q==/com.google.android.youtube-o1We4LAciLFwlEtg1ucICQ==/base.apk took:139ms
2025-09-11 09:20:11.832  5947-6015  100                     pid-5947                             I  Open /data/app/~~sUuMcsvT-8pWChfn2rZmyQ==/com.google.android.gms-1YqGAn4TuKy2C_L9rGlE1Q==/split_DynamiteLoader_installtime.apk took:64ms
2025-09-11 09:20:11.980  5947-6015  100                     pid-5947                             I  Open /data/app/~~sUuMcsvT-8pWChfn2rZmyQ==/com.google.android.gms-1YqGAn4TuKy2C_L9rGlE1Q==/split_MeasurementDynamite_installtime.apk took:68ms
2025-09-11 09:20:12.068  5971-6080  100                     pid-5971                             I  Open /system/framework/com.android.media.remotedisplay.jar took:57ms
2025-09-11 09:20:12.452  5953-6152  100                     pid-5953                             I  Open /data/app/~~sUuMcsvT-8pWChfn2rZmyQ==/com.google.android.gms-1YqGAn4TuKy2C_L9rGlE1Q==/split_DynamiteLoader_installtime.apk took:53ms
2025-09-11 09:20:12.855  5953-6152  100                     pid-5953                             I  Open /data/app/~~sUuMcsvT-8pWChfn2rZmyQ==/com.google.android.gms-1YqGAn4TuKy2C_L9rGlE1Q==/split_GoogleCertificates_installtime.apk took:218ms
2025-09-11 09:20:13.049  5953-6185  100                     pid-5953                             I  Open /data/app/~~sUuMcsvT-8pWChfn2rZmyQ==/com.google.android.gms-1YqGAn4TuKy2C_L9rGlE1Q==/split_CronetDynamite_installtime.apk took:81ms
2025-09-11 09:20:13.640  1305-1864  322                     system_server                        I  com.spotify.music#-1#659
2025-09-11 09:20:13.829  2441-3283  111                     pid-2441                             I   OptJank - continuously drops frames:4
2025-09-11 09:20:13.861  6324-6324  100                     pid-6324                             I  Open /data/app/~~JIrMIEwPXyV9XNHU1WNrZA==/com.android.vending-hPgcGKfm3jxEfZC-8CFsxg==/base.apk took:68ms
2025-09-11 09:20:23.215  5284-6252  111                     pid-5284                             I   OptJank - continuously drops frames:4
2025-09-11 09:20:23.314  5284-6252  111                     pid-5284                             I   OptJank - continuously drops frames:4
2025-09-11 09:20:23.385  5284-6252  111                     pid-5284                             I   OptJank - continuously drops frames:4
2025-09-11 09:20:23.385  5284-6252  111                     pid-5284                             I   OptJank - high percentage:0.7
2025-09-11 09:20:23.464  5284-6252  111                     pid-5284                             I   OptJank - continuously drops frames:4
2025-09-11 09:20:23.709  5284-6252  111                     pid-5284                             I   OptJank - high percentage:0.7
2025-09-11 09:20:23.825  5284-6252  111                     pid-5284                             I   OptJank - continuously drops frames:4
2025-09-11 09:20:23.909  5284-6252  111                     pid-5284                             I   OptJank - continuously drops frames:4
2025-09-11 09:20:24.043  5284-6252  111                     pid-5284                             I   OptJank - high percentage:0.8
2025-09-11 09:20:24.060  5284-6252  111                     pid-5284                             I   OptJank - continuously drops frames:4
2025-09-11 09:20:24.144  5284-6252  111                     pid-5284                             I   OptJank - continuously drops frames:4
2025-09-11 09:20:24.211  5284-6252  111                     pid-5284                             I   OptJank - continuously drops frames:4
2025-09-11 09:20:24.312  5284-6252  111                     pid-5284                             I   OptJank - continuously drops frames:4
2025-09-11 09:20:24.375  5284-6252  111                     pid-5284                             I   OptJank - high percentage:0.8
2025-09-11 09:20:24.444  5284-6252  111                     pid-5284                             I   OptJank - continuously drops frames:4
2025-09-11 09:20:24.717  5284-6252  111                     pid-5284                             I   OptJank - high percentage:0.75
2025-09-11 09:20:24.818  5284-6252  111                     pid-5284                             I   OptJank - continuously drops frames:4
2025-09-11 09:20:24.935  5284-6252  111                     pid-5284                             I   OptJank - continuously drops frames:4
2025-09-11 09:20:25.046  5284-6252  111                     pid-5284                             I   OptJank - continuously drops frames:4
2025-09-11 09:20:25.047  5284-6252  111                     pid-5284                             I   OptJank - high percentage:0.7
2025-09-11 09:20:25.307  5284-6252  111                     pid-5284                             I   OptJank - continuously drops frames:4
2025-09-11 09:20:25.373  5284-6252  111                     pid-5284                             I   OptJank - continuously drops frames:4
2025-09-11 09:20:25.393  5284-6252  111                     pid-5284                             I   OptJank - high percentage:0.85
2025-09-11 09:20:25.485  5284-6252  111                     pid-5284                             I   OptJank - continuously drops frames:4
2025-09-11 09:20:25.586  5284-6252  111                     pid-5284                             I   OptJank - continuously drops frames:4
2025-09-11 09:20:25.649  5284-6252  111                     pid-5284                             I   OptJank - continuously drops frames:4
2025-09-11 09:20:25.721  5284-6252  111                     pid-5284                             I   OptJank - high percentage:0.75
2025-09-11 09:20:25.799  5284-6252  111                     pid-5284                             I   OptJank - continuously drops frames:4
2025-09-11 09:20:25.880  5284-6252  111                     pid-5284                             I   OptJank - continuously drops frames:4
2025-09-11 09:20:26.829  2441-3283  110                     pid-2441                             I   OptJank - total:230 frameGap:244 delta#0#6#0#5#0#223
2025-09-11 09:24:32.566  7610-7610  100                     pid-7610                             I  Open /data/app/~~JIrMIEwPXyV9XNHU1WNrZA==/com.android.vending-hPgcGKfm3jxEfZC-8CFsxg==/base.apk took:126ms
2025-09-11 09:29:41.433 24230-24230 100                     pid-24230                            I  Open /data/app/~~d5MKLK8AGNZEQxnjiXp1bA==/com.google.android.googlequicksearchbox-vV8ZXzCVmxXj1L9dbkZr5g==/base.apk took:107ms
2025-09-11 09:32:31.631  8706-8706  100                     pid-8706                             I  Open /data/app/~~McLZe3YfK9xBFzl1tpSoqg==/org.yoki.android.buienalarm-_p3IZGkr9ydaTuS36qjntg==/base.apk took:99ms
2025-09-11 09:35:20.301  9029-9029  100                     pid-9029                             I  Open /data/app/~~2HOK_kd-h_cOIhEdYOgE_Q==/com.microsoft.office.outlook-JL8xGvOTnKiNDwB3od4tpA==/base.apk took:126ms
2025-09-11 09:35:21.170  9029-9029  309                     pid-9029                             I  package:com.microsoft.office.outlook took:1024 calssname:android.app.ActivityThread$H callback:null what:110
2025-09-11 09:35:21.406  9134-9134  100                     pid-9134                             I  Open /data/app/~~zcleDNEqnf9vXIK_LH-saA==/com.azure.authenticator-Y3rFiHHSRUUJIVHZ_-qf_Q==/base.apk took:123ms
2025-09-11 09:35:22.340  9134-9134  309                     pid-9134                             I  package:com.azure.authenticator took:1086 calssname:android.app.ActivityThread$H callback:null what:110
2025-09-11 09:48:34.419  1305-1870  300                     system_server                        I  249
2025-09-11 09:48:34.637  2441-3283  111                     pid-2441                             I  OptJank - big and big
2025-09-11 09:48:34.654  2441-3283  111                     pid-2441                             I  OptJank - big and big
2025-09-11 09:48:35.146 10529-10529 100                     pid-10529                            I  Open /data/app/~~fL4ExzeVJyyyYyrs2UGUww==/com.instagram.android-qOnSwGCPjP20hAfWJ9DNvQ==/base.apk took:329ms
2025-09-11 09:48:36.118 10673-10673 100                     pid-10673                            I  Open /data/app/~~wRL7zdxefMdRrqrXTjeItQ==/com.linkedin.android-ePNDTw0TsQfUpD61ETyKig==/base.apk took:170ms
2025-09-11 09:48:37.019 10673-10673 309                     pid-10673                            I  package:com.linkedin.android took:1096 calssname:android.app.ActivityThread$H callback:null what:110
2025-09-11 09:48:37.924 10814-10814 100                     pid-10814                            I  Open /data/app/~~ZmL-EdHLDw27roMdk-kyHA==/com.google.android.apps.turbo-UkUR5yJJ0ACD1y6mt0dlAw==/base.apk took:53ms
2025-09-11 09:48:42.207 10857-10857 100                     pid-10857                            I  Open /data/app/~~JIrMIEwPXyV9XNHU1WNrZA==/com.android.vending-hPgcGKfm3jxEfZC-8CFsxg==/base.apk took:73ms
2025-09-11 09:48:42.760 10907-10907 100                     pid-10907                            I  Open /data/app/~~QiHAbkadMe53TCElAaXEcw==/com.google.android.apps.maps-gWb3NKBXCMOJMifgu2KrZg==/base.apk took:115ms
2025-09-11 09:48:44.189  2441-3283  110                     pid-2441                             I   OptJank - total:201 frameGap:201 delta#0#8#0#8#0#200
2025-09-11 09:49:39.591  1305-1870  300                     system_server                        I  164
2025-09-11 09:49:44.692 11172-11172 100                     pid-11172                            I  Open /data/app/~~x5pue9fivFaiBAA2iCzoUQ==/com.snapchat.android-BHn4qJ_4xa0VYxsw8hrQyg==/base.apk took:91ms
2025-09-11 09:49:45.427  1305-1864  322                     system_server                        I  com.snapchat.android#-1#1012
2025-09-11 09:49:46.063 11172-11214 111                     pid-11172                            I  OptJank - big and big
2025-09-11 09:49:47.077 11172-11390 100                     pid-11172                            I  Open /data/app/~~sUuMcsvT-8pWChfn2rZmyQ==/com.google.android.gms-1YqGAn4TuKy2C_L9rGlE1Q==/split_MeasurementDynamite_installtime.apk took:89ms
2025-09-11 09:49:48.009 11426-11426 100                     pid-11426                            I  Open /apex/com.android.extservices/javalib/android.ext.adservices.jar took:58ms
2025-09-11 09:49:48.226  4993-5434  111                     net.oneplus.launcher                 I   OptJank - continuously drops frames:4
2025-09-11 09:49:48.363 11450-11450 100                     pid-11450                            I  Open /data/app/~~xa9MTI80MN3q_5POKNj1Ow==/com.brinked.teamy-HPzxcRG7eDhByl3DXvqDMQ==/base.apk took:215ms
2025-09-11 09:49:48.422 11474-11474 100                     pid-11474                            I  Open /data/app/~~PkSUgGPlbmXhez5Q07Fy2A==/com.google.android.calendar-sCTeHCBqav7STajVVCPUxA==/base.apk took:259ms
2025-09-11 09:49:48.496 11506-11506 100                     pid-11506                            I  Open /data/app/~~VPXfX4QvfIF6X7boC5ezHw==/com.discord-LA38xfBiSff8iAZ2Q8AV1Q==/base.apk took:308ms
2025-09-11 09:49:48.502 11532-11532 100                     pid-11532                            I  Open /data/app/~~UMZBHkSpmGpwXkp2QKePcw==/com.google.android.projection.gearhead-uoXerTVUU5VzEEEyA2OfyA==/base.apk took:73ms
2025-09-11 09:49:48.532 11461-11461 100                     pid-11461                            I  Open /data/app/~~AWToFZtAdCpR0u5Hme_N8w==/com.abnamro.nl.mobile.payments-0PVnwCLvLeOeMK66_RWsZQ==/base.apk took:365ms
2025-09-11 09:49:49.523 11506-11506 309                     pid-11506                            I  package:com.discord took:1380 calssname:android.app.ActivityThread$H callback:null what:110
2025-09-11 09:49:49.579 11450-11450 309                     pid-11450                            I  package:com.brinked.teamy took:1545 calssname:android.app.ActivityThread$H callback:null what:110
2025-09-11 09:49:49.785 11474-11474 309                     pid-11474                            I  package:com.google.android.calendar took:1684 calssname:android.app.ActivityThread$H callback:null what:110
2025-09-11 09:49:49.937 11532-11532 309                     pid-11532                            I  package:com.google.android.projection.gearhead took:1576 calssname:android.app.ActivityThread$H callback:null what:110
2025-09-11 09:49:49.958 11461-11749 100                     pid-11461                            I  Open /data/app/~~sUuMcsvT-8pWChfn2rZmyQ==/com.google.android.gms-1YqGAn4TuKy2C_L9rGlE1Q==/split_MeasurementDynamite_installtime.apk took:107ms
2025-09-11 09:49:50.256 11461-11749 101                     pid-11461                            I  #175
2025-09-11 09:49:50.622 11461-11461 309                     pid-11461                            I  package:com.abnamro.nl.mobile.payments took:2538 calssname:android.app.ActivityThread$H callback:null what:110
2025-09-11 09:49:52.542  2441-3283  110                     pid-2441                             I   OptJank - total:148 frameGap:156 delta#0#146#1#69#0#1
2025-09-11 09:49:52.550  2441-3283  111                     pid-2441                             I  OptJank - big and small
2025-09-11 09:49:53.451  1305-1864  322                     system_server                        I  com.linkedin.android#-1#1017
2025-09-11 09:49:56.979 10673-11959 110                     pid-10673                            I   OptJank - total:114 frameGap:127 delta#0#83#3#79#0#29
2025-09-11 09:49:57.033 10673-11959 110                     pid-10673                            I   OptJank - total:54 frameGap:54 delta#133#14#10#2#0#3
2025-09-11 09:51:35.913 10673-11959 110                     pid-10673                            I   OptJank - total:78 frameGap:87 delta#0#3#1#1#0#74
2025-09-11 09:51:38.510 10673-11959 110                     pid-10673                            I   OptJank - total:8 frameGap:1098 delta#0#3#2#0#0#4
2025-09-11 09:52:05.469 10673-11959 110                     pid-10673                            I   OptJank - total:108 frameGap:1369 delta#66#34#4#28#0#6
2025-09-11 09:52:13.903 10673-11959 111                     pid-10673                            I   OptJank - continuously drops frames:4
2025-09-11 10:05:20.732 13533-13533 100                     pid-13533                            I  Open /data/app/~~McLZe3YfK9xBFzl1tpSoqg==/org.yoki.android.buienalarm-_p3IZGkr9ydaTuS36qjntg==/base.apk took:91ms
2025-09-11 10:08:49.287 13855-13855 100                     pid-13855                            I  Open /data/app/~~zcleDNEqnf9vXIK_LH-saA==/com.azure.authenticator-Y3rFiHHSRUUJIVHZ_-qf_Q==/base.apk took:111ms
2025-09-11 10:09:45.712  1305-1870  300                     system_server                        I  624
2025-09-11 10:16:52.204  9029-9047  101                     pid-9029                             I  #162
2025-09-11 10:17:07.086  1305-1870  300                     system_server                        I  240
2025-09-11 10:17:07.358  2441-3283  111                     pid-2441                             I  OptJank - big and big
2025-09-11 10:17:07.376  2441-3283  111                     pid-2441                             I  OptJank - big and big
2025-09-11 10:17:07.691 14865-14865 100                     pid-14865                            I  Open /system/reserve/Weather/Weather.apk took:103ms
2025-09-11 10:17:10.326  2441-3283  111                     pid-2441                             I   OptJank - continuously drops frames:4
2025-09-11 10:17:10.392  2441-3283  111                     pid-2441                             I   OptJank - continuously drops frames:4
2025-09-11 10:17:10.458  2441-3283  111                     pid-2441                             I   OptJank - continuously drops frames:4
2025-09-11 10:17:10.524  2441-3283  111                     pid-2441                             I   OptJank - continuously drops frames:4
2025-09-11 10:17:10.592  2441-3283  111                     pid-2441                             I   OptJank - continuously drops frames:4
2025-09-11 10:17:10.742  2441-3283  111                     pid-2441                             I   OptJank - high percentage:0.7
2025-09-11 10:17:10.926  1305-1864  322                     system_server                        I  com.whatsapp#-1#217
2025-09-11 10:17:17.300  4714-5573  110                     pid-4714                             I   OptJank - total:179 frameGap:445 delta#150#22#10#11#1#6
2025-09-11 10:17:18.383  1305-1864  322                     system_server                        I  com.whatsapp#-1#97
2025-09-11 10:17:37.543  4714-5573  110                     pid-4714                             I   OptJank - total:180 frameGap:450 delta#150#22#11#11#0#6
2025-09-11 10:18:33.378  1305-1864  322                     system_server                        I  com.whatsapp#-1#71
2025-09-11 10:19:09.467  4714-5573  110                     pid-4714                             I   OptJank - total:173 frameGap:460 delta#150#14#5#8#0#8
2025-09-11 10:19:14.996  4714-5573  110                     pid-4714                             I   OptJank - total:180 frameGap:711 delta#150#23#10#12#0#5
2025-09-11 10:19:15.575 24226-31609 111                     pid-24226                            I   OptJank - continuously drops frames:4
2025-09-11 10:19:15.677 24226-31609 111                     pid-24226                            I   OptJank - continuously drops frames:4
2025-09-11 10:19:30.110  4714-5573  110                     pid-4714                             I   OptJank - total:161 frameGap:467 delta#133#23#6#16#0#4
2025-09-11 10:19:52.161  4714-5573  110                     pid-4714                             I   OptJank - total:194 frameGap:489 delta#150#38#5#32#0#5
2025-09-11 10:22:53.229  1305-1870  300                     system_server                        I  500
2025-09-11 10:22:53.820  2441-3283  111                     pid-2441                             I  OptJank - big and big
2025-09-11 10:22:53.840  2441-3283  111                     pid-2441                             I  OptJank - big and big
2025-09-11 10:22:53.877  2441-3283  111                     pid-2441                             I  OptJank - big and small
2025-09-11 10:22:53.877  2441-3283  111                     pid-2441                             I   OptJank - continuously drops frames:4
2025-09-11 10:23:04.078 24226-31609 111                     pid-24226                            I   OptJank - continuously drops frames:4
2025-09-11 10:23:04.212 24226-31609 111                     pid-24226                            I   OptJank - continuously drops frames:4
2025-09-11 10:23:34.287  4714-5573  110                     pid-4714                             I   OptJank - total:182 frameGap:437 delta#150#21#5#15#1#10
2025-09-11 10:23:39.269  4714-5573  110                     pid-4714                             I   OptJank - total:177 frameGap:449 delta#150#21#13#8#0#4
2025-09-11 10:23:39.534  5633-5633  309                     pid-5633                             I  package:com.instagram.android took:14901 calssname:android.view.Choreographer$FrameHandler callback:android.view.Choreographer$FrameDisplayEventReceiver@1a59b7e what:0
2025-09-11 10:23:53.707  4714-5573  110                     pid-4714                             I   OptJank - total:185 frameGap:1244 delta#150#28#13#14#1#5
2025-09-11 10:24:02.296  4714-5573  110                     pid-4714                             I   OptJank - total:186 frameGap:527 delta#150#27#12#15#1#7
2025-09-11 10:24:06.271  1305-1870  300                     system_server                        I  411
2025-09-11 10:24:06.937  2441-3283  110                     pid-2441                             I   OptJank - total:91 frameGap:96 delta#16#58#13#43#1#15
2025-09-11 10:24:06.948  2441-3283  111                     pid-2441                             I  OptJank - big and small
2025-09-11 10:24:08.507 16377-16377 100                     pid-16377                            I  Open /data/app/~~xa9MTI80MN3q_5POKNj1Ow==/com.brinked.teamy-HPzxcRG7eDhByl3DXvqDMQ==/base.apk took:199ms
2025-09-11 10:24:08.547 16437-16437 100                     pid-16437                            I  Open /data/app/~~PkSUgGPlbmXhez5Q07Fy2A==/com.google.android.calendar-sCTeHCBqav7STajVVCPUxA==/base.apk took:157ms
2025-09-11 10:24:08.547 16417-16417 100                     pid-16417                            I  Open /data/app/~~AWToFZtAdCpR0u5Hme_N8w==/com.abnamro.nl.mobile.payments-0PVnwCLvLeOeMK66_RWsZQ==/base.apk took:176ms
2025-09-11 10:24:08.582 16475-16475 100                     pid-16475                            I  Open /data/app/~~VPXfX4QvfIF6X7boC5ezHw==/com.discord-LA38xfBiSff8iAZ2Q8AV1Q==/base.apk took:170ms
2025-09-11 10:24:08.587 16397-16397 100                     pid-16397                            I  Open /data/app/~~QiHAbkadMe53TCElAaXEcw==/com.google.android.apps.maps-gWb3NKBXCMOJMifgu2KrZg==/base.apk took:234ms
2025-09-11 10:24:08.688 16454-16454 100                     pid-16454                            I  Open /data/app/~~LiYPydSkSNwhc4pNK1pL9Q==/com.google.android.youtube-o1We4LAciLFwlEtg1ucICQ==/base.apk took:249ms
2025-09-11 10:24:08.930 16377-16525 100                     pid-16377                            I  Open /data/app/~~sUuMcsvT-8pWChfn2rZmyQ==/com.google.android.gms-1YqGAn4TuKy2C_L9rGlE1Q==/split_MeasurementDynamite_installtime.apk took:57ms
2025-09-11 10:24:09.384 16454-16454 309                     pid-16454                            I  package:com.google.android.youtube took:1025 calssname:android.app.ActivityThread$H callback:null what:110
2025-09-11 10:24:09.704 16454-16732 100                     pid-16454                            I  Open /system/framework/com.android.media.remotedisplay.jar took:288ms
2025-09-11 10:24:09.832 16417-16764 100                     pid-16417                            I  Open /data/app/~~sUuMcsvT-8pWChfn2rZmyQ==/com.google.android.gms-1YqGAn4TuKy2C_L9rGlE1Q==/split_MeasurementDynamite_installtime.apk took:150ms
2025-09-11 10:24:10.212 16397-16613 100                     pid-16397                            I  Open /data/app/~~sUuMcsvT-8pWChfn2rZmyQ==/com.google.android.gms-1YqGAn4TuKy2C_L9rGlE1Q==/split_DynamiteLoader_installtime.apk took:783ms
2025-09-11 10:24:10.700 16417-16417 101                     pid-16417                            I  #213
2025-09-11 10:24:10.734 16417-16417 309                     pid-16417                            I  package:com.abnamro.nl.mobile.payments took:2439 calssname:android.app.ActivityThread$H callback:null what:110
2025-09-11 10:24:10.986 16397-16613 101                     pid-16397                            I  #737
2025-09-11 10:24:11.748 16397-16613 101                     pid-16397                            I  #274
2025-09-11 10:24:11.749 16397-16836 101                     pid-16397                            I  #229
2025-09-11 10:24:30.129  2441-3283  111                     pid-2441                             I   OptJank - continuously drops frames:4
2025-09-11 10:24:44.653  2441-3283  111                     pid-2441                             I   OptJank - continuously drops frames:4
2025-09-11 10:24:51.522  2441-3283  111                     pid-2441                             I   OptJank - continuously drops frames:4
2025-09-11 10:24:51.628  2441-3283  111                     pid-2441                             I   OptJank - continuously drops frames:4
2025-09-11 10:24:51.692  2441-3283  111                     pid-2441                             I   OptJank - continuously drops frames:4
2025-09-11 10:24:51.757  2441-3283  111                     pid-2441                             I   OptJank - continuously drops frames:4
2025-09-11 10:24:51.817  2441-3283  111                     pid-2441                             I   OptJank - continuously drops frames:4
2025-09-11 10:24:51.890  2441-3283  111                     pid-2441                             I   OptJank - continuously drops frames:4
2025-09-11 10:24:52.564  1305-1864  322                     system_server                        I  com.google.android.googlequicksearchbox#-1#613
2025-09-11 10:24:53.317 24230-17241 110                     pid-24230                            I   OptJank - total:106 frameGap:106 delta#0#14#13#0#0#105
2025-09-11 10:24:53.466 24230-17241 111                     pid-24230                            I   OptJank - continuously drops frames:4
2025-09-11 10:24:54.895 17409-17409 100                     pid-17409                            I  Open /data/app/~~uP8yZrfPmqEaVh2o1IF18g==/com.android.chrome-hEMqaW6SqDngiC_Ee3ihCg==/base.apk took:73ms
2025-09-11 10:25:06.464 24230-17241 110                     pid-24230                            I   OptJank - total:84 frameGap:90 delta#66#11#10#0#0#5
2025-09-11 10:25:07.125  1305-1864  322                     system_server                        I  com.android.chrome#-1#485
2025-09-11 10:25:12.829 24230-8285  101                     pid-24230                            I  #159
2025-09-11 10:26:29.162  4714-5573  110                     pid-4714                             I   OptJank - total:155 frameGap:349 delta#133#16#4#11#0#4
2025-09-11 10:29:30.024 18265-18265 100                     pid-18265                            I  Open /data/app/~~KuUB7bJ48gRgtSKcRJyzQA==/com.google.android.apps.messaging-e-6h0SSkx7rdogJEEC4epg==/base.apk took:143ms
2025-09-11 10:37:31.177 18891-18891 100                     pid-18891                            I  Open /data/app/~~McLZe3YfK9xBFzl1tpSoqg==/org.yoki.android.buienalarm-_p3IZGkr9ydaTuS36qjntg==/base.apk took:102ms
2025-09-11 10:37:33.206 19029-19029 100                     pid-19029                            I  Open /data/app/~~2HOK_kd-h_cOIhEdYOgE_Q==/com.microsoft.office.outlook-JL8xGvOTnKiNDwB3od4tpA==/base.apk took:141ms
2025-09-11 10:37:34.310 19029-19029 309                     pid-19029                            I  package:com.microsoft.office.outlook took:1276 calssname:android.app.ActivityThread$H callback:null what:110
2025-09-11 10:57:19.309 20695-20695 100                     pid-20695                            I  Open /apex/com.android.cellbroadcast/priv-app/GoogleCellBroadcastApp@360735060/GoogleCellBroadcastApp.apk took:63ms
2025-09-11 10:57:20.347  1305-1870  300                     system_server                        I  289
2025-09-11 10:57:20.540  2441-3283  111                     pid-2441                             I   OptJank - continuously drops frames:4
2025-09-11 10:57:21.358 20838-20838 100                     pid-20838                            I  Open /apex/com.android.extservices/javalib/android.ext.adservices.jar took:52ms
2025-09-11 10:57:21.438 20788-20788 100                     pid-20788                            I  Open /data/app/~~xa9MTI80MN3q_5POKNj1Ow==/com.brinked.teamy-HPzxcRG7eDhByl3DXvqDMQ==/base.apk took:150ms
2025-09-11 10:57:21.579 20788-20788 100                     pid-20788                            I  Open /data/app/~~xa9MTI80MN3q_5POKNj1Ow==/com.brinked.teamy-HPzxcRG7eDhByl3DXvqDMQ==/split_config.arm64_v8a.apk took:140ms
2025-09-11 10:57:21.673 20813-20813 100                     pid-20813                            I  Open /data/app/~~QiHAbkadMe53TCElAaXEcw==/com.google.android.apps.maps-gWb3NKBXCMOJMifgu2KrZg==/base.apk took:322ms
2025-09-11 10:57:21.723 20893-20893 100                     pid-20893                            I  Open /data/app/~~LiYPydSkSNwhc4pNK1pL9Q==/com.google.android.youtube-o1We4LAciLFwlEtg1ucICQ==/base.apk took:270ms
2025-09-11 10:57:21.759 20913-20913 100                     pid-20913                            I  Open /data/app/~~VPXfX4QvfIF6X7boC5ezHw==/com.discord-LA38xfBiSff8iAZ2Q8AV1Q==/base.apk took:290ms
2025-09-11 10:57:21.774 20838-20838 100                     pid-20838                            I  Open /data/app/~~AWToFZtAdCpR0u5Hme_N8w==/com.abnamro.nl.mobile.payments-0PVnwCLvLeOeMK66_RWsZQ==/base.apk took:409ms
2025-09-11 10:57:21.790 20875-20875 100                     pid-20875                            I  Open /data/app/~~PkSUgGPlbmXhez5Q07Fy2A==/com.google.android.calendar-sCTeHCBqav7STajVVCPUxA==/base.apk took:216ms
2025-09-11 10:57:21.895 20922-20922 100                     pid-20922                            I  Open /data/app/~~fL4ExzeVJyyyYyrs2UGUww==/com.instagram.android-qOnSwGCPjP20hAfWJ9DNvQ==/base.apk took:298ms
2025-09-11 10:57:21.998 21003-21003 100                     pid-21003                            I  Open /system/priv-app/ContactsProvider/ContactsProvider.apk took:57ms
2025-09-11 10:57:22.278 20965-20965 100                     pid-20965                            I  Open /data/app/~~MdHNpjaQnAvI2lxdoJWotg==/com.takeaway.android-P8bCBNU97UJWGcr-oBfZsQ==/base.apk took:409ms
2025-09-11 10:57:22.292 21114-21114 100                     pid-21114                            I  Open /system/priv-app/CalendarProvider/CalendarProvider.apk took:68ms
2025-09-11 10:57:22.517  4993-5434  110                     net.oneplus.launcher                 I   OptJank - total:98 frameGap:98 delta#83#14#13#0#0#2
2025-09-11 10:57:22.570 20893-21090 100                     pid-20893                            I  Open /data/app/~~sUuMcsvT-8pWChfn2rZmyQ==/com.google.android.gms-1YqGAn4TuKy2C_L9rGlE1Q==/base.apk took:220ms
2025-09-11 10:57:22.617 20913-20913 309                     pid-20913                            I  package:com.discord took:1166 calssname:android.app.ActivityThread$H callback:null what:110
2025-09-11 10:57:22.722 20922-20922 309                     pid-20922                            I  package:com.instagram.android took:1265 calssname:android.app.ActivityThread$H callback:null what:110
2025-09-11 10:57:22.812 20788-21263 100                     pid-20788                            I  Open /data/app/~~sUuMcsvT-8pWChfn2rZmyQ==/com.google.android.gms-1YqGAn4TuKy2C_L9rGlE1Q==/split_MeasurementDynamite_installtime.apk took:62ms
2025-09-11 10:57:23.167 20788-20788 309                     pid-20788                            I  package:com.brinked.teamy took:1991 calssname:android.app.ActivityThread$H callback:null what:110
2025-09-11 10:57:23.264 20813-21063 100                     pid-20813                            I  Open /data/app/~~sUuMcsvT-8pWChfn2rZmyQ==/com.google.android.gms-1YqGAn4TuKy2C_L9rGlE1Q==/split_DynamiteLoader_installtime.apk took:663ms
2025-09-11 10:57:23.381 20838-21497 100                     pid-20838                            I  Open /data/app/~~sUuMcsvT-8pWChfn2rZmyQ==/com.google.android.gms-1YqGAn4TuKy2C_L9rGlE1Q==/split_MeasurementDynamite_installtime.apk took:108ms
