2025-09-15 16:36:24.388  4993-5244  AssetCache              net.oneplus.launcher                 D  black_getUsingIconShapePath: 3 getSystemIconShapePath end
2025-09-15 16:36:24.397  5877-7750  Finsky:background       com.android.vending                  I  [67142] Wrote row to frosting DB: 149948
2025-09-15 16:36:24.400  4993-5244  LauncherProvider        net.oneplus.launcher                 D  setupStatus=1
2025-09-15 16:36:24.409  5877-5932  Finsky:background       com.android.vending                  I  [67010] IV2: Finishing successful install for installId: 3499
2025-09-15 16:36:24.410  5877-7750  Finsky:background       com.android.vending                  I  [67142] Wrote row to frosting DB: 149949
2025-09-15 16:36:24.412  4993-4993  BubbleTextView          net.oneplus.launcher                 D  applyDotState cn = ComponentInfo{com.microsoft.office.word/com.microsoft.office.apphost.LaunchActivity}, animated = false, wasDoted = false, isDoted = false, dotScale = 0.0, mDotInfo = null
2025-09-15 16:36:24.412  5877-5932  Finsky:background       com.android.vending                  I  [67010] SCU: Failed to abandon the session for com.microsoft.office.word[iid:3499] [isid:K0s8knhlTmqEVt0BhSuIeA] due to 5426, msg: Optional[No open Session with Context {name=com.microsoft.office.word versionCode=2004742723} was found.]
2025-09-15 16:36:24.415  5877-5932  Finsky:background       com.android.vending                  I  [67010] IV2: stopping install timeout for 3499
2025-09-15 16:36:24.416  4993-5244  DeviceHelper            net.oneplus.launcher                 D  isAtLeastOP8DeviceVersion: this= 17819 , is at least OP8: false
2025-09-15 16:36:24.416  5877-7750  Finsky:background       com.android.vending                  I  [67142] Wrote row to frosting DB: 149950
2025-09-15 16:36:24.418  4993-4993  QuickPage               net.oneplus.launcher                 D  setPackageState: com.takeaway.android, 1, 45
2025-09-15 16:36:24.419  5877-7440  Finsky:background       com.android.vending                  I  [67109] IQ: Notifying installation update. [Package:com.microsoft.office.word, isid:K0s8knhlTmqEVt0BhSuIeA], status=INSTALLED, status_code=0, reason=auto_update, tsc=PT80H10M52.763S, attempt=0
2025-09-15 16:36:24.419  4993-5244  DeviceHelper            net.oneplus.launcher                 D  isAtLeastOP8DeviceVersion: this= 17819 , is at least OP8: false
2025-09-15 16:36:24.437  1305-1591  Looper                  system_server                        W  Drained
2025-09-15 16:36:24.438  1305-1734  AlarmManager            system_server                        W  Unrecognized alarm listener com.android.server.OpPowerControllerService$tsu@dab256d
2025-09-15 16:36:24.438 30462-30462 OpUtils                 com.android.systemui                 I  isSupportWarpCharging:false
2025-09-15 16:36:24.439 30462-30462 OpSWarpChargingView     com.android.systemui                 D  level is same as latest one [92]
2025-09-15 16:36:24.439 30462-30462 KeyguardUpdateMonitor   com.android.systemui                 D  received broadcast android.intent.action.BATTERY_CHANGED
2025-09-15 16:36:24.439 30462-30498 BatterySaverTile        com.android.systemui                 D  handleUpdateState, true, false
2025-09-15 16:36:24.440 30462-30462 OpUtils                 com.android.systemui                 I  isSupportWarpCharging:false
2025-09-15 16:36:24.440 30462-30462 KeyguardUpdateMonitor   com.android.systemui                 D  pdCharge false, chargingstatus 0, fastcharge:0
2025-09-15 16:36:24.457  5877-5927  Finsky:background       com.android.vending                  I  [67005] RM::CM: Clearing artifacts for install of com.microsoft.office.word
2025-09-15 16:36:24.457  5877-5877  Finsky:background       com.android.vending                  I  [2] PIM: Ignore install package event for: com.microsoft.office.word, isid: K0s8knhlTmqEVt0BhSuIeA
2025-09-15 16:36:24.457  5877-5929  Finsky:background       com.android.vending                  W  [67007] Failed to delete file: /data/user/0/com.android.vending/files/phonesky-resource-cache/com.microsoft.office.word:2004742723
2025-09-15 16:36:24.462  7867-7867  ExceptionHandler        com.microsoft.office.word            I  JNI_OnLoad()
2025-09-15 16:36:24.466  5877-5929  Finsky:background       com.android.vending                  I  [67007] IQ: start evaluating install requests.
2025-09-15 16:36:24.475  5877-5929  Finsky:background       com.android.vending                  I  [67007] IQ: There are 2 installs pending for job 148360: [com.JindoBlu.TwoPlayerGamesChallenge, com.twofasapp]
2025-09-15 16:36:24.485  5877-5929  Finsky:background       com.android.vending                  I  [67007] IQ: There are 2 installs pending for job 148364: [com.oneplus.gamespace, net.oneplus.launcher]
2025-09-15 16:36:24.488  4993-5244  GridItemProvider        net.oneplus.launcher                 D  getToolBoxItems: jsonStr= [{"id":0,"intent":{"mAction":"android.intent.action.MAIN","mCategories":["android.intent.category.LAUNCHER"],"mComponent":{"mClass":"com.oneplus.calculator.Calculator","mPackage":"com.oneplus.calculator"},"mContentUserHint":-2,"mFlags":270532608,"mPackage":"com.oneplus.calculator"},"itemType":0,"launchCount":0,"restored":0,"serialNumber":0},{"id":0,"intent":{"mAction":"android.intent.action.MAIN","mCategories":["net.oneplus.launcher.DEEP_SHORTCUT"],"mComponent":{"mClass":"com.oneplus.camera.OPCameraActivity","mPackage":"com.oneplus.camera"},"mContentUserHint":-2,"mFlags":270532608,"mPackage":"com.oneplus.camera"},"itemType":6,"launchCount":0,"restored":0,"serialNumber":0,"shortcutId":"selfie"},{"id":0,"intent":{"mAction":"android.intent.action.MAIN","mCategories":["net.oneplus.launcher.DEEP_SHORTCUT"],"mComponent":{"mClass":"com.oneplus.deskclock.DeskClock","mPackage":"com.oneplus.deskclock"},"mContentUserHint":-2,"mFlags":270532608,"mPackage":"com.oneplus.deskclock"},"itemType":6,"launchCount":0,"restored":0,"serialNumber":0,"shortcutId":"timer"},{"id":0,"intent":{"mAction":"android.intent.action.MAIN","mCategories":["net.oneplus.launcher.DEEP_SHORTCUT"],"mComponent":{"mClass":"com.oneplus.filemanager.HomePageActivity","mPackage":"com.oneplus.filemanager"},"mContentUserHint":-2,"mFlags":270532608,"mPackage":"com.oneplus.filemanager"},"itemType":6,"launchCount":0,"restored":4,"serialNumber":0,"shortcutId":"send"}]
2025-09-15 16:36:24.491  7867-7867  AppCenter               com.microsoft.office.word            E  Initializing Appcenter, isEarlyLoad: false
2025-09-15 16:36:24.492  5877-5929  Finsky:background       com.android.vending                  I  [67007] IQ: 4 scheduled install statuses found to proceed. 
2025-09-15 16:36:24.492  4993-5244  Launcher.Utilities      net.oneplus.launcher                 D  migrateComponent: packageName = com.oneplus.calculator, user= UserHandle{0}
2025-09-15 16:36:24.492  4993-5244  GridItemProvider        net.oneplus.launcher                 D  getToolBoxItems: bean= GridItemBean: itemType=0, intent=Intent { act=android.intent.action.MAIN cat=[android.intent.category.LAUNCHER] flg=0x10200000 pkg=com.oneplus.calculator cmp=com.oneplus.calculator/.Calculator }, serialNumber= 0, shortcutId= null, restored= 0, id= 0, info= ShelfWorkspaceItemInfo(id=-1 type=SHORTCUT container=-1 screen=-1 cell(-1,-1) span(1,1) minSpan(1,1) rank=0 user=UserHandle{0} title=null hidden=false dirty = false newInstallTag=null)
2025-09-15 16:36:24.492  4993-5244  Launcher.Utilities      net.oneplus.launcher                 D  migrateComponent: packageName = com.oneplus.camera, user= UserHandle{0}
2025-09-15 16:36:24.497  4993-5244  neplus.launche          net.oneplus.launcher                 E  Invalid ID 0x00000000.
2025-09-15 16:36:24.504  4993-5244  GridItemProvider        net.oneplus.launcher                 D  getToolBoxItems: bean= GridItemBean: itemType=6, intent=Intent { act=android.intent.action.MAIN cat=[net.oneplus.launcher.DEEP_SHORTCUT] flg=0x10200000 pkg=com.oneplus.camera cmp=com.oneplus.camera/.OPCameraActivity (has extras) }, serialNumber= 0, shortcutId= selfie, restored= 0, id= 0, info= ShelfWorkspaceItemInfo(id=-1 type=DEEPSHORTCUT container=-1 screen=-1 cell(-1,-1) span(1,1) minSpan(1,1) rank=0 user=UserHandle{0} title=Selfie hidden=false dirty = false newInstallTag=null)
2025-09-15 16:36:24.504  4993-5244  Launcher.Utilities      net.oneplus.launcher                 D  migrateComponent: packageName = com.oneplus.deskclock, user= UserHandle{0}
2025-09-15 16:36:24.506  7867-7867  CodeMarkerSupport       com.microsoft.office.word            I  AreCodeMarkersActive init value: 0.
2025-09-15 16:36:24.506  1305-2238  ConnectivityService     system_server                        D  NetReassign [no changes]
2025-09-15 16:36:24.508  4993-5244  neplus.launche          net.oneplus.launcher                 E  Invalid ID 0x00000000.
2025-09-15 16:36:24.509  4993-5244  chatty                  net.oneplus.launcher                 I  uid=10058(net.oneplus.launcher) launcher-loader identical 2 lines
2025-09-15 16:36:24.509  4993-5244  neplus.launche          net.oneplus.launcher                 E  Invalid ID 0x00000000.
2025-09-15 16:36:24.514  7867-7942  sqlite3_android         com.microsoft.office.word            E  [IKR-38846] ONEPLUS_NAME_PARTS_MATCH SQLITE_OK
2025-09-15 16:36:24.516  4993-5244  GridItemProvider        net.oneplus.launcher                 D  getToolBoxItems: bean= GridItemBean: itemType=6, intent=Intent { act=android.intent.action.MAIN cat=[net.oneplus.launcher.DEEP_SHORTCUT] flg=0x10200000 pkg=com.oneplus.deskclock cmp=com.oneplus.deskclock/.DeskClock (has extras) }, serialNumber= 0, shortcutId= timer, restored= 0, id= 0, info= ShelfWorkspaceItemInfo(id=-1 type=DEEPSHORTCUT container=-1 screen=-1 cell(-1,-1) span(1,1) minSpan(1,1) rank=0 user=UserHandle{0} title=Nieuwe timer hidden=false dirty = false newInstallTag=null)
2025-09-15 16:36:24.516  4993-5244  Launcher.Utilities      net.oneplus.launcher                 D  migrateComponent: packageName = com.oneplus.filemanager, user= UserHandle{0}
2025-09-15 16:36:24.520  4993-5244  neplus.launche          net.oneplus.launcher                 E  Invalid ID 0x00000000.
2025-09-15 16:36:24.521  4993-5244  chatty                  net.oneplus.launcher                 I  uid=10058(net.oneplus.launcher) launcher-loader identical 2 lines
2025-09-15 16:36:24.521  4993-5244  neplus.launche          net.oneplus.launcher                 E  Invalid ID 0x00000000.
2025-09-15 16:36:24.522  7867-7867  K2_ULS 9x5...ent Liblet com.microsoft.office.word            W   __Scrubbed__
2025-09-15 16:36:24.524  7867-7953  AriaNotifi...onsManager com.microsoft.office.word            I  Aria NotificationsListener already unregistered
2025-09-15 16:36:24.524  5877-5932  Finsky:background       com.android.vending                  I  [67010] IV2: installer unavailable to accept com.twofasapp. Current active installs : 
                                                                                                    com.takeaway.android: installId: 3500 isid: YfC9VWT5RHSZK1aYwqUozA requested 0 min ago
2025-09-15 16:36:24.524  5877-5932  Finsky:background       com.android.vending                  W  [67010] IV2: cannot process install request now for [Package:com.twofasapp, isid:bcjQsz--SYCc4eNGADZL4w] with status code 1136
2025-09-15 16:36:24.525  7867-7946  K2_ULS 6ik...ttp Client com.microsoft.office.word            W   __Scrubbed__
2025-09-15 16:36:24.526  7867-7867  MSO-UTel_M...tryService com.microsoft.office.word            I  Callback OnNativeLibraryInitializationComplete is called
2025-09-15 16:36:24.527  4993-5244  GridItemProvider        net.oneplus.launcher                 D  getToolBoxItems: bean= GridItemBean: itemType=6, intent=Intent { act=android.intent.action.MAIN cat=[net.oneplus.launcher.DEEP_SHORTCUT] flg=0x10200000 pkg=com.oneplus.filemanager cmp=com.oneplus.filemanager/.HomePageActivity (has extras) }, serialNumber= 0, shortcutId= send, restored= 4, id= 0, info= ShelfWorkspaceItemInfo(id=-1 type=DEEPSHORTCUT container=-1 screen=-1 cell(-1,-1) span(1,1) minSpan(1,1) rank=0 user=UserHandle{0} title=Bestanden verzenden hidden=false dirty = false newInstallTag=null)
2025-09-15 16:36:24.527  4993-5244  PackageUpdatedTask      net.oneplus.launcher                 D  mAllAppsList.updatePackage user = UserHandle{0}, pkg = com.microsoft.office.word
2025-09-15 16:36:24.538  7867-7867  0:531901781240          com.microsoft.office.word            E  :platstubs.cpp,Line#542:FreeLibrary NOTIMPL 
2025-09-15 16:36:24.549  7867-7949  K2_ULS bx8...ion Client com.microsoft.office.word            W   __Scrubbed__
2025-09-15 16:36:24.551  3107-3107  DeviceStatisticsService com...m.qti.devicestatisticsservice  D  chargerType=2 batteryLevel=92 totalBatteryCapacity=3024300
2025-09-15 16:36:24.551  7867-7949  K2_ULS 6ik...ttp Client com.microsoft.office.word            W   __Scrubbed__
2025-09-15 16:36:24.560  7867-7867  OneAuthLog              com.microsoft.office.word            I  [OneAuth:0001:Info:48bf5:00000000] MATS DeviceProfileTelemetryId: 9aa1010494ace3f8
2025-09-15 16:36:24.560  7867-7867  OneAuthLog              com.microsoft.office.word            I  [OneAuth:0001:Info:4md94:00000000] MATS device telemetry disabled.
2025-09-15 16:36:24.566  7867-7898  SharedDevi...nchronizer com.microsoft.office.word            E  Exception while detecting intune app is installed or not.
2025-09-15 16:36:24.568  7867-7867  OneAuthLog              com.microsoft.office.word            I  [OneAuth:0001:Info:4wg2j:00000000] TSL Info: { name:GetSharedDeviceId, resultType:Success, resultCode:None, duration:4ms } 
2025-09-15 16:36:24.569  7867-7867  OneAuthLog              com.microsoft.office.word            W  [OneAuth:0001:Warning:4rscl:00000000] MATS not initialized 
2025-09-15 16:36:24.573  7867-7867  OneAuthLog              com.microsoft.office.word            I  [OneAuth:0001:Info:8mqsd:d38ff055] OneAuth Version 7.0.1 (com.microsoft.office.word)
2025-09-15 16:36:24.574  7867-7867  OneAuthLog              com.microsoft.office.word            I  [OneAuth:0001:Info:9zj7z:d38ff055] Language code 'nl-NL' is not supported, fall back to 'nl'
2025-09-15 16:36:24.576  4993-5244  DeviceHelper            net.oneplus.launcher                 D  isAtLeastOP8DeviceVersion: this= 17819 , is at least OP8: false
2025-09-15 16:36:24.576  4993-5244  SkuHelper               net.oneplus.launcher                 D  showDiscover: false
2025-09-15 16:36:24.576  4993-5244  PreferencesHelper       net.oneplus.launcher                 D  getDefaultMinusOneScreen# defaultMinusOneScreen=shelf
2025-09-15 16:36:24.576  4993-5244  DeviceHelper            net.oneplus.launcher                 D  isAtLeastOP8DeviceVersion: this= 17819 , is at least OP8: false
2025-09-15 16:36:24.576  4993-5244  SkuHelper               net.oneplus.launcher                 D  showDiscover: false
2025-09-15 16:36:24.576  4993-4993  QuickPage               net.oneplus.launcher                 I  packageUpdate: com.microsoft.office.word
2025-09-15 16:36:24.576  4993-5244  PackageUpdatedTask      net.oneplus.launcher                 D  addedOrModified count = 1, obj = [AppInfo(id=-1 type=APP container=-1 screen=-1 cell(-1,-1) span(1,1) minSpan(1,1) rank=0 user=UserHandle{0} title=Word hidden=false dirty = false newInstallTag=null componentName=ComponentInfo{com.microsoft.office.word/com.microsoft.office.apphost.LaunchActivity} searchResult=RecentSearchAppInfo(id=206 count=4 componentKey=com.microsoft.office.word/com.microsoft.office.apphost.LaunchActivity#0 firstLaunch=Sun Aug 31 19:53:27 GMT+02:00 2025 modified=Tue Sep 02 21:40:02 GMT+02:00 2025 restore=false) suggestionApp=null)]
2025-09-15 16:36:24.576  4993-4993  Launcher                net.oneplus.launcher                 D  bindAppsAddedOrUpdated: [AppInfo(id=-1 type=APP container=-1 screen=-1 cell(-1,-1) span(1,1) minSpan(1,1) rank=0 user=UserHandle{0} title=Word hidden=false dirty = false newInstallTag=null componentName=ComponentInfo{com.microsoft.office.word/com.microsoft.office.apphost.LaunchActivity} searchResult=RecentSearchAppInfo(id=206 count=4 componentKey=com.microsoft.office.word/com.microsoft.office.apphost.LaunchActivity#0 firstLaunch=Sun Aug 31 19:53:27 GMT+02:00 2025 modified=Tue Sep 02 21:40:02 GMT+02:00 2025 restore=false) suggestionApp=null)]
2025-09-15 16:36:24.576  4993-4993  DeviceHelper            net.oneplus.launcher                 D  isIndiaSkuSupports: this= 17819 , is SKU: false
2025-09-15 16:36:24.577  4993-4993  DeviceHelper            net.oneplus.launcher                 D  isIndiaSkuSupports: this= 17819 , is SKU: false
2025-09-15 16:36:24.577  4993-4993  AlphabeticalAppsList    net.oneplus.launcher                 D  refillAdapterItems# app: 105, recent: 5, suggestion: 0, adapter: 111, hide games: 0, searchResults:  null, filtered: 110. AppsStore# app: 105, recent: 66
2025-09-15 16:36:24.577  4993-4993  DeviceHelper            net.oneplus.launcher                 D  isIndiaSkuSupports: this= 17819 , is SKU: false
2025-09-15 16:36:24.577  4993-4993  AlphabeticalAppsList    net.oneplus.launcher                 D  refillAdapterItems# app: 105, recent: 5, suggestion: 0, adapter: 111, hide games: 0, searchResults:  null, filtered: 110. AppsStore# app: 105, recent: 66
2025-09-15 16:36:24.577  4993-4993  Alphabetic...enAppsList net.oneplus.launcher                 D  [refillAdapterItems] hidden app size = 1
2025-09-15 16:36:24.577  4993-4993  Alphabetic...enAppsList net.oneplus.launcher                 D  [updateAdapterItems] hasFilter: false, filtersAppInfos size = 105, mAdapterItems size = 1
2025-09-15 16:36:24.577  4993-4993  AllAppsStore            net.oneplus.launcher                 D  notifyUpdate count = 6. (0) net.oneplus.launcher.allapps.-$$Lambda$5tYtGnC2pfJ4XjcysOSp9_vUsUM@99bc096. (1) net.oneplus.launcher.allapps.AlphabeticalAppsList@602e417. (2) net.oneplus.launcher.allapps.AlphabeticalAppsList@1845004. (3) net.oneplus.launcher.allapps.AlphabeticalHiddenAppsList@ccf79ed. (4) net.oneplus.launcher.allapps.-$$Lambda$AllAppsContainerView$lOkEWdzg80XCafQCzM8yI6Nmpk0@5cb5022. (5) net.oneplus.launcher.allapps.search.AppsSearchContainerLayout{9822720 VFED..CL. ......ID 211,28-869,259 #7f0b0388 app:id/search_all_apps aid=1073741824}. 
2025-09-15 16:36:24.577  4993-4993  QuickPage               net.oneplus.launcher                 D  setPackageState: com.microsoft.office.word, 0, 0
2025-09-15 16:36:24.580  4993-5244  AssetCache              net.oneplus.launcher                 D  black_getUsingIconShapePath: 1 getCurrentAssetPackIconShapePath start
2025-09-15 16:36:24.580  4993-5244  AssetCache              net.oneplus.launcher                 D  black_getUsingIconShapePath: 2 getCurrentAssetPackIconShapePath end, getSystemIconShapePath start
2025-09-15 16:36:24.580  4993-5244  AssetCache              net.oneplus.launcher                 D  black_getUsingIconShapePath: 3 getSystemIconShapePath end
2025-09-15 16:36:24.582  7867-7867  K2_ULS 85k...ion Client com.microsoft.office.word            W   __Scrubbed__
2025-09-15 16:36:24.583  7867-7948  K2_ULS bx8...ion Client com.microsoft.office.word            W   __Scrubbed__
2025-09-15 16:36:24.584  7867-7948  chatty                  com.microsoft.office.word            I  uid=10096(com.microsoft.office.word) pool-16-thread- identical 1 line
2025-09-15 16:36:24.585  7867-7948  K2_ULS bx8...ion Client com.microsoft.office.word            W   __Scrubbed__
2025-09-15 16:36:24.587  7867-7899  OneAuthLog              com.microsoft.office.word            W  [OneAuth:67061:Warning::00000000] [Common] [2025-09-15 14:36:24 - thread_id: 67120, correlation_id: UNSET - Android 30] Telemetry is disabled because the Telemetry context or configuration is null   
2025-09-15 16:36:24.590  7867-7867  K2_ULS c2qqn Roaming    com.microsoft.office.word            W   __Scrubbed__
2025-09-15 16:36:24.590  7867-7867  chatty                  com.microsoft.office.word            I  uid=10096 com.microsoft.office.word:remote identical 19 lines
2025-09-15 16:36:24.590  7867-7867  K2_ULS c2qqn Roaming    com.microsoft.office.word            W   __Scrubbed__
2025-09-15 16:36:24.592  4993-5244  LauncherProvider        net.oneplus.launcher                 D  setupStatus=1
2025-09-15 16:36:24.593 19458-7757  sqlite3_android         com.google.android.gms               E  [IKR-38846] ONEPLUS_NAME_PARTS_MATCH SQLITE_OK
2025-09-15 16:36:24.596  7867-7867  AdrenoGLES-0            com.microsoft.office.word            I  QUALCOMM build                   : 8e5405b, I57aaec3440
                                                                                                    Build Date                       : 05/21/21
                                                                                                    OpenGL ES Shader Compiler Version: EV031.32.02.10
                                                                                                    Local Branch                     : mybranchebba1dbe-451b-f160-ac81-1458d0b52ae8
                                                                                                    Remote Branch                    : quic/gfx-adreno.lnx.1.0.r135-rel
                                                                                                    Remote Branch                    : NONE
                                                                                                    Reconstruct Branch               : NOTHING
2025-09-15 16:36:24.596  7867-7867  AdrenoGLES-0            com.microsoft.office.word            I  Build Config                     : S P 10.0.7 AArch64
2025-09-15 16:36:24.596  7867-7867  AdrenoGLES-0            com.microsoft.office.word            I  Driver Path                      : /vendor/lib64/egl/libGLESv2_adreno.so
2025-09-15 16:36:24.597  7867-7970  K2_ULS 6ik...ttp Client com.microsoft.office.word            W   __Scrubbed__
2025-09-15 16:36:24.600  4993-4993  BubbleTextView          net.oneplus.launcher                 D  applyDotState cn = ComponentInfo{com.microsoft.office.word/com.microsoft.office.apphost.LaunchActivity}, animated = false, wasDoted = false, isDoted = false, dotScale = 0.0, mDotInfo = null
2025-09-15 16:36:24.632  7867-7867  AdrenoGLES-0            com.microsoft.office.word            I  PFP: 0x016ee190, ME: 0x00000000
2025-09-15 16:36:24.818 10489-13499 SecureService           com.android.settings                 D  limitReached........limitName:globalAlert, iface:wlan0
2025-09-15 16:36:24.980  7867-7881  System                  com.microsoft.office.word            W  A resource failed to call close. 
2025-09-15 16:36:24.981  7867-7881  System                  com.microsoft.office.word            W  A resource failed to call close. 
2025-09-15 16:36:25.684  5877-7472  Finsky:background       com.android.vending                  I  [67123] DSC::L: Update all listeners for download <27531:RUNNING:68%[68%]> in group com.takeaway.android:YfC9VWT5RHSZK1aYwqUozA
2025-09-15 16:36:25.684  5877-7472  Finsky:background       com.android.vending                  I  [67123] DSC::L: Updating listener swg@ef14deb for download <27531:RUNNING:68%[68%]>
2025-09-15 16:36:25.684  5877-7472  Finsky:background       com.android.vending                  I  [67123] DSC::L: Updating listener DownloadServiceManagerListener::ajie@342c31d for download <27531:RUNNING:68%[68%]>
2025-09-15 16:36:25.684  5877-7472  Finsky:background       com.android.vending                  I  [67123] DS: Received onProgress request_id=27531
2025-09-15 16:36:25.684  5877-7472  Finsky:background       com.android.vending                  I  [67123] RM: receive resource status onProgress download_request_id=27531, group_id=com.takeaway.android.apk reason: auto_update isid: YfC9VWT5RHSZK1aYwqUozA, status_code=RESOURCE_STATUS_IN_PROGRESS, legacy_status_code=192, size: 2946245/4319526
2025-09-15 16:36:25.684  5877-7472  Finsky:background       com.android.vending                  I  [67123] DSC::L: Updating listener DownloadServiceManagerListener::rjh@d051d3a for download <27531:RUNNING:68%[68%]>
2025-09-15 16:36:25.685  5877-7472  Finsky:background       com.android.vending                  I  [67123] DS::IDC: updateWith: <27531:RUNNING:68%[68%]>
2025-09-15 16:36:25.686  5877-5936  Finsky:background       com.android.vending                  I  [67014] DSC: getDownload(27531)
2025-09-15 16:36:25.688  5877-5936  Finsky:background       com.android.vending                  I  [67014] DS: getDownload(request_id=27531)
2025-09-15 16:36:25.688  5877-7472  Finsky:background       com.android.vending                  I  [67123] DS: onGetDownload(request_id=27531, files_to_download=[com.takeaway.android.apk(size:4319526)], context[group_id=com.takeaway.android:YfC9VWT5RHSZK1aYwqUozA], display_data[invisible=true, title=Thuisbezorgd.nl], network_restrictions=UNMETERED_ONLY status=running, bytes_downloaded=2946245, total_bytes=4319526, retry[count=0, next_retry=n/a])
2025-09-15 16:36:25.689  5877-5877  Finsky:background       com.android.vending                  I  [2] RF: onProgress request_id=27531 isid=YfC9VWT5RHSZK1aYwqUozA
2025-09-15 16:36:25.689  5877-5877  Finsky:background       com.android.vending                  I  [2] RF: resourceStatus for request_id=27531 group=com.takeaway.android artifact=com.takeaway.android.apk collectedBytes= 2946245 / 4319526
2025-09-15 16:36:25.689  5877-5877  Finsky:background       com.android.vending                  I  [2] RF: Group=com.takeaway.android totalBytesDownloaded= 3132478 / 4505759 for 4 artifacts
2025-09-15 16:36:25.692  5877-5877  Finsky:background       com.android.vending                  I  [2] RF: Preventing total bytes update to listeners
2025-09-15 16:36:27.351  7773-7804  oft.office.wor          com.microsoft.office.word            I  Waiting for a blocking GC ProfileSaver
2025-09-15 16:36:27.359  7773-7804  oft.office.wor          com.microsoft.office.word            I  WaitForGcToComplete blocked ProfileSaver on AddRemoveAppImageSpace for 8.781ms
2025-09-15 16:36:27.388  7773-7798  oft.office.wor          com.microsoft.office.word            I  WaitForGcToComplete blocked RunEmptyCheckpoint on ProfileSaver for 28.602ms
2025-09-15 16:36:27.561  7867-7902  DpmTcmClient            com.microsoft.office.word            I  RegisterTcmMonitor from: $Proxy1
2025-09-15 16:36:27.688  5877-7472  Finsky:background       com.android.vending                  I  [67123] DSC::L: Update all listeners for download <27531:RUNNING:88%[88%]> in group com.takeaway.android:YfC9VWT5RHSZK1aYwqUozA
2025-09-15 16:36:27.688  5877-7472  Finsky:background       com.android.vending                  I  [67123] DSC::L: Updating listener swg@ef14deb for download <27531:RUNNING:88%[88%]>
2025-09-15 16:36:27.688  5877-7472  Finsky:background       com.android.vending                  I  [67123] DSC::L: Updating listener DownloadServiceManagerListener::ajie@342c31d for download <27531:RUNNING:88%[88%]>
2025-09-15 16:36:27.688  5877-7472  Finsky:background       com.android.vending                  I  [67123] DS: Received onProgress request_id=27531
2025-09-15 16:36:27.689  5877-7472  Finsky:background       com.android.vending                  I  [67123] RM: receive resource status onProgress download_request_id=27531, group_id=com.takeaway.android.apk reason: auto_update isid: YfC9VWT5RHSZK1aYwqUozA, status_code=RESOURCE_STATUS_IN_PROGRESS, legacy_status_code=192, size: 3806160/4319526
2025-09-15 16:36:27.689  5877-7472  Finsky:background       com.android.vending                  I  [67123] DSC::L: Updating listener DownloadServiceManagerListener::rjh@d051d3a for download <27531:RUNNING:88%[88%]>
2025-09-15 16:36:27.689  5877-7472  Finsky:background       com.android.vending                  I  [67123] DS::IDC: updateWith: <27531:RUNNING:88%[88%]>
2025-09-15 16:36:27.691  5877-5937  Finsky:background       com.android.vending                  I  [67015] DSC: getDownload(27531)
2025-09-15 16:36:27.692  5877-5937  Finsky:background       com.android.vending                  I  [67015] DS: getDownload(request_id=27531)
2025-09-15 16:36:27.692  5877-7472  Finsky:background       com.android.vending                  I  [67123] DS: onGetDownload(request_id=27531, files_to_download=[com.takeaway.android.apk(size:4319526)], context[group_id=com.takeaway.android:YfC9VWT5RHSZK1aYwqUozA], display_data[invisible=true, title=Thuisbezorgd.nl], network_restrictions=UNMETERED_ONLY status=running, bytes_downloaded=3806160, total_bytes=4319526, retry[count=0, next_retry=n/a])
2025-09-15 16:36:27.694  5877-5877  Finsky:background       com.android.vending                  I  [2] RF: onProgress request_id=27531 isid=YfC9VWT5RHSZK1aYwqUozA
2025-09-15 16:36:27.694  5877-5877  Finsky:background       com.android.vending                  I  [2] RF: resourceStatus for request_id=27531 group=com.takeaway.android artifact=com.takeaway.android.apk collectedBytes= 3806160 / 4319526
2025-09-15 16:36:27.694  5877-5877  Finsky:background       com.android.vending                  I  [2] RF: Group=com.takeaway.android totalBytesDownloaded= 3992393 / 4505759 for 4 artifacts
2025-09-15 16:36:27.696  5877-5877  Finsky:background       com.android.vending                  I  [2] Updated time lastBroadcast=2025-09-15T14:36:24.246Z current=2025-09-15T14:36:27.696Z
2025-09-15 16:36:27.697  5877-5877  Finsky:background       com.android.vending                  I  [2] bytesCompleted/bytesTotal/ratio = 3992393 / 4505759 / 0.886064
2025-09-15 16:36:27.698  5877-5932  Finsky:background       com.android.vending                  I  [67010] IV2: onTaskProgress com.takeaway.android[iid:3500] [isid:YfC9VWT5RHSZK1aYwqUozA] status:RESOURCE_FETCH_PROGRESS, size: 3992393/4505759
2025-09-15 16:36:27.700  4993-4993  QuickPage               net.oneplus.launcher                 D  setPackageState: com.takeaway.android, 1, 70
2025-09-15 16:36:27.702  5877-7440  Finsky:background       com.android.vending                  I  [67109] IQ: Notifying installation update. [Package:com.takeaway.android, isid:YfC9VWT5RHSZK1aYwqUozA], status=DOWNLOADING, status_code=0, reason=auto_update, tsc=PT80H10M53.226S, attempt=0
2025-09-15 16:36:27.717  5877-5877  Finsky:background       com.android.vending                  I  [2] PIM: Ignore install package event for: com.takeaway.android, isid: YfC9VWT5RHSZK1aYwqUozA
2025-09-15 16:36:27.893  7867-7886  ice.word:remot          com.microsoft.office.word            I  Waiting for a blocking GC ProfileSaver
2025-09-15 16:36:27.958  7867-7886  ice.word:remot          com.microsoft.office.word            I  WaitForGcToComplete blocked ProfileSaver on ClassLinker for 64.965ms
2025-09-15 16:36:27.985  7867-7879  ice.word:remot          com.microsoft.office.word            I  WaitForGcToComplete blocked RunEmptyCheckpoint on ProfileSaver for 27.113ms
2025-09-15 16:36:28.548 24435-24435 BdcReadDia...sOperation com.remoticom.energynodeinset        D  STARTED
2025-09-15 16:36:28.549 24435-24435 BdcReadDia...sOperation com.remoticom.energynodeinset        V  readCharacteristic initiated
2025-09-15 16:36:28.551  9036-9174  bt_stack                com.android.bluetooth                V  [VERBOSE1:bta_gattc_main.cc(361)] bta_gattc_hdl_event: Event:BTA_GATTC_API_READ_EVT
2025-09-15 16:36:28.552  9036-9174  bt_stack                com.android.bluetooth                V  [VERBOSE1:bta_gattc_main.cc(305)] bta_gattc_sm_execute: State 0x02 [GATTC_CONN_ST], Event 0x1f04[BTA_GATTC_API_READ_EVT]
2025-09-15 16:36:28.552  9036-9174  bt_stack                com.android.bluetooth                V  [VERBOSE1:gatt_api.cc(692)] GATTC_Read: conn_id=0x000a, type=0x02
2025-09-15 16:36:28.552  9036-9174  bt_stack                com.android.bluetooth                V  [VERBOSE1:bta_gattc_main.cc(341)] bta_gattc_sm_execute: GATTC State Change: 0x02 -> 0x02 after Event 0x1f04
2025-09-15 16:36:28.552   963-963   vendor.qti...bs_handler and...are.bluetooth@1.0-service-qti  D  SerialClockVote: vote for UART CLK ON
2025-09-15 16:36:28.553   963-963   vendor.qti...-wake_lock and...are.bluetooth@1.0-service-qti  D  Acquire wakelock is acquired 
2025-09-15 16:36:28.553   963-963   vendor.qti...bs_handler and...are.bluetooth@1.0-service-qti  I  DeviceWakeUp: Writing IBS_WAKE_IND
2025-09-15 16:36:28.553   963-9172  vendor.qti...bs_handler and...are.bluetooth@1.0-service-qti  I  ProcessIbsCmd: Received IBS_WAKE_ACK: 0xFC
2025-09-15 16:36:28.553   963-9172  vendor.qti...bs_handler and...are.bluetooth@1.0-service-qti  I  ProcessIbsCmd: Signal wack_cond_
2025-09-15 16:36:28.554   963-963   vendor.qti...bs_handler and...are.bluetooth@1.0-service-qti  D  DeviceWakeUp: Unblocked from waiting for FC
2025-09-15 16:36:28.634   963-9172  vendor.qti...bs_handler and...are.bluetooth@1.0-service-qti  I  ProcessIbsCmd: Received IBS_WAKE_IND: 0xFD
2025-09-15 16:36:28.635   963-9172  vendor.qti...bs_handler and...are.bluetooth@1.0-service-qti  I  ProcessIbsCmd: Writing IBS_WAKE_ACK
2025-09-15 16:36:28.675   963-9172  vendor.qti...bs_handler and...are.bluetooth@1.0-service-qti  I  ProcessIbsCmd: Received IBS_SLEEP_IND: 0xFE
2025-09-15 16:36:28.816  5877-7741  Finsky:background       com.android.vending                  I  [67140] Failed to force sync file descriptor (not a bug): sync failed
2025-09-15 16:36:28.826  5877-7472  Finsky:background       com.android.vending                  I  [67123] DSC::L: Update all listeners for download <27531:RUNNING:100%[100%]> in group com.takeaway.android:YfC9VWT5RHSZK1aYwqUozA
2025-09-15 16:36:28.826  5877-7472  Finsky:background       com.android.vending                  I  [67123] DSC::L: Updating listener swg@ef14deb for download <27531:RUNNING:100%[100%]>
2025-09-15 16:36:28.826  5877-7472  Finsky:background       com.android.vending                  I  [67123] DSC::L: Updating listener DownloadServiceManagerListener::ajie@342c31d for download <27531:RUNNING:100%[100%]>
2025-09-15 16:36:28.826  5877-7472  Finsky:background       com.android.vending                  I  [67123] DS: Received onProgress request_id=27531
2025-09-15 16:36:28.827  5877-7472  Finsky:background       com.android.vending                  I  [67123] RM: receive resource status onProgress download_request_id=27531, group_id=com.takeaway.android.apk reason: auto_update isid: YfC9VWT5RHSZK1aYwqUozA, status_code=RESOURCE_STATUS_IN_PROGRESS, legacy_status_code=192, size: 4319526/4319526
2025-09-15 16:36:28.827  5877-7472  Finsky:background       com.android.vending                  I  [67123] DSC::L: Updating listener DownloadServiceManagerListener::rjh@d051d3a for download <27531:RUNNING:100%[100%]>
2025-09-15 16:36:28.827  5877-7472  Finsky:background       com.android.vending                  I  [67123] DS::IDC: updateWith: <27531:RUNNING:100%[100%]>
2025-09-15 16:36:28.827  3876-3956  ThermalEngine           thermal-engine                       I  Monitor : quiet_therm = 35625, msm_therm = 44476, xo_therm = 45064, battery_therm = 326,current_now = -299000 
2025-09-15 16:36:28.828  5877-5928  Finsky:background       com.android.vending                  I  [67006] DSC: getDownload(27531)
2025-09-15 16:36:28.828  5877-5938  Finsky:background       com.android.vending                  I  [67016] DS: getDownload(request_id=27531)
2025-09-15 16:36:28.829  5877-7472  Finsky:background       com.android.vending                  I  [67123] DS: onGetDownload(request_id=27531, files_to_download=[com.takeaway.android.apk(size:4319526)], context[group_id=com.takeaway.android:YfC9VWT5RHSZK1aYwqUozA], display_data[invisible=true, title=Thuisbezorgd.nl], network_restrictions=UNMETERED_ONLY status=running, bytes_downloaded=4319526, total_bytes=4319526, retry[count=0, next_retry=n/a])
2025-09-15 16:36:28.834  5877-5877  Finsky:background       com.android.vending                  I  [2] RF: onProgress request_id=27531 isid=YfC9VWT5RHSZK1aYwqUozA
2025-09-15 16:36:28.834  5877-5877  Finsky:background       com.android.vending                  I  [2] RF: resourceStatus for request_id=27531 group=com.takeaway.android artifact=com.takeaway.android.apk collectedBytes= 4319526 / 4319526
2025-09-15 16:36:28.834  5877-5877  Finsky:background       com.android.vending                  I  [2] RF: Group=com.takeaway.android totalBytesDownloaded= 4505759 / 4505759 for 4 artifacts
2025-09-15 16:36:28.836  5877-7472  Finsky:background       com.android.vending                  I  [67123] DS: Decremented runningDownloadsCount to: 0
2025-09-15 16:36:28.836  5877-7472  Finsky:background       com.android.vending                  I  [67123] DS: Current runningDownloadsCount: 0, maxSimultaneousDownloads: 4
2025-09-15 16:36:28.836  5877-5877  Finsky:background       com.android.vending                  I  [2] RF: Preventing total bytes update to listeners
2025-09-15 16:36:28.840  5877-7472  Finsky:background       com.android.vending                  I  [67123] DSC::L: Update all listeners for download <27531:SUCCEEDED> in group com.takeaway.android:YfC9VWT5RHSZK1aYwqUozA
2025-09-15 16:36:28.840  5877-7472  Finsky:background       com.android.vending                  I  [67123] DSC::L: Updating listener swg@ef14deb for download <27531:SUCCEEDED>
2025-09-15 16:36:28.840  5877-7472  Finsky:background       com.android.vending                  I  [67123] DSC::L: Updating listener DownloadServiceManagerListener::ajie@342c31d for download <27531:SUCCEEDED>
2025-09-15 16:36:28.841  5877-7472  Finsky:background       com.android.vending                  I  [67123] RM: receive resource status onSuccess com.takeaway.android.apk reason: auto_update isid: YfC9VWT5RHSZK1aYwqUozA, 3, 200, size: 4319526/4319526
2025-09-15 16:36:28.841  5877-7472  Finsky:background       com.android.vending                  I  [67123] DSC::L: Updating listener DownloadServiceManagerListener::rjh@d051d3a for download <27531:SUCCEEDED>
2025-09-15 16:36:28.841  5877-7472  Finsky:background       com.android.vending                  I  [67123] DS::IDC: updateWith: <27531:SUCCEEDED>
2025-09-15 16:36:28.841  5877-7472  Finsky:background       com.android.vending                  I  [67123] DS::IDC: All invisible downloads are finished.
2025-09-15 16:36:28.841  5877-7472  Finsky:background       com.android.vending                  I  [67123] DS::ISM: Stopping invisible download job
2025-09-15 16:36:28.842  5877-5938  Finsky:background       com.android.vending                  I  [67016] DSC: getDownload(27531)
2025-09-15 16:36:28.843  5877-5936  Finsky:background       com.android.vending                  I  [67014] DS: getDownload(request_id=27531)
2025-09-15 16:36:28.844  5877-7472  Finsky:background       com.android.vending                  I  [67123] DS: onGetDownload(request_id=27531, files_to_download=[com.takeaway.android.apk(size:4319526)], context[group_id=com.takeaway.android:YfC9VWT5RHSZK1aYwqUozA], display_data[invisible=true, title=Thuisbezorgd.nl], network_restrictions=UNMETERED_ONLY status=succeeded, bytes_downloaded=4319526, total_bytes=4319526, retry[count=0, next_retry=n/a])
2025-09-15 16:36:28.846  5877-5877  Finsky:background       com.android.vending                  I  [2] RF: onResourceSuccess request_id=27531 isid=YfC9VWT5RHSZK1aYwqUozA
2025-09-15 16:36:28.846  5877-5877  Finsky:background       com.android.vending                  I  [2] RF: resourceStatus for request_id=27531 group=com.takeaway.android artifact=com.takeaway.android.apk collectedBytes= 4319526 / 4319526
2025-09-15 16:36:28.846  5877-5877  Finsky:background       com.android.vending                  I  [2] RF: Group=com.takeaway.android totalBytesDownloaded= 4505759 / 4505759 for 4 artifacts
2025-09-15 16:36:28.846  5877-5877  Finsky:background       com.android.vending                  I  [2] bytesCompleted/bytesTotal/ratio = 4505759 / 4505759 / 1.000000
2025-09-15 16:36:28.846  5877-5877  Finsky:background       com.android.vending                  I  [2] RF: onSuccess request_id=27531 isid=YfC9VWT5RHSZK1aYwqUozA
2025-09-15 16:36:28.846  5877-5877  Finsky:background       com.android.vending                  I  [2] RF: resourceStatus for request_id=27531 group=com.takeaway.android artifact=com.takeaway.android.apk collectedBytes= 4319526 / 4319526
2025-09-15 16:36:28.846  5877-5877  Finsky:background       com.android.vending                  I  [2] RF: Group=com.takeaway.android totalBytesDownloaded= 4505759 / 4505759 for 4 artifacts
2025-09-15 16:36:28.848  4993-4993  QuickPage               net.oneplus.launcher                 D  setPackageState: com.takeaway.android, 1, 80
2025-09-15 16:36:28.848  5877-5932  Finsky:background       com.android.vending                  I  [67010] IV2: onTaskProgress com.takeaway.android[iid:3500] [isid:YfC9VWT5RHSZK1aYwqUozA] status:RESOURCE_FETCH_PROGRESS, size: 4505759/4505759
2025-09-15 16:36:28.849  5877-5925  Finsky:background       com.android.vending                  I  [67003] RF: starting postprocessing for com.takeaway.android.apk
2025-09-15 16:36:28.851  5877-5925  Finsky:background       com.android.vending                  I  [67003] RF::PP-Patch: starting to apply patch for com.takeaway.android[iid:3500] [isid:YfC9VWT5RHSZK1aYwqUozA] [tid: 1000004107].
2025-09-15 16:36:28.851  5877-5925  Finsky:background       com.android.vending                  I  [67003] IV2::PP: Get source file from installed app for com.takeaway.android.apk
2025-09-15 16:36:28.854  5877-7440  Finsky:background       com.android.vending                  I  [67109] IQ: Notifying installation update. [Package:com.takeaway.android, isid:YfC9VWT5RHSZK1aYwqUozA], status=DOWNLOADING, status_code=0, reason=auto_update, tsc=PT80H10M54.378S, attempt=0
2025-09-15 16:36:28.855  5877-5932  Finsky:background       com.android.vending                  I  [67010] IV2: onTaskProgress com.takeaway.android[iid:3500] [isid:YfC9VWT5RHSZK1aYwqUozA] status:RESOURCE_FETCH_PROGRESS, size: 4505759/4505759
2025-09-15 16:36:28.859  5877-7477  Finsky:background       com.android.vending                  I  [67125] SCH: Canceling job 40-9998
2025-09-15 16:36:28.860  5877-7477  Finsky:background       com.android.vending                  I  [67125] WM::SCH: Logging work end for 40-9998
2025-09-15 16:36:28.861  5877-5877  Finsky:background       com.android.vending                  I  [2] Job 40-9998 is canceled while running
2025-09-15 16:36:28.861  5877-5877  Finsky:background       com.android.vending                  I  [2] SCH: jobStopped: 40-9998. TimeElapsed: 15135ms. EventType: 2544
2025-09-15 16:36:28.861  5877-5877  Finsky:background       com.android.vending                  I  [2] WM::SCH: Logging work stop for 40-9998
2025-09-15 16:36:28.861  5877-5877  Finsky:background       com.android.vending                  I  [2] DS::IDC: has 0 invisibleDownloads
2025-09-15 16:36:28.861  5877-5877  Finsky:background       com.android.vending                  I  [2] DS::IRJ: onStopJob: false, stopReason: 3
2025-09-15 16:36:28.863  5877-5929  Finsky:background       com.android.vending                  I  [67007] SCH: Scheduling phonesky job Id: 3-148360, CT: 1757946642683, Constraints: [{ L: 0, D: 86400000, C: CHARGING_REQUIRED, I: IDLE_NONE, N: NET_UNMETERED, B: BATTERY_ANY }, { L: 0, D: 0, C: CHARGING_NONE, I: IDLE_NONE, N: NET_NONE, B: BATTERY_ANY }]
2025-09-15 16:36:28.863  5877-5929  Finsky:background       com.android.vending                  I  [67007] SCH: Scheduling phonesky job Id: 3-148364, CT: 1757946642684, Constraints: [{ L: 0, D: 86400000, C: CHARGING_REQUIRED, I: IDLE_NONE, N: NET_UNMETERED, B: BATTERY_ANY }, { L: 0, D: 0, C: CHARGING_NONE, I: IDLE_NONE, N: NET_NONE, B: BATTERY_ANY }]
2025-09-15 16:36:28.864  5877-5929  Finsky:background       com.android.vending                  I  [67007] SCH: Scheduling system job 10431 to resume after 0 ms
2025-09-15 16:36:28.864  5877-5929  Finsky:background       com.android.vending                  I  [67007] SCH: Scheduling system job 10431 to resume after 0 ms
2025-09-15 16:36:28.865  5877-5927  Finsky:background       com.android.vending                  I  [67005] SCH: Resuming system job 10431 from hub.
2025-09-15 16:36:28.865  5877-5930  Finsky:background       com.android.vending                  I  [67008] SCH: Resuming system job 10431 from hub.
2025-09-15 16:36:28.874  5877-7493  Finsky:background       com.android.vending                  I  [67130] DU: Stored data usage stats for package com.takeaway.android; completed bytes: 4319526.
2025-09-15 16:36:28.875  5877-5877  Finsky:background       com.android.vending                  I  [2] PIM: Ignore install package event for: com.takeaway.android, isid: YfC9VWT5RHSZK1aYwqUozA
2025-09-15 16:36:28.880  5877-7477  Finsky:background       com.android.vending                  I  [67125] SCH: Satisfied jobs for 10431 are: 3-148360, 3-148364
2025-09-15 16:36:28.881  5877-7477  Finsky:background       com.android.vending                  I  [67125] SCH: Satisfied jobs for 10431 are: 3-148360, 3-148364
2025-09-15 16:36:28.884  5877-7440  Finsky:background       com.android.vending                  I  [67109] IQ: Notifying installation update. [Package:com.takeaway.android, isid:YfC9VWT5RHSZK1aYwqUozA], status=DOWNLOADING, status_code=0, reason=auto_update, tsc=PT80H10M54.408S, attempt=0
2025-09-15 16:36:28.888  5877-5930  Finsky:background       com.android.vending                  I  [67008] SCH: Scheduling 1 system job(s)
2025-09-15 16:36:28.888  5877-5930  Finsky:background       com.android.vending                  I  [67008] SCH: Scheduling system job Id: 10483, L: 0, D: 86053795, C: true, I: false, N: 2
2025-09-15 16:36:28.898  5877-5877  Finsky:background       com.android.vending                  I  [2] PIM: Ignore install package event for: com.takeaway.android, isid: YfC9VWT5RHSZK1aYwqUozA
2025-09-15 16:36:29.014   963-9172  vendor.qti...bs_handler and...are.bluetooth@1.0-service-qti  I  ProcessIbsCmd: Received IBS_WAKE_IND: 0xFD
2025-09-15 16:36:29.014   963-9172  vendor.qti...bs_handler and...are.bluetooth@1.0-service-qti  I  ProcessIbsCmd: Writing IBS_WAKE_ACK
2025-09-15 16:36:29.016  9036-9174  bt_stack                com.android.bluetooth                V  [VERBOSE1:gatt_main.cc(1086)] gatt_get_ch_state: ch_state=4
2025-09-15 16:36:29.016  9036-9174  bt_stack                com.android.bluetooth                I  [INFO:gatt_main.cc(919)] gatt_data_process op_code = 11, msg_len = 1
2025-09-15 16:36:29.016  9036-9174  bt_stack                com.android.bluetooth                V  [VERBOSE1:gatt_cl.cc(1112)] gatt_client_handle_server_rsp op_code: 11, len = 1rsp_code: 11
2025-09-15 16:36:29.016  9036-9174  bt_stack                com.android.bluetooth                V  [VERBOSE1:gatt_utils.cc(1191)] gatt_end_operation status=0 op=2 subtype=2
2025-09-15 16:36:29.016  9036-9174  bt_stack                com.android.bluetooth                V  [VERBOSE1:bta_gattc_act.cc(1483)] bta_gattc_cmpl_cback: conn_id:10 op:2 status:0
2025-09-15 16:36:29.016  9036-9174  bt_stack                com.android.bluetooth                V  [VERBOSE1:bta_gattc_main.cc(361)] bta_gattc_hdl_event: Event:BTA_GATTC_OP_CMPL_EVT
2025-09-15 16:36:29.016  9036-9174  bt_stack                com.android.bluetooth                V  [VERBOSE1:bta_gattc_main.cc(305)] bta_gattc_sm_execute: State 0x02 [GATTC_CONN_ST], Event 0x1f0f[BTA_GATTC_OP_CMPL_EVT]
2025-09-15 16:36:29.016  9036-9174  bt_stack                com.android.bluetooth                V  [VERBOSE1:bta_gattc_act.cc(962)] bta_gattc_op_cmpl: op:2
2025-09-15 16:36:29.016  9036-9174  bt_stack                com.android.bluetooth                V  [VERBOSE1:bta_gattc_main.cc(341)] bta_gattc_sm_execute: GATTC State Change: 0x02 -> 0x02 after Event 0x1f0f
2025-09-15 16:36:29.017 24435-7384  BdcReadDia...sOperation com.remoticom.energynodeinset        V  onCharacteristicRead called
2025-09-15 16:36:29.018 24435-24435 BdcReadDia...sOperation com.remoticom.energynodeinset        D  FINISHED
2025-09-15 16:36:29.018 24435-24435 BdcReadDia...nOperation com.remoticom.energynodeinset        D  STARTED
2025-09-15 16:36:29.018 24435-24435 BdcReadDia...nOperation com.remoticom.energynodeinset        V  readCharacteristic initiated
2025-09-15 16:36:29.019  9036-9174  bt_stack                com.android.bluetooth                V  [VERBOSE1:bta_gattc_main.cc(361)] bta_gattc_hdl_event: Event:BTA_GATTC_API_READ_EVT
2025-09-15 16:36:29.019  9036-9174  bt_stack                com.android.bluetooth                V  [VERBOSE1:bta_gattc_main.cc(305)] bta_gattc_sm_execute: State 0x02 [GATTC_CONN_ST], Event 0x1f04[BTA_GATTC_API_READ_EVT]
2025-09-15 16:36:29.019  9036-9174  bt_stack                com.android.bluetooth                V  [VERBOSE1:gatt_api.cc(692)] GATTC_Read: conn_id=0x000a, type=0x02
2025-09-15 16:36:29.019  9036-9174  bt_stack                com.android.bluetooth                V  [VERBOSE1:bta_gattc_main.cc(341)] bta_gattc_sm_execute: GATTC State Change: 0x02 -> 0x02 after Event 0x1f04
2025-09-15 16:36:29.055   963-9172  vendor.qti...bs_handler and...are.bluetooth@1.0-service-qti  I  ProcessIbsCmd: Received IBS_SLEEP_IND: 0xFE
2025-09-15 16:36:29.061   963-9172  vendor.qti...bs_handler and...are.bluetooth@1.0-service-qti  I  ProcessIbsCmd: Received IBS_WAKE_IND: 0xFD
2025-09-15 16:36:29.061   963-9172  vendor.qti...bs_handler and...are.bluetooth@1.0-service-qti  I  ProcessIbsCmd: Writing IBS_WAKE_ACK
2025-09-15 16:36:29.102   963-9172  vendor.qti...bs_handler and...are.bluetooth@1.0-service-qti  I  ProcessIbsCmd: Received IBS_SLEEP_IND: 0xFE
2025-09-15 16:36:29.157   963-9172  vendor.qti...bs_handler and...are.bluetooth@1.0-service-qti  I  ProcessIbsCmd: Received IBS_WAKE_IND: 0xFD
2025-09-15 16:36:29.157   963-9172  vendor.qti...bs_handler and...are.bluetooth@1.0-service-qti  I  ProcessIbsCmd: Writing IBS_WAKE_ACK
