2025-09-11 18:32:41.092 12229-12229 100                     pid-12229                            I  Open /data/app/~~honA4eJQ7-waRG9wxPvxyA==/com.microsoft.teams-wWC9OvIjeBC4s7srbC4i6w==/base.apk took:224ms
2025-09-11 18:32:41.843 12229-12229 309                     pid-12229                            I  package:com.microsoft.teams took:1005 calssname:android.app.ActivityThread$H callback:null what:110
2025-09-11 19:19:38.753 12776-12776 100                     pid-12776                            I  Open /system/reserve/Weather/Weather.apk took:72ms
2025-09-11 19:19:38.805  1305-1870  300                     system_server                        I  311
2025-09-11 19:19:39.080  2441-3283  110                     pid-2441                             I   OptJank - total:8 frameGap:177 delta#0#7#7#0#0#1
2025-09-11 19:19:39.167  2441-3283  110                     pid-2441                             I   OptJank - total:200 frameGap:200 delta#400#24#8#16#0#1
2025-09-11 19:19:39.225  2441-3283  110                     pid-2441                             I   OptJank - total:58 frameGap:58 delta#50#14#5#8#0#2
2025-09-11 19:19:39.225  2441-3283  111                     pid-2441                             I   OptJank - continuously drops frames:4
2025-09-11 19:19:39.572  2441-3283  111                     pid-2441                             I  OptJank - big and big
2025-09-11 19:19:41.668 13061-13061 100                     pid-13061                            I  Open /data/app/~~xa9MTI80MN3q_5POKNj1Ow==/com.brinked.teamy-HPzxcRG7eDhByl3DXvqDMQ==/base.apk took:175ms
2025-09-11 19:19:41.774 13072-13072 100                     pid-13072                            I  Open /data/app/~~QiHAbkadMe53TCElAaXEcw==/com.google.android.apps.maps-gWb3NKBXCMOJMifgu2KrZg==/base.apk took:211ms
2025-09-11 19:19:42.201  2441-3283  110                     pid-2441                             I   OptJank - total:89 frameGap:686 delta#66#19#13#6#0#2
2025-09-11 19:19:42.716  4993-5434  110                     net.oneplus.launcher                 I   OptJank - total:103 frameGap:114 delta#100#1#0#0#0#1
2025-09-11 19:19:42.983  4993-5434  110                     net.oneplus.launcher                 I   OptJank - total:253 frameGap:266 delta#233#16#15#0#0#3
2025-09-11 19:19:43.395 13061-13154 100                     pid-13061                            I  Open /data/app/~~sUuMcsvT-8pWChfn2rZmyQ==/com.google.android.gms-1YqGAn4TuKy2C_L9rGlE1Q==/split_MeasurementDynamite_installtime.apk took:162ms
2025-09-11 19:19:43.884 13061-13061 309                     pid-13061                            I  package:com.brinked.teamy took:2472 calssname:android.app.ActivityThread$H callback:null what:110
2025-09-11 19:19:44.375 13072-13072 309                     pid-13072                            I  package:com.google.android.apps.maps took:2904 calssname:android.app.ActivityThread$H callback:null what:110
2025-09-11 19:19:44.786 13072-13249 100                     pid-13072                            I  Open /data/app/~~sUuMcsvT-8pWChfn2rZmyQ==/com.google.android.gms-1YqGAn4TuKy2C_L9rGlE1Q==/split_DynamiteLoader_installtime.apk took:372ms
2025-09-11 19:19:44.846 13270-13270 100                     pid-13270                            I  Open /data/app/~~ZmL-EdHLDw27roMdk-kyHA==/com.google.android.apps.turbo-UkUR5yJJ0ACD1y6mt0dlAw==/base.apk took:57ms
2025-09-11 19:19:45.062 13072-13249 100                     pid-13072                            I  Open /data/app/~~sUuMcsvT-8pWChfn2rZmyQ==/com.google.android.gms-1YqGAn4TuKy2C_L9rGlE1Q==/split_GoogleCertificates_installtime.apk took:174ms
2025-09-11 19:19:47.476 24230-8285  101                     pid-24230                            I  #207
2025-09-11 19:19:56.322 16360-17554 110                     pid-16360                            I   OptJank - total:143 frameGap:156 delta#0#141#1#140#0#1
2025-09-11 19:20:18.460  5633-5633  309                     pid-5633                             I  package:com.instagram.android took:2024 calssname:android.view.Choreographer$FrameHandler callback:android.view.Choreographer$FrameDisplayEventReceiver@1a59b7e what:0
2025-09-11 19:20:20.093 13623-13623 100                     pid-13623                            I  Open /data/app/~~n0C6s5ip0tqPlVYf_MBGVQ==/com.oneplus.gallery-8LOvRCkfJjnRvge17DCVcQ==/base.apk took:127ms
2025-09-11 19:21:05.319  2441-3283  111                     pid-2441                             I   OptJank - continuously drops frames:4
2025-09-11 19:21:05.519  2441-3283  111                     pid-2441                             I   OptJank - continuously drops frames:4
2025-09-11 19:21:07.640  2441-3283  111                     pid-2441                             I   OptJank - continuously drops frames:4
2025-09-11 19:21:07.713  2441-3283  111                     pid-2441                             I   OptJank - continuously drops frames:4
2025-09-11 19:21:07.773  2441-3283  111                     pid-2441                             I   OptJank - continuously drops frames:4
2025-09-11 19:21:07.839  2441-3283  111                     pid-2441                             I   OptJank - continuously drops frames:4
2025-09-11 19:21:07.982  2441-3283  111                     pid-2441                             I   OptJank - high percentage:0.65
2025-09-11 19:21:08.135  2441-3283  110                     pid-2441                             I   OptJank - total:98 frameGap:102 delta#0#96#0#5#0#0
2025-09-11 19:21:08.656  1305-1864  322                     system_server                        I  com.whatsapp#-1#543
2025-09-11 19:21:54.420 24226-31609 111                     pid-24226                            I   OptJank - continuously drops frames:4
2025-09-11 19:21:54.489 24226-31609 111                     pid-24226                            I   OptJank - continuously drops frames:4
2025-09-11 19:21:54.586 24226-31609 111                     pid-24226                            I   OptJank - continuously drops frames:4
2025-09-11 19:21:55.188 24226-31609 111                     pid-24226                            I   OptJank - continuously drops frames:4
2025-09-11 19:21:55.188 24226-31609 111                     pid-24226                            I   OptJank - high percentage:0.7
2025-09-11 19:21:55.787 24226-31609 111                     pid-24226                            I   OptJank - continuously drops frames:4
2025-09-11 19:21:55.819 24226-31609 111                     pid-24226                            I   OptJank - high percentage:0.65
2025-09-11 19:22:04.908 24226-31609 111                     pid-24226                            I   OptJank - continuously drops frames:4
2025-09-11 19:22:08.538 24226-31609 111                     pid-24226                            I   OptJank - continuously drops frames:4
2025-09-11 19:22:38.039 24226-13926 101                     pid-24226                            I  #262
2025-09-11 20:20:52.283 14628-14628 100                     pid-14628                            I  Open /data/app/~~k4Ki8iGVsHhdV9jg_7WEsA==/com.google.android.apps.photos-atZRfK0b8d7YsxOonfTf-Q==/base.apk took:145ms
2025-09-11 20:20:53.353 14688-14688 100                     pid-14688                            I  Open /data/app/~~JIrMIEwPXyV9XNHU1WNrZA==/com.android.vending-hPgcGKfm3jxEfZC-8CFsxg==/base.apk took:57ms
2025-09-11 20:25:29.892 15066-15066 100                     pid-15066                            I  Open /data/app/~~k4Ki8iGVsHhdV9jg_7WEsA==/com.google.android.apps.photos-atZRfK0b8d7YsxOonfTf-Q==/base.apk took:101ms
2025-09-11 20:40:07.374 15146-15146 100                     pid-15146                            I  Open /data/app/~~nz7DZH1ztZgyZ2-rvl_6ZA==/com.google.android.apps.wellbeing-z8QkF7zx2fOS4abJn9lteA==/base.apk took:5.015s
2025-09-11 20:51:46.591 15164-15164 309                     pid-15164                            I  package:com.qualcomm.qti.poweroffalarm took:5400 calssname:android.app.ActivityThread$H callback:null what:110
2025-09-11 20:51:46.803 15146-15146 309                     pid-15146                            I  package:com.google.android.apps.wellbeing took:5631 calssname:android.app.ActivityThread$H callback:null what:110
2025-09-11 21:19:39.964 15274-15274 100                     pid-15274                            I  Open /data/app/~~PkSUgGPlbmXhez5Q07Fy2A==/com.google.android.calendar-sCTeHCBqav7STajVVCPUxA==/base.apk took:94ms
2025-09-11 22:10:22.412 15695-15695 100                     pid-15695                            I  Open /data/app/~~wRL7zdxefMdRrqrXTjeItQ==/com.linkedin.android-ePNDTw0TsQfUpD61ETyKig==/base.apk took:219ms
2025-09-11 22:10:23.496 15695-15695 309                     pid-15695                            I  package:com.linkedin.android took:1343 calssname:android.app.ActivityThread$H callback:null what:110
2025-09-11 22:10:27.656 15858-15858 100                     pid-15858                            I  Open /data/app/~~JIrMIEwPXyV9XNHU1WNrZA==/com.android.vending-hPgcGKfm3jxEfZC-8CFsxg==/base.apk took:104ms
2025-09-11 22:10:28.295 15898-15898 100                     pid-15898                            I  Open /data/app/~~UMZBHkSpmGpwXkp2QKePcw==/com.google.android.projection.gearhead-uoXerTVUU5VzEEEyA2OfyA==/base.apk took:61ms
2025-09-11 22:22:54.000  1305-1870  300                     system_server                        I  382
2025-09-11 22:22:56.753 16142-16142 100                     pid-16142                            I  Open /data/app/~~fL4ExzeVJyyyYyrs2UGUww==/com.instagram.android-qOnSwGCPjP20hAfWJ9DNvQ==/base.apk took:339ms
2025-09-11 22:22:57.576 16225-16225 100                     pid-16225                            I  Open /data/app/~~k4Ki8iGVsHhdV9jg_7WEsA==/com.google.android.apps.photos-atZRfK0b8d7YsxOonfTf-Q==/base.apk took:215ms
2025-09-11 22:22:57.682 16142-16142 309                     pid-16142                            I  package:com.instagram.android took:1321 calssname:android.app.ActivityThread$H callback:null what:110
2025-09-11 22:23:02.164 16382-16382 100                     pid-16382                            I  Open /data/app/~~xa9MTI80MN3q_5POKNj1Ow==/com.brinked.teamy-HPzxcRG7eDhByl3DXvqDMQ==/base.apk took:198ms
2025-09-11 22:23:02.173 16354-16354 100                     pid-16354                            I  Open /data/app/~~QiHAbkadMe53TCElAaXEcw==/com.google.android.apps.maps-gWb3NKBXCMOJMifgu2KrZg==/base.apk took:240ms
2025-09-11 22:23:02.313 16457-16457 100                     pid-16457                            I  Open /data/app/~~VPXfX4QvfIF6X7boC5ezHw==/com.discord-LA38xfBiSff8iAZ2Q8AV1Q==/base.apk took:190ms
2025-09-11 22:23:02.378 16421-16421 100                     pid-16421                            I  Open /data/app/~~AWToFZtAdCpR0u5Hme_N8w==/com.abnamro.nl.mobile.payments-0PVnwCLvLeOeMK66_RWsZQ==/base.apk took:286ms
2025-09-11 22:23:02.414 16439-16439 100                     pid-16439                            I  Open /data/app/~~JSWBYSenMZkV6H2wfTQKKw==/nl.ns.android.activity-slv7lOzFOELrOXSXzueFTw==/base.apk took:264ms
2025-09-11 22:23:02.443 16401-16401 100                     pid-16401                            I  Open /data/app/~~MdHNpjaQnAvI2lxdoJWotg==/com.takeaway.android-P8bCBNU97UJWGcr-oBfZsQ==/base.apk took:393ms
2025-09-11 22:23:02.918  2441-3283  110                     pid-2441                             I   OptJank - total:84 frameGap:421 delta#66#13#4#7#0#4
2025-09-11 22:23:03.578 16382-16542 100                     pid-16382                            I  Open /data/app/~~sUuMcsvT-8pWChfn2rZmyQ==/com.google.android.gms-1YqGAn4TuKy2C_L9rGlE1Q==/split_MeasurementDynamite_installtime.apk took:123ms
2025-09-11 22:23:03.979 16457-16457 309                     pid-16457                            I  package:com.discord took:1876 calssname:android.app.ActivityThread$H callback:null what:110
2025-09-11 22:23:04.353  3143-3143  309                     com.android.phone                    I  package:com.android.phone took:1173 calssname:android.os.Handler callback:android.telephony.-$$Lambda$PhoneStateListener$IPhoneStateListenerStub$5J-sdvem6pUpdVwRdm8IbDhvuv8@81177ca what:0
2025-09-11 22:23:04.652 16401-16597 100                     pid-16401                            I  Open /data/app/~~sUuMcsvT-8pWChfn2rZmyQ==/com.google.android.gms-1YqGAn4TuKy2C_L9rGlE1Q==/split_MeasurementDynamite_installtime.apk took:310ms
2025-09-11 22:23:05.213 16382-16382 309                     pid-16382                            I  package:com.brinked.teamy took:3306 calssname:android.app.ActivityThread$H callback:null what:110
2025-09-11 22:23:05.268 16421-16688 100                     pid-16421                            I  Open /data/app/~~sUuMcsvT-8pWChfn2rZmyQ==/com.google.android.gms-1YqGAn4TuKy2C_L9rGlE1Q==/split_MeasurementDynamite_installtime.apk took:178ms
2025-09-11 22:23:05.334  5633-5633  309                     pid-5633                             I  package:com.instagram.android took:2559 calssname:android.app.ActivityThread$H callback:null what:159
2025-09-11 22:23:05.743 16354-16354 309                     pid-16354                            I  package:com.google.android.apps.maps took:3895 calssname:android.app.ActivityThread$H callback:null what:110
2025-09-11 22:23:06.135 16439-16439 309                     pid-16439                            I  package:nl.ns.android.activity took:4072 calssname:android.app.ActivityThread$H callback:null what:110
2025-09-11 22:23:06.247 16354-16722 100                     pid-16354                            I  Open /data/app/~~sUuMcsvT-8pWChfn2rZmyQ==/com.google.android.gms-1YqGAn4TuKy2C_L9rGlE1Q==/split_DynamiteLoader_installtime.apk took:485ms
2025-09-11 22:23:06.481 16809-16809 100                     pid-16809                            I  Open /data/app/~~UMZBHkSpmGpwXkp2QKePcw==/com.google.android.projection.gearhead-uoXerTVUU5VzEEEyA2OfyA==/base.apk took:147ms
2025-09-11 22:23:06.745  5633-21197 110                     pid-5633                             I   OptJank - total:95 frameGap:95 delta#66#64#9#5#1#10
2025-09-11 22:23:06.809  5633-21197 110                     pid-5633                             I   OptJank - total:64 frameGap:64 delta#116#10#8#2#0#8
2025-09-11 22:23:07.025  5633-21197 110                     pid-5633                             I   OptJank - total:4 frameGap:216 delta#0#0#0#0#0#3
2025-09-11 22:23:07.029 16354-16722 100                     pid-16354                            I  Open /data/app/~~sUuMcsvT-8pWChfn2rZmyQ==/com.google.android.gms-1YqGAn4TuKy2C_L9rGlE1Q==/split_GoogleCertificates_installtime.apk took:166ms
2025-09-11 22:23:07.125  5633-21197 110                     pid-5633                             I   OptJank - total:4 frameGap:99 delta#0#0#0#0#0#3
2025-09-11 22:23:07.125  5633-21197 111                     pid-5633                             I   OptJank - continuously drops frames:4
2025-09-11 22:23:07.321 16421-16421 101                     pid-16421                            I  #183
2025-09-11 22:23:07.399 16421-16421 309                     pid-16421                            I  package:com.abnamro.nl.mobile.payments took:5391 calssname:android.app.ActivityThread$H callback:null what:110
2025-09-11 22:23:07.934 16401-16401 309                     pid-16401                            I  package:com.takeaway.android took:5990 calssname:android.app.ActivityThread$H callback:null what:110
2025-09-11 22:23:08.146 16354-16722 101                     pid-16354                            I  #570
2025-09-11 22:23:08.269 16354-16900 100                     pid-16354                            I  Open /data/app/~~sUuMcsvT-8pWChfn2rZmyQ==/com.google.android.gms-1YqGAn4TuKy2C_L9rGlE1Q==/split_CronetDynamite_installtime.apk took:120ms
2025-09-11 22:23:08.330 16401-16486 101                     pid-16401                            I  #823
2025-09-11 22:23:08.445 16809-16809 309                     pid-16809                            I  package:com.google.android.projection.gearhead took:2214 calssname:android.app.ActivityThread$H callback:null what:110
2025-09-11 22:23:08.771 16401-16401 100                     pid-16401                            I  Open /data/user_de/0/com.google.android.gms/app_chimera/m/00000c68/dl-MapsCoreDynamite.integ_252725201100400.apk took:181ms
2025-09-11 22:23:56.485  5633-21197 110                     pid-5633                             I   OptJank - total:88 frameGap:95 delta#0#77#0#5#0#10
2025-09-11 22:23:56.592  5633-21197 111                     pid-5633                             I   OptJank - continuously drops frames:4
2025-09-11 22:23:56.678  5633-21197 111                     pid-5633                             I   OptJank - continuously drops frames:4
2025-09-11 22:24:29.444  5633-21197 110                     pid-5633                             I   OptJank - total:127 frameGap:141 delta#0#1#0#0#0#128
2025-09-11 22:24:29.466  5633-21197 111                     pid-5633                             I  OptJank - big and small
2025-09-11 22:24:29.501  5633-21197 111                     pid-5633                             I   OptJank - continuously drops frames:4
2025-09-11 22:24:29.683  5633-21197 111                     pid-5633                             I   OptJank - continuously drops frames:4
2025-09-11 22:24:29.767  5633-21197 111                     pid-5633                             I   OptJank - high percentage:0.7
2025-09-11 22:24:29.969  5633-21197 111                     pid-5633                             I   OptJank - continuously drops frames:4
2025-09-11 22:24:30.102  5633-21197 111                     pid-5633                             I   OptJank - high percentage:0.7
2025-09-11 22:24:30.170  5633-21197 111                     pid-5633                             I   OptJank - continuously drops frames:4
2025-09-11 22:24:30.439  5633-21197 111                     pid-5633                             I   OptJank - high percentage:0.75
2025-09-11 22:24:30.570  5633-21197 111                     pid-5633                             I   OptJank - continuously drops frames:4
2025-09-11 22:25:20.438  5633-21197 111                     pid-5633                             I   OptJank - continuously drops frames:4
2025-09-11 22:25:20.504  5633-21197 111                     pid-5633                             I   OptJank - continuously drops frames:4
2025-09-11 22:25:27.303 17737-17737 100                     pid-17737                            I  Open /data/app/~~2HOK_kd-h_cOIhEdYOgE_Q==/com.microsoft.office.outlook-JL8xGvOTnKiNDwB3od4tpA==/base.apk took:203ms
2025-09-11 22:25:28.467 17737-17737 309                     pid-17737                            I  package:com.microsoft.office.outlook took:1408 calssname:android.app.ActivityThread$H callback:null what:110
2025-09-11 22:25:28.708 17868-17868 100                     pid-17868                            I  Open /data/app/~~zcleDNEqnf9vXIK_LH-saA==/com.azure.authenticator-Y3rFiHHSRUUJIVHZ_-qf_Q==/base.apk took:156ms
2025-09-11 22:25:30.174 17868-17868 309                     pid-17868                            I  package:com.azure.authenticator took:1647 calssname:android.app.ActivityThread$H callback:null what:110
2025-09-11 22:25:32.676  2441-3283  111                     pid-2441                             I   OptJank - continuously drops frames:4
2025-09-11 22:25:37.682  2441-3283  110                     pid-2441                             I   OptJank - total:89 frameGap:99 delta#0#87#0#21#0#0
2025-09-11 22:25:37.683  2441-3283  111                     pid-2441                             I  OptJank - big and small
2025-09-11 22:26:05.636  5633-21197 110                     pid-5633                             I   OptJank - total:73 frameGap:78 delta#0#67#0#5#0#6
2025-09-11 22:27:06.645  5633-21197 111                     pid-5633                             I   OptJank - continuously drops frames:4
2025-09-11 22:27:12.258  5633-21197 111                     pid-5633                             I   OptJank - continuously drops frames:4
2025-09-11 22:27:21.813  5633-21197 111                     pid-5633                             I   OptJank - continuously drops frames:4
2025-09-11 22:27:22.387  5633-21197 111                     pid-5633                             I   OptJank - continuously drops frames:4
2025-09-11 22:28:05.025  5633-21197 110                     pid-5633                             I   OptJank - total:183 frameGap:198 delta#0#0#0#0#0#184
2025-09-11 22:28:05.107  5633-21197 111                     pid-5633                             I   OptJank - continuously drops frames:4
2025-09-11 22:28:05.459  5633-21197 111                     pid-5633                             I   OptJank - continuously drops frames:4
2025-09-11 22:28:05.510  5633-21197 111                     pid-5633                             I   OptJank - high percentage:0.7
2025-09-11 22:28:05.543  5633-21197 111                     pid-5633                             I   OptJank - continuously drops frames:4
2025-09-11 22:28:05.677  5633-21197 111                     pid-5633                             I   OptJank - continuously drops frames:4
2025-09-11 22:28:05.742  5633-21197 111                     pid-5633                             I   OptJank - continuously drops frames:4
2025-09-11 22:28:05.812  5633-21197 111                     pid-5633                             I   OptJank - continuously drops frames:4
2025-09-11 22:28:05.844  5633-21197 111                     pid-5633                             I   OptJank - high percentage:0.95
2025-09-11 22:28:05.877  5633-21197 111                     pid-5633                             I   OptJank - continuously drops frames:4
2025-09-11 22:28:07.188  5633-21197 111                     pid-5633                             I   OptJank - continuously drops frames:4
2025-09-11 22:28:07.188  5633-21197 111                     pid-5633                             I   OptJank - high percentage:0.65
2025-09-11 22:31:14.023  5633-21197 111                     pid-5633                             I   OptJank - continuously drops frames:4
2025-09-11 22:31:52.071  5633-21197 111                     pid-5633                             I   OptJank - continuously drops frames:4
2025-09-11 22:33:16.011  5633-21197 111                     pid-5633                             I   OptJank - continuously drops frames:4
2025-09-11 22:33:16.510  5633-21197 111                     pid-5633                             I   OptJank - high percentage:0.7
2025-09-11 22:33:16.528  5633-21197 111                     pid-5633                             I   OptJank - continuously drops frames:4
2025-09-11 22:33:19.312  5633-21197 111                     pid-5633                             I   OptJank - continuously drops frames:4
2025-09-11 22:33:19.445  5633-21197 111                     pid-5633                             I   OptJank - continuously drops frames:4
2025-09-11 22:33:19.511  5633-21197 111                     pid-5633                             I   OptJank - continuously drops frames:4
2025-09-11 22:33:19.578  5633-21197 111                     pid-5633                             I   OptJank - high percentage:0.9
2025-09-11 22:33:19.612  5633-21197 111                     pid-5633                             I   OptJank - continuously drops frames:4
2025-09-11 22:33:19.730  5633-21197 111                     pid-5633                             I   OptJank - continuously drops frames:4
2025-09-11 22:33:19.865  5633-21197 111                     pid-5633                             I   OptJank - continuously drops frames:4
2025-09-11 22:33:19.914  5633-21197 111                     pid-5633                             I   OptJank - high percentage:0.9
2025-09-11 22:33:19.932  5633-21197 111                     pid-5633                             I   OptJank - continuously drops frames:4
2025-09-11 22:33:20.031  5633-21197 111                     pid-5633                             I   OptJank - continuously drops frames:4
2025-09-11 22:33:20.117  5633-21197 111                     pid-5633                             I   OptJank - continuously drops frames:4
2025-09-11 22:33:20.244  5633-21197 111                     pid-5633                             I   OptJank - high percentage:0.65
2025-09-11 22:33:20.365  5633-21197 111                     pid-5633                             I   OptJank - continuously drops frames:4
2025-09-11 22:33:22.556  5633-21197 111                     pid-5633                             I   OptJank - continuously drops frames:4
2025-09-11 22:33:22.612  5633-21197 111                     pid-5633                             I   OptJank - high percentage:0.75
2025-09-11 22:33:22.629  5633-21197 111                     pid-5633                             I   OptJank - continuously drops frames:4
2025-09-11 22:33:22.981  5633-21197 111                     pid-5633                             I   OptJank - continuously drops frames:4
2025-09-11 22:33:28.622  5633-21197 111                     pid-5633                             I   OptJank - continuously drops frames:4
2025-09-11 22:33:28.688  5633-21197 111                     pid-5633                             I   OptJank - continuously drops frames:4
2025-09-11 22:33:28.750  5633-21197 111                     pid-5633                             I   OptJank - continuously drops frames:4
2025-09-11 22:33:28.933  5633-21197 111                     pid-5633                             I   OptJank - continuously drops frames:4
2025-09-11 22:33:29.201  5633-21197 111                     pid-5633                             I   OptJank - continuously drops frames:4
2025-09-11 22:33:29.285  5633-21197 111                     pid-5633                             I   OptJank - continuously drops frames:4
2025-09-11 22:33:29.365  5633-21197 111                     pid-5633                             I   OptJank - continuously drops frames:4
2025-09-11 22:33:43.858  5633-21197 111                     pid-5633                             I   OptJank - continuously drops frames:4
2025-09-11 22:33:43.938  5633-21197 111                     pid-5633                             I   OptJank - continuously drops frames:4
2025-09-11 22:33:50.756  5633-21197 111                     pid-5633                             I   OptJank - continuously drops frames:4
2025-09-11 22:33:50.899  5633-21197 111                     pid-5633                             I   OptJank - continuously drops frames:4
2025-09-11 22:33:51.519  5633-21197 111                     pid-5633                             I   OptJank - continuously drops frames:4
2025-09-11 22:33:51.584  5633-21197 111                     pid-5633                             I   OptJank - continuously drops frames:4
2025-09-11 22:34:20.502  2441-3283  111                     pid-2441                             I   OptJank - continuously drops frames:4
2025-09-11 22:34:20.568  2441-3283  111                     pid-2441                             I   OptJank - continuously drops frames:4
2025-09-11 22:34:20.641  2441-3283  111                     pid-2441                             I   OptJank - continuously drops frames:4
2025-09-11 22:34:20.707  2441-3283  111                     pid-2441                             I   OptJank - continuously drops frames:4
2025-09-11 22:34:20.802  2441-3283  111                     pid-2441                             I   OptJank - continuously drops frames:4
2025-09-11 22:34:20.853  2441-3283  111                     pid-2441                             I   OptJank - high percentage:0.95
2025-09-11 22:34:20.870  2441-3283  111                     pid-2441                             I   OptJank - continuously drops frames:4
2025-09-11 22:34:20.938  2441-3283  111                     pid-2441                             I   OptJank - continuously drops frames:4
2025-09-11 22:34:21.003  2441-3283  111                     pid-2441                             I   OptJank - continuously drops frames:4
2025-09-11 22:34:21.100  2441-3283  111                     pid-2441                             I   OptJank - continuously drops frames:4
2025-09-11 22:34:22.311  2441-3283  111                     pid-2441                             I   OptJank - high percentage:0.75
2025-09-11 22:34:23.050  2441-3283  111                     pid-2441                             I   OptJank - continuously drops frames:4
2025-09-11 22:34:23.867  2441-3283  111                     pid-2441                             I   OptJank - continuously drops frames:4
2025-09-11 22:34:24.564  2441-3283  111                     pid-2441                             I   OptJank - continuously drops frames:4
2025-09-11 22:34:25.516  2441-3283  111                     pid-2441                             I   OptJank - continuously drops frames:4
2025-09-11 22:34:27.290  2441-3283  111                     pid-2441                             I   OptJank - continuously drops frames:4
2025-09-11 22:34:27.348  2441-3283  111                     pid-2441                             I   OptJank - continuously drops frames:4
2025-09-11 22:34:28.521  2441-3283  111                     pid-2441                             I   OptJank - continuously drops frames:4
2025-09-11 22:34:29.282  2441-3283  111                     pid-2441                             I   OptJank - continuously drops frames:4
2025-09-11 22:34:29.348  2441-3283  111                     pid-2441                             I   OptJank - continuously drops frames:4
2025-09-11 22:34:29.459  2441-3283  111                     pid-2441                             I   OptJank - continuously drops frames:4
2025-09-11 22:34:29.547  2441-3283  111                     pid-2441                             I   OptJank - high percentage:0.9
2025-09-11 22:34:31.154  2441-3283  111                     pid-2441                             I   OptJank - continuously drops frames:4
2025-09-11 22:34:37.537  2441-3283  111                     pid-2441                             I   OptJank - continuously drops frames:4
2025-09-11 22:34:38.005  2441-3283  111                     pid-2441                             I   OptJank - continuously drops frames:4
2025-09-11 22:34:38.066  2441-3283  111                     pid-2441                             I   OptJank - continuously drops frames:4
2025-09-11 22:34:38.148  2441-3283  111                     pid-2441                             I   OptJank - continuously drops frames:4
2025-09-11 22:34:38.216  2441-3283  111                     pid-2441                             I   OptJank - continuously drops frames:4
2025-09-11 22:34:39.409  2441-3283  111                     pid-2441                             I   OptJank - high percentage:0.85
2025-09-11 22:34:39.421  2441-3283  111                     pid-2441                             I   OptJank - continuously drops frames:4
2025-09-11 22:34:41.718  2441-3283  111                     pid-2441                             I   OptJank - continuously drops frames:4
2025-09-11 22:34:43.007  2441-3283  111                     pid-2441                             I   OptJank - continuously drops frames:4
2025-09-11 22:35:09.718  5633-21197 110                     pid-5633                             I   OptJank - total:85 frameGap:91 delta#0#73#7#3#0#11
2025-09-11 22:35:11.126  1305-1864  322                     system_server                        I  com.instagram.android#-1#343
2025-09-11 22:35:13.837  1305-1864  322                     system_server                        I  com.instagram.android#-1#282
2025-09-11 22:35:18.049  1305-1864  322                     system_server                        I  com.instagram.android#-1#256
2025-09-11 22:35:27.273  1305-1864  322                     system_server                        I  com.instagram.android#-1#207
2025-09-11 22:35:31.589  1305-1864  322                     system_server                        I  com.instagram.android#-1#245
2025-09-11 22:35:44.180  1305-1864  322                     system_server                        I  com.instagram.android#-1#233
2025-09-11 22:35:46.651  1305-1864  322                     system_server                        I  com.instagram.android#-1#226
2025-09-11 22:36:29.759  5633-21197 111                     pid-5633                             I   OptJank - continuously drops frames:4
2025-09-11 22:36:30.109  5633-21197 111                     pid-5633                             I   OptJank - high percentage:0.65
2025-09-11 22:36:30.164  5633-21197 111                     pid-5633                             I   OptJank - continuously drops frames:4
2025-09-11 22:36:30.331  5633-21197 111                     pid-5633                             I   OptJank - continuously drops frames:4
2025-09-11 22:36:30.445  5633-21197 111                     pid-5633                             I   OptJank - high percentage:0.75
2025-09-11 22:36:30.614  5633-21197 111                     pid-5633                             I   OptJank - continuously drops frames:4
2025-09-11 22:36:30.780  5633-21197 111                     pid-5633                             I   OptJank - high percentage:0.7
2025-09-11 22:36:30.864  5633-21197 111                     pid-5633                             I   OptJank - continuously drops frames:4
2025-09-11 22:36:31.084  5633-21197 111                     pid-5633                             I   OptJank - continuously drops frames:4
2025-09-11 22:36:31.121  5633-21197 111                     pid-5633                             I   OptJank - high percentage:0.75
2025-09-11 22:36:31.152  5633-21197 111                     pid-5633                             I   OptJank - continuously drops frames:4
2025-09-11 22:36:32.162  5633-21197 111                     pid-5633                             I   OptJank - continuously drops frames:4
2025-09-11 22:36:32.229  5633-21197 111                     pid-5633                             I   OptJank - continuously drops frames:4
2025-09-11 22:36:32.342  5633-21197 111                     pid-5633                             I   OptJank - high percentage:0.7
2025-09-11 22:36:32.462  5633-21197 111                     pid-5633                             I   OptJank - continuously drops frames:4
2025-09-11 22:36:32.578  5633-21197 111                     pid-5633                             I   OptJank - continuously drops frames:4
2025-09-11 22:36:32.643  5633-21197 111                     pid-5633                             I   OptJank - continuously drops frames:4
2025-09-11 22:36:32.678  5633-21197 111                     pid-5633                             I   OptJank - high percentage:0.8
2025-09-11 22:36:32.711  5633-21197 111                     pid-5633                             I   OptJank - continuously drops frames:4
2025-09-11 22:36:32.778  5633-21197 111                     pid-5633                             I   OptJank - continuously drops frames:4
2025-09-11 22:36:32.849  5633-21197 111                     pid-5633                             I   OptJank - continuously drops frames:4
2025-09-11 22:36:32.984  5633-21197 111                     pid-5633                             I   OptJank - continuously drops frames:4
2025-09-11 22:36:33.013  5633-21197 111                     pid-5633                             I   OptJank - high percentage:0.95
2025-09-11 22:36:33.048  5633-21197 111                     pid-5633                             I   OptJank - continuously drops frames:4
2025-09-11 22:36:33.115  5633-21197 111                     pid-5633                             I   OptJank - continuously drops frames:4
2025-09-11 22:36:33.182  5633-21197 111                     pid-5633                             I   OptJank - continuously drops frames:4
2025-09-11 22:36:33.346  5633-21197 111                     pid-5633                             I   OptJank - high percentage:0.8
2025-09-11 22:36:33.395  5633-21197 111                     pid-5633                             I   OptJank - continuously drops frames:4
2025-09-11 22:36:33.561  5633-21197 111                     pid-5633                             I   OptJank - continuously drops frames:4
2025-09-11 22:36:33.678  5633-21197 111                     pid-5633                             I   OptJank - high percentage:0.8
2025-09-11 22:36:33.712  5633-21197 111                     pid-5633                             I   OptJank - continuously drops frames:4
2025-09-11 22:36:33.795  5633-21197 111                     pid-5633                             I   OptJank - continuously drops frames:4
2025-09-11 22:36:33.962  5633-21197 111                     pid-5633                             I   OptJank - continuously drops frames:4
2025-09-11 22:36:34.013  5633-21197 111                     pid-5633                             I   OptJank - high percentage:0.85
2025-09-11 22:36:34.145  5633-21197 111                     pid-5633                             I   OptJank - continuously drops frames:4
2025-09-11 22:36:34.213  5633-21197 111                     pid-5633                             I   OptJank - continuously drops frames:4
2025-09-11 22:36:34.311  5633-21197 111                     pid-5633                             I   OptJank - continuously drops frames:4
2025-09-11 22:36:34.346  5633-21197 111                     pid-5633                             I   OptJank - high percentage:0.85
2025-09-11 22:36:34.379  5633-21197 111                     pid-5633                             I   OptJank - continuously drops frames:4
2025-09-11 22:36:34.445  5633-21197 111                     pid-5633                             I   OptJank - continuously drops frames:4
2025-09-11 22:36:34.512  5633-21197 111                     pid-5633                             I   OptJank - continuously drops frames:4
2025-09-11 22:36:34.579  5633-21197 111                     pid-5633                             I   OptJank - continuously drops frames:4
2025-09-11 22:36:34.678  5633-21197 111                     pid-5633                             I   OptJank - high percentage:0.9
2025-09-11 22:36:34.748  5633-21197 111                     pid-5633                             I   OptJank - continuously drops frames:4
2025-09-11 22:36:34.900  5633-21197 111                     pid-5633                             I   OptJank - continuously drops frames:4
2025-09-11 22:36:35.015  5633-21197 111                     pid-5633                             I   OptJank - continuously drops frames:4
2025-09-11 22:36:35.015  5633-21197 111                     pid-5633                             I   OptJank - high percentage:0.85
2025-09-11 22:36:35.081  5633-21197 111                     pid-5633                             I   OptJank - continuously drops frames:4
2025-09-11 22:36:35.149  5633-21197 111                     pid-5633                             I   OptJank - continuously drops frames:4
2025-09-11 22:36:35.268  5633-21197 111                     pid-5633                             I   OptJank - continuously drops frames:4
2025-09-11 22:36:35.334  5633-21197 111                     pid-5633                             I   OptJank - continuously drops frames:4
2025-09-11 22:36:35.350  5633-21197 111                     pid-5633                             I   OptJank - high percentage:0.95
2025-09-11 22:36:35.467  5633-21197 111                     pid-5633                             I   OptJank - continuously drops frames:4
2025-09-11 22:36:35.549  5633-21197 111                     pid-5633                             I   OptJank - continuously drops frames:4
2025-09-11 22:36:35.684  5633-21197 111                     pid-5633                             I   OptJank - high percentage:0.8
2025-09-11 22:36:35.700  5633-21197 111                     pid-5633                             I   OptJank - continuously drops frames:4
2025-09-11 22:36:35.769  5633-21197 111                     pid-5633                             I   OptJank - continuously drops frames:4
2025-09-11 22:36:35.850  5633-21197 111                     pid-5633                             I   OptJank - continuously drops frames:4
2025-09-11 22:36:35.915  5633-21197 111                     pid-5633                             I   OptJank - continuously drops frames:4
2025-09-11 22:36:35.981  5633-21197 111                     pid-5633                             I   OptJank - continuously drops frames:4
2025-09-11 22:36:36.015  5633-21197 111                     pid-5633                             I   OptJank - high percentage:0.95
2025-09-11 22:36:36.101  5633-21197 111                     pid-5633                             I   OptJank - continuously drops frames:4
2025-09-11 22:36:36.200  5633-21197 111                     pid-5633                             I   OptJank - continuously drops frames:4
2025-09-11 22:36:36.267  5633-21197 111                     pid-5633                             I   OptJank - continuously drops frames:4
2025-09-11 22:36:36.349  5633-21197 111                     pid-5633                             I   OptJank - high percentage:0.8
2025-09-11 22:36:36.365  5633-21197 111                     pid-5633                             I   OptJank - continuously drops frames:4
2025-09-11 22:36:36.467  5633-21197 111                     pid-5633                             I   OptJank - continuously drops frames:4
2025-09-11 22:36:36.535  5633-21197 111                     pid-5633                             I   OptJank - continuously drops frames:4
2025-09-11 22:36:36.652  5633-21197 111                     pid-5633                             I   OptJank - continuously drops frames:4
2025-09-11 22:36:36.681  5633-21197 111                     pid-5633                             I   OptJank - high percentage:0.85
2025-09-11 22:36:36.751  5633-21197 111                     pid-5633                             I   OptJank - continuously drops frames:4
2025-09-11 22:36:36.834  5633-21197 111                     pid-5633                             I   OptJank - continuously drops frames:4
2025-09-11 22:36:36.966  5633-21197 111                     pid-5633                             I   OptJank - continuously drops frames:4
2025-09-11 22:36:37.017  5633-21197 111                     pid-5633                             I   OptJank - high percentage:0.9
2025-09-11 22:36:37.033  5633-21197 111                     pid-5633                             I   OptJank - continuously drops frames:4
2025-09-11 22:36:39.853  5633-21197 111                     pid-5633                             I   OptJank - continuously drops frames:4
2025-09-11 22:36:52.208  5633-5633  309                     pid-5633                             I  package:com.instagram.android took:1130 calssname:android.os.Handler callback:X.4wA@44d4d2c what:0
2025-09-11 22:51:03.380 19553-19553 100                     pid-19553                            I  Open /data/app/~~JIrMIEwPXyV9XNHU1WNrZA==/com.android.vending-hPgcGKfm3jxEfZC-8CFsxg==/base.apk took:111ms
2025-09-11 23:19:56.732  1305-1870  300                     system_server                        I  272
2025-09-11 23:19:58.894  2441-3283  111                     pid-2441                             I   OptJank - continuously drops frames:4
2025-09-11 23:19:59.001  2441-3283  111                     pid-2441                             I   OptJank - continuously drops frames:4
2025-09-11 23:19:59.005 16142-16142 309                     pid-16142                            I  package:com.instagram.android took:1068 calssname:android.app.ActivityThread$H callback:android.app.-$$Lambda$LoadedApk$ReceiverDispatcher$Args$_BumDX2UKsnxLVrE6UJsJZkotuA@acadfd5 what:0
2025-09-11 23:19:59.067  2441-3283  111                     pid-2441                             I   OptJank - continuously drops frames:4
2025-09-11 23:19:59.085  2441-3283  111                     pid-2441                             I   OptJank - high percentage:0.7
2025-09-11 23:19:59.133  2441-3283  111                     pid-2441                             I   OptJank - continuously drops frames:4
2025-09-11 23:19:59.199  2441-3283  111                     pid-2441                             I   OptJank - continuously drops frames:4
2025-09-11 23:19:59.266  2441-3283  111                     pid-2441                             I   OptJank - continuously drops frames:4
2025-09-11 23:58:23.384 20607-20607 100                     pid-20607                            I  Open /data/app/~~JIrMIEwPXyV9XNHU1WNrZA==/com.android.vending-hPgcGKfm3jxEfZC-8CFsxg==/base.apk took:111ms
2025-09-12 00:18:29.646 21274-21274 100                     pid-21274                            I  Open /data/app/~~DSX9_He91FoBhAXneyOHnA==/com.marsvard.stickermakerforwhatsapp-lk_FIxgSp0KrvgHICK4Brw==/base.apk took:860ms
2025-09-12 00:18:31.206 21274-21274 309                     pid-21274                            I  package:com.marsvard.stickermakerforwhatsapp took:2563 calssname:android.app.ActivityThread$H callback:null what:110
2025-09-12 00:51:51.817  1305-1870  300                     system_server                        I  584
2025-09-12 00:51:56.120  5633-21166 101                     pid-5633                             I  #221
2025-09-12 00:51:56.171  5633-21197 110                     pid-5633                             I   OptJank - total:274 frameGap:274 delta#283#10#10#0#0#6
2025-09-12 00:51:56.295  5633-21197 110                     pid-5633                             I   OptJank - total:99 frameGap:99 delta#66#25#3#17#2#22
2025-09-12 00:51:57.955 22003-22003 100                     pid-22003                            I  Open /data/app/~~k4Ki8iGVsHhdV9jg_7WEsA==/com.google.android.apps.photos-atZRfK0b8d7YsxOonfTf-Q==/base.apk took:249ms
2025-09-12 00:52:02.810  5633-21197 111                     pid-5633                             I   OptJank - continuously drops frames:4
2025-09-12 00:52:02.926  5633-21197 111                     pid-5633                             I   OptJank - continuously drops frames:4
2025-09-12 00:52:03.025  5633-21197 111                     pid-5633                             I   OptJank - continuously drops frames:4
2025-09-12 00:52:03.042  5633-21197 111                     pid-5633                             I   OptJank - high percentage:0.8
2025-09-12 00:52:03.092  5633-21197 111                     pid-5633                             I   OptJank - continuously drops frames:4
2025-09-12 00:52:03.245  5633-21197 111                     pid-5633                             I   OptJank - continuously drops frames:4
2025-09-12 00:52:03.378  5633-21197 111                     pid-5633                             I   OptJank - high percentage:0.7
2025-09-12 00:52:03.413  5633-21197 111                     pid-5633                             I   OptJank - continuously drops frames:4
2025-09-12 00:52:03.563  5633-21197 111                     pid-5633                             I   OptJank - continuously drops frames:4
2025-09-12 00:52:03.694  5633-21197 111                     pid-5633                             I   OptJank - continuously drops frames:4
2025-09-12 00:52:03.711  5633-21197 111                     pid-5633                             I   OptJank - high percentage:0.8
2025-09-12 00:52:03.761  5633-21197 111                     pid-5633                             I   OptJank - continuously drops frames:4
2025-09-12 00:52:03.828  5633-21197 111                     pid-5633                             I   OptJank - continuously drops frames:4
2025-09-12 00:52:03.961  5633-21197 111                     pid-5633                             I   OptJank - continuously drops frames:4
2025-09-12 00:52:04.029  5633-21197 111                     pid-5633                             I   OptJank - continuously drops frames:4
2025-09-12 00:52:04.047  5633-21197 111                     pid-5633                             I   OptJank - high percentage:0.95
2025-09-12 00:52:04.099  5633-21197 111                     pid-5633                             I   OptJank - continuously drops frames:4
2025-09-12 00:52:04.265  5633-21197 111                     pid-5633                             I   OptJank - continuously drops frames:4
2025-09-12 00:52:13.616  5633-21197 111                     pid-5633                             I   OptJank - continuously drops frames:4
2025-09-12 00:52:13.867  5633-21197 111                     pid-5633                             I   OptJank - continuously drops frames:4
2025-09-12 00:52:14.348  5633-21197 111                     pid-5633                             I   OptJank - continuously drops frames:4
2025-09-12 00:52:15.568  5633-21197 111                     pid-5633                             I   OptJank - continuously drops frames:4
2025-09-12 00:52:15.755  5633-21197 111                     pid-5633                             I   OptJank - continuously drops frames:4
2025-09-12 00:52:15.802  5633-21197 111                     pid-5633                             I   OptJank - high percentage:0.7
2025-09-12 00:52:16.205  5633-21197 111                     pid-5633                             I   OptJank - continuously drops frames:4
2025-09-12 00:52:16.289  5633-21197 111                     pid-5633                             I   OptJank - continuously drops frames:4
2025-09-12 00:52:16.468  5633-21197 111                     pid-5633                             I   OptJank - high percentage:0.65
2025-09-12 00:52:54.842  5633-21197 111                     pid-5633                             I   OptJank - continuously drops frames:4
2025-09-12 00:53:02.516  5633-21166 101                     pid-5633                             I  #1674
