2025-09-12 01:06:31.791 26504-27747 101                     pid-26504                            I  #229
2025-09-12 01:06:32.188 27597-27597 309                     pid-27597                            I  package:com.takeaway.android took:1487 calssname:android.app.ActivityThread$H callback:null what:110
2025-09-12 01:06:32.590 28055-28055 100                     pid-28055                            I  Open /data/app/~~QMdVsV8gpsZ4bGiqvOcvHA==/com.adobe.fas-wO_WphGl0cNpoJYiBAbhGg==/base.apk took:83ms
2025-09-12 01:06:32.853 27597-27597 100                     pid-27597                            I  Open /data/user_de/0/com.google.android.gms/app_chimera/m/00000c68/dl-MapsCoreDynamite.integ_252725201100400.apk took:245ms
2025-09-12 01:06:32.914 27597-28099 100                     pid-27597                            I  Open /data/app/~~wkuFu6q3CYzVbbNy2HQsOQ==/com.google.android.webview-fGro1G7t8dfOZWIlhRyp5A==/base.apk took:84ms
2025-09-12 01:06:33.420 27597-27597 101                     pid-27597                            I  #540
2025-09-12 01:06:33.425 28245-28245 100                     pid-28245                            I  Open /data/app/~~LiYPydSkSNwhc4pNK1pL9Q==/com.google.android.youtube-o1We4LAciLFwlEtg1ucICQ==/base.apk took:173ms
2025-09-12 01:06:33.426 27597-28099 101                     pid-27597                            I  #388
2025-09-12 01:06:33.783 28228-28228 100                     pid-28228                            I  Open /data/app/~~DSX9_He91FoBhAXneyOHnA==/com.marsvard.stickermakerforwhatsapp-lk_FIxgSp0KrvgHICK4Brw==/base.apk took:551ms
2025-09-12 01:06:33.956 27597-27597 101                     pid-27597                            I  #323
2025-09-12 01:06:34.326 27597-27597 309                     pid-27597                            I  package:com.takeaway.android took:1711 calssname:android.os.Handler callback:DispatchedContinuation[Dispatchers.Main, Continuation at com.justeat.location.api.maps.GoogleMapsInitialiser$invoke$2.invokeSuspend(GoogleMapsInitialiser.kt)@3a1c21b] what:0
2025-09-12 01:06:34.512 28245-28315 100                     pid-28245                            I  Open /system/framework/com.android.media.remotedisplay.jar took:358ms
2025-09-12 01:06:34.829 28228-28228 309                     pid-28228                            I  package:com.marsvard.stickermakerforwhatsapp took:1618 calssname:android.app.ActivityThread$H callback:null what:110
2025-09-12 01:06:34.977 28245-28467 100                     pid-28245                            I  Open /data/user/0/com.google.android.youtube/app_pccache/5/93C3DCFD0867095FE4406F170E27CC60B68F10CD/pcam.jar took:142ms
2025-09-12 01:06:36.348 27597-27678 101                     pid-27597                            I  #403
2025-09-12 01:06:36.443 27597-28422 100                     pid-27597                            I  Open /data/app/~~sUuMcsvT-8pWChfn2rZmyQ==/com.google.android.gms-1YqGAn4TuKy2C_L9rGlE1Q==/split_GoogleCertificates_installtime.apk took:68ms
2025-09-12 01:06:36.766 28245-28590 101                     pid-28245                            I  #225
2025-09-12 01:11:45.867 28844-28844 100                     pid-28844                            I  Open /data/app/~~d5MKLK8AGNZEQxnjiXp1bA==/com.google.android.googlequicksearchbox-vV8ZXzCVmxXj1L9dbkZr5g==/base.apk took:140ms
2025-09-12 01:13:50.294 28981-28981 100                     pid-28981                            I  Open /data/app/~~2HOK_kd-h_cOIhEdYOgE_Q==/com.microsoft.office.outlook-JL8xGvOTnKiNDwB3od4tpA==/base.apk took:202ms
2025-09-12 01:13:51.286 28981-28981 309                     pid-28981                            I  package:com.microsoft.office.outlook took:1227 calssname:android.app.ActivityThread$H callback:null what:110
2025-09-12 01:13:51.520 29083-29083 100                     pid-29083                            I  Open /data/app/~~zcleDNEqnf9vXIK_LH-saA==/com.azure.authenticator-Y3rFiHHSRUUJIVHZ_-qf_Q==/base.apk took:146ms
2025-09-12 01:13:52.807 29083-29083 309                     pid-29083                            I  package:com.azure.authenticator took:1458 calssname:android.app.ActivityThread$H callback:null what:110
2025-09-12 01:14:06.640 29249-29249 100                     pid-29249                            I  Open /data/app/~~aCb0gmuDP07XoaKh7u68Dg==/com.microsoft.office.word-ENy4YQ4Y4qaJA-J_2GyeYg==/base.apk took:176ms
2025-09-12 01:14:06.821 29274-29274 100                     pid-29274                            I  Open /data/app/~~honA4eJQ7-waRG9wxPvxyA==/com.microsoft.teams-wWC9OvIjeBC4s7srbC4i6w==/base.apk took:357ms
2025-09-12 01:14:07.658 29274-29274 309                     pid-29274                            I  package:com.microsoft.teams took:1229 calssname:android.app.ActivityThread$H callback:null what:110
2025-09-12 01:21:57.201 30102-30102 100                     pid-30102                            I  Open /data/app/~~nvsxeGNoSP43xmYEo00MAA==/com.google.android.apps.youtube.music-1bMwIOr9eKd-mnkVoBeLpA==/base.apk took:150ms
2025-09-12 01:21:57.927 30102-30144 100                     pid-30102                            I  Open /data/app/~~sUuMcsvT-8pWChfn2rZmyQ==/com.google.android.gms-1YqGAn4TuKy2C_L9rGlE1Q==/split_MeasurementDynamite_installtime.apk took:56ms
2025-09-12 01:21:58.207 30102-30102 309                     pid-30102                            I  package:com.google.android.apps.youtube.music took:1210 calssname:android.app.ActivityThread$H callback:null what:110
2025-09-12 01:21:58.403 30224-30224 100                     pid-30224                            I  Open /data/app/~~QFZzbJYHg1eayiF5Hyg6xw==/com.google.ar.core-BfwwfVuRkqcfZhBsLR9LPA==/base.apk took:61ms
2025-09-12 01:21:59.067 30342-30342 100                     pid-30342                            I  Open /system/product/priv-app/GoogleRestore/GoogleRestore.apk took:55ms
2025-09-12 01:21:59.468 30342-30381 100                     pid-30342                            I  Open /data/app/~~sUuMcsvT-8pWChfn2rZmyQ==/com.google.android.gms-1YqGAn4TuKy2C_L9rGlE1Q==/split_DynamiteModulesC_installtime.apk took:93ms
2025-09-12 01:21:59.507 30386-30386 100                     pid-30386                            I  Open /data/app/~~b16rpPhOr7TLnlM-Ekelcw==/com.google.android.partnersetup-u705w8lqyYGru4r1_1fdFQ==/base.apk took:117ms
2025-09-12 01:22:00.226 30489-30489 100                     pid-30489                            I  Open /data/app/~~JIrMIEwPXyV9XNHU1WNrZA==/com.android.vending-hPgcGKfm3jxEfZC-8CFsxg==/base.apk took:204ms
2025-09-12 01:22:01.681 30037-30061 101                     pid-30037                            I  #568
2025-09-12 01:22:01.967 30623-30623 100                     pid-30623                            I  Open /data/app/~~QiHAbkadMe53TCElAaXEcw==/com.google.android.apps.maps-gWb3NKBXCMOJMifgu2KrZg==/base.apk took:262ms
2025-09-12 01:22:02.594 30623-30623 309                     pid-30623                            I  package:com.google.android.apps.maps took:1495 calssname:android.app.ActivityThread$H callback:null what:110
2025-09-12 01:22:02.870 30772-30772 100                     pid-30772                            I  Open /data/app/~~QiHAbkadMe53TCElAaXEcw==/com.google.android.apps.maps-gWb3NKBXCMOJMifgu2KrZg==/base.apk took:79ms
2025-09-12 01:22:03.347 30817-30817 100                     pid-30817                            I  Open /data/app/~~QiHAbkadMe53TCElAaXEcw==/com.google.android.apps.maps-gWb3NKBXCMOJMifgu2KrZg==/base.apk took:84ms
2025-09-12 01:22:03.669 30852-30852 100                     pid-30852                            I  Open /data/app/~~UMZBHkSpmGpwXkp2QKePcw==/com.google.android.projection.gearhead-uoXerTVUU5VzEEEyA2OfyA==/base.apk took:86ms
2025-09-12 01:22:03.697 30871-30871 100                     pid-30871                            I  Open /data/app/~~QiHAbkadMe53TCElAaXEcw==/com.google.android.apps.maps-gWb3NKBXCMOJMifgu2KrZg==/base.apk took:78ms
2025-09-12 01:22:03.781 30772-30816 100                     pid-30772                            I  Open /data/app/~~sUuMcsvT-8pWChfn2rZmyQ==/com.google.android.gms-1YqGAn4TuKy2C_L9rGlE1Q==/split_DynamiteLoader_installtime.apk took:466ms
2025-09-12 01:22:04.029 30901-30901 100                     pid-30901                            I  Open /data/app/~~QiHAbkadMe53TCElAaXEcw==/com.google.android.apps.maps-gWb3NKBXCMOJMifgu2KrZg==/base.apk took:89ms
2025-09-12 01:22:04.500 30772-30846 100                     pid-30772                            I  Open /data/app/~~sUuMcsvT-8pWChfn2rZmyQ==/com.google.android.gms-1YqGAn4TuKy2C_L9rGlE1Q==/split_CronetDynamite_installtime.apk took:88ms
2025-09-12 01:22:04.603 30772-30816 100                     pid-30772                            I  Open /data/app/~~sUuMcsvT-8pWChfn2rZmyQ==/com.google.android.gms-1YqGAn4TuKy2C_L9rGlE1Q==/split_GoogleCertificates_installtime.apk took:63ms
2025-09-12 01:22:05.927 30852-30852 309                     pid-30852                            I  package:com.google.android.projection.gearhead took:2380 calssname:android.app.ActivityThread$H callback:null what:110
2025-09-12 01:22:06.571 30955-30955 100                     pid-30955                            I  Open /data/app/~~QiHAbkadMe53TCElAaXEcw==/com.google.android.apps.maps-gWb3NKBXCMOJMifgu2KrZg==/base.apk took:92ms
2025-09-12 01:22:06.909 30984-30984 100                     pid-30984                            I  Open /data/app/~~fy0jb2rbDzsvOFJyp8Iz4g==/com.google.android.apps.tachyon-cdxWy22lXWNLXyudgpHXeA==/base.apk took:129ms
2025-09-12 01:22:08.240 30984-30984 309                     pid-30984                            I  package:com.google.android.apps.tachyon took:1486 calssname:android.app.ActivityThread$H callback:null what:110
2025-09-12 01:22:08.352 30984-31049 100                     pid-30984                            I  Open /data/app/~~sUuMcsvT-8pWChfn2rZmyQ==/com.google.android.gms-1YqGAn4TuKy2C_L9rGlE1Q==/split_DynamiteLoader_installtime.apk took:119ms
2025-09-12 01:22:09.046 31078-31078 100                     pid-31078                            I  Open /data/app/~~KuUB7bJ48gRgtSKcRJyzQA==/com.google.android.apps.messaging-e-6h0SSkx7rdogJEEC4epg==/base.apk took:213ms
2025-09-12 01:22:11.999 31245-31245 100                     pid-31245                            I  Open /data/app/~~ukI5icW927l3zkPxVhZPxg==/com.google.android.safetycore-BVWQzHFlOZBgTSdp8iUuXA==/base.apk took:61ms
2025-09-12 01:22:12.507 31272-31272 100                     pid-31272                            I  Open /data/app/~~qEk25AwPX9vPCXRVcQ0qsg==/com.google.android.apps.docs.editors.sheets-BzkB8-rQOAkVlZrjZo3I5Q==/base.apk took:176ms
2025-09-12 01:22:13.143 31078-31307 100                     pid-31078                            I  Open /apex/com.android.extservices/javalib/android.ext.adservices.jar took:77ms
2025-09-12 01:22:13.206 31078-31307 100                     pid-31078                            I  Open /system/framework/com.android.media.remotedisplay.jar took:58ms
2025-09-12 01:22:13.408 31078-31307 100                     pid-31078                            I  Open /data/app/~~sUuMcsvT-8pWChfn2rZmyQ==/com.google.android.gms-1YqGAn4TuKy2C_L9rGlE1Q==/base.apk took:58ms
2025-09-12 01:22:13.580 31361-31361 100                     pid-31361                            I  Open /data/app/~~g--JwoYhvap0wnqq5a0oUw==/com.google.android.gm-NEnQnl5IfxEJDvN_dmy5yQ==/base.apk took:180ms
2025-09-12 01:22:14.624 31468-31468 100                     pid-31468                            I  Open /data/app/~~dzEoN43Ogpj_pC0udBOiYg==/com.google.android.contactkeys-Ij1XFT5ykFFY18Z7YsIRcw==/base.apk took:129ms
2025-09-12 01:22:14.642 31361-31439 100                     pid-31361                            I  Open /data/app/~~sUuMcsvT-8pWChfn2rZmyQ==/com.google.android.gms-1YqGAn4TuKy2C_L9rGlE1Q==/split_CronetDynamite_installtime.apk took:105ms
2025-09-12 01:22:15.076 31518-31518 100                     pid-31518                            I  Open /data/app/~~MlSwKR7jKdt8bzPHGX-6Vg==/com.google.android.music-fN8HZ3NyQ81D5vZ_k9ou8w==/base.apk took:55ms
2025-09-12 01:22:15.421 31559-31559 100                     pid-31559                            I  Open /system/system_ext/priv-app/Dialer/Dialer.apk took:77ms
2025-09-12 01:22:15.550 31584-31584 100                     pid-31584                            I  Open /data/app/~~n0C6s5ip0tqPlVYf_MBGVQ==/com.oneplus.gallery-8LOvRCkfJjnRvge17DCVcQ==/base.apk took:188ms
2025-09-12 01:22:15.648 31640-31640 100                     pid-31640                            I  Open /data/app/~~wkuFu6q3CYzVbbNy2HQsOQ==/com.google.android.webview-fGro1G7t8dfOZWIlhRyp5A==/base.apk took:100ms
2025-09-12 01:22:15.813 31613-31613 100                     pid-31613                            I  Open /data/app/~~PkSUgGPlbmXhez5Q07Fy2A==/com.google.android.calendar-sCTeHCBqav7STajVVCPUxA==/base.apk took:272ms
2025-09-12 01:22:15.907 31683-31683 100                     pid-31683                            I  Open /data/app/~~x5pue9fivFaiBAA2iCzoUQ==/com.snapchat.android-BHn4qJ_4xa0VYxsw8hrQyg==/base.apk took:268ms
2025-09-12 01:22:16.181 31770-31770 100                     pid-31770                            I  Open /system/priv-app/OPCommunicationData/OPCommunicationData.apk took:69ms
2025-09-12 01:22:16.349 31818-31818 100                     pid-31818                            I  Open /data/app/~~KEGryMPVaFlZHQhDssZxrw==/com.duckduckgo.mobile.android--sSVTFDMpJqWerzSgGTj5g==/base.apk took:143ms
2025-09-12 01:22:16.363 31800-31800 100                     pid-31800                            I  Open /data/app/~~JSWBYSenMZkV6H2wfTQKKw==/nl.ns.android.activity-slv7lOzFOELrOXSXzueFTw==/base.apk took:207ms
2025-09-12 01:22:16.419 31825-31825 100                     pid-31825                            I  Open /data/app/~~McLZe3YfK9xBFzl1tpSoqg==/org.yoki.android.buienalarm-_p3IZGkr9ydaTuS36qjntg==/base.apk took:186ms
2025-09-12 01:22:16.711 31953-31953 100                     pid-31953                            I  Open /data/app/~~QMdVsV8gpsZ4bGiqvOcvHA==/com.adobe.fas-wO_WphGl0cNpoJYiBAbhGg==/base.apk took:185ms
2025-09-12 01:22:16.776 31923-31923 100                     pid-31923                            I  Open /data/app/~~wRL7zdxefMdRrqrXTjeItQ==/com.linkedin.android-ePNDTw0TsQfUpD61ETyKig==/base.apk took:336ms
2025-09-12 01:22:16.990 31988-31988 100                     pid-31988                            I  Open /system/priv-app/CalendarProvider/CalendarProvider.apk took:109ms
2025-09-12 01:22:17.048 31683-31683 309                     pid-31683                            I  package:com.snapchat.android took:1423 calssname:android.app.ActivityThread$H callback:null what:110
2025-09-12 01:22:17.454 31825-32099 100                     pid-31825                            I  Open /data/app/~~sUuMcsvT-8pWChfn2rZmyQ==/com.google.android.gms-1YqGAn4TuKy2C_L9rGlE1Q==/split_MeasurementDynamite_installtime.apk took:55ms
2025-09-12 01:22:17.573 31613-31613 309                     pid-31613                            I  package:com.google.android.calendar took:2122 calssname:android.app.ActivityThread$H callback:null what:110
2025-09-12 01:22:17.677 31825-31825 309                     pid-31825                            I  package:org.yoki.android.buienalarm took:1477 calssname:android.app.ActivityThread$H callback:null what:110
2025-09-12 01:22:17.880 31953-31953 309                     pid-31953                            I  package:com.adobe.fas took:1363 calssname:android.app.ActivityThread$H callback:null what:110
2025-09-12 01:22:17.893 32179-32179 100                     pid-32179                            I  Open /apex/com.android.cellbroadcast/priv-app/GoogleCellBroadcastApp@360735060/GoogleCellBroadcastApp.apk took:61ms
2025-09-12 01:22:18.558 31818-31818 309                     pid-31818                            I  package:com.duckduckgo.mobile.android took:2366 calssname:android.app.ActivityThread$H callback:null what:110
2025-09-12 01:22:18.701 32341-32341 100                     pid-32341                            I  Open /data/app/~~MdHNpjaQnAvI2lxdoJWotg==/com.takeaway.android-P8bCBNU97UJWGcr-oBfZsQ==/base.apk took:264ms
2025-09-12 01:22:18.747 31800-31800 309                     pid-31800                            I  package:nl.ns.android.activity took:2620 calssname:android.app.ActivityThread$H callback:null what:110
2025-09-12 01:22:19.506 32341-32528 100                     pid-32341                            I  Open /data/app/~~sUuMcsvT-8pWChfn2rZmyQ==/com.google.android.gms-1YqGAn4TuKy2C_L9rGlE1Q==/split_MeasurementDynamite_installtime.apk took:81ms
2025-09-12 01:22:20.240 31923-31923 309                     pid-31923                            I  package:com.linkedin.android took:3824 calssname:android.app.ActivityThread$H callback:null what:110
2025-09-12 01:22:20.456 32341-32341 309                     pid-32341                            I  package:com.takeaway.android took:2074 calssname:android.app.ActivityThread$H callback:null what:110
2025-09-12 01:22:20.460   537-537   100                     pid-537                              I  Open /data/app/~~nz7DZH1ztZgyZ2-rvl_6ZA==/com.google.android.apps.wellbeing-z8QkF7zx2fOS4abJn9lteA==/base.apk took:84ms
2025-09-12 01:22:21.128   876-876   100                     pid-876                              I  Open /data/app/~~n0C6s5ip0tqPlVYf_MBGVQ==/com.oneplus.gallery-8LOvRCkfJjnRvge17DCVcQ==/base.apk took:53ms
2025-09-12 01:22:21.267 32341-694   100                     pid-32341                            I  Open /data/app/~~wkuFu6q3CYzVbbNy2HQsOQ==/com.google.android.webview-fGro1G7t8dfOZWIlhRyp5A==/base.apk took:271ms
2025-09-12 01:22:21.281   760-760   100                     pid-760                              I  Open /data/app/~~QiHAbkadMe53TCElAaXEcw==/com.google.android.apps.maps-gWb3NKBXCMOJMifgu2KrZg==/base.apk took:262ms
2025-09-12 01:22:21.368   760-760   100                     pid-760                              I  Open /data/app/~~QiHAbkadMe53TCElAaXEcw==/com.google.android.apps.maps-gWb3NKBXCMOJMifgu2KrZg==/split_config.arm64_v8a.apk took:87ms
2025-09-12 01:22:21.514 32341-32341 100                     pid-32341                            I  Open /data/user_de/0/com.google.android.gms/app_chimera/m/00000c68/dl-MapsCoreDynamite.integ_252725201100400.apk took:299ms
2025-09-12 01:22:21.532 31683-31751 101                     pid-31683                            I  #584
2025-09-12 01:22:21.677 31800-31947 101                     pid-31800                            I  #241
2025-09-12 01:22:21.760 31856-31882 101                     pid-31856                            I  #500
2025-09-12 01:22:21.849 31894-31946 101                     pid-31894                            I  #424
2025-09-12 01:22:22.014 31818-31944 101                     pid-31818                            I  #602
2025-09-12 01:22:22.181 31818-31838 101                     pid-31818                            I  #164
2025-09-12 01:22:22.229   760-760   309                     pid-760                              I  package:com.google.android.apps.maps took:1410 calssname:android.app.ActivityThread$H callback:null what:110
2025-09-12 01:22:22.299 31825-31959 101                     pid-31825                            I  #794
2025-09-12 01:22:22.521 31923-32011 101                     pid-31923                            I  #645
2025-09-12 01:22:22.836 32341-32341 101                     pid-32341                            I  #1239
2025-09-12 01:22:22.838 32341-694   101                     pid-32341                            I  #1145
2025-09-12 01:22:22.945  1273-1273  100                     pid-1273                             I  Open /apex/com.android.permission/priv-app/GooglePermissionController@360743220/GooglePermissionController.apk took:75ms
2025-09-12 01:22:22.953  1245-1245  100                     pid-1245                             I  Open /data/app/~~ZmL-EdHLDw27roMdk-kyHA==/com.google.android.apps.turbo-UkUR5yJJ0ACD1y6mt0dlAw==/base.apk took:111ms
2025-09-12 01:22:23.180   760-1185  100                     pid-760                              I  Open /data/app/~~sUuMcsvT-8pWChfn2rZmyQ==/com.google.android.gms-1YqGAn4TuKy2C_L9rGlE1Q==/split_DynamiteLoader_installtime.apk took:496ms
2025-09-12 01:22:23.453 32341-32341 309                     pid-32341                            I  package:com.takeaway.android took:2604 calssname:android.os.Handler callback:DispatchedContinuation[Dispatchers.Main, Continuation at com.justeat.location.api.maps.GoogleMapsInitialiser$invoke$2.invokeSuspend(GoogleMapsInitialiser.kt)@e391c35] what:0
2025-09-12 01:22:23.610   760-1185  101                     pid-760                              I  #429
2025-09-12 01:22:23.871  1421-1421  100                     pid-1421                             I  Open /data/app/~~fy0jb2rbDzsvOFJyp8Iz4g==/com.google.android.apps.tachyon-cdxWy22lXWNLXyudgpHXeA==/base.apk took:143ms
2025-09-12 01:22:24.266 32419-32729 100                     pid-32419                            I  Open /data/app/~~sUuMcsvT-8pWChfn2rZmyQ==/com.google.android.gms-1YqGAn4TuKy2C_L9rGlE1Q==/split_GoogleCertificates_installtime.apk took:77ms
2025-09-12 01:22:24.345 32341-32454 101                     pid-32341                            I  #567
2025-09-12 01:22:24.630   760-1489  100                     pid-760                              I  Open /data/app/~~sUuMcsvT-8pWChfn2rZmyQ==/com.google.android.gms-1YqGAn4TuKy2C_L9rGlE1Q==/split_CronetDynamite_installtime.apk took:173ms
2025-09-12 01:22:24.887   760-1185  100                     pid-760                              I  Open /data/app/~~sUuMcsvT-8pWChfn2rZmyQ==/com.google.android.gms-1YqGAn4TuKy2C_L9rGlE1Q==/split_GoogleCertificates_installtime.apk took:196ms
2025-09-12 01:22:25.161  1421-1421  309                     pid-1421                             I  package:com.google.android.apps.tachyon took:1515 calssname:android.app.ActivityThread$H callback:null what:110
2025-09-12 01:22:25.678 32341-1391  100                     pid-32341                            I  Open /data/app/~~sUuMcsvT-8pWChfn2rZmyQ==/com.google.android.gms-1YqGAn4TuKy2C_L9rGlE1Q==/split_GoogleCertificates_installtime.apk took:178ms
2025-09-12 01:22:25.789   537-640   101                     pid-537                              I  #285
2025-09-12 01:22:25.858 31818-31944 101                     pid-31818                            I  #563
2025-09-12 01:22:26.051  1421-1704  100                     pid-1421                             I  Open /data/app/~~sUuMcsvT-8pWChfn2rZmyQ==/com.google.android.gms-1YqGAn4TuKy2C_L9rGlE1Q==/split_DynamiteLoader_installtime.apk took:667ms
2025-09-12 01:22:26.385  1421-1704  101                     pid-1421                             I  #333
2025-09-12 01:22:34.463  2016-2016  100                     pid-2016                             I  Open /data/app/~~KuUB7bJ48gRgtSKcRJyzQA==/com.google.android.apps.messaging-e-6h0SSkx7rdogJEEC4epg==/base.apk took:137ms
2025-09-12 01:22:34.912  2079-2079  100                     pid-2079                             I  Open /data/app/~~UKnr5eUB9Jfl4g4iJzzViA==/com.google.android.videos-WKQSS4NXLllxcZ-FYlHLWg==/base.apk took:72ms
2025-09-12 01:22:36.594  2347-2347  100                     pid-2347                             I  Open /data/app/~~m1SWC1-S0pvMMdNvE3OM0Q==/com.google.android.play.games-m-TDThvzO9Bk0isyMt7jeQ==/base.apk took:53ms
2025-09-12 01:22:37.653  2484-2484  100                     pid-2484                             I  Open /data/app/~~kIVLgdoUICygCUmaJbFsDQ==/org.telegram.messenger-XthGRpngJQ22y0mTb4ad1w==/base.apk took:116ms
2025-09-12 01:22:42.250  2754-2754  100                     pid-2754                             I  Open /data/app/~~ZtHpugwLc5RNg9g_bpfwCw==/com.google.android.apps.docs-YdtPOCW1Ajw5XzGKS1z0uw==/base.apk took:62ms
2025-09-12 01:22:45.866  3064-3064  100                     pid-3064                             I  Open /data/app/~~sYZneO85yEO_BDzcQ2geuQ==/com.supercell.brawlstars-ONNh6M6oFupmInK-pohOlQ==/base.apk took:67ms
2025-09-12 01:22:47.445  3064-3172  100                     pid-3064                             I  Open /data/app/~~sUuMcsvT-8pWChfn2rZmyQ==/com.google.android.gms-1YqGAn4TuKy2C_L9rGlE1Q==/split_MeasurementDynamite_installtime.apk took:54ms
2025-09-12 01:22:47.935  3064-3064  309                     pid-3064                             I  package:com.supercell.brawlstars took:2209 calssname:android.app.ActivityThread$H callback:null what:110
2025-09-12 01:22:49.340  3287-3287  100                     pid-3287                             I  Open /data/app/~~k4Ki8iGVsHhdV9jg_7WEsA==/com.google.android.apps.photos-atZRfK0b8d7YsxOonfTf-Q==/base.apk took:154ms
2025-09-12 01:22:51.058  3421-3421  100                     pid-3421                             I  Open /data/app/~~LiYPydSkSNwhc4pNK1pL9Q==/com.google.android.youtube-o1We4LAciLFwlEtg1ucICQ==/base.apk took:76ms
2025-09-12 01:22:51.630  3421-3486  100                     pid-3421                             I  Open /system/framework/com.android.media.remotedisplay.jar took:190ms
2025-09-12 01:22:51.828  3522-3522  100                     pid-3522                             I  Open /data/app/~~qEk25AwPX9vPCXRVcQ0qsg==/com.google.android.apps.docs.editors.sheets-BzkB8-rQOAkVlZrjZo3I5Q==/base.apk took:105ms
2025-09-12 01:22:53.541  3678-3678  100                     pid-3678                             I  Open /data/app/~~g--JwoYhvap0wnqq5a0oUw==/com.google.android.gm-NEnQnl5IfxEJDvN_dmy5yQ==/base.apk took:194ms
2025-09-12 01:22:54.494  3678-3765  100                     pid-3678                             I  Open /data/app/~~sUuMcsvT-8pWChfn2rZmyQ==/com.google.android.gms-1YqGAn4TuKy2C_L9rGlE1Q==/split_DynamiteLoader_installtime.apk took:241ms
2025-09-12 01:22:54.779  3678-3765  100                     pid-3678                             I  Open /data/app/~~sUuMcsvT-8pWChfn2rZmyQ==/com.google.android.gms-1YqGAn4TuKy2C_L9rGlE1Q==/split_CronetDynamite_installtime.apk took:79ms
2025-09-12 01:23:04.243  3986-3986  100                     pid-3986                             I  Open /data/app/~~PkSUgGPlbmXhez5Q07Fy2A==/com.google.android.calendar-sCTeHCBqav7STajVVCPUxA==/base.apk took:124ms
2025-09-12 01:23:21.629  4139-4139  100                     pid-4139                             I  Open /data/app/~~ZmL-EdHLDw27roMdk-kyHA==/com.google.android.apps.turbo-UkUR5yJJ0ACD1y6mt0dlAw==/base.apk took:57ms
2025-09-12 01:24:13.850  2754-2779  101                     pid-2754                             I  #186
2025-09-12 01:29:31.402  5993-5993  100                     pid-5993                             I  Open /data/app/~~2HOK_kd-h_cOIhEdYOgE_Q==/com.microsoft.office.outlook-JL8xGvOTnKiNDwB3od4tpA==/base.apk took:129ms
2025-09-12 01:29:31.426  6004-6004  100                     pid-6004                             I  Open /data/app/~~McLZe3YfK9xBFzl1tpSoqg==/org.yoki.android.buienalarm-_p3IZGkr9ydaTuS36qjntg==/base.apk took:104ms
2025-09-12 01:29:31.952  6004-6063  100                     pid-6004                             I  Open /data/app/~~sUuMcsvT-8pWChfn2rZmyQ==/com.google.android.gms-1YqGAn4TuKy2C_L9rGlE1Q==/base.apk took:54ms
2025-09-12 01:29:32.058  6004-6049  100                     pid-6004                             I  Open /data/app/~~sUuMcsvT-8pWChfn2rZmyQ==/com.google.android.gms-1YqGAn4TuKy2C_L9rGlE1Q==/split_MeasurementDynamite_installtime.apk took:79ms
2025-09-12 01:29:33.352  3143-3143  309                     com.android.phone                    I  package:com.android.phone took:1084 calssname:android.os.Handler callback:android.telephony.-$$Lambda$PhoneStateListener$IPhoneStateListenerStub$5J-sdvem6pUpdVwRdm8IbDhvuv8@a483b65 what:0
2025-09-12 01:29:33.416  5993-5993  309                     pid-5993                             I  package:com.microsoft.office.outlook took:2159 calssname:android.app.ActivityThread$H callback:null what:110
2025-09-12 01:29:33.710  6177-6177  100                     pid-6177                             I  Open /data/app/~~zcleDNEqnf9vXIK_LH-saA==/com.azure.authenticator-Y3rFiHHSRUUJIVHZ_-qf_Q==/base.apk took:197ms
2025-09-12 01:29:35.014  6177-6177  309                     pid-6177                             I  package:com.azure.authenticator took:1569 calssname:android.app.ActivityThread$H callback:null what:110
2025-09-12 01:29:48.474  6424-6424  100                     pid-6424                             I  Open /data/app/~~aCb0gmuDP07XoaKh7u68Dg==/com.microsoft.office.word-ENy4YQ4Y4qaJA-J_2GyeYg==/base.apk took:130ms
2025-09-12 01:29:48.602  6431-6431  100                     pid-6431                             I  Open /data/app/~~honA4eJQ7-waRG9wxPvxyA==/com.microsoft.teams-wWC9OvIjeBC4s7srbC4i6w==/base.apk took:234ms
2025-09-12 01:29:49.555  6431-6431  309                     pid-6431                             I  package:com.microsoft.teams took:1222 calssname:android.app.ActivityThread$H callback:null what:110
2025-09-12 01:31:41.848  5993-6038  101                     pid-5993                             I  #201
2025-09-12 01:40:04.076  3287-3327  100                     pid-3287                             I  Open /data/app/~~sUuMcsvT-8pWChfn2rZmyQ==/com.google.android.gms-1YqGAn4TuKy2C_L9rGlE1Q==/split_CronetDynamite_installtime.apk took:150ms
2025-09-12 01:40:11.697  9711-9711  100                     pid-9711                             I  Open /data/app/~~QiHAbkadMe53TCElAaXEcw==/com.google.android.apps.maps-gWb3NKBXCMOJMifgu2KrZg==/base.apk took:106ms
2025-09-12 01:40:12.603  9761-9761  100                     pid-9761                             I  Open /data/app/~~UMZBHkSpmGpwXkp2QKePcw==/com.google.android.projection.gearhead-uoXerTVUU5VzEEEyA2OfyA==/base.apk took:53ms
2025-09-12 01:40:13.109  9672-9699  101                     pid-9672                             I  #300
2025-09-12 01:40:13.225  9711-9750  100                     pid-9711                             I  Open /data/app/~~sUuMcsvT-8pWChfn2rZmyQ==/com.google.android.gms-1YqGAn4TuKy2C_L9rGlE1Q==/split_GoogleCertificates_installtime.apk took:313ms
2025-09-12 01:40:13.590  9761-9761  309                     pid-9761                             I  package:com.google.android.projection.gearhead took:1077 calssname:android.app.ActivityThread$H callback:null what:110
2025-09-12 01:40:45.988  9902-9927  101                     pid-9902                             I  #272
2025-09-12 01:40:59.387 10027-10027 100                     pid-10027                            I  Open /data/app/~~k4Ki8iGVsHhdV9jg_7WEsA==/com.google.android.apps.photos-atZRfK0b8d7YsxOonfTf-Q==/base.apk took:149ms
2025-09-12 01:41:19.207 10096-10115 101                     pid-10096                            I  #245
2025-09-12 01:41:38.679 10252-10252 100                     pid-10252                            I  Open /data/app/~~d5MKLK8AGNZEQxnjiXp1bA==/com.google.android.googlequicksearchbox-vV8ZXzCVmxXj1L9dbkZr5g==/base.apk took:128ms
2025-09-12 01:43:11.035 10858-10858 100                     pid-10858                            I  Open /data/app/~~JIrMIEwPXyV9XNHU1WNrZA==/com.android.vending-hPgcGKfm3jxEfZC-8CFsxg==/base.apk took:118ms
2025-09-12 01:43:11.075 10852-10852 100                     pid-10852                            I  Open /data/app/~~x5pue9fivFaiBAA2iCzoUQ==/com.snapchat.android-BHn4qJ_4xa0VYxsw8hrQyg==/base.apk took:164ms
2025-09-12 01:44:01.782 11245-11245 100                     pid-11245                            I  Open /data/app/~~fy0jb2rbDzsvOFJyp8Iz4g==/com.google.android.apps.tachyon-cdxWy22lXWNLXyudgpHXeA==/base.apk took:89ms
2025-09-12 01:47:45.501 12376-12376 100                     pid-12376                            I  Open /data/app/~~UKnr5eUB9Jfl4g4iJzzViA==/com.google.android.videos-WKQSS4NXLllxcZ-FYlHLWg==/base.apk took:129ms
2025-09-12 01:47:45.570 12350-12350 100                     pid-12350                            I  Open /data/app/~~nvsxeGNoSP43xmYEo00MAA==/com.google.android.apps.youtube.music-1bMwIOr9eKd-mnkVoBeLpA==/base.apk took:207ms
2025-09-12 01:47:45.588 12356-12356 100                     pid-12356                            I  Open /data/app/~~wRL7zdxefMdRrqrXTjeItQ==/com.linkedin.android-ePNDTw0TsQfUpD61ETyKig==/base.apk took:250ms
2025-09-12 01:47:46.410 12376-12376 309                     pid-12376                            I  package:com.google.android.videos took:1055 calssname:android.app.ActivityThread$H callback:null what:110
2025-09-12 01:47:46.560 12350-12350 309                     pid-12350                            I  package:com.google.android.apps.youtube.music took:1249 calssname:android.app.ActivityThread$H callback:null what:110
2025-09-12 01:47:46.602 12350-12442 100                     pid-12350                            I  Open /data/app/~~sUuMcsvT-8pWChfn2rZmyQ==/com.google.android.gms-1YqGAn4TuKy2C_L9rGlE1Q==/split_MeasurementDynamite_installtime.apk took:104ms
2025-09-12 01:47:46.857 12350-12516 100                     pid-12350                            I  Open /data/app/~~sUuMcsvT-8pWChfn2rZmyQ==/com.google.android.gms-1YqGAn4TuKy2C_L9rGlE1Q==/base.apk took:79ms
2025-09-12 01:47:46.893 12565-12565 100                     pid-12565                            I  Open /data/app/~~n0C6s5ip0tqPlVYf_MBGVQ==/com.oneplus.gallery-8LOvRCkfJjnRvge17DCVcQ==/base.apk took:55ms
2025-09-12 01:47:47.383 12356-12356 309                     pid-12356                            I  package:com.linkedin.android took:2065 calssname:android.app.ActivityThread$H callback:null what:110
2025-09-12 01:59:09.121 15792-15792 100                     pid-15792                            I  Open /data/app/~~zcleDNEqnf9vXIK_LH-saA==/com.azure.authenticator-Y3rFiHHSRUUJIVHZ_-qf_Q==/base.apk took:116ms
2025-09-12 01:59:10.049 15792-15792 309                     pid-15792                            I  package:com.azure.authenticator took:1077 calssname:android.app.ActivityThread$H callback:null what:110
2025-09-12 02:00:56.272 16355-16355 100                     pid-16355                            I  Open /data/app/~~2HOK_kd-h_cOIhEdYOgE_Q==/com.microsoft.office.outlook-JL8xGvOTnKiNDwB3od4tpA==/base.apk took:78ms
2025-09-12 02:00:57.176 16355-16355 309                     pid-16355                            I  package:com.microsoft.office.outlook took:1001 calssname:android.app.ActivityThread$H callback:null what:110
2025-09-12 02:04:33.601 17596-17596 100                     pid-17596                            I  Open /data/app/~~McLZe3YfK9xBFzl1tpSoqg==/org.yoki.android.buienalarm-_p3IZGkr9ydaTuS36qjntg==/base.apk took:113ms
2025-09-12 02:04:34.396 17658-17658 100                     pid-17658                            I  Open /system/reserve/Weather/Weather.apk took:71ms
2025-09-12 02:04:36.244 17792-17792 100                     pid-17792                            I  Open /data/app/~~LiYPydSkSNwhc4pNK1pL9Q==/com.google.android.youtube-o1We4LAciLFwlEtg1ucICQ==/base.apk took:118ms
2025-09-12 02:04:36.954 17792-17840 100                     pid-17792                            I  Open /system/framework/com.android.media.remotedisplay.jar took:300ms
2025-09-12 02:04:37.261 17792-17880 100                     pid-17792                            I  Open /data/user/0/com.google.android.youtube/app_pccache/5/93C3DCFD0867095FE4406F170E27CC60B68F10CD/pcam.jar took:56ms
2025-09-12 02:10:55.148 19833-19833 100                     pid-19833                            I  Open /data/app/~~k4Ki8iGVsHhdV9jg_7WEsA==/com.google.android.apps.photos-atZRfK0b8d7YsxOonfTf-Q==/base.apk took:77ms
2025-09-12 02:12:51.105  3143-3143  309                     com.android.phone                    I  package:com.android.phone took:1837 calssname:android.os.Handler callback:android.telephony.-$$Lambda$PhoneStateListener$IPhoneStateListenerStub$5J-sdvem6pUpdVwRdm8IbDhvuv8@6e0e867 what:0
2025-09-12 02:15:57.996 21325-21325 100                     pid-21325                            I  Open /data/app/~~x5pue9fivFaiBAA2iCzoUQ==/com.snapchat.android-BHn4qJ_4xa0VYxsw8hrQyg==/base.apk took:122ms
2025-09-12 02:21:49.525 23037-23037 100                     pid-23037                            I  Open /data/app/~~ZtHpugwLc5RNg9g_bpfwCw==/com.google.android.apps.docs-YdtPOCW1Ajw5XzGKS1z0uw==/base.apk took:70ms
2025-09-12 02:21:49.591 23044-23044 100                     pid-23044                            I  Open /data/app/~~PkSUgGPlbmXhez5Q07Fy2A==/com.google.android.calendar-sCTeHCBqav7STajVVCPUxA==/base.apk took:120ms
2025-09-12 02:21:49.646 23068-23068 100                     pid-23068                            I  Open /data/app/~~JIrMIEwPXyV9XNHU1WNrZA==/com.android.vending-hPgcGKfm3jxEfZC-8CFsxg==/base.apk took:159ms
2025-09-12 02:21:49.681 23096-23096 100                     pid-23096                            I  Open /data/app/~~5XsZnRNgk7LAAjKU571y4w==/com.abnamro.nl.tikkie-2-o3bDTKTJ7U78Zdll9X1w==/base.apk took:171ms
2025-09-12 02:21:50.313 23266-23266 100                     pid-23266                            I  Open /system/priv-app/CalendarProvider/CalendarProvider.apk took:55ms
2025-09-12 02:21:50.509 23096-23215 100                     pid-23096                            I  Open /data/app/~~sUuMcsvT-8pWChfn2rZmyQ==/com.google.android.gms-1YqGAn4TuKy2C_L9rGlE1Q==/split_MeasurementDynamite_installtime.apk took:51ms
2025-09-12 02:21:50.532 23044-23044 309                     pid-23044                            I  package:com.google.android.calendar took:1084 calssname:android.app.ActivityThread$H callback:null what:110
2025-09-12 02:21:50.871 23096-23096 309                     pid-23096                            I  package:com.abnamro.nl.tikkie took:1383 calssname:android.app.ActivityThread$H callback:null what:110
2025-09-12 02:21:52.118 23037-23037 309                     pid-23037                            I  package:com.google.android.apps.docs took:1404 calssname:android.app.ActivityThread$H callback:null what:116
2025-09-12 02:21:52.119 23096-23096 309                     pid-23096                            I  package:com.abnamro.nl.tikkie took:1238 calssname:android.app.ActivityThread$H callback:null what:116
2025-09-12 02:21:52.153  3143-3143  309                     com.android.phone                    I  package:com.android.phone took:1478 calssname:android.os.Handler callback:android.telephony.-$$Lambda$PhoneStateListener$IPhoneStateListenerStub$5J-sdvem6pUpdVwRdm8IbDhvuv8@a897124 what:0
2025-09-12 02:21:54.042 23037-23237 100                     pid-23037                            I  Open /apex/com.android.extservices/javalib/android.ext.adservices.jar took:52ms
2025-09-12 02:21:54.169 23037-23237 100                     pid-23037                            I  Open /system/framework/com.android.media.remotedisplay.jar took:120ms
2025-09-12 02:21:54.298 23037-23237 100                     pid-23037                            I  Open /system/framework/com.android.location.provider.jar took:123ms
2025-09-12 02:21:54.637 23037-23237 100                     pid-23037                            I  Open /data/app/~~sUuMcsvT-8pWChfn2rZmyQ==/com.google.android.gms-1YqGAn4TuKy2C_L9rGlE1Q==/base.apk took:334ms
2025-09-12 02:21:54.801 23037-23164 101                     pid-23037                            I  #196
2025-09-12 02:21:54.895 23096-23179 101                     pid-23096                            I  #170
2025-09-12 02:21:56.621 23606-23606 100                     pid-23606                            I  Open /data/app/~~5ez-rY2UtrjKSXV8sRW4Qw==/com.reddit.frontpage-T6jCl4lWWBh3FKv-sWGucw==/base.apk took:170ms
2025-09-12 02:21:57.502 23606-23606 309                     pid-23606                            I  package:com.reddit.frontpage took:1082 calssname:android.app.ActivityThread$H callback:null what:110
2025-09-12 02:21:58.018 23708-23708 100                     pid-23708                            I  Open /data/app/~~ukI5icW927l3zkPxVhZPxg==/com.google.android.safetycore-BVWQzHFlOZBgTSdp8iUuXA==/base.apk took:51ms
2025-09-12 02:21:58.444 23708-23739 100                     pid-23708                            I  Open /data/app/~~sUuMcsvT-8pWChfn2rZmyQ==/com.google.android.gms-1YqGAn4TuKy2C_L9rGlE1Q==/split_DynamiteLoader_installtime.apk took:60ms
2025-09-12 02:21:58.513 23751-23751 100                     pid-23751                            I  Open /data/app/~~JSWBYSenMZkV6H2wfTQKKw==/nl.ns.android.activity-slv7lOzFOELrOXSXzueFTw==/base.apk took:102ms
2025-09-12 02:21:58.721 23708-23739 100                     pid-23708                            I  Open /data/app/~~sUuMcsvT-8pWChfn2rZmyQ==/com.google.android.gms-1YqGAn4TuKy2C_L9rGlE1Q==/split_GoogleCertificates_installtime.apk took:68ms
2025-09-12 02:21:58.862 23773-23773 100                     pid-23773                            I  Open /data/app/~~QMdVsV8gpsZ4bGiqvOcvHA==/com.adobe.fas-wO_WphGl0cNpoJYiBAbhGg==/base.apk took:102ms
2025-09-12 02:21:59.416 23751-23751 309                     pid-23751                            I  package:nl.ns.android.activity took:1034 calssname:android.app.ActivityThread$H callback:null what:110
2025-09-12 02:21:59.796 23939-23939 100                     pid-23939                            I  Open /data/app/~~MdHNpjaQnAvI2lxdoJWotg==/com.takeaway.android-P8bCBNU97UJWGcr-oBfZsQ==/base.apk took:111ms
2025-09-12 02:22:00.758 23939-23939 309                     pid-23939                            I  package:com.takeaway.android took:1106 calssname:android.app.ActivityThread$H callback:null what:110
2025-09-12 02:22:01.387 23939-23939 100                     pid-23939                            I  Open /data/user_de/0/com.google.android.gms/app_chimera/m/00000c68/dl-MapsCoreDynamite.integ_252725201100400.apk took:104ms
2025-09-12 02:22:01.423 23939-24196 100                     pid-23939                            I  Open /data/app/~~wkuFu6q3CYzVbbNy2HQsOQ==/com.google.android.webview-fGro1G7t8dfOZWIlhRyp5A==/base.apk took:70ms
2025-09-12 02:22:02.110 23939-23939 101                     pid-23939                            I  #554
2025-09-12 02:22:02.383 23939-23939 309                     pid-23939                            I  package:com.takeaway.android took:1162 calssname:android.os.Handler callback:DispatchedContinuation[Dispatchers.Main, Continuation at com.justeat.location.api.maps.GoogleMapsInitialiser$invoke$2.invokeSuspend(GoogleMapsInitialiser.kt)@99c07bb] what:0
2025-09-12 02:22:02.734 24328-24328 100                     pid-24328                            I  Open /data/app/~~n0C6s5ip0tqPlVYf_MBGVQ==/com.oneplus.gallery-8LOvRCkfJjnRvge17DCVcQ==/base.apk took:62ms
2025-09-12 02:22:36.941 24490-24490 100                     pid-24490                            I  Open /data/app/~~k4Ki8iGVsHhdV9jg_7WEsA==/com.google.android.apps.photos-atZRfK0b8d7YsxOonfTf-Q==/base.apk took:109ms
2025-09-12 02:22:53.899 24552-24552 100                     pid-24552                            I  Open /data/app/~~KEGryMPVaFlZHQhDssZxrw==/com.duckduckgo.mobile.android--sSVTFDMpJqWerzSgGTj5g==/base.apk took:91ms
2025-09-12 02:23:41.876 24842-24842 100                     pid-24842                            I  Open /data/app/~~JIrMIEwPXyV9XNHU1WNrZA==/com.android.vending-hPgcGKfm3jxEfZC-8CFsxg==/base.apk took:78ms
2025-09-12 02:23:41.932 24864-24864 100                     pid-24864                            I  Open /data/app/~~fy0jb2rbDzsvOFJyp8Iz4g==/com.google.android.apps.tachyon-cdxWy22lXWNLXyudgpHXeA==/base.apk took:115ms
2025-09-12 02:23:42.770 24864-24980 100                     pid-24864                            I  Open /data/app/~~sUuMcsvT-8pWChfn2rZmyQ==/com.google.android.gms-1YqGAn4TuKy2C_L9rGlE1Q==/split_DynamiteLoader_installtime.apk took:60ms
2025-09-12 02:23:44.889 25041-25041 100                     pid-25041                            I  Open /data/app/~~d5MKLK8AGNZEQxnjiXp1bA==/com.google.android.googlequicksearchbox-vV8ZXzCVmxXj1L9dbkZr5g==/base.apk took:132ms
2025-09-12 02:29:30.096 25313-25313 100                     pid-25313                            I  Open /data/app/~~KuUB7bJ48gRgtSKcRJyzQA==/com.google.android.apps.messaging-e-6h0SSkx7rdogJEEC4epg==/base.apk took:189ms
2025-09-12 02:30:24.410 25439-25439 100                     pid-25439                            I  Open /data/app/~~zcleDNEqnf9vXIK_LH-saA==/com.azure.authenticator-Y3rFiHHSRUUJIVHZ_-qf_Q==/base.apk took:115ms
2025-09-12 02:30:25.329 25439-25439 309                     pid-25439                            I  package:com.azure.authenticator took:1072 calssname:android.app.ActivityThread$H callback:null what:110
2025-09-12 02:42:23.825 26071-26071 100                     pid-26071                            I  Open /data/app/~~wRL7zdxefMdRrqrXTjeItQ==/com.linkedin.android-ePNDTw0TsQfUpD61ETyKig==/base.apk took:183ms
2025-09-12 02:42:24.826 26071-26071 309                     pid-26071                            I  package:com.linkedin.android took:1200 calssname:android.app.ActivityThread$H callback:null what:110
2025-09-12 02:42:28.880 26063-26135 101                     pid-26063                            I  #227
2025-09-12 02:46:27.685  3107-3107  309                     com...m.qti.devicestatisticsservice  I  package:com.qualcomm.qti.devicestatisticsservice took:1049 calssname:android.app.ActivityThread$H callback:android.app.-$$Lambda$LoadedApk$ReceiverDispatcher$Args$_BumDX2UKsnxLVrE6UJsJZkotuA@50009b9 what:0
2025-09-12 02:49:15.606 27221-27221 100                     pid-27221                            I  Open /data/app/~~2HOK_kd-h_cOIhEdYOgE_Q==/com.microsoft.office.outlook-JL8xGvOTnKiNDwB3od4tpA==/base.apk took:92ms
2025-09-12 02:49:16.610 27221-27221 309                     pid-27221                            I  package:com.microsoft.office.outlook took:1103 calssname:android.app.ActivityThread$H callback:null what:110
2025-09-12 02:51:57.470  3143-3143  309                     com.android.phone                    I  package:com.android.phone took:1642 calssname:android.os.Handler callback:android.telephony.-$$Lambda$PhoneStateListener$IPhoneStateListenerStub$5J-sdvem6pUpdVwRdm8IbDhvuv8@fb63633 what:0
2025-09-12 02:54:41.651 25439-25460 101                     pid-25439                            I  #223
2025-09-12 03:03:36.346 31403-31403 100                     pid-31403                            I  Open /data/app/~~SbnnmkGtIseTrSE-PrqG_w==/com.rubytribe.skinvision.ac-HgmNiiVahRKqKu6eAurPGg==/base.apk took:64ms
2025-09-12 03:06:55.403 32380-32380 100                     pid-32380                            I  Open /data/app/~~aCb0gmuDP07XoaKh7u68Dg==/com.microsoft.office.word-ENy4YQ4Y4qaJA-J_2GyeYg==/base.apk took:68ms
2025-09-12 03:06:55.896 32467-32467 100                     pid-32467                            I  Open /system/reserve/Weather/Weather.apk took:65ms
2025-09-12 03:22:47.146  6365-6365  100                     pid-6365                             I  Open /data/app/~~zcleDNEqnf9vXIK_LH-saA==/com.azure.authenticator-Y3rFiHHSRUUJIVHZ_-qf_Q==/base.apk took:111ms
2025-09-12 03:22:48.104  6365-6365  309                     pid-6365                             I  package:com.azure.authenticator took:1099 calssname:android.app.ActivityThread$H callback:null what:110
2025-09-12 03:29:29.981  8387-8387  100                     pid-8387                             I  Open /data/app/~~KuUB7bJ48gRgtSKcRJyzQA==/com.google.android.apps.messaging-e-6h0SSkx7rdogJEEC4epg==/base.apk took:133ms
2025-09-12 03:29:30.776  8498-8498  100                     pid-8498                             I  Open /data/app/~~KEGryMPVaFlZHQhDssZxrw==/com.duckduckgo.mobile.android--sSVTFDMpJqWerzSgGTj5g==/base.apk took:58ms
2025-09-12 03:29:30.805  8458-8458  100                     pid-8458                             I  Open /data/app/~~QiHAbkadMe53TCElAaXEcw==/com.google.android.apps.maps-gWb3NKBXCMOJMifgu2KrZg==/base.apk took:98ms
2025-09-12 03:29:31.973  8681-8681  100                     pid-8681                             I  Open /data/app/~~UMZBHkSpmGpwXkp2QKePcw==/com.google.android.projection.gearhead-uoXerTVUU5VzEEEyA2OfyA==/base.apk took:53ms
2025-09-12 03:29:32.582  8458-8620  100                     pid-8458                             I  Open /data/app/~~sUuMcsvT-8pWChfn2rZmyQ==/com.google.android.gms-1YqGAn4TuKy2C_L9rGlE1Q==/split_GoogleCertificates_installtime.apk took:543ms
2025-09-12 03:29:33.073  8458-8620  101                     pid-8458                             I  #222
2025-09-12 03:29:33.096  8681-8681  309                     pid-8681                             I  package:com.google.android.projection.gearhead took:1234 calssname:android.app.ActivityThread$H callback:null what:110
2025-09-12 03:29:33.195  8458-8743  100                     pid-8458                             I  Open /data/app/~~sUuMcsvT-8pWChfn2rZmyQ==/com.google.android.gms-1YqGAn4TuKy2C_L9rGlE1Q==/split_MeasurementDynamite_installtime.apk took:119ms
2025-09-12 03:29:33.523  8458-8718  100                     pid-8458                             I  Open /data/app/~~sUuMcsvT-8pWChfn2rZmyQ==/com.google.android.gms-1YqGAn4TuKy2C_L9rGlE1Q==/base.apk took:103ms
2025-09-12 03:29:35.970  8498-8524  101                     pid-8498                             I  #170
2025-09-12 03:31:03.019  3143-3143  309                     com.android.phone                    I  package:com.android.phone took:1268 calssname:android.os.Handler callback:android.telephony.-$$Lambda$PhoneStateListener$IPhoneStateListenerStub$5J-sdvem6pUpdVwRdm8IbDhvuv8@4344f33 what:0
2025-09-12 03:34:50.948 10402-10402 100                     pid-10402                            I  Open /data/app/~~x5pue9fivFaiBAA2iCzoUQ==/com.snapchat.android-BHn4qJ_4xa0VYxsw8hrQyg==/base.apk took:94ms
2025-09-12 03:34:50.986 10454-10454 100                     pid-10454                            I  Open /data/app/~~2HOK_kd-h_cOIhEdYOgE_Q==/com.microsoft.office.outlook-JL8xGvOTnKiNDwB3od4tpA==/base.apk took:55ms
