2025-09-11 17:42:57.393 30891-30891 100                     pid-30891                            I  Open /data/app/~~McLZe3YfK9xBFzl1tpSoqg==/org.yoki.android.buienalarm-_p3IZGkr9ydaTuS36qjntg==/base.apk took:137ms
2025-09-11 17:43:41.462  5633-21197 111                     pid-5633                             I   OptJank - continuously drops frames:4
2025-09-11 17:43:41.613  5633-21197 111                     pid-5633                             I   OptJank - continuously drops frames:4
2025-09-11 17:43:58.805  5633-21197 111                     pid-5633                             I   OptJank - continuously drops frames:4
2025-09-11 17:44:12.846  5633-21197 111                     pid-5633                             I   OptJank - continuously drops frames:4
2025-09-11 17:44:18.108  5633-21197 111                     pid-5633                             I   OptJank - continuously drops frames:4
2025-09-11 17:44:18.220  5633-21197 111                     pid-5633                             I   OptJank - continuously drops frames:4
2025-09-11 17:44:19.618  5633-21197 111                     pid-5633                             I   OptJank - continuously drops frames:4
2025-09-11 17:44:20.461  5633-21197 111                     pid-5633                             I   OptJank - continuously drops frames:4
2025-09-11 17:44:20.461  5633-21197 111                     pid-5633                             I   OptJank - high percentage:0.65
2025-09-11 17:44:20.633  5633-21197 110                     pid-5633                             I   OptJank - total:102 frameGap:102 delta#33#124#6#4#5#17
2025-09-11 17:44:20.633  5633-21197 111                     pid-5633                             I  OptJank - big and big
2025-09-11 17:44:20.678  5633-21197 111                     pid-5633                             I  OptJank - big and small
2025-09-11 17:44:20.706  5633-21197 111                     pid-5633                             I   OptJank - continuously drops frames:4
2025-09-11 17:44:23.332  5633-21197 111                     pid-5633                             I   OptJank - continuously drops frames:4
2025-09-11 17:44:46.755  5633-21197 111                     pid-5633                             I   OptJank - continuously drops frames:4
2025-09-11 17:44:46.831  5633-21197 111                     pid-5633                             I   OptJank - continuously drops frames:4
2025-09-11 17:44:46.894  5633-21197 111                     pid-5633                             I   OptJank - continuously drops frames:4
2025-09-11 17:45:21.997  1305-1870  300                     system_server                        I  771
2025-09-11 17:45:23.751 12975-12975 309                     pid-12975                            I  package:com.instagram.android took:1058 calssname:android.app.ActivityThread$H callback:android.app.-$$Lambda$LoadedApk$ReceiverDispatcher$Args$_BumDX2UKsnxLVrE6UJsJZkotuA@fa9c3 what:0
2025-09-11 17:46:55.684  1305-1870  300                     system_server                        I  292
2025-09-11 17:46:56.527  5633-21197 110                     pid-5633                             I   OptJank - total:123 frameGap:135 delta#0#1#1#0#2#119
2025-09-11 17:46:56.897  5633-21197 110                     pid-5633                             I   OptJank - total:369 frameGap:369 delta#383#9#9#0#0#82
2025-09-11 17:46:56.897  5633-21197 111                     pid-5633                             I  OptJank - big and big
2025-09-11 17:46:57.175  5633-21197 110                     pid-5633                             I   OptJank - total:277 frameGap:277 delta#333#2#1#0#0#10
2025-09-11 17:46:57.682 12975-12975 309                     pid-12975                            I  package:com.instagram.android took:1591 calssname:android.app.ActivityThread$H callback:null what:114
2025-09-11 17:47:12.983  5633-21197 110                     pid-5633                             I   OptJank - total:304 frameGap:315 delta#0#293#263#10#1#9
2025-09-11 17:47:13.046  5633-21197 110                     pid-5633                             I   OptJank - total:63 frameGap:63 delta#250#41#15#4#1#43
2025-09-11 17:47:13.046  5633-21197 111                     pid-5633                             I  OptJank - big and big
2025-09-11 17:47:13.266  5633-21197 111                     pid-5633                             I   OptJank - continuously drops frames:4
2025-09-11 17:47:13.333  5633-21197 111                     pid-5633                             I   OptJank - continuously drops frames:4
2025-09-11 17:47:13.433  5633-21197 111                     pid-5633                             I   OptJank - continuously drops frames:4
2025-09-11 17:47:13.500  5633-21197 111                     pid-5633                             I   OptJank - continuously drops frames:4
2025-09-11 17:47:15.618  5633-21197 111                     pid-5633                             I   OptJank - high percentage:0.85
2025-09-11 17:48:15.437  5633-21197 111                     pid-5633                             I   OptJank - continuously drops frames:4
2025-09-11 17:48:28.652  5633-21197 111                     pid-5633                             I   OptJank - continuously drops frames:4
2025-09-11 17:48:28.740  5633-21197 111                     pid-5633                             I   OptJank - continuously drops frames:4
2025-09-11 17:48:40.994  5633-21197 111                     pid-5633                             I   OptJank - continuously drops frames:4
2025-09-11 17:48:41.061  5633-21197 111                     pid-5633                             I   OptJank - continuously drops frames:4
2025-09-11 17:48:41.639  5633-21197 110                     pid-5633                             I   OptJank - total:236 frameGap:246 delta#0#1#0#0#0#235
2025-09-11 17:48:41.775  5633-21197 111                     pid-5633                             I   OptJank - high percentage:0.65
2025-09-11 17:49:12.862  5633-21197 111                     pid-5633                             I   OptJank - continuously drops frames:4
2025-09-11 17:49:13.007  5633-21197 111                     pid-5633                             I   OptJank - continuously drops frames:4
2025-09-11 17:49:13.048  5633-21197 111                     pid-5633                             I   OptJank - high percentage:0.65
2025-09-11 17:49:13.132  5633-21197 111                     pid-5633                             I   OptJank - continuously drops frames:4
2025-09-11 17:49:13.198  5633-21197 111                     pid-5633                             I   OptJank - continuously drops frames:4
2025-09-11 17:49:13.318  5633-21197 111                     pid-5633                             I   OptJank - continuously drops frames:4
2025-09-11 17:49:13.432  5633-21197 111                     pid-5633                             I   OptJank - continuously drops frames:4
2025-09-11 17:49:13.460  5633-21197 111                     pid-5633                             I   OptJank - high percentage:0.9
2025-09-11 17:49:18.446  5633-21197 111                     pid-5633                             I   OptJank - continuously drops frames:4
2025-09-11 17:49:18.512  5633-21197 111                     pid-5633                             I   OptJank - continuously drops frames:4
2025-09-11 17:49:18.580  5633-21197 111                     pid-5633                             I   OptJank - continuously drops frames:4
2025-09-11 17:49:18.646  5633-21197 111                     pid-5633                             I   OptJank - continuously drops frames:4
2025-09-11 17:49:18.744  5633-21197 111                     pid-5633                             I   OptJank - high percentage:0.9
2025-09-11 17:49:18.880  5633-21197 111                     pid-5633                             I   OptJank - continuously drops frames:4
2025-09-11 17:49:18.946  5633-21197 111                     pid-5633                             I   OptJank - continuously drops frames:4
2025-09-11 17:49:19.076  5633-21197 111                     pid-5633                             I   OptJank - high percentage:0.8
2025-09-11 17:49:19.179  5633-21197 111                     pid-5633                             I   OptJank - continuously drops frames:4
2025-09-11 17:49:19.264  5633-21197 111                     pid-5633                             I   OptJank - continuously drops frames:4
2025-09-11 17:49:19.416  5633-21197 111                     pid-5633                             I   OptJank - high percentage:0.7
2025-09-11 17:49:20.600  5633-21197 111                     pid-5633                             I   OptJank - continuously drops frames:4
2025-09-11 17:49:20.678  5633-21197 111                     pid-5633                             I   OptJank - continuously drops frames:4
2025-09-11 17:49:21.545  5633-21197 111                     pid-5633                             I   OptJank - continuously drops frames:4
2025-09-11 17:49:21.689  5633-21197 111                     pid-5633                             I   OptJank - continuously drops frames:4
2025-09-11 17:49:37.609  5633-21197 111                     pid-5633                             I  OptJank - big and big
2025-09-11 17:49:37.646  5633-21197 111                     pid-5633                             I  OptJank - big and small
2025-09-11 17:49:37.663  5633-21197 111                     pid-5633                             I   OptJank - continuously drops frames:4
2025-09-11 17:49:39.152  5633-21197 111                     pid-5633                             I   OptJank - continuously drops frames:4
2025-09-11 17:49:39.571  5633-21197 111                     pid-5633                             I   OptJank - continuously drops frames:4
2025-09-11 17:49:39.704  5633-21197 111                     pid-5633                             I   OptJank - continuously drops frames:4
2025-09-11 17:49:40.769  5633-21197 111                     pid-5633                             I   OptJank - continuously drops frames:4
2025-09-11 17:49:40.809  5633-21197 111                     pid-5633                             I   OptJank - high percentage:0.8
2025-09-11 17:50:08.747  5633-21197 111                     pid-5633                             I   OptJank - continuously drops frames:4
2025-09-11 17:50:09.463  5633-21197 111                     pid-5633                             I   OptJank - continuously drops frames:4
2025-09-11 17:50:09.463  5633-21197 111                     pid-5633                             I   OptJank - high percentage:0.65
2025-09-11 17:50:32.382 32523-32523 100                     pid-32523                            I  Open /data/app/~~b16rpPhOr7TLnlM-Ekelcw==/com.google.android.partnersetup-u705w8lqyYGru4r1_1fdFQ==/base.apk took:68ms
2025-09-11 17:50:32.420 32555-32555 100                     pid-32555                            I  Open /data/app/~~QFZzbJYHg1eayiF5Hyg6xw==/com.google.ar.core-BfwwfVuRkqcfZhBsLR9LPA==/base.apk took:105ms
2025-09-11 17:50:32.453 32511-32511 100                     pid-32511                            I  Open /data/app/~~UQfwOvSvFpSRxJmwoMuU5Q==/com.shazam.android-jVG_dgNxHouSrbq5q3JOzw==/base.apk took:125ms
2025-09-11 17:50:32.474 32535-32535 100                     pid-32535                            I  Open /data/app/~~fy0jb2rbDzsvOFJyp8Iz4g==/com.google.android.apps.tachyon-cdxWy22lXWNLXyudgpHXeA==/base.apk took:165ms
2025-09-11 17:50:32.529 32529-32529 100                     pid-32529                            I  Open /data/app/~~AWToFZtAdCpR0u5Hme_N8w==/com.abnamro.nl.mobile.payments-0PVnwCLvLeOeMK66_RWsZQ==/base.apk took:216ms
2025-09-11 17:50:32.540 32517-32517 100                     pid-32517                            I  Open /data/app/~~QiHAbkadMe53TCElAaXEcw==/com.google.android.apps.maps-gWb3NKBXCMOJMifgu2KrZg==/base.apk took:219ms
2025-09-11 17:50:32.576 32495-32495 100                     pid-32495                            I  Open /data/app/~~QiHAbkadMe53TCElAaXEcw==/com.google.android.apps.maps-gWb3NKBXCMOJMifgu2KrZg==/base.apk took:227ms
2025-09-11 17:50:33.425 32555-32555 309                     pid-32555                            I  package:com.google.ar.core took:1154 calssname:android.app.ActivityThread$H callback:null what:110
2025-09-11 17:50:33.486 32511-32511 309                     pid-32511                            I  package:com.shazam.android took:1210 calssname:android.app.ActivityThread$H callback:null what:110
2025-09-11 17:50:33.585 32703-32703 100                     pid-32703                            I  Open /data/app/~~g--JwoYhvap0wnqq5a0oUw==/com.google.android.gm-NEnQnl5IfxEJDvN_dmy5yQ==/base.apk took:357ms
2025-09-11 17:50:33.595 32495-32495 309                     pid-32495                            I  package:com.google.android.apps.maps took:1299 calssname:android.app.ActivityThread$H callback:null what:110
2025-09-11 17:50:33.885 32517-32517 309                     pid-32517                            I  package:com.google.android.apps.maps took:1601 calssname:android.app.ActivityThread$H callback:null what:110
2025-09-11 17:50:33.927 32511-32720 100                     pid-32511                            I  Open /data/app/~~sUuMcsvT-8pWChfn2rZmyQ==/com.google.android.gms-1YqGAn4TuKy2C_L9rGlE1Q==/split_MeasurementDynamite_installtime.apk took:126ms
2025-09-11 17:50:34.628 32529-619   100                     pid-32529                            I  Open /data/app/~~sUuMcsvT-8pWChfn2rZmyQ==/com.google.android.gms-1YqGAn4TuKy2C_L9rGlE1Q==/split_MeasurementDynamite_installtime.apk took:133ms
2025-09-11 17:50:34.828 32517-556   100                     pid-32517                            I  Open /data/app/~~sUuMcsvT-8pWChfn2rZmyQ==/com.google.android.gms-1YqGAn4TuKy2C_L9rGlE1Q==/split_GoogleCertificates_installtime.apk took:146ms
2025-09-11 17:50:35.106   816-816   100                     pid-816                              I  Open /data/app/~~UMZBHkSpmGpwXkp2QKePcw==/com.google.android.projection.gearhead-uoXerTVUU5VzEEEyA2OfyA==/base.apk took:195ms
2025-09-11 17:50:35.184   720-720   100                     pid-720                              I  Open /data/app/~~gylghVhEfI-L4uxHD57G3A==/nl.lisa_is.general-KEG0ctcM_ve20twP-7aBNw==/base.apk took:300ms
2025-09-11 17:50:35.257   689-689   100                     pid-689                              I  Open /data/app/~~5XsZnRNgk7LAAjKU571y4w==/com.abnamro.nl.tikkie-2-o3bDTKTJ7U78Zdll9X1w==/base.apk took:328ms
2025-09-11 17:50:35.325 32535-32535 309                     pid-32535                            I  package:com.google.android.apps.tachyon took:3027 calssname:android.app.ActivityThread$H callback:null what:110
2025-09-11 17:50:35.502 32517-996   100                     pid-32517                            I  Open /data/app/~~sUuMcsvT-8pWChfn2rZmyQ==/com.google.android.gms-1YqGAn4TuKy2C_L9rGlE1Q==/split_CronetDynamite_installtime.apk took:96ms
2025-09-11 17:50:35.915 32703-32703 309                     pid-32703                            I  package:com.google.android.gm took:2755 calssname:android.app.ActivityThread$H callback:null what:110
2025-09-11 17:50:36.029 32703-1127  100                     pid-32703                            I  Open /data/app/~~sUuMcsvT-8pWChfn2rZmyQ==/com.google.android.gms-1YqGAn4TuKy2C_L9rGlE1Q==/split_CronetDynamite_installtime.apk took:117ms
2025-09-11 17:50:36.121   720-720   309                     pid-720                              I  package:nl.lisa_is.general took:1307 calssname:android.app.ActivityThread$H callback:null what:110
2025-09-11 17:50:36.152   689-1255  100                     pid-689                              I  Open /data/app/~~sUuMcsvT-8pWChfn2rZmyQ==/com.google.android.gms-1YqGAn4TuKy2C_L9rGlE1Q==/split_MeasurementDynamite_installtime.apk took:54ms
2025-09-11 17:50:36.214   720-1217  100                     pid-720                              I  Open /data/app/~~sUuMcsvT-8pWChfn2rZmyQ==/com.google.android.gms-1YqGAn4TuKy2C_L9rGlE1Q==/base.apk took:115ms
2025-09-11 17:50:36.644 32529-32529 309                     pid-32529                            I  package:com.abnamro.nl.mobile.payments took:4403 calssname:android.app.ActivityThread$H callback:null what:110
2025-09-11 17:50:37.304   689-1578  100                     pid-689                              I  Open /data/app/~~wkuFu6q3CYzVbbNy2HQsOQ==/com.google.android.webview-fGro1G7t8dfOZWIlhRyp5A==/base.apk took:101ms
2025-09-11 17:50:37.390  1439-1439  100                     pid-1439                             I  Open /data/app/~~JSWBYSenMZkV6H2wfTQKKw==/nl.ns.android.activity-slv7lOzFOELrOXSXzueFTw==/base.apk took:408ms
2025-09-11 17:50:37.643 32703-1610  101                     pid-32703                            I  #364
2025-09-11 17:50:37.666  1635-1635  100                     pid-1635                             I  Open /system/priv-app/OnePlusCameraService/OnePlusCameraService.apk took:109ms
2025-09-11 17:50:37.828 32535-32672 101                     pid-32535                            I  #202
2025-09-11 17:50:37.833   689-689   309                     pid-689                              I  package:com.abnamro.nl.tikkie took:3054 calssname:android.app.ActivityThread$H callback:null what:110
2025-09-11 17:50:38.350 32703-1610  101                     pid-32703                            I  #152
2025-09-11 17:50:38.358  1701-1701  100                     pid-1701                             I  Open /data/app/~~nz7DZH1ztZgyZ2-rvl_6ZA==/com.google.android.apps.wellbeing-z8QkF7zx2fOS4abJn9lteA==/base.apk took:330ms
2025-09-11 17:50:38.953 32703-338   101                     pid-32703                            I  #279
2025-09-11 17:50:38.990  1889-1889  100                     pid-1889                             I  Open /apex/com.android.extservices/javalib/android.ext.adservices.jar took:75ms
2025-09-11 17:50:39.191  7610-7610  309                     pid-7610                             I  package:com.android.vending took:1130 calssname:android.app.ActivityThread$H callback:null what:114
2025-09-11 17:50:39.631  1923-1923  100                     pid-1923                             I  Open /data/app/~~QMdVsV8gpsZ4bGiqvOcvHA==/com.adobe.fas-wO_WphGl0cNpoJYiBAbhGg==/base.apk took:324ms
2025-09-11 17:50:39.730   816-816   309                     pid-816                              I  package:com.google.android.projection.gearhead took:4890 calssname:android.app.ActivityThread$H callback:null what:110
2025-09-11 17:50:39.746  1701-1701  309                     pid-1701                             I  package:com.google.android.apps.wellbeing took:1785 calssname:android.app.ActivityThread$H callback:null what:110
2025-09-11 17:50:39.907  7610-7639  100                     pid-7610                             I  Open /data/app/~~sUuMcsvT-8pWChfn2rZmyQ==/com.google.android.gms-1YqGAn4TuKy2C_L9rGlE1Q==/split_DynamiteLoader_installtime.apk took:102ms
2025-09-11 17:50:41.477  7610-7639  100                     pid-7610                             I  Open /data/app/~~sUuMcsvT-8pWChfn2rZmyQ==/com.google.android.gms-1YqGAn4TuKy2C_L9rGlE1Q==/split_GoogleCertificates_installtime.apk took:454ms
2025-09-11 17:50:42.142   816-921   100                     pid-816                              I  Open /data/app/~~sUuMcsvT-8pWChfn2rZmyQ==/com.google.android.gms-1YqGAn4TuKy2C_L9rGlE1Q==/split_GoogleCertificates_installtime.apk took:85ms
2025-09-11 17:50:42.349 32703-338   101                     pid-32703                            I  #314
2025-09-11 17:50:42.377  1439-1439  309                     pid-1439                             I  package:nl.ns.android.activity took:5626 calssname:android.app.ActivityThread$H callback:null what:110
2025-09-11 17:50:43.035  1923-1923  309                     pid-1923                             I  package:com.adobe.fas took:3798 calssname:android.app.ActivityThread$H callback:null what:110
2025-09-11 17:50:49.115  5633-21197 110                     pid-5633                             I   OptJank - total:111 frameGap:119 delta#0#104#88#16#0#6
2025-09-11 17:50:49.190  5633-21197 110                     pid-5633                             I   OptJank - total:75 frameGap:75 delta#33#45#0#1#0#7
2025-09-11 17:50:49.190  5633-21197 111                     pid-5633                             I  OptJank - big and big
2025-09-11 17:50:49.289  5633-21197 110                     pid-5633                             I   OptJank - total:98 frameGap:98 delta#16#114#16#1#0#2
2025-09-11 17:50:49.289  5633-21197 111                     pid-5633                             I  OptJank - big and big
2025-09-11 17:51:27.632  2869-2869  100                     pid-2869                             I  Open /system/priv-app/DiracManager/DiracManager.apk took:91ms
2025-09-11 17:54:35.453  5633-21197 111                     pid-5633                             I   OptJank - continuously drops frames:4
2025-09-11 17:54:35.518  5633-21197 111                     pid-5633                             I   OptJank - continuously drops frames:4
2025-09-11 17:58:39.797  5633-21197 111                     pid-5633                             I   OptJank - continuously drops frames:4
2025-09-11 17:58:39.889  5633-21197 111                     pid-5633                             I   OptJank - continuously drops frames:4
2025-09-11 17:59:44.264  4018-4018  100                     pid-4018                             I  Open /data/app/~~k4Ki8iGVsHhdV9jg_7WEsA==/com.google.android.apps.photos-atZRfK0b8d7YsxOonfTf-Q==/base.apk took:171ms
2025-09-11 17:59:45.057  4018-4018  309                     pid-4018                             I  package:com.google.android.apps.photos took:1026 calssname:android.app.ActivityThread$H callback:null what:110
2025-09-11 17:59:58.088  4431-4431  100                     pid-4431                             I  Open /data/app/~~fYkpQ913LHEIyJ-9rwmGnw==/com.google.android.tts-uNs7Q0XqIe6eGV681QVLMQ==/base.apk took:60ms
2025-09-11 18:00:32.571  4626-4626  100                     pid-4626                             I  Open /data/app/~~2HOK_kd-h_cOIhEdYOgE_Q==/com.microsoft.office.outlook-JL8xGvOTnKiNDwB3od4tpA==/base.apk took:223ms
2025-09-11 18:00:33.804  4626-4626  309                     pid-4626                             I  package:com.microsoft.office.outlook took:1475 calssname:android.app.ActivityThread$H callback:null what:110
2025-09-11 18:00:34.085  4747-4747  100                     pid-4747                             I  Open /data/app/~~zcleDNEqnf9vXIK_LH-saA==/com.azure.authenticator-Y3rFiHHSRUUJIVHZ_-qf_Q==/base.apk took:178ms
2025-09-11 18:00:35.582  4747-4747  309                     pid-4747                             I  package:com.azure.authenticator took:1703 calssname:android.app.ActivityThread$H callback:null what:110
2025-09-11 18:00:38.187  4937-4937  100                     pid-4937                             I  Open /data/app/~~KEGryMPVaFlZHQhDssZxrw==/com.duckduckgo.mobile.android--sSVTFDMpJqWerzSgGTj5g==/base.apk took:155ms
2025-09-11 18:00:39.415  4937-4937  309                     pid-4937                             I  package:com.duckduckgo.mobile.android took:1405 calssname:android.app.ActivityThread$H callback:null what:110
2025-09-11 18:00:48.139  5261-5261  100                     pid-5261                             I  Open /data/app/~~fYkpQ913LHEIyJ-9rwmGnw==/com.google.android.tts-uNs7Q0XqIe6eGV681QVLMQ==/base.apk took:60ms
2025-09-11 18:00:48.188  5230-5230  100                     pid-5230                             I  Open /data/app/~~aCb0gmuDP07XoaKh7u68Dg==/com.microsoft.office.word-ENy4YQ4Y4qaJA-J_2GyeYg==/base.apk took:128ms
2025-09-11 18:00:48.294  5245-5245  100                     pid-5245                             I  Open /data/app/~~honA4eJQ7-waRG9wxPvxyA==/com.microsoft.teams-wWC9OvIjeBC4s7srbC4i6w==/base.apk took:219ms
2025-09-11 18:00:49.208  5245-5245  309                     pid-5245                             I  package:com.microsoft.teams took:1163 calssname:android.app.ActivityThread$H callback:null what:110
2025-09-11 18:02:46.010  5633-21197 110                     pid-5633                             I   OptJank - total:86 frameGap:96 delta#0#81#0#1#0#4
2025-09-11 18:03:17.000  5633-21197 111                     pid-5633                             I   OptJank - continuously drops frames:4
2025-09-11 18:03:21.751  5633-21197 111                     pid-5633                             I   OptJank - continuously drops frames:4
2025-09-11 18:03:21.818  5633-21197 111                     pid-5633                             I   OptJank - continuously drops frames:4
2025-09-11 18:03:54.032  5633-21197 111                     pid-5633                             I   OptJank - continuously drops frames:4
2025-09-11 18:04:16.269  5633-21197 111                     pid-5633                             I   OptJank - continuously drops frames:4
2025-09-11 18:04:16.349  5633-21197 111                     pid-5633                             I   OptJank - continuously drops frames:4
2025-09-11 18:05:02.500  5633-21197 111                     pid-5633                             I   OptJank - continuously drops frames:4
2025-09-11 18:06:46.677  5633-21197 111                     pid-5633                             I   OptJank - continuously drops frames:4
2025-09-11 18:06:46.739  5633-21197 111                     pid-5633                             I   OptJank - continuously drops frames:4
2025-09-11 18:06:46.809  5633-21197 111                     pid-5633                             I   OptJank - continuously drops frames:4
2025-09-11 18:06:46.824  5633-21197 111                     pid-5633                             I   OptJank - high percentage:0.7
2025-09-11 18:07:11.533  5633-21197 110                     pid-5633                             I   OptJank - total:112 frameGap:116 delta#100#9#9#0#0#2
2025-09-11 18:07:11.793  1305-1864  322                     system_server                        I  com.instagram.android#-1#320
2025-09-11 18:07:12.042  5633-21197 110                     pid-5633                             I   OptJank - total:104 frameGap:106 delta#83#14#3#11#0#6
2025-09-11 18:07:24.253  5633-21197 111                     pid-5633                             I   OptJank - continuously drops frames:4
2025-09-11 18:07:24.807  5633-21197 111                     pid-5633                             I   OptJank - continuously drops frames:4
2025-09-11 18:07:24.807  5633-21197 111                     pid-5633                             I   OptJank - high percentage:0.65
2025-09-11 18:07:25.070  5633-21197 111                     pid-5633                             I   OptJank - continuously drops frames:4
2025-09-11 18:07:25.468  5633-21197 111                     pid-5633                             I   OptJank - high percentage:0.65
2025-09-11 18:10:24.280  1305-1864  322                     system_server                        I  com.instagram.android#-1#176
2025-09-11 18:10:24.646  5633-21197 110                     pid-5633                             I   OptJank - total:123 frameGap:218 delta#100#20#10#9#0#2
2025-09-11 18:12:02.018  7066-7066  100                     pid-7066                             I  Open /system/reserve/Weather/Weather.apk took:70ms
2025-09-11 18:12:45.723  5633-21197 110                     pid-5633                             I   OptJank - total:274 frameGap:280 delta#0#5#0#2#0#268
2025-09-11 18:12:47.877  5633-21197 111                     pid-5633                             I   OptJank - continuously drops frames:4
2025-09-11 18:12:49.224  5633-21197 111                     pid-5633                             I   OptJank - continuously drops frames:4
2025-09-11 18:13:39.286  5633-21197 111                     pid-5633                             I   OptJank - continuously drops frames:4
2025-09-11 18:13:39.429  5633-21197 111                     pid-5633                             I   OptJank - continuously drops frames:4
2025-09-11 18:13:39.544  5633-21197 111                     pid-5633                             I   OptJank - high percentage:0.7
2025-09-11 18:13:39.561  5633-21197 111                     pid-5633                             I   OptJank - continuously drops frames:4
2025-09-11 18:13:39.671  5633-21197 111                     pid-5633                             I   OptJank - continuously drops frames:4
2025-09-11 18:13:39.746  5633-21197 111                     pid-5633                             I   OptJank - continuously drops frames:4
2025-09-11 18:13:39.882  5633-21197 111                     pid-5633                             I   OptJank - high percentage:0.8
2025-09-11 18:13:40.300  5633-21197 111                     pid-5633                             I   OptJank - continuously drops frames:4
2025-09-11 18:13:43.573  5633-21197 111                     pid-5633                             I   OptJank - continuously drops frames:4
2025-09-11 18:13:43.720  5633-21197 111                     pid-5633                             I   OptJank - continuously drops frames:4
2025-09-11 18:13:43.838  5633-21197 111                     pid-5633                             I   OptJank - continuously drops frames:4
2025-09-11 18:13:43.935  5633-21197 111                     pid-5633                             I   OptJank - high percentage:0.7
2025-09-11 18:13:44.023  5633-21197 111                     pid-5633                             I   OptJank - continuously drops frames:4
2025-09-11 18:13:44.256  5633-21197 111                     pid-5633                             I   OptJank - continuously drops frames:4
2025-09-11 18:13:44.269  5633-21197 111                     pid-5633                             I   OptJank - high percentage:0.7
2025-09-11 18:13:48.876  5633-21197 111                     pid-5633                             I   OptJank - continuously drops frames:4
2025-09-11 18:13:48.944  5633-21197 111                     pid-5633                             I   OptJank - continuously drops frames:4
2025-09-11 18:13:49.009  5633-21197 111                     pid-5633                             I   OptJank - continuously drops frames:4
2025-09-11 18:13:49.076  5633-21197 111                     pid-5633                             I   OptJank - continuously drops frames:4
2025-09-11 18:13:49.146  5633-21197 111                     pid-5633                             I   OptJank - continuously drops frames:4
2025-09-11 18:13:49.341  5633-21197 111                     pid-5633                             I   OptJank - continuously drops frames:4
2025-09-11 18:13:49.341  5633-21197 111                     pid-5633                             I   OptJank - high percentage:0.8
2025-09-11 18:13:49.412  5633-21197 111                     pid-5633                             I   OptJank - continuously drops frames:4
2025-09-11 18:13:49.511  5633-21197 111                     pid-5633                             I   OptJank - continuously drops frames:4
2025-09-11 18:13:53.317  5633-21197 111                     pid-5633                             I   OptJank - continuously drops frames:4
2025-09-11 18:13:53.484  5633-21197 111                     pid-5633                             I   OptJank - continuously drops frames:4
2025-09-11 18:13:53.551  5633-21197 111                     pid-5633                             I   OptJank - continuously drops frames:4
2025-09-11 18:13:53.667  5633-21197 111                     pid-5633                             I   OptJank - continuously drops frames:4
2025-09-11 18:13:53.734  5633-21197 111                     pid-5633                             I   OptJank - continuously drops frames:4
2025-09-11 18:13:53.784  5633-21197 111                     pid-5633                             I   OptJank - high percentage:0.9
2025-09-11 18:13:53.886  5633-21197 111                     pid-5633                             I   OptJank - continuously drops frames:4
2025-09-11 18:13:56.352  5633-21197 111                     pid-5633                             I   OptJank - continuously drops frames:4
2025-09-11 18:13:56.487  5633-21197 111                     pid-5633                             I   OptJank - continuously drops frames:4
2025-09-11 18:13:56.502  5633-21197 111                     pid-5633                             I   OptJank - high percentage:0.75
2025-09-11 18:14:34.316  5633-21197 111                     pid-5633                             I   OptJank - continuously drops frames:4
2025-09-11 18:14:34.380  5633-21197 111                     pid-5633                             I   OptJank - continuously drops frames:4
2025-09-11 18:14:34.667  5633-21197 111                     pid-5633                             I   OptJank - continuously drops frames:4
2025-09-11 18:14:34.732  5633-21197 111                     pid-5633                             I   OptJank - continuously drops frames:4
2025-09-11 18:14:34.782  5633-21197 111                     pid-5633                             I   OptJank - high percentage:0.8
2025-09-11 18:14:34.799  5633-21197 111                     pid-5633                             I   OptJank - continuously drops frames:4
2025-09-11 18:14:34.863  5633-21197 111                     pid-5633                             I   OptJank - continuously drops frames:4
2025-09-11 18:14:34.930  5633-21197 111                     pid-5633                             I   OptJank - continuously drops frames:4
2025-09-11 18:14:34.997  5633-21197 111                     pid-5633                             I   OptJank - continuously drops frames:4
2025-09-11 18:15:03.808  7707-7707  100                     pid-7707                             I  Open /data/app/~~ZmL-EdHLDw27roMdk-kyHA==/com.google.android.apps.turbo-UkUR5yJJ0ACD1y6mt0dlAw==/base.apk took:56ms
2025-09-11 18:15:03.971  7724-7724  100                     pid-7724                             I  Open /data/app/~~5ez-rY2UtrjKSXV8sRW4Qw==/com.reddit.frontpage-T6jCl4lWWBh3FKv-sWGucw==/base.apk took:218ms
2025-09-11 18:15:04.003  7683-7683  100                     pid-7683                             I  Open /data/app/~~QiHAbkadMe53TCElAaXEcw==/com.google.android.apps.maps-gWb3NKBXCMOJMifgu2KrZg==/base.apk took:187ms
2025-09-11 18:15:04.857  7724-7724  309                     pid-7724                             I  package:com.reddit.frontpage took:1116 calssname:android.app.ActivityThread$H callback:null what:110
2025-09-11 18:15:05.089  7683-7683  309                     pid-7683                             I  package:com.google.android.apps.maps took:1335 calssname:android.app.ActivityThread$H callback:null what:110
2025-09-11 18:15:05.505  7904-7904  100                     pid-7904                             I  Open /data/app/~~n0C6s5ip0tqPlVYf_MBGVQ==/com.oneplus.gallery-8LOvRCkfJjnRvge17DCVcQ==/base.apk took:167ms
2025-09-11 18:15:05.614  7949-7949  100                     pid-7949                             I  Open /data/app/~~UMZBHkSpmGpwXkp2QKePcw==/com.google.android.projection.gearhead-uoXerTVUU5VzEEEyA2OfyA==/base.apk took:150ms
2025-09-11 18:15:06.090  7683-7934  100                     pid-7683                             I  Open /data/app/~~sUuMcsvT-8pWChfn2rZmyQ==/com.google.android.gms-1YqGAn4TuKy2C_L9rGlE1Q==/split_CronetDynamite_installtime.apk took:115ms
2025-09-11 18:15:06.346  7904-7904  309                     pid-7904                             I  package:com.oneplus.gallery took:1039 calssname:android.app.ActivityThread$H callback:null what:110
2025-09-11 18:15:06.493  7683-7880  100                     pid-7683                             I  Open /data/app/~~sUuMcsvT-8pWChfn2rZmyQ==/com.google.android.gms-1YqGAn4TuKy2C_L9rGlE1Q==/split_GoogleCertificates_installtime.apk took:192ms
2025-09-11 18:15:06.762  8165-8165  100                     pid-8165                             I  Open /data/app/~~n0C6s5ip0tqPlVYf_MBGVQ==/com.oneplus.gallery-8LOvRCkfJjnRvge17DCVcQ==/base.apk took:60ms
2025-09-11 18:15:06.820  8018-8018  100                     pid-8018                             I  Open /data/app/~~JIrMIEwPXyV9XNHU1WNrZA==/com.android.vending-hPgcGKfm3jxEfZC-8CFsxg==/base.apk took:397ms
2025-09-11 18:15:07.110  8133-8133  100                     pid-8133                             I  Open /data/app/~~KuUB7bJ48gRgtSKcRJyzQA==/com.google.android.apps.messaging-e-6h0SSkx7rdogJEEC4epg==/base.apk took:432ms
2025-09-11 18:15:07.203  8133-8133  100                     pid-8133                             I  Open /data/app/~~KuUB7bJ48gRgtSKcRJyzQA==/com.google.android.apps.messaging-e-6h0SSkx7rdogJEEC4epg==/split_config.arm64_v8a.apk took:92ms
2025-09-11 18:15:08.450  8133-8133  309                     pid-8133                             I  package:com.google.android.apps.messaging took:1816 calssname:android.app.ActivityThread$H callback:null what:110
2025-09-11 18:15:08.451  7949-7949  309                     pid-7949                             I  package:com.google.android.projection.gearhead took:3036 calssname:android.app.ActivityThread$H callback:null what:110
2025-09-11 18:15:08.600  8018-8018  309                     pid-8018                             I  package:com.android.vending took:2339 calssname:android.app.ActivityThread$H callback:null what:110
2025-09-11 18:15:09.571  7949-7974  100                     pid-7949                             I  Open /data/app/~~sUuMcsvT-8pWChfn2rZmyQ==/com.google.android.gms-1YqGAn4TuKy2C_L9rGlE1Q==/split_GoogleCertificates_installtime.apk took:66ms
2025-09-11 18:15:10.627  8371-8371  100                     pid-8371                             I  Open /data/app/~~KEGryMPVaFlZHQhDssZxrw==/com.duckduckgo.mobile.android--sSVTFDMpJqWerzSgGTj5g==/base.apk took:148ms
2025-09-11 18:15:11.927  8371-8371  309                     pid-8371                             I  package:com.duckduckgo.mobile.android took:1483 calssname:android.app.ActivityThread$H callback:null what:110
2025-09-11 18:15:12.633  8133-8206  101                     pid-8133                             I  #310
2025-09-11 18:15:12.812  8133-8158  101                     pid-8133                             I  #173
2025-09-11 18:15:13.113  8133-8631  100                     pid-8133                             I  Open /apex/com.android.extservices/javalib/android.ext.adservices.jar took:73ms
2025-09-11 18:15:13.340  8133-8631  100                     pid-8133                             I  Open /system/framework/com.android.media.remotedisplay.jar took:52ms
2025-09-11 18:15:13.724  8133-8631  100                     pid-8133                             I  Open /data/app/~~sUuMcsvT-8pWChfn2rZmyQ==/com.google.android.gms-1YqGAn4TuKy2C_L9rGlE1Q==/base.apk took:276ms
2025-09-11 18:16:01.707  5633-21197 111                     pid-5633                             I  OptJank - big and big
2025-09-11 18:16:06.859  5633-21197 111                     pid-5633                             I   OptJank - continuously drops frames:4
2025-09-11 18:16:07.662  5633-21197 111                     pid-5633                             I   OptJank - continuously drops frames:4
2025-09-11 18:16:16.358  5633-21197 111                     pid-5633                             I   OptJank - continuously drops frames:4
2025-09-11 18:16:16.451  5633-21197 110                     pid-5633                             I   OptJank - total:91 frameGap:91 delta#16#96#0#1#0#3
2025-09-11 18:16:16.451  5633-21197 111                     pid-5633                             I  OptJank - big and big
2025-09-11 18:16:17.211  5633-21197 110                     pid-5633                             I   OptJank - total:97 frameGap:97 delta#0#104#103#1#0#5
2025-09-11 18:16:17.211  5633-21197 111                     pid-5633                             I  OptJank - big and big
2025-09-11 18:16:17.275  5633-21197 110                     pid-5633                             I   OptJank - total:63 frameGap:63 delta#16#23#8#2#0#34
2025-09-11 18:16:17.275  5633-21197 111                     pid-5633                             I  OptJank - big and big
2025-09-11 18:16:17.302  5633-21197 111                     pid-5633                             I  OptJank - big and small
2025-09-11 18:16:17.302  5633-21197 111                     pid-5633                             I   OptJank - continuously drops frames:4
2025-09-11 18:19:38.372  5633-21197 111                     pid-5633                             I   OptJank - continuously drops frames:4
2025-09-11 18:19:38.434  5633-21197 111                     pid-5633                             I   OptJank - continuously drops frames:4
2025-09-11 18:19:38.511  5633-21197 111                     pid-5633                             I   OptJank - continuously drops frames:4
2025-09-11 18:20:36.138  5633-21197 111                     pid-5633                             I   OptJank - continuously drops frames:4
2025-09-11 18:20:36.198  5633-21197 111                     pid-5633                             I   OptJank - continuously drops frames:4
2025-09-11 18:20:36.261  5633-21197 111                     pid-5633                             I   OptJank - continuously drops frames:4
2025-09-11 18:22:29.422  2441-3283  110                     pid-2441                             I   OptJank - total:203 frameGap:212 delta#183#15#6#8#0#4
2025-09-11 18:22:30.023  9415-9415  100                     pid-9415                             I  Open /data/app/~~UMZBHkSpmGpwXkp2QKePcw==/com.google.android.projection.gearhead-uoXerTVUU5VzEEEyA2OfyA==/base.apk took:51ms
2025-09-11 18:22:31.115  9415-9415  309                     pid-9415                             I  package:com.google.android.projection.gearhead took:1212 calssname:android.app.ActivityThread$H callback:null what:110
2025-09-11 18:22:34.627  5633-21197 110                     pid-5633                             I   OptJank - total:167 frameGap:167 delta#0#0#0#0#0#166
2025-09-11 18:24:01.549  5633-21197 111                     pid-5633                             I   OptJank - continuously drops frames:4
2025-09-11 18:24:10.285  5633-21197 111                     pid-5633                             I   OptJank - continuously drops frames:4
2025-09-11 18:24:17.408  5633-21197 111                     pid-5633                             I   OptJank - continuously drops frames:4
2025-09-11 18:24:17.487  5633-21197 111                     pid-5633                             I   OptJank - continuously drops frames:4
2025-09-11 18:24:19.478  5633-21197 110                     pid-5633                             I   OptJank - total:178 frameGap:189 delta#150#20#2#17#0#8
2025-09-11 18:24:30.479  5633-5633  309                     pid-5633                             I  package:com.instagram.android took:1271 calssname:android.os.Handler callback:X.4wA@44d4d2c what:0
2025-09-11 18:24:38.045  1305-1870  300                     system_server                        I  208
2025-09-11 18:24:38.340  2441-3283  110                     pid-2441                             I   OptJank - total:33 frameGap:33 delta#100#99#6#93#0#3
2025-09-11 18:24:38.343  2441-3283  111                     pid-2441                             I  OptJank - big and big
2025-09-11 18:24:38.362  2441-3283  111                     pid-2441                             I  OptJank - big and small
2025-09-11 18:24:39.863  9879-9879  100                     pid-9879                             I  Open /data/app/~~PkSUgGPlbmXhez5Q07Fy2A==/com.google.android.calendar-sCTeHCBqav7STajVVCPUxA==/base.apk took:142ms
2025-09-11 18:24:39.885  9887-9887  100                     pid-9887                             I  Open /data/app/~~McLZe3YfK9xBFzl1tpSoqg==/org.yoki.android.buienalarm-_p3IZGkr9ydaTuS36qjntg==/base.apk took:138ms
2025-09-11 18:24:39.903  9873-9873  100                     pid-9873                             I  Open /data/app/~~AWToFZtAdCpR0u5Hme_N8w==/com.abnamro.nl.mobile.payments-0PVnwCLvLeOeMK66_RWsZQ==/base.apk took:164ms
2025-09-11 18:24:40.894  9887-9887  309                     pid-9887                             I  package:org.yoki.android.buienalarm took:1215 calssname:android.app.ActivityThread$H callback:null what:110
2025-09-11 18:24:40.936  9887-10012 100                     pid-9887                             I  Open /data/app/~~sUuMcsvT-8pWChfn2rZmyQ==/com.google.android.gms-1YqGAn4TuKy2C_L9rGlE1Q==/base.apk took:160ms
2025-09-11 18:24:41.218  9887-9995  100                     pid-9887                             I  Open /data/app/~~sUuMcsvT-8pWChfn2rZmyQ==/com.google.android.gms-1YqGAn4TuKy2C_L9rGlE1Q==/split_MeasurementDynamite_installtime.apk took:69ms
2025-09-11 18:24:41.267  9879-9879  309                     pid-9879                             I  package:com.google.android.calendar took:1582 calssname:android.app.ActivityThread$H callback:null what:110
2025-09-11 18:24:41.358  9873-10075 100                     pid-9873                             I  Open /data/app/~~sUuMcsvT-8pWChfn2rZmyQ==/com.google.android.gms-1YqGAn4TuKy2C_L9rGlE1Q==/split_MeasurementDynamite_installtime.apk took:85ms
2025-09-11 18:24:41.827  1305-1864  322                     system_server                        I  com.google.android.googlequicksearchbox#-1#1633
2025-09-11 18:24:42.140  9873-9873  309                     pid-9873                             I  package:com.abnamro.nl.mobile.payments took:2453 calssname:android.app.ActivityThread$H callback:null what:110
2025-09-11 18:25:15.501 24230-17241 111                     pid-24230                            I   OptJank - continuously drops frames:4
2025-09-11 18:25:15.730 24230-17241 111                     pid-24230                            I   OptJank - continuously drops frames:4
2025-09-11 18:25:15.832 24230-17241 111                     pid-24230                            I   OptJank - continuously drops frames:4
2025-09-11 18:25:15.897 24230-17241 111                     pid-24230                            I   OptJank - continuously drops frames:4
2025-09-11 18:25:15.964 24230-17241 111                     pid-24230                            I   OptJank - continuously drops frames:4
2025-09-11 18:25:28.241  4714-5573  110                     pid-4714                             I   OptJank - total:95 frameGap:1141 delta#66#21#1#19#1#5
2025-09-11 18:26:03.495 24230-17241 110                     pid-24230                            I   OptJank - total:101 frameGap:158 delta#83#12#11#0#0#5
2025-09-11 18:26:04.284  1305-1864  322                     system_server                        I  com.android.chrome#-1#416
2025-09-11 18:26:05.871 10788-10788 100                     pid-10788                            I  Open /data/app/~~n0C6s5ip0tqPlVYf_MBGVQ==/com.oneplus.gallery-8LOvRCkfJjnRvge17DCVcQ==/base.apk took:88ms
2025-09-11 18:26:10.140 24230-8283  101                     pid-24230                            I  #273
2025-09-11 18:26:10.230 10868-10868 100                     pid-10868                            I  Open /system/priv-app/DiracManager/DiracManager.apk took:96ms
2025-09-11 18:26:20.200 10943-10943 100                     pid-10943                            I  Open /system/system_ext/priv-app/OPAccessoryFramework/OPAccessoryFramework.apk took:70ms
2025-09-11 18:26:30.269 10994-10994 100                     pid-10994                            I  Open /data/app/~~fYkpQ913LHEIyJ-9rwmGnw==/com.google.android.tts-uNs7Q0XqIe6eGV681QVLMQ==/base.apk took:66ms
2025-09-11 18:26:42.444  1305-1870  300                     system_server                        I  100
2025-09-11 18:26:42.794 16360-17554 111                     pid-16360                            I   OptJank - continuously drops frames:4
2025-09-11 18:27:33.215  1305-1870  300                     system_server                        I  217
2025-09-11 18:27:33.634  2441-3283  110                     pid-2441                             I   OptJank - total:58 frameGap:58 delta#33#152#7#144#0#3
2025-09-11 18:27:33.634  2441-3283  111                     pid-2441                             I  OptJank - big and big
2025-09-11 18:27:33.638  2441-3283  111                     pid-2441                             I  OptJank - big and big
2025-09-11 18:27:36.344 16360-17554 110                     pid-16360                            I   OptJank - total:95 frameGap:102 delta#0#4#0#4#0#90
2025-09-11 18:27:36.911  1305-1864  322                     system_server                        I  com.android.systemui#-1#144
2025-09-11 18:27:47.477 24230-8283  101                     pid-24230                            I  #291
2025-09-11 18:29:09.314 11741-11741 100                     pid-11741                            I  Open /data/app/~~2HOK_kd-h_cOIhEdYOgE_Q==/com.microsoft.office.outlook-JL8xGvOTnKiNDwB3od4tpA==/base.apk took:292ms
2025-09-11 18:29:19.612 11741-11741 309                     pid-11741                            I  package:com.microsoft.office.outlook took:1898 calssname:android.app.ActivityThread$H callback:null what:110
2025-09-11 18:29:20.000 11896-11896 100                     pid-11896                            I  Open /data/app/~~zcleDNEqnf9vXIK_LH-saA==/com.azure.authenticator-Y3rFiHHSRUUJIVHZ_-qf_Q==/base.apk took:229ms
2025-09-11 18:29:50.212 11896-11896 309                     pid-11896                            I  package:com.azure.authenticator took:2038 calssname:android.app.ActivityThread$H callback:null what:110
2025-09-11 18:32:33.311  1305-1870  300                     system_server                        I  728
2025-09-11 18:32:38.326  2441-3283  111                     pid-2441                             I   OptJank - continuously drops frames:4
2025-09-11 18:32:40.986 12212-12212 100                     pid-12212                            I  Open /data/app/~~aCb0gmuDP07XoaKh7u68Dg==/com.microsoft.office.word-ENy4YQ4Y4qaJA-J_2GyeYg==/base.apk took:135ms
