2025-09-15 16:36:13.034  9036-9066  bt_btif_config          com.android.bluetooth                D  btif_get_device_type: Device [f0:d7:8f:4d:80:82] type 2
2025-09-15 16:36:13.034  9036-9174  bt_stack                com.android.bluetooth                V  [VERBOSE1:btm_inq.cc(1019)] BTM_InqDbRead: bd addr f0:d7:8f:4d:80:82
2025-09-15 16:36:13.034  9036-9174  bt_stack                com.android.bluetooth                V  [VERBOSE1:bta_gattc_main.cc(361)] bta_gattc_hdl_event: Event:BTA_GATTC_API_OPEN_EVT
2025-09-15 16:36:13.034  9036-9174  bt_stack                com.android.bluetooth                V  [VERBOSE1:bta_gattc_main.cc(305)] bta_gattc_sm_execute: State 0x00 [GATTC_IDLE_ST], Event 0x1f00[BTA_GATTC_API_OPEN_EVT]
2025-09-15 16:36:13.034  9036-9174  bt_stack                com.android.bluetooth                I  [INFO:gatt_api.cc(1122)] GATT_Connect gatt_if=10, address=f0:d7:8f:4d:80:82 is_direct 1
2025-09-15 16:36:13.034 24435-24435 NodeListFragment        com.remoticom.energynodeinset        D  Updating list of nodes
2025-09-15 16:36:13.034  9036-9174  bt_stack                com.android.bluetooth                V  [VERBOSE1:gatt_main.cc(1086)] gatt_get_ch_state: ch_state=0
2025-09-15 16:36:13.034  9036-9174  bt_stack                com.android.bluetooth                V  [VERBOSE1:gatt_main.cc(1077)] gatt_set_ch_state: old=0 new=0x02
2025-09-15 16:36:13.034  9036-9174  bt_stack                com.android.bluetooth                V  [VERBOSE1:gatt_main.cc(1086)] gatt_get_ch_state: ch_state=2
2025-09-15 16:36:13.034  9036-9174  bt_stack                com.android.bluetooth                V  [VERBOSE1:connection_manager.cc(216)] direct_connect_add : address:f0:d7:8f:4d:80:82
2025-09-15 16:36:13.034  9036-9174  bt_stack                com.android.bluetooth                V  [VERBOSE1:btm_ble_bgconn.cc(505)] BTM_WhiteListAdd: f0:d7:8f:4d:80:82
2025-09-15 16:36:13.034  9036-9174  bt_stack                com.android.bluetooth                V  [VERBOSE1:connection_manager.cc(53)] scheduling timer %spc:0x7877224bc8
2025-09-15 16:36:13.034  9036-9174  bt_stack                com.android.bluetooth                V  [VERBOSE1:gatt_main.cc(363)] gatt_update_app_use_link_flag: is_add=1 chk_link=0
2025-09-15 16:36:13.034  9036-9174  bt_stack                com.android.bluetooth                V  [VERBOSE1:gatt_main.cc(329)] gatt_update_app_hold_link_status
2025-09-15 16:36:13.035  9036-9174  bt_stack                com.android.bluetooth                V  [VERBOSE1:gatt_main.cc(333)] added gatt_if=10
2025-09-15 16:36:13.035  9036-9174  bt_stack                com.android.bluetooth                V  [VERBOSE1:gatt_main.cc(1086)] gatt_get_ch_state: ch_state=2
2025-09-15 16:36:13.035  9036-9174  bt_stack                com.android.bluetooth                V  [VERBOSE1:gatt_api.cc(1305)] GATT_GetConnIdIfConnected status= 0
2025-09-15 16:36:13.035  9036-9174  bt_stack                com.android.bluetooth                V  [VERBOSE1:bta_gattc_main.cc(341)] bta_gattc_sm_execute: GATTC State Change: 0x00 -> 0x01 after Event 0x1f00
2025-09-15 16:36:13.035  9036-9164  bt_osi_wakelock         com.android.bluetooth                E  wakelock_acquire wakelock acquired
2025-09-15 16:36:13.038   963-9172  vendor.qti...bs_handler and...are.bluetooth@1.0-service-qti  I  ProcessIbsCmd: Received IBS_WAKE_IND: 0xFD
2025-09-15 16:36:13.038   963-9172  vendor.qti...bs_handler and...are.bluetooth@1.0-service-qti  I  ProcessIbsCmd: Writing IBS_WAKE_ACK
2025-09-15 16:36:13.039  9036-9057  bt_osi_wakelock         com.android.bluetooth                E  wakelock_release wakelock released
2025-09-15 16:36:13.048  1099-3321  surfaceflinger          surfaceflinger                       E  [frame_perf] perfboost open boost file failed
2025-09-15 16:36:13.065  1099-27599 surfaceflinger          surfaceflinger                       E  [frame_perf] perfboost open boost file failed
2025-09-15 16:36:13.079   963-9172  vendor.qti...bs_handler and...are.bluetooth@1.0-service-qti  I  ProcessIbsCmd: Received IBS_SLEEP_IND: 0xFE
2025-09-15 16:36:13.112   963-9172  vendor.qti...bs_handler and...are.bluetooth@1.0-service-qti  I  ProcessIbsCmd: Received IBS_WAKE_IND: 0xFD
2025-09-15 16:36:13.112   963-9172  vendor.qti...bs_handler and...are.bluetooth@1.0-service-qti  I  ProcessIbsCmd: Writing IBS_WAKE_ACK
2025-09-15 16:36:13.113  9036-9174  bt_stack                com.android.bluetooth                I  [INFO:connection_manager.cc(277)] lower the scan parameters used for connecting
2025-09-15 16:36:13.113  9036-9174  bt_stack                com.android.bluetooth                V  [VERBOSE1:btm_ble_bgconn.cc(523)] BTM_WhiteListRemove: f0:d7:8f:4d:80:82
2025-09-15 16:36:13.113  9036-9174  bt_stack                com.android.bluetooth                V  [VERBOSE1:btm_ble_bgconn.cc(89)] background_connection_remove : f0:d7:8f:4d:80:82
2025-09-15 16:36:13.113  9036-9174  bt_stack                com.android.bluetooth                I  [INFO:btm_ble_bgconn.cc(420)] Already connection initiated (or) No Pending connections(or) Resources of lcb are exhausted
2025-09-15 16:36:13.113  9036-9174  bt_stack                com.android.bluetooth                V  [VERBOSE1:btm_ble.cc(1961)] btm_ble_connected Security Manager: handle:18 enc_mode:0000  bda: f0:d7:8f:4d:80:82 RName:  p_dev_rec:0x79c086b370
2025-09-15 16:36:13.114  9036-9174  bt_btm                  com.android.bluetooth                W  btm_acl_created hci_handle=18 link_role=0  transport=2
2025-09-15 16:36:13.114  9036-9174  bt_stack                com.android.bluetooth                V  [VERBOSE1:btm_inq.cc(1019)] BTM_InqDbRead: bd addr f0:d7:8f:4d:80:82
2025-09-15 16:36:13.114  9036-9174  bt_stack                com.android.bluetooth                I  [INFO:btm_ble_bgconn.cc(420)] Already connection initiated (or) No Pending connections(or) Resources of lcb are exhausted
2025-09-15 16:36:13.114  9036-9164  bt_osi_wakelock         com.android.bluetooth                E  wakelock_acquire wakelock acquired
2025-09-15 16:36:13.114  9036-9057  bt_osi_wakelock         com.android.bluetooth                E  wakelock_release wakelock released
2025-09-15 16:36:13.154   963-9172  vendor.qti...bs_handler and...are.bluetooth@1.0-service-qti  I  ProcessIbsCmd: Received IBS_SLEEP_IND: 0xFE
2025-09-15 16:36:13.291   963-9172  vendor.qti...bs_handler and...are.bluetooth@1.0-service-qti  I  ProcessIbsCmd: Received IBS_WAKE_IND: 0xFD
2025-09-15 16:36:13.291   963-9172  vendor.qti...bs_handler and...are.bluetooth@1.0-service-qti  I  ProcessIbsCmd: Writing IBS_WAKE_ACK
2025-09-15 16:36:13.292  9036-9164  bt_osi_wakelock         com.android.bluetooth                E  wakelock_acquire wakelock acquired
2025-09-15 16:36:13.292  9036-9057  bt_osi_wakelock         com.android.bluetooth                E  wakelock_release wakelock released
2025-09-15 16:36:13.332   963-9172  vendor.qti...bs_handler and...are.bluetooth@1.0-service-qti  I  ProcessIbsCmd: Received IBS_SLEEP_IND: 0xFE
2025-09-15 16:36:13.474  5877-5932  Finsky:background       com.android.vending                  I  [67010] IV2::TD: Resource fetch start. com.takeaway.android[iid:3500] [isid:YfC9VWT5RHSZK1aYwqUozA] [tid: 1000004107]
2025-09-15 16:36:13.475  5877-5925  Finsky:background       com.android.vending                  I  [67003] RF: No TaskData found for a new request.
2025-09-15 16:36:13.476  5877-5932  Finsky:background       com.android.vending                  I  [67010] IV2: onTaskProgress com.takeaway.android[iid:3500] [isid:YfC9VWT5RHSZK1aYwqUozA] status:RESOURCE_FETCH_START, size: 0/0
2025-09-15 16:36:13.479  5877-7440  Finsky:background       com.android.vending                  I  [67109] IQ: Notifying installation update. [Package:com.takeaway.android, isid:YfC9VWT5RHSZK1aYwqUozA], status=DOWNLOADING, status_code=0, reason=auto_update, tsc=PT80H10M39.002S, attempt=0
2025-09-15 16:36:13.484  5877-5927  Finsky:background       com.android.vending                  I  [67005] RF: RowId of the upserted row is 1000004107.
2025-09-15 16:36:13.488  5877-5877  Finsky:background       com.android.vending                  I  [2] PIM: Ignore install package event for: com.takeaway.android, isid: YfC9VWT5RHSZK1aYwqUozA
2025-09-15 16:36:13.495  5877-5930  Finsky:background       com.android.vending                  I  [67008] RM: create resource request id 06c3750d-fb27-4b0b-aecf-2e966ffac089 for request com.takeaway.android.apk reason: auto_update isid: YfC9VWT5RHSZK1aYwqUozA
2025-09-15 16:36:13.506  5877-5929  Finsky:background       com.android.vending                  I  [67007] RM: create resource request id ac2df2b8-2576-4bef-97e5-ebe73da51fee for request com.takeaway.android.dm reason: auto_update isid: YfC9VWT5RHSZK1aYwqUozA
2025-09-15 16:36:13.513  5877-5930  Finsky:background       com.android.vending                  I  [67008] RM: create resource request id c78f21d4-863b-49ae-9642-3bd4b4270d94 for request config.xxhdpi reason: auto_update isid: YfC9VWT5RHSZK1aYwqUozA
2025-09-15 16:36:13.520  5877-5927  Finsky:background       com.android.vending                  I  [67005] RM: create resource request id b5de3bf1-1b0b-4ac8-8a0f-38c084e50ec6 for request config.arm64_v8a reason: auto_update isid: YfC9VWT5RHSZK1aYwqUozA
2025-09-15 16:36:13.528   963-9172  vendor.qti...bs_handler and...are.bluetooth@1.0-service-qti  I  ProcessIbsCmd: Received IBS_WAKE_IND: 0xFD
2025-09-15 16:36:13.529   963-9172  vendor.qti...bs_handler and...are.bluetooth@1.0-service-qti  I  ProcessIbsCmd: Writing IBS_WAKE_ACK
2025-09-15 16:36:13.529  9036-9174  bt_stack                com.android.bluetooth                V  [VERBOSE1:gatt_main.cc(461)] GATT   ATT protocol channel with BDA: f0:d7:8f:4d:80:82 is connected
2025-09-15 16:36:13.529  9036-9174  bt_stack                com.android.bluetooth                V  [VERBOSE1:gatt_utils.cc(312)] gatt_is_bda_in_the_srv_chg_clt_list: f0:d7:8f:4d:80:82
2025-09-15 16:36:13.529  9036-9174  bt_stack                com.android.bluetooth                V  [VERBOSE1:gatt_main.cc(1086)] gatt_get_ch_state: ch_state=2
2025-09-15 16:36:13.529  9036-9174  bt_stack                com.android.bluetooth                V  [VERBOSE1:gatt_main.cc(1077)] gatt_set_ch_state: old=2 new=0x04
2025-09-15 16:36:13.529  9036-9174  bt_stack                com.android.bluetooth                V  [VERBOSE1:gatt_main.cc(862)] gatt_send_conn_cback : address f0:d7:8f:4d:80:82
2025-09-15 16:36:13.529  9036-9174  bt_stack                com.android.bluetooth                V  [VERBOSE1:gatt_attr.cc(245)] gatt_connect_cback: from f0:d7:8f:4d:80:82 connected: 1, conn_id: 0x0001reason: 000000
2025-09-15 16:36:13.530  9036-9174  bt_stack                com.android.bluetooth                V  [VERBOSE1:gatt_api.cc(927)] GATT_SetIdleTimeout idle_tout=65535, status=1 (1-OK 0-not performed)
2025-09-15 16:36:13.530  9036-9174  bt_btm                  com.android.bluetooth                W  btm_read_remote_version_complete lmp_version 11 manufacturer 48 lmp_subversion 4642
2025-09-15 16:36:13.530  9036-9174  bt_btif                 com.android.bluetooth                E  bta_dm_acl_change new acl connetion:count = 2
2025-09-15 16:36:13.530  9036-9174  bt_btif                 com.android.bluetooth                W  bta_dm_acl_change info: 0x0
2025-09-15 16:36:13.530  9036-9174  bt_l2cap                com.android.bluetooth                W  L2CA_SetDesireRole() new:x0, disallow_switch:0
2025-09-15 16:36:13.530  9036-9066  bt_btif_dm              com.android.bluetooth                D  remote version info [f0:d7:8f:4d:80:82]: 0, 0, 0
2025-09-15 16:36:13.530  9036-9174  bt_stack                com.android.bluetooth                V  [VERBOSE1:btm_acl.cc(648)] BTM_SwitchRole BDA: 74:45:ce:96:e7:cb
2025-09-15 16:36:13.530  9036-9174  bt_stack                com.android.bluetooth                V  [VERBOSE1:bta_gattc_main.cc(361)] bta_gattc_hdl_event: Event:BTA_GATTC_INT_CONN_EVT
2025-09-15 16:36:13.530  9036-9174  bt_stack                com.android.bluetooth                V  [VERBOSE1:bta_gattc_main.cc(385)] Ignore unknown conn ID: 3
2025-09-15 16:36:13.530  9036-9174  bt_stack                com.android.bluetooth                V  [VERBOSE1:bta_gattc_main.cc(361)] bta_gattc_hdl_event: Event:BTA_GATTC_INT_CONN_EVT
2025-09-15 16:36:13.530  9036-9174  bt_stack                com.android.bluetooth                V  [VERBOSE1:bta_gattc_main.cc(385)] Ignore unknown conn ID: 4
2025-09-15 16:36:13.530  9036-9174  bt_stack                com.android.bluetooth                V  [VERBOSE1:bta_gattc_main.cc(361)] bta_gattc_hdl_event: Event:BTA_GATTC_INT_CONN_EVT
2025-09-15 16:36:13.530  9036-9174  bt_stack                com.android.bluetooth                V  [VERBOSE1:bta_gattc_main.cc(385)] Ignore unknown conn ID: 5
2025-09-15 16:36:13.530  9036-9174  bt_stack                com.android.bluetooth                V  [VERBOSE1:bta_gattc_main.cc(361)] bta_gattc_hdl_event: Event:BTA_GATTC_INT_CONN_EVT
2025-09-15 16:36:13.530  9036-9174  bt_stack                com.android.bluetooth                V  [VERBOSE1:bta_gattc_main.cc(385)] Ignore unknown conn ID: 6
2025-09-15 16:36:13.530  9036-9174  bt_stack                com.android.bluetooth                V  [VERBOSE1:bta_gattc_main.cc(361)] bta_gattc_hdl_event: Event:BTA_GATTC_INT_CONN_EVT
2025-09-15 16:36:13.530  9036-9174  bt_stack                com.android.bluetooth                V  [VERBOSE1:bta_gattc_main.cc(385)] Ignore unknown conn ID: 7
2025-09-15 16:36:13.530  9036-9174  bt_stack                com.android.bluetooth                V  [VERBOSE1:bta_gattc_main.cc(361)] bta_gattc_hdl_event: Event:BTA_GATTC_INT_CONN_EVT
2025-09-15 16:36:13.530  9036-9174  bt_stack                com.android.bluetooth                V  [VERBOSE1:bta_gattc_main.cc(385)] Ignore unknown conn ID: 8
2025-09-15 16:36:13.530  9036-9174  bt_stack                com.android.bluetooth                V  [VERBOSE1:bta_gattc_main.cc(361)] bta_gattc_hdl_event: Event:BTA_GATTC_INT_CONN_EVT
2025-09-15 16:36:13.530  9036-9174  bt_stack                com.android.bluetooth                V  [VERBOSE1:bta_gattc_main.cc(385)] Ignore unknown conn ID: 9
2025-09-15 16:36:13.530  9036-9174  bt_stack                com.android.bluetooth                V  [VERBOSE1:bta_gattc_main.cc(361)] bta_gattc_hdl_event: Event:BTA_GATTC_INT_CONN_EVT
2025-09-15 16:36:13.530  9036-9174  bt_stack                com.android.bluetooth                V  [VERBOSE1:bta_gattc_main.cc(305)] bta_gattc_sm_execute: State 0x01 [GATTC_W4_CONN_ST], Event 0x1f0c[BTA_GATTC_INT_CONN_EVT]
2025-09-15 16:36:13.530  9036-9174  bt_stack                com.android.bluetooth                V  [VERBOSE1:bta_gattc_act.cc(488)] bta_gattc_conn: server cache state=0
2025-09-15 16:36:13.530  9036-9174  bt_stack                com.android.bluetooth                V  [VERBOSE1:bta_gattc_act.cc(491)] bta_gattc_conn: conn_id=0x000a
2025-09-15 16:36:13.530  9036-9174  bt_stack                com.android.bluetooth                V  [VERBOSE1:gatt_api.cc(1269)] GATT_GetConnectionInfor conn_id=0x000a
2025-09-15 16:36:13.531  9036-9174  bt_stack                com.android.bluetooth                E  [ERROR:bta_gattc_cache.cc(733)] bta_gattc_cache_load: can't open GATT cache file /data/misc/bluetooth/gatt_cache_f0d78f4d8082 for reading, error: No such file or directory
2025-09-15 16:36:13.531  9036-9174  bt_stack                com.android.bluetooth                V  [VERBOSE1:bta_gattc_act.cc(667)] bta_gattc_start_discover: conn_id:0x000a p_clcb->p_srcb->state:3
2025-09-15 16:36:13.531  9036-9066  BluetoothRemoteDevices  com.android.bluetooth                D  aclStateChangeCallback: Adapter State: ON Connected: F0:D7:8F:4D:80:82
2025-09-15 16:36:13.531  9036-9174  bt_stack                com.android.bluetooth                I  [INFO:hearing_aid.cc(1809)] GetDeviceCount: Not initialized yet
2025-09-15 16:36:13.531  9036-9174  bt_stack                com.android.bluetooth                I  [INFO:gatt_api.cc(635)] GATTC_Discover conn_id=0x000a, disc_type=1, s_handle=0x0001, e_handle=0xffff
2025-09-15 16:36:13.531  9036-9164  bt_osi_wakelock         com.android.bluetooth                E  wakelock_acquire wakelock acquired
2025-09-15 16:36:13.532  9036-9057  bt_osi_wakelock         com.android.bluetooth                E  wakelock_release wakelock released
2025-09-15 16:36:13.534  4993-4993  ParkingCardBTReceiver   net.oneplus.launcher                 D  Device is now connected
2025-09-15 16:36:13.534 30462-30498 BluetoothEventManager   com.android.systemui                 W  AclStateChangedHandler: activeDevice is null
2025-09-15 16:36:13.535 10489-10489 BluetoothEventManager   com.android.settings                 W  AclStateChangedHandler: activeDevice is null
2025-09-15 16:36:13.535  9036-9036  BluetoothPhonePolicy    com.android.bluetooth                E  Received unexpected intent, action=android.bluetooth.device.action.ACL_CONNECTED
2025-09-15 16:36:13.535  9036-9036  FastPairService         com.android.bluetooth                D  start BLE scan
2025-09-15 16:36:13.536  9036-9174  bt_stack                com.android.bluetooth                V  [VERBOSE1:bta_gattc_main.cc(341)] bta_gattc_sm_execute: GATTC State Change: 0x01 -> 0x03 after Event 0x1f0c
2025-09-15 16:36:13.536  9036-9066  BtGatt.GattService      com.android.bluetooth                D  onConnected() - clientIf=10, connId=10, address=F0:D7:8F:4D:80:82
2025-09-15 16:36:13.537 24435-7393  BluetoothGatt           com.remoticom.energynodeinset        D  onClientConnectionState() - status=0 clientIf=10 device=F0:D7:8F:4D:80:82
2025-09-15 16:36:13.537 24435-7393  ConnectGattOperation    com.remoticom.energynodeinset        V  onConnectionStateChange called
2025-09-15 16:36:13.537  9036-9036  BluetoothAdapter        com.android.bluetooth                D  isLeEnabled(): ON
2025-09-15 16:36:13.537 24435-7393  GattConnectionService   com.remoticom.energynodeinset        D  onConnectionStateChange address=F0:D7:8F:4D:80:82, status=(0) A GATT operation completed successfully, newState=CONNECTED (2)
2025-09-15 16:36:13.537 24435-7393  GattConnectionService   com.remoticom.energynodeinset        D  Device connected
2025-09-15 16:36:13.537 24435-7393  GattConnectionService   com.remoticom.energynodeinset        D  state = Connected, error = null
2025-09-15 16:36:13.537  9036-9036  BluetoothPhonePolicy    com.android.bluetooth                I  processDeviceConnected, device=F0:D7:8F:4D:80:82
2025-09-15 16:36:13.537  9036-9036  BluetoothDatabase       com.android.bluetooth                D  setConnection: device=F0:D7:8F:4D:80:82 and isA2dpDevice=false
2025-09-15 16:36:13.537  9036-9036  BluetoothDatabase       com.android.bluetooth                D  Updating last connected time for device: F0:D7:8F:4D:80:82 to 19
2025-09-15 16:36:13.537  9036-9036  BluetoothDatabase       com.android.bluetooth                D  updateDatabase F0:D7:8F:4D:80:82
2025-09-15 16:36:13.537 24435-7393  GattConnectionService   com.remoticom.energynodeinset        D  Service state updated with ServiceState(device=DeviceImpl(uuid=00000000-0000-0000-0000-f0d78f4d8082, device=F0:D7:8F:4D:80:82, type=Bdc, serviceUuids=[a55d1c55-0088-ffff-0000-000000000000], health=null, state=null), characteristics=null, isConnecting=true, connectionStatus=Connected, lastGattError=GattError ((133) GATT_ERROR))
2025-09-15 16:36:13.540 24435-24435 NodeListFragment        com.remoticom.energynodeinset        D  Updating list of nodes
2025-09-15 16:36:13.541 24435-24435 ConnectGattOperation    com.remoticom.energynodeinset        D  FINISHED
2025-09-15 16:36:13.541 24435-24435 RequestMtuOperation     com.remoticom.energynodeinset        D  STARTED
2025-09-15 16:36:13.541 24435-24435 RequestMtuOperation     com.remoticom.energynodeinset        V  requestMtu initiated
2025-09-15 16:36:13.541 24435-24435 BluetoothGatt           com.remoticom.energynodeinset        D  configureMTU() - device: F0:D7:8F:4D:80:82 mtu: 517
2025-09-15 16:36:13.542  9036-10665 BtGatt.GattService      com.android.bluetooth                D  configureMTU() - address=F0:D7:8F:4D:80:82 mtu=517
2025-09-15 16:36:13.542  9036-9174  bt_stack                com.android.bluetooth                V  [VERBOSE1:bta_gattc_main.cc(361)] bta_gattc_hdl_event: Event:BTA_GATTC_API_CFG_MTU_EVT
2025-09-15 16:36:13.542  9036-9174  bt_stack                com.android.bluetooth                V  [VERBOSE1:bta_gattc_main.cc(305)] bta_gattc_sm_execute: State 0x03 [GATTC_DISCOVER_ST], Event 0x1f07[BTA_GATTC_API_CFG_MTU_EVT]
2025-09-15 16:36:13.542  9036-9174  bt_stack                com.android.bluetooth                V  [VERBOSE1:bta_gattc_main.cc(341)] bta_gattc_sm_execute: GATTC State Change: 0x03 -> 0x03 after Event 0x1f07
2025-09-15 16:36:13.548  1099-1468  surfaceflinger          surfaceflinger                       E  [frame_perf] perfboost open boost file failed
2025-09-15 16:36:13.559  1213-1213  GH.WifiBluetoothRcvr    com...e.android.projection.gearhead  I  Connection action: android.bluetooth.device.action.ACL_CONNECTED, device F0:D7:8F:4D:80:82
2025-09-15 16:36:13.560  1213-1213  GH.WifiBluetoothRcvr    com...e.android.projection.gearhead  I  Wireless projection is available on this phone.
2025-09-15 16:36:13.565  1099-27599 surfaceflinger          surfaceflinger                       E  [frame_perf] perfboost open boost file failed
2025-09-15 16:36:13.565  1213-7506  CAR.BTCapsStore         com...e.android.projection.gearhead  W  Device not bonded, thus it's not currently AAW capable.
2025-09-15 16:36:13.565  1213-7506  CAR.BTCapsStore         com...e.android.projection.gearhead  I  AAW status (NOT_BONDED).
2025-09-15 16:36:13.572   963-9172  vendor.qti...bs_handler and...are.bluetooth@1.0-service-qti  I  ProcessIbsCmd: Received IBS_SLEEP_IND: 0xFE
2025-09-15 16:36:13.577   963-9172  vendor.qti...bs_handler and...are.bluetooth@1.0-service-qti  I  ProcessIbsCmd: Received IBS_WAKE_IND: 0xFD
2025-09-15 16:36:13.577   963-9172  vendor.qti...bs_handler and...are.bluetooth@1.0-service-qti  I  ProcessIbsCmd: Writing IBS_WAKE_ACK
2025-09-15 16:36:13.577  5877-5936  Finsky:background       com.android.vending                  I  [67014] DSC: enqueue()
2025-09-15 16:36:13.592  2809-2809  xta                     com....android.googlequicksearchbox  I  onReceive
2025-09-15 16:36:13.593  2809-2844  zej                     com....android.googlequicksearchbox  I  (REDACTED) bluetoothConnectionStateChanged. Action: %s
2025-09-15 16:36:13.598 21080-7722  Nearby                  com.google.android.gms.persistent    I  (REDACTED) is blocked device type %s, isAuto=%s, isIot=%s, isLatchsky=%s, isChinaWearable=%s, isTv=%s, isWearable=%s (supportWearOs=%s), isChromeOsDevice=%s (supportChromeOs=%s)
2025-09-15 16:36:13.599  1213-7506  GH.CarSvcDataStorage    com...e.android.projection.gearhead  I  Using DB version: 13
2025-09-15 16:36:13.600  1213-7506  sqlite3_android         com...e.android.projection.gearhead  E  [IKR-38846] ONEPLUS_NAME_PARTS_MATCH SQLITE_OK
2025-09-15 16:36:13.604 21080-21080 NearbyDiscovery         com.google.android.gms.persistent    I  (REDACTED) DiscoveryService onStartCommand action: %s
2025-09-15 16:36:13.604  5877-5938  Finsky:background       com.android.vending                  I  [67016] DSC: enqueue()
2025-09-15 16:36:13.604 21080-21080 NearbyDiscovery         com.google.android.gms.persistent    I  (REDACTED) onAclChange: state=%s, %s
2025-09-15 16:36:13.605  1305-2238  ConnectivityService     system_server                        D  NetReassign [no changes]
2025-09-15 16:36:13.606 21080-4878  NearbyDiscovery         com.google.android.gms.persistent    I  (REDACTED) FastPair: lock scan rate if needed, %s, bondState=%s
2025-09-15 16:36:13.608  5877-7472  Finsky:background       com.android.vending                  I  [67123] DS: request_id=27531 generated with shared preferences
2025-09-15 16:36:13.609  5877-7472  Finsky:background       com.android.vending                  I  [67123] DS: enqueue(request_id=27531, files_to_download=[com.takeaway.android.apk(size:4319526)], context[group_id=com.takeaway.android:YfC9VWT5RHSZK1aYwqUozA], display_data[invisible=true, title=Thuisbezorgd.nl], network_restrictions=UNMETERED_ONLY
2025-09-15 16:36:13.611  1213-7506  CAR.BTCapsStore         com...e.android.projection.gearhead  W  Device not bonded, thus it's not currently AAW capable.
2025-09-15 16:36:13.611  1213-7506  CAR.BTCapsStore         com...e.android.projection.gearhead  I  AAW status (NOT_BONDED).
2025-09-15 16:36:13.617  5877-7472  Finsky:background       com.android.vending                  I  [67123] DS: request_id=27532 generated with shared preferences
2025-09-15 16:36:13.617  5877-7472  Finsky:background       com.android.vending                  I  [67123] DS: enqueue(request_id=27532, files_to_download=[com.takeaway.android.dm(size:180464)], context[group_id=com.takeaway.android:YfC9VWT5RHSZK1aYwqUozA], display_data[invisible=true, title=Thuisbezorgd.nl], network_restrictions=UNMETERED_ONLY
2025-09-15 16:36:13.618   963-9172  vendor.qti...bs_handler and...are.bluetooth@1.0-service-qti  I  ProcessIbsCmd: Received IBS_SLEEP_IND: 0xFE
2025-09-15 16:36:13.623   963-9172  vendor.qti...bs_handler and...are.bluetooth@1.0-service-qti  I  ProcessIbsCmd: Received IBS_WAKE_IND: 0xFD
2025-09-15 16:36:13.624   963-9172  vendor.qti...bs_handler and...are.bluetooth@1.0-service-qti  I  ProcessIbsCmd: Writing IBS_WAKE_ACK
2025-09-15 16:36:13.624  9036-9174  bt_stack                com.android.bluetooth                V  [VERBOSE1:gatt_main.cc(1086)] gatt_get_ch_state: ch_state=4
2025-09-15 16:36:13.624  9036-9174  bt_stack                com.android.bluetooth                I  [INFO:gatt_main.cc(919)] gatt_data_process op_code = 17, msg_len = 13
2025-09-15 16:36:13.624  9036-9174  bt_stack                com.android.bluetooth                V  [VERBOSE1:gatt_cl.cc(1112)] gatt_client_handle_server_rsp op_code: 17, len = 13rsp_code: 17
2025-09-15 16:36:13.624  9036-9174  bt_stack                com.android.bluetooth                V  [VERBOSE1:bta_gattc_cache.cc(332)] bta_gattc_disc_res_cbackconn_id 10disc_type 
2025-09-15 16:36:13.624  9036-9174  bt_stack                com.android.bluetooth                V  [VERBOSE1:bta_gattc_cache.cc(332)] bta_gattc_disc_res_cbackconn_id 10disc_type 
2025-09-15 16:36:13.629  5877-5938  Finsky:background       com.android.vending                  I  [67016] DSC: enqueue()
2025-09-15 16:36:13.627 21080-21080 ThreadPoolForeg         com.google.android.gms.persistent    W  type=1400 audit(0.0:57297): avc: denied { write } for name="traced_producer" dev="tmpfs" ino=27372 scontext=u:r:gmscore_app:s0:c512,c768 tcontext=u:object_r:traced_producer_socket:s0 tclass=sock_file permissive=0 app=com.google.android.gms
2025-09-15 16:36:13.642  5877-7472  Finsky:background       com.android.vending                  I  [67123] DS: enqueue with parallel downloads (request_id=27531,groupId=com.takeaway.android:YfC9VWT5RHSZK1aYwqUozA)
2025-09-15 16:36:13.642  5877-7472  Finsky:background       com.android.vending                  I  [67123] DS::CD: download(27531)
2025-09-15 16:36:13.642  5877-7472  Finsky:background       com.android.vending                  I  [67123] DSC::L: Update all listeners for download <27531:QUEUED with WAITING_FOR_START:0%[0%]> in group com.takeaway.android:YfC9VWT5RHSZK1aYwqUozA
2025-09-15 16:36:13.642  5877-7472  Finsky:background       com.android.vending                  I  [67123] DSC::L: Updating listener swg@ef14deb for download <27531:QUEUED with WAITING_FOR_START:0%[0%]>
2025-09-15 16:36:13.643  5877-7472  Finsky:background       com.android.vending                  I  [67123] DSC::L: Updating listener DownloadServiceManagerListener::ajie@342c31d for download <27531:QUEUED with WAITING_FOR_START:0%[0%]>
2025-09-15 16:36:13.643  5877-7472  Finsky:background       com.android.vending                  I  [67123] DSC::L: Updating listener DownloadServiceManagerListener::rjh@d051d3a for download <27531:QUEUED with WAITING_FOR_START:0%[0%]>
2025-09-15 16:36:13.643  5877-7472  Finsky:background       com.android.vending                  I  [67123] DS::IDC: updateWith: <27531:QUEUED with WAITING_FOR_START:0%[0%]>
2025-09-15 16:36:13.643  5877-7472  Finsky:background       com.android.vending                  I  [67123] DS::ISM: Starting invisible download job
2025-09-15 16:36:13.644  5877-7477  Finsky:background       com.android.vending                  I  [67125] SCH: Received scheduling request: Id: 40-9998, Constraints: [{ L: 0, D: 86400000, C: CHARGING_NONE, I: IDLE_NONE, N: NET_ANY, B: BATTERY_ANY }]
2025-09-15 16:36:13.644  5877-7472  Finsky:background       com.android.vending                  I  [67123] DS: request_id=27533 generated with shared preferences
2025-09-15 16:36:13.644  5877-7472  Finsky:background       com.android.vending                  I  [67123] DS: enqueue(request_id=27533, files_to_download=[config.xxhdpi(size:3035)], context[group_id=com.takeaway.android:YfC9VWT5RHSZK1aYwqUozA], display_data[invisible=true, title=Thuisbezorgd.nl], network_restrictions=UNMETERED_ONLY
2025-09-15 16:36:13.650  3024-3024  Dock: Blue...stReceiver com.microsoft.teams                  I  ProcessId: 3024, Thread: main, Dock Bluetooth broadcast receiver
2025-09-15 16:36:13.653  5877-5936  Finsky:background       com.android.vending                  I  [67014] DSC: enqueue()
2025-09-15 16:36:13.664   963-9172  vendor.qti...bs_handler and...are.bluetooth@1.0-service-qti  I  ProcessIbsCmd: Received IBS_SLEEP_IND: 0xFE
2025-09-15 16:36:13.667  5877-7472  Finsky:background       com.android.vending                  I  [67123] DS: request_id=27534 generated with shared preferences
2025-09-15 16:36:13.667  5877-7472  Finsky:background       com.android.vending                  I  [67123] DS: enqueue(request_id=27534, files_to_download=[config.arm64_v8a(size:2734)], context[group_id=com.takeaway.android:YfC9VWT5RHSZK1aYwqUozA], display_data[invisible=true, title=Thuisbezorgd.nl], network_restrictions=UNMETERED_ONLY
2025-09-15 16:36:13.671   963-9172  vendor.qti...bs_handler and...are.bluetooth@1.0-service-qti  I  ProcessIbsCmd: Received IBS_WAKE_IND: 0xFD
2025-09-15 16:36:13.671   963-9172  vendor.qti...bs_handler and...are.bluetooth@1.0-service-qti  I  ProcessIbsCmd: Writing IBS_WAKE_ACK
2025-09-15 16:36:13.672  5877-5936  Finsky:background       com.android.vending                  I  [67014] DSC: getDownload(27531)
2025-09-15 16:36:13.673  5877-5937  Finsky:background       com.android.vending                  I  [67015] DS: getDownload(request_id=27531)
2025-09-15 16:36:13.674  5877-7472  Finsky:background       com.android.vending                  I  [67123] DS: onGetDownload(request_id=27531, files_to_download=[com.takeaway.android.apk(size:4319526)], context[group_id=com.takeaway.android:YfC9VWT5RHSZK1aYwqUozA], display_data[invisible=true, title=Thuisbezorgd.nl], network_restrictions=UNMETERED_ONLY status=running, bytes_downloaded=0, total_bytes=4319526, retry[count=0, next_retry=n/a])
2025-09-15 16:36:13.679  3024-3024  Dock: Blue...stReceiver com.microsoft.teams                  I  ProcessId: 3024, Thread: main, Skipping registering StateChangeReceiver either because its already registered or action is: android.bluetooth.device.action.ACL_CONNECTED 
2025-09-15 16:36:13.680  5877-7472  Finsky:background       com.android.vending                  I  [67123] DSC::L: Update all listeners for download <27531:RUNNING:0%[0%]> in group com.takeaway.android:YfC9VWT5RHSZK1aYwqUozA
2025-09-15 16:36:13.681  5877-7472  Finsky:background       com.android.vending                  I  [67123] DSC::L: Updating listener swg@ef14deb for download <27531:RUNNING:0%[0%]>
2025-09-15 16:36:13.681  5877-7472  Finsky:background       com.android.vending                  I  [67123] DSC::L: Updating listener DownloadServiceManagerListener::ajie@342c31d for download <27531:RUNNING:0%[0%]>
2025-09-15 16:36:13.681  5877-7472  Finsky:background       com.android.vending                  I  [67123] DS: Received onProgress request_id=27531
2025-09-15 16:36:13.681  5877-7472  Finsky:background       com.android.vending                  I  [67123] RM: receive resource status onStart com.takeaway.android.apk reason: auto_update isid: YfC9VWT5RHSZK1aYwqUozA, 2, 192, size: 0/4319526
2025-09-15 16:36:13.682  5877-7472  Finsky:background       com.android.vending                  I  [67123] RM: receive resource status onProgress download_request_id=27531, group_id=com.takeaway.android.apk reason: auto_update isid: YfC9VWT5RHSZK1aYwqUozA, status_code=RESOURCE_STATUS_IN_PROGRESS, legacy_status_code=192, size: 0/4319526
2025-09-15 16:36:13.683  5877-5936  Finsky:background       com.android.vending                  I  [67014] DSC: getDownload(27531)
2025-09-15 16:36:13.684  5877-5936  Finsky:background       com.android.vending                  I  [67014] DS: getDownload(request_id=27531)
2025-09-15 16:36:13.684  5877-5936  Finsky:background       com.android.vending                  I  [67014] DSC: getDownload(27531)
2025-09-15 16:36:13.685  5877-5936  Finsky:background       com.android.vending                  I  [67014] DS: getDownload(request_id=27531)
2025-09-15 16:36:13.685  5877-7472  Finsky:background       com.android.vending                  I  [67123] DSC::L: Updating listener DownloadServiceManagerListener::rjh@d051d3a for download <27531:RUNNING:0%[0%]>
2025-09-15 16:36:13.685  5877-7472  Finsky:background       com.android.vending                  I  [67123] DS::IDC: updateWith: <27531:RUNNING:0%[0%]>
2025-09-15 16:36:13.686  5877-7472  Finsky:background       com.android.vending                  I  [67123] DS: Current runningDownloadsCount: 0, maxSimultaneousDownloads: 4
2025-09-15 16:36:13.686  5877-7472  Finsky:background       com.android.vending                  I  [67123] DS: Incremented runningDownloadsCount to: 1
2025-09-15 16:36:13.689  5877-5921  Finsky:background       com.android.vending                  I  [67001] WM::SCH: Logging work initialize for 40-9998
2025-09-15 16:36:13.691  5877-7472  Finsky:background       com.android.vending                  I  [67123] DS: onGetDownload(request_id=27531, files_to_download=[com.takeaway.android.apk(size:4319526)], context[group_id=com.takeaway.android:YfC9VWT5RHSZK1aYwqUozA], display_data[invisible=true, title=Thuisbezorgd.nl], network_restrictions=UNMETERED_ONLY status=running, bytes_downloaded=0, total_bytes=4319526, retry[count=0, next_retry=n/a])
2025-09-15 16:36:13.693  5877-7472  Finsky:background       com.android.vending                  I  [67123] DS: onGetDownload(request_id=27531, files_to_download=[com.takeaway.android.apk(size:4319526)], context[group_id=com.takeaway.android:YfC9VWT5RHSZK1aYwqUozA], display_data[invisible=true, title=Thuisbezorgd.nl], network_restrictions=UNMETERED_ONLY status=running, bytes_downloaded=0, total_bytes=4319526, retry[count=0, next_retry=n/a])
2025-09-15 16:36:13.693  5877-5877  Finsky:background       com.android.vending                  I  [2] RF: onStart request_id=27531 isid=YfC9VWT5RHSZK1aYwqUozA
2025-09-15 16:36:13.696  5877-7472  Finsky:background       com.android.vending                  I  [67123] DS: enqueue with parallel downloads (request_id=27532,groupId=com.takeaway.android:YfC9VWT5RHSZK1aYwqUozA)
2025-09-15 16:36:13.696  5877-5877  Finsky:background       com.android.vending                  I  [2] Updated time lastBroadcast=2025-09-15T14:36:11.475Z current=2025-09-15T14:36:13.696Z
2025-09-15 16:36:13.696  5877-7472  Finsky:background       com.android.vending                  I  [67123] DS::CD: download(27532)
2025-09-15 16:36:13.696  5877-5877  Finsky:background       com.android.vending                  I  [2] bytesCompleted/bytesTotal/ratio = 0 / 4505759 / 0.000000
2025-09-15 16:36:13.696  5877-5877  Finsky:background       com.android.vending                  I  [2] RF: onProgress request_id=27531 isid=YfC9VWT5RHSZK1aYwqUozA
2025-09-15 16:36:13.697  5877-5877  Finsky:background       com.android.vending                  I  [2] RF: resourceStatus for request_id=27531 group=com.takeaway.android artifact=com.takeaway.android.apk collectedBytes= 0 / 4319526
2025-09-15 16:36:13.697  5877-5877  Finsky:background       com.android.vending                  I  [2] RF: Group=com.takeaway.android totalBytesDownloaded= 0 / 4505759 for 1 artifacts
2025-09-15 16:36:13.697  5877-5877  Finsky:background       com.android.vending                  I  [2] RF: Preventing total bytes update to listeners
2025-09-15 16:36:13.698  5877-5932  Finsky:background       com.android.vending                  I  [67010] IV2: onTaskProgress com.takeaway.android[iid:3500] [isid:YfC9VWT5RHSZK1aYwqUozA] status:RESOURCE_FETCH_PROGRESS, size: 0/4505759
2025-09-15 16:36:13.699  1305-1305  SettingsProvider        system_server                        V  Notifying for 0: content://settings/system/dns_latency_over_one_sec_mdm
2025-09-15 16:36:13.699  3143-11883 MDM-OPTcpDnsRttManager  com.android.phone                    D  dns latency change
2025-09-15 16:36:13.700  1305-1305  SettingsProvider        system_server                        V  Notifying for 0: content://settings/system/dns_latency_over_one_sec
2025-09-15 16:36:13.700  3143-11883 MDM-OPTcpDnsRttManager  com.android.phone                    D  updateDnsInfoList info:0,0,0,0,0,0
2025-09-15 16:36:13.700  1305-1305  SettingsProvider        system_server                        V  Notifying for 0: content://settings/system/dns_latency_over_one_sec_uid
2025-09-15 16:36:13.700  3143-11883 MDM-OPTcpDnsRttManager  com.android.phone                    D  utc time:1757939773700
2025-09-15 16:36:13.700  3143-11883 MDM-OPTcpDnsRttManager  com.android.phone                    D  updateDnsInfoList packageName:0,,,:hostName:0,,,:rtt:0,,,:code:0,,,duration:0
2025-09-15 16:36:13.700  3143-11883 MDM-OPTcpDnsRttManager  com.android.phone                    D  index:-1,,,row:1,,,size:7,,,isRttInList:false
2025-09-15 16:36:13.700  3143-11883 MDM-OPTcpDnsRttManager  com.android.phone                    D  DnsInfo mDnsTimeOutCount:0,,,mDnsLatencyMsCount:0,,,mDnsPackageName:0,,,mDnsHostName:0,,,list[0]:0,,,list[1]:0,,,list[2]:0,,,list[3]:0,,,list[4]:0,,,list[5]:0
2025-09-15 16:36:13.700  5877-7472  Finsky:background       com.android.vending                  I  [67123] DSC::L: Update all listeners for download <27532:QUEUED with WAITING_FOR_START:0%[0%]> in group com.takeaway.android:YfC9VWT5RHSZK1aYwqUozA
2025-09-15 16:36:13.700  5877-7472  Finsky:background       com.android.vending                  I  [67123] DSC::L: Updating listener swg@ef14deb for download <27532:QUEUED with WAITING_FOR_START:0%[0%]>
2025-09-15 16:36:13.700  5877-7472  Finsky:background       com.android.vending                  I  [67123] DSC::L: Updating listener DownloadServiceManagerListener::ajie@342c31d for download <27532:QUEUED with WAITING_FOR_START:0%[0%]>
2025-09-15 16:36:13.701  5877-7472  Finsky:background       com.android.vending                  I  [67123] DSC::L: Updating listener DownloadServiceManagerListener::rjh@d051d3a for download <27532:QUEUED with WAITING_FOR_START:0%[0%]>
2025-09-15 16:36:13.701  5877-7472  Finsky:background       com.android.vending                  I  [67123] DS::IDC: updateWith: <27532:QUEUED with WAITING_FOR_START:0%[0%]>
2025-09-15 16:36:13.702  4993-4993  QuickPage               net.oneplus.launcher                 D  setPackageState: com.takeaway.android, 1, 0
2025-09-15 16:36:13.705  5877-7440  Finsky:background       com.android.vending                  I  [67109] IQ: Notifying installation update. [Package:com.takeaway.android, isid:YfC9VWT5RHSZK1aYwqUozA], status=DOWNLOADING, status_code=0, reason=auto_update, tsc=PT80H10M39.229S, attempt=0
2025-09-15 16:36:13.711   963-9172  vendor.qti...bs_handler and...are.bluetooth@1.0-service-qti  I  ProcessIbsCmd: Received IBS_SLEEP_IND: 0xFE
2025-09-15 16:36:13.713  5877-5925  Finsky:background       com.android.vending                  I  [67003] SCH: Scheduling phonesky job Id: 40-9998, CT: 1757946973644, Constraints: [{ L: 0, D: 86400000, C: CHARGING_NONE, I: IDLE_NONE, N: NET_ANY, B: BATTERY_ANY }, { L: 0, D: 0, C: CHARGING_NONE, I: IDLE_NONE, N: NET_NONE, B: BATTERY_ANY }]
2025-09-15 16:36:13.714  5877-5925  Finsky:background       com.android.vending                  I  [67003] SCH: Scheduling system job 10431 to resume after 0 ms
2025-09-15 16:36:13.716  5877-5930  Finsky:background       com.android.vending                  I  [67008] SCH: Resuming system job 10431 from hub.
2025-09-15 16:36:13.718  5877-5937  Finsky:background       com.android.vending                  I  [67015] DSC: getDownload(27532)
2025-09-15 16:36:13.719   963-9172  vendor.qti...bs_handler and...are.bluetooth@1.0-service-qti  I  ProcessIbsCmd: Received IBS_WAKE_IND: 0xFD
2025-09-15 16:36:13.719   963-9172  vendor.qti...bs_handler and...are.bluetooth@1.0-service-qti  I  ProcessIbsCmd: Writing IBS_WAKE_ACK
2025-09-15 16:36:13.719  5877-5937  Finsky:background       com.android.vending                  I  [67015] DS: getDownload(request_id=27532)
2025-09-15 16:36:13.719  9036-9174  bt_stack                com.android.bluetooth                V  [VERBOSE1:gatt_main.cc(1086)] gatt_get_ch_state: ch_state=4
2025-09-15 16:36:13.719  9036-9174  bt_stack                com.android.bluetooth                I  [INFO:gatt_main.cc(919)] gatt_data_process op_code = 17, msg_len = 21
2025-09-15 16:36:13.720  9036-9174  bt_stack                com.android.bluetooth                V  [VERBOSE1:gatt_cl.cc(1112)] gatt_client_handle_server_rsp op_code: 17, len = 21rsp_code: 17
2025-09-15 16:36:13.720  9036-9174  bt_stack                com.android.bluetooth                V  [VERBOSE1:bta_gattc_cache.cc(332)] bta_gattc_disc_res_cbackconn_id 10disc_type 
2025-09-15 16:36:13.721  5877-7472  Finsky:background       com.android.vending                  I  [67123] DS: onGetDownload(request_id=27532, files_to_download=[com.takeaway.android.dm(size:180464)], context[group_id=com.takeaway.android:YfC9VWT5RHSZK1aYwqUozA], display_data[invisible=true, title=Thuisbezorgd.nl], network_restrictions=UNMETERED_ONLY status=running, bytes_downloaded=0, total_bytes=180464, retry[count=0, next_retry=n/a])
2025-09-15 16:36:13.723  5877-5925  Finsky:background       com.android.vending                  I  [67003] SCH: Scheduling 0 system job(s)
2025-09-15 16:36:13.725  5877-7477  Finsky:background       com.android.vending                  I  [67125] SCH: Satisfied jobs for 10431 are: 3-148360, 3-148364, 40-9998
2025-09-15 16:36:13.725  5877-7696  Finsky:background       com.android.vending                  I  [67133] SCH: Job 40-9998 starting
2025-09-15 16:36:13.725  5877-5877  Finsky:background       com.android.vending                  I  [2] WM::SCH: Logging work start for 40-9998
2025-09-15 16:36:13.726  5877-5877  Finsky:background       com.android.vending                  I  [2] DS::IRJ: Running InvisibleRunJob
2025-09-15 16:36:13.726  5877-7472  Finsky:background       com.android.vending                  I  [67123] DSC::L: Update all listeners for download <27532:RUNNING:0%[0%]> in group com.takeaway.android:YfC9VWT5RHSZK1aYwqUozA
2025-09-15 16:36:13.726  5877-7472  Finsky:background       com.android.vending                  I  [67123] DSC::L: Updating listener swg@ef14deb for download <27532:RUNNING:0%[0%]>
2025-09-15 16:36:13.726  5877-7472  Finsky:background       com.android.vending                  I  [67123] DSC::L: Updating listener DownloadServiceManagerListener::ajie@342c31d for download <27532:RUNNING:0%[0%]>
2025-09-15 16:36:13.726  5877-7472  Finsky:background       com.android.vending                  I  [67123] DS: Received onProgress request_id=27532
2025-09-15 16:36:13.726  5877-7472  Finsky:background       com.android.vending                  I  [67123] RM: receive resource status onProgress download_request_id=27532, group_id=com.takeaway.android.dm reason: auto_update isid: YfC9VWT5RHSZK1aYwqUozA, status_code=RESOURCE_STATUS_IN_PROGRESS, legacy_status_code=192, size: 0/180464
2025-09-15 16:36:13.727  5877-7472  Finsky:background       com.android.vending                  I  [67123] DSC::L: Updating listener DownloadServiceManagerListener::rjh@d051d3a for download <27532:RUNNING:0%[0%]>
2025-09-15 16:36:13.727  5877-7472  Finsky:background       com.android.vending                  I  [67123] DS::IDC: updateWith: <27532:RUNNING:0%[0%]>
2025-09-15 16:36:13.727  5877-7472  Finsky:background       com.android.vending                  I  [67123] DS: Current runningDownloadsCount: 1, maxSimultaneousDownloads: 4
2025-09-15 16:36:13.727  5877-7472  Finsky:background       com.android.vending                  I  [67123] DS: Incremented runningDownloadsCount to: 2
2025-09-15 16:36:13.728  5877-5877  Finsky:background       com.android.vending                  I  [2] PIM: Ignore install package event for: com.takeaway.android, isid: YfC9VWT5RHSZK1aYwqUozA
2025-09-15 16:36:13.728  5877-5936  Finsky:background       com.android.vending                  I  [67014] DSC: getDownload(27532)
2025-09-15 16:36:13.729  5877-5928  Finsky:background       com.android.vending                  I  [67006] DS: getDownload(request_id=27532)
2025-09-15 16:36:13.730  5877-7472  Finsky:background       com.android.vending                  I  [67123] DS: onGetDownload(request_id=27532, files_to_download=[com.takeaway.android.dm(size:180464)], context[group_id=com.takeaway.android:YfC9VWT5RHSZK1aYwqUozA], display_data[invisible=true, title=Thuisbezorgd.nl], network_restrictions=UNMETERED_ONLY status=running, bytes_downloaded=0, total_bytes=180464, retry[count=0, next_retry=n/a])
2025-09-15 16:36:13.734  5877-5877  Finsky:background       com.android.vending                  I  [2] RF: onProgress request_id=27532 isid=YfC9VWT5RHSZK1aYwqUozA
2025-09-15 16:36:13.734  5877-5877  Finsky:background       com.android.vending                  I  [2] RF: resourceStatus for request_id=27532 group=com.takeaway.android artifact=com.takeaway.android.dm collectedBytes= 0 / 180464
2025-09-15 16:36:13.734  5877-5877  Finsky:background       com.android.vending                  I  [2] RF: Group=com.takeaway.android totalBytesDownloaded= 0 / 4505759 for 2 artifacts
2025-09-15 16:36:13.736  5877-5877  Finsky:background       com.android.vending                  I  [2] RF: Preventing total bytes update to listeners
2025-09-15 16:36:13.752  5877-7472  Finsky:background       com.android.vending                  I  [67123] DS: enqueue with parallel downloads (request_id=27533,groupId=com.takeaway.android:YfC9VWT5RHSZK1aYwqUozA)
2025-09-15 16:36:13.752  5877-7472  Finsky:background       com.android.vending                  I  [67123] DS::CD: download(27533)
2025-09-15 16:36:13.752  5877-7472  Finsky:background       com.android.vending                  I  [67123] DSC::L: Update all listeners for download <27533:QUEUED with WAITING_FOR_START:0%[0%]> in group com.takeaway.android:YfC9VWT5RHSZK1aYwqUozA
2025-09-15 16:36:13.752  5877-7472  Finsky:background       com.android.vending                  I  [67123] DSC::L: Updating listener swg@ef14deb for download <27533:QUEUED with WAITING_FOR_START:0%[0%]>
2025-09-15 16:36:13.752  5877-7472  Finsky:background       com.android.vending                  I  [67123] DSC::L: Updating listener DownloadServiceManagerListener::ajie@342c31d for download <27533:QUEUED with WAITING_FOR_START:0%[0%]>
2025-09-15 16:36:13.753  5877-7472  Finsky:background       com.android.vending                  I  [67123] DSC::L: Updating listener DownloadServiceManagerListener::rjh@d051d3a for download <27533:QUEUED with WAITING_FOR_START:0%[0%]>
2025-09-15 16:36:13.753  5877-7472  Finsky:background       com.android.vending                  I  [67123] DS::IDC: updateWith: <27533:QUEUED with WAITING_FOR_START:0%[0%]>
2025-09-15 16:36:13.759  5877-7472  Finsky:background       com.android.vending                  I  [67123] DS: enqueue with parallel downloads (request_id=27534,groupId=com.takeaway.android:YfC9VWT5RHSZK1aYwqUozA)
2025-09-15 16:36:13.759  5877-7472  Finsky:background       com.android.vending                  I  [67123] DS::CD: download(27534)
2025-09-15 16:36:13.759   963-9172  vendor.qti...bs_handler and...are.bluetooth@1.0-service-qti  I  ProcessIbsCmd: Received IBS_SLEEP_IND: 0xFE
2025-09-15 16:36:13.759  5877-7472  Finsky:background       com.android.vending                  I  [67123] DSC::L: Update all listeners for download <27534:QUEUED with WAITING_FOR_START:0%[0%]> in group com.takeaway.android:YfC9VWT5RHSZK1aYwqUozA
2025-09-15 16:36:13.759  5877-7472  Finsky:background       com.android.vending                  I  [67123] DSC::L: Updating listener swg@ef14deb for download <27534:QUEUED with WAITING_FOR_START:0%[0%]>
2025-09-15 16:36:13.759  5877-7472  Finsky:background       com.android.vending                  I  [67123] DSC::L: Updating listener DownloadServiceManagerListener::ajie@342c31d for download <27534:QUEUED with WAITING_FOR_START:0%[0%]>
2025-09-15 16:36:13.760  5877-7472  Finsky:background       com.android.vending                  I  [67123] DSC::L: Updating listener DownloadServiceManagerListener::rjh@d051d3a for download <27534:QUEUED with WAITING_FOR_START:0%[0%]>
2025-09-15 16:36:13.760  5877-7472  Finsky:background       com.android.vending                  I  [67123] DS::IDC: updateWith: <27534:QUEUED with WAITING_FOR_START:0%[0%]>
2025-09-15 16:36:13.766   963-9172  vendor.qti...bs_handler and...are.bluetooth@1.0-service-qti  I  ProcessIbsCmd: Received IBS_WAKE_IND: 0xFD
2025-09-15 16:36:13.766   963-9172  vendor.qti...bs_handler and...are.bluetooth@1.0-service-qti  I  ProcessIbsCmd: Writing IBS_WAKE_ACK
2025-09-15 16:36:13.773  5877-5938  Finsky:background       com.android.vending                  I  [67016] DSC: getDownload(27533)
