2025-09-15 16:36:23.006  7867-7902  509110025               pid-7867                             W  TSL Info: { name:GetRemoteConfigurations, resultType:Success, resultCode:None, duration:0ms }
2025-09-15 16:36:23.006  7867-7902  ice.word:remot          pid-7867                             E  No implementation found for java.lang.String com.microsoft.authentication.internal.SharedUtil.tagToString(int) (tried Java_com_microsoft_authentication_internal_SharedUtil_tagToString and Java_com_microsoft_authentication_internal_SharedUtil_tagToString__I)
2025-09-15 16:36:23.006  7867-7902  509110025               pid-7867                             W  TSL Info: { name:GetRemoteConfigurations, resultType:Success, resultCode:None, duration:0ms }
2025-09-15 16:36:23.008  7867-7884  BackgroundTaskWorker    pid-7867                             D  BackgroundTaskHost worker started
2025-09-15 16:36:23.043  7867-7899  ice.word:remot          pid-7867                             E  No implementation found for java.lang.String com.microsoft.authentication.internal.OneAuthLogging.getCorrelationIdString() (tried Java_com_microsoft_authentication_internal_OneAuthLogging_getCorrelationIdString and Java_com_microsoft_authentication_internal_OneAuthLogging_getCorrelationIdString__)
2025-09-15 16:36:23.043  7867-7899  OneAuthLog              pid-7867                             W  [2025-09-15 14:36:23 - thread_id: 67070, correlation_id: UNSET - Android 30] Key is loaded with thumbprint: Cng0Bv1FRVflEH_GXAuSkVEiu6oFcbST2F6x96JBm2k  
2025-09-15 16:36:23.055  7867-7899  ice.word:remot          pid-7867                             E  No implementation found for java.lang.String com.microsoft.authentication.internal.OneAuthLogging.getCorrelationIdString() (tried Java_com_microsoft_authentication_internal_OneAuthLogging_getCorrelationIdString and Java_com_microsoft_authentication_internal_OneAuthLogging_getCorrelationIdString__)
2025-09-15 16:36:23.055  7867-7899  OneAuthLog              pid-7867                             W  [2025-09-15 14:36:23 - thread_id: 67070, correlation_id: UNSET - Android 30] Loaded 1 AccountRecords  
2025-09-15 16:36:23.066  7867-7899  ice.word:remot          pid-7867                             E  No implementation found for java.lang.String com.microsoft.authentication.internal.OneAuthLogging.getCorrelationIdString() (tried Java_com_microsoft_authentication_internal_OneAuthLogging_getCorrelationIdString and Java_com_microsoft_authentication_internal_OneAuthLogging_getCorrelationIdString__)
2025-09-15 16:36:23.067  7867-7899  OneAuthLog              pid-7867                             W  [2025-09-15 14:36:23 - thread_id: 67064, correlation_id: UNSET - Android 30] Found [1] Accounts...  
2025-09-15 16:36:23.119  7867-7899  ice.word:remot          pid-7867                             E  No implementation found for java.lang.String com.microsoft.authentication.internal.OneAuthLogging.getCorrelationIdString() (tried Java_com_microsoft_authentication_internal_OneAuthLogging_getCorrelationIdString and Java_com_microsoft_authentication_internal_OneAuthLogging_getCorrelationIdString__)
2025-09-15 16:36:23.119  7867-7899  OneAuthLog              pid-7867                             W  [2025-09-15 14:36:23 - thread_id: 67070, correlation_id: UNSET - Android 30] Loaded 16 Credentials  
2025-09-15 16:36:23.163  7867-7867  BackgroundTaskWorker    pid-7867                             D  BackGround Service execution Started
2025-09-15 16:36:23.193  7867-7867  linker                  pid-7867                             W  Warning: "/data/app/~~YE_8z3AvzO6ndjUn7GnmBw==/com.microsoft.office.word-yh4aNRPgXFZh8ES7F1DC-Q==/base.apk!/lib/arm64-v8a/libc++_shared.so" unused DT entry: unknown processor-specific (type 0x70000001 arg 0x0) (ignoring)
2025-09-15 16:36:23.202  7867-7867  CXA_THROW               pid-7867                             I  RegisterTerminateHandler: Try to register TerminateHandler.
2025-09-15 16:36:23.202  7867-7867  CXA_THROW               pid-7867                             I  RegisterTerminateHandler: Complete registration of TerminateHandler.
2025-09-15 16:36:23.220 19458-7757  sqlite3_android         com.google.android.gms               E  [IKR-38846] ONEPLUS_NAME_PARTS_MATCH SQLITE_OK
2025-09-15 16:36:23.448 30462-30462 OpUtils                 com.android.systemui                 I  isSupportWarpCharging:false
2025-09-15 16:36:23.448 30462-30462 OpSWarpChargingView     com.android.systemui                 D  level is same as latest one [92]
2025-09-15 16:36:23.449 30462-30462 KeyguardUpdateMonitor   com.android.systemui                 D  received broadcast android.intent.action.BATTERY_CHANGED
2025-09-15 16:36:23.449 30462-30498 BatterySaverTile        com.android.systemui                 D  handleUpdateState, true, false
2025-09-15 16:36:23.449 30462-30462 OpUtils                 com.android.systemui                 I  isSupportWarpCharging:false
2025-09-15 16:36:23.449 30462-30462 KeyguardUpdateMonitor   com.android.systemui                 D  pdCharge false, chargingstatus 0, fastcharge:0
2025-09-15 16:36:23.472  7867-7890  AppUpgradeAsyncJob      pid-7867                             I  Initializing pre Boot Flags
2025-09-15 16:36:23.473  7867-7890  AppUpgradeAsyncJob      pid-7867                             I  Initializing office asset Manager.
2025-09-15 16:36:23.561  3107-3107  DeviceStatisticsService com...m.qti.devicestatisticsservice  D  chargerType=2 batteryLevel=92 totalBatteryCapacity=3024200
2025-09-15 16:36:23.753  1305-1882  OPFD_CTRL_SVC           system_server                        D  notify Package Changed { com.microsoft.office.word } uid = 10096, Type = android.intent.action.PACKAGE_CHANGED, isVisiblePkg ? true
2025-09-15 16:36:23.763  1305-1591  RoleManagerService      system_server                        I  Granting default roles...
2025-09-15 16:36:23.765  1305-2195  AlarmManager            system_server                        V  Triggering alarm #0: 2 when =508180360 package =android operation = null listenTag =WifiConnectivityManager Schedule Periodic Scan Timer flags =0x8
2025-09-15 16:36:23.772 26624-26772 Bugle                   com.google.android.apps.messaging    I  BroadcastReceiverAsyncWorkTracker: Acknowledging broadcast of cvka@5b9c85b
2025-09-15 16:36:23.773  9036-9036  Avrcp_ext               com.android.bluetooth                I  updateCurrentController: null
2025-09-15 16:36:23.777  9036-9036  HeadsetService          com.android.bluetooth                D  getHeadsetService(): returning com.android.bluetooth.hfp.HeadsetService@ad02064
2025-09-15 16:36:23.777  9036-9036  HeadsetStateMachine     com.android.bluetooth                E  returning mCurrentState as Disconnected
2025-09-15 16:36:23.777  9036-9036  HeadsetStateMachine     com.android.bluetooth                E  returning mCurrentState as Connected
2025-09-15 16:36:23.777  9036-9036  HeadsetService          com.android.bluetooth                D   isAudioOn: The number of audio connected devices 0
2025-09-15 16:36:23.777  9036-9036  HeadsetService          com.android.bluetooth                D  isScoOrCallActive(): Call Active:falseCall is Ringing:falseSCO is Active:false
2025-09-15 16:36:23.777  9036-9036  HeadsetStateMachine     com.android.bluetooth                E  returning mCurrentState as Disconnected
2025-09-15 16:36:23.777  9036-9036  HeadsetStateMachine     com.android.bluetooth                E  returning mCurrentState as Connected
2025-09-15 16:36:23.777  9036-9036  HeadsetService          com.android.bluetooth                D   isAudioOn: The number of audio connected devices 0
2025-09-15 16:36:23.777  9036-9036  Avrcp_ext               com.android.bluetooth                I  updatePlayStatusForDevice: device: 74:45:CE:96:E7:CB
2025-09-15 16:36:23.778  9036-9036  bt_device_interop       com.android.bluetooth                W  interop_database_match_by_addr
2025-09-15 16:36:23.778  9036-9036  bt_device_interop       com.android.bluetooth                W  conver_feature_to_enum, online config match interop feature = INTEROP_AVRCP_PLAYER_STATE_UPDATE
2025-09-15 16:36:23.778  9036-9036  bt_device_interop       com.android.bluetooth                W  interop_database_match_by_name
2025-09-15 16:36:23.778  9036-9036  bt_device_interop       com.android.bluetooth                W  conver_feature_to_enum, online config match interop feature = INTEROP_AVRCP_PLAYER_STATE_UPDATE
2025-09-15 16:36:23.779  9036-9036  Avrcp_ext               com.android.bluetooth                I  Exit updatePlayStatusForDevice
2025-09-15 16:36:23.779  9036-9036  HeadsetStateMachine     com.android.bluetooth                E  returning mCurrentState as Disconnected
2025-09-15 16:36:23.779  9036-9036  HeadsetStateMachine     com.android.bluetooth                E  returning mCurrentState as Connected
2025-09-15 16:36:23.779  9036-9036  HeadsetService          com.android.bluetooth                D   isAudioOn: The number of audio connected devices 0
2025-09-15 16:36:23.779  9036-9036  HeadsetService          com.android.bluetooth                D  isScoOrCallActive(): Call Active:falseCall is Ringing:falseSCO is Active:false
2025-09-15 16:36:23.780  9036-9036  HeadsetStateMachine     com.android.bluetooth                E  returning mCurrentState as Disconnected
2025-09-15 16:36:23.780  9036-9036  HeadsetStateMachine     com.android.bluetooth                E  returning mCurrentState as Connected
2025-09-15 16:36:23.780  9036-9036  HeadsetService          com.android.bluetooth                D   isAudioOn: The number of audio connected devices 0
2025-09-15 16:36:23.780  9036-9036  Avrcp_ext               com.android.bluetooth                I  updatePlayStatusForDevice: device: null
2025-09-15 16:36:23.781  9036-9036  Avrcp_ext               com.android.bluetooth                I  Exit updatePlayStatusForDevice
2025-09-15 16:36:23.782  9036-9036  HeadsetStateMachine     com.android.bluetooth                E  returning mCurrentState as Disconnected
2025-09-15 16:36:23.782  9036-9036  HeadsetStateMachine     com.android.bluetooth                E  returning mCurrentState as Connected
2025-09-15 16:36:23.782  9036-9036  HeadsetService          com.android.bluetooth                D   isAudioOn: The number of audio connected devices 0
2025-09-15 16:36:23.782  9036-9036  HeadsetService          com.android.bluetooth                D  isScoOrCallActive(): Call Active:falseCall is Ringing:falseSCO is Active:false
2025-09-15 16:36:23.782  9036-9036  HeadsetStateMachine     com.android.bluetooth                E  returning mCurrentState as Disconnected
2025-09-15 16:36:23.782  9036-9036  HeadsetStateMachine     com.android.bluetooth                E  returning mCurrentState as Connected
2025-09-15 16:36:23.782  9036-9036  HeadsetService          com.android.bluetooth                D   isAudioOn: The number of audio connected devices 0
2025-09-15 16:36:23.782  9036-9036  Avrcp_ext               com.android.bluetooth                I  updatePlayStatusForDevice: device: null
2025-09-15 16:36:23.782  9036-9036  Avrcp_ext               com.android.bluetooth                I  Exit updatePlayStatusForDevice
2025-09-15 16:36:23.782  9036-9036  HeadsetStateMachine     com.android.bluetooth                E  returning mCurrentState as Disconnected
2025-09-15 16:36:23.783  9036-9036  HeadsetStateMachine     com.android.bluetooth                E  returning mCurrentState as Connected
2025-09-15 16:36:23.783  9036-9036  HeadsetService          com.android.bluetooth                D   isAudioOn: The number of audio connected devices 0
2025-09-15 16:36:23.783  9036-9036  HeadsetService          com.android.bluetooth                D  isScoOrCallActive(): Call Active:falseCall is Ringing:falseSCO is Active:false
2025-09-15 16:36:23.783  9036-9036  HeadsetStateMachine     com.android.bluetooth                E  returning mCurrentState as Disconnected
2025-09-15 16:36:23.783  9036-9036  HeadsetStateMachine     com.android.bluetooth                E  returning mCurrentState as Connected
2025-09-15 16:36:23.783  9036-9036  HeadsetService          com.android.bluetooth                D   isAudioOn: The number of audio connected devices 0
2025-09-15 16:36:23.783  9036-9036  Avrcp_ext               com.android.bluetooth                I  updatePlayStatusForDevice: device: null
2025-09-15 16:36:23.783  9036-9036  Avrcp_ext               com.android.bluetooth                I  Exit updatePlayStatusForDevice
2025-09-15 16:36:23.783  9036-9036  HeadsetStateMachine     com.android.bluetooth                E  returning mCurrentState as Disconnected
2025-09-15 16:36:23.783  9036-9036  HeadsetStateMachine     com.android.bluetooth                E  returning mCurrentState as Connected
2025-09-15 16:36:23.783  9036-9036  HeadsetService          com.android.bluetooth                D   isAudioOn: The number of audio connected devices 0
2025-09-15 16:36:23.783  9036-9036  HeadsetService          com.android.bluetooth                D  isScoOrCallActive(): Call Active:falseCall is Ringing:falseSCO is Active:false
2025-09-15 16:36:23.785  9036-9036  HeadsetStateMachine     com.android.bluetooth                E  returning mCurrentState as Disconnected
2025-09-15 16:36:23.785  9036-9036  HeadsetStateMachine     com.android.bluetooth                E  returning mCurrentState as Connected
2025-09-15 16:36:23.785  9036-9036  HeadsetService          com.android.bluetooth                D   isAudioOn: The number of audio connected devices 0
2025-09-15 16:36:23.785  9036-9036  Avrcp_ext               com.android.bluetooth                I  updatePlayStatusForDevice: device: null
2025-09-15 16:36:23.785  9036-9036  Avrcp_ext               com.android.bluetooth                I  Exit updatePlayStatusForDevice
2025-09-15 16:36:23.786  1305-2213  InputReader             system_server                        I  Reconfiguring input devices, changes=KEYBOARD_LAYOUTS | 
2025-09-15 16:36:23.787  3253-7806  Role                    com....android.permissioncontroller  W  Cannot find resource for default holder: config_systemActivityRecognizer
2025-09-15 16:36:23.790  3143-3143  CarrierSvcBindHelper    com.android.phone                    D  No carrier app for: 0
2025-09-15 16:36:23.791  3143-3143  PhoneInterfaceManager   com.android.phone                    E  [PhoneIntfMgr] getCarrierPackageNamesForIntentAndPhone: No UICC
2025-09-15 16:36:23.791  3143-3143  CarrierSvcBindHelper    com.android.phone                    D  No carrier app for: 1
2025-09-15 16:36:23.791  3143-3143  ImsResolver             com.android.phone                    D  maybeAddedImsService, packageName: com.microsoft.office.word
2025-09-15 16:36:23.793  9036-9036  HeadsetService          com.android.bluetooth                D  getHeadsetService(): returning com.android.bluetooth.hfp.HeadsetService@ad02064
2025-09-15 16:36:23.794  9036-9036  HeadsetStateMachine     com.android.bluetooth                E  returning mCurrentState as Disconnected
2025-09-15 16:36:23.794  9036-9036  HeadsetStateMachine     com.android.bluetooth                E  returning mCurrentState as Connected
2025-09-15 16:36:23.794  9036-9036  HeadsetService          com.android.bluetooth                D   isAudioOn: The number of audio connected devices 0
2025-09-15 16:36:23.794  9036-9036  HeadsetService          com.android.bluetooth                D  isScoOrCallActive(): Call Active:falseCall is Ringing:falseSCO is Active:false
2025-09-15 16:36:23.795  9036-9036  HeadsetStateMachine     com.android.bluetooth                E  returning mCurrentState as Disconnected
2025-09-15 16:36:23.795  9036-9036  HeadsetStateMachine     com.android.bluetooth                E  returning mCurrentState as Connected
2025-09-15 16:36:23.795  9036-9036  HeadsetService          com.android.bluetooth                D   isAudioOn: The number of audio connected devices 0
2025-09-15 16:36:23.795  9036-9036  Avrcp_ext               com.android.bluetooth                I  updatePlayStatusForDevice: device: 74:45:CE:96:E7:CB
2025-09-15 16:36:23.797  9036-9036  bt_device_interop       com.android.bluetooth                W  interop_database_match_by_addr
2025-09-15 16:36:23.797  9036-9036  bt_device_interop       com.android.bluetooth                W  conver_feature_to_enum, online config match interop feature = INTEROP_AVRCP_PLAYER_STATE_UPDATE
2025-09-15 16:36:23.797  9036-9036  bt_device_interop       com.android.bluetooth                W  interop_database_match_by_name
2025-09-15 16:36:23.797  9036-9036  bt_device_interop       com.android.bluetooth                W  conver_feature_to_enum, online config match interop feature = INTEROP_AVRCP_PLAYER_STATE_UPDATE
2025-09-15 16:36:23.798  9036-9036  Avrcp_ext               com.android.bluetooth                I  Exit updatePlayStatusForDevice
2025-09-15 16:36:23.799  9036-9036  HeadsetStateMachine     com.android.bluetooth                E  returning mCurrentState as Disconnected
2025-09-15 16:36:23.799  9036-9036  HeadsetStateMachine     com.android.bluetooth                E  returning mCurrentState as Connected
2025-09-15 16:36:23.799  9036-9036  HeadsetService          com.android.bluetooth                D   isAudioOn: The number of audio connected devices 0
2025-09-15 16:36:23.799  9036-9036  HeadsetService          com.android.bluetooth                D  isScoOrCallActive(): Call Active:falseCall is Ringing:falseSCO is Active:false
2025-09-15 16:36:23.799  9036-9036  HeadsetStateMachine     com.android.bluetooth                E  returning mCurrentState as Disconnected
2025-09-15 16:36:23.799  9036-9036  HeadsetStateMachine     com.android.bluetooth                E  returning mCurrentState as Connected
2025-09-15 16:36:23.799  9036-9036  HeadsetService          com.android.bluetooth                D   isAudioOn: The number of audio connected devices 0
2025-09-15 16:36:23.799  9036-9036  Avrcp_ext               com.android.bluetooth                I  updatePlayStatusForDevice: device: null
2025-09-15 16:36:23.799  9036-9036  Avrcp_ext               com.android.bluetooth                I  Exit updatePlayStatusForDevice
2025-09-15 16:36:23.800  9036-9036  HeadsetStateMachine     com.android.bluetooth                E  returning mCurrentState as Disconnected
2025-09-15 16:36:23.800  9036-9036  HeadsetStateMachine     com.android.bluetooth                E  returning mCurrentState as Connected
2025-09-15 16:36:23.800  9036-9036  HeadsetService          com.android.bluetooth                D   isAudioOn: The number of audio connected devices 0
2025-09-15 16:36:23.800  9036-9036  HeadsetService          com.android.bluetooth                D  isScoOrCallActive(): Call Active:falseCall is Ringing:falseSCO is Active:false
2025-09-15 16:36:23.800  9036-9036  HeadsetStateMachine     com.android.bluetooth                E  returning mCurrentState as Disconnected
2025-09-15 16:36:23.800  9036-9036  HeadsetStateMachine     com.android.bluetooth                E  returning mCurrentState as Connected
2025-09-15 16:36:23.800  9036-9036  HeadsetService          com.android.bluetooth                D   isAudioOn: The number of audio connected devices 0
2025-09-15 16:36:23.800  9036-9036  Avrcp_ext               com.android.bluetooth                I  updatePlayStatusForDevice: device: null
2025-09-15 16:36:23.800  9036-9036  Avrcp_ext               com.android.bluetooth                I  Exit updatePlayStatusForDevice
2025-09-15 16:36:23.801  9036-9036  HeadsetStateMachine     com.android.bluetooth                E  returning mCurrentState as Disconnected
2025-09-15 16:36:23.801  9036-9036  HeadsetStateMachine     com.android.bluetooth                E  returning mCurrentState as Connected
2025-09-15 16:36:23.801  9036-9036  HeadsetService          com.android.bluetooth                D   isAudioOn: The number of audio connected devices 0
2025-09-15 16:36:23.801  9036-9036  HeadsetService          com.android.bluetooth                D  isScoOrCallActive(): Call Active:falseCall is Ringing:falseSCO is Active:false
2025-09-15 16:36:23.802  9036-9036  HeadsetStateMachine     com.android.bluetooth                E  returning mCurrentState as Disconnected
2025-09-15 16:36:23.802  9036-9036  HeadsetStateMachine     com.android.bluetooth                E  returning mCurrentState as Connected
2025-09-15 16:36:23.802  9036-9036  HeadsetService          com.android.bluetooth                D   isAudioOn: The number of audio connected devices 0
2025-09-15 16:36:23.802  9036-9036  Avrcp_ext               com.android.bluetooth                I  updatePlayStatusForDevice: device: null
2025-09-15 16:36:23.802  9036-9036  Avrcp_ext               com.android.bluetooth                I  Exit updatePlayStatusForDevice
2025-09-15 16:36:23.802  9036-9036  HeadsetStateMachine     com.android.bluetooth                E  returning mCurrentState as Disconnected
2025-09-15 16:36:23.802  9036-9036  HeadsetStateMachine     com.android.bluetooth                E  returning mCurrentState as Connected
2025-09-15 16:36:23.802  9036-9036  HeadsetService          com.android.bluetooth                D   isAudioOn: The number of audio connected devices 0
2025-09-15 16:36:23.802  9036-9036  HeadsetService          com.android.bluetooth                D  isScoOrCallActive(): Call Active:falseCall is Ringing:falseSCO is Active:false
2025-09-15 16:36:23.803  9036-9036  HeadsetStateMachine     com.android.bluetooth                E  returning mCurrentState as Disconnected
2025-09-15 16:36:23.803  9036-9036  HeadsetStateMachine     com.android.bluetooth                E  returning mCurrentState as Connected
2025-09-15 16:36:23.803  9036-9036  HeadsetService          com.android.bluetooth                D   isAudioOn: The number of audio connected devices 0
2025-09-15 16:36:23.803  9036-9036  Avrcp_ext               com.android.bluetooth                I  updatePlayStatusForDevice: device: null
2025-09-15 16:36:23.803  9036-9036  Avrcp_ext               com.android.bluetooth                I  Exit updatePlayStatusForDevice
2025-09-15 16:36:23.812  4830-4830  309                     com.android.nfc                      I  package:com.android.nfc took:1806 calssname:android.app.ActivityThread$H callback:android.app.-$$Lambda$LoadedApk$ReceiverDispatcher$Args$_BumDX2UKsnxLVrE6UJsJZkotuA@890e886 what:0
2025-09-15 16:36:23.813  4830-4830  Registered...vicesCache com.android.nfc                      D  Service unchanged, not updating
2025-09-15 16:36:23.818  6922-7119  Finsky                  com.android.vending                  I  [64759] AIM: AppInfoManager-Perf > ItemModel > CacheSize=118, cacheHitCount=1, cacheMissCount=0, total appsWithNoServerDataCount=15. Missed  in cache (limit 10) : []
2025-09-15 16:36:23.822  6922-7119  Finsky                  com.android.vending                  I  [64759] AIM: AppInfoManager-Perf > ItemModel > CacheSize=118, cacheHitCount=0, cacheMissCount=1, total appsWithNoServerDataCount=15. Missed  in cache (limit 10) : [com.microsoft.office.word]
2025-09-15 16:36:23.824  6922-7119  Finsky                  com.android.vending                  I  [64759] AIM: AppInfoManager-Perf > ItemModel > ItemStore Called 1 apps cacheOptions = REFRESH_LOCAL_CACHE
2025-09-15 16:36:23.824  6922-7119  Finsky                  com.android.vending                  I  [64759] AIM: ItemModel fetch - unauth(0), auth([eSfCrvEhCGKRWRC2C5mSDVNyzuwnxjOoxsDYLrxTryw]->1)
2025-09-15 16:36:23.843  4830-4830  RegisteredServicesCache com.android.nfc                      D   Reading service state data always from file
2025-09-15 16:36:23.844  4830-4830  RegisteredServicesCache com.android.nfc                      D  ServiceStateFileVersion=1.0
2025-09-15 16:36:23.844  4830-4830  RegisteredServicesCache com.android.nfc                      E  Next Tag=services
2025-09-15 16:36:23.844  4830-4830  RegisteredServicesCache com.android.nfc                      D   curr component com.google.android.gms/com.google.android.gms.nearby.mediums.nearfieldcommunication.NfcAdvertisingService
2025-09-15 16:36:23.844  4830-4830  RegisteredServicesCache com.android.nfc                      D   curr uid 10026
2025-09-15 16:36:23.844  4830-4830  RegisteredServicesCache com.android.nfc                      D   curr state 1
2025-09-15 16:36:23.844  4830-4830  RegisteredServicesCache com.android.nfc                      E  installedServices no uidString 
2025-09-15 16:36:23.844  4830-4830  RegisteredServicesCache com.android.nfc                      D   curr component com.google.android.gms/com.google.android.gms.pay.hce.service.PayHceService
2025-09-15 16:36:23.844  4830-4830  RegisteredServicesCache com.android.nfc                      D   curr uid 10026
2025-09-15 16:36:23.844  4830-4830  RegisteredServicesCache com.android.nfc                      D   curr state 1
2025-09-15 16:36:23.844  4830-4830  RegisteredServicesCache com.android.nfc                      E  installedServices contains uidString : 10026
2025-09-15 16:36:23.844  4830-4830  RegisteredServicesCache com.android.nfc                      D   curr component com.google.android.gms/com.google.android.gms.dck.service.DckNfcApduService
2025-09-15 16:36:23.844  4830-4830  RegisteredServicesCache com.android.nfc                      D   curr uid 10026
2025-09-15 16:36:23.844  4830-4830  RegisteredServicesCache com.android.nfc                      D   curr state 1
2025-09-15 16:36:23.844  4830-4830  RegisteredServicesCache com.android.nfc                      E  installedServices contains uidString : 10026
2025-09-15 16:36:23.844  4830-4830  RegisteredServicesCache com.android.nfc                      E  1invalidateCache:WriteServiceStateToFile
2025-09-15 16:36:23.844  4830-4830  RegisteredServicesCache com.android.nfc                      E   Writing service state Data Always
2025-09-15 16:36:23.845  4830-4830  RegisteredServicesCache com.android.nfc                      E  component namecom.google.android.gms/com.google.android.gms.nearby.mediums.nearfieldcommunication.NfcAdvertisingService
2025-09-15 16:36:23.845  4830-4830  RegisteredServicesCache com.android.nfc                      E  component namecom.google.android.gms/com.google.android.gms.pay.hce.service.PayHceService
2025-09-15 16:36:23.845  4830-4830  RegisteredServicesCache com.android.nfc                      E  component namecom.google.android.gms/com.google.android.gms.dck.service.DckNfcApduService
2025-09-15 16:36:23.845  6922-7119  Finsky                  com.android.vending                  E  [64759] [Counters] attempted to use a non-positive increment for: 4751
2025-09-15 16:36:23.849  6922-7101  Finsky                  com.android.vending                  I  [64752] AIM: AppInfoManager-Perf > getApps > data collection finished
2025-09-15 16:36:23.849  6922-7101  Finsky                  com.android.vending                  I  [64752] AIM: AppInfoManager-Perf > maybeDestroyAppInfoManager is called. actives = 1
2025-09-15 16:36:23.973  1305-1305  Looper                  system_server                        W  Slow delivery took 208ms main h=android.app.ActivityThread$H c=android.app.-$$Lambda$LoadedApk$ReceiverDispatcher$Args$_BumDX2UKsnxLVrE6UJsJZkotuA@37c6c47 m=0
2025-09-15 16:36:23.973  1305-1305  Telecom                 system_server                        I  DefaultDialerCache: Refreshing default dialer for user 0: now com.oneplus.dialer: DDC.oR@la0
2025-09-15 16:36:23.997  1305-1591  Looper                  system_server                        W  Slow delivery took 206ms android.fg h=android.os.Handler c=<recycled PooledLambda@ae1ec74> m=0
2025-09-15 16:36:24.038  1054-5392  oemlogkit               oemlogkit                            E  oemlogkit: Android log path: (null). Inside
2025-09-15 16:36:24.038  1054-5392  oemlogkit               oemlogkit                            E  oemlogkit: !start_log, sleep
2025-09-15 16:36:24.057  7867-7935  SharedPreferencesImpl   com.microsoft.office.word            D  Time required to fsync /data/user/0/com.microsoft.office.word/shared_prefs/update_tracker_shared_pref_file_name.xml: [<1: 0, <2: 0, <4: 0, <8: 0, <16: 0, <32: 0, <64: 0, <128: 0, <256: 0, <512: 1, <1024: 0, <2048: 0, <4096: 0, <8192: 0, <16384: 0, >=16384: 0]
2025-09-15 16:36:24.059 19458-19524 SharedPreferencesImpl   com.google.android.gms               D  Time required to fsync /data/user/0/com.google.android.gms/shared_prefs/AppDataSearch-main-config.xml: [<1: 0, <2: 0, <4: 2, <8: 36, <16: 39, <32: 15, <64: 11, <128: 14, <256: 8, <512: 7, <1024: 4, <2048: 9, <4096: 0, <8192: 0, <16384: 0, >=16384: 0]
2025-09-15 16:36:24.078 19458-7781  SharedPreferencesImpl   com.google.android.gms               D  Time required to fsync /data/user/0/com.google.android.gms/shared_prefs/proxy-apps-corpus.xml: [<1: 0, <2: 0, <4: 1, <8: 18, <16: 21, <32: 19, <64: 8, <128: 3, <256: 5, <512: 4, <1024: 7, <2048: 11, <4096: 1, <8192: 0, <16384: 0, >=16384: 0]
2025-09-15 16:36:24.093  3253-3280  Permission...erviceImpl com....android.permissioncontroller  I  Updating user sensitive for uid 10096
2025-09-15 16:36:24.100 19458-7595  Icing                   com.google.android.gms               I  IndexChimeraService.getServiceInterface callingPackage=com.google.android.gms componentName=AppsCorpus serviceId=36
2025-09-15 16:36:24.137  5877-5929  Finsky:background       com.android.vending                  I  [67007] IV2::TD: Submit done. com.microsoft.office.word[iid:3499] [isid:K0s8knhlTmqEVt0BhSuIeA] [tid: 1000004106]
2025-09-15 16:36:24.137  4830-4830  Registered...vicesCache com.android.nfc                      D  Service unchanged, not updating
2025-09-15 16:36:24.138  6922-7101  Finsky                  com.android.vending                  I  [64752] AIM: AppInfoManager-Perf > ItemModel > CacheSize=118, cacheHitCount=0, cacheMissCount=1, total appsWithNoServerDataCount=15. Missed  in cache (limit 10) : [com.microsoft.office.word]
2025-09-15 16:36:24.139  6922-7101  Finsky                  com.android.vending                  I  [64752] AIM: AppInfoManager-Perf > ItemModel > ItemStore Called 1 apps cacheOptions = REFRESH_LOCAL_CACHE
2025-09-15 16:36:24.140  6922-7101  Finsky                  com.android.vending                  I  [64752] AIM: ItemModel fetch - unauth(0), auth([eSfCrvEhCGKRWRC2C5mSDVNyzuwnxjOoxsDYLrxTryw]->1)
2025-09-15 16:36:24.141  1305-1734  AlarmManager            system_server                        W  Unrecognized alarm listener com.android.server.OpPowerControllerService$tsu@dab256d
2025-09-15 16:36:24.141  5877-7750  Finsky:background       com.android.vending                  I  [67142] Wrote row to frosting DB: 149942
2025-09-15 16:36:24.156  1305-1305  Looper                  system_server                        W  Drained
2025-09-15 16:36:24.195  5877-7472  Finsky:background       com.android.vending                  I  [67123] DSC::L: Update all listeners for download <27531:RUNNING:55%[55%]> in group com.takeaway.android:YfC9VWT5RHSZK1aYwqUozA
2025-09-15 16:36:24.195  5877-7472  Finsky:background       com.android.vending                  I  [67123] DSC::L: Updating listener swg@ef14deb for download <27531:RUNNING:55%[55%]>
2025-09-15 16:36:24.195  5877-7472  Finsky:background       com.android.vending                  I  [67123] DSC::L: Updating listener DownloadServiceManagerListener::ajie@342c31d for download <27531:RUNNING:55%[55%]>
2025-09-15 16:36:24.195  5877-7472  Finsky:background       com.android.vending                  I  [67123] DS: Received onProgress request_id=27531
2025-09-15 16:36:24.195  5877-7472  Finsky:background       com.android.vending                  I  [67123] RM: receive resource status onProgress download_request_id=27531, group_id=com.takeaway.android.apk reason: auto_update isid: YfC9VWT5RHSZK1aYwqUozA, status_code=RESOURCE_STATUS_IN_PROGRESS, legacy_status_code=192, size: 2399916/4319526
2025-09-15 16:36:24.196  5877-7472  Finsky:background       com.android.vending                  I  [67123] DSC::L: Updating listener DownloadServiceManagerListener::rjh@d051d3a for download <27531:RUNNING:55%[55%]>
2025-09-15 16:36:24.196  5877-7472  Finsky:background       com.android.vending                  I  [67123] DS::IDC: updateWith: <27531:RUNNING:55%[55%]>
2025-09-15 16:36:24.197 19458-7609  Icing                   com.google.android.gms               I  IndexChimeraService.getServiceInterface callingPackage=com.google.android.gms componentName=null serviceId=30
2025-09-15 16:36:24.197  5877-5928  Finsky:background       com.android.vending                  I  [67006] DSC: getDownload(27531)
2025-09-15 16:36:24.198  5877-5936  Finsky:background       com.android.vending                  I  [67014] DS: getDownload(request_id=27531)
2025-09-15 16:36:24.204 19458-7624  Icing                   com.google.android.gms               I  Usage reports ok 0, Failed Usage reports 0, indexed 0, rejected 0
2025-09-15 16:36:24.216  5877-5932  Finsky:background       com.android.vending                  I  [67010] IV2: task success. tid:1000004106 statusCode:0
2025-09-15 16:36:24.216  5877-5927  Finsky:background       com.android.vending                  I  [67005] IV2::TM: cleaning up tid: 1000004106
2025-09-15 16:36:24.216  5877-5927  Finsky:background       com.android.vending                  I  [67005] IV2:TM: cleaning up task. com.microsoft.office.word[iid:3499] [isid:K0s8knhlTmqEVt0BhSuIeA] [tid: 1000004106]
2025-09-15 16:36:24.217  5877-5927  Finsky:background       com.android.vending                  I  [67005] RM: remove resources for request e46119fc-1b37-4254-808a-f91ff9b9de67
2025-09-15 16:36:24.217  5877-5927  Finsky:background       com.android.vending                  I  [67005] RM: remove resources for request cd7baecd-2003-4921-a628-6df0db4aaca8
2025-09-15 16:36:24.223  4993-5244  GridItemProvider        net.oneplus.launcher                 D  getToolBoxItems: jsonStr= [{"id":0,"intent":{"mAction":"android.intent.action.MAIN","mCategories":["android.intent.category.LAUNCHER"],"mComponent":{"mClass":"com.oneplus.calculator.Calculator","mPackage":"com.oneplus.calculator"},"mContentUserHint":-2,"mFlags":270532608,"mPackage":"com.oneplus.calculator"},"itemType":0,"launchCount":0,"restored":0,"serialNumber":0},{"id":0,"intent":{"mAction":"android.intent.action.MAIN","mCategories":["net.oneplus.launcher.DEEP_SHORTCUT"],"mComponent":{"mClass":"com.oneplus.camera.OPCameraActivity","mPackage":"com.oneplus.camera"},"mContentUserHint":-2,"mFlags":270532608,"mPackage":"com.oneplus.camera"},"itemType":6,"launchCount":0,"restored":0,"serialNumber":0,"shortcutId":"selfie"},{"id":0,"intent":{"mAction":"android.intent.action.MAIN","mCategories":["net.oneplus.launcher.DEEP_SHORTCUT"],"mComponent":{"mClass":"com.oneplus.deskclock.DeskClock","mPackage":"com.oneplus.deskclock"},"mContentUserHint":-2,"mFlags":270532608,"mPackage":"com.oneplus.deskclock"},"itemType":6,"launchCount":0,"restored":0,"serialNumber":0,"shortcutId":"timer"},{"id":0,"intent":{"mAction":"android.intent.action.MAIN","mCategories":["net.oneplus.launcher.DEEP_SHORTCUT"],"mComponent":{"mClass":"com.oneplus.filemanager.HomePageActivity","mPackage":"com.oneplus.filemanager"},"mContentUserHint":-2,"mFlags":270532608,"mPackage":"com.oneplus.filemanager"},"itemType":6,"launchCount":0,"restored":4,"serialNumber":0,"shortcutId":"send"}]
2025-09-15 16:36:24.227  5877-7750  Finsky:background       com.android.vending                  I  [67142] Wrote row to frosting DB: 149943
2025-09-15 16:36:24.228  4993-5244  Launcher.Utilities      net.oneplus.launcher                 D  migrateComponent: packageName = com.oneplus.calculator, user= UserHandle{0}
2025-09-15 16:36:24.228  4993-5244  GridItemProvider        net.oneplus.launcher                 D  getToolBoxItems: bean= GridItemBean: itemType=0, intent=Intent { act=android.intent.action.MAIN cat=[android.intent.category.LAUNCHER] flg=0x10200000 pkg=com.oneplus.calculator cmp=com.oneplus.calculator/.Calculator }, serialNumber= 0, shortcutId= null, restored= 0, id= 0, info= ShelfWorkspaceItemInfo(id=-1 type=SHORTCUT container=-1 screen=-1 cell(-1,-1) span(1,1) minSpan(1,1) rank=0 user=UserHandle{0} title=null hidden=false dirty = false newInstallTag=null)
2025-09-15 16:36:24.228  4993-5244  Launcher.Utilities      net.oneplus.launcher                 D  migrateComponent: packageName = com.oneplus.camera, user= UserHandle{0}
2025-09-15 16:36:24.234  6922-7112  Finsky                  com.android.vending                  E  [64755] [Counters] attempted to use a non-positive increment for: 4751
2025-09-15 16:36:24.239  4993-5244  neplus.launche          net.oneplus.launcher                 E  Invalid ID 0x00000000.
2025-09-15 16:36:24.239  6922-7119  Finsky                  com.android.vending                  I  [64759] AIM: AppInfoManager-Perf > getApps > data collection finished
2025-09-15 16:36:24.239  6922-7119  Finsky                  com.android.vending                  I  [64759] AIM: AppInfoManager-Perf > maybeDestroyAppInfoManager is called. actives = 0
2025-09-15 16:36:24.243  5877-7472  Finsky:background       com.android.vending                  I  [67123] DS: onGetDownload(request_id=27531, files_to_download=[com.takeaway.android.apk(size:4319526)], context[group_id=com.takeaway.android:YfC9VWT5RHSZK1aYwqUozA], display_data[invisible=true, title=Thuisbezorgd.nl], network_restrictions=UNMETERED_ONLY status=running, bytes_downloaded=2399916, total_bytes=4319526, retry[count=0, next_retry=n/a])
2025-09-15 16:36:24.245  5877-5877  Finsky:background       com.android.vending                  I  [2] RF: onProgress request_id=27531 isid=YfC9VWT5RHSZK1aYwqUozA
2025-09-15 16:36:24.245  5877-5877  Finsky:background       com.android.vending                  I  [2] RF: resourceStatus for request_id=27531 group=com.takeaway.android artifact=com.takeaway.android.apk collectedBytes= 2399916 / 4319526
2025-09-15 16:36:24.245  5877-5877  Finsky:background       com.android.vending                  I  [2] RF: Group=com.takeaway.android totalBytesDownloaded= 2586149 / 4505759 for 4 artifacts
2025-09-15 16:36:24.245  5877-5937  Finsky:background       com.android.vending                  I  [67015] DSC: remove(27529)
2025-09-15 16:36:24.246  5877-5937  Finsky:background       com.android.vending                  I  [67015] DS: remove(request_id=27529)
2025-09-15 16:36:24.246  5877-5877  Finsky:background       com.android.vending                  I  [2] Updated time lastBroadcast=2025-09-15T14:36:19.753Z current=2025-09-15T14:36:24.246Z
2025-09-15 16:36:24.247  5877-5877  Finsky:background       com.android.vending                  I  [2] bytesCompleted/bytesTotal/ratio = 2586149 / 4505759 / 0.573965
2025-09-15 16:36:24.248  5877-5937  Finsky:background       com.android.vending                  I  [67015] DSC: remove(27530)
2025-09-15 16:36:24.248  4993-5244  GridItemProvider        net.oneplus.launcher                 D  getToolBoxItems: bean= GridItemBean: itemType=6, intent=Intent { act=android.intent.action.MAIN cat=[net.oneplus.launcher.DEEP_SHORTCUT] flg=0x10200000 pkg=com.oneplus.camera cmp=com.oneplus.camera/.OPCameraActivity (has extras) }, serialNumber= 0, shortcutId= selfie, restored= 0, id= 0, info= ShelfWorkspaceItemInfo(id=-1 type=DEEPSHORTCUT container=-1 screen=-1 cell(-1,-1) span(1,1) minSpan(1,1) rank=0 user=UserHandle{0} title=Selfie hidden=false dirty = false newInstallTag=null)
2025-09-15 16:36:24.248  4993-5244  Launcher.Utilities      net.oneplus.launcher                 D  migrateComponent: packageName = com.oneplus.deskclock, user= UserHandle{0}
2025-09-15 16:36:24.249  5877-5937  Finsky:background       com.android.vending                  I  [67015] DS: remove(request_id=27530)
2025-09-15 16:36:24.252  5877-5932  Finsky:background       com.android.vending                  I  [67010] IV2: onTaskProgress com.takeaway.android[iid:3500] [isid:YfC9VWT5RHSZK1aYwqUozA] status:RESOURCE_FETCH_PROGRESS, size: 2586149/4505759
2025-09-15 16:36:24.253  4993-5244  neplus.launche          net.oneplus.launcher                 E  Invalid ID 0x00000000.
2025-09-15 16:36:24.253  4993-5244  chatty                  net.oneplus.launcher                 I  uid=10058(net.oneplus.launcher) launcher-loader identical 2 lines
2025-09-15 16:36:24.253  4993-5244  neplus.launche          net.oneplus.launcher                 E  Invalid ID 0x00000000.
2025-09-15 16:36:24.256  5877-7440  Finsky:background       com.android.vending                  I  [67109] IQ: Notifying installation update. [Package:com.takeaway.android, isid:YfC9VWT5RHSZK1aYwqUozA], status=DOWNLOADING, status_code=0, reason=auto_update, tsc=PT80H10M49.78S, attempt=0
2025-09-15 16:36:24.260  4993-5244  GridItemProvider        net.oneplus.launcher                 D  getToolBoxItems: bean= GridItemBean: itemType=6, intent=Intent { act=android.intent.action.MAIN cat=[net.oneplus.launcher.DEEP_SHORTCUT] flg=0x10200000 pkg=com.oneplus.deskclock cmp=com.oneplus.deskclock/.DeskClock (has extras) }, serialNumber= 0, shortcutId= timer, restored= 0, id= 0, info= ShelfWorkspaceItemInfo(id=-1 type=DEEPSHORTCUT container=-1 screen=-1 cell(-1,-1) span(1,1) minSpan(1,1) rank=0 user=UserHandle{0} title=Nieuwe timer hidden=false dirty = false newInstallTag=null)
2025-09-15 16:36:24.260  4993-5244  Launcher.Utilities      net.oneplus.launcher                 D  migrateComponent: packageName = com.oneplus.filemanager, user= UserHandle{0}
2025-09-15 16:36:24.270  4993-5244  neplus.launche          net.oneplus.launcher                 E  Invalid ID 0x00000000.
2025-09-15 16:36:24.270  4993-5244  chatty                  net.oneplus.launcher                 I  uid=10058(net.oneplus.launcher) launcher-loader identical 2 lines
2025-09-15 16:36:24.270  4993-5244  neplus.launche          net.oneplus.launcher                 E  Invalid ID 0x00000000.
2025-09-15 16:36:24.273 19458-7624  Icing                   com.google.android.gms               I  Usage reports ok 0, Failed Usage reports 0, indexed 0, rejected 0
2025-09-15 16:36:24.274 19458-7624  Icing                   com.google.android.gms               I  Indexing com.google.android.gms-apps from com.google.android.gms
2025-09-15 16:36:24.276  4993-5244  GridItemProvider        net.oneplus.launcher                 D  getToolBoxItems: bean= GridItemBean: itemType=6, intent=Intent { act=android.intent.action.MAIN cat=[net.oneplus.launcher.DEEP_SHORTCUT] flg=0x10200000 pkg=com.oneplus.filemanager cmp=com.oneplus.filemanager/.HomePageActivity (has extras) }, serialNumber= 0, shortcutId= send, restored= 4, id= 0, info= ShelfWorkspaceItemInfo(id=-1 type=DEEPSHORTCUT container=-1 screen=-1 cell(-1,-1) span(1,1) minSpan(1,1) rank=0 user=UserHandle{0} title=Bestanden verzenden hidden=false dirty = false newInstallTag=null)
2025-09-15 16:36:24.277  4993-5244  PackageUpdatedTask      net.oneplus.launcher                 D  mAllAppsList.updatePackage user = UserHandle{0}, pkg = com.microsoft.office.word
2025-09-15 16:36:24.288 19458-7624  Icing                   com.google.android.gms               I  Indexing done com.google.android.gms-apps
2025-09-15 16:36:24.305  5877-7750  Finsky:background       com.android.vending                  I  [67142] Wrote row to frosting DB: 149944
2025-09-15 16:36:24.360  5877-5877  Finsky:background       com.android.vending                  I  [2] PIM: Ignore install package event for: com.takeaway.android, isid: YfC9VWT5RHSZK1aYwqUozA
2025-09-15 16:36:24.361  5877-7472  Finsky:background       com.android.vending                  I  [67123] DS: onRemove(request_id=27529, files_to_download=[com.microsoft.office.word.dm(size:37109)], context[group_id=com.microsoft.office.word:K0s8knhlTmqEVt0BhSuIeA], display_data[invisible=true, title=Microsoft Word: Edit Documents], network_restrictions=UNMETERED_ONLY status=succeeded, bytes_downloaded=37109, total_bytes=37109, retry[count=0, next_retry=n/a])
2025-09-15 16:36:24.363  5877-7750  Finsky:background       com.android.vending                  I  [67142] Wrote row to frosting DB: 149945
2025-09-15 16:36:24.363  4993-4993  Launcher.Model          net.oneplus.launcher                 D  onPackageChanged(com.microsoft.office.word)
2025-09-15 16:36:24.367  7867-7867  AppUpgradeAsyncJob      com.microsoft.office.word            I  Office asset Manager completed with result: true
2025-09-15 16:36:24.374  5877-7472  Finsky:background       com.android.vending                  I  [67123] DS: onRemove(request_id=27530, files_to_download=[com.microsoft.office.word.apk(size:7447018)], context[group_id=com.microsoft.office.word:K0s8knhlTmqEVt0BhSuIeA], display_data[invisible=true, title=Microsoft Word: Edit Documents], network_restrictions=UNMETERED_ONLY status=succeeded, bytes_downloaded=7447018, total_bytes=7447018, retry[count=0, next_retry=n/a])
2025-09-15 16:36:24.376  5877-7750  Finsky:background       com.android.vending                  I  [67142] Wrote row to frosting DB: 149946
2025-09-15 16:36:24.380  5877-5927  Finsky:background       com.android.vending                  W  [67005] Failed to delete file: /storage/emulated/0/Android/obb/com.microsoft.office.word/temp
2025-09-15 16:36:24.384  4993-5244  DeviceHelper            net.oneplus.launcher                 D  isAtLeastOP8DeviceVersion: this= 17819 , is at least OP8: false
2025-09-15 16:36:24.384  4993-5244  SkuHelper               net.oneplus.launcher                 D  showDiscover: false
2025-09-15 16:36:24.384  4993-5244  PreferencesHelper       net.oneplus.launcher                 D  getDefaultMinusOneScreen# defaultMinusOneScreen=shelf
2025-09-15 16:36:24.384  4993-5244  DeviceHelper            net.oneplus.launcher                 D  isAtLeastOP8DeviceVersion: this= 17819 , is at least OP8: false
2025-09-15 16:36:24.384  4993-5244  SkuHelper               net.oneplus.launcher                 D  showDiscover: false
2025-09-15 16:36:24.384  4993-4993  QuickPage               net.oneplus.launcher                 I  packageUpdate: com.microsoft.office.word
2025-09-15 16:36:24.384  4993-5244  PackageUpdatedTask      net.oneplus.launcher                 D  addedOrModified count = 1, obj = [AppInfo(id=-1 type=APP container=-1 screen=-1 cell(-1,-1) span(1,1) minSpan(1,1) rank=0 user=UserHandle{0} title=Word hidden=false dirty = false newInstallTag=null componentName=ComponentInfo{com.microsoft.office.word/com.microsoft.office.apphost.LaunchActivity} searchResult=RecentSearchAppInfo(id=206 count=4 componentKey=com.microsoft.office.word/com.microsoft.office.apphost.LaunchActivity#0 firstLaunch=Sun Aug 31 19:53:27 GMT+02:00 2025 modified=Tue Sep 02 21:40:02 GMT+02:00 2025 restore=false) suggestionApp=null)]
2025-09-15 16:36:24.384  4993-4993  Launcher                net.oneplus.launcher                 D  bindAppsAddedOrUpdated: [AppInfo(id=-1 type=APP container=-1 screen=-1 cell(-1,-1) span(1,1) minSpan(1,1) rank=0 user=UserHandle{0} title=Word hidden=false dirty = false newInstallTag=null componentName=ComponentInfo{com.microsoft.office.word/com.microsoft.office.apphost.LaunchActivity} searchResult=RecentSearchAppInfo(id=206 count=4 componentKey=com.microsoft.office.word/com.microsoft.office.apphost.LaunchActivity#0 firstLaunch=Sun Aug 31 19:53:27 GMT+02:00 2025 modified=Tue Sep 02 21:40:02 GMT+02:00 2025 restore=false) suggestionApp=null)]
2025-09-15 16:36:24.384  4993-4993  DeviceHelper            net.oneplus.launcher                 D  isIndiaSkuSupports: this= 17819 , is SKU: false
2025-09-15 16:36:24.385  4993-4993  DeviceHelper            net.oneplus.launcher                 D  isIndiaSkuSupports: this= 17819 , is SKU: false
2025-09-15 16:36:24.385  4993-4993  AlphabeticalAppsList    net.oneplus.launcher                 D  refillAdapterItems# app: 105, recent: 5, suggestion: 0, adapter: 111, hide games: 0, searchResults:  null, filtered: 110. AppsStore# app: 105, recent: 66
2025-09-15 16:36:24.385  4993-4993  DeviceHelper            net.oneplus.launcher                 D  isIndiaSkuSupports: this= 17819 , is SKU: false
2025-09-15 16:36:24.385  4993-4993  AlphabeticalAppsList    net.oneplus.launcher                 D  refillAdapterItems# app: 105, recent: 5, suggestion: 0, adapter: 111, hide games: 0, searchResults:  null, filtered: 110. AppsStore# app: 105, recent: 66
2025-09-15 16:36:24.386  4993-4993  Alphabetic...enAppsList net.oneplus.launcher                 D  [refillAdapterItems] hidden app size = 1
2025-09-15 16:36:24.386  4993-4993  Alphabetic...enAppsList net.oneplus.launcher                 D  [updateAdapterItems] hasFilter: false, filtersAppInfos size = 105, mAdapterItems size = 1
2025-09-15 16:36:24.386  4993-4993  AllAppsStore            net.oneplus.launcher                 D  notifyUpdate count = 6. (0) net.oneplus.launcher.allapps.-$$Lambda$5tYtGnC2pfJ4XjcysOSp9_vUsUM@99bc096. (1) net.oneplus.launcher.allapps.AlphabeticalAppsList@602e417. (2) net.oneplus.launcher.allapps.AlphabeticalAppsList@1845004. (3) net.oneplus.launcher.allapps.AlphabeticalHiddenAppsList@ccf79ed. (4) net.oneplus.launcher.allapps.-$$Lambda$AllAppsContainerView$lOkEWdzg80XCafQCzM8yI6Nmpk0@5cb5022. (5) net.oneplus.launcher.allapps.search.AppsSearchContainerLayout{9822720 VFED..CL. ......ID 211,28-869,259 #7f0b0388 app:id/search_all_apps aid=1073741824}. 
2025-09-15 16:36:24.386  4993-4993  QuickPage               net.oneplus.launcher                 D  setPackageState: com.microsoft.office.word, 0, 0
2025-09-15 16:36:24.386  5877-7750  Finsky:background       com.android.vending                  I  [67142] Wrote row to frosting DB: 149947
2025-09-15 16:36:24.388  4993-5244  AssetCache              net.oneplus.launcher                 D  black_getUsingIconShapePath: 1 getCurrentAssetPackIconShapePath start
2025-09-15 16:36:24.388  4993-5244  AssetCache              net.oneplus.launcher                 D  black_getUsingIconShapePath: 2 getCurrentAssetPackIconShapePath end, getSystemIconShapePath start
