2025-09-17 10:59:17.434 23217-23217 BluetoothScannerService com.remoticom.energynodeinset        I  start/onScanResult: 33:AF:0D:62:AF:1F - null
2025-09-17 10:59:17.434 23217-23217 BluetoothScannerService com.remoticom.energynodeinset        D  First advertised service UUID=null
2025-09-17 10:59:17.435 23217-23217 BluetoothScannerService com.remoticom.energynodeinset        D  Unknown device
2025-09-17 10:59:17.436 23217-23217 BluetoothScannerService com.remoticom.energynodeinset        I  start/onScanResult: F0:D7:8F:4D:80:82 - RTM-BMC
2025-09-17 10:59:17.436 23217-23217 BluetoothScannerService com.remoticom.energynodeinset        D  First advertised service UUID=a55d1c55-0088-ffff-0000-000000000000
2025-09-17 10:59:17.436 23217-23217 BluetoothScannerService com.remoticom.energynodeinset        D  Remoticom device:  EnergyNode Inset
2025-09-17 10:59:17.438 23217-23217 BluetoothScannerService com.remoticom.energynodeinset        D  UUID=00000000-0000-0000-0000-f0d78f4d8082
2025-09-17 10:59:17.440 23217-23217 NodeListFragment        com.remoticom.energynodeinset        D  Updating list of nodes
2025-09-17 10:59:17.443  1099-1873  surfaceflinger          surfaceflinger                       E  [frame_perf] perfboost open boost file failed
2025-09-17 10:59:17.470   963-17929 vendor.qti...bs_handler and...are.bluetooth@1.0-service-qti  I  ProcessIbsCmd: Received IBS_SLEEP_IND: 0xFE
2025-09-17 10:59:17.470   963-17929 vendor.qti...bs_handler and...are.bluetooth@1.0-service-qti  D  SerialClockVote: vote for UART CLK OFF
2025-09-17 10:59:17.510  1099-32043 surfaceflinger          surfaceflinger                       E  [frame_perf] perfboost open boost file failed
2025-09-17 10:59:17.538  1099-3321  surfaceflinger          surfaceflinger                       E  [frame_perf] perfboost open boost file failed
2025-09-17 10:59:17.555  1099-32043 surfaceflinger          surfaceflinger                       E  [frame_perf] perfboost open boost file failed
2025-09-17 10:59:17.590  1099-3321  surfaceflinger          surfaceflinger                       E  [frame_perf] perfboost open boost file failed
2025-09-17 10:59:17.607  1099-32043 surfaceflinger          surfaceflinger                       E  [frame_perf] perfboost open boost file failed
2025-09-17 10:59:17.621   963-17920 vendor.qti...-wake_lock and...are.bluetooth@1.0-service-qti  D  Release wakelock is released 
2025-09-17 10:59:17.637  1099-3321  surfaceflinger          surfaceflinger                       E  [frame_perf] perfboost open boost file failed
2025-09-17 10:59:17.654  1099-32043 surfaceflinger          surfaceflinger                       E  [frame_perf] perfboost open boost file failed
2025-09-17 10:59:17.687  1099-1873  surfaceflinger          surfaceflinger                       E  [frame_perf] perfboost open boost file failed
2025-09-17 10:59:17.704  1099-32043 surfaceflinger          surfaceflinger                       E  [frame_perf] perfboost open boost file failed
2025-09-17 10:59:17.737  1099-1156  surfaceflinger          surfaceflinger                       E  [frame_perf] perfboost open boost file failed
2025-09-17 10:59:17.754  1099-32043 surfaceflinger          surfaceflinger                       E  [frame_perf] perfboost open boost file failed
2025-09-17 10:59:17.787  1099-3321  surfaceflinger          surfaceflinger                       E  [frame_perf] perfboost open boost file failed
2025-09-17 10:59:17.804  1099-32043 surfaceflinger          surfaceflinger                       E  [frame_perf] perfboost open boost file failed
2025-09-17 10:59:17.837  1099-1157  surfaceflinger          surfaceflinger                       E  [frame_perf] perfboost open boost file failed
2025-09-17 10:59:17.854  1099-32043 surfaceflinger          surfaceflinger                       E  [frame_perf] perfboost open boost file failed
2025-09-17 10:59:17.887  1099-3321  surfaceflinger          surfaceflinger                       E  [frame_perf] perfboost open boost file failed
2025-09-17 10:59:17.904  1099-32043 surfaceflinger          surfaceflinger                       E  [frame_perf] perfboost open boost file failed
2025-09-17 10:59:17.937  1099-1157  surfaceflinger          surfaceflinger                       E  [frame_perf] perfboost open boost file failed
2025-09-17 10:59:17.954  1099-32043 surfaceflinger          surfaceflinger                       E  [frame_perf] perfboost open boost file failed
2025-09-17 10:59:17.987  1099-1157  surfaceflinger          surfaceflinger                       E  [frame_perf] perfboost open boost file failed
2025-09-17 10:59:18.004  1099-32043 surfaceflinger          surfaceflinger                       E  [frame_perf] perfboost open boost file failed
2025-09-17 10:59:18.009   963-17929 vendor.qti...bs_handler and...are.bluetooth@1.0-service-qti  I  ProcessIbsCmd: Received IBS_WAKE_IND: 0xFD
2025-09-17 10:59:18.009   963-17929 vendor.qti...bs_handler and...are.bluetooth@1.0-service-qti  D  SerialClockVote: vote for UART CLK ON
2025-09-17 10:59:18.010   963-17929 vendor.qti...-wake_lock and...are.bluetooth@1.0-service-qti  D  Acquire wakelock is acquired 
2025-09-17 10:59:18.010   963-17929 vendor.qti...bs_handler and...are.bluetooth@1.0-service-qti  I  ProcessIbsCmd: Writing IBS_WAKE_ACK
2025-09-17 10:59:18.012 17730-17931 bt_stack                com.android.bluetooth                V  [VERBOSE1:btm_inq.cc(1019)] BTM_InqDbRead: bd addr e3:9f:90:87:ae:c6
2025-09-17 10:59:18.017 17730-17931 bt_stack                com.android.bluetooth                V  [VERBOSE1:btm_inq.cc(1019)] BTM_InqDbRead: bd addr 0a:c9:b6:f5:32:97
2025-09-17 10:59:18.021 23217-23217 BluetoothScannerService com.remoticom.energynodeinset        I  start/onScanResult: E3:9F:90:87:AE:C6 - RTM-010
2025-09-17 10:59:18.021 23217-23217 BluetoothScannerService com.remoticom.energynodeinset        D  First advertised service UUID=a55d1c55-004b-ffff-0000-000000000000
2025-09-17 10:59:18.021 23217-23217 BluetoothScannerService com.remoticom.energynodeinset        D  Unknown device
2025-09-17 10:59:18.025 17730-17931 bt_stack                com.android.bluetooth                V  [VERBOSE1:btm_inq.cc(1019)] BTM_InqDbRead: bd addr 29:ed:6a:02:25:88
2025-09-17 10:59:18.025 23217-23217 BluetoothScannerService com.remoticom.energynodeinset        I  start/onScanResult: 0A:C9:B6:F5:32:97 - null
2025-09-17 10:59:18.025 23217-23217 BluetoothScannerService com.remoticom.energynodeinset        D  First advertised service UUID=null
2025-09-17 10:59:18.026 23217-23217 BluetoothScannerService com.remoticom.energynodeinset        D  Unknown device
2025-09-17 10:59:18.037  1099-1157  surfaceflinger          surfaceflinger                       E  [frame_perf] perfboost open boost file failed
2025-09-17 10:59:18.039 23217-23217 BluetoothScannerService com.remoticom.energynodeinset        I  start/onScanResult: 29:ED:6A:02:25:88 - null
2025-09-17 10:59:18.040 23217-23217 BluetoothScannerService com.remoticom.energynodeinset        D  First advertised service UUID=null
2025-09-17 10:59:18.040 23217-23217 BluetoothScannerService com.remoticom.energynodeinset        D  Unknown device
2025-09-17 10:59:18.054  1099-32043 surfaceflinger          surfaceflinger                       E  [frame_perf] perfboost open boost file failed
2025-09-17 10:59:18.059 17730-17931 bt_stack                com.android.bluetooth                V  [VERBOSE1:btm_inq.cc(1019)] BTM_InqDbRead: bd addr 05:0c:bb:ca:ab:70
2025-09-17 10:59:18.064 23217-23217 BluetoothScannerService com.remoticom.energynodeinset        I  start/onScanResult: 05:0C:BB:CA:AB:70 - null
2025-09-17 10:59:18.064 23217-23217 BluetoothScannerService com.remoticom.energynodeinset        D  First advertised service UUID=null
2025-09-17 10:59:18.064 23217-23217 BluetoothScannerService com.remoticom.energynodeinset        D  Unknown device
2025-09-17 10:59:18.068 17730-17931 bt_stack                com.android.bluetooth                V  [VERBOSE1:btm_inq.cc(1019)] BTM_InqDbRead: bd addr 33:af:0d:62:af:1f
2025-09-17 10:59:18.072 23217-23217 BluetoothScannerService com.remoticom.energynodeinset        I  start/onScanResult: 33:AF:0D:62:AF:1F - null
2025-09-17 10:59:18.072 23217-23217 BluetoothScannerService com.remoticom.energynodeinset        D  First advertised service UUID=null
2025-09-17 10:59:18.073 23217-23217 BluetoothScannerService com.remoticom.energynodeinset        D  Unknown device
2025-09-17 10:59:18.087  1099-1156  surfaceflinger          surfaceflinger                       E  [frame_perf] perfboost open boost file failed
2025-09-17 10:59:18.088 17730-17931 bt_stack                com.android.bluetooth                V  [VERBOSE1:btm_inq.cc(1019)] BTM_InqDbRead: bd addr 3d:44:82:ba:f7:cc
2025-09-17 10:59:18.089 17730-17931 bt_stack                com.android.bluetooth                V  [VERBOSE1:btm_inq.cc(1019)] BTM_InqDbRead: bd addr 3d:44:82:ba:f7:cc
2025-09-17 10:59:18.094 23217-23217 BluetoothScannerService com.remoticom.energynodeinset        I  start/onScanResult: 3D:44:82:BA:F7:CC - null
2025-09-17 10:59:18.095 23217-23217 BluetoothScannerService com.remoticom.energynodeinset        D  First advertised service UUID=null
2025-09-17 10:59:18.095 23217-23217 BluetoothScannerService com.remoticom.energynodeinset        D  Unknown device
2025-09-17 10:59:18.100 23217-23217 BluetoothScannerService com.remoticom.energynodeinset        I  start/onScanResult: 3D:44:82:BA:F7:CC - null
2025-09-17 10:59:18.100 23217-23217 BluetoothScannerService com.remoticom.energynodeinset        D  First advertised service UUID=null
2025-09-17 10:59:18.100 23217-23217 BluetoothScannerService com.remoticom.energynodeinset        D  Unknown device
2025-09-17 10:59:18.104  1099-32043 surfaceflinger          surfaceflinger                       E  [frame_perf] perfboost open boost file failed
2025-09-17 10:59:18.105 17730-17931 bt_stack                com.android.bluetooth                V  [VERBOSE1:btm_inq.cc(1019)] BTM_InqDbRead: bd addr e3:9f:90:87:ae:c6
2025-09-17 10:59:18.111 23217-23217 BluetoothScannerService com.remoticom.energynodeinset        I  start/onScanResult: E3:9F:90:87:AE:C6 - RTM-010
2025-09-17 10:59:18.111 23217-23217 BluetoothScannerService com.remoticom.energynodeinset        D  First advertised service UUID=a55d1c55-004b-ffff-0000-000000000000
2025-09-17 10:59:18.111 23217-23217 BluetoothScannerService com.remoticom.energynodeinset        D  Unknown device
2025-09-17 10:59:18.125  3143-3143  MDM-DataTr...eedTracker com.android.phone                    D  onDataActivity: isNewTxEvent = true, isNewRxEvent = true, isTxEndEvent = false, isRxEndEvent = false
2025-09-17 10:59:18.126  3143-3143  MDM-DataAc...ionManager com.android.phone                    D  onDataActivity: isNewEvent = true, isEndEvent = false
2025-09-17 10:59:18.126  3143-3143  MDM-DataAc...ionManager com.android.phone                    D  getCurrentSimMccMnc: current SIM mccmnc = [*20416, null]
2025-09-17 10:59:18.126 30462-30498 NetworkCon...troller(1) com.android.systemui                 D  notifyListeners, showSimLoadedFakeIcon :false
2025-09-17 10:59:18.144   963-17929 vendor.qti...bs_handler and...are.bluetooth@1.0-service-qti  I  ProcessIbsCmd: Received IBS_SLEEP_IND: 0xFE
2025-09-17 10:59:18.144   963-17929 vendor.qti...bs_handler and...are.bluetooth@1.0-service-qti  D  SerialClockVote: vote for UART CLK OFF
2025-09-17 10:59:18.147  1099-3321  surfaceflinger          surfaceflinger                       E  [frame_perf] perfboost open boost file failed
2025-09-17 10:59:18.164  1099-32043 surfaceflinger          surfaceflinger                       E  [frame_perf] perfboost open boost file failed
2025-09-17 10:59:18.181  1099-32043 surfaceflinger          surfaceflinger                       E  [frame_perf] perfboost open boost file failed
2025-09-17 10:59:18.185  1099-1157  surfaceflinger          surfaceflinger                       E  [frame_perf] perfboost open boost file failed
2025-09-17 10:59:18.202  1099-32043 surfaceflinger          surfaceflinger                       E  [frame_perf] perfboost open boost file failed
2025-09-17 10:59:18.236  1099-1156  surfaceflinger          surfaceflinger                       E  [frame_perf] perfboost open boost file failed
2025-09-17 10:59:18.253  1099-32043 surfaceflinger          surfaceflinger                       E  [frame_perf] perfboost open boost file failed
2025-09-17 10:59:18.253  1305-1758  BatteryStatsImpl        system_server                        I  set mBatteryTimeToFullSeconds to 3683
2025-09-17 10:59:18.262 30462-30462 OpUtils                 com.android.systemui                 I  isSupportWarpCharging:false
2025-09-17 10:59:18.263 30462-30462 OpSWarpChargingView     com.android.systemui                 D  level is same as latest one [91]
2025-09-17 10:59:18.265 30462-30462 KeyguardUpdateMonitor   com.android.systemui                 D  received broadcast android.intent.action.BATTERY_CHANGED
2025-09-17 10:59:18.265 30462-30462 OpUtils                 com.android.systemui                 I  isSupportWarpCharging:false
2025-09-17 10:59:18.265 30462-30462 KeyguardUpdateMonitor   com.android.systemui                 D  pdCharge false, chargingstatus 0, fastcharge:0
2025-09-17 10:59:18.268 30462-30498 BatterySaverTile        com.android.systemui                 D  handleUpdateState, true, false
2025-09-17 10:59:18.284  1099-3321  surfaceflinger          surfaceflinger                       E  [frame_perf] perfboost open boost file failed
2025-09-17 10:59:18.294   963-17920 vendor.qti...-wake_lock and...are.bluetooth@1.0-service-qti  D  Release wakelock is released 
2025-09-17 10:59:18.301  1099-32043 surfaceflinger          surfaceflinger                       E  [frame_perf] perfboost open boost file failed
2025-09-17 10:59:18.309  3107-3107  DeviceStatisticsService com...m.qti.devicestatisticsservice  D  chargerType=2 batteryLevel=91 totalBatteryCapacity=2850500
2025-09-17 10:59:18.338  1099-1873  surfaceflinger          surfaceflinger                       E  [frame_perf] perfboost open boost file failed
2025-09-17 10:59:18.355  1099-32043 surfaceflinger          surfaceflinger                       E  [frame_perf] perfboost open boost file failed
2025-09-17 10:59:18.387  1099-1873  surfaceflinger          surfaceflinger                       E  [frame_perf] perfboost open boost file failed
2025-09-17 10:59:18.405  1099-32043 surfaceflinger          surfaceflinger                       E  [frame_perf] perfboost open boost file failed
2025-09-17 10:59:18.438  1099-3321  surfaceflinger          surfaceflinger                       E  [frame_perf] perfboost open boost file failed
2025-09-17 10:59:18.455  1099-32043 surfaceflinger          surfaceflinger                       E  [frame_perf] perfboost open boost file failed
2025-09-17 10:59:18.489  1099-3321  surfaceflinger          surfaceflinger                       E  [frame_perf] perfboost open boost file failed
2025-09-17 10:59:18.506  1099-32043 surfaceflinger          surfaceflinger                       E  [frame_perf] perfboost open boost file failed
2025-09-17 10:59:18.538  1099-1156  surfaceflinger          surfaceflinger                       E  [frame_perf] perfboost open boost file failed
2025-09-17 10:59:18.555  1099-32043 surfaceflinger          surfaceflinger                       E  [frame_perf] perfboost open boost file failed
2025-09-17 10:59:18.587  1099-3321  surfaceflinger          surfaceflinger                       E  [frame_perf] perfboost open boost file failed
2025-09-17 10:59:18.604  1099-32043 surfaceflinger          surfaceflinger                       E  [frame_perf] perfboost open boost file failed
2025-09-17 10:59:18.638  1099-1156  surfaceflinger          surfaceflinger                       E  [frame_perf] perfboost open boost file failed
2025-09-17 10:59:18.655  1099-32043 surfaceflinger          surfaceflinger                       E  [frame_perf] perfboost open boost file failed
2025-09-17 10:59:18.686  1099-3321  surfaceflinger          surfaceflinger                       E  [frame_perf] perfboost open boost file failed
2025-09-17 10:59:18.703  1099-32043 surfaceflinger          surfaceflinger                       E  [frame_perf] perfboost open boost file failed
2025-09-17 10:59:18.710   963-17929 vendor.qti...bs_handler and...are.bluetooth@1.0-service-qti  I  ProcessIbsCmd: Received IBS_WAKE_IND: 0xFD
2025-09-17 10:59:18.710   963-17929 vendor.qti...bs_handler and...are.bluetooth@1.0-service-qti  D  SerialClockVote: vote for UART CLK ON
2025-09-17 10:59:18.711   963-17929 vendor.qti...-wake_lock and...are.bluetooth@1.0-service-qti  D  Acquire wakelock is acquired 
2025-09-17 10:59:18.711   963-17929 vendor.qti...bs_handler and...are.bluetooth@1.0-service-qti  I  ProcessIbsCmd: Writing IBS_WAKE_ACK
2025-09-17 10:59:18.714 17730-17931 bt_stack                com.android.bluetooth                V  [VERBOSE1:btm_inq.cc(1019)] BTM_InqDbRead: bd addr 33:af:0d:62:af:1f
2025-09-17 10:59:18.714 17730-17931 bt_stack                com.android.bluetooth                V  [VERBOSE1:btm_inq.cc(1019)] BTM_InqDbRead: bd addr 4f:69:b6:ce:e3:fc
2025-09-17 10:59:18.718 17730-17931 bt_stack                com.android.bluetooth                V  [VERBOSE1:btm_inq.cc(1019)] BTM_InqDbRead: bd addr 6e:c2:a4:65:a6:7f
2025-09-17 10:59:18.724 17730-17931 bt_stack                com.android.bluetooth                V  [VERBOSE1:btm_inq.cc(1019)] BTM_InqDbRead: bd addr 46:e4:cc:21:31:8a
2025-09-17 10:59:18.725 23217-23217 BluetoothScannerService com.remoticom.energynodeinset        I  start/onScanResult: 33:AF:0D:62:AF:1F - null
2025-09-17 10:59:18.725 23217-23217 BluetoothScannerService com.remoticom.energynodeinset        D  First advertised service UUID=null
2025-09-17 10:59:18.725 23217-23217 BluetoothScannerService com.remoticom.energynodeinset        D  Unknown device
2025-09-17 10:59:18.726 17730-17931 bt_stack                com.android.bluetooth                V  [VERBOSE1:btm_inq.cc(1019)] BTM_InqDbRead: bd addr 68:34:9c:04:59:22
2025-09-17 10:59:18.727 23217-23217 BluetoothScannerService com.remoticom.energynodeinset        I  start/onScanResult: 4F:69:B6:CE:E3:FC - null
2025-09-17 10:59:18.727 23217-23217 BluetoothScannerService com.remoticom.energynodeinset        D  First advertised service UUID=null
2025-09-17 10:59:18.728 23217-23217 BluetoothScannerService com.remoticom.energynodeinset        D  Unknown device
2025-09-17 10:59:18.730 23217-23217 BluetoothScannerService com.remoticom.energynodeinset        I  start/onScanResult: 6E:C2:A4:65:A6:7F - null
2025-09-17 10:59:18.730 23217-23217 BluetoothScannerService com.remoticom.energynodeinset        D  First advertised service UUID=null
2025-09-17 10:59:18.730 23217-23217 BluetoothScannerService com.remoticom.energynodeinset        D  Unknown device
2025-09-17 10:59:18.736 23217-23217 BluetoothScannerService com.remoticom.energynodeinset        I  start/onScanResult: 46:E4:CC:21:31:8A - S44 1EF0 LE
2025-09-17 10:59:18.736 23217-23217 BluetoothScannerService com.remoticom.energynodeinset        D  First advertised service UUID=0000fe07-0000-1000-8000-00805f9b34fb
2025-09-17 10:59:18.736 23217-23217 BluetoothScannerService com.remoticom.energynodeinset        D  Unknown device
2025-09-17 10:59:18.738 23217-23217 BluetoothScannerService com.remoticom.energynodeinset        I  start/onScanResult: 68:34:9C:04:59:22 - null
2025-09-17 10:59:18.738 17730-17931 bt_stack                com.android.bluetooth                V  [VERBOSE1:btm_inq.cc(1019)] BTM_InqDbRead: bd addr 0a:c9:b6:f5:32:97
2025-09-17 10:59:18.738 23217-23217 BluetoothScannerService com.remoticom.energynodeinset        D  First advertised service UUID=null
2025-09-17 10:59:18.738 23217-23217 BluetoothScannerService com.remoticom.energynodeinset        D  Unknown device
2025-09-17 10:59:18.739  1099-1156  surfaceflinger          surfaceflinger                       E  [frame_perf] perfboost open boost file failed
2025-09-17 10:59:18.742 23217-23217 BluetoothScannerService com.remoticom.energynodeinset        I  start/onScanResult: 0A:C9:B6:F5:32:97 - null
2025-09-17 10:59:18.743 23217-23217 BluetoothScannerService com.remoticom.energynodeinset        D  First advertised service UUID=null
2025-09-17 10:59:18.743 23217-23217 BluetoothScannerService com.remoticom.energynodeinset        D  Unknown device
2025-09-17 10:59:18.756  1099-32043 surfaceflinger          surfaceflinger                       E  [frame_perf] perfboost open boost file failed
2025-09-17 10:59:18.775 17730-17931 bt_stack                com.android.bluetooth                V  [VERBOSE1:btm_inq.cc(1019)] BTM_InqDbRead: bd addr 1b:84:aa:2a:d0:00
2025-09-17 10:59:18.785 23217-23217 BluetoothScannerService com.remoticom.energynodeinset        I  start/onScanResult: 1B:84:AA:2A:D0:00 - null
2025-09-17 10:59:18.785 23217-23217 BluetoothScannerService com.remoticom.energynodeinset        D  First advertised service UUID=null
2025-09-17 10:59:18.785 23217-23217 BluetoothScannerService com.remoticom.energynodeinset        D  Unknown device
2025-09-17 10:59:18.787  1099-1157  surfaceflinger          surfaceflinger                       E  [frame_perf] perfboost open boost file failed
2025-09-17 10:59:18.794 17730-17931 bt_stack                com.android.bluetooth                V  [VERBOSE1:btm_inq.cc(1019)] BTM_InqDbRead: bd addr 6e:73:3e:ad:8a:0e
2025-09-17 10:59:18.801 23217-23217 BluetoothScannerService com.remoticom.energynodeinset        I  start/onScanResult: 6E:73:3E:AD:8A:0E - JBL WAVE BEAM-LE
2025-09-17 10:59:18.801 23217-23217 BluetoothScannerService com.remoticom.energynodeinset        D  First advertised service UUID=null
2025-09-17 10:59:18.801 23217-23217 BluetoothScannerService com.remoticom.energynodeinset        D  Unknown device
2025-09-17 10:59:18.803 17730-17931 bt_stack                com.android.bluetooth                V  [VERBOSE1:btm_inq.cc(1019)] BTM_InqDbRead: bd addr 33:af:0d:62:af:1f
2025-09-17 10:59:18.804  1099-32043 surfaceflinger          surfaceflinger                       E  [frame_perf] perfboost open boost file failed
2025-09-17 10:59:18.808 23217-23217 BluetoothScannerService com.remoticom.energynodeinset        I  start/onScanResult: 33:AF:0D:62:AF:1F - null
2025-09-17 10:59:18.808 23217-23217 BluetoothScannerService com.remoticom.energynodeinset        D  First advertised service UUID=null
2025-09-17 10:59:18.808 23217-23217 BluetoothScannerService com.remoticom.energynodeinset        D  Unknown device
2025-09-17 10:59:18.824 17730-17931 bt_stack                com.android.bluetooth                V  [VERBOSE1:btm_inq.cc(1019)] BTM_InqDbRead: bd addr 6e:c2:a4:65:a6:7f
2025-09-17 10:59:18.828 23217-23217 BluetoothScannerService com.remoticom.energynodeinset        I  start/onScanResult: 6E:C2:A4:65:A6:7F - null
2025-09-17 10:59:18.828 23217-23217 BluetoothScannerService com.remoticom.energynodeinset        D  First advertised service UUID=null
2025-09-17 10:59:18.828 23217-23217 BluetoothScannerService com.remoticom.energynodeinset        D  Unknown device
2025-09-17 10:59:18.836  1099-1156  surfaceflinger          surfaceflinger                       E  [frame_perf] perfboost open boost file failed
2025-09-17 10:59:18.844 17730-17931 bt_stack                com.android.bluetooth                V  [VERBOSE1:btm_inq.cc(1019)] BTM_InqDbRead: bd addr e3:9f:90:87:ae:c6
2025-09-17 10:59:18.844 17730-17931 bt_stack                com.android.bluetooth                V  [VERBOSE1:btm_inq.cc(1019)] BTM_InqDbRead: bd addr 0a:c9:b6:f5:32:97
2025-09-17 10:59:18.851 23217-23217 BluetoothScannerService com.remoticom.energynodeinset        I  start/onScanResult: E3:9F:90:87:AE:C6 - RTM-010
2025-09-17 10:59:18.851 23217-23217 BluetoothScannerService com.remoticom.energynodeinset        D  First advertised service UUID=a55d1c55-004b-ffff-0000-000000000000
2025-09-17 10:59:18.851 23217-23217 BluetoothScannerService com.remoticom.energynodeinset        D  Unknown device
2025-09-17 10:59:18.852 23217-23217 BluetoothScannerService com.remoticom.energynodeinset        I  start/onScanResult: 0A:C9:B6:F5:32:97 - null
2025-09-17 10:59:18.852 23217-23217 BluetoothScannerService com.remoticom.energynodeinset        D  First advertised service UUID=null
2025-09-17 10:59:18.853 23217-23217 BluetoothScannerService com.remoticom.energynodeinset        D  Unknown device
2025-09-17 10:59:18.853  1099-32043 surfaceflinger          surfaceflinger                       E  [frame_perf] perfboost open boost file failed
2025-09-17 10:59:18.883   963-17929 vendor.qti...bs_handler and...are.bluetooth@1.0-service-qti  I  ProcessIbsCmd: Received IBS_SLEEP_IND: 0xFE
2025-09-17 10:59:18.883   963-17929 vendor.qti...bs_handler and...are.bluetooth@1.0-service-qti  D  SerialClockVote: vote for UART CLK OFF
2025-09-17 10:59:18.887  1099-1156  surfaceflinger          surfaceflinger                       E  [frame_perf] perfboost open boost file failed
2025-09-17 10:59:18.904  1099-32043 surfaceflinger          surfaceflinger                       E  [frame_perf] perfboost open boost file failed
2025-09-17 10:59:18.938  1099-1157  surfaceflinger          surfaceflinger                       E  [frame_perf] perfboost open boost file failed
2025-09-17 10:59:18.955  1099-32043 surfaceflinger          surfaceflinger                       E  [frame_perf] perfboost open boost file failed
2025-09-17 10:59:18.989  1099-1156  surfaceflinger          surfaceflinger                       E  [frame_perf] perfboost open boost file failed
2025-09-17 10:59:19.007  1099-32043 surfaceflinger          surfaceflinger                       E  [frame_perf] perfboost open boost file failed
2025-09-17 10:59:19.034   963-17920 vendor.qti...-wake_lock and...are.bluetooth@1.0-service-qti  D  Release wakelock is released 
2025-09-17 10:59:19.038  1099-1157  surfaceflinger          surfaceflinger                       E  [frame_perf] perfboost open boost file failed
2025-09-17 10:59:19.055  1099-32043 surfaceflinger          surfaceflinger                       E  [frame_perf] perfboost open boost file failed
2025-09-17 10:59:19.087  1099-1156  surfaceflinger          surfaceflinger                       E  [frame_perf] perfboost open boost file failed
2025-09-17 10:59:19.104  1099-32043 surfaceflinger          surfaceflinger                       E  [frame_perf] perfboost open boost file failed
2025-09-17 10:59:19.137  1099-1157  surfaceflinger          surfaceflinger                       E  [frame_perf] perfboost open boost file failed
2025-09-17 10:59:19.154  1099-32043 surfaceflinger          surfaceflinger                       E  [frame_perf] perfboost open boost file failed
2025-09-17 10:59:19.187  1099-1873  surfaceflinger          surfaceflinger                       E  [frame_perf] perfboost open boost file failed
2025-09-17 10:59:19.204  1099-32043 surfaceflinger          surfaceflinger                       E  [frame_perf] perfboost open boost file failed
2025-09-17 10:59:19.237  1099-1156  surfaceflinger          surfaceflinger                       E  [frame_perf] perfboost open boost file failed
2025-09-17 10:59:19.254  1099-32043 surfaceflinger          surfaceflinger                       E  [frame_perf] perfboost open boost file failed
2025-09-17 10:59:19.285  1099-1156  surfaceflinger          surfaceflinger                       E  [frame_perf] perfboost open boost file failed
2025-09-17 10:59:19.302  1099-32043 surfaceflinger          surfaceflinger                       E  [frame_perf] perfboost open boost file failed
2025-09-17 10:59:19.336  1099-1156  surfaceflinger          surfaceflinger                       E  [frame_perf] perfboost open boost file failed
2025-09-17 10:59:19.353  1099-32043 surfaceflinger          surfaceflinger                       E  [frame_perf] perfboost open boost file failed
2025-09-17 10:59:19.387  1099-1873  surfaceflinger          surfaceflinger                       E  [frame_perf] perfboost open boost file failed
2025-09-17 10:59:19.404  1099-32043 surfaceflinger          surfaceflinger                       E  [frame_perf] perfboost open boost file failed
2025-09-17 10:59:19.439  1099-1157  surfaceflinger          surfaceflinger                       E  [frame_perf] perfboost open boost file failed
2025-09-17 10:59:19.456  1099-32043 surfaceflinger          surfaceflinger                       E  [frame_perf] perfboost open boost file failed
2025-09-17 10:59:19.489  1099-1157  surfaceflinger          surfaceflinger                       E  [frame_perf] perfboost open boost file failed
2025-09-17 10:59:19.506  1099-32043 surfaceflinger          surfaceflinger                       E  [frame_perf] perfboost open boost file failed
2025-09-17 10:59:19.539  1099-1157  surfaceflinger          surfaceflinger                       E  [frame_perf] perfboost open boost file failed
2025-09-17 10:59:19.556  1099-32043 surfaceflinger          surfaceflinger                       E  [frame_perf] perfboost open boost file failed
2025-09-17 10:59:19.589  1099-1873  surfaceflinger          surfaceflinger                       E  [frame_perf] perfboost open boost file failed
2025-09-17 10:59:19.606  1099-32043 surfaceflinger          surfaceflinger                       E  [frame_perf] perfboost open boost file failed
2025-09-17 10:59:19.639  1099-1156  surfaceflinger          surfaceflinger                       E  [frame_perf] perfboost open boost file failed
2025-09-17 10:59:19.656  1099-32043 surfaceflinger          surfaceflinger                       E  [frame_perf] perfboost open boost file failed
2025-09-17 10:59:19.688  1099-1156  surfaceflinger          surfaceflinger                       E  [frame_perf] perfboost open boost file failed
2025-09-17 10:59:19.705  1099-32043 surfaceflinger          surfaceflinger                       E  [frame_perf] perfboost open boost file failed
2025-09-17 10:59:19.740  1099-1157  surfaceflinger          surfaceflinger                       E  [frame_perf] perfboost open boost file failed
2025-09-17 10:59:19.757  1099-32043 surfaceflinger          surfaceflinger                       E  [frame_perf] perfboost open boost file failed
2025-09-17 10:59:19.788  1099-1873  surfaceflinger          surfaceflinger                       E  [frame_perf] perfboost open boost file failed
2025-09-17 10:59:19.805  1099-32043 surfaceflinger          surfaceflinger                       E  [frame_perf] perfboost open boost file failed
2025-09-17 10:59:19.836 28707-11578 NearbyMediums           com.google.android.gms.persistent    I  Found Fast Ble Advertisements :
                                                                                                    BleAdvertisement { version=2, socketVersion=2, isFast=true, serviceIdHash=null, data=[ 0x23 0x45 0x43 0x33 0x42 0x11 0x32 0x29 0x8a 0x9b 0xf9 0xee 0xc0 0xe5 0x75 0x4a 0xf2 0xc9 0x31 0x8b 0x8e 0xe6 0x48 ], deviceToken=[ 0xfc 0x78 ], rxAdvertisement=null } : 1 times.
                                                                                                    Total 1 fast advertisements from 1 unique advertisers.
2025-09-17 10:59:19.837 28707-11578 NearbyMediums           com.google.android.gms.persistent    I  Current Tracked Scanning Clients are : {NearbyConnections.EnvironmentMonitor, NearbySharing}
2025-09-17 10:59:19.839  1099-1156  surfaceflinger          surfaceflinger                       E  [frame_perf] perfboost open boost file failed
2025-09-17 10:59:19.843 28707-11577 NearbyConnections       com.google.android.gms.persistent    I  Processing lost BlePeripheral BlePeripheral{advertisement=BleAdvertisement { version=2, socketVersion=2, isFast=true, serviceIdHash=null, data=[ 0x23 0x45 0x42 0x48 0x47 0x11 0x32 0xae 0x94 0xf3 0x93 0x97 0x1c 0x58 0xd8 0x30 0x9c 0x46 0x33 0xcd 0x5a 0x46 0x40 ], deviceToken=[ 0xd9 0x32 ], rxAdvertisement=null }, dctAdvertisement=null, address=null, psm=0, deviceToken=<ByteString@5e8081e size=2 contents="\3312">, isSecondProfile=false, rxInstantConnectionAdv=null}.
2025-09-17 10:59:19.844 28707-11577 NearbyConnections       com.google.android.gms.persistent    I  Lost BleEndpoint for BlePeripheral BlePeripheral{advertisement=BleAdvertisement { version=2, socketVersion=2, isFast=true, serviceIdHash=null, data=[ 0x23 0x45 0x42 0x48 0x47 0x11 0x32 0xae 0x94 0xf3 0x93 0x97 0x1c 0x58 0xd8 0x30 0x9c 0x46 0x33 0xcd 0x5a 0x46 0x40 ], deviceToken=[ 0xd9 0x32 ], rxAdvertisement=null }, dctAdvertisement=null, address=null, psm=0, deviceToken=<ByteString@5e8081e size=2 contents="\3312">, isSecondProfile=false, rxInstantConnectionAdv=null} (with EndpointId EBHG and EndpointInfo [ 0x32 0xae 0x94 0xf3 0x93 0x97 0x1c 0x58 0xd8 0x30 0x9c 0x46 0x33 0xcd 0x5a 0x46 0x40 ]).
2025-09-17 10:59:19.846 28707-11577 NearbyConnections       com.google.android.gms.persistent    I  ClientProxy(249410627) reporting onEndpointLost(EBHG)
2025-09-17 10:59:19.849 28707-11577 NearbyConnections       com.google.android.gms.persistent    I  Processing lost BlePeripheral BlePeripheral{advertisement=BleAdvertisement { version=2, socketVersion=2, isFast=true, serviceIdHash=null, data=[ 0x23 0x49 0x52 0x45 0x47 0x11 0x32 0xce 0x46 0x0a 0x43 0x08 0xbf 0xbd 0xf3 0x88 0x42 0x42 0x44 0x1a 0xfd 0xa2 0xe1 ], deviceToken=[ 0xf3 0x4d ], rxAdvertisement=null }, dctAdvertisement=null, address=null, psm=0, deviceToken=<ByteString@b78c8ff size=2 contents="\363M">, isSecondProfile=false, rxInstantConnectionAdv=null}.
2025-09-17 10:59:19.850 28707-11577 NearbyConnections       com.google.android.gms.persistent    I  Lost BleEndpoint for BlePeripheral BlePeripheral{advertisement=BleAdvertisement { version=2, socketVersion=2, isFast=true, serviceIdHash=null, data=[ 0x23 0x49 0x52 0x45 0x47 0x11 0x32 0xce 0x46 0x0a 0x43 0x08 0xbf 0xbd 0xf3 0x88 0x42 0x42 0x44 0x1a 0xfd 0xa2 0xe1 ], deviceToken=[ 0xf3 0x4d ], rxAdvertisement=null }, dctAdvertisement=null, address=null, psm=0, deviceToken=<ByteString@b78c8ff size=2 contents="\363M">, isSecondProfile=false, rxInstantConnectionAdv=null} (with EndpointId IREG and EndpointInfo [ 0x32 0xce 0x46 0x0a 0x43 0x08 0xbf 0xbd 0xf3 0x88 0x42 0x42 0x44 0x1a 0xfd 0xa2 0xe1 ]).
2025-09-17 10:59:19.852 28707-11384 NearbySharing           com.google.android.gms.persistent    I  NearbySharing Internal event EndpointLost(endpointId=EBHG)
2025-09-17 10:59:19.852 28707-11577 NearbyConnections       com.google.android.gms.persistent    I  ClientProxy(249410627) reporting onEndpointLost(IREG)
2025-09-17 10:59:19.853 28707-11577 NearbyConnections       com.google.android.gms.persistent    I  Processing lost BlePeripheral BlePeripheral{advertisement=BleAdvertisement { version=2, socketVersion=2, isFast=true, serviceIdHash=null, data=[ 0x23 0x45 0x4b 0x48 0x46 0x11 0x32 0xbb 0x25 0xc4 0x2e 0x3f 0x67 0x84 0xe0 0xb2 0x16 0x6e 0x12 0x8c 0x7e 0x8a 0x8b ], deviceToken=[ 0x1a 0x49 ], rxAdvertisement=null }, dctAdvertisement=null, address=null, psm=0, deviceToken=<ByteString@3e576cc size=2 contents="\032I">, isSecondProfile=false, rxInstantConnectionAdv=null}.
2025-09-17 10:59:19.854 28707-11577 NearbyConnections       com.google.android.gms.persistent    I  Lost BleEndpoint for BlePeripheral BlePeripheral{advertisement=BleAdvertisement { version=2, socketVersion=2, isFast=true, serviceIdHash=null, data=[ 0x23 0x45 0x4b 0x48 0x46 0x11 0x32 0xbb 0x25 0xc4 0x2e 0x3f 0x67 0x84 0xe0 0xb2 0x16 0x6e 0x12 0x8c 0x7e 0x8a 0x8b ], deviceToken=[ 0x1a 0x49 ], rxAdvertisement=null }, dctAdvertisement=null, address=null, psm=0, deviceToken=<ByteString@3e576cc size=2 contents="\032I">, isSecondProfile=false, rxInstantConnectionAdv=null} (with EndpointId EKHF and EndpointInfo [ 0x32 0xbb 0x25 0xc4 0x2e 0x3f 0x67 0x84 0xe0 0xb2 0x16 0x6e 0x12 0x8c 0x7e 0x8a 0x8b ]).
2025-09-17 10:59:19.854 28707-11199 NearbySharing           com.google.android.gms.persistent    I  NearbySharing Internal event EndpointLost(endpointId=IREG)
2025-09-17 10:59:19.856 28707-11577 NearbyConnections       com.google.android.gms.persistent    I  ClientProxy(249410627) reporting onEndpointLost(EKHF)
2025-09-17 10:59:19.856  1099-32043 surfaceflinger          surfaceflinger                       E  [frame_perf] perfboost open boost file failed
2025-09-17 10:59:19.857 28707-11577 NearbySharing           com.google.android.gms.persistent    I  NearbySharing Internal event EndpointLost(endpointId=EKHF)
2025-09-17 10:59:19.889  1099-3321  surfaceflinger          surfaceflinger                       E  [frame_perf] perfboost open boost file failed
2025-09-17 10:59:19.907  1099-32043 surfaceflinger          surfaceflinger                       E  [frame_perf] perfboost open boost file failed
2025-09-17 10:59:19.939  1099-3321  surfaceflinger          surfaceflinger                       E  [frame_perf] perfboost open boost file failed
2025-09-17 10:59:19.956  1305-2195  AlarmManager            system_server                        V  Triggering alarm #0: 3 when =660756550 package =com.android.phone operation =*alarm*:com.android.internal.telephony.data-stall flags =0x8
2025-09-17 10:59:19.957  1099-32043 surfaceflinger          surfaceflinger                       E  [frame_perf] perfboost open boost file failed
2025-09-17 10:59:19.988  1099-1156  surfaceflinger          surfaceflinger                       E  [frame_perf] perfboost open boost file failed
2025-09-17 10:59:20.005  1099-32043 surfaceflinger          surfaceflinger                       E  [frame_perf] perfboost open boost file failed
2025-09-17 10:59:20.039  1099-1157  surfaceflinger          surfaceflinger                       E  [frame_perf] perfboost open boost file failed
2025-09-17 10:59:20.056  1099-32043 surfaceflinger          surfaceflinger                       E  [frame_perf] perfboost open boost file failed
2025-09-17 10:59:20.090  1099-1157  surfaceflinger          surfaceflinger                       E  [frame_perf] perfboost open boost file failed
2025-09-17 10:59:20.107  1099-32043 surfaceflinger          surfaceflinger                       E  [frame_perf] perfboost open boost file failed
2025-09-17 10:59:20.137  1099-1157  surfaceflinger          surfaceflinger                       E  [frame_perf] perfboost open boost file failed
2025-09-17 10:59:20.154  1099-32043 surfaceflinger          surfaceflinger                       E  [frame_perf] perfboost open boost file failed
2025-09-17 10:59:20.190  1099-3321  surfaceflinger          surfaceflinger                       E  [frame_perf] perfboost open boost file failed
2025-09-17 10:59:20.207  1099-32043 surfaceflinger          surfaceflinger                       E  [frame_perf] perfboost open boost file failed
2025-09-17 10:59:20.209  1305-2937  OPBF                    system_server                        D  setCGroupState():tofreeze=true, uid:10112 pkg:com.snapchat.android --->>> ok reason:finish perform hasTimeout broadcast for action = android.intent.action.SCREEN_ON
2025-09-17 10:59:20.237   963-17929 vendor.qti...bs_handler and...are.bluetooth@1.0-service-qti  I  ProcessIbsCmd: Received IBS_WAKE_IND: 0xFD
2025-09-17 10:59:20.237   963-17929 vendor.qti...bs_handler and...are.bluetooth@1.0-service-qti  D  SerialClockVote: vote for UART CLK ON
2025-09-17 10:59:20.239   963-17929 vendor.qti...-wake_lock and...are.bluetooth@1.0-service-qti  D  Acquire wakelock is acquired 
2025-09-17 10:59:20.239   963-17929 vendor.qti...bs_handler and...are.bluetooth@1.0-service-qti  I  ProcessIbsCmd: Writing IBS_WAKE_ACK
2025-09-17 10:59:20.241  1099-1156  surfaceflinger          surfaceflinger                       E  [frame_perf] perfboost open boost file failed
2025-09-17 10:59:20.242 17730-17931 bt_stack                com.android.bluetooth                V  [VERBOSE1:btm_inq.cc(1019)] BTM_InqDbRead: bd addr f0:d7:8f:4d:80:82
2025-09-17 10:59:20.242 17730-17931 bt_stack                com.android.bluetooth                V  [VERBOSE1:btm_inq.cc(1019)] BTM_InqDbRead: bd addr 1b:84:aa:2a:d0:00
2025-09-17 10:59:20.251 23217-23217 BluetoothScannerService com.remoticom.energynodeinset        I  start/onScanResult: F0:D7:8F:4D:80:82 - RTM-BMC
2025-09-17 10:59:20.251 23217-23217 BluetoothScannerService com.remoticom.energynodeinset        D  First advertised service UUID=a55d1c55-0088-ffff-0000-000000000000
2025-09-17 10:59:20.251 23217-23217 BluetoothScannerService com.remoticom.energynodeinset        D  Remoticom device:  EnergyNode Inset
2025-09-17 10:59:20.253 23217-23217 BluetoothScannerService com.remoticom.energynodeinset        D  UUID=00000000-0000-0000-0000-f0d78f4d8082
2025-09-17 10:59:20.254 17730-17931 bt_stack                com.android.bluetooth                V  [VERBOSE1:btm_inq.cc(1019)] BTM_InqDbRead: bd addr 05:0c:bb:ca:ab:70
2025-09-17 10:59:20.254 23217-23217 BluetoothScannerService com.remoticom.energynodeinset        I  start/onScanResult: 1B:84:AA:2A:D0:00 - null
2025-09-17 10:59:20.254 23217-23217 BluetoothScannerService com.remoticom.energynodeinset        D  First advertised service UUID=null
2025-09-17 10:59:20.254 23217-23217 BluetoothScannerService com.remoticom.energynodeinset        D  Unknown device
2025-09-17 10:59:20.258 23217-23217 NodeListFragment        com.remoticom.energynodeinset        D  Updating list of nodes
2025-09-17 10:59:20.258  1099-32043 surfaceflinger          surfaceflinger                       E  [frame_perf] perfboost open boost file failed
2025-09-17 10:59:20.262 17730-17931 bt_stack                com.android.bluetooth                V  [VERBOSE1:btm_inq.cc(1019)] BTM_InqDbRead: bd addr 63:9f:d2:0f:ba:76
2025-09-17 10:59:20.264 17730-17931 bt_stack                com.android.bluetooth                V  [VERBOSE1:btm_inq.cc(1019)] BTM_InqDbRead: bd addr 0a:c9:b6:f5:32:97
2025-09-17 10:59:20.268 23217-23217 BluetoothScannerService com.remoticom.energynodeinset        I  start/onScanResult: 05:0C:BB:CA:AB:70 - null
2025-09-17 10:59:20.268 23217-23217 BluetoothScannerService com.remoticom.energynodeinset        D  First advertised service UUID=null
2025-09-17 10:59:20.268 23217-23217 BluetoothScannerService com.remoticom.energynodeinset        D  Unknown device
2025-09-17 10:59:20.271  1099-1156  surfaceflinger          surfaceflinger                       E  [frame_perf] perfboost open boost file failed
2025-09-17 10:59:20.271 17730-17931 bt_stack                com.android.bluetooth                V  [VERBOSE1:btm_inq.cc(1019)] BTM_InqDbRead: bd addr 33:af:0d:62:af:1f
2025-09-17 10:59:20.279 17730-17931 bt_stack                com.android.bluetooth                V  [VERBOSE1:btm_inq.cc(1019)] BTM_InqDbRead: bd addr 6e:73:3e:ad:8a:0e
2025-09-17 10:59:20.287 17730-17931 bt_stack                com.android.bluetooth                V  [VERBOSE1:btm_inq.cc(1019)] BTM_InqDbRead: bd addr ee:58:3d:d4:c4:bd
2025-09-17 10:59:20.288  1099-32043 surfaceflinger          surfaceflinger                       E  [frame_perf] perfboost open boost file failed
2025-09-17 10:59:20.294 23217-23217 BluetoothScannerService com.remoticom.energynodeinset        I  start/onScanResult: 63:9F:D2:0F:BA:76 - null
2025-09-17 10:59:20.294 23217-23217 BluetoothScannerService com.remoticom.energynodeinset        D  First advertised service UUID=null
2025-09-17 10:59:20.294 23217-23217 BluetoothScannerService com.remoticom.energynodeinset        D  Unknown device
2025-09-17 10:59:20.295 23217-23217 BluetoothScannerService com.remoticom.energynodeinset        I  start/onScanResult: 0A:C9:B6:F5:32:97 - null
2025-09-17 10:59:20.295 23217-23217 BluetoothScannerService com.remoticom.energynodeinset        D  First advertised service UUID=null
2025-09-17 10:59:20.295 23217-23217 BluetoothScannerService com.remoticom.energynodeinset        D  Unknown device
2025-09-17 10:59:20.296 23217-23217 BluetoothScannerService com.remoticom.energynodeinset        I  start/onScanResult: 33:AF:0D:62:AF:1F - null
2025-09-17 10:59:20.296 23217-23217 BluetoothScannerService com.remoticom.energynodeinset        D  First advertised service UUID=null
2025-09-17 10:59:20.296 23217-23217 BluetoothScannerService com.remoticom.energynodeinset        D  Unknown device
2025-09-17 10:59:20.297 23217-23217 BluetoothScannerService com.remoticom.energynodeinset        I  start/onScanResult: 6E:73:3E:AD:8A:0E - JBL WAVE BEAM-LE
2025-09-17 10:59:20.297 23217-23217 BluetoothScannerService com.remoticom.energynodeinset        D  First advertised service UUID=null
2025-09-17 10:59:20.297 23217-23217 BluetoothScannerService com.remoticom.energynodeinset        D  Unknown device
2025-09-17 10:59:20.298  1099-1468  surfaceflinger          surfaceflinger                       E  [frame_perf] perfboost open boost file failed
2025-09-17 10:59:20.298 23217-23217 BluetoothScannerService com.remoticom.energynodeinset        I  start/onScanResult: EE:58:3D:D4:C4:BD - ZMS
2025-09-17 10:59:20.298 23217-23217 BluetoothScannerService com.remoticom.energynodeinset        D  First advertised service UUID=00001828-0000-1000-8000-00805f9b34fb
2025-09-17 10:59:20.298 23217-23217 BluetoothScannerService com.remoticom.energynodeinset        D  Unknown device
2025-09-17 10:59:20.308 17730-17931 bt_stack                com.android.bluetooth                V  [VERBOSE1:btm_inq.cc(1019)] BTM_InqDbRead: bd addr 34:50:0c:20:8f:61
2025-09-17 10:59:20.311 23217-23217 BluetoothScannerService com.remoticom.energynodeinset        I  start/onScanResult: 34:50:0C:20:8F:61 - null
2025-09-17 10:59:20.312 23217-23217 BluetoothScannerService com.remoticom.energynodeinset        D  First advertised service UUID=null
2025-09-17 10:59:20.312 23217-23217 BluetoothScannerService com.remoticom.energynodeinset        D  Unknown device
2025-09-17 10:59:20.313 17730-17931 bt_stack                com.android.bluetooth                V  [VERBOSE1:btm_inq.cc(1019)] BTM_InqDbRead: bd addr e3:9f:90:87:ae:c6
2025-09-17 10:59:20.315  1099-32043 surfaceflinger          surfaceflinger                       E  [frame_perf] perfboost open boost file failed
2025-09-17 10:59:20.318 23217-23217 BluetoothScannerService com.remoticom.energynodeinset        I  start/onScanResult: E3:9F:90:87:AE:C6 - RTM-010
2025-09-17 10:59:20.318  1099-1468  surfaceflinger          surfaceflinger                       E  [frame_perf] perfboost open boost file failed
2025-09-17 10:59:20.318 23217-23217 BluetoothScannerService com.remoticom.energynodeinset        D  First advertised service UUID=a55d1c55-004b-ffff-0000-000000000000
2025-09-17 10:59:20.318 23217-23217 BluetoothScannerService com.remoticom.energynodeinset        D  Unknown device
2025-09-17 10:59:20.335  1099-32043 surfaceflinger          surfaceflinger                       E  [frame_perf] perfboost open boost file failed
2025-09-17 10:59:20.337 17730-17931 bt_stack                com.android.bluetooth                V  [VERBOSE1:btm_inq.cc(1019)] BTM_InqDbRead: bd addr f0:d7:8f:4d:80:82
2025-09-17 10:59:20.339  1099-1873  surfaceflinger          surfaceflinger                       E  [frame_perf] perfboost open boost file failed
2025-09-17 10:59:20.340 17730-17931 bt_stack                com.android.bluetooth                V  [VERBOSE1:btm_inq.cc(1019)] BTM_InqDbRead: bd addr 1b:84:aa:2a:d0:00
2025-09-17 10:59:20.342 23217-23217 BluetoothScannerService com.remoticom.energynodeinset        I  start/onScanResult: F0:D7:8F:4D:80:82 - RTM-BMC
2025-09-17 10:59:20.342 23217-23217 BluetoothScannerService com.remoticom.energynodeinset        D  First advertised service UUID=a55d1c55-0088-ffff-0000-000000000000
2025-09-17 10:59:20.342 23217-23217 BluetoothScannerService com.remoticom.energynodeinset        D  Remoticom device:  EnergyNode Inset
2025-09-17 10:59:20.344 23217-23217 BluetoothScannerService com.remoticom.energynodeinset        D  UUID=00000000-0000-0000-0000-f0d78f4d8082
2025-09-17 10:59:20.347 23217-23217 NodeListFragment        com.remoticom.energynodeinset        D  Updating list of nodes
2025-09-17 10:59:20.348 23217-23217 BluetoothScannerService com.remoticom.energynodeinset        I  start/onScanResult: 1B:84:AA:2A:D0:00 - null
2025-09-17 10:59:20.348 23217-23217 BluetoothScannerService com.remoticom.energynodeinset        D  First advertised service UUID=null
2025-09-17 10:59:20.348 23217-23217 BluetoothScannerService com.remoticom.energynodeinset        D  Unknown device
2025-09-17 10:59:20.356  1099-32043 surfaceflinger          surfaceflinger                       E  [frame_perf] perfboost open boost file failed
2025-09-17 10:59:20.357  1099-3321  surfaceflinger          surfaceflinger                       E  [frame_perf] perfboost open boost file failed
2025-09-17 10:59:20.359 17730-17931 bt_stack                com.android.bluetooth                V  [VERBOSE1:btm_inq.cc(1019)] BTM_InqDbRead: bd addr f4:d2:ac:9c:2b:f0
2025-09-17 10:59:20.359 17730-17931 bt_stack                com.android.bluetooth                V  [VERBOSE1:btm_inq.cc(1019)] BTM_InqDbRead: bd addr 05:0c:bb:ca:ab:70
2025-09-17 10:59:20.363 23217-23217 BluetoothScannerService com.remoticom.energynodeinset        I  start/onScanResult: F4:D2:AC:9C:2B:F0 - null
2025-09-17 10:59:20.364 23217-23217 BluetoothScannerService com.remoticom.energynodeinset        D  First advertised service UUID=null
2025-09-17 10:59:20.364 23217-23217 BluetoothScannerService com.remoticom.energynodeinset        D  Unknown device
2025-09-17 10:59:20.365 23217-23217 BluetoothScannerService com.remoticom.energynodeinset        I  start/onScanResult: 05:0C:BB:CA:AB:70 - null
2025-09-17 10:59:20.365 23217-23217 BluetoothScannerService com.remoticom.energynodeinset        D  First advertised service UUID=null
2025-09-17 10:59:20.365 23217-23217 BluetoothScannerService com.remoticom.energynodeinset        D  Unknown device
2025-09-17 10:59:20.370 17730-17931 bt_stack                com.android.bluetooth                V  [VERBOSE1:btm_inq.cc(1019)] BTM_InqDbRead: bd addr dd:37:c2:d1:8d:f6
