2025-09-17 10:59:06.178   963-17920 vendor.qti...-wake_lock and...are.bluetooth@1.0-service-qti  D  Release wakelock is released 
2025-09-17 10:59:06.364   963-17929 vendor.qti...bs_handler and...are.bluetooth@1.0-service-qti  I  ProcessIbsCmd: Received IBS_WAKE_IND: 0xFD
2025-09-17 10:59:06.364   963-17929 vendor.qti...bs_handler and...are.bluetooth@1.0-service-qti  D  SerialClockVote: vote for UART CLK ON
2025-09-17 10:59:06.366   963-17929 vendor.qti...-wake_lock and...are.bluetooth@1.0-service-qti  D  Acquire wakelock is acquired 
2025-09-17 10:59:06.366   963-17929 vendor.qti...bs_handler and...are.bluetooth@1.0-service-qti  I  ProcessIbsCmd: Writing IBS_WAKE_ACK
2025-09-17 10:59:06.369 17730-17931 bt_stack                com.android.bluetooth                V  [VERBOSE1:btm_inq.cc(1019)] BTM_InqDbRead: bd addr 36:d3:88:e7:73:dc
2025-09-17 10:59:06.378 28707-11386 NearbyMediums           com.google.android.gms.persistent    I  This GATT advertisement BleAdvertisement { version=2, socketVersion=2, isFast=true, serviceIdHash=null, data=[ 0x23 0x45 0x4b 0x48 0x46 0x11 0x32 0xbb 0x25 0xc4 0x2e 0x3f 0x67 0x84 0xe0 0xb2 0x16 0x6e 0x12 0x8c 0x7e 0x8a 0x8b ], deviceToken=[ 0x1a 0x49 ], rxAdvertisement=null } is a Fast Advertisement and matched UUID 0000fef3-0000-1000-8000-00805f9b34fb in fastAdvertisementServiceUuids map with serviceID NearbySharing
2025-09-17 10:59:06.379 28707-11384 NearbyConnections       com.google.android.gms.persistent    I  Found BleAdvertisement [ 0x23 0x45 0x4b 0x48 0x46 0x11 0x32 0xbb 0x25 0xc4 0x2e 0x3f 0x67 0x84 0xe0 0xb2 0x16 0x6e 0x12 0x8c 0x7e 0x8a 0x8b ] (with EndpointId EKHF and EndpointInfo [ 0x32 0xbb 0x25 0xc4 0x2e 0x3f 0x67 0x84 0xe0 0xb2 0x16 0x6e 0x12 0x8c 0x7e 0x8a 0x8b ])
2025-09-17 10:59:06.382 28707-11384 NearbyConnections       com.google.android.gms.persistent    I  ClientProxy(249410627) reporting onEndpointFound(EKHF)
2025-09-17 10:59:06.383 28707-11384 NearbyConnections       com.google.android.gms.persistent    I  ClientProxy(249410627) reporting onEndpointDistanceChanged(EKHF, UNKNOWN)
2025-09-17 10:59:06.383 28707-11199 NearbySharing           com.google.android.gms.persistent    I  NearbySharing Internal event EndpointDiscovered(endpointId=EKHF)
2025-09-17 10:59:06.407   963-17929 vendor.qti...bs_handler and...are.bluetooth@1.0-service-qti  I  ProcessIbsCmd: Received IBS_SLEEP_IND: 0xFE
2025-09-17 10:59:06.407   963-17929 vendor.qti...bs_handler and...are.bluetooth@1.0-service-qti  D  SerialClockVote: vote for UART CLK OFF
2025-09-17 10:59:06.558   963-17920 vendor.qti...-wake_lock and...are.bluetooth@1.0-service-qti  D  Release wakelock is released 
2025-09-17 10:59:06.960  1513-1725  [gf_ca_entry]           and...trics.fingerprint@2.1-service  D  [gx_ta_send_modified_cmd_req] begin token 12762, cmd_id=1016
2025-09-17 10:59:06.960  1033-1091  ANDR-PERF-OPTSHANDLER   ven...qti.hardware.perf@2.2-service  E  Min bounds check failed
2025-09-17 10:59:06.960  1033-1091  ANDR-PERF-OPTSHANDLER   ven...qti.hardware.perf@2.2-service  E  Error! Perflock failed, invalid request value 140
2025-09-17 10:59:06.961  1033-1091  ANDR-PERF-RESOURCEQS    ven...qti.hardware.perf@2.2-service  E  Failed to apply optimization [6, 6]
2025-09-17 10:59:07.012  1513-1725  [gf_ca_entry]           and...trics.fingerprint@2.1-service  D  [gx_ta_send_modified_cmd_req] end
2025-09-17 10:59:07.012  1513-1725  [gf_ca_entry]           and...trics.fingerprint@2.1-service  D  [gf_ca_invoke_command] gx_ta_send_modified_cmd_req success
2025-09-17 10:59:07.012  1513-1725  [gf_ca_entry]           and...trics.fingerprint@2.1-service  D  [gf_ca_invoke_command] ta execution succeed
2025-09-17 10:59:07.012  1513-1725  [GF_HAL][g..._milan_hv] and...trics.fingerprint@2.1-service  I  [hal_milan_hv_irq] irq_type=[GF_IRQ_FDT_REVERSE_MASK], irq_type=0x00004000
2025-09-17 10:59:07.044  3143-3143  MDM-DataTr...eedTracker com.android.phone                    D  onDataActivity: isNewTxEvent = true, isNewRxEvent = true, isTxEndEvent = false, isRxEndEvent = false
2025-09-17 10:59:07.044  3143-3143  MDM-DataAc...ionManager com.android.phone                    D  onDataActivity: isNewEvent = true, isEndEvent = false
2025-09-17 10:59:07.044  3143-3143  MDM-DataAc...ionManager com.android.phone                    D  getCurrentSimMccMnc: current SIM mccmnc = [*20416, null]
2025-09-17 10:59:07.044 30462-30498 NetworkCon...troller(1) com.android.systemui                 D  notifyListeners, showSimLoadedFakeIcon :false
2025-09-17 10:59:07.075   963-17929 vendor.qti...bs_handler and...are.bluetooth@1.0-service-qti  I  ProcessIbsCmd: Received IBS_WAKE_IND: 0xFD
2025-09-17 10:59:07.075   963-17929 vendor.qti...bs_handler and...are.bluetooth@1.0-service-qti  D  SerialClockVote: vote for UART CLK ON
2025-09-17 10:59:07.075   963-17929 vendor.qti...-wake_lock and...are.bluetooth@1.0-service-qti  D  Acquire wakelock is acquired 
2025-09-17 10:59:07.075   963-17929 vendor.qti...bs_handler and...are.bluetooth@1.0-service-qti  I  ProcessIbsCmd: Writing IBS_WAKE_ACK
2025-09-17 10:59:07.077 17730-17931 bt_stack                com.android.bluetooth                V  [VERBOSE1:btm_inq.cc(1019)] BTM_InqDbRead: bd addr 63:a1:8e:12:38:de
2025-09-17 10:59:07.117   963-17929 vendor.qti...bs_handler and...are.bluetooth@1.0-service-qti  I  ProcessIbsCmd: Received IBS_SLEEP_IND: 0xFE
2025-09-17 10:59:07.117   963-17929 vendor.qti...bs_handler and...are.bluetooth@1.0-service-qti  D  SerialClockVote: vote for UART CLK OFF
2025-09-17 10:59:07.267   963-17920 vendor.qti...-wake_lock and...are.bluetooth@1.0-service-qti  D  Release wakelock is released 
2025-09-17 10:59:07.757  1689-1837  QMI_FW                  qcrild                               E  qmi_cci_get_ref: ref count increased 2
2025-09-17 10:59:07.759  1689-1757  QMI_FW                  qcrild                               E  qmi_cci_get_ref: ref count increased 2
2025-09-17 10:59:07.761   963-17929 vendor.qti...bs_handler and...are.bluetooth@1.0-service-qti  I  ProcessIbsCmd: Received IBS_WAKE_IND: 0xFD
2025-09-17 10:59:07.762   963-17929 vendor.qti...bs_handler and...are.bluetooth@1.0-service-qti  D  SerialClockVote: vote for UART CLK ON
2025-09-17 10:59:07.763   963-17929 vendor.qti...-wake_lock and...are.bluetooth@1.0-service-qti  D  Acquire wakelock is acquired 
2025-09-17 10:59:07.763   963-17929 vendor.qti...bs_handler and...are.bluetooth@1.0-service-qti  I  ProcessIbsCmd: Writing IBS_WAKE_ACK
2025-09-17 10:59:07.765 17730-17931 bt_stack                com.android.bluetooth                V  [VERBOSE1:btm_inq.cc(1019)] BTM_InqDbRead: bd addr 6e:73:3e:ad:8a:0e
2025-09-17 10:59:07.804   963-17929 vendor.qti...bs_handler and...are.bluetooth@1.0-service-qti  I  ProcessIbsCmd: Received IBS_SLEEP_IND: 0xFE
2025-09-17 10:59:07.804   963-17929 vendor.qti...bs_handler and...are.bluetooth@1.0-service-qti  D  SerialClockVote: vote for UART CLK OFF
2025-09-17 10:59:07.954   963-17920 vendor.qti...-wake_lock and...are.bluetooth@1.0-service-qti  D  Release wakelock is released 
2025-09-17 10:59:09.056  3143-3143  MDM-DataAc...ionManager com.android.phone                    D  onDataActivity: isNewEvent = false, isEndEvent = true
2025-09-17 10:59:09.056  3143-3143  MDM-DataAc...ionManager com.android.phone                    D  updateDataActiveDuration: original active duration = 8695263
2025-09-17 10:59:09.056  3143-3143  MDM-DataAc...ionManager com.android.phone                    D  updateDataActiveDuration: current connection time = 8697275
2025-09-17 10:59:09.056  3143-3143  MDM-DataTr...eedTracker com.android.phone                    D  onDataActivity: isNewTxEvent = false, isNewRxEvent = false, isTxEndEvent = true, isRxEndEvent = true
2025-09-17 10:59:09.056  3143-3143  MDM-DataTr...eedTracker com.android.phone                    D  updateTransferSpeedData: isTx = true
2025-09-17 10:59:09.056 30462-30498 NetworkCon...troller(1) com.android.systemui                 D  notifyListeners, showSimLoadedFakeIcon :false
2025-09-17 10:59:09.058  3143-3143  MDM-DataTr...eedTracker com.android.phone                    D  updateTransferSpeedData: mCurDdsSimNetworkClass = 2, currentTxBytes = 108533617, incrementTxBytes = 168, transferTxSpeed = 84
2025-09-17 10:59:09.058  3143-3143  MDM-DataTr...eedTracker com.android.phone                    D  getBucketIndexByBelongingRange: index = 0, transferSpeed = 84
2025-09-17 10:59:09.058  3143-3143  MDM-DataTr...eedTracker com.android.phone                    D  updateTransferSpeedData: isTx = false
2025-09-17 10:59:09.059  3143-3143  MDM-DataTr...eedTracker com.android.phone                    D  updateTransferSpeedData: mCurDdsSimNetworkClass = 2, currentRxBytes = 2739732313, incrementRxBytes = 232, transferRxSpeed = 2
2025-09-17 10:59:09.059  3143-3143  MDM-DataTr...eedTracker com.android.phone                    D  getBucketIndexByBelongingRange: index = 0, transferSpeed = 2
2025-09-17 10:59:09.270   963-17929 vendor.qti...bs_handler and...are.bluetooth@1.0-service-qti  I  ProcessIbsCmd: Received IBS_WAKE_IND: 0xFD
2025-09-17 10:59:09.270   963-17929 vendor.qti...bs_handler and...are.bluetooth@1.0-service-qti  D  SerialClockVote: vote for UART CLK ON
2025-09-17 10:59:09.271   963-17929 vendor.qti...-wake_lock and...are.bluetooth@1.0-service-qti  D  Acquire wakelock is acquired 
2025-09-17 10:59:09.271   963-17929 vendor.qti...bs_handler and...are.bluetooth@1.0-service-qti  I  ProcessIbsCmd: Writing IBS_WAKE_ACK
2025-09-17 10:59:09.273 17730-17931 bt_stack                com.android.bluetooth                V  [VERBOSE1:btm_inq.cc(1019)] BTM_InqDbRead: bd addr 30:c5:27:e3:6c:d7
2025-09-17 10:59:09.312   963-17929 vendor.qti...bs_handler and...are.bluetooth@1.0-service-qti  I  ProcessIbsCmd: Received IBS_SLEEP_IND: 0xFE
2025-09-17 10:59:09.312   963-17929 vendor.qti...bs_handler and...are.bluetooth@1.0-service-qti  D  SerialClockVote: vote for UART CLK OFF
2025-09-17 10:59:09.399   963-17929 vendor.qti...bs_handler and...are.bluetooth@1.0-service-qti  I  ProcessIbsCmd: Received IBS_WAKE_IND: 0xFD
2025-09-17 10:59:09.400   963-17929 vendor.qti...bs_handler and...are.bluetooth@1.0-service-qti  D  SerialClockVote: vote for UART CLK ON
2025-09-17 10:59:09.400   963-17929 vendor.qti...bs_handler and...are.bluetooth@1.0-service-qti  I  ProcessIbsCmd: Writing IBS_WAKE_ACK
2025-09-17 10:59:09.402 17730-17931 bt_stack                com.android.bluetooth                V  [VERBOSE1:btm_inq.cc(1019)] BTM_InqDbRead: bd addr 19:20:97:37:3a:1e
2025-09-17 10:59:09.440   963-17929 vendor.qti...bs_handler and...are.bluetooth@1.0-service-qti  I  ProcessIbsCmd: Received IBS_SLEEP_IND: 0xFE
2025-09-17 10:59:09.441   963-17929 vendor.qti...bs_handler and...are.bluetooth@1.0-service-qti  D  SerialClockVote: vote for UART CLK OFF
2025-09-17 10:59:09.591   963-17920 vendor.qti...-wake_lock and...are.bluetooth@1.0-service-qti  D  Release wakelock is released 
2025-09-17 10:59:09.832 28707-11199 NearbyMediums           com.google.android.gms.persistent    I  Found Fast Ble Advertisements :
                                                                                                    BleAdvertisement { version=2, socketVersion=2, isFast=true, serviceIdHash=null, data=[ 0x23 0x45 0x42 0x48 0x47 0x11 0x32 0xae 0x94 0xf3 0x93 0x97 0x1c 0x58 0xd8 0x30 0x9c 0x46 0x33 0xcd 0x5a 0x46 0x40 ], deviceToken=[ 0xd9 0x32 ], rxAdvertisement=null } : 1 times.
                                                                                                    BleAdvertisement { version=2, socketVersion=2, isFast=true, serviceIdHash=null, data=[ 0x23 0x49 0x52 0x45 0x47 0x11 0x32 0xce 0x46 0x0a 0x43 0x08 0xbf 0xbd 0xf3 0x88 0x42 0x42 0x44 0x1a 0xfd 0xa2 0xe1 ], deviceToken=[ 0xf3 0x4d ], rxAdvertisement=null } : 2 times.
                                                                                                    BleAdvertisement { version=2, socketVersion=2, isFast=true, serviceIdHash=null, data=[ 0x23 0x45 0x43 0x33 0x42 0x11 0x32 0x29 0x8a 0x9b 0xf9 0xee 0xc0 0xe5 0x75 0x4a 0xf2 0xc9 0x31 0x8b 0x8e 0xe6 0x48 ], deviceToken=[ 0xfc 0x78 ], rxAdvertisement=null } : 1 times.
                                                                                                    Total 4 fast advertisements from 3 unique advertisers.
2025-09-17 10:59:09.832 28707-11199 NearbyMediums           com.google.android.gms.persistent    I  Current Tracked Scanning Clients are : {NearbyConnections.EnvironmentMonitor, NearbySharing}
2025-09-17 10:59:10.074   963-17929 vendor.qti...bs_handler and...are.bluetooth@1.0-service-qti  I  ProcessIbsCmd: Received IBS_WAKE_IND: 0xFD
2025-09-17 10:59:10.074   963-17929 vendor.qti...bs_handler and...are.bluetooth@1.0-service-qti  D  SerialClockVote: vote for UART CLK ON
2025-09-17 10:59:10.075   963-17929 vendor.qti...-wake_lock and...are.bluetooth@1.0-service-qti  D  Acquire wakelock is acquired 
2025-09-17 10:59:10.075   963-17929 vendor.qti...bs_handler and...are.bluetooth@1.0-service-qti  I  ProcessIbsCmd: Writing IBS_WAKE_ACK
2025-09-17 10:59:10.076 17730-17931 bt_stack                com.android.bluetooth                V  [VERBOSE1:btm_inq.cc(1019)] BTM_InqDbRead: bd addr 6e:73:3e:ad:8a:0e
2025-09-17 10:59:10.116   963-17929 vendor.qti...bs_handler and...are.bluetooth@1.0-service-qti  I  ProcessIbsCmd: Received IBS_SLEEP_IND: 0xFE
2025-09-17 10:59:10.116   963-17929 vendor.qti...bs_handler and...are.bluetooth@1.0-service-qti  D  SerialClockVote: vote for UART CLK OFF
2025-09-17 10:59:10.266   963-17920 vendor.qti...-wake_lock and...are.bluetooth@1.0-service-qti  D  Release wakelock is released 
2025-09-17 10:59:10.759   963-17929 vendor.qti...bs_handler and...are.bluetooth@1.0-service-qti  I  ProcessIbsCmd: Received IBS_WAKE_IND: 0xFD
2025-09-17 10:59:10.759   963-17929 vendor.qti...bs_handler and...are.bluetooth@1.0-service-qti  D  SerialClockVote: vote for UART CLK ON
2025-09-17 10:59:10.760   963-17929 vendor.qti...-wake_lock and...are.bluetooth@1.0-service-qti  D  Acquire wakelock is acquired 
2025-09-17 10:59:10.761   963-17929 vendor.qti...bs_handler and...are.bluetooth@1.0-service-qti  I  ProcessIbsCmd: Writing IBS_WAKE_ACK
2025-09-17 10:59:10.763 17730-17931 bt_stack                com.android.bluetooth                V  [VERBOSE1:btm_inq.cc(1019)] BTM_InqDbRead: bd addr 55:c5:30:dc:7b:92
2025-09-17 10:59:10.771 28707-11199 NearbyMediums           com.google.android.gms.persistent    I  This GATT advertisement BleAdvertisement { version=2, socketVersion=2, isFast=true, serviceIdHash=null, data=[ 0x23 0x4c 0x4f 0x43 0x42 0x11 0x32 0x43 0x20 0xc5 0x93 0x1c 0x96 0xbd 0x03 0xa9 0xca 0xe3 0x8a 0xfc 0x52 0x08 0x67 ], deviceToken=[ 0xec 0xb1 ], rxAdvertisement=null } is a Fast Advertisement and matched UUID 0000fef3-0000-1000-8000-00805f9b34fb in fastAdvertisementServiceUuids map with serviceID NearbySharing
2025-09-17 10:59:10.772 28707-11386 NearbyConnections       com.google.android.gms.persistent    I  Found BleAdvertisement [ 0x23 0x4c 0x4f 0x43 0x42 0x11 0x32 0x43 0x20 0xc5 0x93 0x1c 0x96 0xbd 0x03 0xa9 0xca 0xe3 0x8a 0xfc 0x52 0x08 0x67 ] (with EndpointId LOCB and EndpointInfo [ 0x32 0x43 0x20 0xc5 0x93 0x1c 0x96 0xbd 0x03 0xa9 0xca 0xe3 0x8a 0xfc 0x52 0x08 0x67 ])
2025-09-17 10:59:10.774 28707-11386 NearbyConnections       com.google.android.gms.persistent    I  ClientProxy(249410627) reporting onEndpointFound(LOCB)
2025-09-17 10:59:10.775 28707-11386 NearbyConnections       com.google.android.gms.persistent    I  ClientProxy(249410627) reporting onEndpointDistanceChanged(LOCB, UNKNOWN)
2025-09-17 10:59:10.775 28707-11577 NearbySharing           com.google.android.gms.persistent    I  NearbySharing Internal event EndpointDiscovered(endpointId=LOCB)
2025-09-17 10:59:10.787 17730-17931 bt_stack                com.android.bluetooth                V  [VERBOSE1:btm_inq.cc(1019)] BTM_InqDbRead: bd addr 63:a1:8e:12:38:de
2025-09-17 10:59:10.826   963-17929 vendor.qti...bs_handler and...are.bluetooth@1.0-service-qti  I  ProcessIbsCmd: Received IBS_SLEEP_IND: 0xFE
2025-09-17 10:59:10.827   963-17929 vendor.qti...bs_handler and...are.bluetooth@1.0-service-qti  D  SerialClockVote: vote for UART CLK OFF
2025-09-17 10:59:10.977   963-17920 vendor.qti...-wake_lock and...are.bluetooth@1.0-service-qti  D  Release wakelock is released 
2025-09-17 10:59:11.074  3143-3143  MDM-DataAc...ionManager com.android.phone                    D  onDataActivity: isNewEvent = true, isEndEvent = false
2025-09-17 10:59:11.075  3143-3143  MDM-DataAc...ionManager com.android.phone                    D  getCurrentSimMccMnc: current SIM mccmnc = [*20416, null]
2025-09-17 10:59:11.075 30462-30498 NetworkCon...troller(1) com.android.systemui                 D  notifyListeners, showSimLoadedFakeIcon :false
2025-09-17 10:59:11.075  3143-3143  MDM-DataTr...eedTracker com.android.phone                    D  onDataActivity: isNewTxEvent = true, isNewRxEvent = false, isTxEndEvent = false, isRxEndEvent = false
2025-09-17 10:59:11.082 30462-30462 ndroid.systemu          com.android.systemui                 E  Invalid ID 0x00000000.
2025-09-17 10:59:05.415  1305-1734  ExtBatteryStatsService  system_server                        D  ext-flush too soon, skip
2025-09-17 10:59:11.216  1305-1758  BatteryStatsImpl        system_server                        I  set timeToFullsIndexMax = 3
2025-09-17 10:59:11.083 30462-30462 ndroid.systemu          com.android.systemui                 E  Invalid ID 0x00000000.
2025-09-17 10:59:11.225 30462-30462 OpUtils                 com.android.systemui                 I  isSupportWarpCharging:false
2025-09-17 10:59:11.225 30462-30462 OpSWarpChargingView     com.android.systemui                 D  level is same as latest one [91]
2025-09-17 10:59:11.228 30462-30462 KeyguardUpdateMonitor   com.android.systemui                 D  received broadcast android.intent.action.BATTERY_CHANGED
2025-09-17 10:59:11.230 30462-30462 OpUtils                 com.android.systemui                 I  isSupportWarpCharging:false
2025-09-17 10:59:11.230 30462-30462 KeyguardUpdateMonitor   com.android.systemui                 D  pdCharge false, chargingstatus 0, fastcharge:0
2025-09-17 10:59:11.238 30462-30498 BatterySaverTile        com.android.systemui                 D  handleUpdateState, true, false
2025-09-17 10:59:11.269  3107-3107  DeviceStatisticsService com...m.qti.devicestatisticsservice  D  chargerType=2 batteryLevel=91 totalBatteryCapacity=2850400
2025-09-17 10:59:11.497  1099-1157  surfaceflinger          surfaceflinger                       E  [frame_perf] perfboost open boost file failed
2025-09-17 10:59:11.498  1099-1157  surfaceflinger          surfaceflinger                       E  [frame_perf] AutoBoostStrategyQuery fd<0 failed, errno=Inappropriate ioctl for device
2025-09-17 10:59:11.498  1099-1157  surfaceflinger          surfaceflinger                       E  [frame_perf] AutoBoostConfigQuery fd<0 failed, errno=Inappropriate ioctl for device
2025-09-17 10:59:11.516 23217-23217 NodeListFragment        com.remoticom.energynodeinset        D  Updating list of nodes
2025-09-17 10:59:11.517 23217-23217 GattConnectionService   com.remoticom.energynodeinset        D  Service state updated with ServiceState(device=null, characteristics=null, isConnecting=false, connectionStatus=Disconnected, lastGattError=null, hasConnectionTimeout=false)
2025-09-17 10:59:11.520 23217-23217 BluetoothAdapter        com.remoticom.energynodeinset        D  isLeEnabled(): ON
2025-09-17 10:59:11.524 17730-25681 BtGatt.GattService      com.android.bluetooth                D  registerScanner() - UUID=1ca40973-62ac-443d-8da8-afb09f8d4782
2025-09-17 10:59:11.528 17730-17931 bt_stack                com.android.bluetooth                V  [VERBOSE1:bta_gattc_act.cc(201)] bta_gattc_register: state:2
2025-09-17 10:59:11.528 17730-17931 bt_stack                com.android.bluetooth                I  [INFO:gatt_api.cc(950)] GATT_Register 27e545d5-c194-0f69-7950-08ca16c65796
2025-09-17 10:59:11.528 17730-17931 bt_stack                com.android.bluetooth                I  [INFO:gatt_api.cc(970)] allocated gatt_if=7
2025-09-17 10:59:11.528 17730-17931 bt_stack                com.android.bluetooth                V  [VERBOSE1:gatt_api.cc(1080)] GATT_StartIf gatt_if=7
2025-09-17 10:59:11.528 17730-17931 bt_stack                com.android.bluetooth                V  [VERBOSE1:gatt_utils.cc(254)] gatt_find_the_connected_bda start_idx=0
2025-09-17 10:59:11.528 17730-17800 BtGatt.GattService      com.android.bluetooth                D  onScannerRegistered() - UUID=1ca40973-62ac-443d-8da8-afb09f8d4782, scannerId=7, status=0
2025-09-17 10:59:11.528 17730-17931 bt_stack                com.android.bluetooth                V  [VERBOSE1:gatt_utils.cc(266)]  found=0 found_idx=10
2025-09-17 10:59:11.534 23217-9952  BluetoothLeScanner      com.remoticom.energynodeinset        D  onScannerRegistered() - status=0 scannerId=7 mScannerId=0
2025-09-17 10:59:11.534 17730-25681 BtGatt.GattService      com.android.bluetooth                D  start scan with filters. callingPackage: com.remoticom.energynodeinset
2025-09-17 10:59:11.555 17730-25681 BtGatt.GattService      com.android.bluetooth                D  start scan calling from packages: com.remoticom.energynodeinset
2025-09-17 10:59:11.561 17730-17899 BtGatt.ScanManager      com.android.bluetooth                I  msg.what = 0
2025-09-17 10:59:11.562 17730-17899 BtGatt.ScanManager      com.android.bluetooth                D  handling starting scan
2025-09-17 10:59:11.563 17730-17899 BtGatt.ScanManager      com.android.bluetooth                D  isAptXLowLatencyModeEnabled: false
2025-09-17 10:59:11.563   963-963   vendor.qti...bs_handler and...are.bluetooth@1.0-service-qti  D  SerialClockVote: vote for UART CLK ON
2025-09-17 10:59:11.564   963-963   vendor.qti...-wake_lock and...are.bluetooth@1.0-service-qti  D  Acquire wakelock is acquired 
2025-09-17 10:59:11.564   963-963   vendor.qti...bs_handler and...are.bluetooth@1.0-service-qti  I  DeviceWakeUp: Writing IBS_WAKE_IND
2025-09-17 10:59:11.564   963-17929 vendor.qti...bs_handler and...are.bluetooth@1.0-service-qti  I  ProcessIbsCmd: Received IBS_WAKE_ACK: 0xFC
2025-09-17 10:59:11.564   963-17929 vendor.qti...bs_handler and...are.bluetooth@1.0-service-qti  I  ProcessIbsCmd: Signal wack_cond_
2025-09-17 10:59:11.564   963-963   vendor.qti...bs_handler and...are.bluetooth@1.0-service-qti  D  DeviceWakeUp: Unblocked from waiting for FC
2025-09-17 10:59:11.564 17730-17918 bt_osi_wakelock         com.android.bluetooth                E  wakelock_acquire wakelock acquired
2025-09-17 10:59:11.564   963-17929 vendor.qti...bs_handler and...are.bluetooth@1.0-service-qti  I  ProcessIbsCmd: Received IBS_WAKE_IND: 0xFD
2025-09-17 10:59:11.564   963-17929 vendor.qti...bs_handler and...are.bluetooth@1.0-service-qti  I  ProcessIbsCmd: Writing IBS_WAKE_ACK
2025-09-17 10:59:11.565 23217-23217 PeripheralsDataSource   com.remoticom.energynodeinset        D  Loading peripheral: 00000000-0000-0000-0000-f0d78f4d8082
2025-09-17 10:59:11.565 17730-17768 bt_osi_wakelock         com.android.bluetooth                E  wakelock_release wakelock released
2025-09-17 10:59:11.565 17730-17800 BtGatt.GattService      com.android.bluetooth                D  onScanFilterEnableDisabled() - clientIf=7, status=0, action=1
2025-09-17 10:59:11.565 17730-17800 BtGatt.ScanManager      com.android.bluetooth                D  callback done for scannerId - 7 status - 0
2025-09-17 10:59:11.565 23217-23217 PeripheralsDataSource   com.remoticom.energynodeinset        D  Updating peripheral (00000000-0000-0000-0000-f0d78f4d8082) state to: PeripheralState(status=Loading, peripheral=null, lastError=null)
2025-09-17 10:59:11.565 17730-17899 BtGatt.ScanManager      com.android.bluetooth                D  configureFilterParamter 500 10000 1 0, deliveryMode=0
2025-09-17 10:59:11.567 23217-23217 NodeListFragment        com.remoticom.energynodeinset        D  Updating list of nodes
2025-09-17 10:59:11.568 23217-23217 NodeListFragment        com.remoticom.energynodeinset        D  Updating list of nodes
2025-09-17 10:59:11.569 17730-17918 bt_osi_wakelock         com.android.bluetooth                E  wakelock_acquire wakelock acquired
2025-09-17 10:59:11.569 23217-23217 NodeListFragment        com.remoticom.energynodeinset        D  Updating list of nodes
2025-09-17 10:59:11.570 17730-17768 bt_osi_wakelock         com.android.bluetooth                E  wakelock_release wakelock released
2025-09-17 10:59:11.570 17730-17800 BtGatt.GattService      com.android.bluetooth                D  onScanFilterParamsConfigured() - clientIf=7, status=0, action=0, availableSpace=8
2025-09-17 10:59:11.570 17730-17800 BtGatt.ScanManager      com.android.bluetooth                D  callback done for scannerId - 7 status - 0
2025-09-17 10:59:11.571 23217-23217 AuthenticationService   com.remoticom.energynodeinset        D  Loading account...
2025-09-17 10:59:11.571 17730-17899 BtGatt.ScanManager      com.android.bluetooth                D  configureRegularScanParams() - queue=5
2025-09-17 10:59:11.571 17730-17899 BtGatt.ScanManager      com.android.bluetooth                D  configureRegularScanParams() - ScanSetting LE 1M Scan mode=1ScanSetting LE Coded Scan mode=1 mLastConfiguredScanSettingLE1M=1 mLastConfiguredScanSettingLECoded=1scanPhy=255
2025-09-17 10:59:11.609   963-17929 vendor.qti...bs_handler and...are.bluetooth@1.0-service-qti  I  ProcessIbsCmd: Received IBS_SLEEP_IND: 0xFE
2025-09-17 10:59:11.640  1099-32043 surfaceflinger          surfaceflinger                       E  [frame_perf] perfboost open boost file failed
2025-09-17 10:59:11.641  1099-1157  surfaceflinger          surfaceflinger                       E  [frame_perf] perfboost open boost file failed
2025-09-17 10:59:11.658 23217-23217 AuthenticationService   com.remoticom.energynodeinset        I  Account loaded for: bob
2025-09-17 10:59:11.658 23217-23217 AuthenticationService   com.remoticom.energynodeinset        D  Service state updated with State(status=AUTHENTICATED, lastError=null, account=com.microsoft.identity.client.MultiTenantAccount@df07ac3)
2025-09-17 10:59:11.658 23217-23217 AuthenticationService   com.remoticom.energynodeinset        D  Acquiring token...
2025-09-17 10:59:11.706  1099-32043 surfaceflinger          surfaceflinger                       E  [frame_perf] perfboost open boost file failed
2025-09-17 10:59:11.709  1099-1873  surfaceflinger          surfaceflinger                       E  [frame_perf] perfboost open boost file failed
2025-09-17 10:59:11.769 23217-23217 AuthenticationService   com.remoticom.energynodeinset        I  Token acquired silently. Token expires on Wed Sep 17 11:27:04 GMT+02:00 2025
2025-09-17 10:59:11.769 23217-23217 AuthenticationService   com.remoticom.energynodeinset        D  Service state updated with State(status=AUTHENTICATED, lastError=null, account=com.microsoft.identity.client.MultiTenantAccount@ad6001f)
2025-09-17 10:59:11.769 23217-23217 AuthenticationService   com.remoticom.energynodeinset        D  Access Token: eyJhbGciOiJSUzI1NiIsImtpZCI6Ilg1ZVhrNHh5b2pORnVtMWtsMll0djhkbE5QNC1jNTdkTzZRR1RWQndhTmsiLCJ0eXAiOiJKV1QifQ.eyJhdWQiOiIwZTI0ZDY2ZC0xYzg0LTQzNjctYWM5OS1kNTU1MWFlYThiZDQiLCJpc3MiOiJodHRwczovL3JlbW90aWNvbWIyYy5iMmNsb2dpbi5jb20vYzEyNjU1ODQtN2EyNy00ZGQ5LTg5YjAtMDNiOGM1ZDhhZTc0L3YyLjAvIiwiZXhwIjoxNzU4MTAxMjI2LCJuYmYiOjE3NTgwOTc2MjYsIm9pZCI6ImE5NmIzMTM5LTFlNmItNDdjZC05ODQyLTNmZjA3YjNiNjZhOCIsInN1YiI6ImE5NmIzMTM5LTFlNmItNDdjZC05ODQyLTNmZjA3YjNiNjZhOCIsIm5hbWUiOiJib2IiLCJmYW1pbHlfbmFtZSI6Ii4iLCJlbWFpbHMiOlsiYi52ZHNjaG9vdEByZW1vdGljb20uY29tIl0sInRmcCI6IkIyQ18xX3NpZ251cF9zaWduaW4iLCJzY3AiOiJVc2VyLlJlYWQiLCJhenAiOiI5MjdiNDNiNC01MzUyLTQ5NDctOGUzYi1mYzJkZWE3ZWIzYzMiLCJ2ZXIiOiIxLjAiLCJpYXQiOjE3NTgwOTc2MjZ9.Zt2BJ3wS1BP3ktML6ytDUtyYuUYkH3JP4g7APqz2Lr4cO4dTa7yUSGHHUXLcSELgcysB4jg7MAghptuG4uSmR0-gUvUOvWuYxxc_hZszBsBskhHfu6V2oyNWyZ-ddjF_dXIIgk19v4wPS4cNt8M7-1iokqaIRtPkCjNZijFcD9hcJHj1NX1NI0cbTeQJn7GAkfCFszK3DiMwS-auZuqF560rv7PkyrvzsU7SiEJhkd6SyYqvQWLSTokeTm8PCgv1xYA8n23eiEhf3WIlN3_VFj7L5pVlrrzWzjPO5lhYC7maZIr0kqmUy9T5Ws0vc6HJJm1MwrErz6qBuAa6GT7Oxg
2025-09-17 10:59:11.769 23217-23217 WebService              com.remoticom.energynodeinset        W  ACCESS TOKEN: eyJhbGciOiJSUzI1NiIsImtpZCI6Ilg1ZVhrNHh5b2pORnVtMWtsMll0djhkbE5QNC1jNTdkTzZRR1RWQndhTmsiLCJ0eXAiOiJKV1QifQ.eyJhdWQiOiIwZTI0ZDY2ZC0xYzg0LTQzNjctYWM5OS1kNTU1MWFlYThiZDQiLCJpc3MiOiJodHRwczovL3JlbW90aWNvbWIyYy5iMmNsb2dpbi5jb20vYzEyNjU1ODQtN2EyNy00ZGQ5LTg5YjAtMDNiOGM1ZDhhZTc0L3YyLjAvIiwiZXhwIjoxNzU4MTAxMjI2LCJuYmYiOjE3NTgwOTc2MjYsIm9pZCI6ImE5NmIzMTM5LTFlNmItNDdjZC05ODQyLTNmZjA3YjNiNjZhOCIsInN1YiI6ImE5NmIzMTM5LTFlNmItNDdjZC05ODQyLTNmZjA3YjNiNjZhOCIsIm5hbWUiOiJib2IiLCJmYW1pbHlfbmFtZSI6Ii4iLCJlbWFpbHMiOlsiYi52ZHNjaG9vdEByZW1vdGljb20uY29tIl0sInRmcCI6IkIyQ18xX3NpZ251cF9zaWduaW4iLCJzY3AiOiJVc2VyLlJlYWQiLCJhenAiOiI5MjdiNDNiNC01MzUyLTQ5NDctOGUzYi1mYzJkZWE3ZWIzYzMiLCJ2ZXIiOiIxLjAiLCJpYXQiOjE3NTgwOTc2MjZ9.Zt2BJ3wS1BP3ktML6ytDUtyYuUYkH3JP4g7APqz2Lr4cO4dTa7yUSGHHUXLcSELgcysB4jg7MAghptuG4uSmR0-gUvUOvWuYxxc_hZszBsBskhHfu6V2oyNWyZ-ddjF_dXIIgk19v4wPS4cNt8M7-1iokqaIRtPkCjNZijFcD9hcJHj1NX1NI0cbTeQJn7GAkfCFszK3DiMwS-auZuqF560rv7PkyrvzsU7SiEJhkd6SyYqvQWLSTokeTm8PCgv1xYA8n23eiEhf3WIlN3_VFj7L5pVlrrzWzjPO5lhYC7maZIr0kqmUy9T5Ws0vc6HJJm1MwrErz6qBuAa6GT7Oxg
2025-09-17 10:59:11.775  1099-32043 surfaceflinger          surfaceflinger                       E  [frame_perf] perfboost open boost file failed
2025-09-17 10:59:11.777  1099-1468  surfaceflinger          surfaceflinger                       E  [frame_perf] perfboost open boost file failed
2025-09-17 10:59:11.860  1099-32043 surfaceflinger          surfaceflinger                       E  [frame_perf] perfboost open boost file failed
2025-09-17 10:59:11.860  1099-1157  surfaceflinger          surfaceflinger                       E  [frame_perf] perfboost open boost file failed
2025-09-17 10:59:11.910  1099-32043 surfaceflinger          surfaceflinger                       E  [frame_perf] perfboost open boost file failed
2025-09-17 10:59:11.942 30462-30462 OpUtils                 com.android.systemui                 I  isSupportWarpCharging:false
2025-09-17 10:59:11.943 30462-30462 OpSWarpChargingView     com.android.systemui                 D  level is same as latest one [91]
2025-09-17 10:59:11.943  1099-1157  surfaceflinger          surfaceflinger                       E  [frame_perf] perfboost open boost file failed
2025-09-17 10:59:11.947 30462-30462 KeyguardUpdateMonitor   com.android.systemui                 D  received broadcast android.intent.action.BATTERY_CHANGED
2025-09-17 10:59:11.947 30462-30462 OpUtils                 com.android.systemui                 I  isSupportWarpCharging:false
2025-09-17 10:59:11.947 30462-30462 KeyguardUpdateMonitor   com.android.systemui                 D  pdCharge false, chargingstatus 0, fastcharge:0
2025-09-17 10:59:11.955 30462-30498 BatterySaverTile        com.android.systemui                 D  handleUpdateState, true, false
2025-09-17 10:59:11.960  1099-32043 surfaceflinger          surfaceflinger                       E  [frame_perf] perfboost open boost file failed
2025-09-17 10:59:11.997  1099-1157  surfaceflinger          surfaceflinger                       E  [frame_perf] perfboost open boost file failed
2025-09-17 10:59:12.014  1099-32043 surfaceflinger          surfaceflinger                       E  [frame_perf] perfboost open boost file failed
2025-09-17 10:59:12.022  1305-1345  ActivityManager         system_server                        D  kill pid:8380 processName:nl.hockey.android reason:empty #31
2025-09-17 10:59:12.022  1305-1345  ActivityManager         system_server                        I  Killing 8380:nl.hockey.android/u0a148 (adj 995): empty #31
2025-09-17 10:59:12.049  3107-3107  DeviceStatisticsService com...m.qti.devicestatisticsservice  D  chargerType=2 batteryLevel=91 totalBatteryCapacity=2850200
2025-09-17 10:59:12.058  1099-1157  surfaceflinger          surfaceflinger                       E  [frame_perf] perfboost open boost file failed
2025-09-17 10:59:12.075  1099-32043 surfaceflinger          surfaceflinger                       E  [frame_perf] perfboost open boost file failed
2025-09-17 10:59:12.079  3143-3143  MDM-DataAc...ionManager com.android.phone                    D  onDataActivity: isNewEvent = false, isEndEvent = false
2025-09-17 10:59:12.079  3143-3143  MDM-DataTr...eedTracker com.android.phone                    D  onDataActivity: isNewTxEvent = false, isNewRxEvent = true, isTxEndEvent = false, isRxEndEvent = false
2025-09-17 10:59:12.079 30462-30498 NetworkCon...troller(1) com.android.systemui                 D  notifyListeners, showSimLoadedFakeIcon :false
2025-09-17 10:59:12.088  1305-1345  ProcessStats            system_server                        W  setState index out of bounds. index: -1 length: 20
2025-09-17 10:59:12.089   872-872   Zygote                  pid-872                              I  Process 8380 exited due to signal 9 (Killed)
2025-09-17 10:59:12.097  1305-1731  libprocessgroup         system_server                        I  Successfully killed process cgroup uid 10148 pid 8380 in 48ms
2025-09-17 10:59:12.088  1305-1345  ProcessStats            system_server                        W  setState index out of bounds. index: -1 length: 20
2025-09-17 10:59:12.098  1305-2937  OPBF                    system_server                        D  setCGroupState():tofreeze=false, uid:10148 pkg:nl.hockey.android --->>> ok reason:app died cause by pid 8380
2025-09-17 10:59:12.099  1305-2937  WifiService             system_server                        I  setHighPerfRestrict uid=10148 restrict=false callingUid=1000
2025-09-17 10:59:12.107  1099-1873  surfaceflinger          surfaceflinger                       E  [frame_perf] perfboost open boost file failed
2025-09-17 10:59:12.115  1305-1594  Compatibil...geReporter system_server                        D  Compat change id reported: 135634846; UID 10148; state: DISABLED
2025-09-17 10:59:12.116  1305-1730  Compatibil...geReporter system_server                        D  Compat change id reported: 143937733; UID 10148; state: ENABLED
2025-09-17 10:59:12.124  1099-32043 surfaceflinger          surfaceflinger                       E  [frame_perf] perfboost open boost file failed
2025-09-17 10:59:12.150   872-872   Zygote                  pid-872                              D  Forked child process 11593
2025-09-17 10:59:12.155  1305-1730  ActivityManager         system_server                        I  Start proc 11593:nl.hockey.android/u0a148 for qcomUXE
2025-09-17 10:59:12.158  1099-1156  surfaceflinger          surfaceflinger                       E  [frame_perf] perfboost open boost file failed
2025-09-17 10:59:12.166 11593-11593 .hockey.androi          pid-11593                            E  Unknown bits set in runtime_flags: 0x800000
2025-09-17 10:59:12.175  1099-32043 surfaceflinger          surfaceflinger                       E  [frame_perf] perfboost open boost file failed
2025-09-17 10:59:12.179 11593-11593 .hockey.androi          pid-11593                            E  Not starting debugger since process cannot load the jdwp agent.
2025-09-17 10:59:12.207  1099-1156  surfaceflinger          surfaceflinger                       E  [frame_perf] perfboost open boost file failed
2025-09-17 10:59:12.224  1099-32043 surfaceflinger          surfaceflinger                       E  [frame_perf] perfboost open boost file failed
2025-09-17 10:59:12.225 11593-11593 .hockey.androi          pid-11593                            I  The ClassLoaderContext is a special shared library.
2025-09-17 10:59:12.260  1099-1468  surfaceflinger          surfaceflinger                       E  [frame_perf] perfboost open boost file failed
2025-09-17 10:59:12.277  1099-32043 surfaceflinger          surfaceflinger                       E  [frame_perf] perfboost open boost file failed
2025-09-17 10:59:12.316  1099-1468  surfaceflinger          surfaceflinger                       E  [frame_perf] perfboost open boost file failed
2025-09-17 10:59:12.333  1099-32043 surfaceflinger          surfaceflinger                       E  [frame_perf] perfboost open boost file failed
2025-09-17 10:59:12.358  1099-1157  surfaceflinger          surfaceflinger                       E  [frame_perf] perfboost open boost file failed
2025-09-17 10:59:12.359 11593-11593 100                     pid-11593                            I  Open /data/app/~~tmZHQhFkI9pXYKqc7HU7iA==/nl.hockey.android-AuQpsAYTnZkmnkPdP8DhVg==/base.apk took:103ms
2025-09-17 10:59:12.376  1099-32043 surfaceflinger          surfaceflinger                       E  [frame_perf] perfboost open boost file failed
2025-09-17 10:59:12.399 11593-11593 .hockey.androi          pid-11593                            W  JIT profile information will not be recorded: profile file does not exist.
2025-09-17 10:59:12.399 11593-11593 chatty                  pid-11593                            I  uid=10148(nl.hockey.android) identical 2 lines
2025-09-17 10:59:12.399 11593-11593 .hockey.androi          pid-11593                            W  JIT profile information will not be recorded: profile file does not exist.
2025-09-17 10:59:12.410  1099-1156  surfaceflinger          surfaceflinger                       E  [frame_perf] perfboost open boost file failed
2025-09-17 10:59:12.422 11593-11593 Perf                    pid-11593                            I  Connecting to perf service.
2025-09-17 10:59:12.427  1099-32043 surfaceflinger          surfaceflinger                       E  [frame_perf] perfboost open boost file failed
2025-09-17 10:59:12.435 11593-11593 .hockey.androi          pid-11593                            I  [GL_OOM] ClampGrowthLimit 268435456
2025-09-17 10:59:12.440 11593-11593 NetworkSecurityConfig   pid-11593                            D  No Network Security Config specified, using platform default
2025-09-17 10:59:12.440 11593-11593 NetworkSecurityConfig   pid-11593                            D  No Network Security Config specified, using platform default
2025-09-17 10:59:12.460  1099-1468  surfaceflinger          surfaceflinger                       E  [frame_perf] perfboost open boost file failed
2025-09-17 10:59:12.477  1099-32043 surfaceflinger          surfaceflinger                       E  [frame_perf] perfboost open boost file failed
2025-09-17 10:59:12.512  1099-1873  surfaceflinger          surfaceflinger                       E  [frame_perf] perfboost open boost file failed
2025-09-17 10:59:12.529  1099-32043 surfaceflinger          surfaceflinger                       E  [frame_perf] perfboost open boost file failed
2025-09-17 10:59:12.553 11593-11613 .hockey.androi          nl.hockey.android                    I  The ClassLoaderContext is a special shared library.
2025-09-17 10:59:12.563  1099-3321  surfaceflinger          surfaceflinger                       E  [frame_perf] perfboost open boost file failed
2025-09-17 10:59:12.569   963-17934 vendor.qti...bs_handler and...are.bluetooth@1.0-service-qti  I  DeviceSleep: TX Awake, Sending SLEEP_IND
2025-09-17 10:59:12.569   963-17934 vendor.qti...bs_handler and...are.bluetooth@1.0-service-qti  D  SerialClockVote: vote for UART CLK OFF
2025-09-17 10:59:12.580  1099-32043 surfaceflinger          surfaceflinger                       E  [frame_perf] perfboost open boost file failed
2025-09-17 10:59:12.609  1099-1156  surfaceflinger          surfaceflinger                       E  [frame_perf] perfboost open boost file failed
2025-09-17 10:59:12.612 11593-11593 SessionsDependencies    nl.hockey.android                    D  Dependency to CRASHLYTICS added.
2025-09-17 10:59:12.615 11593-11593 FirebaseApp             nl.hockey.android                    I  Device unlocked: initializing all Firebase APIs for app [DEFAULT]
2025-09-17 10:59:12.619 11593-11593 FirebaseCrashlytics     nl.hockey.android                    I  Initializing Firebase Crashlytics 19.4.3 for nl.hockey.android
2025-09-17 10:59:12.626  1099-32043 surfaceflinger          surfaceflinger                       E  [frame_perf] perfboost open boost file failed
2025-09-17 10:59:12.650 11593-11593 SessionsDependencies    nl.hockey.android                    D  Subscriber CRASHLYTICS registered.
2025-09-17 10:59:12.663  1099-3321  surfaceflinger          surfaceflinger                       E  [frame_perf] perfboost open boost file failed
2025-09-17 10:59:12.666 11593-11622 .hockey.androi          nl.hockey.android                    W  ClassLoaderContext classpath size mismatch. expected=13, found=0 (DLC[];PCL[base.apk*1167027886:base.apk!classes2.dex*3124322098:base.apk!classes3.dex*3534093271:base.apk!classes4.dex*1512672165:base.apk!classes5.dex*2315730570:base.apk!classes6.dex*128191468:base.apk!classes7.dex*4122639961:base.apk!classes8.dex*3512041491:base.apk!classes9.dex*614610935:base.apk!classes10.dex*3736102109:base.apk!classes11.dex*695555940:base.apk!classes12.dex*1278303432:base.apk!classes13.dex*3971330505]{PCL[/system/framework/org.apache.http.legacy.jar*536376411]#PCL[/apex/com.android.extservices/javalib/android.ext.adservices.jar*3549398241]#PCL[/system/framework/com.android.media.remotedisplay.jar*1573936315]#PCL[/system/framework/com.android.location.provider.jar*1664931834]#PCL[/system/framework/org.apache.http.legacy.jar*536376411]#PCL[/apex/com.android.extservices/javalib/android.ext.adservices.jar*3549398241]} | DLC[];PCL[])
2025-09-17 10:59:12.670 11593-11622 DynamiteModule          nl.hockey.android                    I  Considering local module com.google.android.gms.measurement.dynamite:141 and remote module com.google.android.gms.measurement.dynamite:158
2025-09-17 10:59:12.670 11593-11622 DynamiteModule          nl.hockey.android                    I  Selected remote version of com.google.android.gms.measurement.dynamite, version >= 158
2025-09-17 10:59:12.671 11593-11622 DynamiteModule          nl.hockey.android                    V  Dynamite loader version >= 2, using loadModule2NoCrashUtils
2025-09-17 10:59:12.680  1099-32043 surfaceflinger          surfaceflinger                       E  [frame_perf] perfboost open boost file failed
2025-09-17 10:59:12.683 11593-11593 FirebaseSessions        nl.hockey.android                    D  Initializing Firebase Sessions SDK.
2025-09-17 10:59:12.688 11593-11593 FirebaseInitProvider    nl.hockey.android                    I  FirebaseApp initialization successful
2025-09-17 10:59:12.689 11593-11622 System                  nl.hockey.android                    W  ClassLoader referenced unknown path: 
2025-09-17 10:59:12.703 11593-11624 sqlite3_android         nl.hockey.android                    E  [IKR-38846] ONEPLUS_NAME_PARTS_MATCH SQLITE_OK
2025-09-17 10:59:12.711  1099-3321  surfaceflinger          surfaceflinger                       E  [frame_perf] perfboost open boost file failed
2025-09-17 10:59:12.720   963-17920 vendor.qti...-wake_lock and...are.bluetooth@1.0-service-qti  D  Release wakelock is released 
2025-09-17 10:59:12.728  1099-32043 surfaceflinger          surfaceflinger                       E  [frame_perf] perfboost open boost file failed
2025-09-17 10:59:12.739 11593-11622 .hockey.androi          nl.hockey.android                    W  ClassLoaderContext classpath size mismatch. expected=13, found=3 (DLC[];PCL[base.apk*1167027886:base.apk!classes2.dex*3124322098:base.apk!classes3.dex*3534093271:base.apk!classes4.dex*1512672165:base.apk!classes5.dex*2315730570:base.apk!classes6.dex*128191468:base.apk!classes7.dex*4122639961:base.apk!classes8.dex*3512041491:base.apk!classes9.dex*614610935:base.apk!classes10.dex*3736102109:base.apk!classes11.dex*695555940:base.apk!classes12.dex*1278303432:base.apk!classes13.dex*3971330505]{PCL[/system/framework/org.apache.http.legacy.jar*536376411]#PCL[/apex/com.android.extservices/javalib/android.ext.adservices.jar*3549398241]#PCL[/system/framework/com.android.media.remotedisplay.jar*1573936315]#PCL[/system/framework/com.android.location.provider.jar*1664931834]#PCL[/system/framework/org.apache.http.legacy.jar*536376411]#PCL[/apex/com.android.extservices/javalib/android.ext.adservices.jar*3549398241]} | DLC[];PCL[/data/app/~~tmZHQhFkI9pXYKqc7HU7iA==/nl.hockey.android-AuQpsAYTnZkmnkPdP8DhVg==/base.apk*104121145:/data/app/~~tmZHQhFkI9pXYKqc7HU7iA==/nl.hockey.android-AuQpsAYTnZkmnkPdP8DhVg==/base.apk!classes2.dex*2257296595:/data/app/~~tmZHQhFkI9pXYKqc7HU7iA==/nl.hockey.android-AuQpsAYTnZkmnkPdP8DhVg==/base.apk!classes3.dex*971564132]{PCL[/system/framework/org.apache.http.legacy.jar*536376411]#PCL[/apex/com.android.extservices/javalib/android.ext.adservices.jar*3549398241]})
2025-09-17 10:59:12.743 11593-11622 .hockey.androi          nl.hockey.android                    W  Found duplicate classes, falling back to extracting from APK : /data/app/~~i0qobY4t6QDSfACEXwoOrA==/com.google.android.gms-z16Zd7y4MzG_aTxl5f646g==/split_MeasurementDynamite_installtime.apk
2025-09-17 10:59:12.743 11593-11622 .hockey.androi          nl.hockey.android                    W  NOTE: This wastes RAM and hurts startup performance.
2025-09-17 10:59:12.743 11593-11622 .hockey.androi          nl.hockey.android                    W  Found duplicated class when checking oat files: 'Landroid/app/AppComponentFactory;' in /data/app/~~i0qobY4t6QDSfACEXwoOrA==/com.google.android.gms-z16Zd7y4MzG_aTxl5f646g==/split_MeasurementDynamite_installtime.apk and /data/app/~~tmZHQhFkI9pXYKqc7HU7iA==/nl.hockey.android-AuQpsAYTnZkmnkPdP8DhVg==/base.apk
2025-09-17 10:59:12.750 11593-11629 LifecycleServiceBinder  nl.hockey.android                    D  Binding service to application.
2025-09-17 10:59:12.760 11593-11622 100                     nl.hockey.android                    I  Open /data/app/~~i0qobY4t6QDSfACEXwoOrA==/com.google.android.gms-z16Zd7y4MzG_aTxl5f646g==/split_MeasurementDynamite_installtime.apk took:53ms
2025-09-17 10:59:12.761  1099-3321  surfaceflinger          surfaceflinger                       E  [frame_perf] perfboost open boost file failed
2025-09-17 10:59:12.772  2386-2803  OPConfig:ConfigProvider com.oneplus.config                   V  Module:OnePlusFontConfig
2025-09-17 10:59:12.778  1099-32043 surfaceflinger          surfaceflinger                       E  [frame_perf] perfboost open boost file failed
2025-09-17 10:59:12.780 11593-11593 Config:Gra...FontConfig nl.hockey.android                    E  Index 0 requested, with a size of 0
2025-09-17 10:59:12.809  1099-1873  surfaceflinger          surfaceflinger                       E  [frame_perf] perfboost open boost file failed
2025-09-17 10:59:12.816 11593-11627 FirebaseCrashlytics     nl.hockey.android                    I  Saved version control info
2025-09-17 10:59:12.826  1099-32043 surfaceflinger          surfaceflinger                       E  [frame_perf] perfboost open boost file failed
2025-09-17 10:59:12.832 23217-23217 PeripheralsDataSource   com.remoticom.energynodeinset        D  Peripheral (00000000-0000-0000-0000-f0d78f4d8082) loaded.
2025-09-17 10:59:12.833 23217-23217 PeripheralsDataSource   com.remoticom.energynodeinset        D  Updating peripheral (00000000-0000-0000-0000-f0d78f4d8082) state to: PeripheralState(status=Loaded, peripheral=Peripheral(uuid=00000000-0000-0000-0000-F0D78F4D8082, ownershipStatus=Claimed, owner=null, assetName=null, password=****, pin=****, support=PeripheralSupport(email=info@remoticom.com)), lastError=null)
2025-09-17 10:59:12.836 23217-23217 NodeListFragment        com.remoticom.energynodeinset        D  Updating list of nodes
2025-09-17 10:59:12.838 11593-11593 SessionLifecycleService nl.hockey.android                    D  Service created on process 11593
2025-09-17 10:59:12.838 11593-11593 SessionLifecycleService nl.hockey.android                    D  Service bound to new client on process 11593
2025-09-17 10:59:12.841 11593-11640 SessionLifecycleService nl.hockey.android                    D  App has not yet foregrounded. Using previously stored session.
2025-09-17 10:59:12.841 11593-11640 SessionLifecycleService nl.hockey.android                    D  Client android.os.Messenger@9c251ca bound at 415346512. Clients: 1
2025-09-17 10:59:12.842  1099-1157  surfaceflinger          surfaceflinger                       E  [frame_perf] perfboost open boost file failed
2025-09-17 10:59:12.853  1305-4814  ActivityManager         system_server                        D  kill pid:30951 processName:com.duckduckgo.mobile.android reason:empty #31
2025-09-17 10:59:12.853  1305-4814  ActivityManager         system_server                        I  Killing 30951:com.duckduckgo.mobile.android/u0a331 (adj 999): empty #31
2025-09-17 10:59:12.859  1099-32043 surfaceflinger          surfaceflinger                       E  [frame_perf] perfboost open boost file failed
2025-09-17 10:59:12.859  1099-3321  surfaceflinger          surfaceflinger                       E  [frame_perf] perfboost open boost file failed
2025-09-17 10:59:12.870 11593-11593 SessionLifecycleClient  nl.hockey.android                    D  Connected to SessionLifecycleService. Queue size 0
2025-09-17 10:59:12.876  1099-32043 surfaceflinger          surfaceflinger                       E  [frame_perf] perfboost open boost file failed
2025-09-17 10:59:12.897   963-17929 vendor.qti...bs_handler and...are.bluetooth@1.0-service-qti  I  ProcessIbsCmd: Received IBS_WAKE_IND: 0xFD
2025-09-17 10:59:12.897   963-17929 vendor.qti...bs_handler and...are.bluetooth@1.0-service-qti  D  SerialClockVote: vote for UART CLK ON
2025-09-17 10:59:12.898   963-17929 vendor.qti...-wake_lock and...are.bluetooth@1.0-service-qti  D  Acquire wakelock is acquired 
2025-09-17 10:59:12.898   963-17929 vendor.qti...bs_handler and...are.bluetooth@1.0-service-qti  I  ProcessIbsCmd: Writing IBS_WAKE_ACK
2025-09-17 10:59:12.899 17730-17931 bt_stack                com.android.bluetooth                V  [VERBOSE1:btm_inq.cc(1019)] BTM_InqDbRead: bd addr 57:2f:10:e0:00:c8
