2025-09-17 10:59:20.374  1099-32043 surfaceflinger          surfaceflinger                       E  [frame_perf] perfboost open boost file failed
2025-09-17 10:59:20.374 17730-17931 bt_stack                com.android.bluetooth                V  [VERBOSE1:btm_inq.cc(1019)] BTM_InqDbRead: bd addr 33:af:0d:62:af:1f
2025-09-17 10:59:20.374 23217-23217 BluetoothScannerService com.remoticom.energynodeinset        I  start/onScanResult: DD:37:C2:D1:8D:F6 - null
2025-09-17 10:59:20.374 23217-23217 BluetoothScannerService com.remoticom.energynodeinset        D  First advertised service UUID=00001828-0000-1000-8000-00805f9b34fb
2025-09-17 10:59:20.374 23217-23217 BluetoothScannerService com.remoticom.energynodeinset        D  Unknown device
2025-09-17 10:59:20.376 23217-23217 BluetoothScannerService com.remoticom.energynodeinset        I  start/onScanResult: 33:AF:0D:62:AF:1F - null
2025-09-17 10:59:20.376 23217-23217 BluetoothScannerService com.remoticom.energynodeinset        D  First advertised service UUID=null
2025-09-17 10:59:20.376 23217-23217 BluetoothScannerService com.remoticom.energynodeinset        D  Unknown device
2025-09-17 10:59:20.377 17730-17931 bt_stack                com.android.bluetooth                V  [VERBOSE1:btm_inq.cc(1019)] BTM_InqDbRead: bd addr 3d:44:82:ba:f7:cc
2025-09-17 10:59:20.379 17730-17931 bt_stack                com.android.bluetooth                V  [VERBOSE1:btm_inq.cc(1019)] BTM_InqDbRead: bd addr 3d:44:82:ba:f7:cc
2025-09-17 10:59:20.380 23217-23217 BluetoothScannerService com.remoticom.energynodeinset        I  start/onScanResult: 3D:44:82:BA:F7:CC - null
2025-09-17 10:59:20.380 23217-23217 BluetoothScannerService com.remoticom.energynodeinset        D  First advertised service UUID=null
2025-09-17 10:59:20.380 23217-23217 BluetoothScannerService com.remoticom.energynodeinset        D  Unknown device
2025-09-17 10:59:20.381 23217-23217 BluetoothScannerService com.remoticom.energynodeinset        I  start/onScanResult: 3D:44:82:BA:F7:CC - null
2025-09-17 10:59:20.381 23217-23217 BluetoothScannerService com.remoticom.energynodeinset        D  First advertised service UUID=null
2025-09-17 10:59:20.381 23217-23217 BluetoothScannerService com.remoticom.energynodeinset        D  Unknown device
2025-09-17 10:59:20.386 17730-17931 bt_stack                com.android.bluetooth                V  [VERBOSE1:btm_inq.cc(1019)] BTM_InqDbRead: bd addr 49:f9:8e:f0:68:9b
2025-09-17 10:59:20.389 23217-23217 BluetoothScannerService com.remoticom.energynodeinset        I  start/onScanResult: 49:F9:8E:F0:68:9B - null
2025-09-17 10:59:20.389 23217-23217 BluetoothScannerService com.remoticom.energynodeinset        D  First advertised service UUID=null
2025-09-17 10:59:20.389 23217-23217 BluetoothScannerService com.remoticom.energynodeinset        D  Unknown device
2025-09-17 10:59:20.389  1099-1468  surfaceflinger          surfaceflinger                       E  [frame_perf] perfboost open boost file failed
2025-09-17 10:59:20.407  1099-32043 surfaceflinger          surfaceflinger                       E  [frame_perf] perfboost open boost file failed
2025-09-17 10:59:20.426   963-17929 vendor.qti...bs_handler and...are.bluetooth@1.0-service-qti  I  ProcessIbsCmd: Received IBS_SLEEP_IND: 0xFE
2025-09-17 10:59:20.426   963-17929 vendor.qti...bs_handler and...are.bluetooth@1.0-service-qti  D  SerialClockVote: vote for UART CLK OFF
2025-09-17 10:59:20.442  1099-3321  surfaceflinger          surfaceflinger                       E  [frame_perf] perfboost open boost file failed
2025-09-17 10:59:20.459  1099-32043 surfaceflinger          surfaceflinger                       E  [frame_perf] perfboost open boost file failed
2025-09-17 10:59:20.489  1099-1468  surfaceflinger          surfaceflinger                       E  [frame_perf] perfboost open boost file failed
2025-09-17 10:59:20.506  1099-32043 surfaceflinger          surfaceflinger                       E  [frame_perf] perfboost open boost file failed
2025-09-17 10:59:20.537  1099-1468  surfaceflinger          surfaceflinger                       E  [frame_perf] perfboost open boost file failed
2025-09-17 10:59:20.554  1099-32043 surfaceflinger          surfaceflinger                       E  [frame_perf] perfboost open boost file failed
2025-09-17 10:59:20.576   963-17920 vendor.qti...-wake_lock and...are.bluetooth@1.0-service-qti  D  Release wakelock is released 
2025-09-17 10:59:20.590  1099-1468  surfaceflinger          surfaceflinger                       E  [frame_perf] perfboost open boost file failed
2025-09-17 10:59:20.607  1099-32043 surfaceflinger          surfaceflinger                       E  [frame_perf] perfboost open boost file failed
2025-09-17 10:59:20.641  1099-3321  surfaceflinger          surfaceflinger                       E  [frame_perf] perfboost open boost file failed
2025-09-17 10:59:20.658  1099-32043 surfaceflinger          surfaceflinger                       E  [frame_perf] perfboost open boost file failed
2025-09-17 10:59:20.688  1099-1873  surfaceflinger          surfaceflinger                       E  [frame_perf] perfboost open boost file failed
2025-09-17 10:59:20.705  1099-32043 surfaceflinger          surfaceflinger                       E  [frame_perf] perfboost open boost file failed
2025-09-17 10:59:20.712  1305-2204  ActivityThread          system_server                        E  Failed to find provider info for com.oneplus.account.personalize.provider.open
2025-09-17 10:59:20.723  1305-2204  OpSystemGestures        system_server                        W  recordSwipe failed due to total=0.0
                                                                                                    java.lang.IllegalArgumentException: Unknown URL content://com.oneplus.account.personalize.provider.open
                                                                                                    	at android.content.ContentResolver.insert(ContentResolver.java:2172)
                                                                                                    	at android.content.ContentResolver.insert(ContentResolver.java:2130)
                                                                                                    	at com.android.server.wm.OpSystemGesturesPointerEventListenerInjector.lambda$saveDistance$0$OpSystemGesturesPointerEventListenerInjector(OpSystemGesturesPointerEventListenerInjector.java:154)
                                                                                                    	at com.android.server.wm.-$$Lambda$OpSystemGesturesPointerEventListenerInjector$neC_mfZQiJ4FpMKCb3FZMJ-lO-g.run(Unknown Source:4)
                                                                                                    	at android.os.Handler.handleCallback(Handler.java:938)
                                                                                                    	at android.os.Handler.dispatchMessage(Handler.java:99)
                                                                                                    	at android.os.Looper.loop(Looper.java:233)
                                                                                                    	at android.os.HandlerThread.run(HandlerThread.java:67)
                                                                                                    	at com.android.server.ServiceThread.run(ServiceThread.java:44)
2025-09-17 10:59:20.722  1099-32043 surfaceflinger          surfaceflinger                       E  [frame_perf] perfboost open boost file failed
2025-09-17 10:59:20.730  1099-1873  surfaceflinger          surfaceflinger                       E  [frame_perf] perfboost open boost file failed
2025-09-17 10:59:20.731 23217-23217 BluetoothAdapter        com.remoticom.energynodeinset        D  isLeEnabled(): ON
2025-09-17 10:59:20.731 17730-25694 BtGatt.GattService      com.android.bluetooth                D  stopScan() - queue size =5
2025-09-17 10:59:20.733 17730-17899 BtGatt.ScanManager      com.android.bluetooth                I  msg.what = 1
2025-09-17 10:59:20.734 17730-25694 BtGatt.GattService      com.android.bluetooth                D  unregisterScanner() - scannerId=7
2025-09-17 10:59:20.734 17730-17931 bt_stack                com.android.bluetooth                V  [VERBOSE1:gatt_api.cc(993)] GATT_Deregister gatt_if=7
2025-09-17 10:59:20.734 17730-17931 bt_stack                com.android.bluetooth                V  [VERBOSE1:connection_manager.cc(161)] on_app_deregistered : app_id 0x07
2025-09-17 10:59:20.734   963-963   vendor.qti...bs_handler and...are.bluetooth@1.0-service-qti  D  SerialClockVote: vote for UART CLK ON
2025-09-17 10:59:20.735 23217-23217 GattConnectionService   com.remoticom.energynodeinset        D  Service state updated with ServiceState(device=null, characteristics=null, isConnecting=false, connectionStatus=Disconnected, lastGattError=null, hasConnectionTimeout=false)
2025-09-17 10:59:20.735 23217-23217 GattConnectionService   com.remoticom.energynodeinset        D  Service state updated with ServiceState(device=DeviceImpl(uuid=00000000-0000-0000-0000-f0d78f4d8082, device=F0:D7:8F:4D:80:82, type=Bdc, serviceUuids=[a55d1c55-0088-ffff-0000-000000000000], health=null, state=null), characteristics=null, isConnecting=true, connectionStatus=Disconnected, lastGattError=null, hasConnectionTimeout=false)
2025-09-17 10:59:20.736 23217-23217 GattConnectionService   com.remoticom.energynodeinset        D  Connect attempt #1
2025-09-17 10:59:20.736 23217-23217 GattConnectionService   com.remoticom.energynodeinset        D  Service state updated with ServiceState(device=DeviceImpl(uuid=00000000-0000-0000-0000-f0d78f4d8082, device=F0:D7:8F:4D:80:82, type=Bdc, serviceUuids=[a55d1c55-0088-ffff-0000-000000000000], health=null, state=null), characteristics=null, isConnecting=true, connectionStatus=Connecting, lastGattError=null, hasConnectionTimeout=false)
2025-09-17 10:59:20.738   963-963   vendor.qti...-wake_lock and...are.bluetooth@1.0-service-qti  D  Acquire wakelock is acquired 
2025-09-17 10:59:20.738   963-963   vendor.qti...bs_handler and...are.bluetooth@1.0-service-qti  I  DeviceWakeUp: Writing IBS_WAKE_IND
2025-09-17 10:59:20.738   963-17929 vendor.qti...bs_handler and...are.bluetooth@1.0-service-qti  I  ProcessIbsCmd: Received IBS_WAKE_ACK: 0xFC
2025-09-17 10:59:20.738   963-17929 vendor.qti...bs_handler and...are.bluetooth@1.0-service-qti  I  ProcessIbsCmd: Signal wack_cond_
2025-09-17 10:59:20.738   963-963   vendor.qti...bs_handler and...are.bluetooth@1.0-service-qti  D  DeviceWakeUp: Unblocked from waiting for FC
2025-09-17 10:59:20.739 17730-17918 bt_osi_wakelock         com.android.bluetooth                E  wakelock_acquire wakelock acquired
2025-09-17 10:59:20.739   963-17929 vendor.qti...bs_handler and...are.bluetooth@1.0-service-qti  I  ProcessIbsCmd: Received IBS_WAKE_IND: 0xFD
2025-09-17 10:59:20.739   963-17929 vendor.qti...bs_handler and...are.bluetooth@1.0-service-qti  I  ProcessIbsCmd: Writing IBS_WAKE_ACK
2025-09-17 10:59:20.739 17730-17768 bt_osi_wakelock         com.android.bluetooth                E  wakelock_release wakelock released
2025-09-17 10:59:20.739 17730-17800 BtGatt.GattService      com.android.bluetooth                D  onScanFilterParamsConfigured() - clientIf=7, status=0, action=1, availableSpace=9
2025-09-17 10:59:20.739 17730-17800 BtGatt.ScanManager      com.android.bluetooth                D  callback done for scannerId - 7 status - 0
2025-09-17 10:59:20.740 17730-17899 BtGatt.ScanManager      com.android.bluetooth                D  configureRegularScanParams() - queue=4
2025-09-17 10:59:20.740 17730-17899 BtGatt.ScanManager      com.android.bluetooth                D  configureRegularScanParams() - ScanSetting LE 1M Scan mode=1ScanSetting LE Coded Scan mode=1 mLastConfiguredScanSettingLE1M=1 mLastConfiguredScanSettingLECoded=1scanPhy=255
2025-09-17 10:59:20.755 23217-23217 NodeListFragment        com.remoticom.energynodeinset        D  Updating list of nodes
2025-09-17 10:59:20.756 23217-23217 NodeListFragment        com.remoticom.energynodeinset        D  Updating list of nodes
2025-09-17 10:59:20.779   963-17929 vendor.qti...bs_handler and...are.bluetooth@1.0-service-qti  I  ProcessIbsCmd: Received IBS_SLEEP_IND: 0xFE
2025-09-17 10:59:20.790  1099-32043 surfaceflinger          surfaceflinger                       E  [frame_perf] perfboost open boost file failed
2025-09-17 10:59:20.805  1099-1873  surfaceflinger          surfaceflinger                       E  [frame_perf] perfboost open boost file failed
2025-09-17 10:59:20.854  1099-32043 surfaceflinger          surfaceflinger                       E  [frame_perf] perfboost open boost file failed
2025-09-17 10:59:20.855  1099-1157  surfaceflinger          surfaceflinger                       E  [frame_perf] perfboost open boost file failed
2025-09-17 10:59:20.889  1099-32043 surfaceflinger          surfaceflinger                       E  [frame_perf] perfboost open boost file failed
2025-09-17 10:59:20.889  1099-1468  surfaceflinger          surfaceflinger                       E  [frame_perf] perfboost open boost file failed
2025-09-17 10:59:20.923  1099-32043 surfaceflinger          surfaceflinger                       E  [frame_perf] perfboost open boost file failed
2025-09-17 10:59:20.924  1099-1156  surfaceflinger          surfaceflinger                       E  [frame_perf] perfboost open boost file failed
2025-09-17 10:59:20.953   963-17929 vendor.qti...bs_handler and...are.bluetooth@1.0-service-qti  I  ProcessIbsCmd: Received IBS_WAKE_IND: 0xFD
2025-09-17 10:59:20.953   963-17929 vendor.qti...bs_handler and...are.bluetooth@1.0-service-qti  I  ProcessIbsCmd: Writing IBS_WAKE_ACK
2025-09-17 10:59:20.955 17730-17931 bt_stack                com.android.bluetooth                V  [VERBOSE1:btm_inq.cc(1019)] BTM_InqDbRead: bd addr 6e:73:3e:ad:8a:0e
2025-09-17 10:59:20.994   963-17929 vendor.qti...bs_handler and...are.bluetooth@1.0-service-qti  I  ProcessIbsCmd: Received IBS_SLEEP_IND: 0xFE
2025-09-17 10:59:21.023  1099-32043 surfaceflinger          surfaceflinger                       E  [frame_perf] perfboost open boost file failed
2025-09-17 10:59:21.023  1099-3321  surfaceflinger          surfaceflinger                       E  [frame_perf] perfboost open boost file failed
2025-09-17 10:59:21.108  1099-32043 surfaceflinger          surfaceflinger                       E  [frame_perf] perfboost open boost file failed
2025-09-17 10:59:21.108  1099-1468  surfaceflinger          surfaceflinger                       E  [frame_perf] perfboost open boost file failed
2025-09-17 10:59:21.142  1099-32043 surfaceflinger          surfaceflinger                       E  [frame_perf] perfboost open boost file failed
2025-09-17 10:59:21.151  3143-3143  MDM-DataTr...eedTracker com.android.phone                    D  onDataActivity: isNewTxEvent = false, isNewRxEvent = false, isTxEndEvent = true, isRxEndEvent = true
2025-09-17 10:59:21.151 30462-30498 NetworkCon...troller(1) com.android.systemui                 D  notifyListeners, showSimLoadedFakeIcon :false
2025-09-17 10:59:21.151  3143-3143  MDM-DataTr...eedTracker com.android.phone                    D  updateTransferSpeedData: isTx = true
2025-09-17 10:59:21.153  3143-3143  MDM-DataTr...eedTracker com.android.phone                    D  updateTransferSpeedData: mCurDdsSimNetworkClass = 2, currentTxBytes = 108537134, incrementTxBytes = 265, transferTxSpeed = 88
2025-09-17 10:59:21.153  3143-3143  MDM-DataTr...eedTracker com.android.phone                    D  getBucketIndexByBelongingRange: index = 0, transferSpeed = 88
2025-09-17 10:59:21.153  3143-3143  MDM-DataTr...eedTracker com.android.phone                    D  updateTransferSpeedData: isTx = false
2025-09-17 10:59:21.155  3143-3143  MDM-DataTr...eedTracker com.android.phone                    D  updateTransferSpeedData: mCurDdsSimNetworkClass = 2, currentRxBytes = 2739740348, incrementRxBytes = 271, transferRxSpeed = 30
2025-09-17 10:59:21.155  3143-3143  MDM-DataTr...eedTracker com.android.phone                    D  getBucketIndexByBelongingRange: index = 0, transferSpeed = 30
2025-09-17 10:59:21.155  3143-3143  MDM-DataAc...ionManager com.android.phone                    D  onDataActivity: isNewEvent = false, isEndEvent = true
2025-09-17 10:59:21.155  3143-3143  MDM-DataAc...ionManager com.android.phone                    D  updateDataActiveDuration: original active duration = 8700297
2025-09-17 10:59:21.155  3143-3143  MDM-DataAc...ionManager com.android.phone                    D  updateDataActiveDuration: current connection time = 8703326
2025-09-17 10:59:21.610   963-17929 vendor.qti...bs_handler and...are.bluetooth@1.0-service-qti  I  ProcessIbsCmd: Received IBS_WAKE_IND: 0xFD
2025-09-17 10:59:21.611   963-17929 vendor.qti...bs_handler and...are.bluetooth@1.0-service-qti  I  ProcessIbsCmd: Writing IBS_WAKE_ACK
2025-09-17 10:59:21.660   963-17929 vendor.qti...bs_handler and...are.bluetooth@1.0-service-qti  I  ProcessIbsCmd: Received IBS_SLEEP_IND: 0xFE
2025-09-17 10:59:21.738   963-17934 vendor.qti...bs_handler and...are.bluetooth@1.0-service-qti  I  DeviceSleep: TX Awake, Sending SLEEP_IND
2025-09-17 10:59:21.739   963-17934 vendor.qti...bs_handler and...are.bluetooth@1.0-service-qti  D  SerialClockVote: vote for UART CLK OFF
2025-09-17 10:59:21.890   963-17920 vendor.qti...-wake_lock and...are.bluetooth@1.0-service-qti  D  Release wakelock is released 
2025-09-17 10:59:22.162 30462-30498 NetworkCon...troller(1) com.android.systemui                 D  notifyListeners, showSimLoadedFakeIcon :false
2025-09-17 10:59:22.163  3143-3143  MDM-DataAc...ionManager com.android.phone                    D  onDataActivity: isNewEvent = true, isEndEvent = false
2025-09-17 10:59:22.164  3143-3143  MDM-DataAc...ionManager com.android.phone                    D  getCurrentSimMccMnc: current SIM mccmnc = [*20416, null]
2025-09-17 10:59:22.164  3143-3143  MDM-DataTr...eedTracker com.android.phone                    D  onDataActivity: isNewTxEvent = true, isNewRxEvent = true, isTxEndEvent = false, isRxEndEvent = false
2025-09-17 10:59:22.213  2946-14801 IHansComunication       hans                                 D  HansComunication::configCheckedUid-- 10112
2025-09-17 10:59:22.213  2946-14801 IHansComunication       hans                                 D  HANS sendMessageToKernel: threadId = 535263042752, netLinkSetup = 1, type = FROZEN_TRANS, targetUid = 10112, pkgCmd = PKG_CMD_MAX
2025-09-17 10:59:22.451   963-17929 vendor.qti...bs_handler and...are.bluetooth@1.0-service-qti  I  ProcessIbsCmd: Received IBS_WAKE_IND: 0xFD
2025-09-17 10:59:22.451   963-17929 vendor.qti...bs_handler and...are.bluetooth@1.0-service-qti  D  SerialClockVote: vote for UART CLK ON
2025-09-17 10:59:22.452   963-17929 vendor.qti...-wake_lock and...are.bluetooth@1.0-service-qti  D  Acquire wakelock is acquired 
2025-09-17 10:59:22.452   963-17929 vendor.qti...bs_handler and...are.bluetooth@1.0-service-qti  I  ProcessIbsCmd: Writing IBS_WAKE_ACK
2025-09-17 10:59:22.455 17730-17931 bt_stack                com.android.bluetooth                V  [VERBOSE1:btm_inq.cc(1019)] BTM_InqDbRead: bd addr 6e:73:3e:ad:8a:0e
2025-09-17 10:59:22.494   963-17929 vendor.qti...bs_handler and...are.bluetooth@1.0-service-qti  I  ProcessIbsCmd: Received IBS_SLEEP_IND: 0xFE
2025-09-17 10:59:22.494   963-17929 vendor.qti...bs_handler and...are.bluetooth@1.0-service-qti  D  SerialClockVote: vote for UART CLK OFF
2025-09-17 10:59:22.644   963-17920 vendor.qti...-wake_lock and...are.bluetooth@1.0-service-qti  D  Release wakelock is released 
2025-09-17 10:59:23.176  3143-3143  MDM-DataTr...eedTracker com.android.phone                    D  onDataActivity: isNewTxEvent = false, isNewRxEvent = false, isTxEndEvent = true, isRxEndEvent = true
2025-09-17 10:59:23.176 30462-30498 NetworkCon...troller(1) com.android.systemui                 D  notifyListeners, showSimLoadedFakeIcon :false
2025-09-17 10:59:23.176  3143-3143  MDM-DataTr...eedTracker com.android.phone                    D  updateTransferSpeedData: isTx = true
2025-09-17 10:59:23.179  3143-3143  MDM-DataTr...eedTracker com.android.phone                    D  updateTransferSpeedData: mCurDdsSimNetworkClass = 2, currentTxBytes = 108537230, incrementTxBytes = 96, transferTxSpeed = 96
2025-09-17 10:59:23.179  3143-3143  MDM-DataTr...eedTracker com.android.phone                    D  getBucketIndexByBelongingRange: index = 0, transferSpeed = 96
2025-09-17 10:59:23.179  3143-3143  MDM-DataTr...eedTracker com.android.phone                    D  updateTransferSpeedData: isTx = false
2025-09-17 10:59:23.181  3143-3143  MDM-DataTr...eedTracker com.android.phone                    D  updateTransferSpeedData: mCurDdsSimNetworkClass = 2, currentRxBytes = 2739740424, incrementRxBytes = 76, transferRxSpeed = 6
2025-09-17 10:59:23.181  3143-3143  MDM-DataTr...eedTracker com.android.phone                    D  getBucketIndexByBelongingRange: index = 0, transferSpeed = 6
2025-09-17 10:59:23.181  3143-3143  MDM-DataAc...ionManager com.android.phone                    D  onDataActivity: isNewEvent = false, isEndEvent = true
2025-09-17 10:59:23.182  3143-3143  MDM-DataAc...ionManager com.android.phone                    D  updateDataActiveDuration: original active duration = 8703326
2025-09-17 10:59:23.182  3143-3143  MDM-DataAc...ionManager com.android.phone                    D  updateDataActiveDuration: current connection time = 8704344
2025-09-17 10:59:23.216  5893-5893  BoundBrokerSvc          com.google.android.gms               D  onUnbind: Intent { act=com.google.android.gms.measurement.START pkg=com.google.android.gms }
2025-09-17 10:59:23.933   963-17929 vendor.qti...bs_handler and...are.bluetooth@1.0-service-qti  I  ProcessIbsCmd: Received IBS_WAKE_IND: 0xFD
2025-09-17 10:59:23.933   963-17929 vendor.qti...bs_handler and...are.bluetooth@1.0-service-qti  D  SerialClockVote: vote for UART CLK ON
2025-09-17 10:59:23.934   963-17929 vendor.qti...-wake_lock and...are.bluetooth@1.0-service-qti  D  Acquire wakelock is acquired 
2025-09-17 10:59:23.934   963-17929 vendor.qti...bs_handler and...are.bluetooth@1.0-service-qti  I  ProcessIbsCmd: Writing IBS_WAKE_ACK
2025-09-17 10:59:23.938 17730-17931 bt_stack                com.android.bluetooth                V  [VERBOSE1:btm_inq.cc(1019)] BTM_InqDbRead: bd addr 6e:73:3e:ad:8a:0e
2025-09-17 10:59:23.975   963-17929 vendor.qti...bs_handler and...are.bluetooth@1.0-service-qti  I  ProcessIbsCmd: Received IBS_SLEEP_IND: 0xFE
2025-09-17 10:59:23.975   963-17929 vendor.qti...bs_handler and...are.bluetooth@1.0-service-qti  D  SerialClockVote: vote for UART CLK OFF
2025-09-17 10:59:24.126   963-17920 vendor.qti...-wake_lock and...are.bluetooth@1.0-service-qti  D  Release wakelock is released 
2025-09-17 10:59:24.595   963-17929 vendor.qti...bs_handler and...are.bluetooth@1.0-service-qti  I  ProcessIbsCmd: Received IBS_WAKE_IND: 0xFD
2025-09-17 10:59:24.595   963-17929 vendor.qti...bs_handler and...are.bluetooth@1.0-service-qti  D  SerialClockVote: vote for UART CLK ON
2025-09-17 10:59:24.596   963-17929 vendor.qti...-wake_lock and...are.bluetooth@1.0-service-qti  D  Acquire wakelock is acquired 
2025-09-17 10:59:24.597   963-17929 vendor.qti...bs_handler and...are.bluetooth@1.0-service-qti  I  ProcessIbsCmd: Writing IBS_WAKE_ACK
2025-09-17 10:59:24.599 17730-17931 bt_stack                com.android.bluetooth                V  [VERBOSE1:btm_inq.cc(1019)] BTM_InqDbRead: bd addr 6e:73:3e:ad:8a:0e
2025-09-17 10:59:24.639   963-17929 vendor.qti...bs_handler and...are.bluetooth@1.0-service-qti  I  ProcessIbsCmd: Received IBS_SLEEP_IND: 0xFE
2025-09-17 10:59:24.639   963-17929 vendor.qti...bs_handler and...are.bluetooth@1.0-service-qti  D  SerialClockVote: vote for UART CLK OFF
2025-09-17 10:59:24.790   963-17920 vendor.qti...-wake_lock and...are.bluetooth@1.0-service-qti  D  Release wakelock is released 
2025-09-17 10:59:25.227  1305-1758  BatteryStatsImpl        system_server                        I  set timeToFullsIndexMax = 3
2025-09-17 10:59:25.237 30462-30462 OpUtils                 com.android.systemui                 I  isSupportWarpCharging:false
2025-09-17 10:59:25.237 30462-30462 OpSWarpChargingView     com.android.systemui                 D  level is same as latest one [91]
2025-09-17 10:59:25.243 30462-30462 KeyguardUpdateMonitor   com.android.systemui                 D  received broadcast android.intent.action.BATTERY_CHANGED
2025-09-17 10:59:25.243 30462-30462 OpUtils                 com.android.systemui                 I  isSupportWarpCharging:false
2025-09-17 10:59:25.243 30462-30462 KeyguardUpdateMonitor   com.android.systemui                 D  pdCharge false, chargingstatus 0, fastcharge:0
2025-09-17 10:59:25.244 30462-30498 BatterySaverTile        com.android.systemui                 D  handleUpdateState, true, false
2025-09-17 10:59:25.279  3107-3107  DeviceStatisticsService com...m.qti.devicestatisticsservice  D  chargerType=2 batteryLevel=91 totalBatteryCapacity=2850900
2025-09-17 10:59:25.677  1689-1837  QMI_FW                  qcrild                               E  qmi_cci_get_ref: ref count increased 2
2025-09-17 10:59:25.680  1689-1757  QMI_FW                  qcrild                               E  qmi_cci_get_ref: ref count increased 2
2025-09-17 10:59:25.724  3143-3143  PhoneInterfaceManager   com.android.phone                    D  [PhoneIntfMgr] getPhoneFromSubId: 1
2025-09-17 10:59:25.731  1689-1757  QMI_FW                  qcrild                               E  qmi_cci_get_ref: ref count increased 2
2025-09-17 10:59:25.733  1689-1757  QMI_FW                  qcrild                               E  qmi_cci_get_ref: ref count increased 2
2025-09-17 10:59:25.746  3143-3143  MDM-OPMdmListener       com.android.phone                    D  onCellInfoChanged the cellInfo changed phoneId 0
2025-09-17 10:59:27.566   963-17929 vendor.qti...bs_handler and...are.bluetooth@1.0-service-qti  I  ProcessIbsCmd: Received IBS_WAKE_IND: 0xFD
2025-09-17 10:59:27.567   963-17929 vendor.qti...bs_handler and...are.bluetooth@1.0-service-qti  D  SerialClockVote: vote for UART CLK ON
2025-09-17 10:59:27.568   963-17929 vendor.qti...-wake_lock and...are.bluetooth@1.0-service-qti  D  Acquire wakelock is acquired 
2025-09-17 10:59:27.568   963-17929 vendor.qti...bs_handler and...are.bluetooth@1.0-service-qti  I  ProcessIbsCmd: Writing IBS_WAKE_ACK
2025-09-17 10:59:27.571 17730-17931 bt_stack                com.android.bluetooth                V  [VERBOSE1:btm_inq.cc(1019)] BTM_InqDbRead: bd addr 6e:73:3e:ad:8a:0e
2025-09-17 10:59:27.609   963-17929 vendor.qti...bs_handler and...are.bluetooth@1.0-service-qti  I  ProcessIbsCmd: Received IBS_SLEEP_IND: 0xFE
2025-09-17 10:59:27.609   963-17929 vendor.qti...bs_handler and...are.bluetooth@1.0-service-qti  D  SerialClockVote: vote for UART CLK OFF
2025-09-17 10:59:27.760   963-17920 vendor.qti...-wake_lock and...are.bluetooth@1.0-service-qti  D  Release wakelock is released 
2025-09-17 10:59:28.113  1305-10196 ActivityManager         system_server                        D  kill pid:8336 processName:com.google.android.youtube reason:empty #31
2025-09-17 10:59:28.114  1305-10196 ActivityManager         system_server                        I  Killing 8336:com.google.android.youtube/u0a68 (adj 999): empty #31
2025-09-17 10:59:28.197  1305-10196 ConnectivityService     system_server                        D  ConnectivityService NetworkRequestInfo binderDied(NetworkRequest [ TRACK_DEFAULT id=12887, [ Capabilities: INTERNET&NOT_RESTRICTED&TRUSTED Uid: 10068 AdministratorUids: [] RequestorUid: 10068 RequestorPackageName: com.google.android.youtube] ], android.os.BinderProxy@9a820a)
2025-09-17 10:59:28.197  1305-10283 ConnectivityService     system_server                        D  ConnectivityService NetworkRequestInfo binderDied(NetworkRequest [ TRACK_DEFAULT id=12893, [ Capabilities: INTERNET&NOT_RESTRICTED&TRUSTED Uid: 10068 AdministratorUids: [] RequestorUid: 10068 RequestorPackageName: com.google.android.youtube] ], android.os.BinderProxy@3249a7b)
2025-09-17 10:59:28.198  1305-10196 ConnectivityService     system_server                        D  ConnectivityService NetworkRequestInfo binderDied(NetworkRequest [ TRACK_DEFAULT id=12888, [ Capabilities: INTERNET&NOT_RESTRICTED&TRUSTED Uid: 10068 AdministratorUids: [] RequestorUid: 10068 RequestorPackageName: com.google.android.youtube] ], android.os.BinderProxy@3c97098)
2025-09-17 10:59:28.198  1305-10196 ConnectivityService     system_server                        D  ConnectivityService NetworkRequestInfo binderDied(NetworkRequest [ LISTEN id=12889, [ Capabilities: INTERNET&NOT_RESTRICTED&TRUSTED&FOREGROUND Uid: 10068 AdministratorUids: [] RequestorUid: 10068 RequestorPackageName: com.google.android.youtube] ], android.os.BinderProxy@aa370f1)
2025-09-17 10:59:28.198  1305-4870  ConnectivityService     system_server                        D  ConnectivityService NetworkRequestInfo binderDied(NetworkRequest [ TRACK_DEFAULT id=12890, [ Capabilities: INTERNET&NOT_RESTRICTED&TRUSTED Uid: 10068 AdministratorUids: [] RequestorUid: 10068 RequestorPackageName: com.google.android.youtube] ], android.os.BinderProxy@f66b4d6)
2025-09-17 10:59:28.198  1305-2238  ConnectivityService     system_server                        D  releasing NetworkRequest [ TRACK_DEFAULT id=12887, [ Capabilities: INTERNET&NOT_RESTRICTED&TRUSTED Uid: 10068 AdministratorUids: [] RequestorUid: 10068 RequestorPackageName: com.google.android.youtube] ] (release request)
2025-09-17 10:59:28.198  1305-4194  ConnectivityService     system_server                        D  ConnectivityService NetworkRequestInfo binderDied(NetworkRequest [ TRACK_DEFAULT id=12892, [ Capabilities: INTERNET&NOT_RESTRICTED&TRUSTED Uid: 10068 AdministratorUids: [] RequestorUid: 10068 RequestorPackageName: com.google.android.youtube] ], android.os.BinderProxy@d586357)
2025-09-17 10:59:28.200  1305-10270 ProcessStats            system_server                        W  setState index out of bounds. index: -1 length: 20
2025-09-17 10:59:28.200  1305-2238  ConnectivityService     system_server                        D  releasing NetworkRequest [ TRACK_DEFAULT id=12888, [ Capabilities: INTERNET&NOT_RESTRICTED&TRUSTED Uid: 10068 AdministratorUids: [] RequestorUid: 10068 RequestorPackageName: com.google.android.youtube] ] (release request)
2025-09-17 10:59:28.200  1305-10270 ProcessStats            system_server                        W  setState index out of bounds. index: -1 length: 20
2025-09-17 10:59:28.201  1305-2238  ConnectivityService     system_server                        D  releasing NetworkRequest [ TRACK_DEFAULT id=12890, [ Capabilities: INTERNET&NOT_RESTRICTED&TRUSTED Uid: 10068 AdministratorUids: [] RequestorUid: 10068 RequestorPackageName: com.google.android.youtube] ] (release request)
2025-09-17 10:59:28.201  3143-3143  PhoneSwitc...stListener com.android.phone                    D  releaseNetworkFor NetworkRequest [ TRACK_DEFAULT id=12887, [ Capabilities: INTERNET&NOT_RESTRICTED&TRUSTED Uid: 10068 AdministratorUids: [] RequestorUid: 10068 RequestorPackageName: com.google.android.youtube] ]
2025-09-17 10:59:28.201  3143-3143  PhoneSwitc...stListener com.android.phone                    D  releaseNetworkFor NetworkRequest [ TRACK_DEFAULT id=12888, [ Capabilities: INTERNET&NOT_RESTRICTED&TRUSTED Uid: 10068 AdministratorUids: [] RequestorUid: 10068 RequestorPackageName: com.google.android.youtube] ]
2025-09-17 10:59:28.201  1305-1731  libprocessgroup         system_server                        I  Successfully killed process cgroup uid 10068 pid 8336 in 80ms
2025-09-17 10:59:28.203  1305-2238  ConnectivityService     system_server                        D  releasing NetworkRequest [ TRACK_DEFAULT id=12893, [ Capabilities: INTERNET&NOT_RESTRICTED&TRUSTED Uid: 10068 AdministratorUids: [] RequestorUid: 10068 RequestorPackageName: com.google.android.youtube] ] (release request)
2025-09-17 10:59:28.204  1305-2238  ConnectivityService     system_server                        D  releasing NetworkRequest [ TRACK_DEFAULT id=12892, [ Capabilities: INTERNET&NOT_RESTRICTED&TRUSTED Uid: 10068 AdministratorUids: [] RequestorUid: 10068 RequestorPackageName: com.google.android.youtube] ] (release request)
2025-09-17 10:59:28.207   872-872   Zygote                  pid-872                              I  Process 8336 exited due to signal 9 (Killed)
2025-09-17 10:59:28.215  3143-3143  PhoneSwitc...stListener com.android.phone                    D  releaseNetworkFor NetworkRequest [ TRACK_DEFAULT id=12890, [ Capabilities: INTERNET&NOT_RESTRICTED&TRUSTED Uid: 10068 AdministratorUids: [] RequestorUid: 10068 RequestorPackageName: com.google.android.youtube] ]
2025-09-17 10:59:28.215  3143-3143  PhoneSwitc...stListener com.android.phone                    D  releaseNetworkFor NetworkRequest [ TRACK_DEFAULT id=12893, [ Capabilities: INTERNET&NOT_RESTRICTED&TRUSTED Uid: 10068 AdministratorUids: [] RequestorUid: 10068 RequestorPackageName: com.google.android.youtube] ]
2025-09-17 10:59:28.215  3143-3143  PhoneSwitc...stListener com.android.phone                    D  releaseNetworkFor NetworkRequest [ TRACK_DEFAULT id=12892, [ Capabilities: INTERNET&NOT_RESTRICTED&TRUSTED Uid: 10068 AdministratorUids: [] RequestorUid: 10068 RequestorPackageName: com.google.android.youtube] ]
2025-09-17 10:59:28.215  3143-3143  MDM-DataTr...eedTracker com.android.phone                    D  onDataActivity: isNewTxEvent = true, isNewRxEvent = true, isTxEndEvent = false, isRxEndEvent = false
2025-09-17 10:59:28.217 30462-30498 NetworkCon...troller(1) com.android.systemui                 D  notifyListeners, showSimLoadedFakeIcon :false
2025-09-17 10:59:28.228  3143-3143  MDM-DataAc...ionManager com.android.phone                    D  onDataActivity: isNewEvent = true, isEndEvent = false
2025-09-17 10:59:28.229  3143-3143  MDM-DataAc...ionManager com.android.phone                    D  getCurrentSimMccMnc: current SIM mccmnc = [*20416, null]
2025-09-17 10:59:28.257   963-17929 vendor.qti...bs_handler and...are.bluetooth@1.0-service-qti  I  ProcessIbsCmd: Received IBS_WAKE_IND: 0xFD
2025-09-17 10:59:28.258   963-17929 vendor.qti...bs_handler and...are.bluetooth@1.0-service-qti  D  SerialClockVote: vote for UART CLK ON
2025-09-17 10:59:28.258   963-17929 vendor.qti...-wake_lock and...are.bluetooth@1.0-service-qti  D  Acquire wakelock is acquired 
2025-09-17 10:59:28.258   963-17929 vendor.qti...bs_handler and...are.bluetooth@1.0-service-qti  I  ProcessIbsCmd: Writing IBS_WAKE_ACK
2025-09-17 10:59:28.261 17730-17931 bt_stack                com.android.bluetooth                V  [VERBOSE1:btm_inq.cc(1019)] BTM_InqDbRead: bd addr 55:c5:30:dc:7b:92
2025-09-17 10:59:28.300   963-17929 vendor.qti...bs_handler and...are.bluetooth@1.0-service-qti  I  ProcessIbsCmd: Received IBS_SLEEP_IND: 0xFE
2025-09-17 10:59:28.300   963-17929 vendor.qti...bs_handler and...are.bluetooth@1.0-service-qti  D  SerialClockVote: vote for UART CLK OFF
2025-09-17 10:59:28.450   963-17920 vendor.qti...-wake_lock and...are.bluetooth@1.0-service-qti  D  Release wakelock is released 
2025-09-17 10:59:29.040   963-17929 vendor.qti...bs_handler and...are.bluetooth@1.0-service-qti  I  ProcessIbsCmd: Received IBS_WAKE_IND: 0xFD
2025-09-17 10:59:29.040   963-17929 vendor.qti...bs_handler and...are.bluetooth@1.0-service-qti  D  SerialClockVote: vote for UART CLK ON
2025-09-17 10:59:29.041   963-17929 vendor.qti...-wake_lock and...are.bluetooth@1.0-service-qti  D  Acquire wakelock is acquired 
2025-09-17 10:59:29.041   963-17929 vendor.qti...bs_handler and...are.bluetooth@1.0-service-qti  I  ProcessIbsCmd: Writing IBS_WAKE_ACK
2025-09-17 10:59:29.043 17730-17931 bt_stack                com.android.bluetooth                V  [VERBOSE1:btm_inq.cc(1019)] BTM_InqDbRead: bd addr 6e:73:3e:ad:8a:0e
2025-09-17 10:59:29.082   963-17929 vendor.qti...bs_handler and...are.bluetooth@1.0-service-qti  I  ProcessIbsCmd: Received IBS_SLEEP_IND: 0xFE
2025-09-17 10:59:29.082   963-17929 vendor.qti...bs_handler and...are.bluetooth@1.0-service-qti  D  SerialClockVote: vote for UART CLK OFF
2025-09-17 10:59:29.233   963-17920 vendor.qti...-wake_lock and...are.bluetooth@1.0-service-qti  D  Release wakelock is released 
2025-09-17 10:59:29.715   963-17929 vendor.qti...bs_handler and...are.bluetooth@1.0-service-qti  I  ProcessIbsCmd: Received IBS_WAKE_IND: 0xFD
2025-09-17 10:59:29.716   963-17929 vendor.qti...bs_handler and...are.bluetooth@1.0-service-qti  D  SerialClockVote: vote for UART CLK ON
2025-09-17 10:59:29.717   963-17929 vendor.qti...-wake_lock and...are.bluetooth@1.0-service-qti  D  Acquire wakelock is acquired 
2025-09-17 10:59:29.717   963-17929 vendor.qti...bs_handler and...are.bluetooth@1.0-service-qti  I  ProcessIbsCmd: Writing IBS_WAKE_ACK
2025-09-17 10:59:29.720 17730-17931 bt_stack                com.android.bluetooth                V  [VERBOSE1:btm_inq.cc(1019)] BTM_InqDbRead: bd addr 6e:73:3e:ad:8a:0e
2025-09-17 10:59:29.758   963-17929 vendor.qti...bs_handler and...are.bluetooth@1.0-service-qti  I  ProcessIbsCmd: Received IBS_SLEEP_IND: 0xFE
2025-09-17 10:59:29.759   963-17929 vendor.qti...bs_handler and...are.bluetooth@1.0-service-qti  D  SerialClockVote: vote for UART CLK OFF
2025-09-17 10:59:29.845 28707-11384 NearbyMediums           com.google.android.gms.persistent    I  Found Fast Ble Advertisements :
                                                                                                    BleAdvertisement { version=2, socketVersion=2, isFast=true, serviceIdHash=null, data=[ 0x23 0x4c 0x4f 0x43 0x42 0x11 0x32 0x43 0x20 0xc5 0x93 0x1c 0x96 0xbd 0x03 0xa9 0xca 0xe3 0x8a 0xfc 0x52 0x08 0x67 ], deviceToken=[ 0xec 0xb1 ], rxAdvertisement=null } : 1 times.
                                                                                                    Total 1 fast advertisements from 1 unique advertisers.
2025-09-17 10:59:29.846 28707-11384 NearbyMediums           com.google.android.gms.persistent    I  Current Tracked Scanning Clients are : {NearbyConnections.EnvironmentMonitor, NearbySharing}
2025-09-17 10:59:29.851 28707-11199 NearbyConnections       com.google.android.gms.persistent    I  Processing lost BlePeripheral BlePeripheral{advertisement=BleAdvertisement { version=2, socketVersion=2, isFast=true, serviceIdHash=null, data=[ 0x23 0x45 0x43 0x33 0x42 0x11 0x32 0x29 0x8a 0x9b 0xf9 0xee 0xc0 0xe5 0x75 0x4a 0xf2 0xc9 0x31 0x8b 0x8e 0xe6 0x48 ], deviceToken=[ 0xfc 0x78 ], rxAdvertisement=null }, dctAdvertisement=null, address=null, psm=0, deviceToken=<ByteString@4480d93 size=2 contents="\374x">, isSecondProfile=false, rxInstantConnectionAdv=null}.
2025-09-17 10:59:29.852 28707-11199 NearbyConnections       com.google.android.gms.persistent    I  Lost BleEndpoint for BlePeripheral BlePeripheral{advertisement=BleAdvertisement { version=2, socketVersion=2, isFast=true, serviceIdHash=null, data=[ 0x23 0x45 0x43 0x33 0x42 0x11 0x32 0x29 0x8a 0x9b 0xf9 0xee 0xc0 0xe5 0x75 0x4a 0xf2 0xc9 0x31 0x8b 0x8e 0xe6 0x48 ], deviceToken=[ 0xfc 0x78 ], rxAdvertisement=null }, dctAdvertisement=null, address=null, psm=0, deviceToken=<ByteString@4480d93 size=2 contents="\374x">, isSecondProfile=false, rxInstantConnectionAdv=null} (with EndpointId EC3B and EndpointInfo [ 0x32 0x29 0x8a 0x9b 0xf9 0xee 0xc0 0xe5 0x75 0x4a 0xf2 0xc9 0x31 0x8b 0x8e 0xe6 0x48 ]).
2025-09-17 10:59:29.855 28707-11199 NearbyConnections       com.google.android.gms.persistent    I  ClientProxy(249410627) reporting onEndpointLost(EC3B)
2025-09-17 10:59:29.858 28707-11578 NearbySharing           com.google.android.gms.persistent    I  NearbySharing Internal event EndpointLost(endpointId=EC3B)
2025-09-17 10:59:29.909   963-17920 vendor.qti...-wake_lock and...are.bluetooth@1.0-service-qti  D  Release wakelock is released 
2025-09-17 10:59:30.157  1689-1837  QMI_FW                  qcrild                               E  qmi_cci_get_ref: ref count increased 2
2025-09-17 10:59:30.160  1689-1757  QMI_FW                  qcrild                               E  qmi_cci_get_ref: ref count increased 2
2025-09-17 10:59:30.198  3143-3143  PhoneInterfaceManager   com.android.phone                    D  [PhoneIntfMgr] getPhoneFromSubId: 1
2025-09-17 10:59:30.204  1689-1757  QMI_FW                  qcrild                               E  qmi_cci_get_ref: ref count increased 2
2025-09-17 10:59:30.207  1689-1757  QMI_FW                  qcrild                               E  qmi_cci_get_ref: ref count increased 2
2025-09-17 10:59:30.219  3143-3143  MDM-OPMdmListener       com.android.phone                    D  onCellInfoChanged the cellInfo changed phoneId 0
2025-09-17 10:59:30.228  3143-3143  MDM-DataTr...eedTracker com.android.phone                    D  onDataActivity: isNewTxEvent = false, isNewRxEvent = false, isTxEndEvent = true, isRxEndEvent = true
2025-09-17 10:59:30.228  3143-3143  MDM-DataTr...eedTracker com.android.phone                    D  updateTransferSpeedData: isTx = true
2025-09-17 10:59:30.228 30462-30498 NetworkCon...troller(1) com.android.systemui                 D  notifyListeners, showSimLoadedFakeIcon :false
2025-09-17 10:59:30.229  3143-3143  MDM-DataTr...eedTracker com.android.phone                    D  updateTransferSpeedData: mCurDdsSimNetworkClass = 2, currentTxBytes = 108537589, incrementTxBytes = 359, transferTxSpeed = 179
2025-09-17 10:59:30.229  3143-3143  MDM-DataTr...eedTracker com.android.phone                    D  getBucketIndexByBelongingRange: index = 0, transferSpeed = 179
2025-09-17 10:59:30.229  3143-3143  MDM-DataTr...eedTracker com.android.phone                    D  updateTransferSpeedData: isTx = false
2025-09-17 10:59:30.229  3143-3143  MDM-DataTr...eedTracker com.android.phone                    D  updateTransferSpeedData: mCurDdsSimNetworkClass = 2, currentRxBytes = 2739740733, incrementRxBytes = 309, transferRxSpeed = 17
2025-09-17 10:59:30.229  3143-3143  MDM-DataTr...eedTracker com.android.phone                    D  getBucketIndexByBelongingRange: index = 0, transferSpeed = 17
2025-09-17 10:59:30.230  3143-3143  MDM-DataAc...ionManager com.android.phone                    D  onDataActivity: isNewEvent = false, isEndEvent = true
2025-09-17 10:59:30.230  3143-3143  MDM-DataAc...ionManager com.android.phone                    D  updateDataActiveDuration: original active duration = 8704344
2025-09-17 10:59:30.230  3143-3143  MDM-DataAc...ionManager com.android.phone                    D  updateDataActiveDuration: current connection time = 8706345
2025-09-17 10:59:30.892  5893-5893  ThreadPoolForeg         com.google.android.gms               W  type=1400 audit(0.0:75244): avc: denied { write } for name="traced_producer" dev="tmpfs" ino=27372 scontext=u:r:gmscore_app:s0:c512,c768 tcontext=u:object_r:traced_producer_socket:s0 tclass=sock_file permissive=0 app=com.google.android.gms
2025-09-17 10:59:31.026  1054-5392  oemlogkit               oemlogkit                            E  oemlogkit: Android log path: (null). Inside
2025-09-17 10:59:31.027  1054-5392  oemlogkit               oemlogkit                            E  oemlogkit: !start_log, sleep
2025-09-17 10:59:31.191   963-17929 vendor.qti...bs_handler and...are.bluetooth@1.0-service-qti  I  ProcessIbsCmd: Received IBS_WAKE_IND: 0xFD
2025-09-17 10:59:31.191   963-17929 vendor.qti...bs_handler and...are.bluetooth@1.0-service-qti  D  SerialClockVote: vote for UART CLK ON
2025-09-17 10:59:31.192   963-17929 vendor.qti...-wake_lock and...are.bluetooth@1.0-service-qti  D  Acquire wakelock is acquired 
2025-09-17 10:59:31.192   963-17929 vendor.qti...bs_handler and...are.bluetooth@1.0-service-qti  I  ProcessIbsCmd: Writing IBS_WAKE_ACK
2025-09-17 10:59:31.195 17730-17931 bt_stack                com.android.bluetooth                V  [VERBOSE1:btm_inq.cc(1019)] BTM_InqDbRead: bd addr 6e:73:3e:ad:8a:0e
2025-09-17 10:59:31.233   963-17929 vendor.qti...bs_handler and...are.bluetooth@1.0-service-qti  I  ProcessIbsCmd: Received IBS_SLEEP_IND: 0xFE
2025-09-17 10:59:31.233   963-17929 vendor.qti...bs_handler and...are.bluetooth@1.0-service-qti  D  SerialClockVote: vote for UART CLK OFF
2025-09-17 10:59:31.384   963-17920 vendor.qti...-wake_lock and...are.bluetooth@1.0-service-qti  D  Release wakelock is released 
2025-09-17 10:59:31.860   963-17929 vendor.qti...bs_handler and...are.bluetooth@1.0-service-qti  I  ProcessIbsCmd: Received IBS_WAKE_IND: 0xFD
2025-09-17 10:59:31.860   963-17929 vendor.qti...bs_handler and...are.bluetooth@1.0-service-qti  D  SerialClockVote: vote for UART CLK ON
2025-09-17 10:59:31.861   963-17929 vendor.qti...-wake_lock and...are.bluetooth@1.0-service-qti  D  Acquire wakelock is acquired 
2025-09-17 10:59:31.861   963-17929 vendor.qti...bs_handler and...are.bluetooth@1.0-service-qti  I  ProcessIbsCmd: Writing IBS_WAKE_ACK
2025-09-17 10:59:31.864 17730-17931 bt_stack                com.android.bluetooth                V  [VERBOSE1:btm_inq.cc(1019)] BTM_InqDbRead: bd addr 6e:73:3e:ad:8a:0e
2025-09-17 10:59:31.902   963-17929 vendor.qti...bs_handler and...are.bluetooth@1.0-service-qti  I  ProcessIbsCmd: Received IBS_SLEEP_IND: 0xFE
2025-09-17 10:59:31.902   963-17929 vendor.qti...bs_handler and...are.bluetooth@1.0-service-qti  D  SerialClockVote: vote for UART CLK OFF
2025-09-17 10:59:32.013   963-17929 vendor.qti...bs_handler and...are.bluetooth@1.0-service-qti  I  ProcessIbsCmd: Received IBS_WAKE_IND: 0xFD
2025-09-17 10:59:32.013   963-17929 vendor.qti...bs_handler and...are.bluetooth@1.0-service-qti  D  SerialClockVote: vote for UART CLK ON
2025-09-17 10:59:32.013   963-17929 vendor.qti...bs_handler and...are.bluetooth@1.0-service-qti  I  ProcessIbsCmd: Writing IBS_WAKE_ACK
2025-09-17 10:59:32.015 17730-17931 bt_stack                com.android.bluetooth                V  [VERBOSE1:btm_inq.cc(1019)] BTM_InqDbRead: bd addr 6e:73:3e:ad:8a:0e
2025-09-17 10:59:32.054   963-17929 vendor.qti...bs_handler and...are.bluetooth@1.0-service-qti  I  ProcessIbsCmd: Received IBS_SLEEP_IND: 0xFE
2025-09-17 10:59:32.054   963-17929 vendor.qti...bs_handler and...are.bluetooth@1.0-service-qti  D  SerialClockVote: vote for UART CLK OFF
2025-09-17 10:59:32.204   963-17920 vendor.qti...-wake_lock and...are.bluetooth@1.0-service-qti  D  Release wakelock is released 
2025-09-17 10:59:32.354 30462-30462 OpUtils                 com.android.systemui                 I  isSupportWarpCharging:false
2025-09-17 10:59:32.354 30462-30462 OpSWarpChargingView     com.android.systemui                 D  level is same as latest one [91]
2025-09-17 10:59:32.357 30462-30462 KeyguardUpdateMonitor   com.android.systemui                 D  received broadcast android.intent.action.BATTERY_CHANGED
2025-09-17 10:59:32.357 30462-30462 OpUtils                 com.android.systemui                 I  isSupportWarpCharging:false
2025-09-17 10:59:32.357 30462-30462 KeyguardUpdateMonitor   com.android.systemui                 D  pdCharge false, chargingstatus 0, fastcharge:0
2025-09-17 10:59:32.358 30462-30498 BatterySaverTile        com.android.systemui                 D  handleUpdateState, true, false
2025-09-17 10:59:32.399  3107-3107  DeviceStatisticsService com...m.qti.devicestatisticsservice  D  chargerType=2 batteryLevel=91 totalBatteryCapacity=2851400
2025-09-17 10:59:33.395   963-17929 vendor.qti...bs_handler and...are.bluetooth@1.0-service-qti  I  ProcessIbsCmd: Received IBS_WAKE_IND: 0xFD
2025-09-17 10:59:33.395   963-17929 vendor.qti...bs_handler and...are.bluetooth@1.0-service-qti  D  SerialClockVote: vote for UART CLK ON
2025-09-17 10:59:33.396   963-17929 vendor.qti...-wake_lock and...are.bluetooth@1.0-service-qti  D  Acquire wakelock is acquired 
2025-09-17 10:59:33.396   963-17929 vendor.qti...bs_handler and...are.bluetooth@1.0-service-qti  I  ProcessIbsCmd: Writing IBS_WAKE_ACK
2025-09-17 10:59:33.401 17730-17931 bt_stack                com.android.bluetooth                V  [VERBOSE1:btm_inq.cc(1019)] BTM_InqDbRead: bd addr 55:c5:30:dc:7b:92
2025-09-17 10:59:33.410 17730-17931 bt_stack                com.android.bluetooth                V  [VERBOSE1:btm_inq.cc(1019)] BTM_InqDbRead: bd addr 63:a1:8e:12:38:de
2025-09-17 10:59:33.417 28707-11578 NearbyConnections       com.google.android.gms.persistent    I  Found BleAdvertisement [ 0x23 0x45 0x43 0x33 0x42 0x11 0x32 0x29 0x8a 0x9b 0xf9 0xee 0xc0 0xe5 0x75 0x4a 0xf2 0xc9 0x31 0x8b 0x8e 0xe6 0x48 ] (with EndpointId EC3B and EndpointInfo [ 0x32 0x29 0x8a 0x9b 0xf9 0xee 0xc0 0xe5 0x75 0x4a 0xf2 0xc9 0x31 0x8b 0x8e 0xe6 0x48 ])
2025-09-17 10:59:33.420 28707-11578 NearbyConnections       com.google.android.gms.persistent    I  ClientProxy(249410627) reporting onEndpointFound(EC3B)
2025-09-17 10:59:33.421 28707-11384 NearbySharing           com.google.android.gms.persistent    I  NearbySharing Internal event EndpointDiscovered(endpointId=EC3B)
2025-09-17 10:59:33.422 28707-11578 NearbyConnections       com.google.android.gms.persistent    I  ClientProxy(249410627) reporting onEndpointDistanceChanged(EC3B, UNKNOWN)
2025-09-17 10:59:33.449   963-17929 vendor.qti...bs_handler and...are.bluetooth@1.0-service-qti  I  ProcessIbsCmd: Received IBS_SLEEP_IND: 0xFE
2025-09-17 10:59:33.449   963-17929 vendor.qti...bs_handler and...are.bluetooth@1.0-service-qti  D  SerialClockVote: vote for UART CLK OFF
2025-09-17 10:59:33.499   963-17929 vendor.qti...bs_handler and...are.bluetooth@1.0-service-qti  I  ProcessIbsCmd: Received IBS_WAKE_IND: 0xFD
2025-09-17 10:59:33.500   963-17929 vendor.qti...bs_handler and...are.bluetooth@1.0-service-qti  D  SerialClockVote: vote for UART CLK ON
2025-09-17 10:59:33.500   963-17929 vendor.qti...bs_handler and...are.bluetooth@1.0-service-qti  I  ProcessIbsCmd: Writing IBS_WAKE_ACK
2025-09-17 10:59:33.501 17730-17931 bt_stack                com.android.bluetooth                V  [VERBOSE1:btm_inq.cc(1019)] BTM_InqDbRead: bd addr 6e:73:3e:ad:8a:0e
