2025-09-17 10:59:12.900 17730-17931 bt_stack                com.android.bluetooth                V  [VERBOSE1:btm_inq.cc(1019)] BTM_InqDbRead: bd addr 29:ed:6a:02:25:88
2025-09-17 10:59:12.904 23217-23217 BluetoothScannerService com.remoticom.energynodeinset        I  start/onScanResult: 57:2F:10:E0:00:C8 - null
2025-09-17 10:59:12.904 23217-23217 BluetoothScannerService com.remoticom.energynodeinset        D  First advertised service UUID=null
2025-09-17 10:59:12.904 23217-23217 BluetoothScannerService com.remoticom.energynodeinset        D  Unknown device
2025-09-17 10:59:12.904 23217-23217 BluetoothScannerService com.remoticom.energynodeinset        I  start/onScanResult: 29:ED:6A:02:25:88 - null
2025-09-17 10:59:12.904 23217-23217 BluetoothScannerService com.remoticom.energynodeinset        D  First advertised service UUID=null
2025-09-17 10:59:12.904 23217-23217 BluetoothScannerService com.remoticom.energynodeinset        D  Unknown device
2025-09-17 10:59:12.910  1099-1156  surfaceflinger          surfaceflinger                       E  [frame_perf] perfboost open boost file failed
2025-09-17 10:59:12.912 17730-17931 bt_stack                com.android.bluetooth                V  [VERBOSE1:btm_inq.cc(1019)] BTM_InqDbRead: bd addr 0a:c9:b6:f5:32:97
2025-09-17 10:59:12.916 23217-23217 BluetoothScannerService com.remoticom.energynodeinset        I  start/onScanResult: 0A:C9:B6:F5:32:97 - null
2025-09-17 10:59:12.916 23217-23217 BluetoothScannerService com.remoticom.energynodeinset        D  First advertised service UUID=null
2025-09-17 10:59:12.916 23217-23217 BluetoothScannerService com.remoticom.energynodeinset        D  Unknown device
2025-09-17 10:59:12.926 17730-17931 bt_stack                com.android.bluetooth                V  [VERBOSE1:btm_inq.cc(1019)] BTM_InqDbRead: bd addr fd:ec:31:bc:94:77
2025-09-17 10:59:12.927  1099-32043 surfaceflinger          surfaceflinger                       E  [frame_perf] perfboost open boost file failed
2025-09-17 10:59:12.931 23217-23217 BluetoothScannerService com.remoticom.energynodeinset        I  start/onScanResult: FD:EC:31:BC:94:77 - null
2025-09-17 10:59:12.931 23217-23217 BluetoothScannerService com.remoticom.energynodeinset        D  First advertised service UUID=null
2025-09-17 10:59:12.931 23217-23217 BluetoothScannerService com.remoticom.energynodeinset        D  Unknown device
2025-09-17 10:59:12.936 17730-17931 bt_stack                com.android.bluetooth                V  [VERBOSE1:btm_inq.cc(1019)] BTM_InqDbRead: bd addr fe:a7:3e:2d:df:4d
2025-09-17 10:59:12.937 28707-11578 PhenotypeResourceReader com.google.android.gms.persistent    I  unable to find any Phenotype resource metadata for nl.hockey.android
2025-09-17 10:59:12.937 17730-17800 BluetoothRemoteDevices  com.android.bluetooth                D  Property type: 1
2025-09-17 10:59:12.937 17730-17800 BluetoothRemoteDevices  com.android.bluetooth                D  Skip name update for FE:A7:3E:2D:DF:4D
2025-09-17 10:59:12.937 17730-17800 BluetoothRemoteDevices  com.android.bluetooth                D  Property type: 4
2025-09-17 10:59:12.937 17730-17800 BluetoothRemoteDevices  com.android.bluetooth                D  Skip class update for FE:A7:3E:2D:DF:4D
2025-09-17 10:59:12.937 17730-17800 BluetoothRemoteDevices  com.android.bluetooth                D  Property type: 5
2025-09-17 10:59:12.941 23217-23217 BluetoothScannerService com.remoticom.energynodeinset        I  start/onScanResult: FE:A7:3E:2D:DF:4D - ZMS
2025-09-17 10:59:12.941 23217-23217 BluetoothScannerService com.remoticom.energynodeinset        D  First advertised service UUID=00001828-0000-1000-8000-00805f9b34fb
2025-09-17 10:59:12.941 23217-23217 BluetoothScannerService com.remoticom.energynodeinset        D  Unknown device
2025-09-17 10:59:12.941 17730-17931 bt_stack                com.android.bluetooth                V  [VERBOSE1:btm_inq.cc(1019)] BTM_InqDbRead: bd addr 1b:84:aa:2a:d0:00
2025-09-17 10:59:12.944 23217-23217 BluetoothScannerService com.remoticom.energynodeinset        I  start/onScanResult: 1B:84:AA:2A:D0:00 - null
2025-09-17 10:59:12.944 23217-23217 BluetoothScannerService com.remoticom.energynodeinset        D  First advertised service UUID=null
2025-09-17 10:59:12.944 17730-17931 bt_stack                com.android.bluetooth                V  [VERBOSE1:btm_inq.cc(1019)] BTM_InqDbRead: bd addr 3d:44:82:ba:f7:cc
2025-09-17 10:59:12.944 23217-23217 BluetoothScannerService com.remoticom.energynodeinset        D  Unknown device
2025-09-17 10:59:12.947 23217-23217 BluetoothScannerService com.remoticom.energynodeinset        I  start/onScanResult: 3D:44:82:BA:F7:CC - null
2025-09-17 10:59:12.947 23217-23217 BluetoothScannerService com.remoticom.energynodeinset        D  First advertised service UUID=null
2025-09-17 10:59:12.947 23217-23217 BluetoothScannerService com.remoticom.energynodeinset        D  Unknown device
2025-09-17 10:59:12.950   872-872   Zygote                  pid-872                              I  Process 30951 exited due to signal 9 (Killed)
2025-09-17 10:59:12.953  1305-2937  OPBF                    system_server                        D  setCGroupState():tofreeze=false, uid:10331 pkg:com.duckduckgo.mobile.android --->>> ok reason:app died cause by pid 30951
2025-09-17 10:59:12.953  1305-1345  ProcessStats            system_server                        W  setState index out of bounds. index: -1 length: 20
2025-09-17 10:59:12.955  1305-1345  ProcessStats            system_server                        W  setState index out of bounds. index: -1 length: 20
2025-09-17 10:59:12.956  1305-1345  ActivityManager         system_server                        W  Scheduling restart of crashed service com.duckduckgo.mobile.android/com.duckduckgo.customtabs.impl.service.DuckDuckGoCustomTabService in 1000ms for connection
2025-09-17 10:59:12.958  1305-2937  WifiService             system_server                        I  setHighPerfRestrict uid=10331 restrict=false callingUid=1000
2025-09-17 10:59:12.959  1305-1731  libprocessgroup         system_server                        I  Successfully killed process cgroup uid 10331 pid 30951 in 91ms
2025-09-17 10:59:12.960  1099-1157  surfaceflinger          surfaceflinger                       E  [frame_perf] perfboost open boost file failed
2025-09-17 10:59:12.977  1099-32043 surfaceflinger          surfaceflinger                       E  [frame_perf] perfboost open boost file failed
2025-09-17 10:59:12.984   963-17929 vendor.qti...bs_handler and...are.bluetooth@1.0-service-qti  I  ProcessIbsCmd: Received IBS_SLEEP_IND: 0xFE
2025-09-17 10:59:12.984   963-17929 vendor.qti...bs_handler and...are.bluetooth@1.0-service-qti  D  SerialClockVote: vote for UART CLK OFF
2025-09-17 10:59:12.990   963-17929 vendor.qti...bs_handler and...are.bluetooth@1.0-service-qti  I  ProcessIbsCmd: Received IBS_WAKE_IND: 0xFD
2025-09-17 10:59:12.990   963-17929 vendor.qti...bs_handler and...are.bluetooth@1.0-service-qti  D  SerialClockVote: vote for UART CLK ON
2025-09-17 10:59:12.990   963-17929 vendor.qti...bs_handler and...are.bluetooth@1.0-service-qti  I  ProcessIbsCmd: Writing IBS_WAKE_ACK
2025-09-17 10:59:12.991 17730-17931 bt_stack                com.android.bluetooth                V  [VERBOSE1:btm_inq.cc(1019)] BTM_InqDbRead: bd addr 4f:78:52:f7:b7:ed
2025-09-17 10:59:12.994 23217-23217 BluetoothScannerService com.remoticom.energynodeinset        I  start/onScanResult: 4F:78:52:F7:B7:ED - null
2025-09-17 10:59:12.994 23217-23217 BluetoothScannerService com.remoticom.energynodeinset        D  First advertised service UUID=null
2025-09-17 10:59:12.994 23217-23217 BluetoothScannerService com.remoticom.energynodeinset        D  Unknown device
2025-09-17 10:59:13.006 17730-17931 bt_stack                com.android.bluetooth                V  [VERBOSE1:btm_inq.cc(1019)] BTM_InqDbRead: bd addr 46:e4:cc:21:31:8a
2025-09-17 10:59:13.007 17730-17800 BluetoothRemoteDevices  com.android.bluetooth                D  Property type: 1
2025-09-17 10:59:13.007 17730-17800 BluetoothRemoteDevices  com.android.bluetooth                D  Skip name update for 46:E4:CC:21:31:8A
2025-09-17 10:59:13.007 17730-17800 BluetoothRemoteDevices  com.android.bluetooth                D  Property type: 4
2025-09-17 10:59:13.007 17730-17800 BluetoothRemoteDevices  com.android.bluetooth                D  Skip class update for 46:E4:CC:21:31:8A
2025-09-17 10:59:13.007 17730-17800 BluetoothRemoteDevices  com.android.bluetooth                D  Property type: 5
2025-09-17 10:59:13.011  1099-1157  surfaceflinger          surfaceflinger                       E  [frame_perf] perfboost open boost file failed
2025-09-17 10:59:13.012 23217-23217 BluetoothScannerService com.remoticom.energynodeinset        I  start/onScanResult: 46:E4:CC:21:31:8A - S44 1EF0 LE
2025-09-17 10:59:13.012 23217-23217 BluetoothScannerService com.remoticom.energynodeinset        D  First advertised service UUID=0000fe07-0000-1000-8000-00805f9b34fb
2025-09-17 10:59:13.012 23217-23217 BluetoothScannerService com.remoticom.energynodeinset        D  Unknown device
2025-09-17 10:59:13.014 17730-17931 bt_stack                com.android.bluetooth                V  [VERBOSE1:btm_inq.cc(1019)] BTM_InqDbRead: bd addr 0a:c9:b6:f5:32:97
2025-09-17 10:59:13.017 23217-23217 BluetoothScannerService com.remoticom.energynodeinset        I  start/onScanResult: 0A:C9:B6:F5:32:97 - null
2025-09-17 10:59:13.017 23217-23217 BluetoothScannerService com.remoticom.energynodeinset        D  First advertised service UUID=null
2025-09-17 10:59:13.017 23217-23217 BluetoothScannerService com.remoticom.energynodeinset        D  Unknown device
2025-09-17 10:59:13.028  1099-32043 surfaceflinger          surfaceflinger                       E  [frame_perf] perfboost open boost file failed
2025-09-17 10:59:13.053   963-17929 vendor.qti...bs_handler and...are.bluetooth@1.0-service-qti  I  ProcessIbsCmd: Received IBS_SLEEP_IND: 0xFE
2025-09-17 10:59:13.053   963-17929 vendor.qti...bs_handler and...are.bluetooth@1.0-service-qti  D  SerialClockVote: vote for UART CLK OFF
2025-09-17 10:59:13.059  1099-1157  surfaceflinger          surfaceflinger                       E  [frame_perf] perfboost open boost file failed
2025-09-17 10:59:13.067 11593-11643 .hockey.androi          nl.hockey.android                    E  No package ID 6b found for ID 0x6b0b000f.
2025-09-17 10:59:13.070 11593-11643 FA                      nl.hockey.android                    I  App measurement initialized, version: 136005
2025-09-17 10:59:13.070 11593-11643 FA                      nl.hockey.android                    I  To enable debug logging run: adb shell setprop log.tag.FA VERBOSE
2025-09-17 10:59:13.072 11593-11643 FA                      nl.hockey.android                    I  To enable faster debug mode event logging run:
                                                                                                      adb shell setprop debug.firebase.analytics.app nl.hockey.android
2025-09-17 10:59:13.076  1099-32043 surfaceflinger          surfaceflinger                       E  [frame_perf] perfboost open boost file failed
2025-09-17 10:59:13.102 11593-11643 sqlite3_android         nl.hockey.android                    E  [IKR-38846] ONEPLUS_NAME_PARTS_MATCH SQLITE_OK
2025-09-17 10:59:13.110  1099-1157  surfaceflinger          surfaceflinger                       E  [frame_perf] perfboost open boost file failed
2025-09-17 10:59:13.127  1099-32043 surfaceflinger          surfaceflinger                       E  [frame_perf] perfboost open boost file failed
2025-09-17 10:59:13.130  5893-5893  BoundBrokerSvc          com.google.android.gms               D  onBind: Intent { act=com.google.android.gms.measurement.START pkg=com.google.android.gms }
2025-09-17 10:59:13.130  5893-5893  BoundBrokerSvc          com.google.android.gms               D  Loading bound service for intent: Intent { act=com.google.android.gms.measurement.START pkg=com.google.android.gms }
2025-09-17 10:59:13.143 11593-11643 sqlite3_android         nl.hockey.android                    E  [IKR-38846] ONEPLUS_NAME_PARTS_MATCH SQLITE_OK
2025-09-17 10:59:13.161  1305-2937  OPBF                    system_server                        D  setCGroupState():tofreeze=true, uid:10371 pkg:com.adobe.reader --->>> ok reason:serviceDoneExecuting = com.adobe.reader/.services.downloadsMonitor.ARFileChangeObserverService
2025-09-17 10:59:13.162 11593-11643 sqlite3_android         nl.hockey.android                    E  [IKR-38846] ONEPLUS_NAME_PARTS_MATCH SQLITE_OK
2025-09-17 10:59:13.166  1099-1156  surfaceflinger          surfaceflinger                       E  [frame_perf] perfboost open boost file failed
2025-09-17 10:59:13.183  1099-32043 surfaceflinger          surfaceflinger                       E  [frame_perf] perfboost open boost file failed
2025-09-17 10:59:13.204   963-17920 vendor.qti...-wake_lock and...are.bluetooth@1.0-service-qti  D  Release wakelock is released 
2025-09-17 10:59:13.214  1099-1156  surfaceflinger          surfaceflinger                       E  [frame_perf] perfboost open boost file failed
2025-09-17 10:59:13.231  1099-32043 surfaceflinger          surfaceflinger                       E  [frame_perf] perfboost open boost file failed
2025-09-17 10:59:13.264  1099-1156  surfaceflinger          surfaceflinger                       E  [frame_perf] perfboost open boost file failed
2025-09-17 10:59:13.281  1099-32043 surfaceflinger          surfaceflinger                       E  [frame_perf] perfboost open boost file failed
2025-09-17 10:59:13.314  1099-1156  surfaceflinger          surfaceflinger                       E  [frame_perf] perfboost open boost file failed
2025-09-17 10:59:13.331  1099-32043 surfaceflinger          surfaceflinger                       E  [frame_perf] perfboost open boost file failed
2025-09-17 10:59:13.365  1099-1156  surfaceflinger          surfaceflinger                       E  [frame_perf] perfboost open boost file failed
2025-09-17 10:59:13.382  1099-32043 surfaceflinger          surfaceflinger                       E  [frame_perf] perfboost open boost file failed
2025-09-17 10:59:13.416  1099-1156  surfaceflinger          surfaceflinger                       E  [frame_perf] perfboost open boost file failed
2025-09-17 10:59:13.433  1099-32043 surfaceflinger          surfaceflinger                       E  [frame_perf] perfboost open boost file failed
2025-09-17 10:59:13.463  1099-3321  surfaceflinger          surfaceflinger                       E  [frame_perf] perfboost open boost file failed
2025-09-17 10:59:13.481  1099-32043 surfaceflinger          surfaceflinger                       E  [frame_perf] perfboost open boost file failed
2025-09-17 10:59:13.515  1099-1157  surfaceflinger          surfaceflinger                       E  [frame_perf] perfboost open boost file failed
2025-09-17 10:59:13.532  1099-32043 surfaceflinger          surfaceflinger                       E  [frame_perf] perfboost open boost file failed
2025-09-17 10:59:13.564  1099-3321  surfaceflinger          surfaceflinger                       E  [frame_perf] perfboost open boost file failed
2025-09-17 10:59:13.581  1099-32043 surfaceflinger          surfaceflinger                       E  [frame_perf] perfboost open boost file failed
2025-09-17 10:59:13.615  1099-1157  surfaceflinger          surfaceflinger                       E  [frame_perf] perfboost open boost file failed
2025-09-17 10:59:13.632  1099-32043 surfaceflinger          surfaceflinger                       E  [frame_perf] perfboost open boost file failed
2025-09-17 10:59:13.635   963-17929 vendor.qti...bs_handler and...are.bluetooth@1.0-service-qti  I  ProcessIbsCmd: Received IBS_WAKE_IND: 0xFD
2025-09-17 10:59:13.635   963-17929 vendor.qti...bs_handler and...are.bluetooth@1.0-service-qti  D  SerialClockVote: vote for UART CLK ON
2025-09-17 10:59:13.636   963-17929 vendor.qti...-wake_lock and...are.bluetooth@1.0-service-qti  D  Acquire wakelock is acquired 
2025-09-17 10:59:13.637   963-17929 vendor.qti...bs_handler and...are.bluetooth@1.0-service-qti  I  ProcessIbsCmd: Writing IBS_WAKE_ACK
2025-09-17 10:59:13.639 17730-17931 bt_stack                com.android.bluetooth                V  [VERBOSE1:btm_inq.cc(1019)] BTM_InqDbRead: bd addr 0a:c9:b6:f5:32:97
2025-09-17 10:59:13.644 17730-17931 bt_stack                com.android.bluetooth                V  [VERBOSE1:btm_inq.cc(1019)] BTM_InqDbRead: bd addr 33:af:0d:62:af:1f
2025-09-17 10:59:13.647 23217-23217 BluetoothScannerService com.remoticom.energynodeinset        I  start/onScanResult: 0A:C9:B6:F5:32:97 - null
2025-09-17 10:59:13.647 23217-23217 BluetoothScannerService com.remoticom.energynodeinset        D  First advertised service UUID=null
2025-09-17 10:59:13.647 23217-23217 BluetoothScannerService com.remoticom.energynodeinset        D  Unknown device
2025-09-17 10:59:13.650 23217-23217 BluetoothScannerService com.remoticom.energynodeinset        I  start/onScanResult: 33:AF:0D:62:AF:1F - null
2025-09-17 10:59:13.650 23217-23217 BluetoothScannerService com.remoticom.energynodeinset        D  First advertised service UUID=null
2025-09-17 10:59:13.650 23217-23217 BluetoothScannerService com.remoticom.energynodeinset        D  Unknown device
2025-09-17 10:59:13.650 17730-17931 bt_stack                com.android.bluetooth                V  [VERBOSE1:btm_inq.cc(1019)] BTM_InqDbRead: bd addr f0:d7:8f:4d:80:82
2025-09-17 10:59:13.653 17730-17800 BluetoothRemoteDevices  com.android.bluetooth                D  Property type: 1
2025-09-17 10:59:13.653 17730-17800 BluetoothRemoteDevices  com.android.bluetooth                D  Skip name update for F0:D7:8F:4D:80:82
2025-09-17 10:59:13.653 17730-17800 BluetoothRemoteDevices  com.android.bluetooth                D  Property type: 4
2025-09-17 10:59:13.653 17730-17800 BluetoothRemoteDevices  com.android.bluetooth                D  Skip class update for F0:D7:8F:4D:80:82
2025-09-17 10:59:13.653 17730-17800 BluetoothRemoteDevices  com.android.bluetooth                D  Property type: 5
2025-09-17 10:59:13.659 23217-23217 BluetoothScannerService com.remoticom.energynodeinset        I  start/onScanResult: F0:D7:8F:4D:80:82 - RTM-BMC
2025-09-17 10:59:13.659 23217-23217 BluetoothScannerService com.remoticom.energynodeinset        D  First advertised service UUID=a55d1c55-0088-ffff-0000-000000000000
2025-09-17 10:59:13.659 23217-23217 BluetoothScannerService com.remoticom.energynodeinset        D  Remoticom device:  EnergyNode Inset
2025-09-17 10:59:13.664 23217-23217 BluetoothScannerService com.remoticom.energynodeinset        D  UUID=00000000-0000-0000-0000-f0d78f4d8082
2025-09-17 10:59:13.668 17730-17931 bt_stack                com.android.bluetooth                V  [VERBOSE1:btm_inq.cc(1019)] BTM_InqDbRead: bd addr 63:9f:d2:0f:ba:76
2025-09-17 10:59:13.672 23217-23217 NodeListFragment        com.remoticom.energynodeinset        D  Updating list of nodes
2025-09-17 10:59:13.676  1099-1156  surfaceflinger          surfaceflinger                       E  [frame_perf] perfboost open boost file failed
2025-09-17 10:59:13.678 17730-17931 bt_stack                com.android.bluetooth                V  [VERBOSE1:btm_inq.cc(1019)] BTM_InqDbRead: bd addr 1b:84:aa:2a:d0:00
2025-09-17 10:59:13.680 23217-23217 BluetoothScannerService com.remoticom.energynodeinset        I  start/onScanResult: 63:9F:D2:0F:BA:76 - null
2025-09-17 10:59:13.681 23217-23217 BluetoothScannerService com.remoticom.energynodeinset        D  First advertised service UUID=null
2025-09-17 10:59:13.681 23217-23217 BluetoothScannerService com.remoticom.energynodeinset        D  Unknown device
2025-09-17 10:59:13.698 17730-17931 bt_stack                com.android.bluetooth                V  [VERBOSE1:btm_inq.cc(1019)] BTM_InqDbRead: bd addr e3:9f:90:87:ae:c6
2025-09-17 10:59:13.700 17730-17800 BluetoothRemoteDevices  com.android.bluetooth                D  Property type: 1
2025-09-17 10:59:13.700 17730-17800 BluetoothRemoteDevices  com.android.bluetooth                D  Skip name update for E3:9F:90:87:AE:C6
2025-09-17 10:59:13.700 17730-17800 BluetoothRemoteDevices  com.android.bluetooth                D  Property type: 4
2025-09-17 10:59:13.700 17730-17800 BluetoothRemoteDevices  com.android.bluetooth                D  Skip class update for E3:9F:90:87:AE:C6
2025-09-17 10:59:13.700 17730-17800 BluetoothRemoteDevices  com.android.bluetooth                D  Property type: 5
2025-09-17 10:59:13.710  1099-32043 surfaceflinger          surfaceflinger                       E  [frame_perf] perfboost open boost file failed
2025-09-17 10:59:13.713 23217-23217 BluetoothScannerService com.remoticom.energynodeinset        I  start/onScanResult: 1B:84:AA:2A:D0:00 - null
2025-09-17 10:59:13.713 23217-23217 BluetoothScannerService com.remoticom.energynodeinset        D  First advertised service UUID=null
2025-09-17 10:59:13.713 23217-23217 BluetoothScannerService com.remoticom.energynodeinset        D  Unknown device
2025-09-17 10:59:13.714 23217-23217 BluetoothScannerService com.remoticom.energynodeinset        I  start/onScanResult: E3:9F:90:87:AE:C6 - RTM-010
2025-09-17 10:59:13.715 23217-23217 BluetoothScannerService com.remoticom.energynodeinset        D  First advertised service UUID=a55d1c55-004b-ffff-0000-000000000000
2025-09-17 10:59:13.715 23217-23217 BluetoothScannerService com.remoticom.energynodeinset        D  Unknown device
2025-09-17 10:59:13.716  1099-1157  surfaceflinger          surfaceflinger                       E  [frame_perf] perfboost open boost file failed
2025-09-17 10:59:13.728 17730-17931 bt_stack                com.android.bluetooth                V  [VERBOSE1:btm_inq.cc(1019)] BTM_InqDbRead: bd addr 0a:c9:b6:f5:32:97
2025-09-17 10:59:13.733  1099-32043 surfaceflinger          surfaceflinger                       E  [frame_perf] perfboost open boost file failed
2025-09-17 10:59:13.750  1099-32043 surfaceflinger          surfaceflinger                       E  [frame_perf] perfboost open boost file failed
2025-09-17 10:59:13.750  1099-3321  surfaceflinger          surfaceflinger                       E  [frame_perf] perfboost open boost file failed
2025-09-17 10:59:13.753 23217-23217 BluetoothScannerService com.remoticom.energynodeinset        I  start/onScanResult: 0A:C9:B6:F5:32:97 - null
2025-09-17 10:59:13.753 23217-23217 BluetoothScannerService com.remoticom.energynodeinset        D  First advertised service UUID=null
2025-09-17 10:59:13.753 23217-23217 BluetoothScannerService com.remoticom.energynodeinset        D  Unknown device
2025-09-17 10:59:13.758 17730-17931 bt_stack                com.android.bluetooth                V  [VERBOSE1:btm_inq.cc(1019)] BTM_InqDbRead: bd addr f0:d7:8f:4d:80:82
2025-09-17 10:59:13.764 23217-23217 BluetoothScannerService com.remoticom.energynodeinset        I  start/onScanResult: F0:D7:8F:4D:80:82 - RTM-BMC
2025-09-17 10:59:13.764 23217-23217 BluetoothScannerService com.remoticom.energynodeinset        D  First advertised service UUID=a55d1c55-0088-ffff-0000-000000000000
2025-09-17 10:59:13.764 23217-23217 BluetoothScannerService com.remoticom.energynodeinset        D  Remoticom device:  EnergyNode Inset
2025-09-17 10:59:13.765 23217-23217 BluetoothScannerService com.remoticom.energynodeinset        D  UUID=00000000-0000-0000-0000-f0d78f4d8082
2025-09-17 10:59:13.766 17730-17931 bt_stack                com.android.bluetooth                V  [VERBOSE1:btm_inq.cc(1019)] BTM_InqDbRead: bd addr 05:0c:bb:ca:ab:70
2025-09-17 10:59:13.768 23217-23217 NodeListFragment        com.remoticom.energynodeinset        D  Updating list of nodes
2025-09-17 10:59:13.774 17730-17931 bt_stack                com.android.bluetooth                V  [VERBOSE1:btm_inq.cc(1019)] BTM_InqDbRead: bd addr 4f:69:b6:ce:e3:fc
2025-09-17 10:59:13.776 17730-17931 bt_stack                com.android.bluetooth                V  [VERBOSE1:btm_inq.cc(1019)] BTM_InqDbRead: bd addr 68:34:9c:04:59:22
2025-09-17 10:59:13.779 17730-17931 bt_stack                com.android.bluetooth                V  [VERBOSE1:btm_inq.cc(1019)] BTM_InqDbRead: bd addr 49:f9:8e:f0:68:9b
2025-09-17 10:59:13.780 23217-23217 BluetoothScannerService com.remoticom.energynodeinset        I  start/onScanResult: 05:0C:BB:CA:AB:70 - null
2025-09-17 10:59:13.780 23217-23217 BluetoothScannerService com.remoticom.energynodeinset        D  First advertised service UUID=null
2025-09-17 10:59:13.780 23217-23217 BluetoothScannerService com.remoticom.energynodeinset        D  Unknown device
2025-09-17 10:59:13.780 23217-23217 BluetoothScannerService com.remoticom.energynodeinset        I  start/onScanResult: 4F:69:B6:CE:E3:FC - null
2025-09-17 10:59:13.780 23217-23217 BluetoothScannerService com.remoticom.energynodeinset        D  First advertised service UUID=null
2025-09-17 10:59:13.781 23217-23217 BluetoothScannerService com.remoticom.energynodeinset        D  Unknown device
2025-09-17 10:59:13.781 23217-23217 BluetoothScannerService com.remoticom.energynodeinset        I  start/onScanResult: 68:34:9C:04:59:22 - null
2025-09-17 10:59:13.781 23217-23217 BluetoothScannerService com.remoticom.energynodeinset        D  First advertised service UUID=null
2025-09-17 10:59:13.781 23217-23217 BluetoothScannerService com.remoticom.energynodeinset        D  Unknown device
2025-09-17 10:59:13.782 17730-17931 bt_stack                com.android.bluetooth                V  [VERBOSE1:btm_inq.cc(1019)] BTM_InqDbRead: bd addr 1b:84:aa:2a:d0:00
2025-09-17 10:59:13.786 17730-17931 bt_stack                com.android.bluetooth                V  [VERBOSE1:btm_inq.cc(1019)] BTM_InqDbRead: bd addr 3d:44:82:ba:f7:cc
2025-09-17 10:59:13.787 17730-17931 bt_stack                com.android.bluetooth                V  [VERBOSE1:btm_inq.cc(1019)] BTM_InqDbRead: bd addr 3d:44:82:ba:f7:cc
2025-09-17 10:59:13.793 17730-17931 bt_stack                com.android.bluetooth                V  [VERBOSE1:btm_inq.cc(1019)] BTM_InqDbRead: bd addr 6e:c2:a4:65:a6:7f
2025-09-17 10:59:13.799  1099-32043 surfaceflinger          surfaceflinger                       E  [frame_perf] perfboost open boost file failed
2025-09-17 10:59:13.802 23217-23217 BluetoothScannerService com.remoticom.energynodeinset        I  start/onScanResult: 49:F9:8E:F0:68:9B - null
2025-09-17 10:59:13.802 23217-23217 BluetoothScannerService com.remoticom.energynodeinset        D  First advertised service UUID=null
2025-09-17 10:59:13.802 23217-23217 BluetoothScannerService com.remoticom.energynodeinset        D  Unknown device
2025-09-17 10:59:13.802 23217-23217 BluetoothScannerService com.remoticom.energynodeinset        I  start/onScanResult: 1B:84:AA:2A:D0:00 - null
2025-09-17 10:59:13.802 23217-23217 BluetoothScannerService com.remoticom.energynodeinset        D  First advertised service UUID=null
2025-09-17 10:59:13.802 23217-23217 BluetoothScannerService com.remoticom.energynodeinset        D  Unknown device
2025-09-17 10:59:13.803 23217-23217 BluetoothScannerService com.remoticom.energynodeinset        I  start/onScanResult: 3D:44:82:BA:F7:CC - null
2025-09-17 10:59:13.803 23217-23217 BluetoothScannerService com.remoticom.energynodeinset        D  First advertised service UUID=null
2025-09-17 10:59:13.803 23217-23217 BluetoothScannerService com.remoticom.energynodeinset        D  Unknown device
2025-09-17 10:59:13.804 23217-23217 BluetoothScannerService com.remoticom.energynodeinset        I  start/onScanResult: 3D:44:82:BA:F7:CC - null
2025-09-17 10:59:13.804 23217-23217 BluetoothScannerService com.remoticom.energynodeinset        D  First advertised service UUID=null
2025-09-17 10:59:13.804 23217-23217 BluetoothScannerService com.remoticom.energynodeinset        D  Unknown device
2025-09-17 10:59:13.804 23217-23217 BluetoothScannerService com.remoticom.energynodeinset        I  start/onScanResult: 6E:C2:A4:65:A6:7F - null
2025-09-17 10:59:13.804  1099-1468  surfaceflinger          surfaceflinger                       E  [frame_perf] perfboost open boost file failed
2025-09-17 10:59:13.804 23217-23217 BluetoothScannerService com.remoticom.energynodeinset        D  First advertised service UUID=null
2025-09-17 10:59:13.804 23217-23217 BluetoothScannerService com.remoticom.energynodeinset        D  Unknown device
2025-09-17 10:59:13.821  1099-32043 surfaceflinger          surfaceflinger                       E  [frame_perf] perfboost open boost file failed
2025-09-17 10:59:13.823  1099-1156  surfaceflinger          surfaceflinger                       E  [frame_perf] perfboost open boost file failed
2025-09-17 10:59:13.831   963-17929 vendor.qti...bs_handler and...are.bluetooth@1.0-service-qti  I  ProcessIbsCmd: Received IBS_SLEEP_IND: 0xFE
2025-09-17 10:59:13.831   963-17929 vendor.qti...bs_handler and...are.bluetooth@1.0-service-qti  D  SerialClockVote: vote for UART CLK OFF
2025-09-17 10:59:13.857  1099-32043 surfaceflinger          surfaceflinger                       E  [frame_perf] perfboost open boost file failed
2025-09-17 10:59:13.874  1099-32043 surfaceflinger          surfaceflinger                       E  [frame_perf] perfboost open boost file failed
2025-09-17 10:59:13.880  1099-3321  surfaceflinger          surfaceflinger                       E  [frame_perf] perfboost open boost file failed
2025-09-17 10:59:13.897  1099-32043 surfaceflinger          surfaceflinger                       E  [frame_perf] perfboost open boost file failed
2025-09-17 10:59:13.906  1305-2937  WifiService             system_server                        I  setHighPerfRestrict uid=10435 restrict=true callingUid=1000
2025-09-17 10:59:13.912  1305-2937  OPBF                    system_server                        D  setCGroupState():tofreeze=true, uid:10435 pkg:com.abnamro.nl.tikkie --->>> ok reason:serviceDoneExecuting = com.abnamro.nl.tikkie/com.google.firebase.sessions.SessionLifecycleService
2025-09-17 10:59:13.930  1099-3321  surfaceflinger          surfaceflinger                       E  [frame_perf] perfboost open boost file failed
2025-09-17 10:59:13.947  1099-32043 surfaceflinger          surfaceflinger                       E  [frame_perf] perfboost open boost file failed
2025-09-17 10:59:13.981   963-17920 vendor.qti...-wake_lock and...are.bluetooth@1.0-service-qti  D  Release wakelock is released 
2025-09-17 10:59:13.982  1099-3321  surfaceflinger          surfaceflinger                       E  [frame_perf] perfboost open boost file failed
2025-09-17 10:59:13.999  1099-32043 surfaceflinger          surfaceflinger                       E  [frame_perf] perfboost open boost file failed
2025-09-17 10:59:14.032  1099-1156  surfaceflinger          surfaceflinger                       E  [frame_perf] perfboost open boost file failed
2025-09-17 10:59:14.050  1099-32043 surfaceflinger          surfaceflinger                       E  [frame_perf] perfboost open boost file failed
2025-09-17 10:59:14.083  1099-3321  surfaceflinger          surfaceflinger                       E  [frame_perf] perfboost open boost file failed
2025-09-17 10:59:14.093  3143-3143  MDM-DataTr...eedTracker com.android.phone                    D  onDataActivity: isNewTxEvent = false, isNewRxEvent = false, isTxEndEvent = true, isRxEndEvent = true
2025-09-17 10:59:14.093  3143-3143  MDM-DataTr...eedTracker com.android.phone                    D  updateTransferSpeedData: isTx = true
2025-09-17 10:59:14.095  3143-3143  MDM-DataTr...eedTracker com.android.phone                    D  updateTransferSpeedData: mCurDdsSimNetworkClass = 2, currentTxBytes = 108536869, incrementTxBytes = 3252, transferTxSpeed = 1084
2025-09-17 10:59:14.095  3143-3143  MDM-DataTr...eedTracker com.android.phone                    D  getBucketIndexByBelongingRange: index = 0, transferSpeed = 1084
2025-09-17 10:59:14.095  3143-3143  MDM-DataTr...eedTracker com.android.phone                    D  updateTransferSpeedData: isTx = false
2025-09-17 10:59:14.095 30462-30498 NetworkCon...troller(1) com.android.systemui                 D  notifyListeners, showSimLoadedFakeIcon :false
2025-09-17 10:59:14.096  3143-3143  MDM-DataTr...eedTracker com.android.phone                    D  updateTransferSpeedData: mCurDdsSimNetworkClass = 2, currentRxBytes = 2739740077, incrementRxBytes = 7764, transferRxSpeed = 3882
2025-09-17 10:59:14.097  3143-3143  MDM-DataTr...eedTracker com.android.phone                    D  getBucketIndexByBelongingRange: index = 0, transferSpeed = 3882
2025-09-17 10:59:14.097  3143-3143  MDM-DataAc...ionManager com.android.phone                    D  onDataActivity: isNewEvent = false, isEndEvent = true
2025-09-17 10:59:14.097  3143-3143  MDM-DataAc...ionManager com.android.phone                    D  updateDataActiveDuration: original active duration = 8697275
2025-09-17 10:59:14.097  3143-3143  MDM-DataAc...ionManager com.android.phone                    D  updateDataActiveDuration: current connection time = 8700297
2025-09-17 10:59:14.100  1099-32043 surfaceflinger          surfaceflinger                       E  [frame_perf] perfboost open boost file failed
2025-09-17 10:59:14.131  1099-3321  surfaceflinger          surfaceflinger                       E  [frame_perf] perfboost open boost file failed
2025-09-17 10:59:14.148  1099-32043 surfaceflinger          surfaceflinger                       E  [frame_perf] perfboost open boost file failed
2025-09-17 10:59:14.183  1099-1156  surfaceflinger          surfaceflinger                       E  [frame_perf] perfboost open boost file failed
2025-09-17 10:59:14.200  1099-32043 surfaceflinger          surfaceflinger                       E  [frame_perf] perfboost open boost file failed
2025-09-17 10:59:14.230  1099-1156  surfaceflinger          surfaceflinger                       E  [frame_perf] perfboost open boost file failed
2025-09-17 10:59:14.247  1099-32043 surfaceflinger          surfaceflinger                       E  [frame_perf] perfboost open boost file failed
2025-09-17 10:59:14.279  1099-1468  surfaceflinger          surfaceflinger                       E  [frame_perf] perfboost open boost file failed
2025-09-17 10:59:14.296  1099-32043 surfaceflinger          surfaceflinger                       E  [frame_perf] perfboost open boost file failed
2025-09-17 10:59:14.330  1099-1468  surfaceflinger          surfaceflinger                       E  [frame_perf] perfboost open boost file failed
2025-09-17 10:59:14.347  1099-32043 surfaceflinger          surfaceflinger                       E  [frame_perf] perfboost open boost file failed
2025-09-17 10:59:14.380   963-17929 vendor.qti...bs_handler and...are.bluetooth@1.0-service-qti  I  ProcessIbsCmd: Received IBS_WAKE_IND: 0xFD
2025-09-17 10:59:14.380   963-17929 vendor.qti...bs_handler and...are.bluetooth@1.0-service-qti  D  SerialClockVote: vote for UART CLK ON
2025-09-17 10:59:14.381   963-17929 vendor.qti...-wake_lock and...are.bluetooth@1.0-service-qti  D  Acquire wakelock is acquired 
2025-09-17 10:59:14.381   963-17929 vendor.qti...bs_handler and...are.bluetooth@1.0-service-qti  I  ProcessIbsCmd: Writing IBS_WAKE_ACK
2025-09-17 10:59:14.382  1099-1468  surfaceflinger          surfaceflinger                       E  [frame_perf] perfboost open boost file failed
2025-09-17 10:59:14.384 17730-17931 bt_stack                com.android.bluetooth                V  [VERBOSE1:btm_inq.cc(1019)] BTM_InqDbRead: bd addr fd:07:f4:27:3b:91
2025-09-17 10:59:14.384 17730-17931 bt_stack                com.android.bluetooth                V  [VERBOSE1:btm_inq.cc(1019)] BTM_InqDbRead: bd addr 01:e8:4f:67:31:2f
2025-09-17 10:59:14.386 17730-17931 bt_stack                com.android.bluetooth                V  [VERBOSE1:btm_inq.cc(1019)] BTM_InqDbRead: bd addr 33:af:0d:62:af:1f
2025-09-17 10:59:14.387 17730-17931 bt_stack                com.android.bluetooth                V  [VERBOSE1:btm_inq.cc(1019)] BTM_InqDbRead: bd addr f0:d7:8f:4d:80:82
2025-09-17 10:59:14.387 17730-17800 BluetoothRemoteDevices  com.android.bluetooth                D  Property type: 1
2025-09-17 10:59:14.388 17730-17800 BluetoothRemoteDevices  com.android.bluetooth                D  Skip name update for FD:07:F4:27:3B:91
2025-09-17 10:59:14.388 17730-17800 BluetoothRemoteDevices  com.android.bluetooth                D  Property type: 4
2025-09-17 10:59:14.388 17730-17800 BluetoothRemoteDevices  com.android.bluetooth                D  Skip class update for FD:07:F4:27:3B:91
2025-09-17 10:59:14.388 17730-17800 BluetoothRemoteDevices  com.android.bluetooth                D  Property type: 5
2025-09-17 10:59:14.395 23217-23217 BluetoothScannerService com.remoticom.energynodeinset        I  start/onScanResult: FD:07:F4:27:3B:91 - ZMS
2025-09-17 10:59:14.395 23217-23217 BluetoothScannerService com.remoticom.energynodeinset        D  First advertised service UUID=8d53dc1d-1db7-4cd3-868b-8a527460aa84
2025-09-17 10:59:14.396 23217-23217 BluetoothScannerService com.remoticom.energynodeinset        D  Unknown device
2025-09-17 10:59:14.397 23217-23217 BluetoothScannerService com.remoticom.energynodeinset        I  start/onScanResult: 01:E8:4F:67:31:2F - null
2025-09-17 10:59:14.397 23217-23217 BluetoothScannerService com.remoticom.energynodeinset        D  First advertised service UUID=null
2025-09-17 10:59:14.398 23217-23217 BluetoothScannerService com.remoticom.energynodeinset        D  Unknown device
2025-09-17 10:59:14.399 23217-23217 BluetoothScannerService com.remoticom.energynodeinset        I  start/onScanResult: 33:AF:0D:62:AF:1F - null
2025-09-17 10:59:14.399  1099-32043 surfaceflinger          surfaceflinger                       E  [frame_perf] perfboost open boost file failed
2025-09-17 10:59:14.399 23217-23217 BluetoothScannerService com.remoticom.energynodeinset        D  First advertised service UUID=null
2025-09-17 10:59:14.400 23217-23217 BluetoothScannerService com.remoticom.energynodeinset        D  Unknown device
2025-09-17 10:59:14.401 23217-23217 BluetoothScannerService com.remoticom.energynodeinset        I  start/onScanResult: F0:D7:8F:4D:80:82 - RTM-BMC
2025-09-17 10:59:14.401 23217-23217 BluetoothScannerService com.remoticom.energynodeinset        D  First advertised service UUID=a55d1c55-0088-ffff-0000-000000000000
2025-09-17 10:59:14.401 23217-23217 BluetoothScannerService com.remoticom.energynodeinset        D  Remoticom device:  EnergyNode Inset
2025-09-17 10:59:14.403 23217-23217 BluetoothScannerService com.remoticom.energynodeinset        D  UUID=00000000-0000-0000-0000-f0d78f4d8082
2025-09-17 10:59:14.407 23217-23217 NodeListFragment        com.remoticom.energynodeinset        D  Updating list of nodes
2025-09-17 10:59:14.414  1099-1468  surfaceflinger          surfaceflinger                       E  [frame_perf] perfboost open boost file failed
2025-09-17 10:59:14.419 17730-17931 bt_stack                com.android.bluetooth                V  [VERBOSE1:btm_inq.cc(1019)] BTM_InqDbRead: bd addr 1b:84:aa:2a:d0:00
2025-09-17 10:59:14.432  1099-32043 surfaceflinger          surfaceflinger                       E  [frame_perf] perfboost open boost file failed
2025-09-17 10:59:14.434 17730-17931 bt_stack                com.android.bluetooth                V  [VERBOSE1:btm_inq.cc(1019)] BTM_InqDbRead: bd addr e3:9f:90:87:ae:c6
2025-09-17 10:59:14.438 23217-23217 BluetoothScannerService com.remoticom.energynodeinset        I  start/onScanResult: 1B:84:AA:2A:D0:00 - null
2025-09-17 10:59:14.438 23217-23217 BluetoothScannerService com.remoticom.energynodeinset        D  First advertised service UUID=null
2025-09-17 10:59:14.438 23217-23217 BluetoothScannerService com.remoticom.energynodeinset        D  Unknown device
2025-09-17 10:59:14.439 23217-23217 BluetoothScannerService com.remoticom.energynodeinset        I  start/onScanResult: E3:9F:90:87:AE:C6 - RTM-010
2025-09-17 10:59:14.439 23217-23217 BluetoothScannerService com.remoticom.energynodeinset        D  First advertised service UUID=a55d1c55-004b-ffff-0000-000000000000
2025-09-17 10:59:14.440 23217-23217 BluetoothScannerService com.remoticom.energynodeinset        D  Unknown device
2025-09-17 10:59:14.443  1099-1468  surfaceflinger          surfaceflinger                       E  [frame_perf] perfboost open boost file failed
2025-09-17 10:59:14.454 17730-17931 bt_stack                com.android.bluetooth                V  [VERBOSE1:btm_inq.cc(1019)] BTM_InqDbRead: bd addr c6:bb:46:a4:35:b0
2025-09-17 10:59:14.460  1099-32043 surfaceflinger          surfaceflinger                       E  [frame_perf] perfboost open boost file failed
2025-09-17 10:59:14.460  1099-1468  surfaceflinger          surfaceflinger                       E  [frame_perf] perfboost open boost file failed
2025-09-17 10:59:14.462 23217-23217 BluetoothScannerService com.remoticom.energynodeinset        I  start/onScanResult: C6:BB:46:A4:35:B0 - null
2025-09-17 10:59:14.462 23217-23217 BluetoothScannerService com.remoticom.energynodeinset        D  First advertised service UUID=null
2025-09-17 10:59:14.462 23217-23217 BluetoothScannerService com.remoticom.energynodeinset        D  Unknown device
2025-09-17 10:59:14.474 17730-17931 bt_stack                com.android.bluetooth                V  [VERBOSE1:btm_inq.cc(1019)] BTM_InqDbRead: bd addr 46:e4:cc:21:31:8a
2025-09-17 10:59:14.477  1099-32043 surfaceflinger          surfaceflinger                       E  [frame_perf] perfboost open boost file failed
2025-09-17 10:59:14.478  1689-1837  QMI_FW                  qcrild                               E  qmi_cci_get_ref: ref count increased 2
2025-09-17 10:59:14.479  1689-1757  QMI_FW                  qcrild                               E  qmi_cci_get_ref: ref count increased 2
2025-09-17 10:59:14.480  1099-1157  surfaceflinger          surfaceflinger                       E  [frame_perf] perfboost open boost file failed
2025-09-17 10:59:14.481 23217-23217 BluetoothScannerService com.remoticom.energynodeinset        I  start/onScanResult: 46:E4:CC:21:31:8A - S44 1EF0 LE
2025-09-17 10:59:14.481 23217-23217 BluetoothScannerService com.remoticom.energynodeinset        D  First advertised service UUID=0000fe07-0000-1000-8000-00805f9b34fb
2025-09-17 10:59:14.481 23217-23217 BluetoothScannerService com.remoticom.energynodeinset        D  Unknown device
2025-09-17 10:59:14.481 17730-17931 bt_stack                com.android.bluetooth                V  [VERBOSE1:btm_inq.cc(1019)] BTM_InqDbRead: bd addr 33:af:0d:62:af:1f
2025-09-17 10:59:14.485 23217-23217 BluetoothScannerService com.remoticom.energynodeinset        I  start/onScanResult: 33:AF:0D:62:AF:1F - null
2025-09-17 10:59:14.485 23217-23217 BluetoothScannerService com.remoticom.energynodeinset        D  First advertised service UUID=null
2025-09-17 10:59:14.485 23217-23217 BluetoothScannerService com.remoticom.energynodeinset        D  Unknown device
2025-09-17 10:59:14.493 17730-17931 bt_stack                com.android.bluetooth                V  [VERBOSE1:btm_inq.cc(1019)] BTM_InqDbRead: bd addr f0:d7:8f:4d:80:82
2025-09-17 10:59:14.497  1099-32043 surfaceflinger          surfaceflinger                       E  [frame_perf] perfboost open boost file failed
2025-09-17 10:59:14.497 23217-23217 BluetoothScannerService com.remoticom.energynodeinset        I  start/onScanResult: F0:D7:8F:4D:80:82 - RTM-BMC
2025-09-17 10:59:14.497 23217-23217 BluetoothScannerService com.remoticom.energynodeinset        D  First advertised service UUID=a55d1c55-0088-ffff-0000-000000000000
2025-09-17 10:59:14.498 23217-23217 BluetoothScannerService com.remoticom.energynodeinset        D  Remoticom device:  EnergyNode Inset
2025-09-17 10:59:14.500 23217-23217 BluetoothScannerService com.remoticom.energynodeinset        D  UUID=00000000-0000-0000-0000-f0d78f4d8082
2025-09-17 10:59:14.504 23217-23217 NodeListFragment        com.remoticom.energynodeinset        D  Updating list of nodes
2025-09-17 10:59:14.506 17730-17931 bt_stack                com.android.bluetooth                V  [VERBOSE1:btm_inq.cc(1019)] BTM_InqDbRead: bd addr 6e:73:3e:ad:8a:0e
2025-09-17 10:59:14.513  3143-3143  PhoneInterfaceManager   com.android.phone                    D  [PhoneIntfMgr] getPhoneFromSubId: 1
2025-09-17 10:59:14.514  1099-32043 surfaceflinger          surfaceflinger                       E  [frame_perf] perfboost open boost file failed
2025-09-17 10:59:14.514  1099-1157  surfaceflinger          surfaceflinger                       E  [frame_perf] perfboost open boost file failed
2025-09-17 10:59:14.517  1689-1757  QMI_FW                  qcrild                               E  qmi_cci_get_ref: ref count increased 2
2025-09-17 10:59:14.519  1689-1757  QMI_FW                  qcrild                               E  qmi_cci_get_ref: ref count increased 2
2025-09-17 10:59:14.527 17730-17931 bt_stack                com.android.bluetooth                V  [VERBOSE1:btm_inq.cc(1019)] BTM_InqDbRead: bd addr 1b:84:aa:2a:d0:00
2025-09-17 10:59:14.527 17730-17931 bt_stack                com.android.bluetooth                V  [VERBOSE1:btm_inq.cc(1019)] BTM_InqDbRead: bd addr 6e:c2:a4:65:a6:7f
2025-09-17 10:59:14.531  1099-32043 surfaceflinger          surfaceflinger                       E  [frame_perf] perfboost open boost file failed
2025-09-17 10:59:14.532  3143-3143  MDM-OPMdmListener       com.android.phone                    D  onCellInfoChanged the cellInfo changed phoneId 0
2025-09-17 10:59:14.535 23217-23217 BluetoothScannerService com.remoticom.energynodeinset        I  start/onScanResult: 6E:73:3E:AD:8A:0E - JBL WAVE BEAM-LE
2025-09-17 10:59:14.535 23217-23217 BluetoothScannerService com.remoticom.energynodeinset        D  First advertised service UUID=null
2025-09-17 10:59:14.535 23217-23217 BluetoothScannerService com.remoticom.energynodeinset        D  Unknown device
2025-09-17 10:59:14.536 23217-23217 BluetoothScannerService com.remoticom.energynodeinset        I  start/onScanResult: 1B:84:AA:2A:D0:00 - null
2025-09-17 10:59:14.536 23217-23217 BluetoothScannerService com.remoticom.energynodeinset        D  First advertised service UUID=null
2025-09-17 10:59:14.536 23217-23217 BluetoothScannerService com.remoticom.energynodeinset        D  Unknown device
2025-09-17 10:59:14.537 23217-23217 BluetoothScannerService com.remoticom.energynodeinset        I  start/onScanResult: 6E:C2:A4:65:A6:7F - null
2025-09-17 10:59:14.537 23217-23217 BluetoothScannerService com.remoticom.energynodeinset        D  First advertised service UUID=null
2025-09-17 10:59:14.537 23217-23217 BluetoothScannerService com.remoticom.energynodeinset        D  Unknown device
2025-09-17 10:59:14.538  1099-1156  surfaceflinger          surfaceflinger                       E  [frame_perf] perfboost open boost file failed
2025-09-17 10:59:14.538 17730-17931 bt_stack                com.android.bluetooth                V  [VERBOSE1:btm_inq.cc(1019)] BTM_InqDbRead: bd addr e3:9f:90:87:ae:c6
2025-09-17 10:59:14.545 17730-17931 bt_stack                com.android.bluetooth                V  [VERBOSE1:btm_inq.cc(1019)] BTM_InqDbRead: bd addr 0a:c9:b6:f5:32:97
2025-09-17 10:59:14.552 23217-23217 BluetoothScannerService com.remoticom.energynodeinset        I  start/onScanResult: E3:9F:90:87:AE:C6 - RTM-010
2025-09-17 10:59:14.552 23217-23217 BluetoothScannerService com.remoticom.energynodeinset        D  First advertised service UUID=a55d1c55-004b-ffff-0000-000000000000
2025-09-17 10:59:14.552 23217-23217 BluetoothScannerService com.remoticom.energynodeinset        D  Unknown device
2025-09-17 10:59:14.553 23217-23217 BluetoothScannerService com.remoticom.energynodeinset        I  start/onScanResult: 0A:C9:B6:F5:32:97 - null
2025-09-17 10:59:14.553 23217-23217 BluetoothScannerService com.remoticom.energynodeinset        D  First advertised service UUID=null
2025-09-17 10:59:14.553 23217-23217 BluetoothScannerService com.remoticom.energynodeinset        D  Unknown device
2025-09-17 10:59:14.555  1099-32043 surfaceflinger          surfaceflinger                       E  [frame_perf] perfboost open boost file failed
2025-09-17 10:59:14.555  1099-3321  surfaceflinger          surfaceflinger                       E  [frame_perf] perfboost open boost file failed
2025-09-17 10:59:14.572  1099-32043 surfaceflinger          surfaceflinger                       E  [frame_perf] perfboost open boost file failed
2025-09-17 10:59:14.581  1099-1157  surfaceflinger          surfaceflinger                       E  [frame_perf] perfboost open boost file failed
2025-09-17 10:59:14.585   963-17929 vendor.qti...bs_handler and...are.bluetooth@1.0-service-qti  I  ProcessIbsCmd: Received IBS_SLEEP_IND: 0xFE
2025-09-17 10:59:14.585   963-17929 vendor.qti...bs_handler and...are.bluetooth@1.0-service-qti  D  SerialClockVote: vote for UART CLK OFF
2025-09-17 10:59:14.598  1099-32043 surfaceflinger          surfaceflinger                       E  [frame_perf] perfboost open boost file failed
2025-09-17 10:59:14.636  1099-1157  surfaceflinger          surfaceflinger                       E  [frame_perf] perfboost open boost file failed
2025-09-17 10:59:14.653  1099-32043 surfaceflinger          surfaceflinger                       E  [frame_perf] perfboost open boost file failed
2025-09-17 10:59:14.683  1099-1157  surfaceflinger          surfaceflinger                       E  [frame_perf] perfboost open boost file failed
2025-09-17 10:59:14.700  1099-32043 surfaceflinger          surfaceflinger                       E  [frame_perf] perfboost open boost file failed
2025-09-17 10:59:14.733  1099-1157  surfaceflinger          surfaceflinger                       E  [frame_perf] perfboost open boost file failed
2025-09-17 10:59:14.736   963-17920 vendor.qti...-wake_lock and...are.bluetooth@1.0-service-qti  D  Release wakelock is released 
2025-09-17 10:59:14.750  1099-32043 surfaceflinger          surfaceflinger                       E  [frame_perf] perfboost open boost file failed
