2025-09-15 10:28:39.758   995-2760  StNfcHal                android.hardware.nfc@1.2-service-st  D  (#013BB) Rx 6f 02 0a (hidden)
2025-09-15 10:28:40.051   995-2760  StNfcHal                android.hardware.nfc@1.2-service-st  D  (#013BC) Rx 6f 02 2e (hidden)
2025-09-15 10:28:40.128 29005-29005 ThreadPoolForeg         com.google.android.gms.persistent    W  type=1400 audit(0.0:20432): avc: denied { write } for name="traced_producer" dev="tmpfs" ino=21781 scontext=u:r:gmscore_app:s0:c512,c768 tcontext=u:object_r:traced_producer_socket:s0 tclass=sock_file permissive=0 app=com.google.android.gms
2025-09-15 10:28:40.363   995-2760  StNfcHal                android.hardware.nfc@1.2-service-st  D  (#013BD) Rx 6f 02 0f (hidden)
2025-09-15 10:28:40.500 29005-9438  NearbyMediums           com.google.android.gms.persistent    I  No BLE Fast/GATT advertisements found in the latest cycle.
2025-09-15 10:28:40.501 29005-9438  NearbyMediums           com.google.android.gms.persistent    I  Current Tracked Scanning Clients are : {NearbyConnections.EnvironmentMonitor, NearbySharing}
2025-09-15 10:28:40.624   995-2760  StNfcHal                android.hardware.nfc@1.2-service-st  D  (#013BE) Rx 6f 02 16 (hidden)
2025-09-15 10:28:40.632   995-2760  StNfcHal                android.hardware.nfc@1.2-service-st  D  (#013BF) Rx 6f 02 17 (hidden)
2025-09-15 10:28:40.642   995-2760  StNfcHal                android.hardware.nfc@1.2-service-st  D  (#013C0) Rx 6f 02 19 (hidden)
2025-09-15 10:28:40.677   995-2760  StNfcHal                android.hardware.nfc@1.2-service-st  D  (#013C1) Rx 6f 02 11 (hidden)
2025-09-15 10:28:40.689   995-2760  StNfcHal                android.hardware.nfc@1.2-service-st  D  (#013C2) Rx 6f 02 0a (hidden)
2025-09-15 10:28:40.693  1067-1067  thermal_repeater        thermal                              I  [recvMdThermalInfo] ret=33, strLen=127,  2, 32767, -127, 111, 32767, 4046
2025-09-15 10:28:40.699   995-2760  StNfcHal                android.hardware.nfc@1.2-service-st  D  (#013C3) Rx 6f 02 09 (hidden)
2025-09-15 10:28:40.803  1083-1663  BufferPoolAccessor2.0   media.swcodec                        D  bufferpool2 0xb4000071e5c9d058 : 41(8047 size) total buffers - 0(0 size) used buffers - 240/395 (recycle/alloc) - 174/395 (fetch/transfer)
2025-09-15 10:28:40.807  1083-1663  BufferPoolAccessor2.0   media.swcodec                        D  evictor expired: 1, evicted: 1
2025-09-15 10:28:41.107   995-2760  StNfcHal                android.hardware.nfc@1.2-service-st  D  (#013C4) Rx 6f 02 09 (hidden)
2025-09-15 10:28:41.118   995-2760  StNfcHal                android.hardware.nfc@1.2-service-st  D  (#013C5) Rx 6f 02 0f (hidden)
2025-09-15 10:28:41.127   995-2760  StNfcHal                android.hardware.nfc@1.2-service-st  D  (#013C6) Rx 6f 02 19 (hidden)
2025-09-15 10:28:41.137  1267-6723  haohaov                 system_server                        I  [HMDenterprise broadcastIntentLocked] intent=Intent { act=android.intent.action.SIG_STR (has extras) }
2025-09-15 10:28:41.142  1267-6723  haohaov                 system_server                        I  [HMDenterprise broadcastIntentLocked] intent=Intent { act=android.intent.action.SIG_STR (has extras) }
2025-09-15 10:28:41.160   995-2760  StNfcHal                android.hardware.nfc@1.2-service-st  D  (#013C7) Rx 6f 02 11 (hidden)
2025-09-15 10:28:41.175   995-2760  StNfcHal                android.hardware.nfc@1.2-service-st  D  (#013C8) Rx 6f 02 0a (hidden)
2025-09-15 10:28:41.184   995-2760  StNfcHal                android.hardware.nfc@1.2-service-st  D  (#013C9) Rx 6f 02 09 (hidden)
2025-09-15 10:28:41.214  1267-6723  AlarmManagerService     system_server                        D  inside native alarm timerfd set Alarm Type = 2
2025-09-15 10:28:41.216  1267-6723  AlarmManagerService     system_server                        D  inside native alarm timerfd set Alarm Type = 3
2025-09-15 10:28:41.238  1267-6723  AlarmManagerService     system_server                        D  inside native alarm timerfd set Alarm Type = 2
2025-09-15 10:28:41.239  1267-6723  AlarmManagerService     system_server                        D  inside native alarm timerfd set Alarm Type = 3
2025-09-15 10:28:41.591   995-2760  StNfcHal                android.hardware.nfc@1.2-service-st  D  (#013CA) Rx 6f 02 09 (hidden)
2025-09-15 10:28:41.606   995-2760  StNfcHal                android.hardware.nfc@1.2-service-st  D  (#013CB) Rx 6f 02 0d (hidden)
2025-09-15 10:28:41.615   995-2760  StNfcHal                android.hardware.nfc@1.2-service-st  D  (#013CC) Rx 6f 02 0f (hidden)
2025-09-15 10:28:41.648   995-2760  StNfcHal                android.hardware.nfc@1.2-service-st  D  (#013CD) Rx 6f 02 11 (hidden)
2025-09-15 10:28:41.662   995-2760  StNfcHal                android.hardware.nfc@1.2-service-st  D  (#013CE) Rx 6f 02 0a (hidden)
2025-09-15 10:28:41.671   995-2760  StNfcHal                android.hardware.nfc@1.2-service-st  D  (#013CF) Rx 6f 02 09 (hidden)
2025-09-15 10:28:42.079   995-2760  StNfcHal                android.hardware.nfc@1.2-service-st  D  (#013D0) Rx 6f 02 09 (hidden)
2025-09-15 10:28:42.093   995-2760  StNfcHal                android.hardware.nfc@1.2-service-st  D  (#013D1) Rx 6f 02 0d (hidden)
2025-09-15 10:28:42.102   995-2760  StNfcHal                android.hardware.nfc@1.2-service-st  D  (#013D2) Rx 6f 02 0f (hidden)
2025-09-15 10:28:42.133   995-2760  StNfcHal                android.hardware.nfc@1.2-service-st  D  (#013D3) Rx 6f 02 11 (hidden)
2025-09-15 10:28:42.149   995-2760  StNfcHal                android.hardware.nfc@1.2-service-st  D  (#013D4) Rx 6f 02 0a (hidden)
2025-09-15 10:28:42.157   995-2760  StNfcHal                android.hardware.nfc@1.2-service-st  D  (#013D5) Rx 6f 02 09 (hidden)
2025-09-15 10:28:42.564   995-2760  StNfcHal                android.hardware.nfc@1.2-service-st  D  (#013D6) Rx 6f 02 09 (hidden)
2025-09-15 10:28:42.576   995-2760  StNfcHal                android.hardware.nfc@1.2-service-st  D  (#013D7) Rx 6f 02 0f (hidden)
2025-09-15 10:28:42.586   995-2760  StNfcHal                android.hardware.nfc@1.2-service-st  D  (#013D8) Rx 6f 02 19 (hidden)
2025-09-15 10:28:42.620   995-2760  StNfcHal                android.hardware.nfc@1.2-service-st  D  (#013D9) Rx 6f 02 11 (hidden)
2025-09-15 10:28:42.633   995-2760  StNfcHal                android.hardware.nfc@1.2-service-st  D  (#013DA) Rx 6f 02 0a (hidden)
2025-09-15 10:28:42.644   995-2760  StNfcHal                android.hardware.nfc@1.2-service-st  D  (#013DB) Rx 6f 02 09 (hidden)
2025-09-15 10:28:43.048   995-2760  StNfcHal                android.hardware.nfc@1.2-service-st  D  (#013DC) Rx 6f 02 0a (hidden)
2025-09-15 10:28:43.304 29093-29093 ThreadPoolForeg         com.google.android.gms               W  type=1400 audit(0.0:20433): avc: denied { write } for name="traced_producer" dev="tmpfs" ino=21781 scontext=u:r:gmscore_app:s0:c512,c768 tcontext=u:object_r:traced_producer_socket:s0 tclass=sock_file permissive=0 app=com.google.android.gms
2025-09-15 10:28:43.340   995-2760  StNfcHal                android.hardware.nfc@1.2-service-st  D  (#013DD) Rx 6f 02 2e (hidden)
2025-09-15 10:28:43.652   995-2760  StNfcHal                android.hardware.nfc@1.2-service-st  D  (#013DE) Rx 6f 02 0f (hidden)
2025-09-15 10:28:43.913   995-2760  StNfcHal                android.hardware.nfc@1.2-service-st  D  (#013DF) Rx 6f 02 27 (hidden)
2025-09-15 10:28:44.225   995-2760  StNfcHal                android.hardware.nfc@1.2-service-st  D  (#013E0) Rx 6f 02 0f (hidden)
2025-09-15 10:28:44.485   995-2760  StNfcHal                android.hardware.nfc@1.2-service-st  D  (#013E1) Rx 6f 02 27 (hidden)
2025-09-15 10:28:44.799   995-2760  StNfcHal                android.hardware.nfc@1.2-service-st  D  (#013E2) Rx 6f 02 0f (hidden)
2025-09-15 10:28:45.056   995-2760  StNfcHal                android.hardware.nfc@1.2-service-st  D  (#013E3) Rx 6f 02 27 (hidden)
2025-09-15 10:28:45.452   798-2010  [BT]                    and...luetooth@1.1-service-mediatek  D  mtk_bt_op: BT_VND_OP_LPM_WAKE_SET_STATE
2025-09-15 10:28:45.685   995-2760  StNfcHal                android.hardware.nfc@1.2-service-st  D  (#013E4) Rx 6f 02 0f (hidden)
2025-09-15 10:28:45.945   995-2760  StNfcHal                android.hardware.nfc@1.2-service-st  D  (#013E5) Rx 6f 02 27 (hidden)
2025-09-15 10:28:46.257   995-2760  StNfcHal                android.hardware.nfc@1.2-service-st  D  (#013E6) Rx 6f 02 0f (hidden)
2025-09-15 10:28:46.269  1267-7072  haohaov                 system_server                        I  [HMDenterprise broadcastIntentLocked] intent=Intent { act=android.intent.action.SIG_STR (has extras) }
2025-09-15 10:28:46.280  1267-7072  haohaov                 system_server                        I  [HMDenterprise broadcastIntentLocked] intent=Intent { act=android.intent.action.SIG_STR (has extras) }
2025-09-15 10:28:46.519   995-2760  StNfcHal                android.hardware.nfc@1.2-service-st  D  (#013E7) Rx 6f 02 27 (hidden)
2025-09-15 10:28:46.832   995-2760  StNfcHal                android.hardware.nfc@1.2-service-st  D  (#013E8) Rx 6f 02 0f (hidden)
2025-09-15 10:28:47.092   995-2760  StNfcHal                android.hardware.nfc@1.2-service-st  D  (#013E9) Rx 6f 02 27 (hidden)
2025-09-15 10:28:48.347   995-2760  StNfcHal                android.hardware.nfc@1.2-service-st  D  (#013EA) Rx 6f 02 0f (hidden)
2025-09-15 10:28:48.607   995-2760  StNfcHal                android.hardware.nfc@1.2-service-st  D  (#013EB) Rx 6f 02 27 (hidden)
2025-09-15 10:28:49.737   798-798   mtk.hal.bt@1.1-impl     and...luetooth@1.1-service-mediatek  D  BtHostDebugInfo
2025-09-15 10:28:49.737  1735-2015  bt_stack                com.android.bluetooth                I  [INFO:gatt_attr.cc(345)] gatt_connect_cback: remove untrusted client status, bda=f0:d7:8f:4d:80:82
2025-09-15 10:28:49.737   798-798   [BT]                    and...luetooth@1.1-service-mediatek  D  mtk_bt_op: BT_VND_OP_SET_BTHOST
2025-09-15 10:28:49.737  1735-2015  bluetooth               com.android.bluetooth                I  client_connect_cback: No active GAP service found for peer:xx:xx:xx:xx:80:82 callback:Disconnected
2025-09-15 10:28:49.737  1735-2015  bt_bta_gattc            com.android.bluetooth                I  bta_gattc_conn_cback: Disconnected att_id:3 addr:xx:xx:xx:xx:80:82, transport:BT_TRANSPORT_LE reason:GATT_CONN_TERMINATE_PEER_USER
2025-09-15 10:28:49.738  1735-2015  bt_bta_gattc            com.android.bluetooth                I  bta_gattc_conn_cback: Disconnected att_id:4 addr:xx:xx:xx:xx:80:82, transport:BT_TRANSPORT_LE reason:GATT_CONN_TERMINATE_PEER_USER
2025-09-15 10:28:49.738  1735-2015  bt_bta_gattc            com.android.bluetooth                I  bta_gattc_conn_cback: Disconnected att_id:5 addr:xx:xx:xx:xx:80:82, transport:BT_TRANSPORT_LE reason:GATT_CONN_TERMINATE_PEER_USER
2025-09-15 10:28:49.738  1735-2015  bt_bta_gattc            com.android.bluetooth                I  bta_gattc_conn_cback: Disconnected att_id:6 addr:xx:xx:xx:xx:80:82, transport:BT_TRANSPORT_LE reason:GATT_CONN_TERMINATE_PEER_USER
2025-09-15 10:28:49.738  1735-2015  bt_bta_gattc            com.android.bluetooth                I  bta_gattc_conn_cback: Disconnected att_id:7 addr:xx:xx:xx:xx:80:82, transport:BT_TRANSPORT_LE reason:GATT_CONN_TERMINATE_PEER_USER
2025-09-15 10:28:49.738  1735-2015  bt_bta_gattc            com.android.bluetooth                I  bta_gattc_conn_cback: Disconnected att_id:8 addr:xx:xx:xx:xx:80:82, transport:BT_TRANSPORT_LE reason:GATT_CONN_TERMINATE_PEER_USER
2025-09-15 10:28:49.738  1735-2015  bt_bta_gattc            com.android.bluetooth                I  bta_gattc_conn_cback: Disconnected att_id:9 addr:xx:xx:xx:xx:80:82, transport:BT_TRANSPORT_LE reason:GATT_CONN_TERMINATE_PEER_USER
2025-09-15 10:28:49.738  1735-2015  bt_bta_gattc            com.android.bluetooth                I  bta_gattc_conn_cback: Disconnected att_id:10 addr:xx:xx:xx:xx:80:82, transport:BT_TRANSPORT_LE reason:GATT_CONN_TERMINATE_PEER_USER
2025-09-15 10:28:49.738  1735-2015  bt_bta_gattc            com.android.bluetooth                I  bta_gattc_conn_cback: Disconnected att_id:11 addr:xx:xx:xx:xx:80:82, transport:BT_TRANSPORT_LE reason:GATT_CONN_TERMINATE_PEER_USER
2025-09-15 10:28:49.738  1735-2015  bt_bta_gattc            com.android.bluetooth                I  bta_gattc_conn_cback: Disconnected att_id:12 addr:xx:xx:xx:xx:80:82, transport:BT_TRANSPORT_LE reason:GATT_CONN_TERMINATE_PEER_USER
2025-09-15 10:28:49.738  1735-2015  btm_acl                 com.android.bluetooth                I  NotifyAclLinkDown: ACL Link Down
2025-09-15 10:28:49.739  1735-2015  bta_gattc_main          com.android.bluetooth                E  bta_gattc_hdl_event: Ignore unknown conn ID: 3
2025-09-15 10:28:49.739  1735-2015  bta_gattc_main          com.android.bluetooth                E  bta_gattc_hdl_event: Ignore unknown conn ID: 4
2025-09-15 10:28:49.739  1735-2015  bta_gattc_main          com.android.bluetooth                E  bta_gattc_hdl_event: Ignore unknown conn ID: 5
2025-09-15 10:28:49.739  1735-2015  bta_gattc_main          com.android.bluetooth                E  bta_gattc_hdl_event: Ignore unknown conn ID: 6
2025-09-15 10:28:49.739  1735-2015  bta_gattc_main          com.android.bluetooth                E  bta_gattc_hdl_event: Ignore unknown conn ID: 7
2025-09-15 10:28:49.739   798-798   mtk.hal.bt@1.1-impl     and...luetooth@1.1-service-mediatek  D  BtHostDebugInfo
2025-09-15 10:28:49.739  1735-2015  bta_gattc_main          com.android.bluetooth                E  bta_gattc_hdl_event: Ignore unknown conn ID: 8
2025-09-15 10:28:49.739   798-798   [BT]                    and...luetooth@1.1-service-mediatek  D  mtk_bt_op: BT_VND_OP_SET_BTHOST
2025-09-15 10:28:49.740  1735-2015  bta_gattc_main          com.android.bluetooth                E  bta_gattc_hdl_event: Ignore unknown conn ID: 9
2025-09-15 10:28:49.740  1735-2015  bta_gattc_main          com.android.bluetooth                E  bta_gattc_hdl_event: Ignore unknown conn ID: 10
2025-09-15 10:28:49.740  1735-2015  bta_gattc_main          com.android.bluetooth                E  bta_gattc_hdl_event: Ignore unknown conn ID: 11
2025-09-15 10:28:49.740  1735-2015  bt_bta_dm               com.android.bluetooth                I  bta_dm_acl_down: bta_dm_acl_down
2025-09-15 10:28:49.740  1735-2015  btif_av                 com.android.bluetooth                I  btif_av_get_peer_sep: No active sink or source peer found
2025-09-15 10:28:49.740  1735-2015  bt_btif_a2dp_source     com.android.bluetooth                I  btif_a2dp_source_on_idle: btif_a2dp_source_on_idle: state=STATE_OFF
2025-09-15 10:28:49.740  1735-2015  btif_av                 com.android.bluetooth                I  btif_av_get_peer_sep: No active sink or source peer found
2025-09-15 10:28:49.740  1735-2015  bt_btif_a2dp_source     com.android.bluetooth                I  btif_a2dp_source_on_idle: btif_a2dp_source_on_idle: state=STATE_OFF
2025-09-15 10:28:49.741  1735-1940  BtGatt.GattService      com.android.bluetooth                D  onDisconnected() - removing permit for address=F0:D7:8F:4D:80:82
2025-09-15 10:28:49.742  8951-9044  BluetoothGatt           com.remoticom.energynodeinset        D  onClientConnectionState() - status=0 clientIf=12 device=F0:D7:8F:4D:80:82
2025-09-15 10:28:49.743  8951-9044  DiscoverSe...sOperation com.remoticom.energynodeinset        V  onConnectionStateChange called
2025-09-15 10:28:49.743  1735-1940  BluetoothDatabase       com.android.bluetooth                V  getProfileConnectionPolicy: device XX:XX:XX:4D:80:82 profile=A2DP, connectionPolicy=-1
2025-09-15 10:28:49.744  8951-9044  BluetoothGatt           com.remoticom.energynodeinset        D  close()
2025-09-15 10:28:49.744  8951-9044  BluetoothGatt           com.remoticom.energynodeinset        D  unregisterApp() - mClientIf=12
2025-09-15 10:28:49.744  1735-1940  BluetoothDatabase       com.android.bluetooth                V  getProfileConnectionPolicy: device XX:XX:XX:4D:80:82 profile=HEADSET, connectionPolicy=-1
2025-09-15 10:28:49.745  1735-2027  BASM_Disconnected       com.android.bluetooth                W  DISCONNECT ignored: xx:xx:xx:xx:80:82
2025-09-15 10:28:49.745  1735-1940  BluetoothDatabase       com.android.bluetooth                V  getProfileConnectionPolicy: device XX:XX:XX:4D:80:82 profile=HID_HOST, connectionPolicy=-1
2025-09-15 10:28:49.745  1735-1940  BluetoothDatabase       com.android.bluetooth                V  getProfileConnectionPolicy: device XX:XX:XX:4D:80:82 profile=PAN, connectionPolicy=-1
2025-09-15 10:28:49.746  1735-1940  BluetoothDatabase       com.android.bluetooth                V  getProfileConnectionPolicy: device XX:XX:XX:4D:80:82 profile=HEARING_AID, connectionPolicy=-1
2025-09-15 10:28:49.747  1735-1940  BluetoothDatabase       com.android.bluetooth                V  getProfileConnectionPolicy: device XX:XX:XX:4D:80:82 profile=BATTERY, connectionPolicy=-1
2025-09-15 10:28:49.751  8951-9044  GattConnectionService   com.remoticom.energynodeinset        D  state = Disconnected, error = null
2025-09-15 10:28:49.754  8951-9044  GattConnectionService   com.remoticom.energynodeinset        D  Service state updated with ServiceState(device=DeviceImpl(uuid=00000000-0000-0000-0000-f0d78f4d8082, device=F0:D7:8F:4D:80:82, type=Bdc, serviceUuids=[a55d1c55-0088-ffff-0000-000000000000], health=null, state=null), characteristics=null, isConnecting=true, connectionStatus=Disconnected, lastGattError=null)
2025-09-15 10:28:49.759  1267-7072  haohaov                 system_server                        I  [HMDenterprise broadcastIntentLocked] intent=Intent { act=android.bluetooth.device.action.ACL_DISCONNECTED flg=0x5000000 (has extras) }
2025-09-15 10:28:49.766  1735-1940  BluetoothRemoteDevices  com.android.bluetooth                E  RemoteException in calling IBluetoothConnectionCallback
2025-09-15 10:28:49.768  1735-1940  BluetoothRemoteDevices  com.android.bluetooth                E  RemoteException in calling IBluetoothConnectionCallback
2025-09-15 10:28:49.769  8951-8951  NodeListFragment        com.remoticom.energynodeinset        D  Updating list of nodes
2025-09-15 10:28:49.771  1735-2015  bt_stack                com.android.bluetooth                I  [INFO:gatt_api.cc(1045)] GATT_Deregister gatt_if=12
2025-09-15 10:28:49.772  1601-1711  BluetoothEventManager   com.android.systemui                 W  AclStateChangedHandler: activeDevice is null
2025-09-15 10:28:49.772  8951-8951  DiscoverSe...sOperation com.remoticom.energynodeinset        D  FINISHED
2025-09-15 10:28:49.774  8951-8951  GattConnectionService   com.remoticom.energynodeinset        D  Delay next connect attempt for 100 msec
2025-09-15 10:28:49.796   823-823   BufferQueueProducer     surfaceflinger                       I  [com.remoticom.energynodeinset/com.remoticom.streetlighting.MainActivity#1442](this:0xb400007c3ee4ce70,id:-1,api:0,p:-1,c:823) queueBuffer: fps=0.71 dur=15505.37 max=15288.43 min=15.62
2025-09-15 10:28:49.803   823-823   HWC2                    surfaceflinger                       W  Can't query capability SkipColorTransform. Display Capabilities were not queried from HWC yet
2025-09-15 10:28:49.808   823-823   BufferQueueProducer     surfaceflinger                       I  [VDS-studio.screen.sharing:0 SCRATCH](this:0xb400007bfede8da8,id:-1,api:1,p:823,c:823) queueBuffer: fps=0.65 dur=15492.98 max=15289.27 min=15.63
2025-09-15 10:28:49.809   804-911   hwcomposer              and...graphics.composer@2.1-service  I  [HWCDisplay] [Display_2 (type:2)] fps:0.645431,dur:15493.52,max:15289.44,min:15.62  
2025-09-15 10:28:49.811   804-9398  [GrallocExtra-ERROR]    and...graphics.composer@2.1-service  E  gralloc_extra_query:105 gralloc_extra_query with NULL handle: 0x0
2025-09-15 10:28:49.813   823-823   BufferQueueProducer     surfaceflinger                       I  [VDS-studio.screen.sharing:0 SINK](this:0xb400007bfede8d18,id:-1,api:1,p:823,c:823) queueBuffer: fps=0.65 dur=15494.92 max=15289.65 min=15.77
2025-09-15 10:28:49.819   823-823   BufferQueueProducer     surfaceflinger                       I  [FramebufferSurface](this:0xb400007beece7af0,id:-1,api:1,p:823,c:823) queueBuffer: fps=0.65 dur=15496.71 max=15288.61 min=16.19
2025-09-15 10:28:49.821   804-911   hwcomposer              and...graphics.composer@2.1-service  I  [HWCDisplay] [Display_0 (type:1)] fps:0.645288,dur:15496.96,max:15289.07,min:15.83  
2025-09-15 10:28:49.825   823-823   SurfaceFlinger          surfaceflinger                       I  operator()(), mtkRenderCntDebug 11642, screenshot (com.remoticom.energynodeinset/com.remoticom.streetlighting.MainActivity#1442)
2025-09-15 10:28:49.829  1267-7072  AlarmManagerService     system_server                        D  inside native alarm timerfd set Alarm Type = 2
2025-09-15 10:28:49.830  1267-7072  AlarmManagerService     system_server                        D  inside native alarm timerfd set Alarm Type = 3
2025-09-15 10:28:49.833  1083-9396  BufferPoolAccessor2.0   media.swcodec                        D  bufferpool2 0xb4000071e5c9d058 : 1(104 size) total buffers - 1(104 size) used buffers - 240/396 (recycle/alloc) - 174/395 (fetch/transfer)
2025-09-15 10:28:49.846  1267-10052 AlarmManagerService     system_server                        D  inside native alarm timerfd set Alarm Type = 2
2025-09-15 10:28:49.846  1267-10052 AlarmManagerService     system_server                        D  inside native alarm timerfd set Alarm Type = 3
2025-09-15 10:28:49.852 29005-9452  Nearby                  com.google.android.gms.persistent    I  (REDACTED) is blocked device type %s, isAuto=%s, isIot=%s, isLatchsky=%s, isChinaWearable=%s, isTv=%s, isWearable=%s (supportWearOs=%s), isChromeOsDevice=%s (supportChromeOs=%s)
2025-09-15 10:28:49.861 29005-29005 NearbyDiscovery         com.google.android.gms.persistent    I  (REDACTED) DiscoveryService onStartCommand action: %s
2025-09-15 10:28:49.863 29005-29005 NearbyDiscovery         com.google.android.gms.persistent    I  (REDACTED) onAclChange: state=%s, %s
2025-09-15 10:28:49.865  1267-7072  haohaov                 system_server                        I  [HMDenterprise broadcastIntentLocked] intent=Intent { act=com.google.android.gms.nearby.ACTION_FAST_PAIR_DISCONNECTED pkg=com.google.android.gms (has extras) }
2025-09-15 10:28:49.878  8951-8951  GattConnectionService   com.remoticom.energynodeinset        D  Connect attempt #2
2025-09-15 10:28:49.878  8951-8951  GattConnectionService   com.remoticom.energynodeinset        D  Service state updated with ServiceState(device=DeviceImpl(uuid=00000000-0000-0000-0000-f0d78f4d8082, device=F0:D7:8F:4D:80:82, type=Bdc, serviceUuids=[a55d1c55-0088-ffff-0000-000000000000], health=null, state=null), characteristics=null, isConnecting=true, connectionStatus=Connecting, lastGattError=null)
2025-09-15 10:28:49.879  8951-8951  ConnectGattOperation    com.remoticom.energynodeinset        D  STARTED
2025-09-15 10:28:49.879  8951-8951  ConnectGattOperation    com.remoticom.energynodeinset        V  connectGatt initiated
2025-09-15 10:28:49.881  8951-8951  BluetoothGatt           com.remoticom.energynodeinset        D  connect() - device: F0:D7:8F:4D:80:82, auto: false
2025-09-15 10:28:49.881  8951-8951  BluetoothGatt           com.remoticom.energynodeinset        D  registerApp()
2025-09-15 10:28:49.882  8951-8951  BluetoothGatt           com.remoticom.energynodeinset        D  registerApp() - UUID=50264892-ce14-4ade-803e-5e9c92eb25f1
2025-09-15 10:28:49.885  1735-2015  bluetooth               com.android.bluetooth                I  GATT_Register: Allocated name:GattClient uuid:803d9b3a-d321-d01c-f82c-569ecd501626 gatt_if:12 eatt_support:0
2025-09-15 10:28:49.887  8951-9044  BluetoothGatt           com.remoticom.energynodeinset        D  onClientRegistered() - status=0 clientIf=12
2025-09-15 10:28:49.890  8951-8951  NodeListFragment        com.remoticom.energynodeinset        D  Updating list of nodes
2025-09-15 10:28:49.890  1735-1940  bt_btif_gattc           com.android.bluetooth                I  btif_gattc_open_impl: Transport=2, device type=2, address type =0, phy=1
2025-09-15 10:28:49.891  1735-2015  bt_stack                com.android.bluetooth                I  [INFO:gatt_api.cc(1169)] GATT_Connectgatt_if=12, address=xx:xx:xx:xx:80:82, is_direct 1
2025-09-15 10:28:49.891  1735-2015  bt_stack                com.android.bluetooth                I  [INFO:gatt_attr.cc(885)] gatt_sr_init_cl_status: bda=f0:d7:8f:4d:80:82, cl_supp_feat=0000, aware=1
2025-09-15 10:28:49.891  1735-2015  bluetooth               com.android.bluetooth                I  gatt_update_app_use_link_flag: check_acl_link is false, no need to check
2025-09-15 10:28:49.892   798-798   [BT]                    and...luetooth@1.1-service-mediatek  D  mtk_bt_op: BT_VND_OP_LPM_WAKE_SET_STATE
2025-09-15 10:28:49.930   823-823   HWC2                    surfaceflinger                       W  Can't query capability SkipColorTransform. Display Capabilities were not queried from HWC yet
2025-09-15 10:28:49.934   804-9398  [GrallocExtra-ERROR]    and...graphics.composer@2.1-service  E  gralloc_extra_query:105 gralloc_extra_query with NULL handle: 0x0
2025-09-15 10:28:49.945   823-823   SurfaceFlinger          surfaceflinger                       I  operator()(), mtkRenderCntDebug 11643, screenshot (com.remoticom.energynodeinset/com.remoticom.streetlighting.MainActivity#1442)
2025-09-15 10:28:50.172   995-2760  StNfcHal                android.hardware.nfc@1.2-service-st  D  (#013EC) Rx 6f 02 0f (hidden)
2025-09-15 10:28:50.432   995-2760  StNfcHal                android.hardware.nfc@1.2-service-st  D  (#013ED) Rx 6f 02 27 (hidden)
2025-09-15 10:28:50.441  1735-2015  bluetooth               com.android.bluetooth                I  on_connection_complete: Le connection completed to device:f0:d7:8f:4d:80:82
2025-09-15 10:28:50.441  1735-2015  bt_btm_ble              com.android.bluetooth                I  btm_ble_connected: Updating device record timestamp for existing ble connection
2025-09-15 10:28:50.443   798-798   mtk.hal.bt@1.1-impl     and...luetooth@1.1-service-mediatek  D  BtHostDebugInfo
2025-09-15 10:28:50.443   798-798   [BT]                    and...luetooth@1.1-service-mediatek  D  mtk_bt_op: BT_VND_OP_SET_BTHOST
2025-09-15 10:28:50.504 29005-9438  NearbyMediums           com.google.android.gms.persistent    I  No BLE Fast/GATT advertisements found in the latest cycle.
2025-09-15 10:28:50.506 29005-9438  NearbyMediums           com.google.android.gms.persistent    I  Current Tracked Scanning Clients are : {NearbyConnections.EnvironmentMonitor, NearbySharing}
2025-09-15 10:28:50.716  1067-1067  thermal_repeater        thermal                              I  [recvMdThermalInfo] ret=33, strLen=127,  2, 32767, -127, 111, 32767, 4046
2025-09-15 10:28:50.744  1735-2015  bt_stack                com.android.bluetooth                I  [INFO:gatt_attr.cc(345)] gatt_connect_cback: remove untrusted client status, bda=f0:d7:8f:4d:80:82
2025-09-15 10:28:50.744   798-798   mtk.hal.bt@1.1-impl     and...luetooth@1.1-service-mediatek  D  BtHostDebugInfo
2025-09-15 10:28:50.744   798-798   [BT]                    and...luetooth@1.1-service-mediatek  D  mtk_bt_op: BT_VND_OP_SET_BTHOST
2025-09-15 10:28:50.744  1735-2015  bluetooth               com.android.bluetooth                I  client_connect_cback: No active GAP service found for peer:xx:xx:xx:xx:80:82 callback:Disconnected
2025-09-15 10:28:50.744  1735-2015  bt_bta_gattc            com.android.bluetooth                I  bta_gattc_conn_cback: Disconnected att_id:3 addr:xx:xx:xx:xx:80:82, transport:BT_TRANSPORT_LE reason:GATT_CONN_FAILED_ESTABLISHMENT
2025-09-15 10:28:50.744  1735-2015  bt_bta_gattc            com.android.bluetooth                I  bta_gattc_conn_cback: Disconnected att_id:4 addr:xx:xx:xx:xx:80:82, transport:BT_TRANSPORT_LE reason:GATT_CONN_FAILED_ESTABLISHMENT
2025-09-15 10:28:50.745  1735-2015  bt_bta_gattc            com.android.bluetooth                I  bta_gattc_conn_cback: Disconnected att_id:5 addr:xx:xx:xx:xx:80:82, transport:BT_TRANSPORT_LE reason:GATT_CONN_FAILED_ESTABLISHMENT
2025-09-15 10:28:50.745  1735-2015  bt_bta_gattc            com.android.bluetooth                I  bta_gattc_conn_cback: Disconnected att_id:6 addr:xx:xx:xx:xx:80:82, transport:BT_TRANSPORT_LE reason:GATT_CONN_FAILED_ESTABLISHMENT
2025-09-15 10:28:50.745  1735-2015  bt_bta_gattc            com.android.bluetooth                I  bta_gattc_conn_cback: Disconnected att_id:7 addr:xx:xx:xx:xx:80:82, transport:BT_TRANSPORT_LE reason:GATT_CONN_FAILED_ESTABLISHMENT
2025-09-15 10:28:50.745  1735-2015  bt_bta_gattc            com.android.bluetooth                I  bta_gattc_conn_cback: Disconnected att_id:8 addr:xx:xx:xx:xx:80:82, transport:BT_TRANSPORT_LE reason:GATT_CONN_FAILED_ESTABLISHMENT
2025-09-15 10:28:50.745  1735-2015  bt_bta_gattc            com.android.bluetooth                I  bta_gattc_conn_cback: Disconnected att_id:9 addr:xx:xx:xx:xx:80:82, transport:BT_TRANSPORT_LE reason:GATT_CONN_FAILED_ESTABLISHMENT
2025-09-15 10:28:50.745  1735-2015  bt_bta_gattc            com.android.bluetooth                I  bta_gattc_conn_cback: Disconnected att_id:10 addr:xx:xx:xx:xx:80:82, transport:BT_TRANSPORT_LE reason:GATT_CONN_FAILED_ESTABLISHMENT
2025-09-15 10:28:50.745  1735-2015  bt_bta_gattc            com.android.bluetooth                I  bta_gattc_conn_cback: Disconnected att_id:11 addr:xx:xx:xx:xx:80:82, transport:BT_TRANSPORT_LE reason:GATT_CONN_FAILED_ESTABLISHMENT
2025-09-15 10:28:50.745  1735-2015  bt_bta_gattc            com.android.bluetooth                I  bta_gattc_conn_cback: Disconnected att_id:12 addr:xx:xx:xx:xx:80:82, transport:BT_TRANSPORT_LE reason:GATT_CONN_FAILED_ESTABLISHMENT
2025-09-15 10:28:50.746  1735-2015  btm_acl                 com.android.bluetooth                I  NotifyAclLinkDown: ACL Link Down
2025-09-15 10:28:50.746  1735-2015  bt_btm_sec              com.android.bluetooth                W  btm_sec_disconnected: Got uncommon disconnection reason:Connection Failed Establishment handle:0x0200 comment:stack::acl::btm_acl::btm_acl_disconnected
2025-09-15 10:28:50.746  1735-2015  bta_gattc_main          com.android.bluetooth                E  bta_gattc_hdl_event: Ignore unknown conn ID: 3
2025-09-15 10:28:50.746  1735-2015  bta_gattc_main          com.android.bluetooth                E  bta_gattc_hdl_event: Ignore unknown conn ID: 4
2025-09-15 10:28:50.747  1735-2015  bta_gattc_main          com.android.bluetooth                E  bta_gattc_hdl_event: Ignore unknown conn ID: 5
2025-09-15 10:28:50.747  1735-2015  bta_gattc_main          com.android.bluetooth                E  bta_gattc_hdl_event: Ignore unknown conn ID: 6
2025-09-15 10:28:50.747  1735-2015  bta_gattc_main          com.android.bluetooth                E  bta_gattc_hdl_event: Ignore unknown conn ID: 7
2025-09-15 10:28:50.747  1735-2015  bta_gattc_main          com.android.bluetooth                E  bta_gattc_hdl_event: Ignore unknown conn ID: 8
2025-09-15 10:28:50.747  1735-2015  bta_gattc_main          com.android.bluetooth                E  bta_gattc_hdl_event: Ignore unknown conn ID: 9
2025-09-15 10:28:50.747   798-798   mtk.hal.bt@1.1-impl     and...luetooth@1.1-service-mediatek  D  BtHostDebugInfo
2025-09-15 10:28:50.747  1735-2015  bta_gattc_main          com.android.bluetooth                E  bta_gattc_hdl_event: Ignore unknown conn ID: 10
2025-09-15 10:28:50.747   798-798   [BT]                    and...luetooth@1.1-service-mediatek  D  mtk_bt_op: BT_VND_OP_SET_BTHOST
2025-09-15 10:28:50.747  1735-2015  bta_gattc_main          com.android.bluetooth                E  bta_gattc_hdl_event: Ignore unknown conn ID: 11
2025-09-15 10:28:50.747  1735-2015  bt_stack                com.android.bluetooth                W  [WARNING:bta_gattc_act.cc(372)] bta_gattc_open_fail: Cannot establish Connection. conn_id=000000. Return GATT_ERROR(133)
2025-09-15 10:28:50.749  8951-9044  BluetoothGatt           com.remoticom.energynodeinset        D  onClientConnectionState() - status=133 clientIf=12 device=F0:D7:8F:4D:80:82
2025-09-15 10:28:50.749  8951-9044  ConnectGattOperation    com.remoticom.energynodeinset        V  onConnectionStateChange called
2025-09-15 10:28:50.749  8951-9044  ConnectGattOperation    com.remoticom.energynodeinset        E  status=(133) GATT_ERROR
2025-09-15 10:28:50.750  8951-9044  GattConnectionService   com.remoticom.energynodeinset        D  state = Disconnected, error = GattError ((133) GATT_ERROR)
2025-09-15 10:28:50.750  8951-9044  GattConnectionService   com.remoticom.energynodeinset        D  Service state updated with ServiceState(device=DeviceImpl(uuid=00000000-0000-0000-0000-f0d78f4d8082, device=F0:D7:8F:4D:80:82, type=Bdc, serviceUuids=[a55d1c55-0088-ffff-0000-000000000000], health=null, state=null), characteristics=null, isConnecting=true, connectionStatus=Disconnected, lastGattError=GattError ((133) GATT_ERROR))
2025-09-15 10:28:50.754  8951-8951  NodeListFragment        com.remoticom.energynodeinset        D  Updating list of nodes
2025-09-15 10:28:50.755  8951-8951  ConnectGattOperation    com.remoticom.energynodeinset        D  FINISHED
2025-09-15 10:28:50.755  8951-8951  GattConnectionService   com.remoticom.energynodeinset        D  Service state updated with ServiceState(device=DeviceImpl(uuid=00000000-0000-0000-0000-f0d78f4d8082, device=F0:D7:8F:4D:80:82, type=Bdc, serviceUuids=[a55d1c55-0088-ffff-0000-000000000000], health=null, state=null), characteristics=null, isConnecting=true, connectionStatus=Disconnected, lastGattError=GattError ((133) GATT_ERROR))
2025-09-15 10:28:50.755  8951-8951  GattConnectionService   com.remoticom.energynodeinset        D  Delay next connect attempt for 200 msec
2025-09-15 10:28:50.759  8951-8951  NodeListFragment        com.remoticom.energynodeinset        D  Updating list of nodes
2025-09-15 10:28:50.788   823-823   HWC2                    surfaceflinger                       W  Can't query capability SkipColorTransform. Display Capabilities were not queried from HWC yet
2025-09-15 10:28:50.798   804-9398  [GrallocExtra-ERROR]    and...graphics.composer@2.1-service  E  gralloc_extra_query:105 gralloc_extra_query with NULL handle: 0x0
2025-09-15 10:28:50.817   823-823   SurfaceFlinger          surfaceflinger                       I  operator()(), mtkRenderCntDebug 11644, screenshot (com.remoticom.energynodeinset/com.remoticom.streetlighting.MainActivity#1442)
2025-09-15 10:28:50.957  8951-8951  GattConnectionService   com.remoticom.energynodeinset        D  Connect attempt #3
2025-09-15 10:28:50.957  8951-8951  GattConnectionService   com.remoticom.energynodeinset        D  Service state updated with ServiceState(device=DeviceImpl(uuid=00000000-0000-0000-0000-f0d78f4d8082, device=F0:D7:8F:4D:80:82, type=Bdc, serviceUuids=[a55d1c55-0088-ffff-0000-000000000000], health=null, state=null), characteristics=null, isConnecting=true, connectionStatus=Connecting, lastGattError=GattError ((133) GATT_ERROR))
2025-09-15 10:28:50.958  8951-8951  ConnectGattOperation    com.remoticom.energynodeinset        D  STARTED
2025-09-15 10:28:50.958  8951-8951  ConnectGattOperation    com.remoticom.energynodeinset        V  connectGatt initiated
2025-09-15 10:28:50.959  8951-8951  BluetoothGatt           com.remoticom.energynodeinset        D  connect() - device: F0:D7:8F:4D:80:82, auto: false
2025-09-15 10:28:50.959  8951-8951  BluetoothGatt           com.remoticom.energynodeinset        D  registerApp()
2025-09-15 10:28:50.959  8951-8951  BluetoothGatt           com.remoticom.energynodeinset        D  registerApp() - UUID=402437e1-34aa-4d84-a066-8be01a26e4fd
2025-09-15 10:28:50.961  1735-2015  bluetooth               com.android.bluetooth                I  GATT_Register: Allocated name:GattClient uuid:87aa141e-345a-ceb8-5950-b7fe595df6b5 gatt_if:13 eatt_support:0
2025-09-15 10:28:50.963  8951-8966  BluetoothGatt           com.remoticom.energynodeinset        D  onClientRegistered() - status=0 clientIf=13
2025-09-15 10:28:50.967  1735-1940  bt_btif_gattc           com.android.bluetooth                I  btif_gattc_open_impl: Transport=2, device type=2, address type =0, phy=1
2025-09-15 10:28:50.967  8951-8951  NodeListFragment        com.remoticom.energynodeinset        D  Updating list of nodes
2025-09-15 10:28:50.967  1735-2015  bt_stack                com.android.bluetooth                I  [INFO:gatt_api.cc(1169)] GATT_Connectgatt_if=13, address=xx:xx:xx:xx:80:82, is_direct 1
2025-09-15 10:28:50.968  1735-2015  bt_stack                com.android.bluetooth                I  [INFO:gatt_attr.cc(885)] gatt_sr_init_cl_status: bda=f0:d7:8f:4d:80:82, cl_supp_feat=0000, aware=1
2025-09-15 10:28:50.968  1735-2015  bluetooth               com.android.bluetooth                I  gatt_update_app_use_link_flag: check_acl_link is false, no need to check
2025-09-15 10:28:50.994   823-823   BufferQueueProducer     surfaceflinger                       I  [com.remoticom.energynodeinset/com.remoticom.streetlighting.MainActivity#1442](this:0xb400007c3ee4ce70,id:-1,api:0,p:-1,c:823) queueBuffer: fps=2.51 dur=1197.27 max=852.26 min=129.66
2025-09-15 10:28:51.003   823-823   HWC2                    surfaceflinger                       W  Can't query capability SkipColorTransform. Display Capabilities were not queried from HWC yet
2025-09-15 10:28:51.011   823-823   BufferQueueProducer     surfaceflinger                       I  [VDS-studio.screen.sharing:0 SCRATCH](this:0xb400007bfede8da8,id:-1,api:1,p:823,c:823) queueBuffer: fps=2.49 dur=1203.15 max=861.65 min=125.59
2025-09-15 10:28:51.013   804-911   hwcomposer              and...graphics.composer@2.1-service  I  [HWCDisplay] [Display_2 (type:2)] fps:2.491966,dur:1203.87,max:862.49,min:124.89  
2025-09-15 10:28:51.015   804-9398  [GrallocExtra-ERROR]    and...graphics.composer@2.1-service  E  gralloc_extra_query:105 gralloc_extra_query with NULL handle: 0x0
2025-09-15 10:28:51.017   823-823   BufferQueueProducer     surfaceflinger                       I  [VDS-studio.screen.sharing:0 SINK](this:0xb400007bfede8d18,id:-1,api:1,p:823,c:823) queueBuffer: fps=2.49 dur=1204.05 max=863.20 min=123.98
2025-09-15 10:28:51.026   823-823   BufferQueueProducer     surfaceflinger                       I  [FramebufferSurface](this:0xb400007beece7af0,id:-1,api:1,p:823,c:823) queueBuffer: fps=2.49 dur=1206.07 max=868.51 min=122.25
2025-09-15 10:28:51.027   804-911   hwcomposer              and...graphics.composer@2.1-service  I  [HWCDisplay] [Display_0 (type:1)] fps:2.487494,dur:1206.03,max:868.61,min:121.66  
2025-09-15 10:28:51.031   823-823   SurfaceFlinger          surfaceflinger                       I  operator()(), mtkRenderCntDebug 11645, screenshot (com.remoticom.energynodeinset/com.remoticom.streetlighting.MainActivity#1442)
2025-09-15 10:28:51.069  1735-2015  bluetooth               com.android.bluetooth                I  on_connection_complete: Le connection completed to device:f0:d7:8f:4d:80:82
2025-09-15 10:28:51.070  1735-2015  bt_btm_ble              com.android.bluetooth                I  btm_ble_connected: Updating device record timestamp for existing ble connection
2025-09-15 10:28:51.070   798-798   mtk.hal.bt@1.1-impl     and...luetooth@1.1-service-mediatek  D  BtHostDebugInfo
2025-09-15 10:28:51.071   798-798   [BT]                    and...luetooth@1.1-service-mediatek  D  mtk_bt_op: BT_VND_OP_SET_BTHOST
2025-09-15 10:28:51.231  1735-2015  bt_btu_hcif             com.android.bluetooth                E  btu_hcif_log_event_metrics: Unexpectedly received event_code:0x0c that should not be handled here
2025-09-15 10:28:51.232  1735-2015  btm_acl                 com.android.bluetooth                I  NotifyAclLinkUp: ACL Link up
2025-09-15 10:28:51.232  1735-2015  bluetooth               com.android.bluetooth                I  client_connect_cback: No active GAP service found for peer:xx:xx:xx:xx:80:82 callback:Connected
2025-09-15 10:28:51.232  1735-2015  bt_bta_gattc            com.android.bluetooth                I  bta_gattc_conn_cback: Connected client_if:3 addr:xx:xx:xx:xx:80:82, transport:BT_TRANSPORT_LE reason:GATT_CONN_OK
2025-09-15 10:28:51.232  1735-2015  bt_bta_gattc            com.android.bluetooth                I  bta_gattc_conn_cback: Connected client_if:4 addr:xx:xx:xx:xx:80:82, transport:BT_TRANSPORT_LE reason:GATT_CONN_OK
2025-09-15 10:28:51.232  1735-2015  bt_bta_gattc            com.android.bluetooth                I  bta_gattc_conn_cback: Connected client_if:5 addr:xx:xx:xx:xx:80:82, transport:BT_TRANSPORT_LE reason:GATT_CONN_OK
2025-09-15 10:28:51.232  1735-2015  bt_bta_gattc            com.android.bluetooth                I  bta_gattc_conn_cback: Connected client_if:6 addr:xx:xx:xx:xx:80:82, transport:BT_TRANSPORT_LE reason:GATT_CONN_OK
2025-09-15 10:28:51.232  1735-2015  bt_bta_gattc            com.android.bluetooth                I  bta_gattc_conn_cback: Connected client_if:7 addr:xx:xx:xx:xx:80:82, transport:BT_TRANSPORT_LE reason:GATT_CONN_OK
2025-09-15 10:28:51.232  1735-2015  bt_bta_gattc            com.android.bluetooth                I  bta_gattc_conn_cback: Connected client_if:8 addr:xx:xx:xx:xx:80:82, transport:BT_TRANSPORT_LE reason:GATT_CONN_OK
2025-09-15 10:28:51.232  1735-2015  bt_bta_gattc            com.android.bluetooth                I  bta_gattc_conn_cback: Connected client_if:9 addr:xx:xx:xx:xx:80:82, transport:BT_TRANSPORT_LE reason:GATT_CONN_OK
2025-09-15 10:28:51.232  1735-2015  bt_bta_gattc            com.android.bluetooth                I  bta_gattc_conn_cback: Connected client_if:10 addr:xx:xx:xx:xx:80:82, transport:BT_TRANSPORT_LE reason:GATT_CONN_OK
2025-09-15 10:28:51.232  1735-2015  bt_bta_gattc            com.android.bluetooth                I  bta_gattc_conn_cback: Connected client_if:11 addr:xx:xx:xx:xx:80:82, transport:BT_TRANSPORT_LE reason:GATT_CONN_OK
2025-09-15 10:28:51.232  1735-2015  bt_bta_gattc            com.android.bluetooth                I  bta_gattc_conn_cback: Connected client_if:12 addr:xx:xx:xx:xx:80:82, transport:BT_TRANSPORT_LE reason:GATT_CONN_OK
2025-09-15 10:28:51.232  1735-2015  bt_bta_gattc            com.android.bluetooth                I  bta_gattc_conn_cback: Connected client_if:13 addr:xx:xx:xx:xx:80:82, transport:BT_TRANSPORT_LE reason:GATT_CONN_OK
2025-09-15 10:28:51.232  1735-2015  bluetooth               com.android.bluetooth                I  on_connection_complete: Le connection completed to device:f0:d7:8f:4d:80:82
2025-09-15 10:28:51.232  1735-2015  bluetooth               com.android.bluetooth                I  GATT_SetIdleTimeout: idle_timeout=65535, status=1, (1-OK 0-not performed)
2025-09-15 10:28:51.233  1735-2015  bt_stack                com.android.bluetooth                I  [INFO:eatt_impl.h(644)] connect device f0:d7:8f:4d:80:82 rolecentral
2025-09-15 10:28:51.233  1735-2015  bluetooth               com.android.bluetooth                I  attp_cl_send_cmd: Sending ATT command to l2cap cid:0x0004 eatt_channels:0 transport:BT_TRANSPORT_LE
2025-09-15 10:28:51.234  1735-2015  bluetooth               com.android.bluetooth                I  attp_cl_send_cmd: Starting ATT response timer
2025-09-15 10:28:51.234  1735-2015  bt_bta_dm               com.android.bluetooth                I  bta_dm_acl_up: bta_dm_acl_up
2025-09-15 10:28:51.234  1735-2015  btm_acl                 com.android.bluetooth                W  acl_peer_supports_sniff_subrating: Unable to find active acl
2025-09-15 10:28:51.234  1735-2015  bta_gattc_main          com.android.bluetooth                E  bta_gattc_hdl_event: Ignore unknown conn ID: 3
2025-09-15 10:28:51.234  1735-2015  bta_gattc_main          com.android.bluetooth                E  bta_gattc_hdl_event: Ignore unknown conn ID: 4
2025-09-15 10:28:51.235  1735-2015  bta_gattc_main          com.android.bluetooth                E  bta_gattc_hdl_event: Ignore unknown conn ID: 5
2025-09-15 10:28:51.235  1735-2015  bta_gattc_main          com.android.bluetooth                E  bta_gattc_hdl_event: Ignore unknown conn ID: 6
2025-09-15 10:28:51.235  1735-2015  bta_gattc_main          com.android.bluetooth                E  bta_gattc_hdl_event: Ignore unknown conn ID: 7
2025-09-15 10:28:51.235  1735-2015  bta_gattc_main          com.android.bluetooth                E  bta_gattc_hdl_event: Ignore unknown conn ID: 8
2025-09-15 10:28:51.235  1735-2015  bta_gattc_main          com.android.bluetooth                E  bta_gattc_hdl_event: Ignore unknown conn ID: 9
2025-09-15 10:28:51.235  1735-2015  bta_gattc_main          com.android.bluetooth                E  bta_gattc_hdl_event: Ignore unknown conn ID: 10
2025-09-15 10:28:51.235  1735-2015  bta_gattc_main          com.android.bluetooth                E  bta_gattc_hdl_event: Ignore unknown conn ID: 11
2025-09-15 10:28:51.235  1735-2015  bta_gattc_main          com.android.bluetooth                E  bta_gattc_hdl_event: Ignore unknown conn ID: 12
2025-09-15 10:28:51.235  1735-2015  bt_stack                com.android.bluetooth                I  [INFO:bta_gattc_db_storage.cc(159)] bta_gattc_cache_load: load cache: /data/misc/bluetooth/gatt_cache_f0d78f4d8082
2025-09-15 10:28:51.236  1735-1940  BluetoothDatabase       com.android.bluetooth                V  getProfileConnectionPolicy: device XX:XX:XX:4D:80:82 profile=BATTERY, connectionPolicy=-1
2025-09-15 10:28:51.236  1735-2015  bt_stack                com.android.bluetooth                E  [ERROR:bta_gattc_db_storage.cc(80)] bta_gattc_load_db: can't open GATT cache file /data/misc/bluetooth/gatt_cache_f0d78f4d8082 for reading, error: No such file or directory
2025-09-15 10:28:51.236  1735-1940  BatteryService          com.android.bluetooth                E  Cannot connect to xx:xx:xx:xx:80:82 : Remote does not have Battery UUID
2025-09-15 10:28:51.236  1735-2015  bt_stack                com.android.bluetooth                I  [INFO:gatt_api.cc(711)] GATTC_Discover conn_id=0x000d, disc_type=1, s_handle=0x0001, e_handle=0xffff
2025-09-15 10:28:51.237  1735-2015  bt_stack                com.android.bluetooth                I  [INFO:gatt_cl.cc(101)] gatt_act_discovery opcode: 0x10
2025-09-15 10:28:51.237  1735-2015  bluetooth               com.android.bluetooth                I  attp_cl_send_cmd: Enqueued ATT command
2025-09-15 10:28:51.239   798-837   mtk.hal.bt@1.1-impl     and...luetooth@1.1-service-mediatek  D  BtHostDebugInfo
2025-09-15 10:28:51.239   798-837   [BT]                    and...luetooth@1.1-service-mediatek  D  mtk_bt_op: BT_VND_OP_SET_BTHOST
2025-09-15 10:28:51.242  1267-2383  haohaov                 system_server                        I  [HMDenterprise broadcastIntentLocked] intent=Intent { act=android.bluetooth.device.action.ACL_CONNECTED flg=0x5000000 (has extras) }
2025-09-15 10:28:51.244  1735-1940  BluetoothRemoteDevices  com.android.bluetooth                E  RemoteException in calling IBluetoothConnectionCallback
2025-09-15 10:28:51.244  1735-1940  BluetoothRemoteDevices  com.android.bluetooth                E  RemoteException in calling IBluetoothConnectionCallback
2025-09-15 10:28:51.245  1735-1940  BtGatt.GattService      com.android.bluetooth                D  onConnected() - adding permit for address=F0:D7:8F:4D:80:82
2025-09-15 10:28:51.246  8951-8966  BluetoothGatt           com.remoticom.energynodeinset        D  onClientConnectionState() - status=0 clientIf=13 device=F0:D7:8F:4D:80:82
2025-09-15 10:28:51.246  8951-8966  ConnectGattOperation    com.remoticom.energynodeinset        V  onConnectionStateChange called
2025-09-15 10:28:51.246  8951-8966  GattConnectionService   com.remoticom.energynodeinset        D  Device connected, checking permissions and requesting MTU...
2025-09-15 10:28:51.246  1601-1711  BluetoothEventManager   com.android.systemui                 W  AclStateChangedHandler: activeDevice is null
2025-09-15 10:28:51.246  8951-8966  GattConnectionService   com.remoticom.energynodeinset        D  Requesting MTU...
2025-09-15 10:28:51.246  8951-8966  BluetoothGatt           com.remoticom.energynodeinset        D  configureMTU() - device: F0:D7:8F:4D:80:82 mtu: 517
2025-09-15 10:28:51.248  1735-1735  BluetoothDatabase       com.android.bluetooth                D  setConnection: device XX:XX:XX:4D:80:82 and isA2dpDevice=false
2025-09-15 10:28:51.248  1735-1735  BluetoothDatabase       com.android.bluetooth                D  Updating last connected time for device: XX:XX:XX:4D:80:82 to 150
2025-09-15 10:28:51.248  1735-1735  BluetoothDatabase       com.android.bluetooth                D  updateDatabase XX:XX:XX:4D:80:82
2025-09-15 10:28:51.250  8951-8966  GattConnectionService   com.remoticom.energynodeinset        D  MTU request sent successfully
2025-09-15 10:28:51.250  8951-8966  GattConnectionService   com.remoticom.energynodeinset        D  state = Connected, error = null
2025-09-15 10:28:51.251  8951-8966  GattConnectionService   com.remoticom.energynodeinset        D  Service state updated with ServiceState(device=DeviceImpl(uuid=00000000-0000-0000-0000-f0d78f4d8082, device=F0:D7:8F:4D:80:82, type=Bdc, serviceUuids=[a55d1c55-0088-ffff-0000-000000000000], health=null, state=null), characteristics=null, isConnecting=true, connectionStatus=Connected, lastGattError=GattError ((133) GATT_ERROR))
2025-09-15 10:28:51.254  8951-8951  NodeListFragment        com.remoticom.energynodeinset        D  Updating list of nodes
2025-09-15 10:28:51.255  8951-8951  ConnectGattOperation    com.remoticom.energynodeinset        D  FINISHED
2025-09-15 10:28:51.255  8951-8951  DiscoverSe...sOperation com.remoticom.energynodeinset        D  STARTED
2025-09-15 10:28:51.255  8951-8951  DiscoverSe...sOperation com.remoticom.energynodeinset        V  discoverServices initiated
2025-09-15 10:28:51.256  8951-8951  BluetoothGatt           com.remoticom.energynodeinset        D  discoverServices() - device: F0:D7:8F:4D:80:82
