2025-09-15 10:28:51.260  1735-2015  bt_stack                com.android.bluetooth                E  [ERROR:bta_gattc_utils.cc(333)] bta_gattc_enqueue: already has a pending command
2025-09-15 10:28:51.269  9045-9045  GH.WifiBluetoothRcvr    com...e.android.projection.gearhead  I  Connection action: android.bluetooth.device.action.ACL_CONNECTED, device F0:D7:8F:4D:80:82
2025-09-15 10:28:51.271  9045-9045  GH.WifiBluetoothRcvr    com...e.android.projection.gearhead  I  Wireless projection is available on this phone.
2025-09-15 10:28:51.279  9045-9331  CAR.BTCapsStore         com...e.android.projection.gearhead  W  Device not bonded, thus it's not currently AAW capable.
2025-09-15 10:28:51.280  9045-9331  CAR.BTCapsStore         com...e.android.projection.gearhead  I  AAW status (NOT_BONDED).
2025-09-15 10:28:51.298   823-823   HWC2                    surfaceflinger                       W  Can't query capability SkipColorTransform. Display Capabilities were not queried from HWC yet
2025-09-15 10:28:51.301 29005-9452  Nearby                  com.google.android.gms.persistent    I  (REDACTED) is blocked device type %s, isAuto=%s, isIot=%s, isLatchsky=%s, isChinaWearable=%s, isTv=%s, isWearable=%s (supportWearOs=%s), isChromeOsDevice=%s (supportChromeOs=%s)
2025-09-15 10:28:51.303  9045-9331  GH.CarSvcDataStorage    com...e.android.projection.gearhead  I  Using DB version: 13
2025-09-15 10:28:51.303   804-9398  [GrallocExtra-ERROR]    and...graphics.composer@2.1-service  E  gralloc_extra_query:105 gralloc_extra_query with NULL handle: 0x0
2025-09-15 10:28:51.308 29005-29005 NearbyDiscovery         com.google.android.gms.persistent    I  (REDACTED) DiscoveryService onStartCommand action: %s
2025-09-15 10:28:51.311  9045-9331  CAR.BTCapsStore         com...e.android.projection.gearhead  W  Device not bonded, thus it's not currently AAW capable.
2025-09-15 10:28:51.311  9045-9331  CAR.BTCapsStore         com...e.android.projection.gearhead  I  AAW status (NOT_BONDED).
2025-09-15 10:28:51.313 29005-29005 NearbyDiscovery         com.google.android.gms.persistent    I  (REDACTED) onAclChange: state=%s, %s
2025-09-15 10:28:51.313   823-823   SurfaceFlinger          surfaceflinger                       I  operator()(), mtkRenderCntDebug 11646, screenshot (com.remoticom.energynodeinset/com.remoticom.streetlighting.MainActivity#1442)
2025-09-15 10:28:51.323 29005-29145 NearbyDiscovery         com.google.android.gms.persistent    I  (REDACTED) FastPair: lock scan rate if needed, %s, bondState=%s
2025-09-15 10:28:51.326  1267-1520  ConnectivityService     system_server                        D  NetReassign [no changes] [c 0] [a 1] [i 10]
2025-09-15 10:28:51.327  1735-2015  bt_stack                com.android.bluetooth                I  [INFO:gatt_cl.cc(1194)] gatt_client_handle_server_rsp opcode: 0x01
2025-09-15 10:28:51.327  1735-2015  bt_stack                com.android.bluetooth                I  [INFO:gatt_cl.cc(533)] gatt_process_error_rsp
2025-09-15 10:28:51.327  1735-2015  bt_stack                com.android.bluetooth                I  [INFO:gatt_utils.cc(1500)] gatt_end_operation status=10 op=2 subtype=1
2025-09-15 10:28:51.327  1735-2015  bt_stack                com.android.bluetooth                I  [INFO:eatt_impl.h(587)] supported_features_cb f0:d7:8f:4d:80:82 is_eatt_supported = 0
2025-09-15 10:28:51.373   995-2760  StNfcHal                android.hardware.nfc@1.2-service-st  D  (#013EE) Rx 6f 02 0f (hidden)
2025-09-15 10:28:51.381  1267-2383  haohaov                 system_server                        I  [HMDenterprise broadcastIntentLocked] intent=Intent { act=android.intent.action.SIG_STR (has extras) }
2025-09-15 10:28:51.383  1267-10052 haohaov                 system_server                        I  [HMDenterprise broadcastIntentLocked] intent=Intent { act=android.intent.action.SIG_STR (has extras) }
2025-09-15 10:28:51.475  1735-2015  bt_stack                com.android.bluetooth                I  [INFO:gatt_cl.cc(1194)] gatt_client_handle_server_rsp opcode: 0x11
2025-09-15 10:28:51.475  1735-2015  bt_stack                com.android.bluetooth                I  [INFO:gatt_cl.cc(799)] gatt_process_read_by_type_rspop=1 subtype=1
2025-09-15 10:28:51.476  1735-2015  bt_stack                com.android.bluetooth                I  [INFO:bta_gattc_cache.cc(437)] bta_gattc_disc_res_cback: disc_type=1 p_data->handle=0x0001 e_handle=0x0004 service_type=00001801-0000-1000-8000-00805f9b34fb
2025-09-15 10:28:51.476  1735-2015  bt_stack                com.android.bluetooth                I  [INFO:bta_gattc_cache.cc(437)] bta_gattc_disc_res_cback: disc_type=1 p_data->handle=0x0005 e_handle=0x000b service_type=00001800-0000-1000-8000-00805f9b34fb
2025-09-15 10:28:51.476  1735-2015  bt_stack                com.android.bluetooth                I  [INFO:gatt_cl.cc(983)] gatt_process_read_by_type_rsp: initiate another discovery request
2025-09-15 10:28:51.477  1735-2015  bt_stack                com.android.bluetooth                I  [INFO:gatt_cl.cc(101)] gatt_act_discovery opcode: 0x10
2025-09-15 10:28:51.477  1735-2015  bluetooth               com.android.bluetooth                I  attp_cl_send_cmd: Sending ATT command to l2cap cid:0x0004 eatt_channels:0 transport:BT_TRANSPORT_LE
2025-09-15 10:28:51.477  1735-2015  bluetooth               com.android.bluetooth                I  attp_cl_send_cmd: Starting ATT response timer
2025-09-15 10:28:51.572  1735-2015  bt_stack                com.android.bluetooth                I  [INFO:gatt_cl.cc(1194)] gatt_client_handle_server_rsp opcode: 0x11
2025-09-15 10:28:51.573  1735-2015  bt_stack                com.android.bluetooth                I  [INFO:gatt_cl.cc(799)] gatt_process_read_by_type_rspop=1 subtype=1
2025-09-15 10:28:51.573  1735-2015  bt_stack                com.android.bluetooth                I  [INFO:bta_gattc_cache.cc(437)] bta_gattc_disc_res_cback: disc_type=1 p_data->handle=0x000c e_handle=0x0010 service_type=a55d1c55-0088-0000-0000-f0d78f4d8082
2025-09-15 10:28:51.573  1735-2015  bt_stack                com.android.bluetooth                I  [INFO:gatt_cl.cc(983)] gatt_process_read_by_type_rsp: initiate another discovery request
2025-09-15 10:28:51.573  1735-2015  bt_stack                com.android.bluetooth                I  [INFO:gatt_cl.cc(101)] gatt_act_discovery opcode: 0x10
2025-09-15 10:28:51.574  1735-2015  bluetooth               com.android.bluetooth                I  attp_cl_send_cmd: Sending ATT command to l2cap cid:0x0004 eatt_channels:0 transport:BT_TRANSPORT_LE
2025-09-15 10:28:51.574  1735-2015  bluetooth               com.android.bluetooth                I  attp_cl_send_cmd: Starting ATT response timer
2025-09-15 10:28:51.634   995-2760  StNfcHal                android.hardware.nfc@1.2-service-st  D  (#013EF) Rx 6f 02 27 (hidden)
2025-09-15 10:28:51.680  1735-2015  bt_stack                com.android.bluetooth                I  [INFO:gatt_cl.cc(1194)] gatt_client_handle_server_rsp opcode: 0x11
2025-09-15 10:28:51.680  8951-9044  BluetoothGatt           com.remoticom.energynodeinset        D  onConnectionUpdated() - Device=F0:D7:8F:4D:80:82 interval=6 latency=0 timeout=500 status=0
2025-09-15 10:28:51.680  1735-2015  bt_stack                com.android.bluetooth                I  [INFO:gatt_cl.cc(799)] gatt_process_read_by_type_rspop=1 subtype=1
2025-09-15 10:28:51.680  1735-2015  bt_stack                com.android.bluetooth                I  [INFO:bta_gattc_cache.cc(437)] bta_gattc_disc_res_cback: disc_type=1 p_data->handle=0x0011 e_handle=0x0017 service_type=a55d1c55-0088-0001-0000-f0d78f4d8082
2025-09-15 10:28:51.680  1735-2015  bt_stack                com.android.bluetooth                I  [INFO:gatt_cl.cc(983)] gatt_process_read_by_type_rsp: initiate another discovery request
2025-09-15 10:28:51.681  1735-2015  bt_stack                com.android.bluetooth                I  [INFO:gatt_cl.cc(101)] gatt_act_discovery opcode: 0x10
2025-09-15 10:28:51.681  1735-2015  bluetooth               com.android.bluetooth                I  attp_cl_send_cmd: Sending ATT command to l2cap cid:0x0004 eatt_channels:0 transport:BT_TRANSPORT_LE
2025-09-15 10:28:51.681  1735-2015  bluetooth               com.android.bluetooth                I  attp_cl_send_cmd: Starting ATT response timer
2025-09-15 10:28:51.699  1735-2015  bt_stack                com.android.bluetooth                I  [INFO:gatt_cl.cc(1194)] gatt_client_handle_server_rsp opcode: 0x11
2025-09-15 10:28:51.700  1735-2015  bt_stack                com.android.bluetooth                I  [INFO:gatt_cl.cc(799)] gatt_process_read_by_type_rspop=1 subtype=1
2025-09-15 10:28:51.700  1735-2015  bt_stack                com.android.bluetooth                I  [INFO:bta_gattc_cache.cc(437)] bta_gattc_disc_res_cback: disc_type=1 p_data->handle=0x0018 e_handle=0x0020 service_type=a55d1c55-0088-0003-0000-f0d78f4d8082
2025-09-15 10:28:51.700  1735-2015  bt_stack                com.android.bluetooth                I  [INFO:gatt_cl.cc(983)] gatt_process_read_by_type_rsp: initiate another discovery request
2025-09-15 10:28:51.700  1735-2015  bt_stack                com.android.bluetooth                I  [INFO:gatt_cl.cc(101)] gatt_act_discovery opcode: 0x10
2025-09-15 10:28:51.700  1735-2015  bluetooth               com.android.bluetooth                I  attp_cl_send_cmd: Sending ATT command to l2cap cid:0x0004 eatt_channels:0 transport:BT_TRANSPORT_LE
2025-09-15 10:28:51.701  1735-2015  bluetooth               com.android.bluetooth                I  attp_cl_send_cmd: Starting ATT response timer
2025-09-15 10:28:51.722  1735-2015  bt_stack                com.android.bluetooth                I  [INFO:gatt_cl.cc(1194)] gatt_client_handle_server_rsp opcode: 0x11
2025-09-15 10:28:51.723  1735-2015  bt_stack                com.android.bluetooth                I  [INFO:gatt_cl.cc(799)] gatt_process_read_by_type_rspop=1 subtype=1
2025-09-15 10:28:51.723  1735-2015  bt_stack                com.android.bluetooth                I  [INFO:bta_gattc_cache.cc(437)] bta_gattc_disc_res_cback: disc_type=1 p_data->handle=0x0021 e_handle=0x0025 service_type=a55d1c55-0088-0004-0000-f0d78f4d8082
2025-09-15 10:28:51.723  1735-2015  bt_stack                com.android.bluetooth                I  [INFO:gatt_cl.cc(983)] gatt_process_read_by_type_rsp: initiate another discovery request
2025-09-15 10:28:51.723  1735-2015  bt_stack                com.android.bluetooth                I  [INFO:gatt_cl.cc(101)] gatt_act_discovery opcode: 0x10
2025-09-15 10:28:51.723  1735-2015  bluetooth               com.android.bluetooth                I  attp_cl_send_cmd: Sending ATT command to l2cap cid:0x0004 eatt_channels:0 transport:BT_TRANSPORT_LE
2025-09-15 10:28:51.724  1735-2015  bluetooth               com.android.bluetooth                I  attp_cl_send_cmd: Starting ATT response timer
2025-09-15 10:28:51.743  1735-2015  bt_stack                com.android.bluetooth                I  [INFO:gatt_cl.cc(1194)] gatt_client_handle_server_rsp opcode: 0x11
2025-09-15 10:28:51.744  1735-2015  bt_stack                com.android.bluetooth                I  [INFO:gatt_cl.cc(799)] gatt_process_read_by_type_rspop=1 subtype=1
2025-09-15 10:28:51.744  1735-2015  bt_stack                com.android.bluetooth                I  [INFO:bta_gattc_cache.cc(437)] bta_gattc_disc_res_cback: disc_type=1 p_data->handle=0x0026 e_handle=0x002a service_type=a55d1c55-0088-0009-0000-f0d78f4d8082
2025-09-15 10:28:51.744  1735-2015  bt_stack                com.android.bluetooth                I  [INFO:gatt_cl.cc(983)] gatt_process_read_by_type_rsp: initiate another discovery request
2025-09-15 10:28:51.744  1735-2015  bt_stack                com.android.bluetooth                I  [INFO:gatt_cl.cc(101)] gatt_act_discovery opcode: 0x10
2025-09-15 10:28:51.744  1735-2015  bluetooth               com.android.bluetooth                I  attp_cl_send_cmd: Sending ATT command to l2cap cid:0x0004 eatt_channels:0 transport:BT_TRANSPORT_LE
2025-09-15 10:28:51.745  1735-2015  bluetooth               com.android.bluetooth                I  attp_cl_send_cmd: Starting ATT response timer
2025-09-15 10:28:51.759  1735-2015  bt_stack                com.android.bluetooth                I  [INFO:gatt_cl.cc(1194)] gatt_client_handle_server_rsp opcode: 0x11
2025-09-15 10:28:51.759  1735-2015  bt_stack                com.android.bluetooth                I  [INFO:gatt_cl.cc(799)] gatt_process_read_by_type_rspop=1 subtype=1
2025-09-15 10:28:51.759  1735-2015  bt_stack                com.android.bluetooth                I  [INFO:bta_gattc_cache.cc(437)] bta_gattc_disc_res_cback: disc_type=1 p_data->handle=0x002b e_handle=0x002d service_type=a55d1c55-0088-000a-0000-f0d78f4d8082
2025-09-15 10:28:51.759  1735-2015  bt_stack                com.android.bluetooth                I  [INFO:gatt_cl.cc(983)] gatt_process_read_by_type_rsp: initiate another discovery request
2025-09-15 10:28:51.760  1735-2015  bt_stack                com.android.bluetooth                I  [INFO:gatt_cl.cc(101)] gatt_act_discovery opcode: 0x10
2025-09-15 10:28:51.760  1735-2015  bluetooth               com.android.bluetooth                I  attp_cl_send_cmd: Sending ATT command to l2cap cid:0x0004 eatt_channels:0 transport:BT_TRANSPORT_LE
2025-09-15 10:28:51.760  1735-2015  bluetooth               com.android.bluetooth                I  attp_cl_send_cmd: Starting ATT response timer
2025-09-15 10:28:51.774  1735-2015  bt_stack                com.android.bluetooth                I  [INFO:gatt_cl.cc(1194)] gatt_client_handle_server_rsp opcode: 0x01
2025-09-15 10:28:51.774  1735-2015  bt_stack                com.android.bluetooth                I  [INFO:gatt_cl.cc(533)] gatt_process_error_rsp
2025-09-15 10:28:51.774  1735-2015  bt_stack                com.android.bluetooth                I  [INFO:gatt_utils.cc(1500)] gatt_end_operation status=0 op=1 subtype=1
2025-09-15 10:28:51.774  1735-2015  bt_stack                com.android.bluetooth                I  [INFO:bta_gattc_cache.cc(500)] bta_gattc_disc_cmpl_cback: disc_type=1
2025-09-15 10:28:51.774  1735-2015  bt_stack                com.android.bluetooth                I  [INFO:gatt_api.cc(711)] GATTC_Discover conn_id=0x000d, disc_type=3, s_handle=0x0001, e_handle=0x0004
2025-09-15 10:28:51.774  1735-2015  bt_stack                com.android.bluetooth                I  [INFO:gatt_cl.cc(101)] gatt_act_discovery opcode: 0x08
2025-09-15 10:28:51.775  1735-2015  bluetooth               com.android.bluetooth                I  attp_cl_send_cmd: Sending ATT command to l2cap cid:0x0004 eatt_channels:0 transport:BT_TRANSPORT_LE
2025-09-15 10:28:51.775  1735-2015  bluetooth               com.android.bluetooth                I  attp_cl_send_cmd: Starting ATT response timer
2025-09-15 10:28:51.788  1735-2015  bt_stack                com.android.bluetooth                I  [INFO:gatt_cl.cc(1194)] gatt_client_handle_server_rsp opcode: 0x01
2025-09-15 10:28:51.788  1735-2015  bt_stack                com.android.bluetooth                I  [INFO:gatt_cl.cc(533)] gatt_process_error_rsp
2025-09-15 10:28:51.789  1735-2015  bt_stack                com.android.bluetooth                I  [INFO:gatt_utils.cc(1500)] gatt_end_operation status=0 op=1 subtype=3
2025-09-15 10:28:51.789  1735-2015  bt_stack                com.android.bluetooth                I  [INFO:bta_gattc_cache.cc(500)] bta_gattc_disc_cmpl_cback: disc_type=3
2025-09-15 10:28:51.789  1735-2015  bt_stack                com.android.bluetooth                I  [INFO:gatt_api.cc(711)] GATTC_Discover conn_id=0x000d, disc_type=4, s_handle=0x0001, e_handle=0x0004
2025-09-15 10:28:51.789  1735-2015  bt_stack                com.android.bluetooth                I  [INFO:gatt_cl.cc(101)] gatt_act_discovery opcode: 0x08
2025-09-15 10:28:51.789  1735-2015  bluetooth               com.android.bluetooth                I  attp_cl_send_cmd: Sending ATT command to l2cap cid:0x0004 eatt_channels:0 transport:BT_TRANSPORT_LE
2025-09-15 10:28:51.790  1735-2015  bluetooth               com.android.bluetooth                I  attp_cl_send_cmd: Starting ATT response timer
2025-09-15 10:28:51.804  1735-2015  bt_stack                com.android.bluetooth                I  [INFO:gatt_cl.cc(1194)] gatt_client_handle_server_rsp opcode: 0x09
2025-09-15 10:28:51.804  1735-2015  bt_stack                com.android.bluetooth                I  [INFO:gatt_cl.cc(799)] gatt_process_read_by_type_rspop=1 subtype=4
2025-09-15 10:28:51.804  1735-2015  bt_stack                com.android.bluetooth                I  [INFO:gatt_cl.cc(983)] gatt_process_read_by_type_rsp: initiate another discovery request
2025-09-15 10:28:51.805  1735-2015  bt_stack                com.android.bluetooth                I  [INFO:gatt_cl.cc(101)] gatt_act_discovery opcode: 0x08
2025-09-15 10:28:51.805  1735-2015  bluetooth               com.android.bluetooth                I  attp_cl_send_cmd: Sending ATT command to l2cap cid:0x0004 eatt_channels:0 transport:BT_TRANSPORT_LE
2025-09-15 10:28:51.805  1735-2015  bluetooth               com.android.bluetooth                I  attp_cl_send_cmd: Starting ATT response timer
2025-09-15 10:28:51.834  1735-2015  bt_stack                com.android.bluetooth                I  [INFO:gatt_cl.cc(1194)] gatt_client_handle_server_rsp opcode: 0x01
2025-09-15 10:28:51.835  1735-2015  bt_stack                com.android.bluetooth                I  [INFO:gatt_cl.cc(533)] gatt_process_error_rsp
2025-09-15 10:28:51.835  1735-2015  bt_stack                com.android.bluetooth                I  [INFO:gatt_utils.cc(1500)] gatt_end_operation status=0 op=1 subtype=4
2025-09-15 10:28:51.835  1735-2015  bt_stack                com.android.bluetooth                I  [INFO:bta_gattc_cache.cc(500)] bta_gattc_disc_cmpl_cback: disc_type=4
2025-09-15 10:28:51.835  1735-2015  bt_stack                com.android.bluetooth                I  [INFO:gatt_api.cc(711)] GATTC_Discover conn_id=0x000d, disc_type=5, s_handle=0x0004, e_handle=0x0004
2025-09-15 10:28:51.835  1735-2015  bt_stack                com.android.bluetooth                I  [INFO:gatt_cl.cc(101)] gatt_act_discovery opcode: 0x04
2025-09-15 10:28:51.835  1735-2015  bluetooth               com.android.bluetooth                I  attp_cl_send_cmd: Sending ATT command to l2cap cid:0x0004 eatt_channels:0 transport:BT_TRANSPORT_LE
2025-09-15 10:28:51.836  1735-2015  bluetooth               com.android.bluetooth                I  attp_cl_send_cmd: Starting ATT response timer
2025-09-15 10:28:51.856  1735-2015  bt_stack                com.android.bluetooth                I  [INFO:gatt_cl.cc(1194)] gatt_client_handle_server_rsp opcode: 0x05
2025-09-15 10:28:51.856  1735-2015  bt_stack                com.android.bluetooth                I  [INFO:gatt_utils.cc(1500)] gatt_end_operation status=0 op=1 subtype=5
2025-09-15 10:28:51.857  1735-2015  bt_stack                com.android.bluetooth                I  [INFO:bta_gattc_cache.cc(500)] bta_gattc_disc_cmpl_cback: disc_type=5
2025-09-15 10:28:51.857  1735-2015  bt_stack                com.android.bluetooth                I  [INFO:gatt_api.cc(711)] GATTC_Discover conn_id=0x000d, disc_type=3, s_handle=0x0005, e_handle=0x000b
2025-09-15 10:28:51.857  1735-2015  bt_stack                com.android.bluetooth                I  [INFO:gatt_cl.cc(101)] gatt_act_discovery opcode: 0x08
2025-09-15 10:28:51.857  1735-2015  bluetooth               com.android.bluetooth                I  attp_cl_send_cmd: Sending ATT command to l2cap cid:0x0004 eatt_channels:0 transport:BT_TRANSPORT_LE
2025-09-15 10:28:51.857  1735-2015  bluetooth               com.android.bluetooth                I  attp_cl_send_cmd: Starting ATT response timer
2025-09-15 10:28:51.871  1735-2015  bt_stack                com.android.bluetooth                I  [INFO:gatt_cl.cc(1194)] gatt_client_handle_server_rsp opcode: 0x01
2025-09-15 10:28:51.872  1735-2015  bt_stack                com.android.bluetooth                I  [INFO:gatt_cl.cc(533)] gatt_process_error_rsp
2025-09-15 10:28:51.872  1735-2015  bt_stack                com.android.bluetooth                I  [INFO:gatt_utils.cc(1500)] gatt_end_operation status=0 op=1 subtype=3
2025-09-15 10:28:51.872  1735-2015  bt_stack                com.android.bluetooth                I  [INFO:bta_gattc_cache.cc(500)] bta_gattc_disc_cmpl_cback: disc_type=3
2025-09-15 10:28:51.872  1735-2015  bt_stack                com.android.bluetooth                I  [INFO:gatt_api.cc(711)] GATTC_Discover conn_id=0x000d, disc_type=4, s_handle=0x0005, e_handle=0x000b
2025-09-15 10:28:51.872  1735-2015  bt_stack                com.android.bluetooth                I  [INFO:gatt_cl.cc(101)] gatt_act_discovery opcode: 0x08
2025-09-15 10:28:51.872  1735-2015  bluetooth               com.android.bluetooth                I  attp_cl_send_cmd: Sending ATT command to l2cap cid:0x0004 eatt_channels:0 transport:BT_TRANSPORT_LE
2025-09-15 10:28:51.873  1735-2015  bluetooth               com.android.bluetooth                I  attp_cl_send_cmd: Starting ATT response timer
2025-09-15 10:28:51.887  1735-2015  bt_stack                com.android.bluetooth                I  [INFO:gatt_cl.cc(1194)] gatt_client_handle_server_rsp opcode: 0x09
2025-09-15 10:28:51.887  1735-2015  bt_stack                com.android.bluetooth                I  [INFO:gatt_cl.cc(799)] gatt_process_read_by_type_rspop=1 subtype=4
2025-09-15 10:28:51.887  1735-2015  bt_stack                com.android.bluetooth                I  [INFO:gatt_cl.cc(983)] gatt_process_read_by_type_rsp: initiate another discovery request
2025-09-15 10:28:51.887  1735-2015  bt_stack                com.android.bluetooth                I  [INFO:gatt_cl.cc(101)] gatt_act_discovery opcode: 0x08
2025-09-15 10:28:51.888  1735-2015  bluetooth               com.android.bluetooth                I  attp_cl_send_cmd: Sending ATT command to l2cap cid:0x0004 eatt_channels:0 transport:BT_TRANSPORT_LE
2025-09-15 10:28:51.888  1735-2015  bluetooth               com.android.bluetooth                I  attp_cl_send_cmd: Starting ATT response timer
2025-09-15 10:28:51.901  1735-2015  bt_stack                com.android.bluetooth                I  [INFO:gatt_cl.cc(1194)] gatt_client_handle_server_rsp opcode: 0x01
2025-09-15 10:28:51.902  1735-2015  bt_stack                com.android.bluetooth                I  [INFO:gatt_cl.cc(533)] gatt_process_error_rsp
2025-09-15 10:28:51.902  1735-2015  bt_stack                com.android.bluetooth                I  [INFO:gatt_utils.cc(1500)] gatt_end_operation status=0 op=1 subtype=4
2025-09-15 10:28:51.902  1735-2015  bt_stack                com.android.bluetooth                I  [INFO:bta_gattc_cache.cc(500)] bta_gattc_disc_cmpl_cback: disc_type=4
2025-09-15 10:28:51.902  1735-2015  bt_stack                com.android.bluetooth                I  [INFO:gatt_api.cc(711)] GATTC_Discover conn_id=0x000d, disc_type=3, s_handle=0x000c, e_handle=0x0010
2025-09-15 10:28:51.902  1735-2015  bt_stack                com.android.bluetooth                I  [INFO:gatt_cl.cc(101)] gatt_act_discovery opcode: 0x08
2025-09-15 10:28:51.902  1735-2015  bluetooth               com.android.bluetooth                I  attp_cl_send_cmd: Sending ATT command to l2cap cid:0x0004 eatt_channels:0 transport:BT_TRANSPORT_LE
2025-09-15 10:28:51.903  1735-2015  bluetooth               com.android.bluetooth                I  attp_cl_send_cmd: Starting ATT response timer
2025-09-15 10:28:51.924  1735-2015  bt_stack                com.android.bluetooth                I  [INFO:gatt_cl.cc(1194)] gatt_client_handle_server_rsp opcode: 0x01
2025-09-15 10:28:51.925  1735-2015  bt_stack                com.android.bluetooth                I  [INFO:gatt_cl.cc(533)] gatt_process_error_rsp
2025-09-15 10:28:51.925  1735-2015  bt_stack                com.android.bluetooth                I  [INFO:gatt_utils.cc(1500)] gatt_end_operation status=0 op=1 subtype=3
2025-09-15 10:28:51.925  1735-2015  bt_stack                com.android.bluetooth                I  [INFO:bta_gattc_cache.cc(500)] bta_gattc_disc_cmpl_cback: disc_type=3
2025-09-15 10:28:51.925  1735-2015  bt_stack                com.android.bluetooth                I  [INFO:gatt_api.cc(711)] GATTC_Discover conn_id=0x000d, disc_type=4, s_handle=0x000c, e_handle=0x0010
2025-09-15 10:28:51.925  1735-2015  bt_stack                com.android.bluetooth                I  [INFO:gatt_cl.cc(101)] gatt_act_discovery opcode: 0x08
2025-09-15 10:28:51.926  1735-2015  bluetooth               com.android.bluetooth                I  attp_cl_send_cmd: Sending ATT command to l2cap cid:0x0004 eatt_channels:0 transport:BT_TRANSPORT_LE
2025-09-15 10:28:51.926  1735-2015  bluetooth               com.android.bluetooth                I  attp_cl_send_cmd: Starting ATT response timer
2025-09-15 10:28:51.939  1735-2015  bt_stack                com.android.bluetooth                I  [INFO:gatt_cl.cc(1194)] gatt_client_handle_server_rsp opcode: 0x09
2025-09-15 10:28:51.940  1735-2015  bt_stack                com.android.bluetooth                I  [INFO:gatt_cl.cc(799)] gatt_process_read_by_type_rspop=1 subtype=4
2025-09-15 10:28:51.940  1735-2015  bt_stack                com.android.bluetooth                I  [INFO:gatt_cl.cc(983)] gatt_process_read_by_type_rsp: initiate another discovery request
2025-09-15 10:28:51.940  1735-2015  bt_stack                com.android.bluetooth                I  [INFO:gatt_cl.cc(101)] gatt_act_discovery opcode: 0x08
2025-09-15 10:28:51.940  1735-2015  bluetooth               com.android.bluetooth                I  attp_cl_send_cmd: Sending ATT command to l2cap cid:0x0004 eatt_channels:0 transport:BT_TRANSPORT_LE
2025-09-15 10:28:51.940  1735-2015  bluetooth               com.android.bluetooth                I  attp_cl_send_cmd: Starting ATT response timer
2025-09-15 10:28:51.954  1735-2015  bt_stack                com.android.bluetooth                I  [INFO:gatt_cl.cc(1194)] gatt_client_handle_server_rsp opcode: 0x09
2025-09-15 10:28:51.954  1735-2015  bt_stack                com.android.bluetooth                I  [INFO:gatt_cl.cc(799)] gatt_process_read_by_type_rspop=1 subtype=4
2025-09-15 10:28:51.955  1735-2015  bt_stack                com.android.bluetooth                I  [INFO:gatt_cl.cc(983)] gatt_process_read_by_type_rsp: initiate another discovery request
2025-09-15 10:28:51.955  1735-2015  bt_stack                com.android.bluetooth                I  [INFO:gatt_cl.cc(101)] gatt_act_discovery opcode: 0x08
2025-09-15 10:28:51.955  1735-2015  bluetooth               com.android.bluetooth                I  attp_cl_send_cmd: Sending ATT command to l2cap cid:0x0004 eatt_channels:0 transport:BT_TRANSPORT_LE
2025-09-15 10:28:51.955  1735-2015  bluetooth               com.android.bluetooth                I  attp_cl_send_cmd: Starting ATT response timer
2025-09-15 10:28:51.968  1735-2015  bt_stack                com.android.bluetooth                I  [INFO:gatt_cl.cc(1194)] gatt_client_handle_server_rsp opcode: 0x01
2025-09-15 10:28:51.969  1735-2015  bt_stack                com.android.bluetooth                I  [INFO:gatt_cl.cc(533)] gatt_process_error_rsp
2025-09-15 10:28:51.969  1735-2015  bt_stack                com.android.bluetooth                I  [INFO:gatt_utils.cc(1500)] gatt_end_operation status=0 op=1 subtype=4
2025-09-15 10:28:51.969  1735-2015  bt_stack                com.android.bluetooth                I  [INFO:bta_gattc_cache.cc(500)] bta_gattc_disc_cmpl_cback: disc_type=4
2025-09-15 10:28:51.969  1735-2015  bt_stack                com.android.bluetooth                I  [INFO:gatt_api.cc(711)] GATTC_Discover conn_id=0x000d, disc_type=3, s_handle=0x0011, e_handle=0x0017
2025-09-15 10:28:51.969  1735-2015  bt_stack                com.android.bluetooth                I  [INFO:gatt_cl.cc(101)] gatt_act_discovery opcode: 0x08
2025-09-15 10:28:51.970  1735-2015  bluetooth               com.android.bluetooth                I  attp_cl_send_cmd: Sending ATT command to l2cap cid:0x0004 eatt_channels:0 transport:BT_TRANSPORT_LE
2025-09-15 10:28:51.970  1735-2015  bluetooth               com.android.bluetooth                I  attp_cl_send_cmd: Starting ATT response timer
2025-09-15 10:28:51.984  1735-2015  bt_stack                com.android.bluetooth                I  [INFO:gatt_cl.cc(1194)] gatt_client_handle_server_rsp opcode: 0x01
2025-09-15 10:28:51.984  1735-2015  bt_stack                com.android.bluetooth                I  [INFO:gatt_cl.cc(533)] gatt_process_error_rsp
2025-09-15 10:28:51.984  1735-2015  bt_stack                com.android.bluetooth                I  [INFO:gatt_utils.cc(1500)] gatt_end_operation status=0 op=1 subtype=3
2025-09-15 10:28:51.984  1735-2015  bt_stack                com.android.bluetooth                I  [INFO:bta_gattc_cache.cc(500)] bta_gattc_disc_cmpl_cback: disc_type=3
2025-09-15 10:28:51.985  1735-2015  bt_stack                com.android.bluetooth                I  [INFO:gatt_api.cc(711)] GATTC_Discover conn_id=0x000d, disc_type=4, s_handle=0x0011, e_handle=0x0017
2025-09-15 10:28:51.985  1735-2015  bt_stack                com.android.bluetooth                I  [INFO:gatt_cl.cc(101)] gatt_act_discovery opcode: 0x08
2025-09-15 10:28:51.985  1735-2015  bluetooth               com.android.bluetooth                I  attp_cl_send_cmd: Sending ATT command to l2cap cid:0x0004 eatt_channels:0 transport:BT_TRANSPORT_LE
2025-09-15 10:28:51.985  1735-2015  bluetooth               com.android.bluetooth                I  attp_cl_send_cmd: Starting ATT response timer
2025-09-15 10:28:51.999  1735-2015  bt_stack                com.android.bluetooth                I  [INFO:gatt_cl.cc(1194)] gatt_client_handle_server_rsp opcode: 0x09
2025-09-15 10:28:51.999  1735-2015  bt_stack                com.android.bluetooth                I  [INFO:gatt_cl.cc(799)] gatt_process_read_by_type_rspop=1 subtype=4
2025-09-15 10:28:52.000  1735-2015  bt_stack                com.android.bluetooth                I  [INFO:gatt_cl.cc(983)] gatt_process_read_by_type_rsp: initiate another discovery request
2025-09-15 10:28:52.000  1735-2015  bt_stack                com.android.bluetooth                I  [INFO:gatt_cl.cc(101)] gatt_act_discovery opcode: 0x08
2025-09-15 10:28:52.000  1735-2015  bluetooth               com.android.bluetooth                I  attp_cl_send_cmd: Sending ATT command to l2cap cid:0x0004 eatt_channels:0 transport:BT_TRANSPORT_LE
2025-09-15 10:28:52.000  1735-2015  bluetooth               com.android.bluetooth                I  attp_cl_send_cmd: Starting ATT response timer
2025-09-15 10:28:52.014  1735-2015  bt_stack                com.android.bluetooth                I  [INFO:gatt_cl.cc(1194)] gatt_client_handle_server_rsp opcode: 0x09
2025-09-15 10:28:52.015  1735-2015  bt_stack                com.android.bluetooth                I  [INFO:gatt_cl.cc(799)] gatt_process_read_by_type_rspop=1 subtype=4
2025-09-15 10:28:52.015  1735-2015  bt_stack                com.android.bluetooth                I  [INFO:gatt_cl.cc(983)] gatt_process_read_by_type_rsp: initiate another discovery request
2025-09-15 10:28:52.015  1735-2015  bt_stack                com.android.bluetooth                I  [INFO:gatt_cl.cc(101)] gatt_act_discovery opcode: 0x08
2025-09-15 10:28:52.015  1735-2015  bluetooth               com.android.bluetooth                I  attp_cl_send_cmd: Sending ATT command to l2cap cid:0x0004 eatt_channels:0 transport:BT_TRANSPORT_LE
2025-09-15 10:28:52.016  1735-2015  bluetooth               com.android.bluetooth                I  attp_cl_send_cmd: Starting ATT response timer
2025-09-15 10:28:52.030  1735-2015  bt_stack                com.android.bluetooth                I  [INFO:gatt_cl.cc(1194)] gatt_client_handle_server_rsp opcode: 0x09
2025-09-15 10:28:52.030  1735-2015  bt_stack                com.android.bluetooth                I  [INFO:gatt_cl.cc(799)] gatt_process_read_by_type_rspop=1 subtype=4
2025-09-15 10:28:52.030  1735-2015  bt_stack                com.android.bluetooth                I  [INFO:gatt_cl.cc(983)] gatt_process_read_by_type_rsp: initiate another discovery request
2025-09-15 10:28:52.030  1735-2015  bt_stack                com.android.bluetooth                I  [INFO:gatt_cl.cc(101)] gatt_act_discovery opcode: 0x08
2025-09-15 10:28:52.030  1735-2015  bluetooth               com.android.bluetooth                I  attp_cl_send_cmd: Sending ATT command to l2cap cid:0x0004 eatt_channels:0 transport:BT_TRANSPORT_LE
2025-09-15 10:28:52.031  1735-2015  bluetooth               com.android.bluetooth                I  attp_cl_send_cmd: Starting ATT response timer
2025-09-15 10:28:52.044  1735-2015  bt_stack                com.android.bluetooth                I  [INFO:gatt_cl.cc(1194)] gatt_client_handle_server_rsp opcode: 0x01
2025-09-15 10:28:52.044  1735-2015  bt_stack                com.android.bluetooth                I  [INFO:gatt_cl.cc(533)] gatt_process_error_rsp
2025-09-15 10:28:52.044  1735-2015  bt_stack                com.android.bluetooth                I  [INFO:gatt_utils.cc(1500)] gatt_end_operation status=0 op=1 subtype=4
2025-09-15 10:28:52.044  1735-2015  bt_stack                com.android.bluetooth                I  [INFO:bta_gattc_cache.cc(500)] bta_gattc_disc_cmpl_cback: disc_type=4
2025-09-15 10:28:52.044  1735-2015  bt_stack                com.android.bluetooth                I  [INFO:gatt_api.cc(711)] GATTC_Discover conn_id=0x000d, disc_type=3, s_handle=0x0018, e_handle=0x0020
2025-09-15 10:28:52.044  1735-2015  bt_stack                com.android.bluetooth                I  [INFO:gatt_cl.cc(101)] gatt_act_discovery opcode: 0x08
2025-09-15 10:28:52.045  1735-2015  bluetooth               com.android.bluetooth                I  attp_cl_send_cmd: Sending ATT command to l2cap cid:0x0004 eatt_channels:0 transport:BT_TRANSPORT_LE
2025-09-15 10:28:52.045  1735-2015  bluetooth               com.android.bluetooth                I  attp_cl_send_cmd: Starting ATT response timer
2025-09-15 10:28:52.059  1735-2015  bt_stack                com.android.bluetooth                I  [INFO:gatt_cl.cc(1194)] gatt_client_handle_server_rsp opcode: 0x01
2025-09-15 10:28:52.059  1735-2015  bt_stack                com.android.bluetooth                I  [INFO:gatt_cl.cc(533)] gatt_process_error_rsp
2025-09-15 10:28:52.059  1735-2015  bt_stack                com.android.bluetooth                I  [INFO:gatt_utils.cc(1500)] gatt_end_operation status=0 op=1 subtype=3
2025-09-15 10:28:52.059  1735-2015  bt_stack                com.android.bluetooth                I  [INFO:bta_gattc_cache.cc(500)] bta_gattc_disc_cmpl_cback: disc_type=3
2025-09-15 10:28:52.060  1735-2015  bt_stack                com.android.bluetooth                I  [INFO:gatt_api.cc(711)] GATTC_Discover conn_id=0x000d, disc_type=4, s_handle=0x0018, e_handle=0x0020
2025-09-15 10:28:52.060  1735-2015  bt_stack                com.android.bluetooth                I  [INFO:gatt_cl.cc(101)] gatt_act_discovery opcode: 0x08
2025-09-15 10:28:52.060  1735-2015  bluetooth               com.android.bluetooth                I  attp_cl_send_cmd: Sending ATT command to l2cap cid:0x0004 eatt_channels:0 transport:BT_TRANSPORT_LE
2025-09-15 10:28:52.060  1735-2015  bluetooth               com.android.bluetooth                I  attp_cl_send_cmd: Starting ATT response timer
2025-09-15 10:28:52.074  1735-2015  bt_stack                com.android.bluetooth                I  [INFO:gatt_cl.cc(1194)] gatt_client_handle_server_rsp opcode: 0x09
2025-09-15 10:28:52.075  1735-2015  bt_stack                com.android.bluetooth                I  [INFO:gatt_cl.cc(799)] gatt_process_read_by_type_rspop=1 subtype=4
2025-09-15 10:28:52.075  1735-2015  bt_stack                com.android.bluetooth                I  [INFO:gatt_cl.cc(983)] gatt_process_read_by_type_rsp: initiate another discovery request
2025-09-15 10:28:52.075  1735-2015  bt_stack                com.android.bluetooth                I  [INFO:gatt_cl.cc(101)] gatt_act_discovery opcode: 0x08
2025-09-15 10:28:52.075  1735-2015  bluetooth               com.android.bluetooth                I  attp_cl_send_cmd: Sending ATT command to l2cap cid:0x0004 eatt_channels:0 transport:BT_TRANSPORT_LE
2025-09-15 10:28:52.076  1735-2015  bluetooth               com.android.bluetooth                I  attp_cl_send_cmd: Starting ATT response timer
2025-09-15 10:28:52.096  1735-2015  bt_stack                com.android.bluetooth                I  [INFO:gatt_cl.cc(1194)] gatt_client_handle_server_rsp opcode: 0x09
2025-09-15 10:28:52.097  1735-2015  bt_stack                com.android.bluetooth                I  [INFO:gatt_cl.cc(799)] gatt_process_read_by_type_rspop=1 subtype=4
2025-09-15 10:28:52.097  1735-2015  bt_stack                com.android.bluetooth                I  [INFO:gatt_cl.cc(983)] gatt_process_read_by_type_rsp: initiate another discovery request
2025-09-15 10:28:52.097  1735-2015  bt_stack                com.android.bluetooth                I  [INFO:gatt_cl.cc(101)] gatt_act_discovery opcode: 0x08
2025-09-15 10:28:52.097  1735-2015  bluetooth               com.android.bluetooth                I  attp_cl_send_cmd: Sending ATT command to l2cap cid:0x0004 eatt_channels:0 transport:BT_TRANSPORT_LE
2025-09-15 10:28:52.097  1735-2015  bluetooth               com.android.bluetooth                I  attp_cl_send_cmd: Starting ATT response timer
2025-09-15 10:28:52.111  1735-2015  bt_stack                com.android.bluetooth                I  [INFO:gatt_cl.cc(1194)] gatt_client_handle_server_rsp opcode: 0x09
2025-09-15 10:28:52.112  1735-2015  bt_stack                com.android.bluetooth                I  [INFO:gatt_cl.cc(799)] gatt_process_read_by_type_rspop=1 subtype=4
2025-09-15 10:28:52.112  1735-2015  bt_stack                com.android.bluetooth                I  [INFO:gatt_cl.cc(983)] gatt_process_read_by_type_rsp: initiate another discovery request
2025-09-15 10:28:52.112  1735-2015  bt_stack                com.android.bluetooth                I  [INFO:gatt_cl.cc(101)] gatt_act_discovery opcode: 0x08
2025-09-15 10:28:52.112  1735-2015  bluetooth               com.android.bluetooth                I  attp_cl_send_cmd: Sending ATT command to l2cap cid:0x0004 eatt_channels:0 transport:BT_TRANSPORT_LE
2025-09-15 10:28:52.113  1735-2015  bluetooth               com.android.bluetooth                I  attp_cl_send_cmd: Starting ATT response timer
2025-09-15 10:28:52.127  1735-2015  bt_stack                com.android.bluetooth                I  [INFO:gatt_cl.cc(1194)] gatt_client_handle_server_rsp opcode: 0x09
2025-09-15 10:28:52.127  1735-2015  bt_stack                com.android.bluetooth                I  [INFO:gatt_cl.cc(799)] gatt_process_read_by_type_rspop=1 subtype=4
2025-09-15 10:28:52.128  1735-2015  bt_stack                com.android.bluetooth                I  [INFO:gatt_cl.cc(983)] gatt_process_read_by_type_rsp: initiate another discovery request
2025-09-15 10:28:52.128  1735-2015  bt_stack                com.android.bluetooth                I  [INFO:gatt_cl.cc(101)] gatt_act_discovery opcode: 0x08
2025-09-15 10:28:52.128  1735-2015  bluetooth               com.android.bluetooth                I  attp_cl_send_cmd: Sending ATT command to l2cap cid:0x0004 eatt_channels:0 transport:BT_TRANSPORT_LE
2025-09-15 10:28:52.128  1735-2015  bluetooth               com.android.bluetooth                I  attp_cl_send_cmd: Starting ATT response timer
2025-09-15 10:28:52.148  1735-2015  bt_stack                com.android.bluetooth                I  [INFO:gatt_cl.cc(1194)] gatt_client_handle_server_rsp opcode: 0x01
2025-09-15 10:28:52.149  1735-2015  bt_stack                com.android.bluetooth                I  [INFO:gatt_cl.cc(533)] gatt_process_error_rsp
2025-09-15 10:28:52.149  1735-2015  bt_stack                com.android.bluetooth                I  [INFO:gatt_utils.cc(1500)] gatt_end_operation status=0 op=1 subtype=4
2025-09-15 10:28:52.149  1735-2015  bt_stack                com.android.bluetooth                I  [INFO:bta_gattc_cache.cc(500)] bta_gattc_disc_cmpl_cback: disc_type=4
2025-09-15 10:28:52.149  1735-2015  bt_stack                com.android.bluetooth                I  [INFO:gatt_api.cc(711)] GATTC_Discover conn_id=0x000d, disc_type=3, s_handle=0x0021, e_handle=0x0025
2025-09-15 10:28:52.149  1735-2015  bt_stack                com.android.bluetooth                I  [INFO:gatt_cl.cc(101)] gatt_act_discovery opcode: 0x08
2025-09-15 10:28:52.150  1735-2015  bluetooth               com.android.bluetooth                I  attp_cl_send_cmd: Sending ATT command to l2cap cid:0x0004 eatt_channels:0 transport:BT_TRANSPORT_LE
2025-09-15 10:28:52.150  1735-2015  bluetooth               com.android.bluetooth                I  attp_cl_send_cmd: Starting ATT response timer
2025-09-15 10:28:52.164  1735-2015  bt_stack                com.android.bluetooth                I  [INFO:gatt_cl.cc(1194)] gatt_client_handle_server_rsp opcode: 0x01
2025-09-15 10:28:52.164  1735-2015  bt_stack                com.android.bluetooth                I  [INFO:gatt_cl.cc(533)] gatt_process_error_rsp
2025-09-15 10:28:52.164  1735-2015  bt_stack                com.android.bluetooth                I  [INFO:gatt_utils.cc(1500)] gatt_end_operation status=0 op=1 subtype=3
2025-09-15 10:28:52.165  1735-2015  bt_stack                com.android.bluetooth                I  [INFO:bta_gattc_cache.cc(500)] bta_gattc_disc_cmpl_cback: disc_type=3
2025-09-15 10:28:52.165  1735-2015  bt_stack                com.android.bluetooth                I  [INFO:gatt_api.cc(711)] GATTC_Discover conn_id=0x000d, disc_type=4, s_handle=0x0021, e_handle=0x0025
2025-09-15 10:28:52.165  1735-2015  bt_stack                com.android.bluetooth                I  [INFO:gatt_cl.cc(101)] gatt_act_discovery opcode: 0x08
2025-09-15 10:28:52.165  1735-2015  bluetooth               com.android.bluetooth                I  attp_cl_send_cmd: Sending ATT command to l2cap cid:0x0004 eatt_channels:0 transport:BT_TRANSPORT_LE
2025-09-15 10:28:52.165  1735-2015  bluetooth               com.android.bluetooth                I  attp_cl_send_cmd: Starting ATT response timer
2025-09-15 10:28:52.179  1735-2015  bt_stack                com.android.bluetooth                I  [INFO:gatt_cl.cc(1194)] gatt_client_handle_server_rsp opcode: 0x09
2025-09-15 10:28:52.179  1735-2015  bt_stack                com.android.bluetooth                I  [INFO:gatt_cl.cc(799)] gatt_process_read_by_type_rspop=1 subtype=4
2025-09-15 10:28:52.179  1735-2015  bt_stack                com.android.bluetooth                I  [INFO:gatt_cl.cc(983)] gatt_process_read_by_type_rsp: initiate another discovery request
2025-09-15 10:28:52.179  1735-2015  bt_stack                com.android.bluetooth                I  [INFO:gatt_cl.cc(101)] gatt_act_discovery opcode: 0x08
2025-09-15 10:28:52.179  1735-2015  bluetooth               com.android.bluetooth                I  attp_cl_send_cmd: Sending ATT command to l2cap cid:0x0004 eatt_channels:0 transport:BT_TRANSPORT_LE
2025-09-15 10:28:52.180  1735-2015  bluetooth               com.android.bluetooth                I  attp_cl_send_cmd: Starting ATT response timer
2025-09-15 10:28:52.202  1735-2015  bt_stack                com.android.bluetooth                I  [INFO:gatt_cl.cc(1194)] gatt_client_handle_server_rsp opcode: 0x09
2025-09-15 10:28:52.202  1735-2015  bt_stack                com.android.bluetooth                I  [INFO:gatt_cl.cc(799)] gatt_process_read_by_type_rspop=1 subtype=4
2025-09-15 10:28:52.202  1735-2015  bt_stack                com.android.bluetooth                I  [INFO:gatt_cl.cc(983)] gatt_process_read_by_type_rsp: initiate another discovery request
2025-09-15 10:28:52.203  1735-2015  bt_stack                com.android.bluetooth                I  [INFO:gatt_cl.cc(101)] gatt_act_discovery opcode: 0x08
2025-09-15 10:28:52.203  1735-2015  bluetooth               com.android.bluetooth                I  attp_cl_send_cmd: Sending ATT command to l2cap cid:0x0004 eatt_channels:0 transport:BT_TRANSPORT_LE
2025-09-15 10:28:52.203  1735-2015  bluetooth               com.android.bluetooth                I  attp_cl_send_cmd: Starting ATT response timer
2025-09-15 10:28:52.216  1735-2015  bt_stack                com.android.bluetooth                I  [INFO:gatt_cl.cc(1194)] gatt_client_handle_server_rsp opcode: 0x01
2025-09-15 10:28:52.216  1735-2015  bt_stack                com.android.bluetooth                I  [INFO:gatt_cl.cc(533)] gatt_process_error_rsp
2025-09-15 10:28:52.216  1735-2015  bt_stack                com.android.bluetooth                I  [INFO:gatt_utils.cc(1500)] gatt_end_operation status=0 op=1 subtype=4
2025-09-15 10:28:52.216  1735-2015  bt_stack                com.android.bluetooth                I  [INFO:bta_gattc_cache.cc(500)] bta_gattc_disc_cmpl_cback: disc_type=4
2025-09-15 10:28:52.217  1735-2015  bt_stack                com.android.bluetooth                I  [INFO:gatt_api.cc(711)] GATTC_Discover conn_id=0x000d, disc_type=3, s_handle=0x0026, e_handle=0x002a
2025-09-15 10:28:52.217  1735-2015  bt_stack                com.android.bluetooth                I  [INFO:gatt_cl.cc(101)] gatt_act_discovery opcode: 0x08
2025-09-15 10:28:52.217  1735-2015  bluetooth               com.android.bluetooth                I  attp_cl_send_cmd: Sending ATT command to l2cap cid:0x0004 eatt_channels:0 transport:BT_TRANSPORT_LE
2025-09-15 10:28:52.217  1735-2015  bluetooth               com.android.bluetooth                I  attp_cl_send_cmd: Starting ATT response timer
2025-09-15 10:28:52.232  1735-2015  bt_stack                com.android.bluetooth                I  [INFO:gatt_cl.cc(1194)] gatt_client_handle_server_rsp opcode: 0x01
2025-09-15 10:28:52.232  1735-2015  bt_stack                com.android.bluetooth                I  [INFO:gatt_cl.cc(533)] gatt_process_error_rsp
2025-09-15 10:28:52.232  1735-2015  bt_stack                com.android.bluetooth                I  [INFO:gatt_utils.cc(1500)] gatt_end_operation status=0 op=1 subtype=3
2025-09-15 10:28:52.232  1735-2015  bt_stack                com.android.bluetooth                I  [INFO:bta_gattc_cache.cc(500)] bta_gattc_disc_cmpl_cback: disc_type=3
2025-09-15 10:28:52.232  1735-2015  bt_stack                com.android.bluetooth                I  [INFO:gatt_api.cc(711)] GATTC_Discover conn_id=0x000d, disc_type=4, s_handle=0x0026, e_handle=0x002a
2025-09-15 10:28:52.233  1735-2015  bt_stack                com.android.bluetooth                I  [INFO:gatt_cl.cc(101)] gatt_act_discovery opcode: 0x08
2025-09-15 10:28:52.233  1735-2015  bluetooth               com.android.bluetooth                I  attp_cl_send_cmd: Sending ATT command to l2cap cid:0x0004 eatt_channels:0 transport:BT_TRANSPORT_LE
2025-09-15 10:28:52.233  1735-2015  bluetooth               com.android.bluetooth                I  attp_cl_send_cmd: Starting ATT response timer
2025-09-15 10:28:52.246  1735-2015  bt_stack                com.android.bluetooth                I  [INFO:gatt_cl.cc(1194)] gatt_client_handle_server_rsp opcode: 0x09
2025-09-15 10:28:52.247  1735-2015  bt_stack                com.android.bluetooth                I  [INFO:gatt_cl.cc(799)] gatt_process_read_by_type_rspop=1 subtype=4
2025-09-15 10:28:52.247  1735-2015  bt_stack                com.android.bluetooth                I  [INFO:gatt_cl.cc(983)] gatt_process_read_by_type_rsp: initiate another discovery request
2025-09-15 10:28:52.247  1735-2015  bt_stack                com.android.bluetooth                I  [INFO:gatt_cl.cc(101)] gatt_act_discovery opcode: 0x08
2025-09-15 10:28:52.247  1735-2015  bluetooth               com.android.bluetooth                I  attp_cl_send_cmd: Sending ATT command to l2cap cid:0x0004 eatt_channels:0 transport:BT_TRANSPORT_LE
2025-09-15 10:28:52.247  1735-2015  bluetooth               com.android.bluetooth                I  attp_cl_send_cmd: Starting ATT response timer
2025-09-15 10:28:52.261   995-2760  StNfcHal                android.hardware.nfc@1.2-service-st  D  (#013F0) Rx 6f 02 0f (hidden)
2025-09-15 10:28:52.261  1735-2015  bt_stack                com.android.bluetooth                I  [INFO:gatt_cl.cc(1194)] gatt_client_handle_server_rsp opcode: 0x09
2025-09-15 10:28:52.261  1735-2015  bt_stack                com.android.bluetooth                I  [INFO:gatt_cl.cc(799)] gatt_process_read_by_type_rspop=1 subtype=4
2025-09-15 10:28:52.262  1735-2015  bt_stack                com.android.bluetooth                I  [INFO:gatt_cl.cc(983)] gatt_process_read_by_type_rsp: initiate another discovery request
2025-09-15 10:28:52.262  1735-2015  bt_stack                com.android.bluetooth                I  [INFO:gatt_cl.cc(101)] gatt_act_discovery opcode: 0x08
2025-09-15 10:28:52.262  1735-2015  bluetooth               com.android.bluetooth                I  attp_cl_send_cmd: Sending ATT command to l2cap cid:0x0004 eatt_channels:0 transport:BT_TRANSPORT_LE
2025-09-15 10:28:52.262  1735-2015  bluetooth               com.android.bluetooth                I  attp_cl_send_cmd: Starting ATT response timer
2025-09-15 10:28:52.276  1735-2015  bt_stack                com.android.bluetooth                I  [INFO:gatt_cl.cc(1194)] gatt_client_handle_server_rsp opcode: 0x01
2025-09-15 10:28:52.276  1735-2015  bt_stack                com.android.bluetooth                I  [INFO:gatt_cl.cc(533)] gatt_process_error_rsp
2025-09-15 10:28:52.276  1735-2015  bt_stack                com.android.bluetooth                I  [INFO:gatt_utils.cc(1500)] gatt_end_operation status=0 op=1 subtype=4
2025-09-15 10:28:52.276  1735-2015  bt_stack                com.android.bluetooth                I  [INFO:bta_gattc_cache.cc(500)] bta_gattc_disc_cmpl_cback: disc_type=4
2025-09-15 10:28:52.276  1735-2015  bt_stack                com.android.bluetooth                I  [INFO:gatt_api.cc(711)] GATTC_Discover conn_id=0x000d, disc_type=3, s_handle=0x002b, e_handle=0x002d
