2025-09-15 10:28:34.614  1735-2015  bt_stack                com.android.bluetooth                I  [INFO:bta_gattc_cache.cc(437)] bta_gattc_disc_res_cback: disc_type=1 p_data->handle=0x0026 e_handle=0x002a service_type=a55d1c55-0088-0009-0000-f0d78f4d8082
2025-09-15 10:28:34.614  1735-2015  bt_stack                com.android.bluetooth                I  [INFO:gatt_cl.cc(983)] gatt_process_read_by_type_rsp: initiate another discovery request
2025-09-15 10:28:34.614  1735-2015  bt_stack                com.android.bluetooth                I  [INFO:gatt_cl.cc(101)] gatt_act_discovery opcode: 0x10
2025-09-15 10:28:34.614  1735-2015  bluetooth               com.android.bluetooth                I  attp_cl_send_cmd: Sending ATT command to l2cap cid:0x0004 eatt_channels:0 transport:BT_TRANSPORT_LE
2025-09-15 10:28:34.615  1735-2015  bluetooth               com.android.bluetooth                I  attp_cl_send_cmd: Starting ATT response timer
2025-09-15 10:28:34.636  1735-2015  bt_stack                com.android.bluetooth                I  [INFO:gatt_cl.cc(1194)] gatt_client_handle_server_rsp opcode: 0x11
2025-09-15 10:28:34.636   823-823   SurfaceFlinger          surfaceflinger                       I  operator()(), mtkRenderCntDebug 11641, screenshot (com.remoticom.energynodeinset/com.remoticom.streetlighting.MainActivity#1442)
2025-09-15 10:28:34.636  1735-2015  bt_stack                com.android.bluetooth                I  [INFO:gatt_cl.cc(799)] gatt_process_read_by_type_rspop=1 subtype=1
2025-09-15 10:28:34.636  1735-2015  bt_stack                com.android.bluetooth                I  [INFO:bta_gattc_cache.cc(437)] bta_gattc_disc_res_cback: disc_type=1 p_data->handle=0x002b e_handle=0x002d service_type=a55d1c55-0088-000a-0000-f0d78f4d8082
2025-09-15 10:28:34.636  1735-2015  bt_stack                com.android.bluetooth                I  [INFO:gatt_cl.cc(983)] gatt_process_read_by_type_rsp: initiate another discovery request
2025-09-15 10:28:34.636  1735-2015  bt_stack                com.android.bluetooth                I  [INFO:gatt_cl.cc(101)] gatt_act_discovery opcode: 0x10
2025-09-15 10:28:34.636  1735-2015  bluetooth               com.android.bluetooth                I  attp_cl_send_cmd: Sending ATT command to l2cap cid:0x0004 eatt_channels:0 transport:BT_TRANSPORT_LE
2025-09-15 10:28:34.637  1735-2015  bluetooth               com.android.bluetooth                I  attp_cl_send_cmd: Starting ATT response timer
2025-09-15 10:28:34.673  1735-2015  bt_stack                com.android.bluetooth                I  [INFO:gatt_cl.cc(1194)] gatt_client_handle_server_rsp opcode: 0x01
2025-09-15 10:28:34.674  1735-2015  bt_stack                com.android.bluetooth                I  [INFO:gatt_cl.cc(533)] gatt_process_error_rsp
2025-09-15 10:28:34.674  1735-2015  bt_stack                com.android.bluetooth                I  [INFO:gatt_utils.cc(1500)] gatt_end_operation status=0 op=1 subtype=1
2025-09-15 10:28:34.674  1735-2015  bt_stack                com.android.bluetooth                I  [INFO:bta_gattc_cache.cc(500)] bta_gattc_disc_cmpl_cback: disc_type=1
2025-09-15 10:28:34.674  1735-2015  bt_stack                com.android.bluetooth                I  [INFO:gatt_api.cc(711)] GATTC_Discover conn_id=0x000c, disc_type=3, s_handle=0x0001, e_handle=0x0004
2025-09-15 10:28:34.674  1735-2015  bt_stack                com.android.bluetooth                I  [INFO:gatt_cl.cc(101)] gatt_act_discovery opcode: 0x08
2025-09-15 10:28:34.674  1735-2015  bluetooth               com.android.bluetooth                I  attp_cl_send_cmd: Sending ATT command to l2cap cid:0x0004 eatt_channels:0 transport:BT_TRANSPORT_LE
2025-09-15 10:28:34.675  1735-2015  bluetooth               com.android.bluetooth                I  attp_cl_send_cmd: Starting ATT response timer
2025-09-15 10:28:34.696  1735-2015  bt_stack                com.android.bluetooth                I  [INFO:gatt_cl.cc(1194)] gatt_client_handle_server_rsp opcode: 0x01
2025-09-15 10:28:34.696  1735-2015  bt_stack                com.android.bluetooth                I  [INFO:gatt_cl.cc(533)] gatt_process_error_rsp
2025-09-15 10:28:34.696  1735-2015  bt_stack                com.android.bluetooth                I  [INFO:gatt_utils.cc(1500)] gatt_end_operation status=0 op=1 subtype=3
2025-09-15 10:28:34.696  1735-2015  bt_stack                com.android.bluetooth                I  [INFO:bta_gattc_cache.cc(500)] bta_gattc_disc_cmpl_cback: disc_type=3
2025-09-15 10:28:34.697  1735-2015  bt_stack                com.android.bluetooth                I  [INFO:gatt_api.cc(711)] GATTC_Discover conn_id=0x000c, disc_type=4, s_handle=0x0001, e_handle=0x0004
2025-09-15 10:28:34.697  1735-2015  bt_stack                com.android.bluetooth                I  [INFO:gatt_cl.cc(101)] gatt_act_discovery opcode: 0x08
2025-09-15 10:28:34.697  1735-2015  bluetooth               com.android.bluetooth                I  attp_cl_send_cmd: Sending ATT command to l2cap cid:0x0004 eatt_channels:0 transport:BT_TRANSPORT_LE
2025-09-15 10:28:34.697  1735-2015  bluetooth               com.android.bluetooth                I  attp_cl_send_cmd: Starting ATT response timer
2025-09-15 10:28:34.714   995-2760  StNfcHal                android.hardware.nfc@1.2-service-st  D  (#01395) Rx 6f 02 0f (hidden)
2025-09-15 10:28:34.719  1735-2015  bt_stack                com.android.bluetooth                I  [INFO:gatt_cl.cc(1194)] gatt_client_handle_server_rsp opcode: 0x09
2025-09-15 10:28:34.719  1735-2015  bt_stack                com.android.bluetooth                I  [INFO:gatt_cl.cc(799)] gatt_process_read_by_type_rspop=1 subtype=4
2025-09-15 10:28:34.720  1735-2015  bt_stack                com.android.bluetooth                I  [INFO:gatt_cl.cc(983)] gatt_process_read_by_type_rsp: initiate another discovery request
2025-09-15 10:28:34.720  1735-2015  bt_stack                com.android.bluetooth                I  [INFO:gatt_cl.cc(101)] gatt_act_discovery opcode: 0x08
2025-09-15 10:28:34.720  1735-2015  bluetooth               com.android.bluetooth                I  attp_cl_send_cmd: Sending ATT command to l2cap cid:0x0004 eatt_channels:0 transport:BT_TRANSPORT_LE
2025-09-15 10:28:34.720  1735-2015  bluetooth               com.android.bluetooth                I  attp_cl_send_cmd: Starting ATT response timer
2025-09-15 10:28:34.733  1735-2015  bt_stack                com.android.bluetooth                I  [INFO:gatt_cl.cc(1194)] gatt_client_handle_server_rsp opcode: 0x01
2025-09-15 10:28:34.734  1735-2015  bt_stack                com.android.bluetooth                I  [INFO:gatt_cl.cc(533)] gatt_process_error_rsp
2025-09-15 10:28:34.734  1735-2015  bt_stack                com.android.bluetooth                I  [INFO:gatt_utils.cc(1500)] gatt_end_operation status=0 op=1 subtype=4
2025-09-15 10:28:34.734  1735-2015  bt_stack                com.android.bluetooth                I  [INFO:bta_gattc_cache.cc(500)] bta_gattc_disc_cmpl_cback: disc_type=4
2025-09-15 10:28:34.734  1735-2015  bt_stack                com.android.bluetooth                I  [INFO:gatt_api.cc(711)] GATTC_Discover conn_id=0x000c, disc_type=5, s_handle=0x0004, e_handle=0x0004
2025-09-15 10:28:34.734  1735-2015  bt_stack                com.android.bluetooth                I  [INFO:gatt_cl.cc(101)] gatt_act_discovery opcode: 0x04
2025-09-15 10:28:34.734  1735-2015  bluetooth               com.android.bluetooth                I  attp_cl_send_cmd: Sending ATT command to l2cap cid:0x0004 eatt_channels:0 transport:BT_TRANSPORT_LE
2025-09-15 10:28:34.735  1735-2015  bluetooth               com.android.bluetooth                I  attp_cl_send_cmd: Starting ATT response timer
2025-09-15 10:28:34.748  1735-2015  bt_stack                com.android.bluetooth                I  [INFO:gatt_cl.cc(1194)] gatt_client_handle_server_rsp opcode: 0x05
2025-09-15 10:28:34.748  1735-2015  bt_stack                com.android.bluetooth                I  [INFO:gatt_utils.cc(1500)] gatt_end_operation status=0 op=1 subtype=5
2025-09-15 10:28:34.749  1735-2015  bt_stack                com.android.bluetooth                I  [INFO:bta_gattc_cache.cc(500)] bta_gattc_disc_cmpl_cback: disc_type=5
2025-09-15 10:28:34.749  1735-2015  bt_stack                com.android.bluetooth                I  [INFO:gatt_api.cc(711)] GATTC_Discover conn_id=0x000c, disc_type=3, s_handle=0x0005, e_handle=0x000b
2025-09-15 10:28:34.749  1735-2015  bt_stack                com.android.bluetooth                I  [INFO:gatt_cl.cc(101)] gatt_act_discovery opcode: 0x08
2025-09-15 10:28:34.749  1735-2015  bluetooth               com.android.bluetooth                I  attp_cl_send_cmd: Sending ATT command to l2cap cid:0x0004 eatt_channels:0 transport:BT_TRANSPORT_LE
2025-09-15 10:28:34.749  1735-2015  bluetooth               com.android.bluetooth                I  attp_cl_send_cmd: Starting ATT response timer
2025-09-15 10:28:34.763  1735-2015  bt_stack                com.android.bluetooth                I  [INFO:gatt_cl.cc(1194)] gatt_client_handle_server_rsp opcode: 0x01
2025-09-15 10:28:34.763  1735-2015  bt_stack                com.android.bluetooth                I  [INFO:gatt_cl.cc(533)] gatt_process_error_rsp
2025-09-15 10:28:34.763  1735-2015  bt_stack                com.android.bluetooth                I  [INFO:gatt_utils.cc(1500)] gatt_end_operation status=0 op=1 subtype=3
2025-09-15 10:28:34.763  1735-2015  bt_stack                com.android.bluetooth                I  [INFO:bta_gattc_cache.cc(500)] bta_gattc_disc_cmpl_cback: disc_type=3
2025-09-15 10:28:34.764  1735-2015  bt_stack                com.android.bluetooth                I  [INFO:gatt_api.cc(711)] GATTC_Discover conn_id=0x000c, disc_type=4, s_handle=0x0005, e_handle=0x000b
2025-09-15 10:28:34.764  1735-2015  bt_stack                com.android.bluetooth                I  [INFO:gatt_cl.cc(101)] gatt_act_discovery opcode: 0x08
2025-09-15 10:28:34.764  1735-2015  bluetooth               com.android.bluetooth                I  attp_cl_send_cmd: Sending ATT command to l2cap cid:0x0004 eatt_channels:0 transport:BT_TRANSPORT_LE
2025-09-15 10:28:34.764  1735-2015  bluetooth               com.android.bluetooth                I  attp_cl_send_cmd: Starting ATT response timer
2025-09-15 10:28:34.778  1735-2015  bt_stack                com.android.bluetooth                I  [INFO:gatt_cl.cc(1194)] gatt_client_handle_server_rsp opcode: 0x09
2025-09-15 10:28:34.779  1735-2015  bt_stack                com.android.bluetooth                I  [INFO:gatt_cl.cc(799)] gatt_process_read_by_type_rspop=1 subtype=4
2025-09-15 10:28:34.779  1735-2015  bt_stack                com.android.bluetooth                I  [INFO:gatt_cl.cc(983)] gatt_process_read_by_type_rsp: initiate another discovery request
2025-09-15 10:28:34.779  1735-2015  bt_stack                com.android.bluetooth                I  [INFO:gatt_cl.cc(101)] gatt_act_discovery opcode: 0x08
2025-09-15 10:28:34.779  1735-2015  bluetooth               com.android.bluetooth                I  attp_cl_send_cmd: Sending ATT command to l2cap cid:0x0004 eatt_channels:0 transport:BT_TRANSPORT_LE
2025-09-15 10:28:34.779  1735-2015  bluetooth               com.android.bluetooth                I  attp_cl_send_cmd: Starting ATT response timer
2025-09-15 10:28:34.793  1735-2015  bt_stack                com.android.bluetooth                I  [INFO:gatt_cl.cc(1194)] gatt_client_handle_server_rsp opcode: 0x01
2025-09-15 10:28:34.793  1735-2015  bt_stack                com.android.bluetooth                I  [INFO:gatt_cl.cc(533)] gatt_process_error_rsp
2025-09-15 10:28:34.794  1735-2015  bt_stack                com.android.bluetooth                I  [INFO:gatt_utils.cc(1500)] gatt_end_operation status=0 op=1 subtype=4
2025-09-15 10:28:34.794  1735-2015  bt_stack                com.android.bluetooth                I  [INFO:bta_gattc_cache.cc(500)] bta_gattc_disc_cmpl_cback: disc_type=4
2025-09-15 10:28:34.794  1735-2015  bt_stack                com.android.bluetooth                I  [INFO:gatt_api.cc(711)] GATTC_Discover conn_id=0x000c, disc_type=3, s_handle=0x000c, e_handle=0x0010
2025-09-15 10:28:34.794  1735-2015  bt_stack                com.android.bluetooth                I  [INFO:gatt_cl.cc(101)] gatt_act_discovery opcode: 0x08
2025-09-15 10:28:34.794  1735-2015  bluetooth               com.android.bluetooth                I  attp_cl_send_cmd: Sending ATT command to l2cap cid:0x0004 eatt_channels:0 transport:BT_TRANSPORT_LE
2025-09-15 10:28:34.795  1735-2015  bluetooth               com.android.bluetooth                I  attp_cl_send_cmd: Starting ATT response timer
2025-09-15 10:28:34.808  1735-2015  bt_stack                com.android.bluetooth                I  [INFO:gatt_cl.cc(1194)] gatt_client_handle_server_rsp opcode: 0x01
2025-09-15 10:28:34.808  1735-2015  bt_stack                com.android.bluetooth                I  [INFO:gatt_cl.cc(533)] gatt_process_error_rsp
2025-09-15 10:28:34.808  1735-2015  bt_stack                com.android.bluetooth                I  [INFO:gatt_utils.cc(1500)] gatt_end_operation status=0 op=1 subtype=3
2025-09-15 10:28:34.808  1735-2015  bt_stack                com.android.bluetooth                I  [INFO:bta_gattc_cache.cc(500)] bta_gattc_disc_cmpl_cback: disc_type=3
2025-09-15 10:28:34.808  1735-2015  bt_stack                com.android.bluetooth                I  [INFO:gatt_api.cc(711)] GATTC_Discover conn_id=0x000c, disc_type=4, s_handle=0x000c, e_handle=0x0010
2025-09-15 10:28:34.808  1735-2015  bt_stack                com.android.bluetooth                I  [INFO:gatt_cl.cc(101)] gatt_act_discovery opcode: 0x08
2025-09-15 10:28:34.809  1735-2015  bluetooth               com.android.bluetooth                I  attp_cl_send_cmd: Sending ATT command to l2cap cid:0x0004 eatt_channels:0 transport:BT_TRANSPORT_LE
2025-09-15 10:28:34.809  1735-2015  bluetooth               com.android.bluetooth                I  attp_cl_send_cmd: Starting ATT response timer
2025-09-15 10:28:34.824  1735-2015  bt_stack                com.android.bluetooth                I  [INFO:gatt_cl.cc(1194)] gatt_client_handle_server_rsp opcode: 0x09
2025-09-15 10:28:34.824  1735-2015  bt_stack                com.android.bluetooth                I  [INFO:gatt_cl.cc(799)] gatt_process_read_by_type_rspop=1 subtype=4
2025-09-15 10:28:34.824  1735-2015  bt_stack                com.android.bluetooth                I  [INFO:gatt_cl.cc(983)] gatt_process_read_by_type_rsp: initiate another discovery request
2025-09-15 10:28:34.824  1735-2015  bt_stack                com.android.bluetooth                I  [INFO:gatt_cl.cc(101)] gatt_act_discovery opcode: 0x08
2025-09-15 10:28:34.824  1735-2015  bluetooth               com.android.bluetooth                I  attp_cl_send_cmd: Sending ATT command to l2cap cid:0x0004 eatt_channels:0 transport:BT_TRANSPORT_LE
2025-09-15 10:28:34.825  1735-2015  bluetooth               com.android.bluetooth                I  attp_cl_send_cmd: Starting ATT response timer
2025-09-15 10:28:34.839  1735-2015  bt_stack                com.android.bluetooth                I  [INFO:gatt_cl.cc(1194)] gatt_client_handle_server_rsp opcode: 0x09
2025-09-15 10:28:34.839  1735-2015  bt_stack                com.android.bluetooth                I  [INFO:gatt_cl.cc(799)] gatt_process_read_by_type_rspop=1 subtype=4
2025-09-15 10:28:34.839  1735-2015  bt_stack                com.android.bluetooth                I  [INFO:gatt_cl.cc(983)] gatt_process_read_by_type_rsp: initiate another discovery request
2025-09-15 10:28:34.840  1735-2015  bt_stack                com.android.bluetooth                I  [INFO:gatt_cl.cc(101)] gatt_act_discovery opcode: 0x08
2025-09-15 10:28:34.840  1735-2015  bluetooth               com.android.bluetooth                I  attp_cl_send_cmd: Sending ATT command to l2cap cid:0x0004 eatt_channels:0 transport:BT_TRANSPORT_LE
2025-09-15 10:28:34.840  1735-2015  bluetooth               com.android.bluetooth                I  attp_cl_send_cmd: Starting ATT response timer
2025-09-15 10:28:34.860  1735-2015  bt_stack                com.android.bluetooth                I  [INFO:gatt_cl.cc(1194)] gatt_client_handle_server_rsp opcode: 0x01
2025-09-15 10:28:34.861  1735-2015  bt_stack                com.android.bluetooth                I  [INFO:gatt_cl.cc(533)] gatt_process_error_rsp
2025-09-15 10:28:34.861  1735-2015  bt_stack                com.android.bluetooth                I  [INFO:gatt_utils.cc(1500)] gatt_end_operation status=0 op=1 subtype=4
2025-09-15 10:28:34.861  1735-2015  bt_stack                com.android.bluetooth                I  [INFO:bta_gattc_cache.cc(500)] bta_gattc_disc_cmpl_cback: disc_type=4
2025-09-15 10:28:34.861  1735-2015  bt_stack                com.android.bluetooth                I  [INFO:gatt_api.cc(711)] GATTC_Discover conn_id=0x000c, disc_type=3, s_handle=0x0011, e_handle=0x0017
2025-09-15 10:28:34.862  1735-2015  bt_stack                com.android.bluetooth                I  [INFO:gatt_cl.cc(101)] gatt_act_discovery opcode: 0x08
2025-09-15 10:28:34.862  1735-2015  bluetooth               com.android.bluetooth                I  attp_cl_send_cmd: Sending ATT command to l2cap cid:0x0004 eatt_channels:0 transport:BT_TRANSPORT_LE
2025-09-15 10:28:34.862  1735-2015  bluetooth               com.android.bluetooth                I  attp_cl_send_cmd: Starting ATT response timer
2025-09-15 10:28:34.875  1735-2015  bt_stack                com.android.bluetooth                I  [INFO:gatt_cl.cc(1194)] gatt_client_handle_server_rsp opcode: 0x01
2025-09-15 10:28:34.875  1735-2015  bt_stack                com.android.bluetooth                I  [INFO:gatt_cl.cc(533)] gatt_process_error_rsp
2025-09-15 10:28:34.875  1735-2015  bt_stack                com.android.bluetooth                I  [INFO:gatt_utils.cc(1500)] gatt_end_operation status=0 op=1 subtype=3
2025-09-15 10:28:34.876  1735-2015  bt_stack                com.android.bluetooth                I  [INFO:bta_gattc_cache.cc(500)] bta_gattc_disc_cmpl_cback: disc_type=3
2025-09-15 10:28:34.876  1735-2015  bt_stack                com.android.bluetooth                I  [INFO:gatt_api.cc(711)] GATTC_Discover conn_id=0x000c, disc_type=4, s_handle=0x0011, e_handle=0x0017
2025-09-15 10:28:34.876  1735-2015  bt_stack                com.android.bluetooth                I  [INFO:gatt_cl.cc(101)] gatt_act_discovery opcode: 0x08
2025-09-15 10:28:34.876  1735-2015  bluetooth               com.android.bluetooth                I  attp_cl_send_cmd: Sending ATT command to l2cap cid:0x0004 eatt_channels:0 transport:BT_TRANSPORT_LE
2025-09-15 10:28:34.876  1735-2015  bluetooth               com.android.bluetooth                I  attp_cl_send_cmd: Starting ATT response timer
2025-09-15 10:28:34.898  1735-2015  bt_stack                com.android.bluetooth                I  [INFO:gatt_cl.cc(1194)] gatt_client_handle_server_rsp opcode: 0x09
2025-09-15 10:28:34.899  1735-2015  bt_stack                com.android.bluetooth                I  [INFO:gatt_cl.cc(799)] gatt_process_read_by_type_rspop=1 subtype=4
2025-09-15 10:28:34.899  1735-2015  bt_stack                com.android.bluetooth                I  [INFO:gatt_cl.cc(983)] gatt_process_read_by_type_rsp: initiate another discovery request
2025-09-15 10:28:34.899  1735-2015  bt_stack                com.android.bluetooth                I  [INFO:gatt_cl.cc(101)] gatt_act_discovery opcode: 0x08
2025-09-15 10:28:34.899  1735-2015  bluetooth               com.android.bluetooth                I  attp_cl_send_cmd: Sending ATT command to l2cap cid:0x0004 eatt_channels:0 transport:BT_TRANSPORT_LE
2025-09-15 10:28:34.899  1735-2015  bluetooth               com.android.bluetooth                I  attp_cl_send_cmd: Starting ATT response timer
2025-09-15 10:28:34.929  1735-2015  bt_stack                com.android.bluetooth                I  [INFO:gatt_cl.cc(1194)] gatt_client_handle_server_rsp opcode: 0x09
2025-09-15 10:28:34.930  1735-2015  bt_stack                com.android.bluetooth                I  [INFO:gatt_cl.cc(799)] gatt_process_read_by_type_rspop=1 subtype=4
2025-09-15 10:28:34.930  1735-2015  bt_stack                com.android.bluetooth                I  [INFO:gatt_cl.cc(983)] gatt_process_read_by_type_rsp: initiate another discovery request
2025-09-15 10:28:34.930  1735-2015  bt_stack                com.android.bluetooth                I  [INFO:gatt_cl.cc(101)] gatt_act_discovery opcode: 0x08
2025-09-15 10:28:34.930  1735-2015  bluetooth               com.android.bluetooth                I  attp_cl_send_cmd: Sending ATT command to l2cap cid:0x0004 eatt_channels:0 transport:BT_TRANSPORT_LE
2025-09-15 10:28:34.930  1735-2015  bluetooth               com.android.bluetooth                I  attp_cl_send_cmd: Starting ATT response timer
2025-09-15 10:28:34.943  1735-2015  bt_stack                com.android.bluetooth                I  [INFO:gatt_cl.cc(1194)] gatt_client_handle_server_rsp opcode: 0x09
2025-09-15 10:28:34.944  1735-2015  bt_stack                com.android.bluetooth                I  [INFO:gatt_cl.cc(799)] gatt_process_read_by_type_rspop=1 subtype=4
2025-09-15 10:28:34.944  1735-2015  bt_stack                com.android.bluetooth                I  [INFO:gatt_cl.cc(983)] gatt_process_read_by_type_rsp: initiate another discovery request
2025-09-15 10:28:34.944  1735-2015  bt_stack                com.android.bluetooth                I  [INFO:gatt_cl.cc(101)] gatt_act_discovery opcode: 0x08
2025-09-15 10:28:34.944  1735-2015  bluetooth               com.android.bluetooth                I  attp_cl_send_cmd: Sending ATT command to l2cap cid:0x0004 eatt_channels:0 transport:BT_TRANSPORT_LE
2025-09-15 10:28:34.944  1735-2015  bluetooth               com.android.bluetooth                I  attp_cl_send_cmd: Starting ATT response timer
2025-09-15 10:28:34.958  1735-2015  bt_stack                com.android.bluetooth                I  [INFO:gatt_cl.cc(1194)] gatt_client_handle_server_rsp opcode: 0x01
2025-09-15 10:28:34.959  1735-2015  bt_stack                com.android.bluetooth                I  [INFO:gatt_cl.cc(533)] gatt_process_error_rsp
2025-09-15 10:28:34.959  1735-2015  bt_stack                com.android.bluetooth                I  [INFO:gatt_utils.cc(1500)] gatt_end_operation status=0 op=1 subtype=4
2025-09-15 10:28:34.959  1735-2015  bt_stack                com.android.bluetooth                I  [INFO:bta_gattc_cache.cc(500)] bta_gattc_disc_cmpl_cback: disc_type=4
2025-09-15 10:28:34.959  1735-2015  bt_stack                com.android.bluetooth                I  [INFO:gatt_api.cc(711)] GATTC_Discover conn_id=0x000c, disc_type=3, s_handle=0x0018, e_handle=0x0020
2025-09-15 10:28:34.959  1735-2015  bt_stack                com.android.bluetooth                I  [INFO:gatt_cl.cc(101)] gatt_act_discovery opcode: 0x08
2025-09-15 10:28:34.959  1735-2015  bluetooth               com.android.bluetooth                I  attp_cl_send_cmd: Sending ATT command to l2cap cid:0x0004 eatt_channels:0 transport:BT_TRANSPORT_LE
2025-09-15 10:28:34.960  1735-2015  bluetooth               com.android.bluetooth                I  attp_cl_send_cmd: Starting ATT response timer
2025-09-15 10:28:34.973  1735-2015  bt_stack                com.android.bluetooth                I  [INFO:gatt_cl.cc(1194)] gatt_client_handle_server_rsp opcode: 0x01
2025-09-15 10:28:34.974  1735-2015  bt_stack                com.android.bluetooth                I  [INFO:gatt_cl.cc(533)] gatt_process_error_rsp
2025-09-15 10:28:34.974  1735-2015  bt_stack                com.android.bluetooth                I  [INFO:gatt_utils.cc(1500)] gatt_end_operation status=0 op=1 subtype=3
2025-09-15 10:28:34.974  1735-2015  bt_stack                com.android.bluetooth                I  [INFO:bta_gattc_cache.cc(500)] bta_gattc_disc_cmpl_cback: disc_type=3
2025-09-15 10:28:34.974  1735-2015  bt_stack                com.android.bluetooth                I  [INFO:gatt_api.cc(711)] GATTC_Discover conn_id=0x000c, disc_type=4, s_handle=0x0018, e_handle=0x0020
2025-09-15 10:28:34.974   995-2760  StNfcHal                android.hardware.nfc@1.2-service-st  D  (#01396) Rx 6f 02 27 (hidden)
2025-09-15 10:28:34.974  1735-2015  bt_stack                com.android.bluetooth                I  [INFO:gatt_cl.cc(101)] gatt_act_discovery opcode: 0x08
2025-09-15 10:28:34.975  1735-2015  bluetooth               com.android.bluetooth                I  attp_cl_send_cmd: Sending ATT command to l2cap cid:0x0004 eatt_channels:0 transport:BT_TRANSPORT_LE
2025-09-15 10:28:34.975  1735-2015  bluetooth               com.android.bluetooth                I  attp_cl_send_cmd: Starting ATT response timer
2025-09-15 10:28:34.988  1735-2015  bt_stack                com.android.bluetooth                I  [INFO:gatt_cl.cc(1194)] gatt_client_handle_server_rsp opcode: 0x09
2025-09-15 10:28:34.988  1735-2015  bt_stack                com.android.bluetooth                I  [INFO:gatt_cl.cc(799)] gatt_process_read_by_type_rspop=1 subtype=4
2025-09-15 10:28:34.989  1735-2015  bt_stack                com.android.bluetooth                I  [INFO:gatt_cl.cc(983)] gatt_process_read_by_type_rsp: initiate another discovery request
2025-09-15 10:28:34.989  1735-2015  bt_stack                com.android.bluetooth                I  [INFO:gatt_cl.cc(101)] gatt_act_discovery opcode: 0x08
2025-09-15 10:28:34.989  1735-2015  bluetooth               com.android.bluetooth                I  attp_cl_send_cmd: Sending ATT command to l2cap cid:0x0004 eatt_channels:0 transport:BT_TRANSPORT_LE
2025-09-15 10:28:34.989  1735-2015  bluetooth               com.android.bluetooth                I  attp_cl_send_cmd: Starting ATT response timer
2025-09-15 10:28:35.003  1735-2015  bt_stack                com.android.bluetooth                I  [INFO:gatt_cl.cc(1194)] gatt_client_handle_server_rsp opcode: 0x09
2025-09-15 10:28:35.004  1735-2015  bt_stack                com.android.bluetooth                I  [INFO:gatt_cl.cc(799)] gatt_process_read_by_type_rspop=1 subtype=4
2025-09-15 10:28:35.004  1735-2015  bt_stack                com.android.bluetooth                I  [INFO:gatt_cl.cc(983)] gatt_process_read_by_type_rsp: initiate another discovery request
2025-09-15 10:28:35.004  1735-2015  bt_stack                com.android.bluetooth                I  [INFO:gatt_cl.cc(101)] gatt_act_discovery opcode: 0x08
2025-09-15 10:28:35.004  1735-2015  bluetooth               com.android.bluetooth                I  attp_cl_send_cmd: Sending ATT command to l2cap cid:0x0004 eatt_channels:0 transport:BT_TRANSPORT_LE
2025-09-15 10:28:35.004  1735-2015  bluetooth               com.android.bluetooth                I  attp_cl_send_cmd: Starting ATT response timer
2025-09-15 10:28:35.019  1735-2015  bt_stack                com.android.bluetooth                I  [INFO:gatt_cl.cc(1194)] gatt_client_handle_server_rsp opcode: 0x09
2025-09-15 10:28:35.019  1735-2015  bt_stack                com.android.bluetooth                I  [INFO:gatt_cl.cc(799)] gatt_process_read_by_type_rspop=1 subtype=4
2025-09-15 10:28:35.019  1735-2015  bt_stack                com.android.bluetooth                I  [INFO:gatt_cl.cc(983)] gatt_process_read_by_type_rsp: initiate another discovery request
2025-09-15 10:28:35.019  1735-2015  bt_stack                com.android.bluetooth                I  [INFO:gatt_cl.cc(101)] gatt_act_discovery opcode: 0x08
2025-09-15 10:28:35.020  1735-2015  bluetooth               com.android.bluetooth                I  attp_cl_send_cmd: Sending ATT command to l2cap cid:0x0004 eatt_channels:0 transport:BT_TRANSPORT_LE
2025-09-15 10:28:35.020  1735-2015  bluetooth               com.android.bluetooth                I  attp_cl_send_cmd: Starting ATT response timer
2025-09-15 10:28:35.033  1735-2015  bt_stack                com.android.bluetooth                I  [INFO:gatt_cl.cc(1194)] gatt_client_handle_server_rsp opcode: 0x09
2025-09-15 10:28:35.033  1735-2015  bt_stack                com.android.bluetooth                I  [INFO:gatt_cl.cc(799)] gatt_process_read_by_type_rspop=1 subtype=4
2025-09-15 10:28:35.034  1735-2015  bt_stack                com.android.bluetooth                I  [INFO:gatt_cl.cc(983)] gatt_process_read_by_type_rsp: initiate another discovery request
2025-09-15 10:28:35.034  1735-2015  bt_stack                com.android.bluetooth                I  [INFO:gatt_cl.cc(101)] gatt_act_discovery opcode: 0x08
2025-09-15 10:28:35.034  1735-2015  bluetooth               com.android.bluetooth                I  attp_cl_send_cmd: Sending ATT command to l2cap cid:0x0004 eatt_channels:0 transport:BT_TRANSPORT_LE
2025-09-15 10:28:35.034  1735-2015  bluetooth               com.android.bluetooth                I  attp_cl_send_cmd: Starting ATT response timer
2025-09-15 10:28:35.048  1735-2015  bt_stack                com.android.bluetooth                I  [INFO:gatt_cl.cc(1194)] gatt_client_handle_server_rsp opcode: 0x01
2025-09-15 10:28:35.049  1735-2015  bt_stack                com.android.bluetooth                I  [INFO:gatt_cl.cc(533)] gatt_process_error_rsp
2025-09-15 10:28:35.049  1735-2015  bt_stack                com.android.bluetooth                I  [INFO:gatt_utils.cc(1500)] gatt_end_operation status=0 op=1 subtype=4
2025-09-15 10:28:35.049  1735-2015  bt_stack                com.android.bluetooth                I  [INFO:bta_gattc_cache.cc(500)] bta_gattc_disc_cmpl_cback: disc_type=4
2025-09-15 10:28:35.050  1735-2015  bt_stack                com.android.bluetooth                I  [INFO:gatt_api.cc(711)] GATTC_Discover conn_id=0x000c, disc_type=3, s_handle=0x0021, e_handle=0x0025
2025-09-15 10:28:35.050  1735-2015  bt_stack                com.android.bluetooth                I  [INFO:gatt_cl.cc(101)] gatt_act_discovery opcode: 0x08
2025-09-15 10:28:35.050  1735-2015  bluetooth               com.android.bluetooth                I  attp_cl_send_cmd: Sending ATT command to l2cap cid:0x0004 eatt_channels:0 transport:BT_TRANSPORT_LE
2025-09-15 10:28:35.050  1735-2015  bluetooth               com.android.bluetooth                I  attp_cl_send_cmd: Starting ATT response timer
2025-09-15 10:28:35.063  1735-2015  bt_stack                com.android.bluetooth                I  [INFO:gatt_cl.cc(1194)] gatt_client_handle_server_rsp opcode: 0x01
2025-09-15 10:28:35.063  1735-2015  bt_stack                com.android.bluetooth                I  [INFO:gatt_cl.cc(533)] gatt_process_error_rsp
2025-09-15 10:28:35.064  1735-2015  bt_stack                com.android.bluetooth                I  [INFO:gatt_utils.cc(1500)] gatt_end_operation status=0 op=1 subtype=3
2025-09-15 10:28:35.064  1735-2015  bt_stack                com.android.bluetooth                I  [INFO:bta_gattc_cache.cc(500)] bta_gattc_disc_cmpl_cback: disc_type=3
2025-09-15 10:28:35.064  1735-2015  bt_stack                com.android.bluetooth                I  [INFO:gatt_api.cc(711)] GATTC_Discover conn_id=0x000c, disc_type=4, s_handle=0x0021, e_handle=0x0025
2025-09-15 10:28:35.064  1735-2015  bt_stack                com.android.bluetooth                I  [INFO:gatt_cl.cc(101)] gatt_act_discovery opcode: 0x08
2025-09-15 10:28:35.064  1735-2015  bluetooth               com.android.bluetooth                I  attp_cl_send_cmd: Sending ATT command to l2cap cid:0x0004 eatt_channels:0 transport:BT_TRANSPORT_LE
2025-09-15 10:28:35.064  1735-2015  bluetooth               com.android.bluetooth                I  attp_cl_send_cmd: Starting ATT response timer
2025-09-15 10:28:35.078  1735-2015  bt_stack                com.android.bluetooth                I  [INFO:gatt_cl.cc(1194)] gatt_client_handle_server_rsp opcode: 0x09
2025-09-15 10:28:35.079  1735-2015  bt_stack                com.android.bluetooth                I  [INFO:gatt_cl.cc(799)] gatt_process_read_by_type_rspop=1 subtype=4
2025-09-15 10:28:35.079  1735-2015  bt_stack                com.android.bluetooth                I  [INFO:gatt_cl.cc(983)] gatt_process_read_by_type_rsp: initiate another discovery request
2025-09-15 10:28:35.079  1735-2015  bt_stack                com.android.bluetooth                I  [INFO:gatt_cl.cc(101)] gatt_act_discovery opcode: 0x08
2025-09-15 10:28:35.079  1735-2015  bluetooth               com.android.bluetooth                I  attp_cl_send_cmd: Sending ATT command to l2cap cid:0x0004 eatt_channels:0 transport:BT_TRANSPORT_LE
2025-09-15 10:28:35.079  1735-2015  bluetooth               com.android.bluetooth                I  attp_cl_send_cmd: Starting ATT response timer
2025-09-15 10:28:35.094  1735-2015  bt_stack                com.android.bluetooth                I  [INFO:gatt_cl.cc(1194)] gatt_client_handle_server_rsp opcode: 0x09
2025-09-15 10:28:35.094  1735-2015  bt_stack                com.android.bluetooth                I  [INFO:gatt_cl.cc(799)] gatt_process_read_by_type_rspop=1 subtype=4
2025-09-15 10:28:35.094  1735-2015  bt_stack                com.android.bluetooth                I  [INFO:gatt_cl.cc(983)] gatt_process_read_by_type_rsp: initiate another discovery request
2025-09-15 10:28:35.094  1735-2015  bt_stack                com.android.bluetooth                I  [INFO:gatt_cl.cc(101)] gatt_act_discovery opcode: 0x08
2025-09-15 10:28:35.094  1735-2015  bluetooth               com.android.bluetooth                I  attp_cl_send_cmd: Sending ATT command to l2cap cid:0x0004 eatt_channels:0 transport:BT_TRANSPORT_LE
2025-09-15 10:28:35.094  1735-2015  bluetooth               com.android.bluetooth                I  attp_cl_send_cmd: Starting ATT response timer
2025-09-15 10:28:35.108  1735-2015  bt_stack                com.android.bluetooth                I  [INFO:gatt_cl.cc(1194)] gatt_client_handle_server_rsp opcode: 0x01
2025-09-15 10:28:35.109  1735-2015  bt_stack                com.android.bluetooth                I  [INFO:gatt_cl.cc(533)] gatt_process_error_rsp
2025-09-15 10:28:35.109  1735-2015  bt_stack                com.android.bluetooth                I  [INFO:gatt_utils.cc(1500)] gatt_end_operation status=0 op=1 subtype=4
2025-09-15 10:28:35.109  1735-2015  bt_stack                com.android.bluetooth                I  [INFO:bta_gattc_cache.cc(500)] bta_gattc_disc_cmpl_cback: disc_type=4
2025-09-15 10:28:35.109  1735-2015  bt_stack                com.android.bluetooth                I  [INFO:gatt_api.cc(711)] GATTC_Discover conn_id=0x000c, disc_type=3, s_handle=0x0026, e_handle=0x002a
2025-09-15 10:28:35.110  1735-2015  bt_stack                com.android.bluetooth                I  [INFO:gatt_cl.cc(101)] gatt_act_discovery opcode: 0x08
2025-09-15 10:28:35.110  1735-2015  bluetooth               com.android.bluetooth                I  attp_cl_send_cmd: Sending ATT command to l2cap cid:0x0004 eatt_channels:0 transport:BT_TRANSPORT_LE
2025-09-15 10:28:35.110  1735-2015  bluetooth               com.android.bluetooth                I  attp_cl_send_cmd: Starting ATT response timer
2025-09-15 10:28:35.130  1735-2015  bt_stack                com.android.bluetooth                I  [INFO:gatt_cl.cc(1194)] gatt_client_handle_server_rsp opcode: 0x01
2025-09-15 10:28:35.131  1735-2015  bt_stack                com.android.bluetooth                I  [INFO:gatt_cl.cc(533)] gatt_process_error_rsp
2025-09-15 10:28:35.131  1735-2015  bt_stack                com.android.bluetooth                I  [INFO:gatt_utils.cc(1500)] gatt_end_operation status=0 op=1 subtype=3
2025-09-15 10:28:35.131  1735-2015  bt_stack                com.android.bluetooth                I  [INFO:bta_gattc_cache.cc(500)] bta_gattc_disc_cmpl_cback: disc_type=3
2025-09-15 10:28:35.131  1735-2015  bt_stack                com.android.bluetooth                I  [INFO:gatt_api.cc(711)] GATTC_Discover conn_id=0x000c, disc_type=4, s_handle=0x0026, e_handle=0x002a
2025-09-15 10:28:35.131  1735-2015  bt_stack                com.android.bluetooth                I  [INFO:gatt_cl.cc(101)] gatt_act_discovery opcode: 0x08
2025-09-15 10:28:35.131  1735-2015  bluetooth               com.android.bluetooth                I  attp_cl_send_cmd: Sending ATT command to l2cap cid:0x0004 eatt_channels:0 transport:BT_TRANSPORT_LE
2025-09-15 10:28:35.132  1735-2015  bluetooth               com.android.bluetooth                I  attp_cl_send_cmd: Starting ATT response timer
2025-09-15 10:28:35.147  1735-2015  bt_stack                com.android.bluetooth                I  [INFO:gatt_cl.cc(1194)] gatt_client_handle_server_rsp opcode: 0x09
2025-09-15 10:28:35.147  1735-2015  bt_stack                com.android.bluetooth                I  [INFO:gatt_cl.cc(799)] gatt_process_read_by_type_rspop=1 subtype=4
2025-09-15 10:28:35.147  1735-2015  bt_stack                com.android.bluetooth                I  [INFO:gatt_cl.cc(983)] gatt_process_read_by_type_rsp: initiate another discovery request
2025-09-15 10:28:35.147  1735-2015  bt_stack                com.android.bluetooth                I  [INFO:gatt_cl.cc(101)] gatt_act_discovery opcode: 0x08
2025-09-15 10:28:35.148  1735-2015  bluetooth               com.android.bluetooth                I  attp_cl_send_cmd: Sending ATT command to l2cap cid:0x0004 eatt_channels:0 transport:BT_TRANSPORT_LE
2025-09-15 10:28:35.148  1735-2015  bluetooth               com.android.bluetooth                I  attp_cl_send_cmd: Starting ATT response timer
2025-09-15 10:28:35.169  1735-2015  bt_stack                com.android.bluetooth                I  [INFO:gatt_cl.cc(1194)] gatt_client_handle_server_rsp opcode: 0x09
2025-09-15 10:28:35.169  1735-2015  bt_stack                com.android.bluetooth                I  [INFO:gatt_cl.cc(799)] gatt_process_read_by_type_rspop=1 subtype=4
2025-09-15 10:28:35.169  1735-2015  bt_stack                com.android.bluetooth                I  [INFO:gatt_cl.cc(983)] gatt_process_read_by_type_rsp: initiate another discovery request
2025-09-15 10:28:35.169  1735-2015  bt_stack                com.android.bluetooth                I  [INFO:gatt_cl.cc(101)] gatt_act_discovery opcode: 0x08
2025-09-15 10:28:35.170  1735-2015  bluetooth               com.android.bluetooth                I  attp_cl_send_cmd: Sending ATT command to l2cap cid:0x0004 eatt_channels:0 transport:BT_TRANSPORT_LE
2025-09-15 10:28:35.170  1735-2015  bluetooth               com.android.bluetooth                I  attp_cl_send_cmd: Starting ATT response timer
2025-09-15 10:28:35.184  1735-2015  bt_stack                com.android.bluetooth                I  [INFO:gatt_cl.cc(1194)] gatt_client_handle_server_rsp opcode: 0x01
2025-09-15 10:28:35.184  1735-2015  bt_stack                com.android.bluetooth                I  [INFO:gatt_cl.cc(533)] gatt_process_error_rsp
2025-09-15 10:28:35.184  1735-2015  bt_stack                com.android.bluetooth                I  [INFO:gatt_utils.cc(1500)] gatt_end_operation status=0 op=1 subtype=4
2025-09-15 10:28:35.184  1735-2015  bt_stack                com.android.bluetooth                I  [INFO:bta_gattc_cache.cc(500)] bta_gattc_disc_cmpl_cback: disc_type=4
2025-09-15 10:28:35.184  1735-2015  bt_stack                com.android.bluetooth                I  [INFO:gatt_api.cc(711)] GATTC_Discover conn_id=0x000c, disc_type=3, s_handle=0x002b, e_handle=0x002d
2025-09-15 10:28:35.185  1735-2015  bt_stack                com.android.bluetooth                I  [INFO:gatt_cl.cc(101)] gatt_act_discovery opcode: 0x08
2025-09-15 10:28:35.185  1735-2015  bluetooth               com.android.bluetooth                I  attp_cl_send_cmd: Sending ATT command to l2cap cid:0x0004 eatt_channels:0 transport:BT_TRANSPORT_LE
2025-09-15 10:28:35.185  1735-2015  bluetooth               com.android.bluetooth                I  attp_cl_send_cmd: Starting ATT response timer
2025-09-15 10:28:35.206  1735-2015  bt_stack                com.android.bluetooth                I  [INFO:gatt_cl.cc(1194)] gatt_client_handle_server_rsp opcode: 0x01
2025-09-15 10:28:35.206  1735-2015  bt_stack                com.android.bluetooth                I  [INFO:gatt_cl.cc(533)] gatt_process_error_rsp
2025-09-15 10:28:35.206  1735-2015  bt_stack                com.android.bluetooth                I  [INFO:gatt_utils.cc(1500)] gatt_end_operation status=0 op=1 subtype=3
2025-09-15 10:28:35.206  1735-2015  bt_stack                com.android.bluetooth                I  [INFO:bta_gattc_cache.cc(500)] bta_gattc_disc_cmpl_cback: disc_type=3
2025-09-15 10:28:35.207  1735-2015  bt_stack                com.android.bluetooth                I  [INFO:gatt_api.cc(711)] GATTC_Discover conn_id=0x000c, disc_type=4, s_handle=0x002b, e_handle=0x002d
2025-09-15 10:28:35.207  1735-2015  bt_stack                com.android.bluetooth                I  [INFO:gatt_cl.cc(101)] gatt_act_discovery opcode: 0x08
2025-09-15 10:28:35.207  1735-2015  bluetooth               com.android.bluetooth                I  attp_cl_send_cmd: Sending ATT command to l2cap cid:0x0004 eatt_channels:0 transport:BT_TRANSPORT_LE
2025-09-15 10:28:35.207  1735-2015  bluetooth               com.android.bluetooth                I  attp_cl_send_cmd: Starting ATT response timer
2025-09-15 10:28:35.221  1735-2015  bt_stack                com.android.bluetooth                I  [INFO:gatt_cl.cc(1194)] gatt_client_handle_server_rsp opcode: 0x09
2025-09-15 10:28:35.221  1735-2015  bt_stack                com.android.bluetooth                I  [INFO:gatt_cl.cc(799)] gatt_process_read_by_type_rspop=1 subtype=4
2025-09-15 10:28:35.221  1735-2015  bt_stack                com.android.bluetooth                I  [INFO:gatt_cl.cc(983)] gatt_process_read_by_type_rsp: initiate another discovery request
2025-09-15 10:28:35.222  1735-2015  bt_stack                com.android.bluetooth                I  [INFO:gatt_cl.cc(101)] gatt_act_discovery opcode: 0x08
2025-09-15 10:28:35.222  1735-2015  bluetooth               com.android.bluetooth                I  attp_cl_send_cmd: Sending ATT command to l2cap cid:0x0004 eatt_channels:0 transport:BT_TRANSPORT_LE
2025-09-15 10:28:35.222  1735-2015  bluetooth               com.android.bluetooth                I  attp_cl_send_cmd: Starting ATT response timer
2025-09-15 10:28:35.235  1735-2015  bt_stack                com.android.bluetooth                I  [INFO:gatt_cl.cc(1194)] gatt_client_handle_server_rsp opcode: 0x01
2025-09-15 10:28:35.236  1735-2015  bt_stack                com.android.bluetooth                I  [INFO:gatt_cl.cc(533)] gatt_process_error_rsp
2025-09-15 10:28:35.236  1735-2015  bt_stack                com.android.bluetooth                I  [INFO:gatt_utils.cc(1500)] gatt_end_operation status=0 op=1 subtype=4
2025-09-15 10:28:35.236  1735-2015  bt_stack                com.android.bluetooth                I  [INFO:bta_gattc_cache.cc(500)] bta_gattc_disc_cmpl_cback: disc_type=4
2025-09-15 10:28:35.236  1735-2015  bt_stack                com.android.bluetooth                I  [INFO:bta_gattc_cache.cc(240)] bta_gattc_explore_srvc_finished: service discovery finished
2025-09-15 10:28:35.237  1735-2015  bluetooth               com.android.bluetooth                I  attp_cl_send_cmd: Sending ATT command to l2cap cid:0x0004 eatt_channels:0 transport:BT_TRANSPORT_LE
2025-09-15 10:28:35.237  1735-2015  bluetooth               com.android.bluetooth                I  attp_cl_send_cmd: Starting ATT response timer
2025-09-15 10:28:35.240   798-798   mtk.hal.bt@1.1-impl     and...luetooth@1.1-service-mediatek  D  BtHostDebugInfo
2025-09-15 10:28:35.240   798-798   [BT]                    and...luetooth@1.1-service-mediatek  D  mtk_bt_op: BT_VND_OP_SET_BTHOST
2025-09-15 10:28:35.250  1735-2015  bt_stack                com.android.bluetooth                I  [INFO:gatt_cl.cc(1194)] gatt_client_handle_server_rsp opcode: 0x03
2025-09-15 10:28:35.251  1735-2015  bt_stack                com.android.bluetooth                I  [INFO:gatt_utils.cc(1500)] gatt_end_operation status=0 op=5 subtype=0
2025-09-15 10:28:35.253  8951-9044  BluetoothGatt           com.remoticom.energynodeinset        D  onConfigureMTU() - Device=F0:D7:8F:4D:80:82 mtu=40 status=0
2025-09-15 10:28:35.254  8951-9044  DiscoverSe...sOperation com.remoticom.energynodeinset        V  onMtuChanged called
2025-09-15 10:28:35.254  8951-9044  GattConnectionService   com.remoticom.energynodeinset        D  MTU changed to 40
2025-09-15 10:28:35.283   814-874   libPerfCtl              ven...hardware.mtkpower@1.0-service  I  xgfGetFPS pid:8951 fps:47
2025-09-15 10:28:35.288   995-2760  StNfcHal                android.hardware.nfc@1.2-service-st  D  (#01397) Rx 6f 02 0f (hidden)
2025-09-15 10:28:35.356  8951-9044  BluetoothGatt           com.remoticom.energynodeinset        D  onConnectionUpdated() - Device=F0:D7:8F:4D:80:82 interval=39 latency=0 timeout=500 status=0
2025-09-15 10:28:35.548   995-2760  StNfcHal                android.hardware.nfc@1.2-service-st  D  (#01398) Rx 6f 02 27 (hidden)
2025-09-15 10:28:35.863   995-2760  StNfcHal                android.hardware.nfc@1.2-service-st  D  (#01399) Rx 6f 02 0f (hidden)
2025-09-15 10:28:36.024  1267-6723  haohaov                 system_server                        I  [HMDenterprise broadcastIntentLocked] intent=Intent { act=android.intent.action.SIG_STR (has extras) }
2025-09-15 10:28:36.031  1267-6723  haohaov                 system_server                        I  [HMDenterprise broadcastIntentLocked] intent=Intent { act=android.intent.action.SIG_STR (has extras) }
2025-09-15 10:28:36.122   995-2760  StNfcHal                android.hardware.nfc@1.2-service-st  D  (#0139A) Rx 6f 02 27 (hidden)
2025-09-15 10:28:36.630  7281-7303  CCodecBufferChannel     app_process                          D  elapsed: mInputMetEos 0, hasPendingOutputsInClient 0, n 0
2025-09-15 10:28:36.631  7281-7303  PipelineWatcher         app_process                          D  [0xb40000773cdfe868] elapsed: mFramesInPipeline 0, n 0
2025-09-15 10:28:37.064   995-2760  StNfcHal                android.hardware.nfc@1.2-service-st  D  (#0139B) Rx 6f 02 0f (hidden)
2025-09-15 10:28:37.325   995-2760  StNfcHal                android.hardware.nfc@1.2-service-st  D  (#0139C) Rx 6f 02 16 (hidden)
2025-09-15 10:28:37.334   995-2760  StNfcHal                android.hardware.nfc@1.2-service-st  D  (#0139D) Rx 6f 02 09 (hidden)
2025-09-15 10:28:37.345   995-2760  StNfcHal                android.hardware.nfc@1.2-service-st  D  (#0139E) Rx 6f 02 0d (hidden)
2025-09-15 10:28:37.354   995-2760  StNfcHal                android.hardware.nfc@1.2-service-st  D  (#0139F) Rx 6f 02 0f (hidden)
2025-09-15 10:28:37.380   995-2760  StNfcHal                android.hardware.nfc@1.2-service-st  D  (#013A0) Rx 6f 02 11 (hidden)
2025-09-15 10:28:37.394   995-2760  StNfcHal                android.hardware.nfc@1.2-service-st  D  (#013A1) Rx 6f 02 0a (hidden)
2025-09-15 10:28:37.405   995-2760  StNfcHal                android.hardware.nfc@1.2-service-st  D  (#013A2) Rx 6f 02 09 (hidden)
2025-09-15 10:28:37.812   995-2760  StNfcHal                android.hardware.nfc@1.2-service-st  D  (#013A3) Rx 6f 02 09 (hidden)
2025-09-15 10:28:37.826   995-2760  StNfcHal                android.hardware.nfc@1.2-service-st  D  (#013A4) Rx 6f 02 0d (hidden)
2025-09-15 10:28:37.835   995-2760  StNfcHal                android.hardware.nfc@1.2-service-st  D  (#013A5) Rx 6f 02 0f (hidden)
2025-09-15 10:28:37.868   995-2760  StNfcHal                android.hardware.nfc@1.2-service-st  D  (#013A6) Rx 6f 02 11 (hidden)
2025-09-15 10:28:37.882   995-2760  StNfcHal                android.hardware.nfc@1.2-service-st  D  (#013A7) Rx 6f 02 0a (hidden)
2025-09-15 10:28:37.893   995-2760  StNfcHal                android.hardware.nfc@1.2-service-st  D  (#013A8) Rx 6f 02 09 (hidden)
2025-09-15 10:28:38.301   995-2760  StNfcHal                android.hardware.nfc@1.2-service-st  D  (#013A9) Rx 6f 02 09 (hidden)
2025-09-15 10:28:38.315   995-2760  StNfcHal                android.hardware.nfc@1.2-service-st  D  (#013AA) Rx 6f 02 0d (hidden)
2025-09-15 10:28:38.324   995-2760  StNfcHal                android.hardware.nfc@1.2-service-st  D  (#013AB) Rx 6f 02 0f (hidden)
2025-09-15 10:28:38.357   995-2760  StNfcHal                android.hardware.nfc@1.2-service-st  D  (#013AC) Rx 6f 02 11 (hidden)
2025-09-15 10:28:38.369   995-2760  StNfcHal                android.hardware.nfc@1.2-service-st  D  (#013AD) Rx 6f 02 0a (hidden)
2025-09-15 10:28:38.379   995-2760  StNfcHal                android.hardware.nfc@1.2-service-st  D  (#013AE) Rx 6f 02 09 (hidden)
2025-09-15 10:28:38.786   995-2760  StNfcHal                android.hardware.nfc@1.2-service-st  D  (#013AF) Rx 6f 02 09 (hidden)
2025-09-15 10:28:38.799   995-2760  StNfcHal                android.hardware.nfc@1.2-service-st  D  (#013B0) Rx 6f 02 0d (hidden)
2025-09-15 10:28:38.812   995-2760  StNfcHal                android.hardware.nfc@1.2-service-st  D  (#013B1) Rx 6f 02 0f (hidden)
2025-09-15 10:28:38.843   995-2760  StNfcHal                android.hardware.nfc@1.2-service-st  D  (#013B2) Rx 6f 02 11 (hidden)
2025-09-15 10:28:38.856   995-2760  StNfcHal                android.hardware.nfc@1.2-service-st  D  (#013B3) Rx 6f 02 0a (hidden)
2025-09-15 10:28:38.866   995-2760  StNfcHal                android.hardware.nfc@1.2-service-st  D  (#013B4) Rx 6f 02 09 (hidden)
2025-09-15 10:28:39.273   995-2760  StNfcHal                android.hardware.nfc@1.2-service-st  D  (#013B5) Rx 6f 02 09 (hidden)
2025-09-15 10:28:39.288   995-2760  StNfcHal                android.hardware.nfc@1.2-service-st  D  (#013B6) Rx 6f 02 0d (hidden)
2025-09-15 10:28:39.296   995-2760  StNfcHal                android.hardware.nfc@1.2-service-st  D  (#013B7) Rx 6f 02 0f (hidden)
2025-09-15 10:28:39.330   995-2760  StNfcHal                android.hardware.nfc@1.2-service-st  D  (#013B8) Rx 6f 02 11 (hidden)
2025-09-15 10:28:39.345   995-2760  StNfcHal                android.hardware.nfc@1.2-service-st  D  (#013B9) Rx 6f 02 0a (hidden)
2025-09-15 10:28:39.352   995-2760  StNfcHal                android.hardware.nfc@1.2-service-st  D  (#013BA) Rx 6f 02 09 (hidden)
