what'ss wrong with my android app (13) it is correctly working on android 16
``` 
2025-09-15 10:28:32.367   995-2760  StNfcHal                android.hardware.nfc@1.2-service-st  D  (#0138F) Rx 6f 02 0f (hidden)
2025-09-15 10:28:32.628   995-2760  StNfcHal                android.hardware.nfc@1.2-service-st  D  (#01390) Rx 6f 02 27 (hidden)
2025-09-15 10:28:32.942   995-2760  StNfcHal                android.hardware.nfc@1.2-service-st  D  (#01391) Rx 6f 02 0f (hidden)
2025-09-15 10:28:33.201   995-2760  StNfcHal                android.hardware.nfc@1.2-service-st  D  (#01392) Rx 6f 02 27 (hidden)
2025-09-15 10:28:33.289   823-823   BufferQueueProducer     surfaceflinger                       I  [com.remoticom.energynodeinset/com.remoticom.streetlighting.MainActivity#1442](this:0xb400007c3ee4ce70,id:-1,api:0,p:-1,c:823) queueBuffer: fps=1.38 dur=6530.58 max=6347.15 min=17.54
2025-09-15 10:28:33.300   823-823   HWC2                    surfaceflinger                       W  Can't query capability SkipColorTransform. Display Capabilities were not queried from HWC yet
2025-09-15 10:28:33.306   823-823   BufferQueueProducer     surfaceflinger                       I  [VDS-studio.screen.sharing:0 SCRATCH](this:0xb400007bfede8da8,id:-1,api:1,p:823,c:823) queueBuffer: fps=1.38 dur=6537.40 max=6355.44 min=17.82
2025-09-15 10:28:33.307   804-911   hwcomposer              and...graphics.composer@2.1-service  I  [HWCDisplay] [Display_2 (type:2)] fps:1.376514,dur:6538.26,max:6356.40,min:17.78  
2025-09-15 10:28:33.309   804-9398  [GrallocExtra-ERROR]    and...graphics.composer@2.1-service  E  gralloc_extra_query:105 gralloc_extra_query with NULL handle: 0x0
2025-09-15 10:28:33.311   823-823   BufferQueueProducer     surfaceflinger                       I  [VDS-studio.screen.sharing:0 SINK](this:0xb400007bfede8d18,id:-1,api:1,p:823,c:823) queueBuffer: fps=1.38 dur=6536.03 max=6356.93 min=17.37
2025-09-15 10:28:33.320   823-823   BufferQueueProducer     surfaceflinger                       I  [FramebufferSurface](this:0xb400007beece7af0,id:-1,api:1,p:823,c:823) queueBuffer: fps=1.38 dur=6540.68 max=6359.27 min=17.45
2025-09-15 10:28:33.321   804-911   hwcomposer              and...graphics.composer@2.1-service  I  [HWCDisplay] [Display_0 (type:1)] fps:1.375867,dur:6541.33,max:6360.01,min:17.35  
2025-09-15 10:28:33.326  1083-9396  BufferPoolAccessor2.0   media.swcodec                        D  bufferpool2 0xb4000071e5c9d058 : 6(1270 size) total buffers - 1(103 size) used buffers - 214/334 (recycle/alloc) - 136/333 (fetch/transfer)
2025-09-15 10:28:33.326   823-823   HWC2                    surfaceflinger                       W  Can't query capability SkipColorTransform. Display Capabilities were not queried from HWC yet
2025-09-15 10:28:33.331   804-9398  [GrallocExtra-ERROR]    and...graphics.composer@2.1-service  E  gralloc_extra_query:105 gralloc_extra_query with NULL handle: 0x0
2025-09-15 10:28:33.347   823-823   HWC2                    surfaceflinger                       W  Can't query capability SkipColorTransform. Display Capabilities were not queried from HWC yet
2025-09-15 10:28:33.355   804-9398  [GrallocExtra-ERROR]    and...graphics.composer@2.1-service  E  gralloc_extra_query:105 gralloc_extra_query with NULL handle: 0x0
2025-09-15 10:28:33.380   823-823   HWC2                    surfaceflinger                       W  Can't query capability SkipColorTransform. Display Capabilities were not queried from HWC yet
2025-09-15 10:28:33.387   804-9398  [GrallocExtra-ERROR]    and...graphics.composer@2.1-service  E  gralloc_extra_query:105 gralloc_extra_query with NULL handle: 0x0
2025-09-15 10:28:33.404   823-823   HWC2                    surfaceflinger                       W  Can't query capability SkipColorTransform. Display Capabilities were not queried from HWC yet
2025-09-15 10:28:33.410   804-9398  [GrallocExtra-ERROR]    and...graphics.composer@2.1-service  E  gralloc_extra_query:105 gralloc_extra_query with NULL handle: 0x0
2025-09-15 10:28:33.428   823-823   HWC2                    surfaceflinger                       W  Can't query capability SkipColorTransform. Display Capabilities were not queried from HWC yet
2025-09-15 10:28:33.435   804-9398  [GrallocExtra-ERROR]    and...graphics.composer@2.1-service  E  gralloc_extra_query:105 gralloc_extra_query with NULL handle: 0x0
2025-09-15 10:28:33.444  1267-1792  WindowManager           system_server                        D  This key is wake key and not KEYCODE_GOOGLE, check isWakeAvailable: true
2025-09-15 10:28:33.448  1267-1792  WindowManager           system_server                        D  This key is wake key and not KEYCODE_GOOGLE, check isWakeAvailable: true
2025-09-15 10:28:33.449   823-823   SurfaceFlinger          surfaceflinger                       I  operator()(), mtkRenderCntDebug 11634, screenshot (com.remoticom.energynodeinset/com.remoticom.streetlighting.MainActivity#1442)
2025-09-15 10:28:33.453   814-879   libPowerHal             ven...hardware.mtkpower@1.0-service  I  [perfLockAcq] idx:0 hdl:694 hint:25 pid:814 duration:10000 lock_user:mtkpower@1.0-se => ret_hdl:694
2025-09-15 10:28:33.453   814-879   libPowerHal             ven...hardware.mtkpower@1.0-service  I  [PE] MTKPOWER_HINT_APP_TOUCH update cmd:3408600 param:1
2025-09-15 10:28:33.524   814-879   libPowerHal             ven...hardware.mtkpower@1.0-service  I  [perfLockRel] hdl:694, idx:0
2025-09-15 10:28:33.525   814-879   libPowerHal             ven...hardware.mtkpower@1.0-service  I  [PD] MTKPOWER_HINT_APP_TOUCH update cmd:3408600 param:0
2025-09-15 10:28:33.525   823-823   SurfaceFlinger          surfaceflinger                       I  operator()(), mtkRenderCntDebug 11635, screenshot (com.remoticom.energynodeinset/com.remoticom.streetlighting.MainActivity#1442)
2025-09-15 10:28:33.534  1267-1400  AES                     system_server                        D  AEEIOCTL_GET/SET_SF_STATE IOCTL,cmd= 1074294797, lParam=0. 
2025-09-15 10:28:33.534  1267-1400  AES                     system_server                        D  AEEIOCTL_RT_MON_Kick IOCTL,cmd= 2147774474, lParam=300. 
2025-09-15 10:28:33.573  8951-8951  GattConnectionService   com.remoticom.energynodeinset        D  Service state updated with ServiceState(device=DeviceImpl(uuid=00000000-0000-0000-0000-f0d78f4d8082, device=F0:D7:8F:4D:80:82, type=Bdc, serviceUuids=[a55d1c55-0088-ffff-0000-000000000000], health=null, state=null), characteristics=null, isConnecting=true, connectionStatus=Disconnected, lastGattError=null)
2025-09-15 10:28:33.573  8951-8951  GattConnectionService   com.remoticom.energynodeinset        D  Connect attempt #1
2025-09-15 10:28:33.573  8951-8951  GattConnectionService   com.remoticom.energynodeinset        D  Service state updated with ServiceState(device=DeviceImpl(uuid=00000000-0000-0000-0000-f0d78f4d8082, device=F0:D7:8F:4D:80:82, type=Bdc, serviceUuids=[a55d1c55-0088-ffff-0000-000000000000], health=null, state=null), characteristics=null, isConnecting=true, connectionStatus=Connecting, lastGattError=null)
2025-09-15 10:28:33.574  8951-8951  ConnectGattOperation    com.remoticom.energynodeinset        D  STARTED
2025-09-15 10:28:33.575  8951-8951  ConnectGattOperation    com.remoticom.energynodeinset        V  connectGatt initiated
2025-09-15 10:28:33.575   823-823   HWC2                    surfaceflinger                       W  Can't query capability SkipColorTransform. Display Capabilities were not queried from HWC yet
2025-09-15 10:28:33.576  8951-8951  BluetoothGatt           com.remoticom.energynodeinset        D  connect() - device: F0:D7:8F:4D:80:82, auto: false
2025-09-15 10:28:33.576  8951-8951  BluetoothGatt           com.remoticom.energynodeinset        D  registerApp()
2025-09-15 10:28:33.577  8951-8951  BluetoothGatt           com.remoticom.energynodeinset        D  registerApp() - UUID=80fcf263-0398-472b-8de7-e606a1bb3101
2025-09-15 10:28:33.581   804-9398  [GrallocExtra-ERROR]    and...graphics.composer@2.1-service  E  gralloc_extra_query:105 gralloc_extra_query with NULL handle: 0x0
2025-09-15 10:28:33.582  1735-2015  bluetooth               com.android.bluetooth                I  GATT_Register: Allocated name:GattClient uuid:91081de1-82e0-113a-f7ec-b5a81b8650a6 gatt_if:12 eatt_support:0
2025-09-15 10:28:33.583  8951-9044  BluetoothGatt           com.remoticom.energynodeinset        D  onClientRegistered() - status=0 clientIf=12
2025-09-15 10:28:33.588  1735-1940  bt_btif_gattc           com.android.bluetooth                I  btif_gattc_open_impl: Transport=2, device type=2, address type =0, phy=1
2025-09-15 10:28:33.589  1735-2015  bt_stack                com.android.bluetooth                I  [INFO:gatt_api.cc(1169)] GATT_Connectgatt_if=12, address=xx:xx:xx:xx:80:82, is_direct 1
2025-09-15 10:28:33.589  1735-2015  bt_stack                com.android.bluetooth                I  [INFO:gatt_attr.cc(885)] gatt_sr_init_cl_status: bda=f0:d7:8f:4d:80:82, cl_supp_feat=0000, aware=1
2025-09-15 10:28:33.590  1735-2015  bluetooth               com.android.bluetooth                I  gatt_update_app_use_link_flag: check_acl_link is false, no need to check
2025-09-15 10:28:33.590   798-837   [BT]                    and...luetooth@1.1-service-mediatek  D  mtk_bt_op: BT_VND_OP_LPM_WAKE_SET_STATE
2025-09-15 10:28:33.592  8951-8951  NodeListFragment        com.remoticom.energynodeinset        D  Updating list of nodes
2025-09-15 10:28:33.594   823-823   HWC2                    surfaceflinger                       W  Can't query capability SkipColorTransform. Display Capabilities were not queried from HWC yet
2025-09-15 10:28:33.600   804-9398  [GrallocExtra-ERROR]    and...graphics.composer@2.1-service  E  gralloc_extra_query:105 gralloc_extra_query with NULL handle: 0x0
2025-09-15 10:28:33.614   823-823   HWC2                    surfaceflinger                       W  Can't query capability SkipColorTransform. Display Capabilities were not queried from HWC yet
2025-09-15 10:28:33.621   804-9398  [GrallocExtra-ERROR]    and...graphics.composer@2.1-service  E  gralloc_extra_query:105 gralloc_extra_query with NULL handle: 0x0
2025-09-15 10:28:33.637   823-823   HWC2                    surfaceflinger                       W  Can't query capability SkipColorTransform. Display Capabilities were not queried from HWC yet
2025-09-15 10:28:33.644   804-9398  [GrallocExtra-ERROR]    and...graphics.composer@2.1-service  E  gralloc_extra_query:105 gralloc_extra_query with NULL handle: 0x0
2025-09-15 10:28:33.659   823-823   HWC2                    surfaceflinger                       W  Can't query capability SkipColorTransform. Display Capabilities were not queried from HWC yet
2025-09-15 10:28:33.665   804-9398  [GrallocExtra-ERROR]    and...graphics.composer@2.1-service  E  gralloc_extra_query:105 gralloc_extra_query with NULL handle: 0x0
2025-09-15 10:28:33.678   823-823   HWC2                    surfaceflinger                       W  Can't query capability SkipColorTransform. Display Capabilities were not queried from HWC yet
2025-09-15 10:28:33.685   804-9398  [GrallocExtra-ERROR]    and...graphics.composer@2.1-service  E  gralloc_extra_query:105 gralloc_extra_query with NULL handle: 0x0
2025-09-15 10:28:33.700   823-823   HWC2                    surfaceflinger                       W  Can't query capability SkipColorTransform. Display Capabilities were not queried from HWC yet
2025-09-15 10:28:33.705   804-9398  [GrallocExtra-ERROR]    and...graphics.composer@2.1-service  E  gralloc_extra_query:105 gralloc_extra_query with NULL handle: 0x0
2025-09-15 10:28:33.719   823-823   HWC2                    surfaceflinger                       W  Can't query capability SkipColorTransform. Display Capabilities were not queried from HWC yet
2025-09-15 10:28:33.728   804-9398  [GrallocExtra-ERROR]    and...graphics.composer@2.1-service  E  gralloc_extra_query:105 gralloc_extra_query with NULL handle: 0x0
2025-09-15 10:28:33.740   823-823   HWC2                    surfaceflinger                       W  Can't query capability SkipColorTransform. Display Capabilities were not queried from HWC yet
2025-09-15 10:28:33.745   804-9398  [GrallocExtra-ERROR]    and...graphics.composer@2.1-service  E  gralloc_extra_query:105 gralloc_extra_query with NULL handle: 0x0
2025-09-15 10:28:33.756   823-823   SurfaceFlinger          surfaceflinger                       I  operator()(), mtkRenderCntDebug 11636, screenshot (com.remoticom.energynodeinset/com.remoticom.streetlighting.MainActivity#1442)
2025-09-15 10:28:33.761   823-823   HWC2                    surfaceflinger                       W  Can't query capability SkipColorTransform. Display Capabilities were not queried from HWC yet
2025-09-15 10:28:33.765   804-9398  [GrallocExtra-ERROR]    and...graphics.composer@2.1-service  E  gralloc_extra_query:105 gralloc_extra_query with NULL handle: 0x0
2025-09-15 10:28:33.779   823-823   HWC2                    surfaceflinger                       W  Can't query capability SkipColorTransform. Display Capabilities were not queried from HWC yet
2025-09-15 10:28:33.784   804-9398  [GrallocExtra-ERROR]    and...graphics.composer@2.1-service  E  gralloc_extra_query:105 gralloc_extra_query with NULL handle: 0x0
2025-09-15 10:28:33.800   823-823   HWC2                    surfaceflinger                       W  Can't query capability SkipColorTransform. Display Capabilities were not queried from HWC yet
2025-09-15 10:28:33.807   804-9398  [GrallocExtra-ERROR]    and...graphics.composer@2.1-service  E  gralloc_extra_query:105 gralloc_extra_query with NULL handle: 0x0
2025-09-15 10:28:33.819  1267-2383  AlarmManagerService     system_server                        D  inside native alarm timerfd set Alarm Type = 2
2025-09-15 10:28:33.819  1267-2383  AlarmManagerService     system_server                        D  inside native alarm timerfd set Alarm Type = 3
2025-09-15 10:28:33.821  1267-1854  AlarmManagerService     system_server                        D  inside native alarm timerfd set Alarm Type = 2
2025-09-15 10:28:33.821  1267-1854  AlarmManagerService     system_server                        D  inside native alarm timerfd set Alarm Type = 3
2025-09-15 10:28:33.824   823-823   HWC2                    surfaceflinger                       W  Can't query capability SkipColorTransform. Display Capabilities were not queried from HWC yet
2025-09-15 10:28:33.827   995-2760  StNfcHal                android.hardware.nfc@1.2-service-st  D  (#01393) Rx 6f 02 0f (hidden)
2025-09-15 10:28:33.829   804-9398  [GrallocExtra-ERROR]    and...graphics.composer@2.1-service  E  gralloc_extra_query:105 gralloc_extra_query with NULL handle: 0x0
2025-09-15 10:28:33.843   823-823   HWC2                    surfaceflinger                       W  Can't query capability SkipColorTransform. Display Capabilities were not queried from HWC yet
2025-09-15 10:28:33.848   804-9398  [GrallocExtra-ERROR]    and...graphics.composer@2.1-service  E  gralloc_extra_query:105 gralloc_extra_query with NULL handle: 0x0
2025-09-15 10:28:33.863   823-823   HWC2                    surfaceflinger                       W  Can't query capability SkipColorTransform. Display Capabilities were not queried from HWC yet
2025-09-15 10:28:33.870   804-9398  [GrallocExtra-ERROR]    and...graphics.composer@2.1-service  E  gralloc_extra_query:105 gralloc_extra_query with NULL handle: 0x0
2025-09-15 10:28:33.887   823-823   HWC2                    surfaceflinger                       W  Can't query capability SkipColorTransform. Display Capabilities were not queried from HWC yet
2025-09-15 10:28:33.894   804-9398  [GrallocExtra-ERROR]    and...graphics.composer@2.1-service  E  gralloc_extra_query:105 gralloc_extra_query with NULL handle: 0x0
2025-09-15 10:28:33.911   823-823   HWC2                    surfaceflinger                       W  Can't query capability SkipColorTransform. Display Capabilities were not queried from HWC yet
2025-09-15 10:28:33.916   804-9398  [GrallocExtra-ERROR]    and...graphics.composer@2.1-service  E  gralloc_extra_query:105 gralloc_extra_query with NULL handle: 0x0
2025-09-15 10:28:33.931  1735-2015  bluetooth               com.android.bluetooth                I  on_connection_complete: Le connection completed to device:f0:d7:8f:4d:80:82
2025-09-15 10:28:33.932  1735-2015  bt_btm_ble              com.android.bluetooth                I  btm_ble_connected: Updating device record timestamp for existing ble connection
2025-09-15 10:28:33.933   798-837   mtk.hal.bt@1.1-impl     and...luetooth@1.1-service-mediatek  D  BtHostDebugInfo
2025-09-15 10:28:33.933   798-837   [BT]                    and...luetooth@1.1-service-mediatek  D  mtk_bt_op: BT_VND_OP_SET_BTHOST
2025-09-15 10:28:33.933   823-823   HWC2                    surfaceflinger                       W  Can't query capability SkipColorTransform. Display Capabilities were not queried from HWC yet
2025-09-15 10:28:33.938   804-9398  [GrallocExtra-ERROR]    and...graphics.composer@2.1-service  E  gralloc_extra_query:105 gralloc_extra_query with NULL handle: 0x0
2025-09-15 10:28:33.953   823-823   HWC2                    surfaceflinger                       W  Can't query capability SkipColorTransform. Display Capabilities were not queried from HWC yet
2025-09-15 10:28:33.959   804-9398  [GrallocExtra-ERROR]    and...graphics.composer@2.1-service  E  gralloc_extra_query:105 gralloc_extra_query with NULL handle: 0x0
2025-09-15 10:28:33.971   823-823   SurfaceFlinger          surfaceflinger                       I  operator()(), mtkRenderCntDebug 11637, screenshot (com.remoticom.energynodeinset/com.remoticom.streetlighting.MainActivity#1442)
2025-09-15 10:28:33.977   823-823   HWC2                    surfaceflinger                       W  Can't query capability SkipColorTransform. Display Capabilities were not queried from HWC yet
2025-09-15 10:28:33.983   804-9398  [GrallocExtra-ERROR]    and...graphics.composer@2.1-service  E  gralloc_extra_query:105 gralloc_extra_query with NULL handle: 0x0
2025-09-15 10:28:34.003   823-823   HWC2                    surfaceflinger                       W  Can't query capability SkipColorTransform. Display Capabilities were not queried from HWC yet
2025-09-15 10:28:34.008   804-9398  [GrallocExtra-ERROR]    and...graphics.composer@2.1-service  E  gralloc_extra_query:105 gralloc_extra_query with NULL handle: 0x0
2025-09-15 10:28:34.026   823-823   HWC2                    surfaceflinger                       W  Can't query capability SkipColorTransform. Display Capabilities were not queried from HWC yet
2025-09-15 10:28:34.032   804-9398  [GrallocExtra-ERROR]    and...graphics.composer@2.1-service  E  gralloc_extra_query:105 gralloc_extra_query with NULL handle: 0x0
2025-09-15 10:28:34.046   823-823   HWC2                    surfaceflinger                       W  Can't query capability SkipColorTransform. Display Capabilities were not queried from HWC yet
2025-09-15 10:28:34.051   804-9398  [GrallocExtra-ERROR]    and...graphics.composer@2.1-service  E  gralloc_extra_query:105 gralloc_extra_query with NULL handle: 0x0
2025-09-15 10:28:34.066   823-823   HWC2                    surfaceflinger                       W  Can't query capability SkipColorTransform. Display Capabilities were not queried from HWC yet
2025-09-15 10:28:34.074   804-9398  [GrallocExtra-ERROR]    and...graphics.composer@2.1-service  E  gralloc_extra_query:105 gralloc_extra_query with NULL handle: 0x0
2025-09-15 10:28:34.088   995-2760  StNfcHal                android.hardware.nfc@1.2-service-st  D  (#01394) Rx 6f 02 27 (hidden)
2025-09-15 10:28:34.091   823-823   HWC2                    surfaceflinger                       W  Can't query capability SkipColorTransform. Display Capabilities were not queried from HWC yet
2025-09-15 10:28:34.098   804-9398  [GrallocExtra-ERROR]    and...graphics.composer@2.1-service  E  gralloc_extra_query:105 gralloc_extra_query with NULL handle: 0x0
2025-09-15 10:28:34.117   823-823   HWC2                    surfaceflinger                       W  Can't query capability SkipColorTransform. Display Capabilities were not queried from HWC yet
2025-09-15 10:28:34.118  1735-2015  bt_btu_hcif             com.android.bluetooth                E  btu_hcif_log_event_metrics: Unexpectedly received event_code:0x0c that should not be handled here
2025-09-15 10:28:34.118  1735-2015  btm_acl                 com.android.bluetooth                I  NotifyAclLinkUp: ACL Link up
2025-09-15 10:28:34.118  1735-2015  bluetooth               com.android.bluetooth                I  client_connect_cback: No active GAP service found for peer:xx:xx:xx:xx:80:82 callback:Connected
2025-09-15 10:28:34.118  1735-2015  bt_bta_gattc            com.android.bluetooth                I  bta_gattc_conn_cback: Connected client_if:3 addr:xx:xx:xx:xx:80:82, transport:BT_TRANSPORT_LE reason:GATT_CONN_OK
2025-09-15 10:28:34.118  1735-2015  bt_bta_gattc            com.android.bluetooth                I  bta_gattc_conn_cback: Connected client_if:4 addr:xx:xx:xx:xx:80:82, transport:BT_TRANSPORT_LE reason:GATT_CONN_OK
2025-09-15 10:28:34.118  1735-2015  bt_bta_gattc            com.android.bluetooth                I  bta_gattc_conn_cback: Connected client_if:5 addr:xx:xx:xx:xx:80:82, transport:BT_TRANSPORT_LE reason:GATT_CONN_OK
2025-09-15 10:28:34.118  1735-2015  bt_bta_gattc            com.android.bluetooth                I  bta_gattc_conn_cback: Connected client_if:6 addr:xx:xx:xx:xx:80:82, transport:BT_TRANSPORT_LE reason:GATT_CONN_OK
2025-09-15 10:28:34.118  1735-2015  bt_bta_gattc            com.android.bluetooth                I  bta_gattc_conn_cback: Connected client_if:7 addr:xx:xx:xx:xx:80:82, transport:BT_TRANSPORT_LE reason:GATT_CONN_OK
2025-09-15 10:28:34.118  1735-2015  bt_bta_gattc            com.android.bluetooth                I  bta_gattc_conn_cback: Connected client_if:8 addr:xx:xx:xx:xx:80:82, transport:BT_TRANSPORT_LE reason:GATT_CONN_OK
2025-09-15 10:28:34.118  1735-2015  bt_bta_gattc            com.android.bluetooth                I  bta_gattc_conn_cback: Connected client_if:9 addr:xx:xx:xx:xx:80:82, transport:BT_TRANSPORT_LE reason:GATT_CONN_OK
2025-09-15 10:28:34.118  1735-2015  bt_bta_gattc            com.android.bluetooth                I  bta_gattc_conn_cback: Connected client_if:10 addr:xx:xx:xx:xx:80:82, transport:BT_TRANSPORT_LE reason:GATT_CONN_OK
2025-09-15 10:28:34.118  1735-2015  bt_bta_gattc            com.android.bluetooth                I  bta_gattc_conn_cback: Connected client_if:11 addr:xx:xx:xx:xx:80:82, transport:BT_TRANSPORT_LE reason:GATT_CONN_OK
2025-09-15 10:28:34.118  1735-2015  bt_bta_gattc            com.android.bluetooth                I  bta_gattc_conn_cback: Connected client_if:12 addr:xx:xx:xx:xx:80:82, transport:BT_TRANSPORT_LE reason:GATT_CONN_OK
2025-09-15 10:28:34.118  1735-2015  bluetooth               com.android.bluetooth                I  on_connection_complete: Le connection completed to device:f0:d7:8f:4d:80:82
2025-09-15 10:28:34.118  1735-2015  bluetooth               com.android.bluetooth                I  GATT_SetIdleTimeout: idle_timeout=65535, status=1, (1-OK 0-not performed)
2025-09-15 10:28:34.119  1735-2015  bt_stack                com.android.bluetooth                I  [INFO:eatt_impl.h(644)] connect device f0:d7:8f:4d:80:82 rolecentral
2025-09-15 10:28:34.119  1735-2015  bluetooth               com.android.bluetooth                I  attp_cl_send_cmd: Sending ATT command to l2cap cid:0x0004 eatt_channels:0 transport:BT_TRANSPORT_LE
2025-09-15 10:28:34.119  1735-2015  bluetooth               com.android.bluetooth                I  attp_cl_send_cmd: Starting ATT response timer
2025-09-15 10:28:34.119  1735-2015  bt_bta_dm               com.android.bluetooth                I  bta_dm_acl_up: bta_dm_acl_up
2025-09-15 10:28:34.119  1735-2015  btm_acl                 com.android.bluetooth                W  acl_peer_supports_sniff_subrating: Unable to find active acl
2025-09-15 10:28:34.119  1735-2015  bta_gattc_main          com.android.bluetooth                E  bta_gattc_hdl_event: Ignore unknown conn ID: 3
2025-09-15 10:28:34.119  1735-2015  bta_gattc_main          com.android.bluetooth                E  bta_gattc_hdl_event: Ignore unknown conn ID: 4
2025-09-15 10:28:34.120  1735-2015  bta_gattc_main          com.android.bluetooth                E  bta_gattc_hdl_event: Ignore unknown conn ID: 5
2025-09-15 10:28:34.120  1735-2015  bta_gattc_main          com.android.bluetooth                E  bta_gattc_hdl_event: Ignore unknown conn ID: 6
2025-09-15 10:28:34.120  1735-2015  bta_gattc_main          com.android.bluetooth                E  bta_gattc_hdl_event: Ignore unknown conn ID: 7
2025-09-15 10:28:34.120  1735-2015  bta_gattc_main          com.android.bluetooth                E  bta_gattc_hdl_event: Ignore unknown conn ID: 8
2025-09-15 10:28:34.120  1735-2015  bta_gattc_main          com.android.bluetooth                E  bta_gattc_hdl_event: Ignore unknown conn ID: 9
2025-09-15 10:28:34.120  1735-2015  bta_gattc_main          com.android.bluetooth                E  bta_gattc_hdl_event: Ignore unknown conn ID: 10
2025-09-15 10:28:34.120  1735-2015  bta_gattc_main          com.android.bluetooth                E  bta_gattc_hdl_event: Ignore unknown conn ID: 11
2025-09-15 10:28:34.120  1735-2015  bt_stack                com.android.bluetooth                I  [INFO:bta_gattc_db_storage.cc(159)] bta_gattc_cache_load: load cache: /data/misc/bluetooth/gatt_cache_f0d78f4d8082
2025-09-15 10:28:34.121  1735-2015  bt_stack                com.android.bluetooth                E  [ERROR:bta_gattc_db_storage.cc(80)] bta_gattc_load_db: can't open GATT cache file /data/misc/bluetooth/gatt_cache_f0d78f4d8082 for reading, error: No such file or directory
2025-09-15 10:28:34.121  1735-2015  bt_stack                com.android.bluetooth                I  [INFO:gatt_api.cc(711)] GATTC_Discover conn_id=0x000c, disc_type=1, s_handle=0x0001, e_handle=0xffff
2025-09-15 10:28:34.122  1735-2015  bt_stack                com.android.bluetooth                I  [INFO:gatt_cl.cc(101)] gatt_act_discovery opcode: 0x10
2025-09-15 10:28:34.122  1735-2015  bluetooth               com.android.bluetooth                I  attp_cl_send_cmd: Enqueued ATT command
2025-09-15 10:28:34.122  1735-1940  BluetoothDatabase       com.android.bluetooth                V  getProfileConnectionPolicy: device XX:XX:XX:4D:80:82 profile=BATTERY, connectionPolicy=-1
2025-09-15 10:28:34.122  1735-1940  BatteryService          com.android.bluetooth                E  Cannot connect to xx:xx:xx:xx:80:82 : Remote does not have Battery UUID
2025-09-15 10:28:34.123   804-9398  [GrallocExtra-ERROR]    and...graphics.composer@2.1-service  E  gralloc_extra_query:105 gralloc_extra_query with NULL handle: 0x0
2025-09-15 10:28:34.124   798-837   mtk.hal.bt@1.1-impl     and...luetooth@1.1-service-mediatek  D  BtHostDebugInfo
2025-09-15 10:28:34.124   798-837   [BT]                    and...luetooth@1.1-service-mediatek  D  mtk_bt_op: BT_VND_OP_SET_BTHOST
2025-09-15 10:28:34.130  1267-1792  haohaov                 system_server                        I  [HMDenterprise broadcastIntentLocked] intent=Intent { act=android.bluetooth.device.action.ACL_CONNECTED flg=0x5000000 (has extras) }
2025-09-15 10:28:34.134  1735-1940  BluetoothRemoteDevices  com.android.bluetooth                E  RemoteException in calling IBluetoothConnectionCallback
2025-09-15 10:28:34.135  1735-1940  BluetoothRemoteDevices  com.android.bluetooth                E  RemoteException in calling IBluetoothConnectionCallback
2025-09-15 10:28:34.137  1735-1940  BtGatt.GattService      com.android.bluetooth                D  onConnected() - adding permit for address=F0:D7:8F:4D:80:82
2025-09-15 10:28:34.139  1735-1735  BluetoothDatabase       com.android.bluetooth                D  setConnection: device XX:XX:XX:4D:80:82 and isA2dpDevice=false
2025-09-15 10:28:34.139  1601-1711  BluetoothEventManager   com.android.systemui                 W  AclStateChangedHandler: activeDevice is null
2025-09-15 10:28:34.139  1735-1735  BluetoothDatabase       com.android.bluetooth                D  Updating last connected time for device: XX:XX:XX:4D:80:82 to 149
2025-09-15 10:28:34.139  1735-1735  BluetoothDatabase       com.android.bluetooth                D  updateDatabase XX:XX:XX:4D:80:82
2025-09-15 10:28:34.139   823-823   HWC2                    surfaceflinger                       W  Can't query capability SkipColorTransform. Display Capabilities were not queried from HWC yet
2025-09-15 10:28:34.143  8951-9044  BluetoothGatt           com.remoticom.energynodeinset        D  onClientConnectionState() - status=0 clientIf=12 device=F0:D7:8F:4D:80:82
2025-09-15 10:28:34.143  8951-9044  ConnectGattOperation    com.remoticom.energynodeinset        V  onConnectionStateChange called
2025-09-15 10:28:34.143  8951-9044  GattConnectionService   com.remoticom.energynodeinset        D  Device connected, checking permissions and requesting MTU...
2025-09-15 10:28:34.143  9045-9045  GH.WifiBluetoothRcvr    com...e.android.projection.gearhead  I  Connection action: android.bluetooth.device.action.ACL_CONNECTED, device F0:D7:8F:4D:80:82
2025-09-15 10:28:34.143  8951-9044  GattConnectionService   com.remoticom.energynodeinset        D  Requesting MTU...
2025-09-15 10:28:34.143   804-9398  [GrallocExtra-ERROR]    and...graphics.composer@2.1-service  E  gralloc_extra_query:105 gralloc_extra_query with NULL handle: 0x0
2025-09-15 10:28:34.143  8951-9044  BluetoothGatt           com.remoticom.energynodeinset        D  configureMTU() - device: F0:D7:8F:4D:80:82 mtu: 517
2025-09-15 10:28:34.145  9045-9045  GH.WifiBluetoothRcvr    com...e.android.projection.gearhead  I  Wireless projection is available on this phone.
2025-09-15 10:28:34.146  8951-9044  GattConnectionService   com.remoticom.energynodeinset        D  MTU request sent successfully
2025-09-15 10:28:34.146  8951-9044  GattConnectionService   com.remoticom.energynodeinset        D  state = Connected, error = null
2025-09-15 10:28:34.147  8951-9044  GattConnectionService   com.remoticom.energynodeinset        D  Service state updated with ServiceState(device=DeviceImpl(uuid=00000000-0000-0000-0000-f0d78f4d8082, device=F0:D7:8F:4D:80:82, type=Bdc, serviceUuids=[a55d1c55-0088-ffff-0000-000000000000], health=null, state=null), characteristics=null, isConnecting=true, connectionStatus=Connected, lastGattError=null)
2025-09-15 10:28:34.152  8951-8951  NodeListFragment        com.remoticom.energynodeinset        D  Updating list of nodes
2025-09-15 10:28:34.154  8951-8951  ConnectGattOperation    com.remoticom.energynodeinset        D  FINISHED
2025-09-15 10:28:34.154  8951-8951  DiscoverSe...sOperation com.remoticom.energynodeinset        D  STARTED
2025-09-15 10:28:34.155  8951-8951  DiscoverSe...sOperation com.remoticom.energynodeinset        V  discoverServices initiated
2025-09-15 10:28:34.155  8951-8951  BluetoothGatt           com.remoticom.energynodeinset        D  discoverServices() - device: F0:D7:8F:4D:80:82
2025-09-15 10:28:34.158   823-823   HWC2                    surfaceflinger                       W  Can't query capability SkipColorTransform. Display Capabilities were not queried from HWC yet
2025-09-15 10:28:34.159  9045-9331  CAR.BTCapsStore         com...e.android.projection.gearhead  W  Device not bonded, thus it's not currently AAW capable.
2025-09-15 10:28:34.159  9045-9331  CAR.BTCapsStore         com...e.android.projection.gearhead  I  AAW status (NOT_BONDED).
2025-09-15 10:28:34.160  1735-2015  bt_stack                com.android.bluetooth                E  [ERROR:bta_gattc_utils.cc(333)] bta_gattc_enqueue: already has a pending command
2025-09-15 10:28:34.163   804-9398  [GrallocExtra-ERROR]    and...graphics.composer@2.1-service  E  gralloc_extra_query:105 gralloc_extra_query with NULL handle: 0x0
2025-09-15 10:28:34.185   823-823   HWC2                    surfaceflinger                       W  Can't query capability SkipColorTransform. Display Capabilities were not queried from HWC yet
2025-09-15 10:28:34.187  1267-2383  AlarmManagerService     system_server                        D  inside native alarm timerfd set Alarm Type = 2
2025-09-15 10:28:34.187  1267-2383  AlarmManagerService     system_server                        D  inside native alarm timerfd set Alarm Type = 3
2025-09-15 10:28:34.191   804-9398  [GrallocExtra-ERROR]    and...graphics.composer@2.1-service  E  gralloc_extra_query:105 gralloc_extra_query with NULL handle: 0x0
2025-09-15 10:28:34.194  9045-9331  GH.CarSvcDataStorage    com...e.android.projection.gearhead  I  Using DB version: 13
2025-09-15 10:28:34.203   823-823   SurfaceFlinger          surfaceflinger                       I  operator()(), mtkRenderCntDebug 11638, screenshot (com.remoticom.energynodeinset/com.remoticom.streetlighting.MainActivity#1442)
2025-09-15 10:28:34.205  1267-7072  AlarmManagerService     system_server                        D  inside native alarm timerfd set Alarm Type = 2
2025-09-15 10:28:34.205  1267-7072  AlarmManagerService     system_server                        D  inside native alarm timerfd set Alarm Type = 3
2025-09-15 10:28:34.209   823-823   HWC2                    surfaceflinger                       W  Can't query capability SkipColorTransform. Display Capabilities were not queried from HWC yet
2025-09-15 10:28:34.211 29005-9448  Nearby                  com.google.android.gms.persistent    I  (REDACTED) is blocked device type %s, isAuto=%s, isIot=%s, isLatchsky=%s, isChinaWearable=%s, isTv=%s, isWearable=%s (supportWearOs=%s), isChromeOsDevice=%s (supportChromeOs=%s)
2025-09-15 10:28:34.213  9045-9331  CAR.BTCapsStore         com...e.android.projection.gearhead  W  Device not bonded, thus it's not currently AAW capable.
2025-09-15 10:28:34.214   804-9398  [GrallocExtra-ERROR]    and...graphics.composer@2.1-service  E  gralloc_extra_query:105 gralloc_extra_query with NULL handle: 0x0
2025-09-15 10:28:34.215  9045-9331  CAR.BTCapsStore         com...e.android.projection.gearhead  I  AAW status (NOT_BONDED).
2025-09-15 10:28:34.218  1267-1520  ConnectivityService     system_server                        D  NetReassign [no changes] [c 0] [a 1] [i 10]
2025-09-15 10:28:34.226 29005-29005 NearbyDiscovery         com.google.android.gms.persistent    I  (REDACTED) DiscoveryService onStartCommand action: %s
2025-09-15 10:28:34.227 29005-29005 NearbyDiscovery         com.google.android.gms.persistent    I  (REDACTED) onAclChange: state=%s, %s
2025-09-15 10:28:34.227   823-823   HWC2                    surfaceflinger                       W  Can't query capability SkipColorTransform. Display Capabilities were not queried from HWC yet
2025-09-15 10:28:34.232 29005-29145 NearbyDiscovery         com.google.android.gms.persistent    I  (REDACTED) FastPair: lock scan rate if needed, %s, bondState=%s
2025-09-15 10:28:34.232   804-9398  [GrallocExtra-ERROR]    and...graphics.composer@2.1-service  E  gralloc_extra_query:105 gralloc_extra_query with NULL handle: 0x0
2025-09-15 10:28:34.244   823-823   HWC2                    surfaceflinger                       W  Can't query capability SkipColorTransform. Display Capabilities were not queried from HWC yet
2025-09-15 10:28:34.249   804-9398  [GrallocExtra-ERROR]    and...graphics.composer@2.1-service  E  gralloc_extra_query:105 gralloc_extra_query with NULL handle: 0x0
2025-09-15 10:28:34.261   823-823   HWC2                    surfaceflinger                       W  Can't query capability SkipColorTransform. Display Capabilities were not queried from HWC yet
2025-09-15 10:28:34.264  1735-2015  bt_stack                com.android.bluetooth                I  [INFO:gatt_cl.cc(1194)] gatt_client_handle_server_rsp opcode: 0x01
2025-09-15 10:28:34.264  1735-2015  bt_stack                com.android.bluetooth                I  [INFO:gatt_cl.cc(533)] gatt_process_error_rsp
2025-09-15 10:28:34.264  1735-2015  bt_stack                com.android.bluetooth                I  [INFO:gatt_utils.cc(1500)] gatt_end_operation status=10 op=2 subtype=1
2025-09-15 10:28:34.264  1735-2015  bt_stack                com.android.bluetooth                I  [INFO:eatt_impl.h(587)] supported_features_cb f0:d7:8f:4d:80:82 is_eatt_supported = 0
2025-09-15 10:28:34.265   804-9398  [GrallocExtra-ERROR]    and...graphics.composer@2.1-service  E  gralloc_extra_query:105 gralloc_extra_query with NULL handle: 0x0
2025-09-15 10:28:34.277   823-823   HWC2                    surfaceflinger                       W  Can't query capability SkipColorTransform. Display Capabilities were not queried from HWC yet
2025-09-15 10:28:34.282   804-9398  [GrallocExtra-ERROR]    and...graphics.composer@2.1-service  E  gralloc_extra_query:105 gralloc_extra_query with NULL handle: 0x0
2025-09-15 10:28:34.283   814-874   libPerfCtl              ven...hardware.mtkpower@1.0-service  I  xgfGetFPS pid:8951 fps:48
2025-09-15 10:28:34.291   823-823   BufferQueueProducer     surfaceflinger                       I  [com.remoticom.energynodeinset/com.remoticom.streetlighting.MainActivity#1442](this:0xb400007c3ee4ce70,id:-1,api:0,p:-1,c:823) queueBuffer: fps=39.93 dur=1001.63 max=146.50 min=16.47
2025-09-15 10:28:34.295   823-823   HWC2                    surfaceflinger                       W  Can't query capability SkipColorTransform. Display Capabilities were not queried from HWC yet
2025-09-15 10:28:34.299   804-9398  [GrallocExtra-ERROR]    and...graphics.composer@2.1-service  E  gralloc_extra_query:105 gralloc_extra_query with NULL handle: 0x0
2025-09-15 10:28:34.312   823-823   HWC2                    surfaceflinger                       W  Can't query capability SkipColorTransform. Display Capabilities were not queried from HWC yet
2025-09-15 10:28:34.315   823-823   BufferQueueProducer     surfaceflinger                       I  [VDS-studio.screen.sharing:0 SCRATCH](this:0xb400007bfede8da8,id:-1,api:1,p:823,c:823) queueBuffer: fps=40.63 dur=1009.06 max=145.81 min=16.35
2025-09-15 10:28:34.316   804-911   hwcomposer              and...graphics.composer@2.1-service  I  [HWCDisplay] [Display_2 (type:2)] fps:40.669140,dur:1008.14,max:145.79,min:16.28  
2025-09-15 10:28:34.316   804-9398  [GrallocExtra-ERROR]    and...graphics.composer@2.1-service  E  gralloc_extra_query:105 gralloc_extra_query with NULL handle: 0x0
2025-09-15 10:28:34.318   823-823   BufferQueueProducer     surfaceflinger                       I  [VDS-studio.screen.sharing:0 SINK](this:0xb400007bfede8d18,id:-1,api:1,p:823,c:823) queueBuffer: fps=40.71 dur=1007.09 max=142.58 min=16.26
2025-09-15 10:28:34.323   823-823   BufferQueueProducer     surfaceflinger                       I  [FramebufferSurface](this:0xb400007beece7af0,id:-1,api:1,p:823,c:823) queueBuffer: fps=40.87 dur=1003.19 max=142.02 min=16.04
2025-09-15 10:28:34.324   804-911   hwcomposer              and...graphics.composer@2.1-service  I  [HWCDisplay] [Display_0 (type:1)] fps:40.889137,dur:1002.71,max:142.04,min:16.01  
2025-09-15 10:28:34.330   823-823   HWC2                    surfaceflinger                       W  Can't query capability SkipColorTransform. Display Capabilities were not queried from HWC yet
2025-09-15 10:28:34.334   804-9398  [GrallocExtra-ERROR]    and...graphics.composer@2.1-service  E  gralloc_extra_query:105 gralloc_extra_query with NULL handle: 0x0
2025-09-15 10:28:34.345   823-823   HWC2                    surfaceflinger                       W  Can't query capability SkipColorTransform. Display Capabilities were not queried from HWC yet
2025-09-15 10:28:34.350   804-9398  [GrallocExtra-ERROR]    and...graphics.composer@2.1-service  E  gralloc_extra_query:105 gralloc_extra_query with NULL handle: 0x0
2025-09-15 10:28:34.362  1735-2015  bt_stack                com.android.bluetooth                I  [INFO:gatt_cl.cc(1194)] gatt_client_handle_server_rsp opcode: 0x11
2025-09-15 10:28:34.362  1735-2015  bt_stack                com.android.bluetooth                I  [INFO:gatt_cl.cc(799)] gatt_process_read_by_type_rspop=1 subtype=1
2025-09-15 10:28:34.362  1735-2015  bt_stack                com.android.bluetooth                I  [INFO:bta_gattc_cache.cc(437)] bta_gattc_disc_res_cback: disc_type=1 p_data->handle=0x0001 e_handle=0x0004 service_type=00001801-0000-1000-8000-00805f9b34fb
2025-09-15 10:28:34.362  1735-2015  bt_stack                com.android.bluetooth                I  [INFO:bta_gattc_cache.cc(437)] bta_gattc_disc_res_cback: disc_type=1 p_data->handle=0x0005 e_handle=0x000b service_type=00001800-0000-1000-8000-00805f9b34fb
2025-09-15 10:28:34.362  1735-2015  bt_stack                com.android.bluetooth                I  [INFO:gatt_cl.cc(983)] gatt_process_read_by_type_rsp: initiate another discovery request
2025-09-15 10:28:34.362  1735-2015  bt_stack                com.android.bluetooth                I  [INFO:gatt_cl.cc(101)] gatt_act_discovery opcode: 0x10
2025-09-15 10:28:34.362  1735-2015  bluetooth               com.android.bluetooth                I  attp_cl_send_cmd: Sending ATT command to l2cap cid:0x0004 eatt_channels:0 transport:BT_TRANSPORT_LE
2025-09-15 10:28:34.363  1735-2015  bluetooth               com.android.bluetooth                I  attp_cl_send_cmd: Starting ATT response timer
2025-09-15 10:28:34.364   823-823   HWC2                    surfaceflinger                       W  Can't query capability SkipColorTransform. Display Capabilities were not queried from HWC yet
2025-09-15 10:28:34.371   804-9398  [GrallocExtra-ERROR]    and...graphics.composer@2.1-service  E  gralloc_extra_query:105 gralloc_extra_query with NULL handle: 0x0
2025-09-15 10:28:34.387   823-823   HWC2                    surfaceflinger                       W  Can't query capability SkipColorTransform. Display Capabilities were not queried from HWC yet
2025-09-15 10:28:34.394   804-9398  [GrallocExtra-ERROR]    and...graphics.composer@2.1-service  E  gralloc_extra_query:105 gralloc_extra_query with NULL handle: 0x0
2025-09-15 10:28:34.412   823-823   HWC2                    surfaceflinger                       W  Can't query capability SkipColorTransform. Display Capabilities were not queried from HWC yet
2025-09-15 10:28:34.419   804-9398  [GrallocExtra-ERROR]    and...graphics.composer@2.1-service  E  gralloc_extra_query:105 gralloc_extra_query with NULL handle: 0x0
2025-09-15 10:28:34.432   823-823   SurfaceFlinger          surfaceflinger                       I  operator()(), mtkRenderCntDebug 11639, screenshot (com.remoticom.energynodeinset/com.remoticom.streetlighting.MainActivity#1442)
2025-09-15 10:28:34.438   823-823   HWC2                    surfaceflinger                       W  Can't query capability SkipColorTransform. Display Capabilities were not queried from HWC yet
2025-09-15 10:28:34.445   804-9398  [GrallocExtra-ERROR]    and...graphics.composer@2.1-service  E  gralloc_extra_query:105 gralloc_extra_query with NULL handle: 0x0
2025-09-15 10:28:34.459  1735-2015  bt_stack                com.android.bluetooth                I  [INFO:gatt_cl.cc(1194)] gatt_client_handle_server_rsp opcode: 0x11
2025-09-15 10:28:34.460  1735-2015  bt_stack                com.android.bluetooth                I  [INFO:gatt_cl.cc(799)] gatt_process_read_by_type_rspop=1 subtype=1
2025-09-15 10:28:34.460  1735-2015  bt_stack                com.android.bluetooth                I  [INFO:bta_gattc_cache.cc(437)] bta_gattc_disc_res_cback: disc_type=1 p_data->handle=0x000c e_handle=0x0010 service_type=a55d1c55-0088-0000-0000-f0d78f4d8082
2025-09-15 10:28:34.460  1735-2015  bt_stack                com.android.bluetooth                I  [INFO:gatt_cl.cc(983)] gatt_process_read_by_type_rsp: initiate another discovery request
2025-09-15 10:28:34.460  1735-2015  bt_stack                com.android.bluetooth                I  [INFO:gatt_cl.cc(101)] gatt_act_discovery opcode: 0x10
2025-09-15 10:28:34.460  1735-2015  bluetooth               com.android.bluetooth                I  attp_cl_send_cmd: Sending ATT command to l2cap cid:0x0004 eatt_channels:0 transport:BT_TRANSPORT_LE
2025-09-15 10:28:34.460  1735-2015  bluetooth               com.android.bluetooth                I  attp_cl_send_cmd: Starting ATT response timer
2025-09-15 10:28:34.462   823-823   HWC2                    surfaceflinger                       W  Can't query capability SkipColorTransform. Display Capabilities were not queried from HWC yet
2025-09-15 10:28:34.470   804-9398  [GrallocExtra-ERROR]    and...graphics.composer@2.1-service  E  gralloc_extra_query:105 gralloc_extra_query with NULL handle: 0x0
2025-09-15 10:28:34.488   823-823   HWC2                    surfaceflinger                       W  Can't query capability SkipColorTransform. Display Capabilities were not queried from HWC yet
2025-09-15 10:28:34.495   804-9398  [GrallocExtra-ERROR]    and...graphics.composer@2.1-service  E  gralloc_extra_query:105 gralloc_extra_query with NULL handle: 0x0
2025-09-15 10:28:34.513   823-823   HWC2                    surfaceflinger                       W  Can't query capability SkipColorTransform. Display Capabilities were not queried from HWC yet
2025-09-15 10:28:34.520   804-9398  [GrallocExtra-ERROR]    and...graphics.composer@2.1-service  E  gralloc_extra_query:105 gralloc_extra_query with NULL handle: 0x0
2025-09-15 10:28:34.534   823-823   SurfaceFlinger          surfaceflinger                       I  operator()(), mtkRenderCntDebug 11640, screenshot (com.remoticom.energynodeinset/com.remoticom.streetlighting.MainActivity#1442)
2025-09-15 10:28:34.562  1735-2015  bt_stack                com.android.bluetooth                I  [INFO:gatt_cl.cc(1194)] gatt_client_handle_server_rsp opcode: 0x11
2025-09-15 10:28:34.562  1735-2015  bt_stack                com.android.bluetooth                I  [INFO:gatt_cl.cc(799)] gatt_process_read_by_type_rspop=1 subtype=1
2025-09-15 10:28:34.563  1735-2015  bt_stack                com.android.bluetooth                I  [INFO:bta_gattc_cache.cc(437)] bta_gattc_disc_res_cback: disc_type=1 p_data->handle=0x0011 e_handle=0x0017 service_type=a55d1c55-0088-0001-0000-f0d78f4d8082
2025-09-15 10:28:34.563  8951-9044  BluetoothGatt           com.remoticom.energynodeinset        D  onConnectionUpdated() - Device=F0:D7:8F:4D:80:82 interval=6 latency=0 timeout=500 status=0
2025-09-15 10:28:34.563  1735-2015  bt_stack                com.android.bluetooth                I  [INFO:gatt_cl.cc(983)] gatt_process_read_by_type_rsp: initiate another discovery request
2025-09-15 10:28:34.563  1735-2015  bt_stack                com.android.bluetooth                I  [INFO:gatt_cl.cc(101)] gatt_act_discovery opcode: 0x10
2025-09-15 10:28:34.563  1735-2015  bluetooth               com.android.bluetooth                I  attp_cl_send_cmd: Sending ATT command to l2cap cid:0x0004 eatt_channels:0 transport:BT_TRANSPORT_LE
2025-09-15 10:28:34.563  1735-2015  bluetooth               com.android.bluetooth                I  attp_cl_send_cmd: Starting ATT response timer
2025-09-15 10:28:34.583  1735-2015  bt_stack                com.android.bluetooth                I  [INFO:gatt_cl.cc(1194)] gatt_client_handle_server_rsp opcode: 0x11
2025-09-15 10:28:34.583  1735-2015  bt_stack                com.android.bluetooth                I  [INFO:gatt_cl.cc(799)] gatt_process_read_by_type_rspop=1 subtype=1
2025-09-15 10:28:34.584  1735-2015  bt_stack                com.android.bluetooth                I  [INFO:bta_gattc_cache.cc(437)] bta_gattc_disc_res_cback: disc_type=1 p_data->handle=0x0018 e_handle=0x0020 service_type=a55d1c55-0088-0003-0000-f0d78f4d8082
2025-09-15 10:28:34.584  1735-2015  bt_stack                com.android.bluetooth                I  [INFO:gatt_cl.cc(983)] gatt_process_read_by_type_rsp: initiate another discovery request
2025-09-15 10:28:34.584  1735-2015  bt_stack                com.android.bluetooth                I  [INFO:gatt_cl.cc(101)] gatt_act_discovery opcode: 0x10
2025-09-15 10:28:34.584  1735-2015  bluetooth               com.android.bluetooth                I  attp_cl_send_cmd: Sending ATT command to l2cap cid:0x0004 eatt_channels:0 transport:BT_TRANSPORT_LE
2025-09-15 10:28:34.584  1735-2015  bluetooth               com.android.bluetooth                I  attp_cl_send_cmd: Starting ATT response timer
2025-09-15 10:28:34.598  1735-2015  bt_stack                com.android.bluetooth                I  [INFO:gatt_cl.cc(1194)] gatt_client_handle_server_rsp opcode: 0x11
2025-09-15 10:28:34.598  1735-2015  bt_stack                com.android.bluetooth                I  [INFO:gatt_cl.cc(799)] gatt_process_read_by_type_rspop=1 subtype=1
2025-09-15 10:28:34.599  1735-2015  bt_stack                com.android.bluetooth                I  [INFO:bta_gattc_cache.cc(437)] bta_gattc_disc_res_cback: disc_type=1 p_data->handle=0x0021 e_handle=0x0025 service_type=a55d1c55-0088-0004-0000-f0d78f4d8082
2025-09-15 10:28:34.599  1735-2015  bt_stack                com.android.bluetooth                I  [INFO:gatt_cl.cc(983)] gatt_process_read_by_type_rsp: initiate another discovery request
2025-09-15 10:28:34.599  1735-2015  bt_stack                com.android.bluetooth                I  [INFO:gatt_cl.cc(101)] gatt_act_discovery opcode: 0x10
2025-09-15 10:28:34.599  1735-2015  bluetooth               com.android.bluetooth                I  attp_cl_send_cmd: Sending ATT command to l2cap cid:0x0004 eatt_channels:0 transport:BT_TRANSPORT_LE
2025-09-15 10:28:34.599  1735-2015  bluetooth               com.android.bluetooth                I  attp_cl_send_cmd: Starting ATT response timer
2025-09-15 10:28:34.613  1735-2015  bt_stack                com.android.bluetooth                I  [INFO:gatt_cl.cc(1194)] gatt_client_handle_server_rsp opcode: 0x11
2025-09-15 10:28:34.614  1735-2015  bt_stack                com.android.bluetooth                I  [INFO:gatt_cl.cc(799)] gatt_process_read_by_type_rspop=1 subtype=1
