                                                                                                    	at E7.g.invokeSuspend(Unknown Source:135)
                                                                                                    	at E7.g.invoke(Unknown Source:12)
                                                                                                    	at j4.e.b0(Unknown Source:18)
                                                                                                    	at Uw.E.P(Unknown Source:78)
                                                                                                    	at com.google.firebase.sessions.settings.RemoteSettingsFetcher.doConfigFetch(Unknown Source:13)
                                                                                                    	at com.google.firebase.sessions.settings.RemoteSettings.updateSettings(Unknown Source:295)
                                                                                                    	at E7.d.invokeSuspend(Unknown Source:11)
                                                                                                    	at sv.a.resumeWith(Unknown Source:7)
                                                                                                    	at Uw.M.run(Unknown Source:109)
                                                                                                    	at java.util.concurrent.ThreadPoolExecutor.runWorker(ThreadPoolExecutor.java:1167)
                                                                                                    	at java.util.concurrent.ThreadPoolExecutor$Worker.run(ThreadPoolExecutor.java:641)
                                                                                                    	at C3.c.run(Unknown Source:156)
                                                                                                    	at java.lang.Thread.run(Thread.java:923)
2025-09-16 14:08:22.233  3143-3143  PhoneSwitc...stListener com.android.phone                    D  releaseNetworkFor NetworkRequest [ TRACK_DEFAULT id=11110, [ Capabilities: INTERNET&NOT_RESTRICTED&TRUSTED Uid: 10168 AdministratorUids: [] RequestorUid: 10168 RequestorPackageName: com.parkmobile] ]
2025-09-16 14:08:22.233   872-872   Zygote                  pid-872                              I  Process 26550 exited due to signal 9 (Killed)
2025-09-16 14:08:22.238  1305-2937  WifiService             system_server                        I  setHighPerfRestrict uid=10168 restrict=false callingUid=1000
2025-09-16 14:08:22.238 29996-30085 StrictMode              com.shazam.android                   D  StrictMode policy violation: android.os.strictmode.NetworkViolation
                                                                                                    	at android.os.StrictMode$AndroidBlockGuardPolicy.onNetwork(StrictMode.java:1610)
                                                                                                    	at com.android.org.conscrypt.Platform.blockGuardOnNetwork(Platform.java:433)
                                                                                                    	at com.android.org.conscrypt.ConscryptEngineSocket$SSLInputStream.processDataFromSocket(ConscryptEngineSocket.java:885)
                                                                                                    	at com.android.org.conscrypt.ConscryptEngineSocket$SSLInputStream.readUntilDataAvailable(ConscryptEngineSocket.java:873)
                                                                                                    	at com.android.org.conscrypt.ConscryptEngineSocket$SSLInputStream.read(ConscryptEngineSocket.java:846)
                                                                                                    	at com.android.okhttp.okio.Okio$2.read(Okio.java:138)
                                                                                                    	at com.android.okhttp.okio.AsyncTimeout$2.read(AsyncTimeout.java:213)
                                                                                                    	at com.android.okhttp.okio.RealBufferedSource.request(RealBufferedSource.java:72)
                                                                                                    	at com.android.okhttp.okio.RealBufferedSource.require(RealBufferedSource.java:65)
                                                                                                    	at com.android.okhttp.okio.RealBufferedSource.readHexadecimalUnsignedLong(RealBufferedSource.java:271)
                                                                                                    	at com.android.okhttp.internal.http.Http1xStream$ChunkedSource.readChunkSize(Http1xStream.java:456)
                                                                                                    	at com.android.okhttp.internal.http.Http1xStream$ChunkedSource.read(Http1xStream.java:437)
                                                                                                    	at com.android.okhttp.okio.RealBufferedSource.read(RealBufferedSource.java:51)
                                                                                                    	at com.android.okhttp.okio.RealBufferedSource.exhausted(RealBufferedSource.java:61)
                                                                                                    	at com.android.okhttp.okio.GzipSource.read(GzipSource.java:101)
                                                                                                    	at com.android.okhttp.okio.RealBufferedSource$1.read(RealBufferedSource.java:372)
                                                                                                    	at sun.nio.cs.StreamDecoder.readBytes(StreamDecoder.java:291)
                                                                                                    	at sun.nio.cs.StreamDecoder.implRead(StreamDecoder.java:355)
                                                                                                    	at sun.nio.cs.StreamDecoder.read(StreamDecoder.java:181)
                                                                                                    	at java.io.InputStreamReader.read(InputStreamReader.java:184)
                                                                                                    	at java.io.BufferedReader.fill(BufferedReader.java:172)
                                                                                                    	at java.io.BufferedReader.readLine(BufferedReader.java:335)
                                                                                                    	at java.io.BufferedReader.readLine(BufferedReader.java:400)
                                                                                                    	at E7.g.invokeSuspend(Unknown Source:135)
                                                                                                    	at E7.g.invoke(Unknown Source:12)
                                                                                                    	at j4.e.b0(Unknown Source:18)
                                                                                                    	at Uw.E.P(Unknown Source:78)
                                                                                                    	at com.google.firebase.sessions.settings.RemoteSettingsFetcher.doConfigFetch(Unknown Source:13)
                                                                                                    	at com.google.firebase.sessions.settings.RemoteSettings.updateSettings(Unknown Source:295)
                                                                                                    	at E7.d.invokeSuspend(Unknown Source:11)
                                                                                                    	at sv.a.resumeWith(Unknown Source:7)
                                                                                                    	at Uw.M.run(Unknown Source:109)
                                                                                                    	at java.util.concurrent.ThreadPoolExecutor.runWorker(ThreadPoolExecutor.java:1167)
                                                                                                    	at java.util.concurrent.ThreadPoolExecutor$Worker.run(ThreadPoolExecutor.java:641)
                                                                                                    	at C3.c.run(Unknown Source:156)
                                                                                                    	at java.lang.Thread.run(Thread.java:923)
2025-09-16 14:08:22.239  1305-1731  libprocessgroup         system_server                        I  Successfully killed process cgroup uid 10168 pid 26550 in 64ms
2025-09-16 14:08:22.365 19804-29607 NearbySharing           com.google.android.gms.persistent    I  Network state changed: NetworkState(isRestricted=false, isOnline=true, isCongested=false, isMetered=true, isWifiConnected=false)
2025-09-16 14:08:22.447 29996-30091 Y6.k                    com.shazam.android                   I  Provider GmsCore_OpenSSL not available
2025-09-16 14:08:22.493 22922-22922 NodeListFragment        com.remoticom.energynodeinset        D  Selected node: 00000000-0000-0000-0000-f0d78f4d8082
2025-09-16 14:08:22.540  2946-2975  IHansComunication       hans                                 D  HANS handleMessage: Got message from kernel
2025-09-16 14:08:22.540  2946-2975  IHansComunication       hans                                 E  HANS printMessageBody: RCVed message body: type = 0, port = 86870, caller_pid = 16810, target_uid = 10119, pkg_cmd = -1
2025-09-16 14:08:22.540  2946-2975  IHansComunication       hans                                 D  sendMsgToFW--type: 0, callerPid: 16810, targetUid: 10119
2025-09-16 14:08:22.541  2946-2975  IHansComunication       hans                                 D  HANS handleMessage: Got message from kernel
2025-09-16 14:08:22.541  2946-2975  IHansComunication       hans                                 E  HANS printMessageBody: RCVed message body: type = 0, port = 86870, caller_pid = 16810, target_uid = 10331, pkg_cmd = -1
2025-09-16 14:08:22.541  2946-2975  IHansComunication       hans                                 D  sendMsgToFW--type: 0, callerPid: 16810, targetUid: 10331
2025-09-16 14:08:22.576  2946-2975  IHansComunication       hans                                 D  HANS handleMessage: Got message from kernel
2025-09-16 14:08:22.576  2946-2975  IHansComunication       hans                                 E  HANS printMessageBody: RCVed message body: type = 0, port = 86870, caller_pid = 16810, target_uid = 10119, pkg_cmd = -1
2025-09-16 14:08:22.576  2946-2975  IHansComunication       hans                                 D  sendMsgToFW--type: 0, callerPid: 16810, targetUid: 10119
2025-09-16 14:08:22.578  2946-2975  IHansComunication       hans                                 D  HANS handleMessage: Got message from kernel
2025-09-16 14:08:22.578  2946-2975  IHansComunication       hans                                 E  HANS printMessageBody: RCVed message body: type = 0, port = 86870, caller_pid = 16810, target_uid = 10331, pkg_cmd = -1
2025-09-16 14:08:22.578  2946-2975  IHansComunication       hans                                 D  sendMsgToFW--type: 0, callerPid: 16810, targetUid: 10331
2025-09-16 14:08:22.606 22922-22922 NodeSettingsFragment    com.remoticom.energynodeinset        D  Mode selected: mode=4
2025-09-16 14:08:22.608  1099-1157  surfaceflinger          surfaceflinger                       E  [frame_perf] perfboost open boost file failed
2025-09-16 14:08:22.617  3143-3143  MDM-DataTr...eedTracker com.android.phone                    D  onDataActivity: isNewTxEvent = true, isNewRxEvent = true, isTxEndEvent = false, isRxEndEvent = false
2025-09-16 14:08:22.617  3143-3143  MDM-DataAc...ionManager com.android.phone                    D  onDataActivity: isNewEvent = true, isEndEvent = false
2025-09-16 14:08:22.617 30462-30498 NetworkCon...troller(1) com.android.systemui                 D  notifyListeners, showSimLoadedFakeIcon :false
2025-09-16 14:08:22.617  3143-3143  MDM-DataAc...ionManager com.android.phone                    D  getCurrentSimMccMnc: current SIM mccmnc = [*20416, null]
2025-09-16 14:08:23.614  1099-14069 surfaceflinger          surfaceflinger                       E  [frame_perf] perfboost open boost file failed
2025-09-16 14:08:23.619  1099-1157  surfaceflinger          surfaceflinger                       E  [frame_perf] perfboost open boost file failed
2025-09-16 14:08:23.621  3143-3143  MDM-DataAc...ionManager com.android.phone                    D  onDataActivity: isNewEvent = false, isEndEvent = false
2025-09-16 14:08:23.621  3143-3143  MDM-DataTr...eedTracker com.android.phone                    D  onDataActivity: isNewTxEvent = false, isNewRxEvent = false, isTxEndEvent = false, isRxEndEvent = true
2025-09-16 14:08:23.621  3143-3143  MDM-DataTr...eedTracker com.android.phone                    D  updateTransferSpeedData: isTx = false
2025-09-16 14:08:23.621  3143-3143  MDM-DataTr...eedTracker com.android.phone                    D  updateTransferSpeedData: mCurDdsSimNetworkClass = 2, currentRxBytes = 1992076298, incrementRxBytes = 12917, transferRxSpeed = 416
2025-09-16 14:08:23.622  3143-3143  MDM-DataTr...eedTracker com.android.phone                    D  getBucketIndexByBelongingRange: index = 0, transferSpeed = 416
2025-09-16 14:08:23.623 30462-30498 NetworkCon...troller(1) com.android.systemui                 D  notifyListeners, showSimLoadedFakeIcon :false
2025-09-16 14:08:23.625 30462-30462 ndroid.systemu          com.android.systemui                 E  Invalid ID 0x00000000.
2025-09-16 14:08:23.625 30462-30462 ndroid.systemu          com.android.systemui                 E  Invalid ID 0x00000000.
2025-09-16 14:08:23.658  1444-1922  QMI_FW                  netmgrd                              E  qmi_cci_get_ref: ref count increased 2
2025-09-16 14:08:23.662  1099-14069 surfaceflinger          surfaceflinger                       E  [frame_perf] perfboost open boost file failed
2025-09-16 14:08:23.667  1099-1156  surfaceflinger          surfaceflinger                       E  [frame_perf] perfboost open boost file failed
2025-09-16 14:08:23.712  1099-14069 surfaceflinger          surfaceflinger                       E  [frame_perf] perfboost open boost file failed
2025-09-16 14:08:23.716  1099-1468  surfaceflinger          surfaceflinger                       E  [frame_perf] perfboost open boost file failed
2025-09-16 14:08:23.795  1099-14069 surfaceflinger          surfaceflinger                       E  [frame_perf] perfboost open boost file failed
2025-09-16 14:08:23.796  1099-1156  surfaceflinger          surfaceflinger                       E  [frame_perf] perfboost open boost file failed
2025-09-16 14:08:23.813  1099-14069 surfaceflinger          surfaceflinger                       E  [frame_perf] perfboost open boost file failed
2025-09-16 14:08:23.814  1099-1873  surfaceflinger          surfaceflinger                       E  [frame_perf] perfboost open boost file failed
2025-09-16 14:08:23.819   963-23771 vendor.qti...bs_handler and...are.bluetooth@1.0-service-qti  I  ProcessIbsCmd: Received IBS_WAKE_IND: 0xFD
2025-09-16 14:08:23.819   963-23771 vendor.qti...bs_handler and...are.bluetooth@1.0-service-qti  D  SerialClockVote: vote for UART CLK ON
2025-09-16 14:08:23.820   963-23771 vendor.qti...-wake_lock and...are.bluetooth@1.0-service-qti  D  Acquire wakelock is acquired 
2025-09-16 14:08:23.820   963-23771 vendor.qti...bs_handler and...are.bluetooth@1.0-service-qti  I  ProcessIbsCmd: Writing IBS_WAKE_ACK
2025-09-16 14:08:23.861   963-23771 vendor.qti...bs_handler and...are.bluetooth@1.0-service-qti  I  ProcessIbsCmd: Received IBS_SLEEP_IND: 0xFE
2025-09-16 14:08:23.861   963-23771 vendor.qti...bs_handler and...are.bluetooth@1.0-service-qti  D  SerialClockVote: vote for UART CLK OFF
2025-09-16 14:08:23.863  1099-14069 surfaceflinger          surfaceflinger                       E  [frame_perf] perfboost open boost file failed
2025-09-16 14:08:23.864  1099-1156  surfaceflinger          surfaceflinger                       E  [frame_perf] perfboost open boost file failed
2025-09-16 14:08:23.930  1099-14069 surfaceflinger          surfaceflinger                       E  [frame_perf] perfboost open boost file failed
2025-09-16 14:08:24.012   963-23752 vendor.qti...-wake_lock and...are.bluetooth@1.0-service-qti  D  Release wakelock is released 
2025-09-16 14:08:24.195  1099-1156  surfaceflinger          surfaceflinger                       E  [frame_perf] perfboost open boost file failed
2025-09-16 14:08:24.210 29788-15096 ClearcutMetricXmitter   com....android.googlequicksearchbox  V  Transmission is done.
2025-09-16 14:08:24.399  1689-1757  QMI_FW                  qcrild                               E  qmi_cci_get_ref: ref count increased 2
2025-09-16 14:08:24.400  3143-11876 MDM-OPIndicationReciver com.android.phone                    D  Receive OEM indication: android.os.AsyncResult@5714fa0
2025-09-16 14:08:24.401  3143-11876 MDM-OPIndicationReciver com.android.phone                    D  oemSendIndication
2025-09-16 14:08:24.401  3143-11876 MDM-OPIndicationReciver com.android.phone                    D  Oem ID in RIL_UNSOL_OEM is ONEPLUSR,oemUnsolId = 6
2025-09-16 14:08:24.401  3143-11876 MDM-OPIndicationReciver com.android.phone                    D  responseId = 0x2,responseSize = 84
2025-09-16 14:08:24.401  3143-11876 MDM-Parser              com.android.phone                    D  pareData Carrier Aggregation data
2025-09-16 14:08:24.402  3143-11876 MDM-Parser              com.android.phone                    D  pCell :CaCellInfo{pci=117965244, freq=122, band=5, bandwidth=2.0}
2025-09-16 14:08:24.402  3143-11876 MDM-Parser              com.android.phone                    D  sCellNum :-68
2025-09-16 14:08:24.402  3143-11876 MDM-Carrie...ionManager com.android.phone                    D  EVENT_DATA_UPDATED
2025-09-16 14:08:24.403  3143-11876 MDM-Carrie...ionManager com.android.phone                    D  pCellInfo.length :4
2025-09-16 14:08:24.403  3143-11876 MDM-Carrie...ionManager com.android.phone                    D  sCellNum :-68
2025-09-16 14:08:24.403  3143-11876 MDM-Carrie...ionManager com.android.phone                    D  collectCAInfoAndStore() changeReason: sCellNum change
2025-09-16 14:08:24.403  3143-11876 MDM-Carrie...ionManager com.android.phone                    D  collectCarrierAggregationInfoAndStore: No valid subId
2025-09-16 14:08:24.448  1305-1734  AlarmManager            system_server                        W  Unrecognized alarm listener com.android.server.OpPowerControllerService$tsu@dab256d
2025-09-16 14:08:24.449 30462-30462 OpUtils                 com.android.systemui                 I  isSupportWarpCharging:false
2025-09-16 14:08:24.450 30462-30462 OpSWarpChargingView     com.android.systemui                 D  level is same as latest one [100]
2025-09-16 14:08:24.452 30462-30498 BatterySaverTile        com.android.systemui                 D  handleUpdateState, true, false
2025-09-16 14:08:24.467 30462-30462 KeyguardUpdateMonitor   com.android.systemui                 D  received broadcast android.intent.action.BATTERY_CHANGED
2025-09-16 14:08:24.467 30462-30462 OpUtils                 com.android.systemui                 I  isSupportWarpCharging:false
2025-09-16 14:08:24.468 30462-30462 KeyguardUpdateMonitor   com.android.systemui                 D  pdCharge false, chargingstatus 0, fastcharge:0
2025-09-16 14:08:24.481 23624-29559 BtGatt.GattService      com.android.bluetooth                D  beginReliableWrite() - address=F0:D7:8F:4D:80:82
2025-09-16 14:08:24.482 22922-22922 BdcWriteGe...eOperation com.remoticom.energynodeinset        D  STARTED
2025-09-16 14:08:24.482 22922-22922 BdcWriteGe...eOperation com.remoticom.energynodeinset        D  currentMtu=40, maxPayload=37
2025-09-16 14:08:24.482 22922-22922 BdcWriteGe...eOperation com.remoticom.energynodeinset        W  MTU below 69, using small frame mode
2025-09-16 14:08:24.483 23624-23773 bt_stack                com.android.bluetooth                V  [VERBOSE1:bta_gattc_main.cc(361)] bta_gattc_hdl_event: Event:BTA_GATTC_API_WRITE_EVT
2025-09-16 14:08:24.484 23624-23773 bt_stack                com.android.bluetooth                V  [VERBOSE1:bta_gattc_main.cc(305)] bta_gattc_sm_execute: State 0x02 [GATTC_CONN_ST], Event 0x1f05[BTA_GATTC_API_WRITE_EVT]
2025-09-16 14:08:24.484 23624-23773 bt_stack                com.android.bluetooth                V  [VERBOSE1:gatt_cl.cc(338)] gatt_send_prepare_write type=0x3
2025-09-16 14:08:24.484 23624-23773 bt_stack                com.android.bluetooth                V  [VERBOSE1:gatt_cl.cc(352)] offset =0x0 len=1
2025-09-16 14:08:24.484 23624-23773 bt_stack                com.android.bluetooth                V  [VERBOSE1:bta_gattc_main.cc(341)] bta_gattc_sm_execute: GATTC State Change: 0x02 -> 0x02 after Event 0x1f05
2025-09-16 14:08:24.484   963-963   vendor.qti...bs_handler and...are.bluetooth@1.0-service-qti  D  SerialClockVote: vote for UART CLK ON
2025-09-16 14:08:24.485   963-963   vendor.qti...-wake_lock and...are.bluetooth@1.0-service-qti  D  Acquire wakelock is acquired 
2025-09-16 14:08:24.485   963-963   vendor.qti...bs_handler and...are.bluetooth@1.0-service-qti  I  DeviceWakeUp: Writing IBS_WAKE_IND
2025-09-16 14:08:24.485   963-23771 vendor.qti...bs_handler and...are.bluetooth@1.0-service-qti  I  ProcessIbsCmd: Received IBS_WAKE_ACK: 0xFC
2025-09-16 14:08:24.485   963-23771 vendor.qti...bs_handler and...are.bluetooth@1.0-service-qti  I  ProcessIbsCmd: Signal wack_cond_
2025-09-16 14:08:24.485   963-963   vendor.qti...bs_handler and...are.bluetooth@1.0-service-qti  D  DeviceWakeUp: Unblocked from waiting for FC
2025-09-16 14:08:24.499  3107-3107  DeviceStatisticsService com...m.qti.devicestatisticsservice  D  chargerType=2 batteryLevel=100 totalBatteryCapacity=2636400
2025-09-16 14:08:24.558  1689-1757  QMI_FW                  qcrild                               E  qmi_cci_get_ref: ref count increased 2
2025-09-16 14:08:24.559  1689-1757  QMI_FW                  qcrild                               E  qmi_cci_get_ref: ref count increased 2
2025-09-16 14:08:24.561   963-23771 vendor.qti...bs_handler and...are.bluetooth@1.0-service-qti  I  ProcessIbsCmd: Received IBS_WAKE_IND: 0xFD
2025-09-16 14:08:24.561   963-23771 vendor.qti...bs_handler and...are.bluetooth@1.0-service-qti  I  ProcessIbsCmd: Writing IBS_WAKE_ACK
2025-09-16 14:08:24.601   963-23771 vendor.qti...bs_handler and...are.bluetooth@1.0-service-qti  I  ProcessIbsCmd: Received IBS_SLEEP_IND: 0xFE
2025-09-16 14:08:24.606   963-23771 vendor.qti...bs_handler and...are.bluetooth@1.0-service-qti  I  ProcessIbsCmd: Received IBS_WAKE_IND: 0xFD
2025-09-16 14:08:24.607   963-23771 vendor.qti...bs_handler and...are.bluetooth@1.0-service-qti  I  ProcessIbsCmd: Writing IBS_WAKE_ACK
2025-09-16 14:08:24.608 23624-23773 bt_stack                com.android.bluetooth                V  [VERBOSE1:gatt_main.cc(1086)] gatt_get_ch_state: ch_state=4
2025-09-16 14:08:24.608 23624-23773 bt_stack                com.android.bluetooth                I  [INFO:gatt_main.cc(919)] gatt_data_process op_code = 23, msg_len = 5
2025-09-16 14:08:24.608 23624-23773 bt_stack                com.android.bluetooth                V  [VERBOSE1:gatt_cl.cc(1112)] gatt_client_handle_server_rsp op_code: 23, len = 5rsp_code: 23
2025-09-16 14:08:24.608 23624-23773 bt_stack                com.android.bluetooth                E  [ERROR:gatt_cl.cc(578)] value resp op_code = ATT_RSP_PREPARE_WRITE len = 5
2025-09-16 14:08:24.608 23624-23773 bt_stack                com.android.bluetooth                V  [VERBOSE1:gatt_cl.cc(303)] gatt_check_write_long_terminate
2025-09-16 14:08:24.608 23624-23773 bt_stack                com.android.bluetooth                V  [VERBOSE1:gatt_utils.cc(1191)] gatt_end_operation status=0 op=3 subtype=3
2025-09-16 14:08:24.609 23624-23773 bt_stack                com.android.bluetooth                V  [VERBOSE1:bta_gattc_act.cc(1483)] bta_gattc_cmpl_cback: conn_id:13 op:3 status:0
2025-09-16 14:08:24.609 23624-23773 bt_stack                com.android.bluetooth                V  [VERBOSE1:bta_gattc_main.cc(361)] bta_gattc_hdl_event: Event:BTA_GATTC_OP_CMPL_EVT
2025-09-16 14:08:24.609 23624-23773 bt_stack                com.android.bluetooth                V  [VERBOSE1:bta_gattc_main.cc(305)] bta_gattc_sm_execute: State 0x02 [GATTC_CONN_ST], Event 0x1f0f[BTA_GATTC_OP_CMPL_EVT]
2025-09-16 14:08:24.609 23624-23773 bt_stack                com.android.bluetooth                V  [VERBOSE1:bta_gattc_act.cc(962)] bta_gattc_op_cmpl: op:3
2025-09-16 14:08:24.609 23624-23773 bt_stack                com.android.bluetooth                V  [VERBOSE1:bta_gattc_main.cc(341)] bta_gattc_sm_execute: GATTC State Change: 0x02 -> 0x02 after Event 0x1f0f
2025-09-16 14:08:24.611 22922-29194 BdcWriteGe...eOperation com.remoticom.energynodeinset        V  onCharacteristicWrite called
2025-09-16 14:08:24.612 22922-22922 BdcWriteGe...eOperation com.remoticom.energynodeinset        D  FINISHED
2025-09-16 14:08:24.612 22922-22922 EndReliabl...eOperation com.remoticom.energynodeinset        D  STARTED
2025-09-16 14:08:24.613 23624-29559 BtGatt.GattService      com.android.bluetooth                D  endReliableWrite() - address=F0:D7:8F:4D:80:82 execute: true
2025-09-16 14:08:24.614 23624-23773 bt_stack                com.android.bluetooth                V  [VERBOSE1:bta_gattc_main.cc(361)] bta_gattc_hdl_event: Event:BTA_GATTC_API_EXEC_EVT
2025-09-16 14:08:24.614 23624-23773 bt_stack                com.android.bluetooth                V  [VERBOSE1:bta_gattc_main.cc(305)] bta_gattc_sm_execute: State 0x02 [GATTC_CONN_ST], Event 0x1f06[BTA_GATTC_API_EXEC_EVT]
2025-09-16 14:08:24.615 23624-23773 bt_stack                com.android.bluetooth                V  [VERBOSE1:gatt_api.cc(825)] GATTC_ExecuteWrite: conn_id=0x000d, is_execute=1
2025-09-16 14:08:24.615 23624-23773 bt_stack                com.android.bluetooth                V  [VERBOSE1:gatt_cl.cc(278)] gatt_send_queue_write_cancel
2025-09-16 14:08:24.615 23624-23773 bt_stack                com.android.bluetooth                V  [VERBOSE1:bta_gattc_main.cc(341)] bta_gattc_sm_execute: GATTC State Change: 0x02 -> 0x02 after Event 0x1f06
2025-09-16 14:08:24.633  3143-3143  MDM-DataTr...eedTracker com.android.phone                    D  onDataActivity: isNewTxEvent = false, isNewRxEvent = false, isTxEndEvent = true, isRxEndEvent = false
2025-09-16 14:08:24.633  3143-3143  MDM-DataTr...eedTracker com.android.phone                    D  updateTransferSpeedData: isTx = true
2025-09-16 14:08:24.633 30462-30498 NetworkCon...troller(1) com.android.systemui                 D  notifyListeners, showSimLoadedFakeIcon :false
2025-09-16 14:08:24.635  3143-3143  MDM-DataTr...eedTracker com.android.phone                    D  updateTransferSpeedData: mCurDdsSimNetworkClass = 2, currentTxBytes = 67060767, incrementTxBytes = 19967, transferTxSpeed = 9983
2025-09-16 14:08:24.635  3143-3143  MDM-DataTr...eedTracker com.android.phone                    D  getBucketIndexByBelongingRange: index = 0, transferSpeed = 9983
2025-09-16 14:08:24.635  3143-3143  MDM-DataAc...ionManager com.android.phone                    D  onDataActivity: isNewEvent = false, isEndEvent = true
2025-09-16 14:08:24.635  3143-3143  MDM-DataAc...ionManager com.android.phone                    D  updateDataActiveDuration: original active duration = 6374122
2025-09-16 14:08:24.635  3143-3143  MDM-DataAc...ionManager com.android.phone                    D  updateDataActiveDuration: current connection time = 6376140
2025-09-16 14:08:24.647   963-23771 vendor.qti...bs_handler and...are.bluetooth@1.0-service-qti  I  ProcessIbsCmd: Received IBS_SLEEP_IND: 0xFE
2025-09-16 14:08:24.650   963-23771 vendor.qti...bs_handler and...are.bluetooth@1.0-service-qti  I  ProcessIbsCmd: Received IBS_WAKE_IND: 0xFD
2025-09-16 14:08:24.650   963-23771 vendor.qti...bs_handler and...are.bluetooth@1.0-service-qti  I  ProcessIbsCmd: Writing IBS_WAKE_ACK
2025-09-16 14:08:24.691   963-23771 vendor.qti...bs_handler and...are.bluetooth@1.0-service-qti  I  ProcessIbsCmd: Received IBS_SLEEP_IND: 0xFE
2025-09-16 14:08:24.695   963-23771 vendor.qti...bs_handler and...are.bluetooth@1.0-service-qti  I  ProcessIbsCmd: Received IBS_WAKE_IND: 0xFD
2025-09-16 14:08:24.696   963-23771 vendor.qti...bs_handler and...are.bluetooth@1.0-service-qti  I  ProcessIbsCmd: Writing IBS_WAKE_ACK
2025-09-16 14:08:24.697 23624-23773 bt_stack                com.android.bluetooth                V  [VERBOSE1:gatt_main.cc(1086)] gatt_get_ch_state: ch_state=4
2025-09-16 14:08:24.697 23624-23773 bt_stack                com.android.bluetooth                I  [INFO:gatt_main.cc(919)] gatt_data_process op_code = 25, msg_len = 0
2025-09-16 14:08:24.697 23624-23773 bt_stack                com.android.bluetooth                V  [VERBOSE1:gatt_cl.cc(1112)] gatt_client_handle_server_rsp op_code: 25, len = 0rsp_code: 25
2025-09-16 14:08:24.697 23624-23773 bt_stack                com.android.bluetooth                V  [VERBOSE1:gatt_utils.cc(1191)] gatt_end_operation status=0 op=4 subtype=0
2025-09-16 14:08:24.698 23624-23773 bt_stack                com.android.bluetooth                V  [VERBOSE1:bta_gattc_act.cc(1483)] bta_gattc_cmpl_cback: conn_id:13 op:4 status:0
2025-09-16 14:08:24.698 23624-23773 bt_stack                com.android.bluetooth                V  [VERBOSE1:bta_gattc_main.cc(361)] bta_gattc_hdl_event: Event:BTA_GATTC_OP_CMPL_EVT
2025-09-16 14:08:24.698 23624-23773 bt_stack                com.android.bluetooth                V  [VERBOSE1:bta_gattc_main.cc(305)] bta_gattc_sm_execute: State 0x02 [GATTC_CONN_ST], Event 0x1f0f[BTA_GATTC_OP_CMPL_EVT]
2025-09-16 14:08:24.698 23624-23773 bt_stack                com.android.bluetooth                V  [VERBOSE1:bta_gattc_act.cc(962)] bta_gattc_op_cmpl: op:4
2025-09-16 14:08:24.698 23624-23773 bt_stack                com.android.bluetooth                V  [VERBOSE1:bta_gattc_main.cc(341)] bta_gattc_sm_execute: GATTC State Change: 0x02 -> 0x02 after Event 0x1f0f
2025-09-16 14:08:24.701 22922-29194 EndReliabl...eOperation com.remoticom.energynodeinset        V  onReliableWriteCompleted called
2025-09-16 14:08:24.703 22922-22922 EndReliabl...eOperation com.remoticom.energynodeinset        D  FINISHED
2025-09-16 14:08:24.705 23624-29559 BtGatt.GattService      com.android.bluetooth                D  beginReliableWrite() - address=F0:D7:8F:4D:80:82
2025-09-16 14:08:24.705 22922-22922 BdcWriteDi...tOperation com.remoticom.energynodeinset        D  STARTED
2025-09-16 14:08:24.706 22922-22922 BdcWriteDi...tOperation com.remoticom.energynodeinset        D  currentMtu=40, maxPayload=37
2025-09-16 14:08:24.706 22922-22922 BdcWriteDi...tOperation com.remoticom.energynodeinset        W  MTU below 69, using small frame mode
2025-09-16 14:08:24.709 23624-23773 bt_stack                com.android.bluetooth                V  [VERBOSE1:bta_gattc_main.cc(361)] bta_gattc_hdl_event: Event:BTA_GATTC_API_WRITE_EVT
2025-09-16 14:08:24.709 23624-23773 bt_stack                com.android.bluetooth                V  [VERBOSE1:bta_gattc_main.cc(305)] bta_gattc_sm_execute: State 0x02 [GATTC_CONN_ST], Event 0x1f05[BTA_GATTC_API_WRITE_EVT]
2025-09-16 14:08:24.709 23624-23773 bt_stack                com.android.bluetooth                V  [VERBOSE1:gatt_cl.cc(338)] gatt_send_prepare_write type=0x3
2025-09-16 14:08:24.709 23624-23773 bt_stack                com.android.bluetooth                V  [VERBOSE1:gatt_cl.cc(352)] offset =0x0 len=1
2025-09-16 14:08:24.709 23624-23773 bt_stack                com.android.bluetooth                V  [VERBOSE1:bta_gattc_main.cc(341)] bta_gattc_sm_execute: GATTC State Change: 0x02 -> 0x02 after Event 0x1f05
2025-09-16 14:08:24.736   963-23771 vendor.qti...bs_handler and...are.bluetooth@1.0-service-qti  I  ProcessIbsCmd: Received IBS_SLEEP_IND: 0xFE
2025-09-16 14:08:24.740   963-23771 vendor.qti...bs_handler and...are.bluetooth@1.0-service-qti  I  ProcessIbsCmd: Received IBS_WAKE_IND: 0xFD
2025-09-16 14:08:24.740   963-23771 vendor.qti...bs_handler and...are.bluetooth@1.0-service-qti  I  ProcessIbsCmd: Writing IBS_WAKE_ACK
2025-09-16 14:08:24.781   963-23771 vendor.qti...bs_handler and...are.bluetooth@1.0-service-qti  I  ProcessIbsCmd: Received IBS_SLEEP_IND: 0xFE
2025-09-16 14:08:24.866  1099-1156  surfaceflinger          surfaceflinger                       E  [frame_perf] AutoBoostStrategyQuery fd<0 failed, errno=Inappropriate ioctl for device
2025-09-16 14:08:24.866  1099-1156  surfaceflinger          surfaceflinger                       E  [frame_perf] AutoBoostConfigQuery fd<0 failed, errno=Inappropriate ioctl for device
2025-09-16 14:08:25.710   963-23776 vendor.qti...bs_handler and...are.bluetooth@1.0-service-qti  I  DeviceSleep: TX Awake, Sending SLEEP_IND
2025-09-16 14:08:25.710   963-23776 vendor.qti...bs_handler and...are.bluetooth@1.0-service-qti  D  SerialClockVote: vote for UART CLK OFF
2025-09-16 14:08:25.860   963-23752 vendor.qti...-wake_lock and...are.bluetooth@1.0-service-qti  D  Release wakelock is released 
2025-09-16 14:08:28.120   963-23771 vendor.qti...bs_handler and...are.bluetooth@1.0-service-qti  I  ProcessIbsCmd: Received IBS_WAKE_IND: 0xFD
2025-09-16 14:08:28.121   963-23771 vendor.qti...bs_handler and...are.bluetooth@1.0-service-qti  D  SerialClockVote: vote for UART CLK ON
2025-09-16 14:08:28.121   963-23771 vendor.qti...-wake_lock and...are.bluetooth@1.0-service-qti  D  Acquire wakelock is acquired 
2025-09-16 14:08:28.122   963-23771 vendor.qti...bs_handler and...are.bluetooth@1.0-service-qti  I  ProcessIbsCmd: Writing IBS_WAKE_ACK
2025-09-16 14:08:28.124 23624-23773 bt_stack                com.android.bluetooth                V  [VERBOSE1:btm_inq.cc(1019)] BTM_InqDbRead: bd addr 43:2f:f7:f9:48:be
2025-09-16 14:08:28.163   963-23771 vendor.qti...bs_handler and...are.bluetooth@1.0-service-qti  I  ProcessIbsCmd: Received IBS_SLEEP_IND: 0xFE
2025-09-16 14:08:28.163   963-23771 vendor.qti...bs_handler and...are.bluetooth@1.0-service-qti  D  SerialClockVote: vote for UART CLK OFF
2025-09-16 14:08:28.242 19804-29607 NearbyMediums           com.google.android.gms.persistent    I  Found Fast Ble Advertisements :
                                                                                                    BleAdvertisement { version=2, socketVersion=2, isFast=true, serviceIdHash=null, data=[ 0x23 0x4c 0x50 0x52 0x53 0x11 0x32 0xb5 0xce 0x89 0xd9 0x0e 0x33 0x05 0x2b 0x75 0x70 0x41 0xbb 0x7b 0x54 0x58 0x86 ], deviceToken=[ 0x56 0x41 ], rxAdvertisement=null } : 1 times.
                                                                                                    Total 1 fast advertisements from 1 unique advertisers.
2025-09-16 14:08:28.243 19804-29607 NearbyMediums           com.google.android.gms.persistent    I  Current Tracked Scanning Clients are : {NearbyConnections.EnvironmentMonitor, NearbySharing}
2025-09-16 14:08:28.313   963-23752 vendor.qti...-wake_lock and...are.bluetooth@1.0-service-qti  D  Release wakelock is released 
2025-09-16 14:08:28.329 29966-29984 ClearcutMetricXmitter   com.google.android.partnersetup      V  Transmission is done.
2025-09-16 14:08:28.348 29966-30167 ClearcutMetricXmitter   com.google.android.partnersetup      V  Transmission is done.
2025-09-16 14:08:30.255   963-23771 vendor.qti...bs_handler and...are.bluetooth@1.0-service-qti  I  ProcessIbsCmd: Received IBS_WAKE_IND: 0xFD
2025-09-16 14:08:30.255   963-23771 vendor.qti...bs_handler and...are.bluetooth@1.0-service-qti  D  SerialClockVote: vote for UART CLK ON
2025-09-16 14:08:30.256   963-23771 vendor.qti...-wake_lock and...are.bluetooth@1.0-service-qti  D  Acquire wakelock is acquired 
2025-09-16 14:08:30.256   963-23771 vendor.qti...bs_handler and...are.bluetooth@1.0-service-qti  I  ProcessIbsCmd: Writing IBS_WAKE_ACK
2025-09-16 14:08:30.257 23624-23773 bt_stack                com.android.bluetooth                I  [INFO:btsnoop.cc(427)] clear_l2cap_whitelist: Clearing whitelist from l2cap channel. conn_handle=5 cid=4:4
2025-09-16 14:08:30.258 23624-23773 bt_stack                com.android.bluetooth                V  [VERBOSE1:gatt_main.cc(461)] GATT   ATT protocol channel with BDA: f0:d7:8f:4d:80:82 is disconnected
2025-09-16 14:08:30.258 23624-23773 bt_stack                com.android.bluetooth                V  [VERBOSE1:gatt_utils.cc(312)] gatt_is_bda_in_the_srv_chg_clt_list: f0:d7:8f:4d:80:82
2025-09-16 14:08:30.258 23624-23773 bt_stack                com.android.bluetooth                V  [VERBOSE1:gatt_utils.cc(1247)] gatt_cleanup_upon_disc
2025-09-16 14:08:30.258 23624-23773 bt_stack                com.android.bluetooth                V  [VERBOSE1:gatt_main.cc(1077)] gatt_set_ch_state: old=4 new=0000
2025-09-16 14:08:30.258 23624-23773 bt_stack                com.android.bluetooth                V  [VERBOSE1:gatt_utils.cc(1258)] found p_clcb conn_id=13
2025-09-16 14:08:30.258 23624-23773 bt_stack                com.android.bluetooth                V  [VERBOSE1:gatt_utils.cc(1191)] gatt_end_operation status=133 op=3 subtype=3
2025-09-16 14:08:30.259 23624-23773 bt_stack                com.android.bluetooth                V  [VERBOSE1:gatt_utils.cc(1212)] Rcv Prepare write rsp but no data
2025-09-16 14:08:30.259 23624-23773 bt_stack                com.android.bluetooth                V  [VERBOSE1:bta_gattc_act.cc(1483)] bta_gattc_cmpl_cback: conn_id:13 op:3 status:133
2025-09-16 14:08:30.259 23624-23773 bt_stack                com.android.bluetooth                V  [VERBOSE1:gatt_utils.cc(92)] gatt_free_pending_ind
2025-09-16 14:08:30.259 23624-23773 bt_stack                com.android.bluetooth                V  [VERBOSE1:gatt_utils.cc(1279)] found p_reg tcb_idx=0 gatt_if=1  conn_id=0x1
2025-09-16 14:08:30.259 23624-23773 bt_stack                com.android.bluetooth                V  [VERBOSE1:gatt_attr.cc(245)] gatt_connect_cback: from f0:d7:8f:4d:80:82 connected: 0, conn_id: 0x0001reason: 0x0008
2025-09-16 14:08:30.259 23624-23773 bt_stack                com.android.bluetooth                V  [VERBOSE1:gatt_utils.cc(1279)] found p_reg tcb_idx=0 gatt_if=2  conn_id=0x2
2025-09-16 14:08:30.259 23624-23773 bt_stack                com.android.bluetooth                V  [VERBOSE1:gatt_utils.cc(1279)] found p_reg tcb_idx=0 gatt_if=3  conn_id=0x3
2025-09-16 14:08:30.259 23624-23773 bt_stack                com.android.bluetooth                W  [WARNING:bta_gattc_act.cc(1086)] bta_gattc_conn_cback: cif=3 connected=0 conn_id=0x0003 reason=0x0008
2025-09-16 14:08:30.259 23624-23773 bt_stack                com.android.bluetooth                V  [VERBOSE1:gatt_utils.cc(1279)] found p_reg tcb_idx=0 gatt_if=4  conn_id=0x4
2025-09-16 14:08:30.260 23624-23773 bt_stack                com.android.bluetooth                W  [WARNING:bta_gattc_act.cc(1086)] bta_gattc_conn_cback: cif=4 connected=0 conn_id=0x0004 reason=0x0008
2025-09-16 14:08:30.260 23624-23773 bt_stack                com.android.bluetooth                V  [VERBOSE1:gatt_utils.cc(1279)] found p_reg tcb_idx=0 gatt_if=5  conn_id=0x5
2025-09-16 14:08:30.260 23624-23773 bt_stack                com.android.bluetooth                W  [WARNING:bta_gattc_act.cc(1086)] bta_gattc_conn_cback: cif=5 connected=0 conn_id=0x0005 reason=0x0008
2025-09-16 14:08:30.260 23624-23773 bt_stack                com.android.bluetooth                V  [VERBOSE1:gatt_utils.cc(1279)] found p_reg tcb_idx=0 gatt_if=6  conn_id=0x6
2025-09-16 14:08:30.260 23624-23773 bt_stack                com.android.bluetooth                W  [WARNING:bta_gattc_act.cc(1086)] bta_gattc_conn_cback: cif=6 connected=0 conn_id=0x0006 reason=0x0008
2025-09-16 14:08:30.260 23624-23773 bt_stack                com.android.bluetooth                V  [VERBOSE1:gatt_utils.cc(1279)] found p_reg tcb_idx=0 gatt_if=7  conn_id=0x7
2025-09-16 14:08:30.260 23624-23773 bt_stack                com.android.bluetooth                W  [WARNING:bta_gattc_act.cc(1086)] bta_gattc_conn_cback: cif=7 connected=0 conn_id=0x0007 reason=0x0008
2025-09-16 14:08:30.260 23624-23773 bt_stack                com.android.bluetooth                V  [VERBOSE1:gatt_utils.cc(1279)] found p_reg tcb_idx=0 gatt_if=8  conn_id=0x8
2025-09-16 14:08:30.260 23624-23773 bt_stack                com.android.bluetooth                W  [WARNING:bta_gattc_act.cc(1086)] bta_gattc_conn_cback: cif=8 connected=0 conn_id=0x0008 reason=0x0008
2025-09-16 14:08:30.261 23624-23773 bt_stack                com.android.bluetooth                V  [VERBOSE1:gatt_utils.cc(1279)] found p_reg tcb_idx=0 gatt_if=9  conn_id=0x9
2025-09-16 14:08:30.261 23624-23773 bt_stack                com.android.bluetooth                W  [WARNING:bta_gattc_act.cc(1086)] bta_gattc_conn_cback: cif=9 connected=0 conn_id=0x0009 reason=0x0008
2025-09-16 14:08:30.261 23624-23773 bt_stack                com.android.bluetooth                V  [VERBOSE1:gatt_utils.cc(1279)] found p_reg tcb_idx=0 gatt_if=10  conn_id=0xa
2025-09-16 14:08:30.261 23624-23773 bt_stack                com.android.bluetooth                W  [WARNING:bta_gattc_act.cc(1086)] bta_gattc_conn_cback: cif=10 connected=0 conn_id=0x000a reason=0x0008
2025-09-16 14:08:30.261 23624-23773 bt_stack                com.android.bluetooth                V  [VERBOSE1:gatt_utils.cc(1279)] found p_reg tcb_idx=0 gatt_if=11  conn_id=0xb
2025-09-16 14:08:30.261 23624-23773 bt_stack                com.android.bluetooth                W  [WARNING:bta_gattc_act.cc(1086)] bta_gattc_conn_cback: cif=11 connected=0 conn_id=0x000b reason=0x0008
2025-09-16 14:08:30.261 23624-23773 bt_stack                com.android.bluetooth                V  [VERBOSE1:gatt_utils.cc(1279)] found p_reg tcb_idx=0 gatt_if=12  conn_id=0xc
2025-09-16 14:08:30.261 23624-23773 bt_stack                com.android.bluetooth                W  [WARNING:bta_gattc_act.cc(1086)] bta_gattc_conn_cback: cif=12 connected=0 conn_id=0x000c reason=0x0008
2025-09-16 14:08:30.261 23624-23773 bt_stack                com.android.bluetooth                V  [VERBOSE1:gatt_utils.cc(1279)] found p_reg tcb_idx=0 gatt_if=13  conn_id=0xd
2025-09-16 14:08:30.261 23624-23773 bt_stack                com.android.bluetooth                W  [WARNING:bta_gattc_act.cc(1086)] bta_gattc_conn_cback: cif=13 connected=0 conn_id=0x000d reason=0x0008
2025-09-16 14:08:30.262 23624-23773 bt_stack                com.android.bluetooth                V  [VERBOSE1:gatt_utils.cc(1287)] gatt_cleanup_upon_disc: exit
2025-09-16 14:08:30.262 23624-23773 bt_stack                com.android.bluetooth                V  [VERBOSE1:gatt_main.cc(474)] ATT disconnected
2025-09-16 14:08:30.262 23624-23773 bt_btm_sec              com.android.bluetooth                I  btm_sec_disconnected clearing pending flag handle:5 reason:8
2025-09-16 14:08:30.262 23624-23773 bt_stack                com.android.bluetooth                I  [INFO:btm_ble_bgconn.cc(420)] Already connection initiated (or) No Pending connections(or) Resources of lcb are exhausted
2025-09-16 14:08:30.262 23624-23773 bt_stack                com.android.bluetooth                V  [VERBOSE1:bta_gattc_main.cc(361)] bta_gattc_hdl_event: Event:BTA_GATTC_OP_CMPL_EVT
2025-09-16 14:08:30.262 23624-23773 bt_stack                com.android.bluetooth                V  [VERBOSE1:bta_gattc_main.cc(305)] bta_gattc_sm_execute: State 0x02 [GATTC_CONN_ST], Event 0x1f0f[BTA_GATTC_OP_CMPL_EVT]
2025-09-16 14:08:30.263 23624-23773 bt_stack                com.android.bluetooth                V  [VERBOSE1:bta_gattc_act.cc(962)] bta_gattc_op_cmpl: op:3
2025-09-16 14:08:30.263 23624-23773 bt_stack                com.android.bluetooth                V  [VERBOSE1:bta_gattc_main.cc(341)] bta_gattc_sm_execute: GATTC State Change: 0x02 -> 0x02 after Event 0x1f0f
2025-09-16 14:08:30.263 23624-23773 bt_stack                com.android.bluetooth                V  [VERBOSE1:bta_gattc_main.cc(361)] bta_gattc_hdl_event: Event:BTA_GATTC_INT_DISCONN_EVT
2025-09-16 14:08:30.263 23624-23773 bt_stack                com.android.bluetooth                V  [VERBOSE1:bta_gattc_utils.cc(678)]  disconnection ID:3 not used by BTA
2025-09-16 14:08:30.263 23624-23773 bt_stack                com.android.bluetooth                V  [VERBOSE1:bta_gattc_main.cc(385)] Ignore unknown conn ID: 3
2025-09-16 14:08:30.263 23624-23773 bt_stack                com.android.bluetooth                V  [VERBOSE1:bta_gattc_main.cc(361)] bta_gattc_hdl_event: Event:BTA_GATTC_INT_DISCONN_EVT
2025-09-16 14:08:30.263 23624-23773 bt_stack                com.android.bluetooth                V  [VERBOSE1:bta_gattc_utils.cc(678)]  disconnection ID:4 not used by BTA
2025-09-16 14:08:30.263 23624-23773 bt_stack                com.android.bluetooth                V  [VERBOSE1:bta_gattc_main.cc(385)] Ignore unknown conn ID: 4
2025-09-16 14:08:30.263 23624-23773 bt_stack                com.android.bluetooth                V  [VERBOSE1:bta_gattc_main.cc(361)] bta_gattc_hdl_event: Event:BTA_GATTC_INT_DISCONN_EVT
2025-09-16 14:08:30.264 23624-23773 bt_stack                com.android.bluetooth                V  [VERBOSE1:bta_gattc_utils.cc(678)]  disconnection ID:5 not used by BTA
2025-09-16 14:08:30.264 23624-23773 bt_stack                com.android.bluetooth                V  [VERBOSE1:bta_gattc_main.cc(385)] Ignore unknown conn ID: 5
2025-09-16 14:08:30.264 23624-23773 bt_stack                com.android.bluetooth                V  [VERBOSE1:bta_gattc_main.cc(361)] bta_gattc_hdl_event: Event:BTA_GATTC_INT_DISCONN_EVT
2025-09-16 14:08:30.264 23624-23773 bt_stack                com.android.bluetooth                V  [VERBOSE1:bta_gattc_utils.cc(678)]  disconnection ID:6 not used by BTA
2025-09-16 14:08:30.264 23624-23773 bt_stack                com.android.bluetooth                V  [VERBOSE1:bta_gattc_main.cc(385)] Ignore unknown conn ID: 6
2025-09-16 14:08:30.264 23624-23773 bt_stack                com.android.bluetooth                V  [VERBOSE1:bta_gattc_main.cc(361)] bta_gattc_hdl_event: Event:BTA_GATTC_INT_DISCONN_EVT
2025-09-16 14:08:30.264 23624-23773 bt_stack                com.android.bluetooth                V  [VERBOSE1:bta_gattc_utils.cc(678)]  disconnection ID:7 not used by BTA
2025-09-16 14:08:30.264 23624-23773 bt_stack                com.android.bluetooth                V  [VERBOSE1:bta_gattc_main.cc(385)] Ignore unknown conn ID: 7
2025-09-16 14:08:30.264 23624-23773 bt_stack                com.android.bluetooth                V  [VERBOSE1:bta_gattc_main.cc(361)] bta_gattc_hdl_event: Event:BTA_GATTC_INT_DISCONN_EVT
2025-09-16 14:08:30.264 23624-23773 bt_stack                com.android.bluetooth                V  [VERBOSE1:bta_gattc_utils.cc(678)]  disconnection ID:8 not used by BTA
2025-09-16 14:08:30.264 23624-23773 bt_stack                com.android.bluetooth                V  [VERBOSE1:bta_gattc_main.cc(385)] Ignore unknown conn ID: 8
2025-09-16 14:08:30.264 23624-23773 bt_stack                com.android.bluetooth                V  [VERBOSE1:bta_gattc_main.cc(361)] bta_gattc_hdl_event: Event:BTA_GATTC_INT_DISCONN_EVT
2025-09-16 14:08:30.265 23624-23773 bt_stack                com.android.bluetooth                V  [VERBOSE1:bta_gattc_utils.cc(678)]  disconnection ID:9 not used by BTA
2025-09-16 14:08:30.265 23624-23773 bt_stack                com.android.bluetooth                V  [VERBOSE1:bta_gattc_main.cc(385)] Ignore unknown conn ID: 9
2025-09-16 14:08:30.265 23624-23773 bt_stack                com.android.bluetooth                V  [VERBOSE1:bta_gattc_main.cc(361)] bta_gattc_hdl_event: Event:BTA_GATTC_INT_DISCONN_EVT
2025-09-16 14:08:30.265 23624-23773 bt_stack                com.android.bluetooth                V  [VERBOSE1:bta_gattc_utils.cc(678)]  disconnection ID:10 not used by BTA
2025-09-16 14:08:30.265 23624-23773 bt_stack                com.android.bluetooth                V  [VERBOSE1:bta_gattc_main.cc(385)] Ignore unknown conn ID: 10
2025-09-16 14:08:30.265 23624-23773 bt_stack                com.android.bluetooth                V  [VERBOSE1:bta_gattc_main.cc(361)] bta_gattc_hdl_event: Event:BTA_GATTC_INT_DISCONN_EVT
2025-09-16 14:08:30.265 23624-23773 bt_stack                com.android.bluetooth                V  [VERBOSE1:bta_gattc_utils.cc(678)]  disconnection ID:11 not used by BTA
2025-09-16 14:08:30.265 23624-23773 bt_stack                com.android.bluetooth                V  [VERBOSE1:bta_gattc_main.cc(385)] Ignore unknown conn ID: 11
2025-09-16 14:08:30.265 23624-23773 bt_stack                com.android.bluetooth                V  [VERBOSE1:bta_gattc_main.cc(361)] bta_gattc_hdl_event: Event:BTA_GATTC_INT_DISCONN_EVT
2025-09-16 14:08:30.265 23624-23773 bt_stack                com.android.bluetooth                V  [VERBOSE1:bta_gattc_utils.cc(678)]  disconnection ID:12 not used by BTA
2025-09-16 14:08:30.265 23624-23773 bt_stack                com.android.bluetooth                V  [VERBOSE1:bta_gattc_main.cc(385)] Ignore unknown conn ID: 12
2025-09-16 14:08:30.266 23624-23773 bt_stack                com.android.bluetooth                V  [VERBOSE1:bta_gattc_main.cc(361)] bta_gattc_hdl_event: Event:BTA_GATTC_INT_DISCONN_EVT
2025-09-16 14:08:30.266 23624-23773 bt_stack                com.android.bluetooth                V  [VERBOSE1:bta_gattc_main.cc(305)] bta_gattc_sm_execute: State 0x02 [GATTC_CONN_ST], Event 0x1f10[BTA_GATTC_INT_DISCONN_EVT]
