2025-09-16 13:38:28.313 30462-30462 KeyguardUpdateMonitor   com.android.systemui                 D  handleServiceStateChange(subId=1, serviceState={mVoiceRegState=0(IN_SERVICE), mDataRegState=0(IN_SERVICE), mChannelNumber=1800, duplexMode()=1, mCellBandwidths=[20000], mOperatorAlphaLong=Odido, mOperatorAlphaShort=Odido, isManualNetworkSelection=false(automatic), getRilVoiceRadioTechnology=14(LTE), getRilDataRadioTechnology=14(LTE), mCssIndicator=unsupported, mNetworkId=-1, mSystemId=-1, mCdmaRoamingIndicator=-1, mCdmaDefaultRoamingIndicator=-1, mIsEmergencyOnly=false, isUsingCarrierAggregation=false, mLteEarfcnRsrpBoost=0, mNetworkRegistrationInfos=[NetworkRegistrationInfo{ domain=CS transportType=WWAN registrationState=HOME roamingType=NOT_ROAMING accessNetworkTechnology=LTE rejectCause=0 emergencyEnabled=false availableServices=[VOICE,SMS,VIDEO] cellIdentity=CellIdentityLte:{ mCi=13250917 mPci=444 mTac=40 mEarfcn=1800 mBands=[] mBandwidth=20000 mMcc=204 mMnc=16 mAlphaLong=Odido mAlphaShort=Odido mAdditionalPlmns={} mCsgInfo=null} voiceSpecificInfo=VoiceSpecificRegistrationInfo { mCssSupported=false mRoamingIndicator=1 mSystemIsInPrl=-1 mDefaultRoamingIndicator=-1} dataSpecificInfo=null nrState=NONE rRplmn=20416}, NetworkRegistrationInfo{ domain=PS transportType=WWAN registrationState=HOME roamingType=NOT_ROAMING accessNetworkTechnology=LTE rejectCause=0 emergencyEnabled=false availableServices=[DATA] cellIdentity=CellIdentityLte:{ mCi=13250917 mPci=444 mTac=40 mEarfcn=1800 mBands=[] mBandwidth=20000 mMcc=204 mMnc=16 mAlphaLong=Odido mAlphaShort=Odido mAdditionalPlmns={} mCsgInfo=null} voiceSpecificInfo=null dataSpecificInfo=android.telephony.DataSpecificRegistrationInfo :{ maxDataCalls = 20 isDcNrRestricted = false isNrAvailable = false isEnDcAvailable = false LteVopsSupportInfo :  mVopsSupport = 2 mEmcBearerSupport = 2 mIsUsingCarrierAggregation = false } nrState=NONE rRplmn=20416}], mNrFrequencyRange=0, mOperatorAlphaLongRaw=Odido, mOperatorAlphaShortRaw=Odido, mIsDataRoamingFromRegistration=false, mIsIwlanPreferred=false}
2025-09-16 13:38:28.319  2941-2941  DPMJ                    .dataservices                        W  |SERVICE| DPM received unexpected action: android.intent.action.ANY_DATA_STATE
2025-09-16 13:38:28.319  3143-3143  MDM-DataTr...eedTracker com.android.phone                    D  onDataActivity: isNewTxEvent = false, isNewRxEvent = false, isTxEndEvent = false, isRxEndEvent = false
2025-09-16 13:38:28.320 10489-10489 SecureService           com.android.settings                 D  onReceive action:android.intent.action.ANY_DATA_STATE
2025-09-16 13:38:28.298  1305-2238  Nat464Xlat              system_server                        I  Android Xlat enabled is doXlat = true
2025-09-16 13:38:28.321 10489-10489 ContextImpl             com.android.settings                 W  Calling a method in the system process without a qualified user: android.app.ContextImpl.sendBroadcast:1138 android.content.ContextWrapper.sendBroadcast:468 com.oneplus.security.SecureService$NetworkChangeReceive.onReceive:257 android.app.LoadedApk$ReceiverDispatcher$Args.lambda$getRunnable$0$LoadedApk$ReceiverDispatcher$Args:1566 android.app.-$$Lambda$LoadedApk$ReceiverDispatcher$Args$_BumDX2UKsnxLVrE6UJsJZkotuA.run:2 
2025-09-16 13:38:28.324  3143-3187  PhoneInterfaceManager   com.android.phone                    D  [PhoneIntfMgr] getPhoneFromSubId: 1
2025-09-16 13:38:28.331 30462-30462 OpReflectionUtils       com.android.systemui                 E  getValue NoSuchField class com.android.keyguard.CarrierTextController field mIsEmergencyCallCapable
2025-09-16 13:38:28.332 30462-30462 chatty                  com.android.systemui                 I  uid=10019(com.android.systemui) identical 1 line
2025-09-16 13:38:28.333 30462-30462 OpReflectionUtils       com.android.systemui                 E  getValue NoSuchField class com.android.keyguard.CarrierTextController field mIsEmergencyCallCapable
2025-09-16 13:38:28.334  3143-3143  Telephony               com.android.phone                    I  isRttCurrentlySupported -- regular acct, hasVoiceAvailability: false
                                                                                                     isRttSupported: false
                                                                                                     isRoaming: false
                                                                                                     isOnWfc: false
2025-09-16 13:38:28.334  3143-3143  OPDiagnose...nyReceiver com.android.phone                    D  onServiceStateChanged serviceState = 0, slotIndex = 0 , isShutdownPeriod() = false
2025-09-16 13:38:28.335  3143-3143  OPDiagnose...nyReceiver com.android.phone                    D  onServiceStateChanged getNetworkRegistrationInfoList = [NetworkRegistrationInfo{ domain=CS transportType=WWAN registrationState=HOME roamingType=NOT_ROAMING accessNetworkTechnology=LTE rejectCause=0 emergencyEnabled=false availableServices=[VOICE,SMS,VIDEO] cellIdentity=CellIdentityLte:{ mCi=13250917 mPci=444 mTac=40 mEarfcn=1800 mBands=[] mBandwidth=20000 mMcc=204 mMnc=16 mAlphaLong=Odido mAlphaShort=Odido mAdditionalPlmns={} mCsgInfo=null} voiceSpecificInfo=VoiceSpecificRegistrationInfo { mCssSupported=false mRoamingIndicator=1 mSystemIsInPrl=-1 mDefaultRoamingIndicator=-1} dataSpecificInfo=null nrState=NONE rRplmn=20416}, NetworkRegistrationInfo{ domain=PS transportType=WWAN registrationState=HOME roamingType=NOT_ROAMING accessNetworkTechnology=LTE rejectCause=0 emergencyEnabled=false availableServices=[DATA] cellIdentity=CellIdentityLte:{ mCi=13250917 mPci=444 mTac=40 mEarfcn=1800 mBands=[] mBandwidth=20000 mMcc=204 mMnc=16 mAlphaLong=Odido mAlphaShort=Odido mAdditionalPlmns={} mCsgInfo=null} voiceSpecificInfo=null dataSpecificInfo=android.telephony.DataSpecificRegistrationInfo :{ maxDataCalls = 20 isDcNrRestricted = false isNrAvailable = false isEnDcAvailable = false LteVopsSupportInfo :  mVopsSupport = 2 mEmcBearerSupport = 2 mIsUsingCarrierAggregation = false } nrState=NONE rRplmn=20416}]
2025-09-16 13:38:28.337  3143-3143  PhoneGlobals            com.android.phone                    I  noServiceSimNotification  subId: 1 slotId: 0 state: 0
2025-09-16 13:38:28.337  3143-3143  OPSimAlarmReceiver      com.android.phone                    I  SoltId 0 isScheduled false
2025-09-16 13:38:28.337  2968-4117  QCNEJ/WwanInfoRelay     .qtidataservices                     D  onLinkPropertiesChanged: 115{InterfaceName: rmnet_data1 LinkAddresses: [ 10.255.121.128/24 ] DnsAddresses: [ /84.241.227.82,/84.241.227.81 ] Domains: null MTU: 1500 TcpBufferSizes: 2097152,4194304,8388608,262144,524288,1048576 Routes: [ 0.0.0.0/0 -> 10.255.121.129 rmnet_data1 mtu 1500,10.255.121.0/24 -> 0.0.0.0 rmnet_data1 mtu 0 ]}
2025-09-16 13:38:28.338  3143-3143  PhoneGlobals            com.android.phone                    V  subId=1,mDefaultDataSubId=1,ss roaming=false
2025-09-16 13:38:28.342  1689-1837  QMI_FW                  qcrild                               E  qmi_cci_get_ref: ref count increased 2
2025-09-16 13:38:28.342  1444-1997  QMI_FW                  netmgrd                              E  qmi_cci_get_ref: ref count increased 2
2025-09-16 13:38:28.343  2946-2975  IHansComunication       hans                                 D  HANS handleMessage: Got message from kernel
2025-09-16 13:38:28.343  2946-2975  IHansComunication       hans                                 E  HANS printMessageBody: RCVed message body: type = 0, port = 86870, caller_pid = 1305, target_uid = 10119, pkg_cmd = -1
2025-09-16 13:38:28.343  2946-2975  IHansComunication       hans                                 D  sendMsgToFW--type: 0, callerPid: 1305, targetUid: 10119
2025-09-16 13:38:28.343  1689-1823  QMI_FW                  qcrild                               E  qmi_cci_get_ref: ref count increased 2
2025-09-16 13:38:28.344  1689-1856  QMI_FW                  qcrild                               E  qmi_cci_get_ref: ref count increased 2
2025-09-16 13:38:28.344  2946-2975  IHansComunication       hans                                 D  HANS handleMessage: Got message from kernel
2025-09-16 13:38:28.344  2946-2975  IHansComunication       hans                                 E  HANS printMessageBody: RCVed message body: type = 0, port = 86870, caller_pid = 1305, target_uid = 10119, pkg_cmd = -1
2025-09-16 13:38:28.344  2946-2975  IHansComunication       hans                                 D  sendMsgToFW--type: 0, callerPid: 1305, targetUid: 10119
2025-09-16 13:38:28.344  1689-11815 QMI_FW                  qcrild                               E  qmi_cci_get_ref: ref count increased 2
2025-09-16 13:38:28.348  1444-1922  QMI_FW                  netmgrd                              E  qmi_cci_get_ref: ref count increased 2
2025-09-16 13:38:28.349  3143-3143  MDM-DataTr...eedTracker com.android.phone                    D  onDataActivity: isNewTxEvent = false, isNewRxEvent = false, isTxEndEvent = false, isRxEndEvent = false
2025-09-16 13:38:28.350  3143-3143  MDM-DataTr...eedTracker com.android.phone                    D  onDataActivity: isNewTxEvent = false, isNewRxEvent = false, isTxEndEvent = false, isRxEndEvent = false
2025-09-16 13:38:28.350  3143-3143  MDM-DataAc...ionManager com.android.phone                    D  onDataActivity: isNewEvent = false, isEndEvent = false
2025-09-16 13:38:28.350  3143-3143  MDM-OPMdmListener       com.android.phone                    D  onCellInfoChanged the cellInfo changed phoneId 0
2025-09-16 13:38:28.350  2769-2838  QcrilOemhookMsgTunnel   com.qualcomm.qcrilmsgtunnel          I  [0]processOemHookIndication length=21
2025-09-16 13:38:28.350  2769-2769  QcrilMsgTu...aceManager com.qualcomm.qcrilmsgtunnel          D  handleMessage what = 0
2025-09-16 13:38:28.351  1305-1305  QC_RIL_OEM_HOOK         system_server                        D  Received Broadcast Intent ACTION_UNSOL_RESPONSE_OEM_HOOK_RAW
2025-09-16 13:38:28.351  1305-1305  QC_RIL_OEM_HOOK         system_server                        D  Oem ID in QCRILHOOK UNSOL RESP is QOEMHOOK
2025-09-16 13:38:28.351  2946-2975  IHansComunication       hans                                 D  HANS handleMessage: Got message from kernel
2025-09-16 13:38:28.351  2946-2975  IHansComunication       hans                                 E  HANS printMessageBody: RCVed message body: type = 0, port = 86870, caller_pid = 1305, target_uid = 10119, pkg_cmd = -1
2025-09-16 13:38:28.351  2946-2975  IHansComunication       hans                                 D  sendMsgToFW--type: 0, callerPid: 1305, targetUid: 10119
2025-09-16 13:38:28.351  1305-1305  QC_RIL_OEM_HOOK         system_server                        D  Received Broadcast Intent ACTION_UNSOL_RESPONSE_OEM_HOOK_RAW
2025-09-16 13:38:28.352  1305-1305  QC_RIL_OEM_HOOK         system_server                        D  Oem ID in QCRILHOOK UNSOL RESP is QOEMHOOK
2025-09-16 13:38:28.352  3143-3143  QC_RIL_OEM_HOOK         com.android.phone                    D  Received Broadcast Intent ACTION_UNSOL_RESPONSE_OEM_HOOK_RAW
2025-09-16 13:38:28.352  3143-3143  QC_RIL_OEM_HOOK         com.android.phone                    D  Oem ID in QCRILHOOK UNSOL RESP is QOEMHOOK
2025-09-16 13:38:28.352  3143-3143  QC_RIL_OEM_HOOK         com.android.phone                    D  Received Broadcast Intent ACTION_UNSOL_RESPONSE_OEM_HOOK_RAW
2025-09-16 13:38:28.352  3143-3143  QC_RIL_OEM_HOOK         com.android.phone                    D  Oem ID in QCRILHOOK UNSOL RESP is QOEMHOOK
2025-09-16 13:38:28.353  1689-1757  QMI_FW                  qcrild                               E  qmi_cci_get_ref: ref count increased 2
2025-09-16 13:38:28.354  2992-2992  QC_RIL_OEM_HOOK         com.qualcomm.qti.telephonyservice    D  Received Broadcast Intent ACTION_UNSOL_RESPONSE_OEM_HOOK_RAW
2025-09-16 13:38:28.354  2992-2992  QC_RIL_OEM_HOOK         com.qualcomm.qti.telephonyservice    D  Oem ID in QCRILHOOK UNSOL RESP is QOEMHOOK
2025-09-16 13:38:28.355  2946-2975  IHansComunication       hans                                 D  HANS handleMessage: Got message from kernel
2025-09-16 13:38:28.355  2946-2975  IHansComunication       hans                                 E  HANS printMessageBody: RCVed message body: type = 0, port = 86870, caller_pid = 1305, target_uid = 10331, pkg_cmd = -1
2025-09-16 13:38:28.355  2946-2975  IHansComunication       hans                                 D  sendMsgToFW--type: 0, callerPid: 1305, targetUid: 10331
2025-09-16 13:38:28.355  3143-3143  QC_RIL_OEM_HOOK         com.android.phone                    D  Received Broadcast Intent ACTION_UNSOL_RESPONSE_OEM_HOOK_RAW
2025-09-16 13:38:28.355  3143-3143  QC_RIL_OEM_HOOK         com.android.phone                    D  Oem ID in QCRILHOOK UNSOL RESP is QOEMHOOK
2025-09-16 13:38:28.356  3143-3143  QC_RIL_OEM_HOOK         com.android.phone                    D  Received Broadcast Intent ACTION_UNSOL_RESPONSE_OEM_HOOK_RAW
2025-09-16 13:38:28.356  3143-3143  QC_RIL_OEM_HOOK         com.android.phone                    D  Oem ID in QCRILHOOK UNSOL RESP is QOEMHOOK
2025-09-16 13:38:28.357  2946-2975  IHansComunication       hans                                 D  HANS handleMessage: Got message from kernel
2025-09-16 13:38:28.357  2946-2975  IHansComunication       hans                                 E  HANS printMessageBody: RCVed message body: type = 0, port = 86870, caller_pid = 1305, target_uid = 10331, pkg_cmd = -1
2025-09-16 13:38:28.357  2946-2975  IHansComunication       hans                                 D  sendMsgToFW--type: 0, callerPid: 1305, targetUid: 10331
2025-09-16 13:38:28.359  3143-3143  QC_RIL_OEM_HOOK         com.android.phone                    D  Received Broadcast Intent ACTION_UNSOL_RESPONSE_OEM_HOOK_RAW
2025-09-16 13:38:28.359  3143-3143  QC_RIL_OEM_HOOK         com.android.phone                    D  Oem ID in QCRILHOOK UNSOL RESP is QOEMHOOK
2025-09-16 13:38:28.359  3143-3143  QC_RIL_OEM_HOOK         com.android.phone                    D  Received Broadcast Intent ACTION_UNSOL_RESPONSE_OEM_HOOK_RAW
2025-09-16 13:38:28.359  3143-3143  QC_RIL_OEM_HOOK         com.android.phone                    D  Oem ID in QCRILHOOK UNSOL RESP is QOEMHOOK
2025-09-16 13:38:28.359  2946-2975  IHansComunication       hans                                 D  HANS handleMessage: Got message from kernel
2025-09-16 13:38:28.359  2946-2975  IHansComunication       hans                                 E  HANS printMessageBody: RCVed message body: type = 0, port = 86870, caller_pid = 1305, target_uid = 10331, pkg_cmd = -1
2025-09-16 13:38:28.359  2946-2975  IHansComunication       hans                                 D  sendMsgToFW--type: 0, callerPid: 1305, targetUid: 10331
2025-09-16 13:38:28.362  2946-2975  IHansComunication       hans                                 D  HANS handleMessage: Got message from kernel
2025-09-16 13:38:28.362  2946-2975  IHansComunication       hans                                 E  HANS printMessageBody: RCVed message body: type = 0, port = 86870, caller_pid = 1305, target_uid = 10331, pkg_cmd = -1
2025-09-16 13:38:28.362  2946-2975  IHansComunication       hans                                 D  sendMsgToFW--type: 0, callerPid: 1305, targetUid: 10331
2025-09-16 13:38:28.362  2946-2975  IHansComunication       hans                                 D  HANS handleMessage: Got message from kernel
2025-09-16 13:38:28.362  2946-2975  IHansComunication       hans                                 E  HANS printMessageBody: RCVed message body: type = 0, port = 86870, caller_pid = 1305, target_uid = 10462, pkg_cmd = -1
2025-09-16 13:38:28.362  2946-2975  IHansComunication       hans                                 D  sendMsgToFW--type: 0, callerPid: 1305, targetUid: 10462
2025-09-16 13:38:28.363  2946-2975  IHansComunication       hans                                 D  HANS handleMessage: Got message from kernel
2025-09-16 13:38:28.363  2946-2975  IHansComunication       hans                                 E  HANS printMessageBody: RCVed message body: type = 0, port = 86870, caller_pid = 1305, target_uid = 10168, pkg_cmd = -1
2025-09-16 13:38:28.363  2946-2975  IHansComunication       hans                                 D  sendMsgToFW--type: 0, callerPid: 1305, targetUid: 10168
2025-09-16 13:38:28.363  2946-2975  IHansComunication       hans                                 D  HANS handleMessage: Got message from kernel
2025-09-16 13:38:28.363  2946-2975  IHansComunication       hans                                 E  HANS printMessageBody: RCVed message body: type = 0, port = 86870, caller_pid = 1305, target_uid = 10112, pkg_cmd = -1
2025-09-16 13:38:28.363  2946-2975  IHansComunication       hans                                 D  sendMsgToFW--type: 0, callerPid: 1305, targetUid: 10112
2025-09-16 13:38:28.364  2946-2975  IHansComunication       hans                                 D  HANS handleMessage: Got message from kernel
2025-09-16 13:38:28.364  2946-2975  IHansComunication       hans                                 E  HANS printMessageBody: RCVed message body: type = 0, port = 86870, caller_pid = 1305, target_uid = 10112, pkg_cmd = -1
2025-09-16 13:38:28.364  2946-2975  IHansComunication       hans                                 D  sendMsgToFW--type: 0, callerPid: 1305, targetUid: 10112
2025-09-16 13:38:28.364  2946-2975  IHansComunication       hans                                 D  HANS handleMessage: Got message from kernel
2025-09-16 13:38:28.364  2946-2975  IHansComunication       hans                                 E  HANS printMessageBody: RCVed message body: type = 0, port = 86870, caller_pid = 1305, target_uid = 10112, pkg_cmd = -1
2025-09-16 13:38:28.364  2946-2975  IHansComunication       hans                                 D  sendMsgToFW--type: 0, callerPid: 1305, targetUid: 10112
2025-09-16 13:38:28.365  2946-2975  IHansComunication       hans                                 D  HANS handleMessage: Got message from kernel
2025-09-16 13:38:28.365  2946-2975  IHansComunication       hans                                 E  HANS printMessageBody: RCVed message body: type = 0, port = 86870, caller_pid = 1305, target_uid = 10112, pkg_cmd = -1
2025-09-16 13:38:28.365  2946-2975  IHansComunication       hans                                 D  sendMsgToFW--type: 0, callerPid: 1305, targetUid: 10112
2025-09-16 13:38:28.417 30462-30498 NetworkCon...troller(1) com.android.systemui                 D  notifyListeners, showSimLoadedFakeIcon :false
2025-09-16 13:38:28.458  1689-1837  QMI_FW                  qcrild                               E  qmi_cci_get_ref: ref count increased 2
2025-09-16 13:38:28.459  1689-1757  QMI_FW                  qcrild                               E  qmi_cci_get_ref: ref count increased 2
2025-09-16 13:38:28.464  1689-1757  chatty                  qcrild                               I  uid=1001(radio) DispatcherModul identical 1 line
2025-09-16 13:38:28.471  1689-1757  QMI_FW                  qcrild                               E  qmi_cci_get_ref: ref count increased 2
2025-09-16 13:38:28.494  1689-24948 QMI_FW                  qcrild                               E  qmi_cci_get_ref: ref count increased 2
2025-09-16 13:38:28.497  1689-25508 QMI_FW                  qcrild                               E  qmi_cci_get_ref: ref count increased 2
2025-09-16 13:38:28.499  1689-25508 QMI_FW                  qcrild                               E  qmi_cci_get_ref: ref count increased 2
2025-09-16 13:38:28.501  1689-25507 QMI_FW                  qcrild                               E  qmi_cci_get_ref: ref count increased 2
2025-09-16 13:38:28.541  1305-1305  Telecom                 system_server                        I  CallsManager: onServiceStateChanged networkType: 13
2025-09-16 13:38:28.502  1689-25507 QMI_FW                  qcrild                               E  qmi_cci_get_ref: ref count increased 2
2025-09-16 13:38:28.544 30462-30498 NetworkCon...troller(1) com.android.systemui                 D  onServiceStateChanged voiceState=0 dataState=0 isUsingCarrierAggregation:true getDataNetworkType:13 getVoiceNetworkType:13 wwanAccessNetworkType:13
2025-09-16 13:38:28.545 23624-29528 HeadsetPhoneState       com.android.bluetooth                D  Enter onServiceStateChanged
2025-09-16 13:38:28.548  3143-3143  ServiceStateProvider    com.android.phone                    D  subId=1
2025-09-16 13:38:28.541  1305-1305  Telecom                 system_server                        I  CallsManager: onServiceStateChanged networkType: 13
2025-09-16 13:38:28.551  1305-1305  Telecom                 system_server                        I  LocationDetector: Action: android.intent.action.SERVICE_STATE received.
2025-09-16 13:38:28.554  1305-1305  Telecom                 system_server                        I  LocationDetector: setDefaultCountryCode() - simcard two has not insert!
2025-09-16 13:38:28.556 30462-30462 KeyguardUpdateMonitor   com.android.systemui                 D  received broadcast android.intent.action.SERVICE_STATE
2025-09-16 13:38:28.557 30462-30462 KeyguardUpdateMonitor   com.android.systemui                 V  action android.intent.action.SERVICE_STATE serviceState={mVoiceRegState=0(IN_SERVICE), mDataRegState=0(IN_SERVICE), mChannelNumber=1800, duplexMode()=1, mCellBandwidths=[20000, 10000], mOperatorAlphaLong=Odido, mOperatorAlphaShort=Odido, isManualNetworkSelection=false(automatic), getRilVoiceRadioTechnology=14(LTE), getRilDataRadioTechnology=14(LTE), mCssIndicator=unsupported, mNetworkId=-1, mSystemId=-1, mCdmaRoamingIndicator=-1, mCdmaDefaultRoamingIndicator=-1, mIsEmergencyOnly=false, isUsingCarrierAggregation=true, mLteEarfcnRsrpBoost=0, mNetworkRegistrationInfos=[NetworkRegistrationInfo{ domain=CS transportType=WWAN registrationState=HOME roamingType=NOT_ROAMING accessNetworkTechnology=LTE rejectCause=0 emergencyEnabled=false availableServices=[VOICE,SMS,VIDEO] cellIdentity=CellIdentityLte:{ mCi=13250917 mPci=444 mTac=40 mEarfcn=1800 mBands=[] mBandwidth=20000 mMcc=204 mMnc=16 mAlphaLong=Odido mAlphaShort=Odido mAdditionalPlmns={} mCsgInfo=null} voiceSpecificInfo=VoiceSpecificRegistrationInfo { mCssSupported=false mRoamingIndicator=1 mSystemIsInPrl=-1 mDefaultRoamingIndicator=-1} dataSpecificInfo=null nrState=NONE rRplmn=20416}, NetworkRegistrationInfo{ domain=PS transportType=WWAN registrationState=HOME roamingType=NOT_ROAMING accessNetworkTechnology=LTE rejectCause=0 emergencyEnabled=false availableServices=[DATA] cellIdentity=CellIdentityLte:{ mCi=13250917 mPci=444 mTac=40 mEarfcn=1800 mBands=[] mBandwidth=20000 mMcc=204 mMnc=16 mAlphaLong=Odido mAlphaShort=Odido mAdditionalPlmns={} mCsgInfo=null} voiceSpecificInfo=null dataSpecificInfo=android.telephony.DataSpecificRegistrationInfo :{ maxDataCalls = 20 isDcNrRestricted = false isNrAvailable = false isEnDcAvailable = false LteVopsSupportInfo :  mVopsSupport = 2 mEmcBearerSupport = 2 mIsUsingCarrierAggregation = true } nrState=NONE rRplmn=20416}], mNrFrequencyRange=0, mOperatorAlphaLongRaw=Odido, mOperatorAlphaShortRaw=Odido, mIsDataRoamingFromRegistration=false, mIsIwlanPreferred=false} subId=1
2025-09-16 13:38:28.558  1305-1305  Telecom                 system_server                        I  LocationDetector: checkForSingleCard() - simcard is not roaming!
2025-09-16 13:38:28.558  1305-1305  Telecom                 system_server                        I  LocationDetector: setCountryCode() - info: null
2025-09-16 13:38:28.558 30462-30462 KeyguardUpdateMonitor   com.android.systemui                 D  handleServiceStateChange(subId=1, serviceState={mVoiceRegState=0(IN_SERVICE), mDataRegState=0(IN_SERVICE), mChannelNumber=1800, duplexMode()=1, mCellBandwidths=[20000, 10000], mOperatorAlphaLong=Odido, mOperatorAlphaShort=Odido, isManualNetworkSelection=false(automatic), getRilVoiceRadioTechnology=14(LTE), getRilDataRadioTechnology=14(LTE), mCssIndicator=unsupported, mNetworkId=-1, mSystemId=-1, mCdmaRoamingIndicator=-1, mCdmaDefaultRoamingIndicator=-1, mIsEmergencyOnly=false, isUsingCarrierAggregation=true, mLteEarfcnRsrpBoost=0, mNetworkRegistrationInfos=[NetworkRegistrationInfo{ domain=CS transportType=WWAN registrationState=HOME roamingType=NOT_ROAMING accessNetworkTechnology=LTE rejectCause=0 emergencyEnabled=false availableServices=[VOICE,SMS,VIDEO] cellIdentity=CellIdentityLte:{ mCi=13250917 mPci=444 mTac=40 mEarfcn=1800 mBands=[] mBandwidth=20000 mMcc=204 mMnc=16 mAlphaLong=Odido mAlphaShort=Odido mAdditionalPlmns={} mCsgInfo=null} voiceSpecificInfo=VoiceSpecificRegistrationInfo { mCssSupported=false mRoamingIndicator=1 mSystemIsInPrl=-1 mDefaultRoamingIndicator=-1} dataSpecificInfo=null nrState=NONE rRplmn=20416}, NetworkRegistrationInfo{ domain=PS transportType=WWAN registrationState=HOME roamingType=NOT_ROAMING accessNetworkTechnology=LTE rejectCause=0 emergencyEnabled=false availableServices=[DATA] cellIdentity=CellIdentityLte:{ mCi=13250917 mPci=444 mTac=40 mEarfcn=1800 mBands=[] mBandwidth=20000 mMcc=204 mMnc=16 mAlphaLong=Odido mAlphaShort=Odido mAdditionalPlmns={} mCsgInfo=null} voiceSpecificInfo=null dataSpecificInfo=android.telephony.DataSpecificRegistrationInfo :{ maxDataCalls = 20 isDcNrRestricted = false isNrAvailable = false isEnDcAvailable = false LteVopsSupportInfo :  mVopsSupport = 2 mEmcBearerSupport = 2 mIsUsingCarrierAggregation = true } nrState=NONE rRplmn=20416}], mNrFrequencyRange=0, mOperatorAlphaLongRaw=Odido, mOperatorAlphaShortRaw=Odido, mIsDataRoamingFromRegistration=false, mIsIwlanPreferred=false}
2025-09-16 13:38:28.559  1305-2238  OpWifiServiceImpl       system_server                        D  handleLinkPropertiesChanged gatewayIp : 10.255.121.129 , ifname : rmnet_data1
2025-09-16 13:38:28.559  1305-2238  OpConnectivityService   system_server                        E  handleLinkPropertiesChanged enter
2025-09-16 13:38:28.561  1305-2238  Nat464Xlat              system_server                        I  Android Xlat enabled is doXlat = true
2025-09-16 13:38:28.563  3143-3187  PhoneInterfaceManager   com.android.phone                    D  [PhoneIntfMgr] getPhoneFromSubId: 1
2025-09-16 13:38:28.570 30462-30462 OpReflectionUtils       com.android.systemui                 E  getValue NoSuchField class com.android.keyguard.CarrierTextController field mIsEmergencyCallCapable
2025-09-16 13:38:28.571 30462-30462 chatty                  com.android.systemui                 I  uid=10019(com.android.systemui) identical 1 line
2025-09-16 13:38:28.571 30462-30462 OpReflectionUtils       com.android.systemui                 E  getValue NoSuchField class com.android.keyguard.CarrierTextController field mIsEmergencyCallCapable
2025-09-16 13:38:28.579  9164-9164  CellBroadcastReceiver   com...android.cellbroadcastreceiver  D  onReceive Intent { act=android.intent.action.SERVICE_STATE flg=0x1000010 cmp=com.google.android.cellbroadcastreceiver/com.android.cellbroadcastreceiver.CellBroadcastReceiver (has extras) }
2025-09-16 13:38:28.579  2941-2941  DPMJ                    .dataservices                        W  |SERVICE| DPM received unexpected action: android.intent.action.ANY_DATA_STATE
2025-09-16 13:38:28.580 10489-10489 SecureService           com.android.settings                 D  onReceive action:android.intent.action.ANY_DATA_STATE
2025-09-16 13:38:28.580  9164-9164  CellBroadcastReceiver   com...android.cellbroadcastreceiver  D  onServiceStateChanged, ss: 0
2025-09-16 13:38:28.580  9164-9164  CellBroadcastReceiver   com...android.cellbroadcastreceiver  D  networkOperator: 20416
2025-09-16 13:38:28.561  1305-2238  Nat464Xlat              system_server                        I  Android Xlat enabled is doXlat = true
2025-09-16 13:38:28.580 10489-10489 ContextImpl             com.android.settings                 W  Calling a method in the system process without a qualified user: android.app.ContextImpl.sendBroadcast:1138 android.content.ContextWrapper.sendBroadcast:468 com.oneplus.security.SecureService$NetworkChangeReceive.onReceive:257 android.app.LoadedApk$ReceiverDispatcher$Args.lambda$getRunnable$0$LoadedApk$ReceiverDispatcher$Args:1566 android.app.-$$Lambda$LoadedApk$ReceiverDispatcher$Args$_BumDX2UKsnxLVrE6UJsJZkotuA.run:2 
2025-09-16 13:38:28.580  9164-9164  CellBroadcastReceiver   com...android.cellbroadcastreceiver  D  update supported roaming operator as 
2025-09-16 13:38:28.587  3143-3143  Telephony               com.android.phone                    I  isRttCurrentlySupported -- regular acct, hasVoiceAvailability: false
                                                                                                     isRttSupported: false
                                                                                                     isRoaming: false
                                                                                                     isOnWfc: false
2025-09-16 13:38:28.588  3143-3143  OPDiagnose...nyReceiver com.android.phone                    D  onServiceStateChanged serviceState = 0, slotIndex = 0 , isShutdownPeriod() = false
2025-09-16 13:38:28.588  3143-3143  OPDiagnose...nyReceiver com.android.phone                    D  onServiceStateChanged getNetworkRegistrationInfoList = [NetworkRegistrationInfo{ domain=CS transportType=WWAN registrationState=HOME roamingType=NOT_ROAMING accessNetworkTechnology=LTE rejectCause=0 emergencyEnabled=false availableServices=[VOICE,SMS,VIDEO] cellIdentity=CellIdentityLte:{ mCi=13250917 mPci=444 mTac=40 mEarfcn=1800 mBands=[] mBandwidth=20000 mMcc=204 mMnc=16 mAlphaLong=Odido mAlphaShort=Odido mAdditionalPlmns={} mCsgInfo=null} voiceSpecificInfo=VoiceSpecificRegistrationInfo { mCssSupported=false mRoamingIndicator=1 mSystemIsInPrl=-1 mDefaultRoamingIndicator=-1} dataSpecificInfo=null nrState=NONE rRplmn=20416}, NetworkRegistrationInfo{ domain=PS transportType=WWAN registrationState=HOME roamingType=NOT_ROAMING accessNetworkTechnology=LTE rejectCause=0 emergencyEnabled=false availableServices=[DATA] cellIdentity=CellIdentityLte:{ mCi=13250917 mPci=444 mTac=40 mEarfcn=1800 mBands=[] mBandwidth=20000 mMcc=204 mMnc=16 mAlphaLong=Odido mAlphaShort=Odido mAdditionalPlmns={} mCsgInfo=null} voiceSpecificInfo=null dataSpecificInfo=android.telephony.DataSpecificRegistrationInfo :{ maxDataCalls = 20 isDcNrRestricted = false isNrAvailable = false isEnDcAvailable = false LteVopsSupportInfo :  mVopsSupport = 2 mEmcBearerSupport = 2 mIsUsingCarrierAggregation = true } nrState=NONE rRplmn=20416}]
2025-09-16 13:38:28.592  2946-2975  IHansComunication       hans                                 D  HANS handleMessage: Got message from kernel
2025-09-16 13:38:28.592  2946-2975  IHansComunication       hans                                 E  HANS printMessageBody: RCVed message body: type = 0, port = 86870, caller_pid = 1305, target_uid = 10112, pkg_cmd = -1
2025-09-16 13:38:28.592  2946-2975  IHansComunication       hans                                 D  sendMsgToFW--type: 0, callerPid: 1305, targetUid: 10112
2025-09-16 13:38:28.595  3143-3143  PhoneGlobals            com.android.phone                    I  noServiceSimNotification  subId: 1 slotId: 0 state: 0
2025-09-16 13:38:28.595  3143-3143  OPSimAlarmReceiver      com.android.phone                    I  SoltId 0 isScheduled false
2025-09-16 13:38:28.596  3143-3143  PhoneGlobals            com.android.phone                    V  subId=1,mDefaultDataSubId=1,ss roaming=false
2025-09-16 13:38:28.604  2946-2975  IHansComunication       hans                                 D  HANS handleMessage: Got message from kernel
2025-09-16 13:38:28.604  2946-2975  IHansComunication       hans                                 E  HANS printMessageBody: RCVed message body: type = 0, port = 86870, caller_pid = 1305, target_uid = 10119, pkg_cmd = -1
2025-09-16 13:38:28.604  2946-2975  IHansComunication       hans                                 D  sendMsgToFW--type: 0, callerPid: 1305, targetUid: 10119
2025-09-16 13:38:28.607  2946-2975  IHansComunication       hans                                 D  HANS handleMessage: Got message from kernel
2025-09-16 13:38:28.607  2946-2975  IHansComunication       hans                                 E  HANS printMessageBody: RCVed message body: type = 0, port = 86870, caller_pid = 1305, target_uid = 10119, pkg_cmd = -1
2025-09-16 13:38:28.607  2946-2975  IHansComunication       hans                                 D  sendMsgToFW--type: 0, callerPid: 1305, targetUid: 10119
2025-09-16 13:38:28.608  2968-4117  QCNEJ/WwanInfoRelay     .qtidataservices                     D  onLinkPropertiesChanged: 115{InterfaceName: rmnet_data1 LinkAddresses: [ 10.255.121.128/24 ] DnsAddresses: [ /84.241.227.82,/84.241.227.81 ] Domains: null MTU: 1500 TcpBufferSizes: 4096,6291456,12582912,4096,1048576,2097152 Routes: [ 0.0.0.0/0 -> 10.255.121.129 rmnet_data1 mtu 1500,10.255.121.0/24 -> 0.0.0.0 rmnet_data1 mtu 0 ]}
2025-09-16 13:38:28.609  2946-2975  IHansComunication       hans                                 D  HANS handleMessage: Got message from kernel
2025-09-16 13:38:28.609  2946-2975  IHansComunication       hans                                 E  HANS printMessageBody: RCVed message body: type = 0, port = 86870, caller_pid = 1305, target_uid = 10119, pkg_cmd = -1
2025-09-16 13:38:28.609  2946-2975  IHansComunication       hans                                 D  sendMsgToFW--type: 0, callerPid: 1305, targetUid: 10119
2025-09-16 13:38:28.613  2946-2975  IHansComunication       hans                                 D  HANS handleMessage: Got message from kernel
2025-09-16 13:38:28.613  2946-2975  IHansComunication       hans                                 E  HANS printMessageBody: RCVed message body: type = 0, port = 86870, caller_pid = 1305, target_uid = 10331, pkg_cmd = -1
2025-09-16 13:38:28.613  2946-2975  IHansComunication       hans                                 D  sendMsgToFW--type: 0, callerPid: 1305, targetUid: 10331
2025-09-16 13:38:28.615  2946-2975  IHansComunication       hans                                 D  HANS handleMessage: Got message from kernel
2025-09-16 13:38:28.615  2946-2975  IHansComunication       hans                                 E  HANS printMessageBody: RCVed message body: type = 0, port = 86870, caller_pid = 1305, target_uid = 10331, pkg_cmd = -1
2025-09-16 13:38:28.615  2946-2975  IHansComunication       hans                                 D  sendMsgToFW--type: 0, callerPid: 1305, targetUid: 10331
2025-09-16 13:38:28.615  2946-2975  IHansComunication       hans                                 D  HANS handleMessage: Got message from kernel
2025-09-16 13:38:28.615  2946-2975  IHansComunication       hans                                 E  HANS printMessageBody: RCVed message body: type = 0, port = 86870, caller_pid = 1305, target_uid = 10331, pkg_cmd = -1
2025-09-16 13:38:28.615  2946-2975  IHansComunication       hans                                 D  sendMsgToFW--type: 0, callerPid: 1305, targetUid: 10331
2025-09-16 13:38:28.621  2946-2975  IHansComunication       hans                                 D  HANS handleMessage: Got message from kernel
2025-09-16 13:38:28.621  2946-2975  IHansComunication       hans                                 E  HANS printMessageBody: RCVed message body: type = 0, port = 86870, caller_pid = 1305, target_uid = 10331, pkg_cmd = -1
2025-09-16 13:38:28.621  2946-2975  IHansComunication       hans                                 D  sendMsgToFW--type: 0, callerPid: 1305, targetUid: 10331
2025-09-16 13:38:28.621  2946-2975  IHansComunication       hans                                 D  HANS handleMessage: Got message from kernel
2025-09-16 13:38:28.621  2946-2975  IHansComunication       hans                                 E  HANS printMessageBody: RCVed message body: type = 0, port = 86870, caller_pid = 1305, target_uid = 10462, pkg_cmd = -1
2025-09-16 13:38:28.621  2946-2975  IHansComunication       hans                                 D  sendMsgToFW--type: 0, callerPid: 1305, targetUid: 10462
2025-09-16 13:38:28.622  2946-2975  IHansComunication       hans                                 D  HANS handleMessage: Got message from kernel
2025-09-16 13:38:28.622  2946-2975  IHansComunication       hans                                 E  HANS printMessageBody: RCVed message body: type = 0, port = 86870, caller_pid = 1305, target_uid = 10168, pkg_cmd = -1
2025-09-16 13:38:28.622  2946-2975  IHansComunication       hans                                 D  sendMsgToFW--type: 0, callerPid: 1305, targetUid: 10168
2025-09-16 13:38:28.623  2946-2975  IHansComunication       hans                                 D  HANS handleMessage: Got message from kernel
2025-09-16 13:38:28.623  2946-2975  IHansComunication       hans                                 E  HANS printMessageBody: RCVed message body: type = 0, port = 86870, caller_pid = 1305, target_uid = 10168, pkg_cmd = -1
2025-09-16 13:38:28.623  2946-2975  IHansComunication       hans                                 D  sendMsgToFW--type: 0, callerPid: 1305, targetUid: 10168
2025-09-16 13:38:28.623  2946-2975  IHansComunication       hans                                 D  HANS handleMessage: Got message from kernel
2025-09-16 13:38:28.623  2946-2975  IHansComunication       hans                                 E  HANS printMessageBody: RCVed message body: type = 0, port = 86870, caller_pid = 1305, target_uid = 10112, pkg_cmd = -1
2025-09-16 13:38:28.623  2946-2975  IHansComunication       hans                                 D  sendMsgToFW--type: 0, callerPid: 1305, targetUid: 10112
2025-09-16 13:38:28.630  1305-2937  OPBF                    system_server                        D  setCGroupState():tofreeze=false, uid:10168 pkg:com.parkmobile --->>> ok reason:AsyncBinder
2025-09-16 13:38:28.630  2946-2975  IHansComunication       hans                                 D  HANS handleMessage: Got message from kernel
2025-09-16 13:38:28.630  2946-2975  IHansComunication       hans                                 E  HANS printMessageBody: RCVed message body: type = 0, port = 86870, caller_pid = 1305, target_uid = 10112, pkg_cmd = -1
2025-09-16 13:38:28.630  2946-2975  IHansComunication       hans                                 D  sendMsgToFW--type: 0, callerPid: 1305, targetUid: 10112
2025-09-16 13:38:28.631  1689-1837  QMI_FW                  qcrild                               E  qmi_cci_get_ref: ref count increased 2
2025-09-16 13:38:28.631  2946-2975  IHansComunication       hans                                 D  HANS handleMessage: Got message from kernel
2025-09-16 13:38:28.631  2946-2975  IHansComunication       hans                                 E  HANS printMessageBody: RCVed message body: type = 0, port = 86870, caller_pid = 1305, target_uid = 10112, pkg_cmd = -1
2025-09-16 13:38:28.631  2946-2975  IHansComunication       hans                                 D  sendMsgToFW--type: 0, callerPid: 1305, targetUid: 10112
2025-09-16 13:38:28.665 30462-30498 NetworkCon...troller(1) com.android.systemui                 D  notifyListeners, showSimLoadedFakeIcon :false
2025-09-16 13:38:28.716 21837-22094 sqlite3_android         com.parkmobile                       E  [IKR-38846] ONEPLUS_NAME_PARTS_MATCH SQLITE_OK
2025-09-16 13:38:29.007 21837-21885 com.parkmobile          com.parkmobile                       W  Reducing the number of considered missed Gc histogram windows from 153 to 100
2025-09-16 13:38:29.109 19804-23827 NearbySharing           com.google.android.gms.persistent    I  Network state changed: NetworkState(isRestricted=false, isOnline=true, isCongested=false, isMetered=true, isWifiConnected=false)
2025-09-16 13:38:29.150 21837-22094 sqlite3_android         com.parkmobile                       E  [IKR-38846] ONEPLUS_NAME_PARTS_MATCH SQLITE_OK
2025-09-16 13:38:29.180 21837-22094 chatty                  com.parkmobile                       I  uid=10168(com.parkmobile) AnalyticsWorker identical 2 lines
2025-09-16 13:38:29.332 21837-22094 sqlite3_android         com.parkmobile                       E  [IKR-38846] ONEPLUS_NAME_PARTS_MATCH SQLITE_OK
2025-09-16 13:38:29.337 30462-30498 NetworkCon...troller(1) com.android.systemui                 D  notifyListeners, showSimLoadedFakeIcon :false
2025-09-16 13:38:29.337  3143-3143  MDM-DataTr...eedTracker com.android.phone                    D  onDataActivity: isNewTxEvent = true, isNewRxEvent = true, isTxEndEvent = false, isRxEndEvent = false
2025-09-16 13:38:29.337  3143-3143  MDM-DataAc...ionManager com.android.phone                    D  onDataActivity: isNewEvent = true, isEndEvent = false
2025-09-16 13:38:29.338  3143-3143  MDM-DataAc...ionManager com.android.phone                    D  getCurrentSimMccMnc: current SIM mccmnc = [*20416, null]
2025-09-16 13:38:29.352 21837-22094 sqlite3_android         com.parkmobile                       E  [IKR-38846] ONEPLUS_NAME_PARTS_MATCH SQLITE_OK
2025-09-16 13:38:29.357 21837-22094 sqlite3_android         com.parkmobile                       E  [IKR-38846] ONEPLUS_NAME_PARTS_MATCH SQLITE_OK
2025-09-16 13:38:29.891  1689-1837  QMI_FW                  qcrild                               E  qmi_cci_get_ref: ref count increased 2
2025-09-16 13:38:29.893  1689-1757  QMI_FW                  qcrild                               E  qmi_cci_get_ref: ref count increased 2
2025-09-16 13:38:30.324  1102-1102  vendor.rmt_storage      rmt_storage                          I  rmt_storage_connect_cb: clnt_h=0xcc conn_h=0x70406a80d0
2025-09-16 13:38:30.324  1102-1102  vendor.rmt_storage      rmt_storage                          I  rmt_storage_rw_iovec_cb: /boot/modem_fs2: req_h=0xcc msg_id=3: R/W request received (wr_count 188)
2025-09-16 13:38:30.324  1102-1102  vendor.rmt_storage      rmt_storage                          I  wakelock acquired: 1, error no: 42
2025-09-16 13:38:30.325  1102-1668  vendor.rmt_storage      rmt_storage                          I  rmt_storage_client_thread: /boot/modem_fs2: Unblock worker thread (th_id: 479680982208)
2025-09-16 13:38:30.427  1102-1668  vendor.rmt_storage      rmt_storage                          I  rmt_storage_client_thread: /boot/modem_fs2: req_h=0xcc msg_id=3: Bytes written = 2097152, wr_count 188
2025-09-16 13:38:30.427  1102-1668  vendor.rmt_storage      rmt_storage                          I  rmt_storage_client_thread: /boot/modem_fs2: req_h=0xcc msg_id=3: Send response: res=0 err=0, wr_count 188
2025-09-16 13:38:30.427  1102-1668  vendor.rmt_storage      rmt_storage                          I  rmt_storage_client_thread: /boot/modem_fs2: About to block rmt_storage client thread (th_id: 479680982208) wakelock released: 1, error no: 0
2025-09-16 13:38:30.429  1102-1102  vendor.rmt_storage      rmt_storage                          I  rmt_storage_disconnect_cb: clnt_h=0xcc conn_h=0x70406a80d0
2025-09-16 13:38:31.141  1689-1757  QMI_FW                  qcrild                               E  qmi_cci_get_ref: ref count increased 2
2025-09-16 13:38:31.143  3143-11876 MDM-OPIndicationReciver com.android.phone                    D  Receive OEM indication: android.os.AsyncResult@8a87ce7
2025-09-16 13:38:31.143  3143-11876 MDM-OPIndicationReciver com.android.phone                    D  oemSendIndication
2025-09-16 13:38:31.143  3143-11876 MDM-OPIndicationReciver com.android.phone                    D  Oem ID in RIL_UNSOL_OEM is ONEPLUSR,oemUnsolId = 6
2025-09-16 13:38:31.144  3143-11876 MDM-OPIndicationReciver com.android.phone                    D  responseId = 0x2,responseSize = 84
2025-09-16 13:38:31.144  3143-11876 MDM-Parser              com.android.phone                    D  pareData Carrier Aggregation data
2025-09-16 13:38:31.144  3143-11876 MDM-Parser              com.android.phone                    D  pCell :CaCellInfo{pci=117965244, freq=122, band=5, bandwidth=2.0}
2025-09-16 13:38:31.144  3143-11876 MDM-Parser              com.android.phone                    D  sCellNum :-68
2025-09-16 13:38:31.145  3143-11876 MDM-Carrie...ionManager com.android.phone                    D  EVENT_DATA_UPDATED
2025-09-16 13:38:31.145  3143-11876 MDM-Carrie...ionManager com.android.phone                    D  pCellInfo.length :4
2025-09-16 13:38:31.145  3143-11876 MDM-Carrie...ionManager com.android.phone                    D  sCellNum :-68
2025-09-16 13:38:31.145  3143-11876 MDM-Carrie...ionManager com.android.phone                    D  collectCAInfoAndStore() changeReason: sCellNum change
2025-09-16 13:38:31.145  3143-11876 MDM-Carrie...ionManager com.android.phone                    D  collectCarrierAggregationInfoAndStore: No valid subId
2025-09-16 13:38:31.330  1689-1757  QMI_FW                  qcrild                               E  qmi_cci_get_ref: ref count increased 2
2025-09-16 13:38:31.332  1689-1757  QMI_FW                  qcrild                               E  qmi_cci_get_ref: ref count increased 2
2025-09-16 13:38:31.350  3143-3143  MDM-DataAc...ionManager com.android.phone                    D  onDataActivity: isNewEvent = false, isEndEvent = false
2025-09-16 13:38:31.351  3143-3143  MDM-DataTr...eedTracker com.android.phone                    D  onDataActivity: isNewTxEvent = false, isNewRxEvent = false, isTxEndEvent = false, isRxEndEvent = true
2025-09-16 13:38:31.351  3143-3143  MDM-DataTr...eedTracker com.android.phone                    D  updateTransferSpeedData: isTx = false
2025-09-16 13:38:31.351 30462-30498 NetworkCon...troller(1) com.android.systemui                 D  notifyListeners, showSimLoadedFakeIcon :false
2025-09-16 13:38:31.352  3143-3143  MDM-DataTr...eedTracker com.android.phone                    D  updateTransferSpeedData: mCurDdsSimNetworkClass = 2, currentRxBytes = 1987456939, incrementRxBytes = 7725, transferRxSpeed = 351
2025-09-16 13:38:31.352  3143-3143  MDM-DataTr...eedTracker com.android.phone                    D  getBucketIndexByBelongingRange: index = 0, transferSpeed = 351
2025-09-16 13:38:31.477 19804-23827 NearbyMediums           com.google.android.gms.persistent    I  Found Fast Ble Advertisements :
                                                                                                    BleAdvertisement { version=2, socketVersion=2, isFast=true, serviceIdHash=null, data=[ 0x23 0x48 0x52 0x4e 0x51 0x11 0x32 0xda 0xd9 0xed 0x74 0xcc 0xce 0xde 0x9a 0x00 0xb9 0x0c 0xca 0x76 0x4d 0x37 0x84 ], deviceToken=[ 0x49 0x02 ], rxAdvertisement=null } : 1 times.
                                                                                                    Total 1 fast advertisements from 1 unique advertisers.
2025-09-16 13:38:31.477 19804-23827 NearbyMediums           com.google.android.gms.persistent    I  Current Tracked Scanning Clients are : {NearbyConnections.EnvironmentMonitor, NearbySharing}
2025-09-16 13:38:31.479 19804-25006 NearbyConnections       com.google.android.gms.persistent    I  Processing lost BlePeripheral BlePeripheral{advertisement=BleAdvertisement { version=2, socketVersion=2, isFast=true, serviceIdHash=null, data=[ 0x23 0x41 0x46 0x50 0x46 0x11 0x32 0x83 0x83 0xa7 0xa1 0xf4 0x77 0x3a 0xfe 0x1e 0x9e 0x3b 0x35 0x78 0xef 0x07 0x31 ], deviceToken=[ 0x05 0xec ], rxAdvertisement=null }, dctAdvertisement=null, address=null, psm=0, deviceToken=<ByteString@1956db9 size=2 contents="\005\354">, isSecondProfile=false, rxInstantConnectionAdv=null}.
2025-09-16 13:38:31.480 19804-25006 NearbyConnections       com.google.android.gms.persistent    I  Lost BleEndpoint for BlePeripheral BlePeripheral{advertisement=BleAdvertisement { version=2, socketVersion=2, isFast=true, serviceIdHash=null, data=[ 0x23 0x41 0x46 0x50 0x46 0x11 0x32 0x83 0x83 0xa7 0xa1 0xf4 0x77 0x3a 0xfe 0x1e 0x9e 0x3b 0x35 0x78 0xef 0x07 0x31 ], deviceToken=[ 0x05 0xec ], rxAdvertisement=null }, dctAdvertisement=null, address=null, psm=0, deviceToken=<ByteString@1956db9 size=2 contents="\005\354">, isSecondProfile=false, rxInstantConnectionAdv=null} (with EndpointId AFPF and EndpointInfo [ 0x32 0x83 0x83 0xa7 0xa1 0xf4 0x77 0x3a 0xfe 0x1e 0x9e 0x3b 0x35 0x78 0xef 0x07 0x31 ]).
2025-09-16 13:38:31.482 19804-25006 NearbyConnections       com.google.android.gms.persistent    I  ClientProxy(127496969) reporting onEndpointLost(AFPF)
2025-09-16 13:38:31.483 19804-25007 NearbySharing           com.google.android.gms.persistent    I  NearbySharing Internal event EndpointLost(endpointId=AFPF)
2025-09-16 13:38:31.542   963-23771 vendor.qti...bs_handler and...are.bluetooth@1.0-service-qti  I  ProcessIbsCmd: Received IBS_WAKE_IND: 0xFD
2025-09-16 13:38:31.543   963-23771 vendor.qti...bs_handler and...are.bluetooth@1.0-service-qti  D  SerialClockVote: vote for UART CLK ON
2025-09-16 13:38:31.544   963-23771 vendor.qti...-wake_lock and...are.bluetooth@1.0-service-qti  D  Acquire wakelock is acquired 
2025-09-16 13:38:31.544   963-23771 vendor.qti...bs_handler and...are.bluetooth@1.0-service-qti  I  ProcessIbsCmd: Writing IBS_WAKE_ACK
2025-09-16 13:38:31.546 23624-23773 bt_stack                com.android.bluetooth                V  [VERBOSE1:btm_inq.cc(1019)] BTM_InqDbRead: bd addr 08:67:66:36:1d:1e
2025-09-16 13:38:31.585   963-23771 vendor.qti...bs_handler and...are.bluetooth@1.0-service-qti  I  ProcessIbsCmd: Received IBS_SLEEP_IND: 0xFE
2025-09-16 13:38:31.585   963-23771 vendor.qti...bs_handler and...are.bluetooth@1.0-service-qti  D  SerialClockVote: vote for UART CLK OFF
2025-09-16 13:38:31.735   963-23752 vendor.qti...-wake_lock and...are.bluetooth@1.0-service-qti  D  Release wakelock is released 
2025-09-16 13:38:32.043  1689-1828  QMI_FW                  qcrild                               E  qmi_cci_get_ref: ref count increased 2
2025-09-16 13:38:32.046  1689-1757  QMI_FW                  qcrild                               E  qmi_cci_get_ref: ref count increased 2
2025-09-16 13:38:32.362  3143-3143  MDM-DataTr...eedTracker com.android.phone                    D  onDataActivity: isNewTxEvent = false, isNewRxEvent = false, isTxEndEvent = true, isRxEndEvent = false
