2025-09-16 14:08:30.266 23624-23773 bt_stack                com.android.bluetooth                V  [VERBOSE1:bta_gattc_act.cc(564)] bta_gattc_close: conn_id=0x000d
2025-09-16 14:08:30.266 23624-23773 bt_stack                com.android.bluetooth                V  [VERBOSE1:bta_gattc_main.cc(341)] bta_gattc_sm_execute: GATTC State Change: 0x02 -> 0x00 after Event 0x1f10
2025-09-16 14:08:30.266 23624-23773 bt_l2cap                com.android.bluetooth                W  L2CA_SetDesireRole() new:x1, disallow_switch:0
2025-09-16 14:08:30.267 23624-23652 BtGatt.GattService      com.android.bluetooth                D  onDisconnected() - clientIf=13, connId=13, address=F0:D7:8F:4D:80:82
2025-09-16 14:08:30.268 22922-29194 BdcWriteDi...tOperation com.remoticom.energynodeinset        V  onCharacteristicWrite called
2025-09-16 14:08:30.268 22922-29194 BdcWriteDi...tOperation com.remoticom.energynodeinset        E  status=(133) GATT_ERROR
2025-09-16 14:08:30.269 23624-23652 bt_btif                 com.android.bluetooth                D  btif_av_move_idle: Already in IDLE
2025-09-16 14:08:30.270 22922-29194 BluetoothGatt           com.remoticom.energynodeinset        D  onClientConnectionState() - status=8 clientIf=13 device=F0:D7:8F:4D:80:82
2025-09-16 14:08:30.270 23624-23652 BluetoothRemoteDevices  com.android.bluetooth                D  Battery level was never set or is already reset, device=F0:D7:8F:4D:80:82
2025-09-16 14:08:30.270 23624-23652 BluetoothRemoteDevices  com.android.bluetooth                D  aclStateChangeCallback: Adapter State: ON Disconnected: F0:D7:8F:4D:80:82
2025-09-16 14:08:30.271 22922-22922 GattConnectionService   com.remoticom.energynodeinset        D  Service state updated with ServiceState(device=DeviceImpl(uuid=00000000-0000-0000-0000-f0d78f4d8082, device=F0:D7:8F:4D:80:82, type=Bdc, serviceUuids=[a55d1c55-0088-ffff-0000-000000000000], health=null, state=null), characteristics=DeviceCharacteristics(general=GeneralCharacteristics(mode=STEP_DIMMING, name=????????????????????????????????????????), dim=DimCharacteristics(preset=5, steps=[DimStep(hour=9, minute=0, level=100), DimStep(hour=20, minute=30, level=75), DimStep(hour=22, minute=0, level=50), DimStep(hour=2, minute=0, level=75), DimStep(hour=3, minute=0, level=100)], level=100), dali=DaliCharacteristics(clo=null, powerLevel=null, availablePowerLevels=null, fixtureName=null, fadeTime=4), time=TimeCharacteristics(timezone=null, unixTimestamp=0, midnightOffset=60), gps=null, diagnostics=DiagnosticsCharacteristics(status=2, version=DiagnosticsVersion(firmwareVersion=Version(major=1, minor=2, patch=3, build=null), libraryVersion=Version(major=0, minor=0, patch=0, build=null))), daliBanks=null), isConnecting=false, connectionStatus=Connected, lastGattError=GattError ((133) GATT_ERROR))
2025-09-16 14:08:30.271 22922-22922 BdcWriteDi...tOperation com.remoticom.energynodeinset        D  FINISHED
2025-09-16 14:08:30.271 22922-22922 EndReliabl...eOperation com.remoticom.energynodeinset        D  STARTED
2025-09-16 14:08:30.272 22922-29194 BdcWriteDi...tOperation com.remoticom.energynodeinset        V  onConnectionStateChange called
2025-09-16 14:08:30.272 22922-29194 GattConnection          com.remoticom.energynodeinset        E  status=(8) GATT connection timeout
2025-09-16 14:08:30.272 22922-29194 GattConnectionService   com.remoticom.energynodeinset        D  onConnectionStateChange address=F0:D7:8F:4D:80:82, status=(8) GATT connection timeout, newState=DISCONNECTED (0)
2025-09-16 14:08:30.272 22922-29194 GattConnectionService   com.remoticom.energynodeinset        D  state = Disconnected, error = GattError ((8) GATT connection timeout)
2025-09-16 14:08:30.273 23624-29559 BtGatt.GattService      com.android.bluetooth                D  endReliableWrite() - address=F0:D7:8F:4D:80:82 execute: false
2025-09-16 14:08:30.273 22922-29194 GattConnectionService   com.remoticom.energynodeinset        D  Service state updated with ServiceState(device=DeviceImpl(uuid=00000000-0000-0000-0000-f0d78f4d8082, device=F0:D7:8F:4D:80:82, type=Bdc, serviceUuids=[a55d1c55-0088-ffff-0000-000000000000], health=null, state=null), characteristics=DeviceCharacteristics(general=GeneralCharacteristics(mode=STEP_DIMMING, name=????????????????????????????????????????), dim=DimCharacteristics(preset=5, steps=[DimStep(hour=9, minute=0, level=100), DimStep(hour=20, minute=30, level=75), DimStep(hour=22, minute=0, level=50), DimStep(hour=2, minute=0, level=75), DimStep(hour=3, minute=0, level=100)], level=100), dali=DaliCharacteristics(clo=null, powerLevel=null, availablePowerLevels=null, fixtureName=null, fadeTime=4), time=TimeCharacteristics(timezone=null, unixTimestamp=0, midnightOffset=60), gps=null, diagnostics=DiagnosticsCharacteristics(status=2, version=DiagnosticsVersion(firmwareVersion=Version(major=1, minor=2, patch=3, build=null), libraryVersion=Version(major=0, minor=0, patch=0, build=null))), daliBanks=null), isConnecting=false, connectionStatus=Disconnected, lastGattError=GattError ((8) GATT connection timeout))
2025-09-16 14:08:30.278  3014-3014  aptxalsBTEventHandler   com.qualcomm.qtil.aptxals            I  action: android.bluetooth.device.action.ACL_DISCONNECTED
2025-09-16 14:08:30.278  3014-3014  aptxalsBTControl        com.qualcomm.qtil.aptxals            I  DisconnectCb
2025-09-16 14:08:30.280 10489-10489 BluetoothEventManager   com.android.settings                 W  AclStateChangedHandler: activeDevice is null
2025-09-16 14:08:30.281 23624-23624 BluetoothMapService     com.android.bluetooth                D  onReceive: android.bluetooth.device.action.ACL_DISCONNECTED
2025-09-16 14:08:30.281 23624-23624 BluetoothMapService     com.android.bluetooth                I  sRemoteDevice :null device:F0:D7:8F:4D:80:82
2025-09-16 14:08:30.281 23624-23624 FastPairService         com.android.bluetooth                D  start BLE scan
2025-09-16 14:08:30.281 23624-23624 BluetoothAdapter        com.android.bluetooth                D  isLeEnabled(): ON
2025-09-16 14:08:30.282 20077-20077 ParkingCardBTReceiver   net.oneplus.launcher                 D  Device has disconnected
2025-09-16 14:08:30.286  3014-3014  aptxalsBTControl        com.qualcomm.qtil.aptxals            I  No devices available
2025-09-16 14:08:30.286  3014-3014  aptxalsApplication      com.qualcomm.qtil.aptxals            D  UpdateAptXAdaptiveEnabled, enabled: false
2025-09-16 14:08:30.289 10156-10156 aptxuiService           com.qualcomm.qtil.aptxui             D  action: ACTION_CODEC_CONFIGURED
2025-09-16 14:08:30.289  3014-3014  aptxalsBTControl        com.qualcomm.qtil.aptxals            I  SCAN_MODE_CONNECTABLE
2025-09-16 14:08:30.289  3014-3014  aptxalsSin...eryMonitor com.qualcomm.qtil.aptxals            I  disable
2025-09-16 14:08:30.290 30462-30498 BluetoothEventManager   com.android.systemui                 W  AclStateChangedHandler: activeDevice is null
2025-09-16 14:08:30.289 10156-10156 aptxuiApplication       com.qualcomm.qtil.aptxui             D  mPreviousCodec: 7
2025-09-16 14:08:30.296   963-23771 vendor.qti...bs_handler and...are.bluetooth@1.0-service-qti  I  ProcessIbsCmd: Received IBS_SLEEP_IND: 0xFE
2025-09-16 14:08:30.296   963-23771 vendor.qti...bs_handler and...are.bluetooth@1.0-service-qti  D  SerialClockVote: vote for UART CLK OFF
2025-09-16 14:08:30.306  1099-14069 surfaceflinger          surfaceflinger                       E  [frame_perf] perfboost open boost file failed
2025-09-16 14:08:30.309  1099-1873  surfaceflinger          surfaceflinger                       E  [frame_perf] perfboost open boost file failed
2025-09-16 14:08:30.323 29788-29788 xta                     com....android.googlequicksearchbox  I  onReceive
2025-09-16 14:08:30.326  1099-14069 surfaceflinger          surfaceflinger                       E  [frame_perf] perfboost open boost file failed
2025-09-16 14:08:30.327 29788-29831 zej                     com....android.googlequicksearchbox  I  (REDACTED) bluetoothConnectionStateChanged. Action: %s
2025-09-16 14:08:30.332  1099-1156  surfaceflinger          surfaceflinger                       E  [frame_perf] perfboost open boost file failed
2025-09-16 14:08:30.345 29788-29831 zdj                     com....android.googlequicksearchbox  I  Deinitializing Gemini service client
2025-09-16 14:08:30.346 29788-29831 zdo                     com....android.googlequicksearchbox  I  Deinitializing PhoneMediaHandler
2025-09-16 14:08:30.380 19804-19804 WearableService         com.google.android.gms.persistent    D  Creating wearable service asynchronously.
2025-09-16 14:08:30.386 19804-30174 Nearby                  com.google.android.gms.persistent    I  (REDACTED) is blocked device type %s, isAuto=%s, isIot=%s, isLatchsky=%s, isChinaWearable=%s, isTv=%s, isWearable=%s (supportWearOs=%s), isChromeOsDevice=%s (supportChromeOs=%s)
2025-09-16 14:08:30.393 19804-13965 WearableService         com.google.android.gms.persistent    D  onGetService: waiting for onCreate to be completed.
2025-09-16 14:08:30.396 19804-19804 NearbyDiscovery         com.google.android.gms.persistent    I  (REDACTED) DiscoveryService onStartCommand action: %s
2025-09-16 14:08:30.398 19804-19804 NearbyDiscovery         com.google.android.gms.persistent    I  (REDACTED) onAclChange: state=%s, %s
2025-09-16 14:08:30.408  1099-14069 surfaceflinger          surfaceflinger                       E  [frame_perf] perfboost open boost file failed
2025-09-16 14:08:30.408  1099-3321  surfaceflinger          surfaceflinger                       E  [frame_perf] perfboost open boost file failed
2025-09-16 14:08:30.432 19804-19967 Wear_Controller         com.google.android.gms.persistent    I  Wearable module requires a companion app to be installed.
2025-09-16 14:08:30.432 19804-19967 WearableService         com.google.android.gms.persistent    I  onCreate: Wearable Services not starting. Wear is not available on this device.
2025-09-16 14:08:30.441 19804-13965 WearableService         com.google.android.gms.persistent    W  onGetService: Wear is not available on this device.
2025-09-16 14:08:30.447   963-23752 vendor.qti...-wake_lock and...are.bluetooth@1.0-service-qti  D  Release wakelock is released 
2025-09-16 14:08:30.458  1099-14069 surfaceflinger          surfaceflinger                       E  [frame_perf] perfboost open boost file failed
2025-09-16 14:08:30.459  1099-1468  surfaceflinger          surfaceflinger                       E  [frame_perf] perfboost open boost file failed
2025-09-16 14:08:30.492  1099-14069 surfaceflinger          surfaceflinger                       E  [frame_perf] perfboost open boost file failed
2025-09-16 14:08:30.495  1099-1468  surfaceflinger          surfaceflinger                       E  [frame_perf] perfboost open boost file failed
2025-09-16 14:08:30.576  1099-14069 surfaceflinger          surfaceflinger                       E  [frame_perf] perfboost open boost file failed
2025-09-16 14:08:30.577  1099-1156  surfaceflinger          surfaceflinger                       E  [frame_perf] perfboost open boost file failed
2025-09-16 14:08:30.593  1099-14069 surfaceflinger          surfaceflinger                       E  [frame_perf] perfboost open boost file failed
2025-09-16 14:08:30.594  1099-1156  surfaceflinger          surfaceflinger                       E  [frame_perf] perfboost open boost file failed
2025-09-16 14:08:30.611  1099-14069 surfaceflinger          surfaceflinger                       E  [frame_perf] perfboost open boost file failed
2025-09-16 14:08:30.611  1099-1156  surfaceflinger          surfaceflinger                       E  [frame_perf] perfboost open boost file failed
2025-09-16 14:08:30.661  1099-14069 surfaceflinger          surfaceflinger                       E  [frame_perf] perfboost open boost file failed
2025-09-16 14:08:30.661  1099-1156  surfaceflinger          surfaceflinger                       E  [frame_perf] perfboost open boost file failed
2025-09-16 14:08:30.727  1099-14069 surfaceflinger          surfaceflinger                       E  [frame_perf] perfboost open boost file failed
2025-09-16 14:08:30.727  1099-1156  surfaceflinger          surfaceflinger                       E  [frame_perf] perfboost open boost file failed
2025-09-16 14:08:30.827  1099-14069 surfaceflinger          surfaceflinger                       E  [frame_perf] perfboost open boost file failed
2025-09-16 14:08:30.828  1099-1468  surfaceflinger          surfaceflinger                       E  [frame_perf] perfboost open boost file failed
2025-09-16 14:08:30.857  1305-1734  AlarmManager            system_server                        W  Unrecognized alarm listener com.android.server.OpPowerControllerService$tsu@dab256d
2025-09-16 14:08:30.861 30462-30462 OpUtils                 com.android.systemui                 I  isSupportWarpCharging:false
2025-09-16 14:08:30.861 30462-30462 OpSWarpChargingView     com.android.systemui                 D  level is same as latest one [100]
2025-09-16 14:08:30.862  1099-14069 surfaceflinger          surfaceflinger                       E  [frame_perf] perfboost open boost file failed
2025-09-16 14:08:30.864 30462-30498 BatterySaverTile        com.android.systemui                 D  handleUpdateState, true, false
2025-09-16 14:08:30.864 30462-30462 KeyguardUpdateMonitor   com.android.systemui                 D  received broadcast android.intent.action.BATTERY_CHANGED
2025-09-16 14:08:30.864 30462-30462 OpUtils                 com.android.systemui                 I  isSupportWarpCharging:false
2025-09-16 14:08:30.864 30462-30462 KeyguardUpdateMonitor   com.android.systemui                 D  pdCharge false, chargingstatus 0, fastcharge:0
2025-09-16 14:08:30.865  1099-1468  surfaceflinger          surfaceflinger                       E  [frame_perf] perfboost open boost file failed
2025-09-16 14:08:30.899  3107-3107  DeviceStatisticsService com...m.qti.devicestatisticsservice  D  chargerType=2 batteryLevel=100 totalBatteryCapacity=2636700
2025-09-16 14:08:30.960  1099-14069 surfaceflinger          surfaceflinger                       E  [frame_perf] perfboost open boost file failed
2025-09-16 14:08:30.960  1099-1468  surfaceflinger          surfaceflinger                       E  [frame_perf] perfboost open boost file failed
2025-09-16 14:08:30.977  1099-14069 surfaceflinger          surfaceflinger                       E  [frame_perf] perfboost open boost file failed
2025-09-16 14:08:30.978  1099-1156  surfaceflinger          surfaceflinger                       E  [frame_perf] perfboost open boost file failed
2025-09-16 14:08:31.078  1099-14069 surfaceflinger          surfaceflinger                       E  [frame_perf] perfboost open boost file failed
2025-09-16 14:08:31.078  1099-1156  surfaceflinger          surfaceflinger                       E  [frame_perf] perfboost open boost file failed
2025-09-16 14:08:31.211  1099-14069 surfaceflinger          surfaceflinger                       E  [frame_perf] perfboost open boost file failed
2025-09-16 14:08:31.211  1099-1156  surfaceflinger          surfaceflinger                       E  [frame_perf] perfboost open boost file failed
2025-09-16 14:08:31.411  1099-14069 surfaceflinger          surfaceflinger                       E  [frame_perf] perfboost open boost file failed
2025-09-16 14:08:31.412  1099-1468  surfaceflinger          surfaceflinger                       E  [frame_perf] perfboost open boost file failed
2025-09-16 14:08:31.612  1099-14069 surfaceflinger          surfaceflinger                       E  [frame_perf] perfboost open boost file failed
2025-09-16 14:08:31.612  1099-1468  surfaceflinger          surfaceflinger                       E  [frame_perf] perfboost open boost file failed
2025-09-16 14:08:31.679  1099-14069 surfaceflinger          surfaceflinger                       E  [frame_perf] perfboost open boost file failed
2025-09-16 14:08:31.680  1099-1156  surfaceflinger          surfaceflinger                       E  [frame_perf] perfboost open boost file failed
2025-09-16 14:08:31.863  1099-14069 surfaceflinger          surfaceflinger                       E  [frame_perf] perfboost open boost file failed
2025-09-16 14:08:31.863  1099-1156  surfaceflinger          surfaceflinger                       E  [frame_perf] perfboost open boost file failed
2025-09-16 14:08:31.963  1099-14069 surfaceflinger          surfaceflinger                       E  [frame_perf] perfboost open boost file failed
2025-09-16 14:08:31.964  1099-1468  surfaceflinger          surfaceflinger                       E  [frame_perf] perfboost open boost file failed
2025-09-16 14:08:32.063  1099-14069 surfaceflinger          surfaceflinger                       E  [frame_perf] perfboost open boost file failed
2025-09-16 14:08:32.064  1099-1157  surfaceflinger          surfaceflinger                       E  [frame_perf] perfboost open boost file failed
2025-09-16 14:08:32.159 19879-19879 BoundBrokerSvc          com.google.android.gms               D  onUnbind: Intent { act=com.google.android.gms.measurement.START pkg=com.google.android.gms }
2025-09-16 14:08:32.161  1099-14069 surfaceflinger          surfaceflinger                       E  [frame_perf] perfboost open boost file failed
2025-09-16 14:08:32.162  1099-1156  surfaceflinger          surfaceflinger                       E  [frame_perf] perfboost open boost file failed
2025-09-16 14:08:32.179  1099-14069 surfaceflinger          surfaceflinger                       E  [frame_perf] perfboost open boost file failed
2025-09-16 14:08:32.180  1099-3321  surfaceflinger          surfaceflinger                       E  [frame_perf] perfboost open boost file failed
2025-09-16 14:08:32.213  1099-14069 surfaceflinger          surfaceflinger                       E  [frame_perf] perfboost open boost file failed
2025-09-16 14:08:32.214  1099-1156  surfaceflinger          surfaceflinger                       E  [frame_perf] perfboost open boost file failed
2025-09-16 14:08:32.230  1099-14069 surfaceflinger          surfaceflinger                       E  [frame_perf] perfboost open boost file failed
2025-09-16 14:08:32.231  1099-3321  surfaceflinger          surfaceflinger                       E  [frame_perf] perfboost open boost file failed
2025-09-16 14:08:32.342 27671-27671 Compatibil...geReporter com.google.android.apps.maps         D  Compat change id reported: 150939131; UID 10051; state: ENABLED
2025-09-16 14:08:32.396  1099-14069 surfaceflinger          surfaceflinger                       E  [frame_perf] perfboost open boost file failed
2025-09-16 14:08:32.397  1099-1156  surfaceflinger          surfaceflinger                       E  [frame_perf] perfboost open boost file failed
2025-09-16 14:08:32.580  1099-14069 surfaceflinger          surfaceflinger                       E  [frame_perf] perfboost open boost file failed
2025-09-16 14:08:32.582  1099-3321  surfaceflinger          surfaceflinger                       E  [frame_perf] perfboost open boost file failed
2025-09-16 14:08:32.680  1099-14069 surfaceflinger          surfaceflinger                       E  [frame_perf] perfboost open boost file failed
2025-09-16 14:08:32.681  1099-1156  surfaceflinger          surfaceflinger                       E  [frame_perf] perfboost open boost file failed
2025-09-16 14:08:32.683 30462-30498 NetworkCon...troller(1) com.android.systemui                 D  notifyListeners, showSimLoadedFakeIcon :false
2025-09-16 14:08:32.683  3143-3143  MDM-DataTr...eedTracker com.android.phone                    D  onDataActivity: isNewTxEvent = true, isNewRxEvent = true, isTxEndEvent = false, isRxEndEvent = false
2025-09-16 14:08:32.684  3143-3143  MDM-DataAc...ionManager com.android.phone                    D  onDataActivity: isNewEvent = true, isEndEvent = false
2025-09-16 14:08:32.687  3143-3143  MDM-DataAc...ionManager com.android.phone                    D  getCurrentSimMccMnc: current SIM mccmnc = [*20416, null]
2025-09-16 14:08:32.698  1099-14069 surfaceflinger          surfaceflinger                       E  [frame_perf] perfboost open boost file failed
2025-09-16 14:08:32.700  1099-3321  surfaceflinger          surfaceflinger                       E  [frame_perf] perfboost open boost file failed
2025-09-16 14:08:32.780  1099-14069 surfaceflinger          surfaceflinger                       E  [frame_perf] perfboost open boost file failed
2025-09-16 14:08:32.781  1099-3321  surfaceflinger          surfaceflinger                       E  [frame_perf] perfboost open boost file failed
2025-09-16 14:08:32.848  1099-14069 surfaceflinger          surfaceflinger                       E  [frame_perf] perfboost open boost file failed
2025-09-16 14:08:32.848  1099-1156  surfaceflinger          surfaceflinger                       E  [frame_perf] perfboost open boost file failed
2025-09-16 14:08:32.932  1099-14069 surfaceflinger          surfaceflinger                       E  [frame_perf] perfboost open boost file failed
2025-09-16 14:08:32.933  1099-1468  surfaceflinger          surfaceflinger                       E  [frame_perf] perfboost open boost file failed
2025-09-16 14:08:33.015  1099-14069 surfaceflinger          surfaceflinger                       E  [frame_perf] perfboost open boost file failed
2025-09-16 14:08:33.016  1099-1468  surfaceflinger          surfaceflinger                       E  [frame_perf] perfboost open boost file failed
2025-09-16 14:08:33.099  1099-14069 surfaceflinger          surfaceflinger                       E  [frame_perf] perfboost open boost file failed
2025-09-16 14:08:33.099  1099-1156  surfaceflinger          surfaceflinger                       E  [frame_perf] perfboost open boost file failed
2025-09-16 14:08:33.149  1099-14069 surfaceflinger          surfaceflinger                       E  [frame_perf] perfboost open boost file failed
2025-09-16 14:08:33.149  1099-1468  surfaceflinger          surfaceflinger                       E  [frame_perf] perfboost open boost file failed
2025-09-16 14:08:33.173  3876-3956  ThermalEngine           thermal-engine                       I  Monitor : quiet_therm = 31470, msm_therm = 34068, xo_therm = 33725, battery_therm = 293,current_now = -184000 
2025-09-16 14:08:33.249  1099-14069 surfaceflinger          surfaceflinger                       E  [frame_perf] perfboost open boost file failed
2025-09-16 14:08:33.249  1099-1156  surfaceflinger          surfaceflinger                       E  [frame_perf] perfboost open boost file failed
2025-09-16 14:08:33.432  1099-14069 surfaceflinger          surfaceflinger                       E  [frame_perf] perfboost open boost file failed
2025-09-16 14:08:33.433  1099-1156  surfaceflinger          surfaceflinger                       E  [frame_perf] perfboost open boost file failed
2025-09-16 14:08:33.582  1099-14069 surfaceflinger          surfaceflinger                       E  [frame_perf] perfboost open boost file failed
2025-09-16 14:08:33.584  1099-1156  surfaceflinger          surfaceflinger                       E  [frame_perf] perfboost open boost file failed
2025-09-16 14:08:33.683  1099-14069 surfaceflinger          surfaceflinger                       E  [frame_perf] perfboost open boost file failed
2025-09-16 14:08:33.683  1099-3321  surfaceflinger          surfaceflinger                       E  [frame_perf] perfboost open boost file failed
2025-09-16 14:08:33.700  1099-14069 surfaceflinger          surfaceflinger                       E  [frame_perf] perfboost open boost file failed
2025-09-16 14:08:33.700  1099-1156  surfaceflinger          surfaceflinger                       E  [frame_perf] perfboost open boost file failed
2025-09-16 14:08:33.734  1099-14069 surfaceflinger          surfaceflinger                       E  [frame_perf] perfboost open boost file failed
2025-09-16 14:08:33.735  1099-1156  surfaceflinger          surfaceflinger                       E  [frame_perf] perfboost open boost file failed
2025-09-16 14:08:33.850  1099-14069 surfaceflinger          surfaceflinger                       E  [frame_perf] perfboost open boost file failed
2025-09-16 14:08:33.851  1099-3321  surfaceflinger          surfaceflinger                       E  [frame_perf] perfboost open boost file failed
2025-09-16 14:08:33.934  1099-14069 surfaceflinger          surfaceflinger                       E  [frame_perf] perfboost open boost file failed
2025-09-16 14:08:33.934  1099-1156  surfaceflinger          surfaceflinger                       E  [frame_perf] perfboost open boost file failed
2025-09-16 14:08:34.100  1099-14069 surfaceflinger          surfaceflinger                       E  [frame_perf] perfboost open boost file failed
2025-09-16 14:08:34.102  1099-1156  surfaceflinger          surfaceflinger                       E  [frame_perf] perfboost open boost file failed
2025-09-16 14:08:34.126   963-23771 vendor.qti...bs_handler and...are.bluetooth@1.0-service-qti  I  ProcessIbsCmd: Received IBS_WAKE_IND: 0xFD
2025-09-16 14:08:34.126   963-23771 vendor.qti...bs_handler and...are.bluetooth@1.0-service-qti  D  SerialClockVote: vote for UART CLK ON
2025-09-16 14:08:34.127   963-23771 vendor.qti...-wake_lock and...are.bluetooth@1.0-service-qti  D  Acquire wakelock is acquired 
2025-09-16 14:08:34.128   963-23771 vendor.qti...bs_handler and...are.bluetooth@1.0-service-qti  I  ProcessIbsCmd: Writing IBS_WAKE_ACK
2025-09-16 14:08:34.130 23624-23773 bt_stack                com.android.bluetooth                V  [VERBOSE1:btm_inq.cc(1019)] BTM_InqDbRead: bd addr 02:b3:e7:ee:9a:ed
2025-09-16 14:08:34.140 19804-29607 NearbyMediums           com.google.android.gms.persistent    I  This GATT advertisement BleAdvertisement { version=2, socketVersion=2, isFast=true, serviceIdHash=null, data=[ 0x23 0x34 0x45 0x32 0x34 0x11 0x32 0x3d 0x8f 0xff 0xf6 0x7e 0x95 0x58 0x62 0x96 0xcd 0xa3 0x1c 0xd9 0x30 0x52 0x0d ], deviceToken=[ 0x62 0x36 ], rxAdvertisement=null } is a Fast Advertisement and matched UUID 0000fef3-0000-1000-8000-00805f9b34fb in fastAdvertisementServiceUuids map with serviceID NearbySharing
2025-09-16 14:08:34.141 19804-29892 NearbyConnections       com.google.android.gms.persistent    I  Found BleAdvertisement [ 0x23 0x34 0x45 0x32 0x34 0x11 0x32 0x3d 0x8f 0xff 0xf6 0x7e 0x95 0x58 0x62 0x96 0xcd 0xa3 0x1c 0xd9 0x30 0x52 0x0d ] (with EndpointId 4E24 and EndpointInfo [ 0x32 0x3d 0x8f 0xff 0xf6 0x7e 0x95 0x58 0x62 0x96 0xcd 0xa3 0x1c 0xd9 0x30 0x52 0x0d ])
2025-09-16 14:08:34.142 19804-29892 NearbyConnections       com.google.android.gms.persistent    I  ClientProxy(127496969) reporting onEndpointFound(4E24)
2025-09-16 14:08:34.143 19804-28519 NearbySharing           com.google.android.gms.persistent    I  NearbySharing Internal event EndpointDiscovered(endpointId=4E24)
2025-09-16 14:08:34.145 19804-29892 NearbyConnections       com.google.android.gms.persistent    I  ClientProxy(127496969) reporting onEndpointDistanceChanged(4E24, UNKNOWN)
2025-09-16 14:08:34.168   963-23771 vendor.qti...bs_handler and...are.bluetooth@1.0-service-qti  I  ProcessIbsCmd: Received IBS_SLEEP_IND: 0xFE
2025-09-16 14:08:34.168   963-23771 vendor.qti...bs_handler and...are.bluetooth@1.0-service-qti  D  SerialClockVote: vote for UART CLK OFF
2025-09-16 14:08:34.200  1099-14069 surfaceflinger          surfaceflinger                       E  [frame_perf] perfboost open boost file failed
2025-09-16 14:08:34.201  1099-1156  surfaceflinger          surfaceflinger                       E  [frame_perf] perfboost open boost file failed
2025-09-16 14:08:34.218  1099-14069 surfaceflinger          surfaceflinger                       E  [frame_perf] perfboost open boost file failed
2025-09-16 14:08:34.219  1099-1156  surfaceflinger          surfaceflinger                       E  [frame_perf] perfboost open boost file failed
2025-09-16 14:08:34.319   963-23752 vendor.qti...-wake_lock and...are.bluetooth@1.0-service-qti  D  Release wakelock is released 
2025-09-16 14:08:34.418  1099-14069 surfaceflinger          surfaceflinger                       E  [frame_perf] perfboost open boost file failed
2025-09-16 14:08:34.418  1099-1468  surfaceflinger          surfaceflinger                       E  [frame_perf] perfboost open boost file failed
2025-09-16 14:08:34.452  1099-14069 surfaceflinger          surfaceflinger                       E  [frame_perf] perfboost open boost file failed
2025-09-16 14:08:34.453  1099-1468  surfaceflinger          surfaceflinger                       E  [frame_perf] perfboost open boost file failed
2025-09-16 14:08:34.568  1099-14069 surfaceflinger          surfaceflinger                       E  [frame_perf] perfboost open boost file failed
2025-09-16 14:08:34.569  1099-3321  surfaceflinger          surfaceflinger                       E  [frame_perf] perfboost open boost file failed
2025-09-16 14:08:34.701  3143-3143  MDM-DataTr...eedTracker com.android.phone                    D  onDataActivity: isNewTxEvent = false, isNewRxEvent = false, isTxEndEvent = true, isRxEndEvent = true
2025-09-16 14:08:34.701  3143-3143  MDM-DataTr...eedTracker com.android.phone                    D  updateTransferSpeedData: isTx = true
2025-09-16 14:08:34.701 30462-30498 NetworkCon...troller(1) com.android.systemui                 D  notifyListeners, showSimLoadedFakeIcon :false
2025-09-16 14:08:34.702  1099-14069 surfaceflinger          surfaceflinger                       E  [frame_perf] perfboost open boost file failed
2025-09-16 14:08:34.702  3143-3143  MDM-DataTr...eedTracker com.android.phone                    D  updateTransferSpeedData: mCurDdsSimNetworkClass = 2, currentTxBytes = 67060871, incrementTxBytes = 104, transferTxSpeed = 52
2025-09-16 14:08:34.702  3143-3143  MDM-DataTr...eedTracker com.android.phone                    D  getBucketIndexByBelongingRange: index = 0, transferSpeed = 52
2025-09-16 14:08:34.703  3143-3143  MDM-DataTr...eedTracker com.android.phone                    D  updateTransferSpeedData: isTx = false
2025-09-16 14:08:34.703  1099-3321  surfaceflinger          surfaceflinger                       E  [frame_perf] perfboost open boost file failed
2025-09-16 14:08:34.704  3143-3143  MDM-DataTr...eedTracker com.android.phone                    D  updateTransferSpeedData: mCurDdsSimNetworkClass = 2, currentRxBytes = 1992076475, incrementRxBytes = 177, transferRxSpeed = 4
2025-09-16 14:08:34.704  3143-3143  MDM-DataTr...eedTracker com.android.phone                    D  getBucketIndexByBelongingRange: index = 0, transferSpeed = 4
2025-09-16 14:08:34.704  3143-3143  MDM-DataAc...ionManager com.android.phone                    D  onDataActivity: isNewEvent = false, isEndEvent = true
2025-09-16 14:08:34.704  3143-3143  MDM-DataAc...ionManager com.android.phone                    D  updateDataActiveDuration: original active duration = 6376140
2025-09-16 14:08:34.704  3143-3143  MDM-DataAc...ionManager com.android.phone                    D  updateDataActiveDuration: current connection time = 6378157
2025-09-16 14:08:34.740   963-23771 vendor.qti...bs_handler and...are.bluetooth@1.0-service-qti  I  ProcessIbsCmd: Received IBS_WAKE_IND: 0xFD
2025-09-16 14:08:34.740   963-23771 vendor.qti...bs_handler and...are.bluetooth@1.0-service-qti  D  SerialClockVote: vote for UART CLK ON
2025-09-16 14:08:34.741   963-23771 vendor.qti...-wake_lock and...are.bluetooth@1.0-service-qti  D  Acquire wakelock is acquired 
2025-09-16 14:08:34.741   963-23771 vendor.qti...bs_handler and...are.bluetooth@1.0-service-qti  I  ProcessIbsCmd: Writing IBS_WAKE_ACK
2025-09-16 14:08:34.743 23624-23773 bt_stack                com.android.bluetooth                V  [VERBOSE1:btm_inq.cc(1019)] BTM_InqDbRead: bd addr 43:2f:f7:f9:48:be
2025-09-16 14:08:34.782   963-23771 vendor.qti...bs_handler and...are.bluetooth@1.0-service-qti  I  ProcessIbsCmd: Received IBS_SLEEP_IND: 0xFE
2025-09-16 14:08:34.782   963-23771 vendor.qti...bs_handler and...are.bluetooth@1.0-service-qti  D  SerialClockVote: vote for UART CLK OFF
2025-09-16 14:08:34.801  1099-14069 surfaceflinger          surfaceflinger                       E  [frame_perf] perfboost open boost file failed
2025-09-16 14:08:34.802  1099-1468  surfaceflinger          surfaceflinger                       E  [frame_perf] perfboost open boost file failed
2025-09-16 14:08:34.819  1099-14069 surfaceflinger          surfaceflinger                       E  [frame_perf] perfboost open boost file failed
2025-09-16 14:08:34.819  1099-1157  surfaceflinger          surfaceflinger                       E  [frame_perf] perfboost open boost file failed
2025-09-16 14:08:34.836  1099-14069 surfaceflinger          surfaceflinger                       E  [frame_perf] perfboost open boost file failed
2025-09-16 14:08:34.836  1099-1157  surfaceflinger          surfaceflinger                       E  [frame_perf] perfboost open boost file failed
2025-09-16 14:08:34.868  1099-3321  surfaceflinger          surfaceflinger                       E  [frame_perf] AutoBoostStrategyQuery fd<0 failed, errno=Inappropriate ioctl for device
2025-09-16 14:08:34.869  1099-3321  surfaceflinger          surfaceflinger                       E  [frame_perf] AutoBoostConfigQuery fd<0 failed, errno=Inappropriate ioctl for device
2025-09-16 14:08:34.932   963-23752 vendor.qti...-wake_lock and...are.bluetooth@1.0-service-qti  D  Release wakelock is released 
2025-09-16 14:08:35.019  1099-14069 surfaceflinger          surfaceflinger                       E  [frame_perf] perfboost open boost file failed
2025-09-16 14:08:35.019  1099-3321  surfaceflinger          surfaceflinger                       E  [frame_perf] perfboost open boost file failed
2025-09-16 14:08:35.119  1099-14069 surfaceflinger          surfaceflinger                       E  [frame_perf] perfboost open boost file failed
2025-09-16 14:08:35.120  1099-3321  surfaceflinger          surfaceflinger                       E  [frame_perf] perfboost open boost file failed
2025-09-16 14:08:35.137  1099-14069 surfaceflinger          surfaceflinger                       E  [frame_perf] perfboost open boost file failed
2025-09-16 14:08:35.137  1099-1157  surfaceflinger          surfaceflinger                       E  [frame_perf] perfboost open boost file failed
2025-09-16 14:08:35.253  1099-14069 surfaceflinger          surfaceflinger                       E  [frame_perf] perfboost open boost file failed
2025-09-16 14:08:35.253  1099-1468  surfaceflinger          surfaceflinger                       E  [frame_perf] perfboost open boost file failed
2025-09-16 14:08:35.470  1099-14069 surfaceflinger          surfaceflinger                       E  [frame_perf] perfboost open boost file failed
2025-09-16 14:08:35.470  1099-1157  surfaceflinger          surfaceflinger                       E  [frame_perf] perfboost open boost file failed
2025-09-16 14:08:35.520  1099-14069 surfaceflinger          surfaceflinger                       E  [frame_perf] perfboost open boost file failed
2025-09-16 14:08:35.520  1099-1468  surfaceflinger          surfaceflinger                       E  [frame_perf] perfboost open boost file failed
2025-09-16 14:08:35.538  1099-14069 surfaceflinger          surfaceflinger                       E  [frame_perf] perfboost open boost file failed
2025-09-16 14:08:35.538  1099-1468  surfaceflinger          surfaceflinger                       E  [frame_perf] perfboost open boost file failed
2025-09-16 14:08:35.711  3143-3143  MDM-DataTr...eedTracker com.android.phone                    D  onDataActivity: isNewTxEvent = true, isNewRxEvent = true, isTxEndEvent = false, isRxEndEvent = false
2025-09-16 14:08:35.711  3143-3143  MDM-DataAc...ionManager com.android.phone                    D  onDataActivity: isNewEvent = true, isEndEvent = false
2025-09-16 14:08:35.712  3143-3143  MDM-DataAc...ionManager com.android.phone                    D  getCurrentSimMccMnc: current SIM mccmnc = [*20416, null]
2025-09-16 14:08:35.713 30462-30498 NetworkCon...troller(1) com.android.systemui                 D  notifyListeners, showSimLoadedFakeIcon :false
2025-09-16 14:08:35.721  1099-14069 surfaceflinger          surfaceflinger                       E  [frame_perf] perfboost open boost file failed
2025-09-16 14:08:35.723  1099-1157  surfaceflinger          surfaceflinger                       E  [frame_perf] perfboost open boost file failed
2025-09-16 14:08:35.803  1099-14069 surfaceflinger          surfaceflinger                       E  [frame_perf] perfboost open boost file failed
2025-09-16 14:08:35.803  1099-1156  surfaceflinger          surfaceflinger                       E  [frame_perf] perfboost open boost file failed
2025-09-16 14:08:35.820  1099-14069 surfaceflinger          surfaceflinger                       E  [frame_perf] perfboost open boost file failed
2025-09-16 14:08:35.821  1099-1156  surfaceflinger          surfaceflinger                       E  [frame_perf] perfboost open boost file failed
2025-09-16 14:08:35.913  1689-1837  QMI_FW                  qcrild                               E  qmi_cci_get_ref: ref count increased 2
2025-09-16 14:08:35.915  1689-1757  QMI_FW                  qcrild                               E  qmi_cci_get_ref: ref count increased 2
2025-09-16 14:08:35.921  1099-14069 surfaceflinger          surfaceflinger                       E  [frame_perf] perfboost open boost file failed
2025-09-16 14:08:35.922  1099-1468  surfaceflinger          surfaceflinger                       E  [frame_perf] perfboost open boost file failed
2025-09-16 14:08:35.959  3143-3143  PhoneInterfaceManager   com.android.phone                    D  [PhoneIntfMgr] getPhoneFromSubId: 1
2025-09-16 14:08:35.968  1689-1757  QMI_FW                  qcrild                               E  qmi_cci_get_ref: ref count increased 2
2025-09-16 14:08:35.970  1689-1757  QMI_FW                  qcrild                               E  qmi_cci_get_ref: ref count increased 2
2025-09-16 14:08:35.983  3143-3143  MDM-OPMdmListener       com.android.phone                    D  onCellInfoChanged the cellInfo changed phoneId 0
2025-09-16 14:08:35.988  1099-14069 surfaceflinger          surfaceflinger                       E  [frame_perf] perfboost open boost file failed
2025-09-16 14:08:35.991  1099-1157  surfaceflinger          surfaceflinger                       E  [frame_perf] perfboost open boost file failed
2025-09-16 14:08:36.036  1099-14069 surfaceflinger          surfaceflinger                       E  [frame_perf] perfboost open boost file failed
2025-09-16 14:08:36.037  1099-1157  surfaceflinger          surfaceflinger                       E  [frame_perf] perfboost open boost file failed
2025-09-16 14:08:36.054  1099-14069 surfaceflinger          surfaceflinger                       E  [frame_perf] perfboost open boost file failed
2025-09-16 14:08:36.055  1099-1157  surfaceflinger          surfaceflinger                       E  [frame_perf] perfboost open boost file failed
2025-09-16 14:08:36.105  1099-14069 surfaceflinger          surfaceflinger                       E  [frame_perf] perfboost open boost file failed
2025-09-16 14:08:36.105  1099-1156  surfaceflinger          surfaceflinger                       E  [frame_perf] perfboost open boost file failed
2025-09-16 14:08:36.188  1099-14069 surfaceflinger          surfaceflinger                       E  [frame_perf] perfboost open boost file failed
2025-09-16 14:08:36.189  1099-1156  surfaceflinger          surfaceflinger                       E  [frame_perf] perfboost open boost file failed
2025-09-16 14:08:36.194   963-23771 vendor.qti...bs_handler and...are.bluetooth@1.0-service-qti  I  ProcessIbsCmd: Received IBS_WAKE_IND: 0xFD
2025-09-16 14:08:36.195   963-23771 vendor.qti...bs_handler and...are.bluetooth@1.0-service-qti  D  SerialClockVote: vote for UART CLK ON
2025-09-16 14:08:36.196   963-23771 vendor.qti...-wake_lock and...are.bluetooth@1.0-service-qti  D  Acquire wakelock is acquired 
2025-09-16 14:08:36.196   963-23771 vendor.qti...bs_handler and...are.bluetooth@1.0-service-qti  I  ProcessIbsCmd: Writing IBS_WAKE_ACK
2025-09-16 14:08:36.197 23624-23773 bt_stack                com.android.bluetooth                V  [VERBOSE1:btm_inq.cc(1019)] BTM_InqDbRead: bd addr 02:b3:e7:ee:9a:ed
2025-09-16 14:08:36.236   963-23771 vendor.qti...bs_handler and...are.bluetooth@1.0-service-qti  I  ProcessIbsCmd: Received IBS_SLEEP_IND: 0xFE
2025-09-16 14:08:36.236   963-23771 vendor.qti...bs_handler and...are.bluetooth@1.0-service-qti  D  SerialClockVote: vote for UART CLK OFF
2025-09-16 14:08:36.254  1099-14069 surfaceflinger          surfaceflinger                       E  [frame_perf] perfboost open boost file failed
2025-09-16 14:08:36.255  1099-1468  surfaceflinger          surfaceflinger                       E  [frame_perf] perfboost open boost file failed
2025-09-16 14:08:36.387   963-23752 vendor.qti...-wake_lock and...are.bluetooth@1.0-service-qti  D  Release wakelock is released 
2025-09-16 14:08:36.455  1099-14069 surfaceflinger          surfaceflinger                       E  [frame_perf] perfboost open boost file failed
2025-09-16 14:08:36.456  1099-1156  surfaceflinger          surfaceflinger                       E  [frame_perf] perfboost open boost file failed
2025-09-16 14:08:36.720  3143-3143  MDM-DataAc...ionManager com.android.phone                    D  onDataActivity: isNewEvent = false, isEndEvent = true
2025-09-16 14:08:36.721  3143-3143  MDM-DataAc...ionManager com.android.phone                    D  updateDataActiveDuration: original active duration = 6378157
2025-09-16 14:08:36.721  3143-3143  MDM-DataAc...ionManager com.android.phone                    D  updateDataActiveDuration: current connection time = 6379166
2025-09-16 14:08:36.721  3143-3143  MDM-DataTr...eedTracker com.android.phone                    D  onDataActivity: isNewTxEvent = false, isNewRxEvent = false, isTxEndEvent = true, isRxEndEvent = true
2025-09-16 14:08:36.721  3143-3143  MDM-DataTr...eedTracker com.android.phone                    D  updateTransferSpeedData: isTx = true
2025-09-16 14:08:36.721 30462-30498 NetworkCon...troller(1) com.android.systemui                 D  notifyListeners, showSimLoadedFakeIcon :false
2025-09-16 14:08:36.723  3143-3143  MDM-DataTr...eedTracker com.android.phone                    D  updateTransferSpeedData: mCurDdsSimNetworkClass = 2, currentTxBytes = 67060999, incrementTxBytes = 128, transferTxSpeed = 128
2025-09-16 14:08:36.723  3143-3143  MDM-DataTr...eedTracker com.android.phone                    D  getBucketIndexByBelongingRange: index = 0, transferSpeed = 128
2025-09-16 14:08:36.723  3143-3143  MDM-DataTr...eedTracker com.android.phone                    D  updateTransferSpeedData: isTx = false
2025-09-16 14:08:36.724  3143-3143  MDM-DataTr...eedTracker com.android.phone                    D  updateTransferSpeedData: mCurDdsSimNetworkClass = 2, currentRxBytes = 1992076627, incrementRxBytes = 152, transferRxSpeed = 3
2025-09-16 14:08:36.724  3143-3143  MDM-DataTr...eedTracker com.android.phone                    D  getBucketIndexByBelongingRange: index = 0, transferSpeed = 3
2025-09-16 14:08:36.739  1099-14069 surfaceflinger          surfaceflinger                       E  [frame_perf] perfboost open boost file failed
2025-09-16 14:08:36.739  1099-1156  surfaceflinger          surfaceflinger                       E  [frame_perf] perfboost open boost file failed
2025-09-16 14:08:36.788  1099-14069 surfaceflinger          surfaceflinger                       E  [frame_perf] perfboost open boost file failed
2025-09-16 14:08:36.789  1099-1157  surfaceflinger          surfaceflinger                       E  [frame_perf] perfboost open boost file failed
2025-09-16 14:08:36.839  1099-14069 surfaceflinger          surfaceflinger                       E  [frame_perf] perfboost open boost file failed
2025-09-16 14:08:36.839  1099-1468  surfaceflinger          surfaceflinger                       E  [frame_perf] perfboost open boost file failed
2025-09-16 14:08:36.856  1099-14069 surfaceflinger          surfaceflinger                       E  [frame_perf] perfboost open boost file failed
2025-09-16 14:08:36.857  1099-1157  surfaceflinger          surfaceflinger                       E  [frame_perf] perfboost open boost file failed
2025-09-16 14:08:36.923  1099-14069 surfaceflinger          surfaceflinger                       E  [frame_perf] perfboost open boost file failed
2025-09-16 14:08:36.923  1099-1157  surfaceflinger          surfaceflinger                       E  [frame_perf] perfboost open boost file failed
2025-09-16 14:08:37.106  1099-14069 surfaceflinger          surfaceflinger                       E  [frame_perf] perfboost open boost file failed
2025-09-16 14:08:37.106  1099-1468  surfaceflinger          surfaceflinger                       E  [frame_perf] perfboost open boost file failed
2025-09-16 14:08:37.123  1099-14069 surfaceflinger          surfaceflinger                       E  [frame_perf] perfboost open boost file failed
2025-09-16 14:08:37.124  1099-1157  surfaceflinger          surfaceflinger                       E  [frame_perf] perfboost open boost file failed
2025-09-16 14:08:37.357  1099-14069 surfaceflinger          surfaceflinger                       E  [frame_perf] perfboost open boost file failed
2025-09-16 14:08:37.358  1099-1157  surfaceflinger          surfaceflinger                       E  [frame_perf] perfboost open boost file failed
2025-09-16 14:08:37.375  1099-14069 surfaceflinger          surfaceflinger                       E  [frame_perf] perfboost open boost file failed
2025-09-16 14:08:37.375  1099-1157  surfaceflinger          surfaceflinger                       E  [frame_perf] perfboost open boost file failed
2025-09-16 14:08:37.440  1099-14069 surfaceflinger          surfaceflinger                       E  [frame_perf] perfboost open boost file failed
2025-09-16 14:08:37.441  1099-1157  surfaceflinger          surfaceflinger                       E  [frame_perf] perfboost open boost file failed
2025-09-16 14:08:37.641  1099-14069 surfaceflinger          surfaceflinger                       E  [frame_perf] perfboost open boost file failed
2025-09-16 14:08:37.643  1099-1157  surfaceflinger          surfaceflinger                       E  [frame_perf] perfboost open boost file failed
2025-09-16 14:08:37.791  1099-14069 surfaceflinger          surfaceflinger                       E  [frame_perf] perfboost open boost file failed
2025-09-16 14:08:37.793  1099-1157  surfaceflinger          surfaceflinger                       E  [frame_perf] perfboost open boost file failed
2025-09-16 14:08:37.892  1099-14069 surfaceflinger          surfaceflinger                       E  [frame_perf] perfboost open boost file failed
2025-09-16 14:08:37.892  1099-1157  surfaceflinger          surfaceflinger                       E  [frame_perf] perfboost open boost file failed
2025-09-16 14:08:37.896  1305-1734  AlarmManager            system_server                        W  Unrecognized alarm listener com.android.server.OpPowerControllerService$tsu@dab256d
2025-09-16 14:08:37.898 30462-30462 OpUtils                 com.android.systemui                 I  isSupportWarpCharging:false
2025-09-16 14:08:37.898 30462-30462 OpSWarpChargingView     com.android.systemui                 D  level is same as latest one [100]
2025-09-16 14:08:37.901 30462-30462 KeyguardUpdateMonitor   com.android.systemui                 D  received broadcast android.intent.action.BATTERY_CHANGED
2025-09-16 14:08:37.901 30462-30462 OpUtils                 com.android.systemui                 I  isSupportWarpCharging:false
2025-09-16 14:08:37.901 30462-30462 KeyguardUpdateMonitor   com.android.systemui                 D  pdCharge false, chargingstatus 0, fastcharge:0
2025-09-16 14:08:37.904 30462-30498 BatterySaverTile        com.android.systemui                 D  handleUpdateState, true, false
2025-09-16 14:08:37.909  1099-14069 surfaceflinger          surfaceflinger                       E  [frame_perf] perfboost open boost file failed
2025-09-16 14:08:37.910  1099-1468  surfaceflinger          surfaceflinger                       E  [frame_perf] perfboost open boost file failed
2025-09-16 14:08:37.949  3107-3107  DeviceStatisticsService com...m.qti.devicestatisticsservice  D  chargerType=2 batteryLevel=100 totalBatteryCapacity=2637100
2025-09-16 14:08:37.958  1099-14069 surfaceflinger          surfaceflinger                       E  [frame_perf] perfboost open boost file failed
2025-09-16 14:08:37.960  1099-1156  surfaceflinger          surfaceflinger                       E  [frame_perf] perfboost open boost file failed
2025-09-16 14:08:38.042  1099-14069 surfaceflinger          surfaceflinger                       E  [frame_perf] perfboost open boost file failed
2025-09-16 14:08:38.043  1099-1468  surfaceflinger          surfaceflinger                       E  [frame_perf] perfboost open boost file failed
2025-09-16 14:08:38.092  1099-14069 surfaceflinger          surfaceflinger                       E  [frame_perf] perfboost open boost file failed
2025-09-16 14:08:38.093  1099-1468  surfaceflinger          surfaceflinger                       E  [frame_perf] perfboost open boost file failed
2025-09-16 14:08:38.246 19804-28119 NearbyMediums           com.google.android.gms.persistent    I  Found Fast Ble Advertisements :
                                                                                                    BleAdvertisement { version=2, socketVersion=2, isFast=true, serviceIdHash=null, data=[ 0x23 0x4c 0x50 0x52 0x53 0x11 0x32 0xb5 0xce 0x89 0xd9 0x0e 0x33 0x05 0x2b 0x75 0x70 0x41 0xbb 0x7b 0x54 0x58 0x86 ], deviceToken=[ 0x56 0x41 ], rxAdvertisement=null } : 1 times.
