2025-09-16 13:38:32.362  3143-3143  MDM-DataTr...eedTracker com.android.phone                    D  updateTransferSpeedData: isTx = true
2025-09-16 13:38:32.362 30462-30498 NetworkCon...troller(1) com.android.systemui                 D  notifyListeners, showSimLoadedFakeIcon :false
2025-09-16 13:38:32.365  3143-3143  MDM-DataTr...eedTracker com.android.phone                    D  updateTransferSpeedData: mCurDdsSimNetworkClass = 2, currentTxBytes = 66375660, incrementTxBytes = 44856, transferTxSpeed = 14952
2025-09-16 13:38:32.365  3143-3143  MDM-DataTr...eedTracker com.android.phone                    D  getBucketIndexByBelongingRange: index = 0, transferSpeed = 14952
2025-09-16 13:38:32.365  3143-3143  MDM-DataAc...ionManager com.android.phone                    D  onDataActivity: isNewEvent = false, isEndEvent = true
2025-09-16 13:38:32.365  3143-3143  MDM-DataAc...ionManager com.android.phone                    D  updateDataActiveDuration: original active duration = 6051768
2025-09-16 13:38:32.366  3143-3143  MDM-DataAc...ionManager com.android.phone                    D  updateDataActiveDuration: current connection time = 6054796
2025-09-16 13:38:32.929  3876-3956  ThermalEngine           thermal-engine                       I  Monitor : quiet_therm = 29954, msm_therm = 32647, xo_therm = 32500, battery_therm = 280,current_now = -231000 
2025-09-16 13:38:33.712   963-23771 vendor.qti...bs_handler and...are.bluetooth@1.0-service-qti  I  ProcessIbsCmd: Received IBS_WAKE_IND: 0xFD
2025-09-16 13:38:33.712   963-23771 vendor.qti...bs_handler and...are.bluetooth@1.0-service-qti  D  SerialClockVote: vote for UART CLK ON
2025-09-16 13:38:33.713   963-23771 vendor.qti...-wake_lock and...are.bluetooth@1.0-service-qti  D  Acquire wakelock is acquired 
2025-09-16 13:38:33.713   963-23771 vendor.qti...bs_handler and...are.bluetooth@1.0-service-qti  I  ProcessIbsCmd: Writing IBS_WAKE_ACK
2025-09-16 13:38:33.715 30462-30498 NetworkCon...troller(1) com.android.systemui                 D  onSignalStrengthsChanged signalStrength=SignalStrength:{mCdma=CellSignalStrengthCdma: cdmaDbm=2147483647 cdmaEcio=2147483647 evdoDbm=2147483647 evdoEcio=2147483647 evdoSnr=2147483647 level=0 oplevel=0,mGsm=CellSignalStrengthGsm: rssi=2147483647 ber=2147483647 mTa=2147483647 mLevel=0,mWcdma=CellSignalStrengthWcdma: ss=2147483647 ber=2147483647 rscp=2147483647 ecno=2147483647 level=0 oplevel=0,mTdscdma=CellSignalStrengthTdscdma: rssi=2147483647 ber=2147483647 rscp=2147483647 level=0,mLte=CellSignalStrengthLte: rssi=-67 rsrp=-98 rsrq=-9 rssnr=19 cqi=2147483647 ta=2147483647 level=3 parametersUseForLevel=0 oplevel=3,mNr=CellSignalStrengthNr:{ csiRsrp = 2147483647 csiRsrq = 2147483647 csiSinr = 2147483647 ssRsrp = 2147483647 ssRsrq = 2147483647 ssSinr = 2147483647 level = 0 parametersUseForLevel = 0 },primary=CellSignalStrengthLte,voice level =3,data level =4,isGsm =true} level=4 voicelevel=3 datalevel=4
2025-09-16 13:38:33.717 23624-23773 bt_stack                com.android.bluetooth                V  [VERBOSE1:btm_inq.cc(1019)] BTM_InqDbRead: bd addr 75:83:87:81:e8:bb
2025-09-16 13:38:33.733 19804-25007 NearbyConnections       com.google.android.gms.persistent    I  Found BleAdvertisement [ 0x23 0x41 0x46 0x50 0x46 0x11 0x32 0x83 0x83 0xa7 0xa1 0xf4 0x77 0x3a 0xfe 0x1e 0x9e 0x3b 0x35 0x78 0xef 0x07 0x31 ] (with EndpointId AFPF and EndpointInfo [ 0x32 0x83 0x83 0xa7 0xa1 0xf4 0x77 0x3a 0xfe 0x1e 0x9e 0x3b 0x35 0x78 0xef 0x07 0x31 ])
2025-09-16 13:38:33.734 30462-30498 NetworkCon...troller(1) com.android.systemui                 D  onSignalStrengthsChanged signalStrength=SignalStrength:{mCdma=CellSignalStrengthCdma: cdmaDbm=2147483647 cdmaEcio=2147483647 evdoDbm=2147483647 evdoEcio=2147483647 evdoSnr=2147483647 level=0 oplevel=0,mGsm=CellSignalStrengthGsm: rssi=2147483647 ber=2147483647 mTa=2147483647 mLevel=0,mWcdma=CellSignalStrengthWcdma: ss=2147483647 ber=2147483647 rscp=2147483647 ecno=2147483647 level=0 oplevel=0,mTdscdma=CellSignalStrengthTdscdma: rssi=2147483647 ber=2147483647 rscp=2147483647 level=0,mLte=CellSignalStrengthLte: rssi=-67 rsrp=-98 rsrq=-9 rssnr=19 cqi=2147483647 ta=2147483647 level=3 parametersUseForLevel=0 oplevel=3,mNr=CellSignalStrengthNr:{ csiRsrp = 2147483647 csiRsrq = 2147483647 csiSinr = 2147483647 ssRsrp = 2147483647 ssRsrq = 2147483647 ssSinr = 2147483647 level = 0 parametersUseForLevel = 0 },primary=CellSignalStrengthLte,voice level =3,data level =3,isGsm =true} level=3 voicelevel=3 datalevel=3
2025-09-16 13:38:33.734 19804-25007 NearbyConnections       com.google.android.gms.persistent    I  ClientProxy(127496969) reporting onEndpointFound(AFPF)
2025-09-16 13:38:33.735 19804-25007 NearbyConnections       com.google.android.gms.persistent    I  ClientProxy(127496969) reporting onEndpointDistanceChanged(AFPF, UNKNOWN)
2025-09-16 13:38:33.736 19804-25007 NearbySharing           com.google.android.gms.persistent    I  NearbySharing Internal event EndpointDiscovered(endpointId=AFPF)
2025-09-16 13:38:33.745 30462-30498 NetworkCon...troller(1) com.android.systemui                 D  notifyListeners, showSimLoadedFakeIcon :false
2025-09-16 13:38:33.751  3143-3143  PhoneInterfaceManager   com.android.phone                    D  [PhoneIntfMgr] getPhoneFromSubId: 1
2025-09-16 13:38:33.755   963-23771 vendor.qti...bs_handler and...are.bluetooth@1.0-service-qti  I  ProcessIbsCmd: Received IBS_SLEEP_IND: 0xFE
2025-09-16 13:38:33.755   963-23771 vendor.qti...bs_handler and...are.bluetooth@1.0-service-qti  D  SerialClockVote: vote for UART CLK OFF
2025-09-16 13:38:33.757  1689-1757  QMI_FW                  qcrild                               E  qmi_cci_get_ref: ref count increased 2
2025-09-16 13:38:33.759  1689-1757  QMI_FW                  qcrild                               E  qmi_cci_get_ref: ref count increased 2
2025-09-16 13:38:33.770  3143-3143  MDM-OPMdmListener       com.android.phone                    D  onCellInfoChanged the cellInfo changed phoneId 0
2025-09-16 13:38:33.905   963-23752 vendor.qti...-wake_lock and...are.bluetooth@1.0-service-qti  D  Release wakelock is released 
2025-09-16 13:38:34.361 22920-25440 GattConnectionService   com.remoticom.energynodeinset        D  Keep-alive ping
2025-09-16 13:38:34.362 22920-25440 BdcReadDia...sOperation com.remoticom.energynodeinset        D  STARTED
2025-09-16 13:38:34.363 22920-25440 BdcReadDia...sOperation com.remoticom.energynodeinset        V  readCharacteristic initiated
2025-09-16 13:38:34.366 23624-23773 bt_stack                com.android.bluetooth                V  [VERBOSE1:bta_gattc_main.cc(361)] bta_gattc_hdl_event: Event:BTA_GATTC_API_READ_EVT
2025-09-16 13:38:34.366 23624-23773 bt_stack                com.android.bluetooth                V  [VERBOSE1:bta_gattc_main.cc(305)] bta_gattc_sm_execute: State 0x02 [GATTC_CONN_ST], Event 0x1f04[BTA_GATTC_API_READ_EVT]
2025-09-16 13:38:34.367 23624-23773 bt_stack                com.android.bluetooth                V  [VERBOSE1:gatt_api.cc(692)] GATTC_Read: conn_id=0x0009, type=0x02
2025-09-16 13:38:34.367 23624-23773 bt_stack                com.android.bluetooth                V  [VERBOSE1:bta_gattc_main.cc(341)] bta_gattc_sm_execute: GATTC State Change: 0x02 -> 0x02 after Event 0x1f04
2025-09-16 13:38:34.368   963-963   vendor.qti...bs_handler and...are.bluetooth@1.0-service-qti  D  SerialClockVote: vote for UART CLK ON
2025-09-16 13:38:34.371   963-963   vendor.qti...-wake_lock and...are.bluetooth@1.0-service-qti  D  Acquire wakelock is acquired 
2025-09-16 13:38:34.372   963-963   vendor.qti...bs_handler and...are.bluetooth@1.0-service-qti  I  DeviceWakeUp: Writing IBS_WAKE_IND
2025-09-16 13:38:34.372   963-23771 vendor.qti...bs_handler and...are.bluetooth@1.0-service-qti  I  ProcessIbsCmd: Received IBS_WAKE_ACK: 0xFC
2025-09-16 13:38:34.373   963-23771 vendor.qti...bs_handler and...are.bluetooth@1.0-service-qti  I  ProcessIbsCmd: Signal wack_cond_
2025-09-16 13:38:34.373   963-963   vendor.qti...bs_handler and...are.bluetooth@1.0-service-qti  D  DeviceWakeUp: Unblocked from waiting for FC
2025-09-16 13:38:34.422   963-23771 vendor.qti...bs_handler and...are.bluetooth@1.0-service-qti  I  ProcessIbsCmd: Received IBS_WAKE_IND: 0xFD
2025-09-16 13:38:34.422   963-23771 vendor.qti...bs_handler and...are.bluetooth@1.0-service-qti  I  ProcessIbsCmd: Writing IBS_WAKE_ACK
2025-09-16 13:38:34.463   963-23771 vendor.qti...bs_handler and...are.bluetooth@1.0-service-qti  I  ProcessIbsCmd: Received IBS_SLEEP_IND: 0xFE
2025-09-16 13:38:34.467   963-23771 vendor.qti...bs_handler and...are.bluetooth@1.0-service-qti  I  ProcessIbsCmd: Received IBS_WAKE_IND: 0xFD
2025-09-16 13:38:34.467   963-23771 vendor.qti...bs_handler and...are.bluetooth@1.0-service-qti  I  ProcessIbsCmd: Writing IBS_WAKE_ACK
2025-09-16 13:38:34.468 23624-23773 bt_stack                com.android.bluetooth                V  [VERBOSE1:gatt_main.cc(1086)] gatt_get_ch_state: ch_state=4
2025-09-16 13:38:34.469 23624-23773 bt_stack                com.android.bluetooth                I  [INFO:gatt_main.cc(919)] gatt_data_process op_code = 11, msg_len = 1
2025-09-16 13:38:34.469 23624-23773 bt_stack                com.android.bluetooth                V  [VERBOSE1:gatt_cl.cc(1112)] gatt_client_handle_server_rsp op_code: 11, len = 1rsp_code: 11
2025-09-16 13:38:34.469 23624-23773 bt_stack                com.android.bluetooth                V  [VERBOSE1:gatt_utils.cc(1191)] gatt_end_operation status=0 op=2 subtype=2
2025-09-16 13:38:34.469 23624-23773 bt_stack                com.android.bluetooth                V  [VERBOSE1:bta_gattc_act.cc(1483)] bta_gattc_cmpl_cback: conn_id:9 op:2 status:0
2025-09-16 13:38:34.469 23624-23773 bt_stack                com.android.bluetooth                V  [VERBOSE1:bta_gattc_main.cc(361)] bta_gattc_hdl_event: Event:BTA_GATTC_OP_CMPL_EVT
2025-09-16 13:38:34.470 23624-23773 bt_stack                com.android.bluetooth                V  [VERBOSE1:bta_gattc_main.cc(305)] bta_gattc_sm_execute: State 0x02 [GATTC_CONN_ST], Event 0x1f0f[BTA_GATTC_OP_CMPL_EVT]
2025-09-16 13:38:34.470 23624-23773 bt_stack                com.android.bluetooth                V  [VERBOSE1:bta_gattc_act.cc(962)] bta_gattc_op_cmpl: op:2
2025-09-16 13:38:34.470 23624-23773 bt_stack                com.android.bluetooth                V  [VERBOSE1:bta_gattc_main.cc(341)] bta_gattc_sm_execute: GATTC State Change: 0x02 -> 0x02 after Event 0x1f0f
2025-09-16 13:38:34.473 22920-25385 BdcReadDia...sOperation com.remoticom.energynodeinset        V  onCharacteristicRead called
2025-09-16 13:38:34.477 22920-25440 BdcReadDia...sOperation com.remoticom.energynodeinset        D  FINISHED
2025-09-16 13:38:34.478 22920-25440 BdcReadDia...nOperation com.remoticom.energynodeinset        D  STARTED
2025-09-16 13:38:34.479 22920-25440 BdcReadDia...nOperation com.remoticom.energynodeinset        V  readCharacteristic initiated
2025-09-16 13:38:34.480 23624-23773 bt_stack                com.android.bluetooth                V  [VERBOSE1:bta_gattc_main.cc(361)] bta_gattc_hdl_event: Event:BTA_GATTC_API_READ_EVT
2025-09-16 13:38:34.481 23624-23773 bt_stack                com.android.bluetooth                V  [VERBOSE1:bta_gattc_main.cc(305)] bta_gattc_sm_execute: State 0x02 [GATTC_CONN_ST], Event 0x1f04[BTA_GATTC_API_READ_EVT]
2025-09-16 13:38:34.481 23624-23773 bt_stack                com.android.bluetooth                V  [VERBOSE1:gatt_api.cc(692)] GATTC_Read: conn_id=0x0009, type=0x02
2025-09-16 13:38:34.481 23624-23773 bt_stack                com.android.bluetooth                V  [VERBOSE1:bta_gattc_main.cc(341)] bta_gattc_sm_execute: GATTC State Change: 0x02 -> 0x02 after Event 0x1f04
2025-09-16 13:38:34.508   963-23771 vendor.qti...bs_handler and...are.bluetooth@1.0-service-qti  I  ProcessIbsCmd: Received IBS_SLEEP_IND: 0xFE
2025-09-16 13:38:34.518   963-23771 vendor.qti...bs_handler and...are.bluetooth@1.0-service-qti  I  ProcessIbsCmd: Received IBS_WAKE_IND: 0xFD
2025-09-16 13:38:34.518   963-23771 vendor.qti...bs_handler and...are.bluetooth@1.0-service-qti  I  ProcessIbsCmd: Writing IBS_WAKE_ACK
2025-09-16 13:38:34.559   963-23771 vendor.qti...bs_handler and...are.bluetooth@1.0-service-qti  I  ProcessIbsCmd: Received IBS_SLEEP_IND: 0xFE
2025-09-16 13:38:35.011  1305-1758  BatteryStatsImpl        system_server                        I  set mBatteryTimeToFullSeconds to 3372
2025-09-16 13:38:35.019 30462-30462 OpUtils                 com.android.systemui                 I  isSupportWarpCharging:false
2025-09-16 13:38:35.019 30462-30462 OpSWarpChargingView     com.android.systemui                 D  level is same as latest one [100]
2025-09-16 13:38:35.021 30462-30462 KeyguardUpdateMonitor   com.android.systemui                 D  received broadcast android.intent.action.BATTERY_CHANGED
2025-09-16 13:38:35.021 30462-30462 OpUtils                 com.android.systemui                 I  isSupportWarpCharging:false
2025-09-16 13:38:35.022 30462-30462 KeyguardUpdateMonitor   com.android.systemui                 D  pdCharge false, chargingstatus 0, fastcharge:0
2025-09-16 13:38:35.030  1305-1734  ActivityManager         system_server                        E  Sending non-protected broadcast android.intent.action.ONEPLUS_CHARGE_TIME_ENABLE from system uid 1000 pkg null
                                                                                                    java.lang.Throwable
                                                                                                    	at com.android.server.am.ActivityManagerService.checkBroadcastFromSystem(ActivityManagerService.java:17771)
                                                                                                    	at com.android.server.am.ActivityManagerService.broadcastIntentLocked(ActivityManagerService.java:18491)
                                                                                                    	at com.android.server.am.ActivityManagerService.broadcastIntentLocked(ActivityManagerService.java:17784)
                                                                                                    	at com.android.server.am.ActivityManagerService.broadcastIntentWithFeature(ActivityManagerService.java:18756)
                                                                                                    	at android.app.ActivityManager.broadcastStickyIntent(ActivityManager.java:4523)
                                                                                                    	at android.app.ActivityManager.broadcastStickyIntent(ActivityManager.java:4513)
                                                                                                    	at com.android.internal.os.BatteryStatsImpl.lambda$setBatteryStateLocked$4(BatteryStatsImpl.java:12751)
                                                                                                    	at com.android.internal.os.-$$Lambda$BatteryStatsImpl$mGw6FcFLEjuWak6gkMV0E8zjgFY.run(Unknown Source:2)
                                                                                                    	at android.os.Handler.handleCallback(Handler.java:938)
                                                                                                    	at android.os.Handler.dispatchMessage(Handler.java:99)
                                                                                                    	at android.os.Looper.loop(Looper.java:233)
                                                                                                    	at android.os.HandlerThread.run(HandlerThread.java:67)
2025-09-16 13:38:35.031  1305-1734  ActivityManager         system_server                        E  Sending non-protected broadcast android.intent.action.ONEPLUS_CHARGE_TIME_ENABLE from system uid 1000 pkg null
                                                                                                    java.lang.Throwable
                                                                                                    	at com.android.server.am.ActivityManagerService.checkBroadcastFromSystem(ActivityManagerService.java:17771)
                                                                                                    	at com.android.server.am.ActivityManagerService.broadcastIntentLocked(ActivityManagerService.java:18594)
                                                                                                    	at com.android.server.am.ActivityManagerService.broadcastIntentLocked(ActivityManagerService.java:17784)
                                                                                                    	at com.android.server.am.ActivityManagerService.broadcastIntentWithFeature(ActivityManagerService.java:18756)
                                                                                                    	at android.app.ActivityManager.broadcastStickyIntent(ActivityManager.java:4523)
                                                                                                    	at android.app.ActivityManager.broadcastStickyIntent(ActivityManager.java:4513)
                                                                                                    	at com.android.internal.os.BatteryStatsImpl.lambda$setBatteryStateLocked$4(BatteryStatsImpl.java:12751)
                                                                                                    	at com.android.internal.os.-$$Lambda$BatteryStatsImpl$mGw6FcFLEjuWak6gkMV0E8zjgFY.run(Unknown Source:2)
                                                                                                    	at android.os.Handler.handleCallback(Handler.java:938)
                                                                                                    	at android.os.Handler.dispatchMessage(Handler.java:99)
                                                                                                    	at android.os.Looper.loop(Looper.java:233)
                                                                                                    	at android.os.HandlerThread.run(HandlerThread.java:67)
2025-09-16 13:38:35.031  1305-1734  AlarmManager            system_server                        W  Unrecognized alarm listener com.android.server.OpPowerControllerService$tsu@dab256d
2025-09-16 13:38:35.043 30462-30462 KeyguardUpdateMonitor   com.android.systemui                 D  received broadcast android.intent.action.ONEPLUS_CHARGE_TIME_ENABLE
2025-09-16 13:38:35.043 30462-30462 KeyguardUpdateMonitor   com.android.systemui                 D  Reflash battery info by op intent
2025-09-16 13:38:35.044 30462-30462 KeyguardUpdateMonitor   com.android.systemui                 D   mFocusUpdateBatteryInfo
2025-09-16 13:38:35.044 30462-30462 AodAlwaysOnController   com.android.systemui                 D  onRefreshBatteryInfo: 100
2025-09-16 13:38:35.044 30462-30462 KeyguardIndication      com.android.systemui                 D  onRefreshBatteryInfo: plugged:true, wasPluggedIn: true, charged:true, level:100, speed:1, last speed:1, visible:false, mWirelessChargingDeviated:false, isPdCharging:false, isProtectCharging:false, timeToFull:-1, mChargingInfo:android.widget.TextView{bdb1966 V.ED..... ..S...ID 0,0-194,93 #7f0b016c app:id/charging_info}
2025-09-16 13:38:35.045 30462-30462 KeyguardIndication      com.android.systemui                 D  onRefreshBatteryInfo: aosp ChargingTimeRemaining -1
2025-09-16 13:38:35.045 30462-30462 KeyguardIndication      com.android.systemui                 W  no dash view
2025-09-16 13:38:35.045 30462-30462 OpCharging...rollerImpl com.android.systemui                 I  onRefreshBatteryInfo / mPluggedButNotUsb:false / status:OpBatteryStatus{status=2,level=100,plugged=2,health=2,maxChargingWattage=2500000}, fastCharge:0, wirelessCharging:false, wirelessWarpCharging:false, wirelessChargingDeviated:false, pdcharge:false / chargingType: 2 / oldChargingType:2
2025-09-16 13:38:35.045 30462-30462 OpCharging...rollerImpl com.android.systemui                 I  onRefreshBatteryInfo / mOldPluggedInAndCharging:true / isPluggedInAndCharging:true / isKeyguardShowing false / isScreenTurnedOn true / isChargingTypeChange false
2025-09-16 13:38:35.052   963-23771 vendor.qti...bs_handler and...are.bluetooth@1.0-service-qti  I  ProcessIbsCmd: Received IBS_WAKE_IND: 0xFD
2025-09-16 13:38:35.052   963-23771 vendor.qti...bs_handler and...are.bluetooth@1.0-service-qti  I  ProcessIbsCmd: Writing IBS_WAKE_ACK
2025-09-16 13:38:35.053 23624-23773 bt_stack                com.android.bluetooth                V  [VERBOSE1:gatt_main.cc(1086)] gatt_get_ch_state: ch_state=4
2025-09-16 13:38:35.053 23624-23773 bt_stack                com.android.bluetooth                I  [INFO:gatt_main.cc(919)] gatt_data_process op_code = 11, msg_len = 6
2025-09-16 13:38:35.053 23624-23773 bt_stack                com.android.bluetooth                V  [VERBOSE1:gatt_cl.cc(1112)] gatt_client_handle_server_rsp op_code: 11, len = 6rsp_code: 11
2025-09-16 13:38:35.053 23624-23773 bt_stack                com.android.bluetooth                V  [VERBOSE1:gatt_utils.cc(1191)] gatt_end_operation status=0 op=2 subtype=2
2025-09-16 13:38:35.054 23624-23773 bt_stack                com.android.bluetooth                V  [VERBOSE1:bta_gattc_act.cc(1483)] bta_gattc_cmpl_cback: conn_id:9 op:2 status:0
2025-09-16 13:38:35.054 23624-23773 bt_stack                com.android.bluetooth                V  [VERBOSE1:bta_gattc_main.cc(361)] bta_gattc_hdl_event: Event:BTA_GATTC_OP_CMPL_EVT
2025-09-16 13:38:35.054 23624-23773 bt_stack                com.android.bluetooth                V  [VERBOSE1:bta_gattc_main.cc(305)] bta_gattc_sm_execute: State 0x02 [GATTC_CONN_ST], Event 0x1f0f[BTA_GATTC_OP_CMPL_EVT]
2025-09-16 13:38:35.054 23624-23773 bt_stack                com.android.bluetooth                V  [VERBOSE1:bta_gattc_act.cc(962)] bta_gattc_op_cmpl: op:2
2025-09-16 13:38:35.054 23624-23773 bt_stack                com.android.bluetooth                V  [VERBOSE1:bta_gattc_main.cc(341)] bta_gattc_sm_execute: GATTC State Change: 0x02 -> 0x02 after Event 0x1f0f
2025-09-16 13:38:35.056 22920-25385 BdcReadDia...nOperation com.remoticom.energynodeinset        V  onCharacteristicRead called
2025-09-16 13:38:35.058 22920-25440 BdcReadDia...nOperation com.remoticom.energynodeinset        D  FINISHED
2025-09-16 13:38:35.059 22920-25440 GattConnectionService   com.remoticom.energynodeinset        D  Keep-alive ping successful
2025-09-16 13:38:35.059  3107-3107  DeviceStatisticsService com...m.qti.devicestatisticsservice  D  chargerType=2 batteryLevel=100 totalBatteryCapacity=2538400
2025-09-16 13:38:35.093   963-23771 vendor.qti...bs_handler and...are.bluetooth@1.0-service-qti  I  ProcessIbsCmd: Received IBS_SLEEP_IND: 0xFE
2025-09-16 13:38:35.482   963-23776 vendor.qti...bs_handler and...are.bluetooth@1.0-service-qti  I  DeviceSleep: TX Awake, Sending SLEEP_IND
2025-09-16 13:38:35.482   963-23776 vendor.qti...bs_handler and...are.bluetooth@1.0-service-qti  D  SerialClockVote: vote for UART CLK OFF
2025-09-16 13:38:35.633   963-23752 vendor.qti...-wake_lock and...are.bluetooth@1.0-service-qti  D  Release wakelock is released 
2025-09-16 13:38:36.607  1689-1828  QMI_FW                  qcrild                               E  qmi_cci_get_ref: ref count increased 2
2025-09-16 13:38:36.611  1689-1757  QMI_FW                  qcrild                               E  qmi_cci_get_ref: ref count increased 2
2025-09-16 13:38:36.630  1689-1837  QMI_FW                  qcrild                               E  qmi_cci_get_ref: ref count increased 2
2025-09-16 13:38:36.632  1689-1757  QMI_FW                  qcrild                               E  qmi_cci_get_ref: ref count increased 2
2025-09-16 13:38:36.652 30462-30498 NetworkCon...troller(1) com.android.systemui                 D  onSignalStrengthsChanged signalStrength=SignalStrength:{mCdma=CellSignalStrengthCdma: cdmaDbm=2147483647 cdmaEcio=2147483647 evdoDbm=2147483647 evdoEcio=2147483647 evdoSnr=2147483647 level=0 oplevel=0,mGsm=CellSignalStrengthGsm: rssi=2147483647 ber=2147483647 mTa=2147483647 mLevel=0,mWcdma=CellSignalStrengthWcdma: ss=2147483647 ber=2147483647 rscp=2147483647 ecno=2147483647 level=0 oplevel=0,mTdscdma=CellSignalStrengthTdscdma: rssi=2147483647 ber=2147483647 rscp=2147483647 level=0,mLte=CellSignalStrengthLte: rssi=-69 rsrp=-96 rsrq=-8 rssnr=10 cqi=2147483647 ta=2147483647 level=4 parametersUseForLevel=0 oplevel=4,mNr=CellSignalStrengthNr:{ csiRsrp = 2147483647 csiRsrq = 2147483647 csiSinr = 2147483647 ssRsrp = 2147483647 ssRsrq = 2147483647 ssSinr = 2147483647 level = 0 parametersUseForLevel = 0 },primary=CellSignalStrengthLte,voice level =4,data level =4,isGsm =true} level=4 voicelevel=4 datalevel=4
2025-09-16 13:38:36.654 23624-29528 HeadsetPhoneState       com.android.bluetooth                D  Updating the signal strength change to the apps
2025-09-16 13:38:36.654 23624-29528 HeadsetPhoneState       com.android.bluetooth                D  sendDeviceStateChanged. mService=1 mIsSimStateLoaded=true mSignal=5 mRoam=0 mBatteryCharge=5
2025-09-16 13:38:36.655 23624-29528 HeadsetStateMachine     com.android.bluetooth                E  returning mCurrentState as Connected
2025-09-16 13:38:36.656 23624-29528 HeadsetStateMachine     com.android.bluetooth                D  handleMessage: E msg.what=10
2025-09-16 13:38:36.657 23624-29528 HeadsetStateMachine     com.android.bluetooth                D  processMsg: Connected
2025-09-16 13:38:36.658 23624-23773 bt_btif                 com.android.bluetooth                D  bta_ag_api_result: p_scb 0x763fb928 
2025-09-16 13:38:36.659 23624-29528 HeadsetStateMachine     com.android.bluetooth                D  handleMessage: X
2025-09-16 13:38:36.659 23624-23773 bt_btif                 com.android.bluetooth                D  bta_ag_hfp_result : res = 5
2025-09-16 13:38:36.659 23624-23773 bt_btif                 com.android.bluetooth                D  bta_ag_send_ind: p_scb->call_ind 0 .
2025-09-16 13:38:36.659 23624-23773 bt_btif                 com.android.bluetooth                D  bta_ag_api_result: p_scb 0x763fb928 
2025-09-16 13:38:36.659 23624-23773 bt_btif                 com.android.bluetooth                D  bta_ag_hfp_result : res = 5
2025-09-16 13:38:36.659 23624-23773 bt_btif                 com.android.bluetooth                D  bta_ag_send_ind: p_scb->call_ind 0 .
2025-09-16 13:38:36.659 23624-23773 bt_btif                 com.android.bluetooth                D  bta_ag_api_result: p_scb 0x763fb928 
2025-09-16 13:38:36.659 23624-23773 bt_btif                 com.android.bluetooth                D  bta_ag_hfp_result : res = 5
2025-09-16 13:38:36.659 23624-23773 bt_btif                 com.android.bluetooth                D  bta_ag_send_ind: p_scb->call_ind 0 .
2025-09-16 13:38:36.660 23624-23773 bt_btif                 com.android.bluetooth                D  bta_ag_send_ind: p_scb->call_ind 0, p_scb->callsetup_ind 0, p_scb->callheld_ind 0
2025-09-16 13:38:36.660 23624-23773 bt_btif                 com.android.bluetooth                D  bta_ag_api_result: p_scb 0x763fb928 
2025-09-16 13:38:36.660 23624-23773 bt_btif                 com.android.bluetooth                D  bta_ag_hfp_result : res = 5
2025-09-16 13:38:36.660 23624-23773 bt_btif                 com.android.bluetooth                D  bta_ag_send_ind: p_scb->call_ind 0 .
2025-09-16 13:38:36.660   963-963   vendor.qti...bs_handler and...are.bluetooth@1.0-service-qti  D  SerialClockVote: vote for UART CLK ON
2025-09-16 13:38:36.661   963-963   vendor.qti...-wake_lock and...are.bluetooth@1.0-service-qti  D  Acquire wakelock is acquired 
2025-09-16 13:38:36.661   963-963   vendor.qti...bs_handler and...are.bluetooth@1.0-service-qti  I  DeviceWakeUp: Writing IBS_WAKE_IND
2025-09-16 13:38:36.663   963-23771 vendor.qti...bs_handler and...are.bluetooth@1.0-service-qti  I  ProcessIbsCmd: Received IBS_WAKE_ACK: 0xFC
2025-09-16 13:38:36.663   963-23771 vendor.qti...bs_handler and...are.bluetooth@1.0-service-qti  I  ProcessIbsCmd: Signal wack_cond_
2025-09-16 13:38:36.663   963-963   vendor.qti...bs_handler and...are.bluetooth@1.0-service-qti  D  DeviceWakeUp: Unblocked from waiting for FC
2025-09-16 13:38:36.670 30462-30498 NetworkCon...troller(1) com.android.systemui                 D  notifyListeners, showSimLoadedFakeIcon :false
2025-09-16 13:38:36.676   963-23771 vendor.qti...bs_handler and...are.bluetooth@1.0-service-qti  I  ProcessIbsCmd: Received IBS_WAKE_IND: 0xFD
2025-09-16 13:38:36.676   963-23771 vendor.qti...bs_handler and...are.bluetooth@1.0-service-qti  I  ProcessIbsCmd: Writing IBS_WAKE_ACK
2025-09-16 13:38:36.731   963-23771 vendor.qti...bs_handler and...are.bluetooth@1.0-service-qti  I  ProcessIbsCmd: Received IBS_SLEEP_IND: 0xFE
2025-09-16 13:38:37.399  3143-3143  MDM-DataTr...eedTracker com.android.phone                    D  onDataActivity: isNewTxEvent = true, isNewRxEvent = false, isTxEndEvent = false, isRxEndEvent = false
2025-09-16 13:38:37.399  3143-3143  MDM-DataAc...ionManager com.android.phone                    D  onDataActivity: isNewEvent = true, isEndEvent = false
2025-09-16 13:38:37.400  3143-3143  MDM-DataAc...ionManager com.android.phone                    D  getCurrentSimMccMnc: current SIM mccmnc = [*20416, null]
2025-09-16 13:38:37.400 30462-30498 NetworkCon...troller(1) com.android.systemui                 D  notifyListeners, showSimLoadedFakeIcon :false
2025-09-16 13:38:37.412   963-23771 vendor.qti...bs_handler and...are.bluetooth@1.0-service-qti  I  ProcessIbsCmd: Received IBS_WAKE_IND: 0xFD
2025-09-16 13:38:37.412   963-23771 vendor.qti...bs_handler and...are.bluetooth@1.0-service-qti  I  ProcessIbsCmd: Writing IBS_WAKE_ACK
2025-09-16 13:38:37.415 23624-23773 bt_stack                com.android.bluetooth                V  [VERBOSE1:btm_inq.cc(1019)] BTM_InqDbRead: bd addr 75:83:87:81:e8:bb
2025-09-16 13:38:37.453   963-23771 vendor.qti...bs_handler and...are.bluetooth@1.0-service-qti  I  ProcessIbsCmd: Received IBS_SLEEP_IND: 0xFE
2025-09-16 13:38:37.664   963-23776 vendor.qti...bs_handler and...are.bluetooth@1.0-service-qti  I  DeviceSleep: TX Awake, Sending SLEEP_IND
2025-09-16 13:38:37.664   963-23776 vendor.qti...bs_handler and...are.bluetooth@1.0-service-qti  D  SerialClockVote: vote for UART CLK OFF
2025-09-16 13:38:37.825   963-23752 vendor.qti...-wake_lock and...are.bluetooth@1.0-service-qti  D  Release wakelock is released 
2025-09-16 13:38:37.992   963-23771 vendor.qti...bs_handler and...are.bluetooth@1.0-service-qti  I  ProcessIbsCmd: Received IBS_WAKE_IND: 0xFD
2025-09-16 13:38:37.993   963-23771 vendor.qti...bs_handler and...are.bluetooth@1.0-service-qti  D  SerialClockVote: vote for UART CLK ON
2025-09-16 13:38:37.994   963-23771 vendor.qti...-wake_lock and...are.bluetooth@1.0-service-qti  D  Acquire wakelock is acquired 
2025-09-16 13:38:37.994   963-23771 vendor.qti...bs_handler and...are.bluetooth@1.0-service-qti  I  ProcessIbsCmd: Writing IBS_WAKE_ACK
2025-09-16 13:38:37.996 23624-23773 bt_stack                com.android.bluetooth                V  [VERBOSE1:btm_inq.cc(1019)] BTM_InqDbRead: bd addr 75:83:87:81:e8:bb
2025-09-16 13:38:38.035   963-23771 vendor.qti...bs_handler and...are.bluetooth@1.0-service-qti  I  ProcessIbsCmd: Received IBS_SLEEP_IND: 0xFE
2025-09-16 13:38:38.035   963-23771 vendor.qti...bs_handler and...are.bluetooth@1.0-service-qti  D  SerialClockVote: vote for UART CLK OFF
2025-09-16 13:38:38.186   963-23752 vendor.qti...-wake_lock and...are.bluetooth@1.0-service-qti  D  Release wakelock is released 
2025-09-16 13:38:38.870  1689-1837  QMI_FW                  qcrild                               E  qmi_cci_get_ref: ref count increased 2
2025-09-16 13:38:38.873  1689-1757  QMI_FW                  qcrild                               E  qmi_cci_get_ref: ref count increased 2
2025-09-16 13:38:38.892 23624-29528 HeadsetPhoneState       com.android.bluetooth                D  Updating the signal strength change to the apps
2025-09-16 13:38:38.892 23624-29528 HeadsetPhoneState       com.android.bluetooth                D  sendDeviceStateChanged. mService=1 mIsSimStateLoaded=true mSignal=4 mRoam=0 mBatteryCharge=5
2025-09-16 13:38:38.892 23624-29528 HeadsetStateMachine     com.android.bluetooth                E  returning mCurrentState as Connected
2025-09-16 13:38:38.893 23624-29528 HeadsetStateMachine     com.android.bluetooth                D  handleMessage: E msg.what=10
2025-09-16 13:38:38.893 23624-29528 HeadsetStateMachine     com.android.bluetooth                D  processMsg: Connected
2025-09-16 13:38:38.895 23624-23773 bt_btif                 com.android.bluetooth                D  bta_ag_api_result: p_scb 0x763fb928 
2025-09-16 13:38:38.895 23624-29528 HeadsetStateMachine     com.android.bluetooth                D  handleMessage: X
2025-09-16 13:38:38.895 23624-23773 bt_btif                 com.android.bluetooth                D  bta_ag_hfp_result : res = 5
2025-09-16 13:38:38.895 23624-23773 bt_btif                 com.android.bluetooth                D  bta_ag_send_ind: p_scb->call_ind 0 .
2025-09-16 13:38:38.895 23624-23773 bt_btif                 com.android.bluetooth                D  bta_ag_api_result: p_scb 0x763fb928 
2025-09-16 13:38:38.895 23624-23773 bt_btif                 com.android.bluetooth                D  bta_ag_hfp_result : res = 5
2025-09-16 13:38:38.895 23624-23773 bt_btif                 com.android.bluetooth                D  bta_ag_send_ind: p_scb->call_ind 0 .
2025-09-16 13:38:38.895 23624-23773 bt_btif                 com.android.bluetooth                D  bta_ag_api_result: p_scb 0x763fb928 
2025-09-16 13:38:38.895 23624-23773 bt_btif                 com.android.bluetooth                D  bta_ag_hfp_result : res = 5
2025-09-16 13:38:38.896 23624-23773 bt_btif                 com.android.bluetooth                D  bta_ag_send_ind: p_scb->call_ind 0 .
2025-09-16 13:38:38.896 23624-23773 bt_btif                 com.android.bluetooth                D  bta_ag_send_ind: p_scb->call_ind 0, p_scb->callsetup_ind 0, p_scb->callheld_ind 0
2025-09-16 13:38:38.896 23624-23773 bt_btif                 com.android.bluetooth                D  bta_ag_api_result: p_scb 0x763fb928 
2025-09-16 13:38:38.896 23624-23773 bt_btif                 com.android.bluetooth                D  bta_ag_hfp_result : res = 5
2025-09-16 13:38:38.896 23624-23773 bt_btif                 com.android.bluetooth                D  bta_ag_send_ind: p_scb->call_ind 0 .
2025-09-16 13:38:38.897   963-963   vendor.qti...bs_handler and...are.bluetooth@1.0-service-qti  D  SerialClockVote: vote for UART CLK ON
2025-09-16 13:38:38.898   963-963   vendor.qti...-wake_lock and...are.bluetooth@1.0-service-qti  D  Acquire wakelock is acquired 
2025-09-16 13:38:38.898   963-963   vendor.qti...bs_handler and...are.bluetooth@1.0-service-qti  I  DeviceWakeUp: Writing IBS_WAKE_IND
2025-09-16 13:38:38.898   963-23771 vendor.qti...bs_handler and...are.bluetooth@1.0-service-qti  I  ProcessIbsCmd: Received IBS_WAKE_ACK: 0xFC
2025-09-16 13:38:38.898   963-23771 vendor.qti...bs_handler and...are.bluetooth@1.0-service-qti  I  ProcessIbsCmd: Signal wack_cond_
2025-09-16 13:38:38.898   963-963   vendor.qti...bs_handler and...are.bluetooth@1.0-service-qti  D  DeviceWakeUp: Unblocked from waiting for FC
2025-09-16 13:38:38.908   963-23771 vendor.qti...bs_handler and...are.bluetooth@1.0-service-qti  I  ProcessIbsCmd: Received IBS_WAKE_IND: 0xFD
2025-09-16 13:38:38.908   963-23771 vendor.qti...bs_handler and...are.bluetooth@1.0-service-qti  I  ProcessIbsCmd: Writing IBS_WAKE_ACK
2025-09-16 13:38:38.920  3143-3143  PhoneInterfaceManager   com.android.phone                    D  [PhoneIntfMgr] getPhoneFromSubId: 1
2025-09-16 13:38:38.928  1689-1757  QMI_FW                  qcrild                               E  qmi_cci_get_ref: ref count increased 2
2025-09-16 13:38:38.930  1689-1757  QMI_FW                  qcrild                               E  qmi_cci_get_ref: ref count increased 2
2025-09-16 13:38:38.942  3143-3143  MDM-OPMdmListener       com.android.phone                    D  onCellInfoChanged the cellInfo changed phoneId 0
2025-09-16 13:38:38.949   963-23771 vendor.qti...bs_handler and...are.bluetooth@1.0-service-qti  I  ProcessIbsCmd: Received IBS_SLEEP_IND: 0xFE
2025-09-16 13:38:39.416  3143-3143  MDM-DataTr...eedTracker com.android.phone                    D  onDataActivity: isNewTxEvent = false, isNewRxEvent = true, isTxEndEvent = false, isRxEndEvent = false
2025-09-16 13:38:39.416  3143-3143  MDM-DataAc...ionManager com.android.phone                    D  onDataActivity: isNewEvent = false, isEndEvent = false
2025-09-16 13:38:39.417 30462-30498 NetworkCon...troller(1) com.android.systemui                 D  notifyListeners, showSimLoadedFakeIcon :false
2025-09-16 13:38:39.899   963-23776 vendor.qti...bs_handler and...are.bluetooth@1.0-service-qti  I  DeviceSleep: TX Awake, Sending SLEEP_IND
2025-09-16 13:38:39.899   963-23776 vendor.qti...bs_handler and...are.bluetooth@1.0-service-qti  D  SerialClockVote: vote for UART CLK OFF
2025-09-16 13:38:40.050   963-23752 vendor.qti...-wake_lock and...are.bluetooth@1.0-service-qti  D  Release wakelock is released 
2025-09-16 13:38:40.428  3143-3143  MDM-DataAc...ionManager com.android.phone                    D  onDataActivity: isNewEvent = false, isEndEvent = true
2025-09-16 13:38:40.428  3143-3143  MDM-DataAc...ionManager com.android.phone                    D  updateDataActiveDuration: original active duration = 6054796
2025-09-16 13:38:40.428  3143-3143  MDM-DataAc...ionManager com.android.phone                    D  updateDataActiveDuration: current connection time = 6057825
2025-09-16 13:38:40.428 30462-30498 NetworkCon...troller(1) com.android.systemui                 D  notifyListeners, showSimLoadedFakeIcon :false
2025-09-16 13:38:40.428  3143-3143  MDM-DataTr...eedTracker com.android.phone                    D  onDataActivity: isNewTxEvent = false, isNewRxEvent = false, isTxEndEvent = true, isRxEndEvent = true
2025-09-16 13:38:40.428  3143-3143  MDM-DataTr...eedTracker com.android.phone                    D  updateTransferSpeedData: isTx = true
2025-09-16 13:38:40.430  3143-3143  MDM-DataTr...eedTracker com.android.phone                    D  updateTransferSpeedData: mCurDdsSimNetworkClass = 2, currentTxBytes = 66375865, incrementTxBytes = 205, transferTxSpeed = 68
2025-09-16 13:38:40.430  3143-3143  MDM-DataTr...eedTracker com.android.phone                    D  getBucketIndexByBelongingRange: index = 0, transferSpeed = 68
2025-09-16 13:38:40.430  3143-3143  MDM-DataTr...eedTracker com.android.phone                    D  updateTransferSpeedData: isTx = false
2025-09-16 13:38:40.432  3143-3143  MDM-DataTr...eedTracker com.android.phone                    D  updateTransferSpeedData: mCurDdsSimNetworkClass = 2, currentRxBytes = 1987456991, incrementRxBytes = 52, transferRxSpeed = 52
2025-09-16 13:38:40.432  3143-3143  MDM-DataTr...eedTracker com.android.phone                    D  getBucketIndexByBelongingRange: index = 0, transferSpeed = 52
2025-09-16 13:38:41.439  3143-3143  MDM-DataTr...eedTracker com.android.phone                    D  onDataActivity: isNewTxEvent = true, isNewRxEvent = true, isTxEndEvent = false, isRxEndEvent = false
2025-09-16 13:38:41.439 30462-30498 NetworkCon...troller(1) com.android.systemui                 D  notifyListeners, showSimLoadedFakeIcon :false
2025-09-16 13:38:41.440  3143-3143  MDM-DataAc...ionManager com.android.phone                    D  onDataActivity: isNewEvent = true, isEndEvent = false
2025-09-16 13:38:41.440  3143-3143  MDM-DataAc...ionManager com.android.phone                    D  getCurrentSimMccMnc: current SIM mccmnc = [*20416, null]
2025-09-16 13:38:41.481 19804-23827 NearbyMediums           com.google.android.gms.persistent    I  Found Fast Ble Advertisements :
                                                                                                    BleAdvertisement { version=2, socketVersion=2, isFast=true, serviceIdHash=null, data=[ 0x23 0x48 0x52 0x4e 0x51 0x11 0x32 0xda 0xd9 0xed 0x74 0xcc 0xce 0xde 0x9a 0x00 0xb9 0x0c 0xca 0x76 0x4d 0x37 0x84 ], deviceToken=[ 0x49 0x02 ], rxAdvertisement=null } : 1 times.
                                                                                                    BleAdvertisement { version=2, socketVersion=2, isFast=true, serviceIdHash=null, data=[ 0x23 0x41 0x46 0x50 0x46 0x11 0x32 0x83 0x83 0xa7 0xa1 0xf4 0x77 0x3a 0xfe 0x1e 0x9e 0x3b 0x35 0x78 0xef 0x07 0x31 ], deviceToken=[ 0x05 0xec ], rxAdvertisement=null } : 3 times.
                                                                                                    Total 4 fast advertisements from 2 unique advertisers.
2025-09-16 13:38:41.482 19804-23827 NearbyMediums           com.google.android.gms.persistent    I  Current Tracked Scanning Clients are : {NearbyConnections.EnvironmentMonitor, NearbySharing}
2025-09-16 13:38:41.727   963-23771 vendor.qti...bs_handler and...are.bluetooth@1.0-service-qti  I  ProcessIbsCmd: Received IBS_WAKE_IND: 0xFD
2025-09-16 13:38:41.727   963-23771 vendor.qti...bs_handler and...are.bluetooth@1.0-service-qti  D  SerialClockVote: vote for UART CLK ON
2025-09-16 13:38:41.728   963-23771 vendor.qti...-wake_lock and...are.bluetooth@1.0-service-qti  D  Acquire wakelock is acquired 
2025-09-16 13:38:41.728   963-23771 vendor.qti...bs_handler and...are.bluetooth@1.0-service-qti  I  ProcessIbsCmd: Writing IBS_WAKE_ACK
2025-09-16 13:38:41.731 23624-23773 bt_stack                com.android.bluetooth                V  [VERBOSE1:btm_inq.cc(1019)] BTM_InqDbRead: bd addr 75:83:87:81:e8:bb
2025-09-16 13:38:41.769   963-23771 vendor.qti...bs_handler and...are.bluetooth@1.0-service-qti  I  ProcessIbsCmd: Received IBS_SLEEP_IND: 0xFE
2025-09-16 13:38:41.769   963-23771 vendor.qti...bs_handler and...are.bluetooth@1.0-service-qti  D  SerialClockVote: vote for UART CLK OFF
2025-09-16 13:38:41.919   963-23752 vendor.qti...-wake_lock and...are.bluetooth@1.0-service-qti  D  Release wakelock is released 
2025-09-16 13:38:42.051  1305-1758  BatteryStatsImpl        system_server                        I  set timeToFullsIndexMax = 3
2025-09-16 13:38:42.056  1305-1734  AlarmManager            system_server                        W  Unrecognized alarm listener com.android.server.OpPowerControllerService$tsu@dab256d
2025-09-16 13:38:42.060 30462-30462 OpUtils                 com.android.systemui                 I  isSupportWarpCharging:false
2025-09-16 13:38:42.060 30462-30462 OpSWarpChargingView     com.android.systemui                 D  level is same as latest one [100]
2025-09-16 13:38:42.100 30462-30462 KeyguardUpdateMonitor   com.android.systemui                 D  received broadcast android.intent.action.BATTERY_CHANGED
2025-09-16 13:38:42.100 30462-30462 OpUtils                 com.android.systemui                 I  isSupportWarpCharging:false
2025-09-16 13:38:42.100 30462-30462 KeyguardUpdateMonitor   com.android.systemui                 D  pdCharge false, chargingstatus 0, fastcharge:0
2025-09-16 13:38:42.110  3107-3107  DeviceStatisticsService com...m.qti.devicestatisticsservice  D  chargerType=2 batteryLevel=100 totalBatteryCapacity=2538900
2025-09-16 13:38:42.843  1099-1157  surfaceflinger          surfaceflinger                       E  [frame_perf] perfboost open boost file failed
2025-09-16 13:38:42.843  1099-1157  surfaceflinger          surfaceflinger                       E  [frame_perf] AutoBoostStrategyQuery fd<0 failed, errno=Inappropriate ioctl for device
2025-09-16 13:38:42.843  1099-1157  surfaceflinger          surfaceflinger                       E  [frame_perf] AutoBoostConfigQuery fd<0 failed, errno=Inappropriate ioctl for device
2025-09-16 13:38:42.955  1689-1837  QMI_FW                  qcrild                               E  qmi_cci_get_ref: ref count increased 2
2025-09-16 13:38:42.956  1689-1757  QMI_FW                  qcrild                               E  qmi_cci_get_ref: ref count increased 2
2025-09-16 13:38:42.987  3143-3143  PhoneInterfaceManager   com.android.phone                    D  [PhoneIntfMgr] getPhoneFromSubId: 1
2025-09-16 13:38:42.991  1689-1757  QMI_FW                  qcrild                               E  qmi_cci_get_ref: ref count increased 2
2025-09-16 13:38:42.993  1689-1757  QMI_FW                  qcrild                               E  qmi_cci_get_ref: ref count increased 2
2025-09-16 13:38:43.002  3143-3143  MDM-OPMdmListener       com.android.phone                    D  onCellInfoChanged the cellInfo changed phoneId 0
2025-09-16 13:38:43.625 23624-17531 BtGatt.GattService      com.android.bluetooth                D  beginReliableWrite() - address=F0:D7:8F:4D:80:82
2025-09-16 13:38:43.625 22920-22920 BdcWriteGe...eOperation com.remoticom.energynodeinset        D  STARTED
2025-09-16 13:38:43.626 22920-22920 BdcWriteGe...eOperation com.remoticom.energynodeinset        D  currentMtu=40, maxPayload=37
2025-09-16 13:38:43.626 22920-22920 BdcWriteGe...eOperation com.remoticom.energynodeinset        W  MTU below 69, using small frame mode
2025-09-16 13:38:43.628 23624-23773 bt_stack                com.android.bluetooth                V  [VERBOSE1:bta_gattc_main.cc(361)] bta_gattc_hdl_event: Event:BTA_GATTC_API_WRITE_EVT
2025-09-16 13:38:43.628 23624-23773 bt_stack                com.android.bluetooth                V  [VERBOSE1:bta_gattc_main.cc(305)] bta_gattc_sm_execute: State 0x02 [GATTC_CONN_ST], Event 0x1f05[BTA_GATTC_API_WRITE_EVT]
2025-09-16 13:38:43.628 23624-23773 bt_stack                com.android.bluetooth                V  [VERBOSE1:gatt_cl.cc(338)] gatt_send_prepare_write type=0x3
2025-09-16 13:38:43.628 23624-23773 bt_stack                com.android.bluetooth                V  [VERBOSE1:gatt_cl.cc(352)] offset =0x0 len=1
2025-09-16 13:38:43.628 23624-23773 bt_stack                com.android.bluetooth                V  [VERBOSE1:bta_gattc_main.cc(341)] bta_gattc_sm_execute: GATTC State Change: 0x02 -> 0x02 after Event 0x1f05
2025-09-16 13:38:43.629   963-963   vendor.qti...bs_handler and...are.bluetooth@1.0-service-qti  D  SerialClockVote: vote for UART CLK ON
2025-09-16 13:38:43.629   963-963   vendor.qti...-wake_lock and...are.bluetooth@1.0-service-qti  D  Acquire wakelock is acquired 
2025-09-16 13:38:43.629   963-963   vendor.qti...bs_handler and...are.bluetooth@1.0-service-qti  I  DeviceWakeUp: Writing IBS_WAKE_IND
2025-09-16 13:38:43.630   963-23771 vendor.qti...bs_handler and...are.bluetooth@1.0-service-qti  I  ProcessIbsCmd: Received IBS_WAKE_ACK: 0xFC
2025-09-16 13:38:43.630   963-23771 vendor.qti...bs_handler and...are.bluetooth@1.0-service-qti  I  ProcessIbsCmd: Signal wack_cond_
2025-09-16 13:38:43.630   963-963   vendor.qti...bs_handler and...are.bluetooth@1.0-service-qti  D  DeviceWakeUp: Unblocked from waiting for FC
2025-09-16 13:38:43.643  1099-21666 surfaceflinger          surfaceflinger                       E  [frame_perf] perfboost open boost file failed
2025-09-16 13:38:43.654  1099-1468  surfaceflinger          surfaceflinger                       E  [frame_perf] perfboost open boost file failed
2025-09-16 13:38:43.701  1099-21666 surfaceflinger          surfaceflinger                       E  [frame_perf] perfboost open boost file failed
2025-09-16 13:38:43.702  1099-1468  surfaceflinger          surfaceflinger                       E  [frame_perf] perfboost open boost file failed
2025-09-16 13:38:43.818  1099-21666 surfaceflinger          surfaceflinger                       E  [frame_perf] perfboost open boost file failed
2025-09-16 13:38:43.819  1099-1468  surfaceflinger          surfaceflinger                       E  [frame_perf] perfboost open boost file failed
2025-09-16 13:38:43.853  1099-21666 surfaceflinger          surfaceflinger                       E  [frame_perf] perfboost open boost file failed
2025-09-16 13:38:43.854  1099-1156  surfaceflinger          surfaceflinger                       E  [frame_perf] perfboost open boost file failed
2025-09-16 13:38:43.920  1099-21666 surfaceflinger          surfaceflinger                       E  [frame_perf] perfboost open boost file failed
2025-09-16 13:38:43.924  1099-3321  surfaceflinger          surfaceflinger                       E  [frame_perf] perfboost open boost file failed
2025-09-16 13:38:43.986  1099-21666 surfaceflinger          surfaceflinger                       E  [frame_perf] perfboost open boost file failed
2025-09-16 13:38:43.986  1099-1156  surfaceflinger          surfaceflinger                       E  [frame_perf] perfboost open boost file failed
2025-09-16 13:38:44.020  1099-21666 surfaceflinger          surfaceflinger                       E  [frame_perf] perfboost open boost file failed
2025-09-16 13:38:44.021  1099-1156  surfaceflinger          surfaceflinger                       E  [frame_perf] perfboost open boost file failed
2025-09-16 13:38:44.119  1099-21666 surfaceflinger          surfaceflinger                       E  [frame_perf] perfboost open boost file failed
2025-09-16 13:38:44.120  1099-1468  surfaceflinger          surfaceflinger                       E  [frame_perf] perfboost open boost file failed
2025-09-16 13:38:44.203  1099-21666 surfaceflinger          surfaceflinger                       E  [frame_perf] perfboost open boost file failed
2025-09-16 13:38:44.203  1099-1468  surfaceflinger          surfaceflinger                       E  [frame_perf] perfboost open boost file failed
2025-09-16 13:38:44.403  1099-21666 surfaceflinger          surfaceflinger                       E  [frame_perf] perfboost open boost file failed
2025-09-16 13:38:44.404  1099-3321  surfaceflinger          surfaceflinger                       E  [frame_perf] perfboost open boost file failed
