2025-09-16 13:38:44.458  3143-3143  MDM-DataTr...eedTracker com.android.phone                    D  onDataActivity: isNewTxEvent = false, isNewRxEvent = false, isTxEndEvent = true, isRxEndEvent = true
2025-09-16 13:38:44.458  3143-3143  MDM-DataTr...eedTracker com.android.phone                    D  updateTransferSpeedData: isTx = true
2025-09-16 13:38:44.459  3143-3143  MDM-DataTr...eedTracker com.android.phone                    D  updateTransferSpeedData: mCurDdsSimNetworkClass = 2, currentTxBytes = 66376258, incrementTxBytes = 393, transferTxSpeed = 131
2025-09-16 13:38:44.459  3143-3143  MDM-DataTr...eedTracker com.android.phone                    D  getBucketIndexByBelongingRange: index = 0, transferSpeed = 131
2025-09-16 13:38:44.459  3143-3143  MDM-DataTr...eedTracker com.android.phone                    D  updateTransferSpeedData: isTx = false
2025-09-16 13:38:44.459 30462-30498 NetworkCon...troller(1) com.android.systemui                 D  notifyListeners, showSimLoadedFakeIcon :false
2025-09-16 13:38:44.460  3143-3143  MDM-DataTr...eedTracker com.android.phone                    D  updateTransferSpeedData: mCurDdsSimNetworkClass = 2, currentRxBytes = 1987457286, incrementRxBytes = 295, transferRxSpeed = 59
2025-09-16 13:38:44.460  3143-3143  MDM-DataTr...eedTracker com.android.phone                    D  getBucketIndexByBelongingRange: index = 0, transferSpeed = 59
2025-09-16 13:38:44.460  3143-3143  MDM-DataAc...ionManager com.android.phone                    D  onDataActivity: isNewEvent = false, isEndEvent = true
2025-09-16 13:38:44.460  3143-3143  MDM-DataAc...ionManager com.android.phone                    D  updateDataActiveDuration: original active duration = 6057825
2025-09-16 13:38:44.460  3143-3143  MDM-DataAc...ionManager com.android.phone                    D  updateDataActiveDuration: current connection time = 6060844
2025-09-16 13:38:44.630   963-23776 vendor.qti...bs_handler and...are.bluetooth@1.0-service-qti  I  DeviceSleep: TX Awake, Sending SLEEP_IND
2025-09-16 13:38:44.630   963-23776 vendor.qti...bs_handler and...are.bluetooth@1.0-service-qti  D  SerialClockVote: vote for UART CLK OFF
2025-09-16 13:38:44.635  1099-21666 surfaceflinger          surfaceflinger                       E  [frame_perf] perfboost open boost file failed
2025-09-16 13:38:44.636  1099-1156  surfaceflinger          surfaceflinger                       E  [frame_perf] perfboost open boost file failed
2025-09-16 13:38:44.736  1099-21666 surfaceflinger          surfaceflinger                       E  [frame_perf] perfboost open boost file failed
2025-09-16 13:38:44.737  1099-1156  surfaceflinger          surfaceflinger                       E  [frame_perf] perfboost open boost file failed
2025-09-16 13:38:44.781   963-23752 vendor.qti...-wake_lock and...are.bluetooth@1.0-service-qti  D  Release wakelock is released 
2025-09-16 13:38:44.787  1099-21666 surfaceflinger          surfaceflinger                       E  [frame_perf] perfboost open boost file failed
2025-09-16 13:38:44.788  1099-3321  surfaceflinger          surfaceflinger                       E  [frame_perf] perfboost open boost file failed
2025-09-16 13:38:44.921  1099-21666 surfaceflinger          surfaceflinger                       E  [frame_perf] perfboost open boost file failed
2025-09-16 13:38:44.921  1099-1468  surfaceflinger          surfaceflinger                       E  [frame_perf] perfboost open boost file failed
2025-09-16 13:38:45.036  1099-21666 surfaceflinger          surfaceflinger                       E  [frame_perf] perfboost open boost file failed
2025-09-16 13:38:45.038  1099-3321  surfaceflinger          surfaceflinger                       E  [frame_perf] perfboost open boost file failed
2025-09-16 13:38:45.138  1099-21666 surfaceflinger          surfaceflinger                       E  [frame_perf] perfboost open boost file failed
2025-09-16 13:38:45.138  1099-1468  surfaceflinger          surfaceflinger                       E  [frame_perf] perfboost open boost file failed
2025-09-16 13:38:45.271  1099-21666 surfaceflinger          surfaceflinger                       E  [frame_perf] perfboost open boost file failed
2025-09-16 13:38:45.272  1099-1156  surfaceflinger          surfaceflinger                       E  [frame_perf] perfboost open boost file failed
2025-09-16 13:38:45.305  1099-21666 surfaceflinger          surfaceflinger                       E  [frame_perf] perfboost open boost file failed
2025-09-16 13:38:45.308  1099-1156  surfaceflinger          surfaceflinger                       E  [frame_perf] perfboost open boost file failed
2025-09-16 13:38:45.468 30462-30498 NetworkCon...troller(1) com.android.systemui                 D  notifyListeners, showSimLoadedFakeIcon :false
2025-09-16 13:38:45.469  3143-3143  MDM-DataTr...eedTracker com.android.phone                    D  onDataActivity: isNewTxEvent = true, isNewRxEvent = true, isTxEndEvent = false, isRxEndEvent = false
2025-09-16 13:38:45.469  3143-3143  MDM-DataAc...ionManager com.android.phone                    D  onDataActivity: isNewEvent = true, isEndEvent = false
2025-09-16 13:38:45.470  3143-3143  MDM-DataAc...ionManager com.android.phone                    D  getCurrentSimMccMnc: current SIM mccmnc = [*20416, null]
2025-09-16 13:38:45.488  1099-21666 surfaceflinger          surfaceflinger                       E  [frame_perf] perfboost open boost file failed
2025-09-16 13:38:45.489  1099-1468  surfaceflinger          surfaceflinger                       E  [frame_perf] perfboost open boost file failed
2025-09-16 13:38:45.554  1099-21666 surfaceflinger          surfaceflinger                       E  [frame_perf] perfboost open boost file failed
2025-09-16 13:38:45.554  1099-1156  surfaceflinger          surfaceflinger                       E  [frame_perf] perfboost open boost file failed
2025-09-16 13:38:45.571  1099-21666 surfaceflinger          surfaceflinger                       E  [frame_perf] perfboost open boost file failed
2025-09-16 13:38:45.571  1099-3321  surfaceflinger          surfaceflinger                       E  [frame_perf] perfboost open boost file failed
2025-09-16 13:38:45.605  1099-21666 surfaceflinger          surfaceflinger                       E  [frame_perf] perfboost open boost file failed
2025-09-16 13:38:45.606  1099-1156  surfaceflinger          surfaceflinger                       E  [frame_perf] perfboost open boost file failed
2025-09-16 13:38:45.615 19804-19804 ThreadPoolForeg         com.google.android.gms.persistent    W  type=1400 audit(0.0:65790): avc: denied { write } for name="traced_producer" dev="tmpfs" ino=27372 scontext=u:r:gmscore_app:s0:c512,c768 tcontext=u:object_r:traced_producer_socket:s0 tclass=sock_file permissive=0 app=com.google.android.gms
2025-09-16 13:38:45.755  1099-21666 surfaceflinger          surfaceflinger                       E  [frame_perf] perfboost open boost file failed
2025-09-16 13:38:45.756  1099-1468  surfaceflinger          surfaceflinger                       E  [frame_perf] perfboost open boost file failed
2025-09-16 13:38:45.773  1099-21666 surfaceflinger          surfaceflinger                       E  [frame_perf] perfboost open boost file failed
2025-09-16 13:38:45.773  1099-3321  surfaceflinger          surfaceflinger                       E  [frame_perf] perfboost open boost file failed
2025-09-16 13:38:45.872  1099-21666 surfaceflinger          surfaceflinger                       E  [frame_perf] perfboost open boost file failed
2025-09-16 13:38:45.874  1099-3321  surfaceflinger          surfaceflinger                       E  [frame_perf] perfboost open boost file failed
2025-09-16 13:38:45.885 19879-19879 ThreadPoolForeg         com.google.android.gms               W  type=1400 audit(0.0:65791): avc: denied { write } for name="traced_producer" dev="tmpfs" ino=27372 scontext=u:r:gmscore_app:s0:c512,c768 tcontext=u:object_r:traced_producer_socket:s0 tclass=sock_file permissive=0 app=com.google.android.gms
2025-09-16 13:38:46.121  1099-21666 surfaceflinger          surfaceflinger                       E  [frame_perf] perfboost open boost file failed
2025-09-16 13:38:46.123  1099-1468  surfaceflinger          surfaceflinger                       E  [frame_perf] perfboost open boost file failed
2025-09-16 13:38:46.206  1099-21666 surfaceflinger          surfaceflinger                       E  [frame_perf] perfboost open boost file failed
2025-09-16 13:38:46.206  1099-3321  surfaceflinger          surfaceflinger                       E  [frame_perf] perfboost open boost file failed
2025-09-16 13:38:46.323  1099-21666 surfaceflinger          surfaceflinger                       E  [frame_perf] perfboost open boost file failed
2025-09-16 13:38:46.323  1099-1156  surfaceflinger          surfaceflinger                       E  [frame_perf] perfboost open boost file failed
2025-09-16 13:38:46.373  1099-21666 surfaceflinger          surfaceflinger                       E  [frame_perf] perfboost open boost file failed
2025-09-16 13:38:46.373  1099-3321  surfaceflinger          surfaceflinger                       E  [frame_perf] perfboost open boost file failed
2025-09-16 13:38:46.481  3143-3143  MDM-DataTr...eedTracker com.android.phone                    D  onDataActivity: isNewTxEvent = false, isNewRxEvent = false, isTxEndEvent = true, isRxEndEvent = true
2025-09-16 13:38:46.481  3143-3143  MDM-DataTr...eedTracker com.android.phone                    D  updateTransferSpeedData: isTx = true
2025-09-16 13:38:46.482 30462-30498 NetworkCon...troller(1) com.android.systemui                 D  notifyListeners, showSimLoadedFakeIcon :false
2025-09-16 13:38:46.484  3143-3143  MDM-DataTr...eedTracker com.android.phone                    D  updateTransferSpeedData: mCurDdsSimNetworkClass = 2, currentTxBytes = 66376541, incrementTxBytes = 283, transferTxSpeed = 283
2025-09-16 13:38:46.484  3143-3143  MDM-DataTr...eedTracker com.android.phone                    D  getBucketIndexByBelongingRange: index = 0, transferSpeed = 283
2025-09-16 13:38:46.484  3143-3143  MDM-DataTr...eedTracker com.android.phone                    D  updateTransferSpeedData: isTx = false
2025-09-16 13:38:46.485  3143-3143  MDM-DataTr...eedTracker com.android.phone                    D  updateTransferSpeedData: mCurDdsSimNetworkClass = 2, currentRxBytes = 1987457525, incrementRxBytes = 239, transferRxSpeed = 34
2025-09-16 13:38:46.485  3143-3143  MDM-DataTr...eedTracker com.android.phone                    D  getBucketIndexByBelongingRange: index = 0, transferSpeed = 34
2025-09-16 13:38:46.485  3143-3143  MDM-DataAc...ionManager com.android.phone                    D  onDataActivity: isNewEvent = false, isEndEvent = true
2025-09-16 13:38:46.486  3143-3143  MDM-DataAc...ionManager com.android.phone                    D  updateDataActiveDuration: original active duration = 6060844
2025-09-16 13:38:46.486  3143-3143  MDM-DataAc...ionManager com.android.phone                    D  updateDataActiveDuration: current connection time = 6061860
2025-09-16 13:38:46.540  1099-21666 surfaceflinger          surfaceflinger                       E  [frame_perf] perfboost open boost file failed
2025-09-16 13:38:46.540  1099-1873  surfaceflinger          surfaceflinger                       E  [frame_perf] perfboost open boost file failed
2025-09-16 13:38:46.674  1099-21666 surfaceflinger          surfaceflinger                       E  [frame_perf] perfboost open boost file failed
2025-09-16 13:38:46.674  1099-1873  surfaceflinger          surfaceflinger                       E  [frame_perf] perfboost open boost file failed
2025-09-16 13:38:46.723  1099-21666 surfaceflinger          surfaceflinger                       E  [frame_perf] perfboost open boost file failed
2025-09-16 13:38:46.724  1099-1873  surfaceflinger          surfaceflinger                       E  [frame_perf] perfboost open boost file failed
2025-09-16 13:38:46.741  1099-21666 surfaceflinger          surfaceflinger                       E  [frame_perf] perfboost open boost file failed
2025-09-16 13:38:46.741  1099-1156  surfaceflinger          surfaceflinger                       E  [frame_perf] perfboost open boost file failed
2025-09-16 13:38:46.840  1099-21666 surfaceflinger          surfaceflinger                       E  [frame_perf] perfboost open boost file failed
2025-09-16 13:38:46.841  1099-1156  surfaceflinger          surfaceflinger                       E  [frame_perf] perfboost open boost file failed
2025-09-16 13:38:47.075  1099-21666 surfaceflinger          surfaceflinger                       E  [frame_perf] perfboost open boost file failed
2025-09-16 13:38:47.075  1099-1468  surfaceflinger          surfaceflinger                       E  [frame_perf] perfboost open boost file failed
2025-09-16 13:38:47.275  1099-21666 surfaceflinger          surfaceflinger                       E  [frame_perf] perfboost open boost file failed
2025-09-16 13:38:47.275  1099-1156  surfaceflinger          surfaceflinger                       E  [frame_perf] perfboost open boost file failed
2025-09-16 13:38:47.509  1099-21666 surfaceflinger          surfaceflinger                       E  [frame_perf] perfboost open boost file failed
2025-09-16 13:38:47.509  1099-1873  surfaceflinger          surfaceflinger                       E  [frame_perf] perfboost open boost file failed
2025-09-16 13:38:47.575  1099-21666 surfaceflinger          surfaceflinger                       E  [frame_perf] perfboost open boost file failed
2025-09-16 13:38:47.577  1099-1468  surfaceflinger          surfaceflinger                       E  [frame_perf] perfboost open boost file failed
2025-09-16 13:38:47.642  1099-21666 surfaceflinger          surfaceflinger                       E  [frame_perf] perfboost open boost file failed
2025-09-16 13:38:47.643  1099-1873  surfaceflinger          surfaceflinger                       E  [frame_perf] perfboost open boost file failed
2025-09-16 13:38:47.758  1099-21666 surfaceflinger          surfaceflinger                       E  [frame_perf] perfboost open boost file failed
2025-09-16 13:38:47.759  1099-1873  surfaceflinger          surfaceflinger                       E  [frame_perf] perfboost open boost file failed
2025-09-16 13:38:47.830  1689-1837  QMI_FW                  qcrild                               E  qmi_cci_get_ref: ref count increased 2
2025-09-16 13:38:47.833  1689-1757  QMI_FW                  qcrild                               E  qmi_cci_get_ref: ref count increased 2
2025-09-16 13:38:47.842  1099-21666 surfaceflinger          surfaceflinger                       E  [frame_perf] perfboost open boost file failed
2025-09-16 13:38:47.843  1099-1468  surfaceflinger          surfaceflinger                       E  [frame_perf] perfboost open boost file failed
2025-09-16 13:38:47.853 23624-29528 HeadsetPhoneState       com.android.bluetooth                D  Updating the signal strength change to the apps
2025-09-16 13:38:47.853 23624-29528 HeadsetPhoneState       com.android.bluetooth                D  sendDeviceStateChanged. mService=1 mIsSimStateLoaded=true mSignal=5 mRoam=0 mBatteryCharge=5
2025-09-16 13:38:47.853 23624-29528 HeadsetStateMachine     com.android.bluetooth                E  returning mCurrentState as Connected
2025-09-16 13:38:47.855 23624-29528 HeadsetStateMachine     com.android.bluetooth                D  handleMessage: E msg.what=10
2025-09-16 13:38:47.855 23624-29528 HeadsetStateMachine     com.android.bluetooth                D  processMsg: Connected
2025-09-16 13:38:47.857 23624-23773 bt_btif                 com.android.bluetooth                D  bta_ag_api_result: p_scb 0x763fb928 
2025-09-16 13:38:47.857 23624-23773 bt_btif                 com.android.bluetooth                D  bta_ag_hfp_result : res = 5
2025-09-16 13:38:47.857 23624-23773 bt_btif                 com.android.bluetooth                D  bta_ag_send_ind: p_scb->call_ind 0 .
2025-09-16 13:38:47.857 23624-23773 bt_btif                 com.android.bluetooth                D  bta_ag_api_result: p_scb 0x763fb928 
2025-09-16 13:38:47.857 23624-23773 bt_btif                 com.android.bluetooth                D  bta_ag_hfp_result : res = 5
2025-09-16 13:38:47.857 23624-23773 bt_btif                 com.android.bluetooth                D  bta_ag_send_ind: p_scb->call_ind 0 .
2025-09-16 13:38:47.857 23624-23773 bt_btif                 com.android.bluetooth                D  bta_ag_api_result: p_scb 0x763fb928 
2025-09-16 13:38:47.857 23624-23773 bt_btif                 com.android.bluetooth                D  bta_ag_hfp_result : res = 5
2025-09-16 13:38:47.857 23624-23773 bt_btif                 com.android.bluetooth                D  bta_ag_send_ind: p_scb->call_ind 0 .
2025-09-16 13:38:47.857 23624-23773 bt_btif                 com.android.bluetooth                D  bta_ag_send_ind: p_scb->call_ind 0, p_scb->callsetup_ind 0, p_scb->callheld_ind 0
2025-09-16 13:38:47.857 23624-23773 bt_btif                 com.android.bluetooth                D  bta_ag_api_result: p_scb 0x763fb928 
2025-09-16 13:38:47.857 23624-23773 bt_btif                 com.android.bluetooth                D  bta_ag_hfp_result : res = 5
2025-09-16 13:38:47.857 23624-23773 bt_btif                 com.android.bluetooth                D  bta_ag_send_ind: p_scb->call_ind 0 .
2025-09-16 13:38:47.858 23624-29528 HeadsetStateMachine     com.android.bluetooth                D  handleMessage: X
2025-09-16 13:38:47.858   963-963   vendor.qti...bs_handler and...are.bluetooth@1.0-service-qti  D  SerialClockVote: vote for UART CLK ON
2025-09-16 13:38:47.858   963-963   vendor.qti...-wake_lock and...are.bluetooth@1.0-service-qti  D  Acquire wakelock is acquired 
2025-09-16 13:38:47.858   963-963   vendor.qti...bs_handler and...are.bluetooth@1.0-service-qti  I  DeviceWakeUp: Writing IBS_WAKE_IND
2025-09-16 13:38:47.859   963-23771 vendor.qti...bs_handler and...are.bluetooth@1.0-service-qti  I  ProcessIbsCmd: Received IBS_WAKE_ACK: 0xFC
2025-09-16 13:38:47.860   963-23771 vendor.qti...bs_handler and...are.bluetooth@1.0-service-qti  I  ProcessIbsCmd: Signal wack_cond_
2025-09-16 13:38:47.860   963-963   vendor.qti...bs_handler and...are.bluetooth@1.0-service-qti  D  DeviceWakeUp: Unblocked from waiting for FC
2025-09-16 13:38:47.863   963-23771 vendor.qti...bs_handler and...are.bluetooth@1.0-service-qti  I  ProcessIbsCmd: Received IBS_WAKE_IND: 0xFD
2025-09-16 13:38:47.863   963-23771 vendor.qti...bs_handler and...are.bluetooth@1.0-service-qti  I  ProcessIbsCmd: Writing IBS_WAKE_ACK
2025-09-16 13:38:47.896  3143-3143  PhoneInterfaceManager   com.android.phone                    D  [PhoneIntfMgr] getPhoneFromSubId: 1
2025-09-16 13:38:47.903   963-23771 vendor.qti...bs_handler and...are.bluetooth@1.0-service-qti  I  ProcessIbsCmd: Received IBS_SLEEP_IND: 0xFE
2025-09-16 13:38:47.904  1689-1757  QMI_FW                  qcrild                               E  qmi_cci_get_ref: ref count increased 2
2025-09-16 13:38:47.906  1689-1757  QMI_FW                  qcrild                               E  qmi_cci_get_ref: ref count increased 2
2025-09-16 13:38:47.915  3143-3143  MDM-OPMdmListener       com.android.phone                    D  onCellInfoChanged the cellInfo changed phoneId 0
2025-09-16 13:38:47.958  1099-21666 surfaceflinger          surfaceflinger                       E  [frame_perf] perfboost open boost file failed
2025-09-16 13:38:47.960  1099-1873  surfaceflinger          surfaceflinger                       E  [frame_perf] perfboost open boost file failed
2025-09-16 13:38:48.010  1099-21666 surfaceflinger          surfaceflinger                       E  [frame_perf] perfboost open boost file failed
2025-09-16 13:38:48.011  1099-1873  surfaceflinger          surfaceflinger                       E  [frame_perf] perfboost open boost file failed
2025-09-16 13:38:48.018   963-23771 vendor.qti...bs_handler and...are.bluetooth@1.0-service-qti  I  ProcessIbsCmd: Received IBS_WAKE_IND: 0xFD
2025-09-16 13:38:48.018   963-23771 vendor.qti...bs_handler and...are.bluetooth@1.0-service-qti  I  ProcessIbsCmd: Writing IBS_WAKE_ACK
2025-09-16 13:38:48.020 23624-23773 bt_stack                com.android.bluetooth                I  [INFO:btsnoop.cc(427)] clear_l2cap_whitelist: Clearing whitelist from l2cap channel. conn_handle=17 cid=4:4
2025-09-16 13:38:48.020 23624-23773 bt_stack                com.android.bluetooth                V  [VERBOSE1:gatt_main.cc(461)] GATT   ATT protocol channel with BDA: f0:d7:8f:4d:80:82 is disconnected
2025-09-16 13:38:48.021 23624-23773 bt_stack                com.android.bluetooth                V  [VERBOSE1:gatt_utils.cc(312)] gatt_is_bda_in_the_srv_chg_clt_list: f0:d7:8f:4d:80:82
2025-09-16 13:38:48.021 23624-23773 bt_stack                com.android.bluetooth                V  [VERBOSE1:gatt_utils.cc(1247)] gatt_cleanup_upon_disc
2025-09-16 13:38:48.021 23624-23773 bt_stack                com.android.bluetooth                V  [VERBOSE1:gatt_main.cc(1077)] gatt_set_ch_state: old=4 new=0000
2025-09-16 13:38:48.021 23624-23773 bt_stack                com.android.bluetooth                V  [VERBOSE1:gatt_utils.cc(1258)] found p_clcb conn_id=9
2025-09-16 13:38:48.021 23624-23773 bt_stack                com.android.bluetooth                V  [VERBOSE1:gatt_utils.cc(1191)] gatt_end_operation status=133 op=3 subtype=3
2025-09-16 13:38:48.021 23624-23773 bt_stack                com.android.bluetooth                V  [VERBOSE1:gatt_utils.cc(1212)] Rcv Prepare write rsp but no data
2025-09-16 13:38:48.021 23624-23773 bt_stack                com.android.bluetooth                V  [VERBOSE1:bta_gattc_act.cc(1483)] bta_gattc_cmpl_cback: conn_id:9 op:3 status:133
2025-09-16 13:38:48.021 23624-23773 bt_stack                com.android.bluetooth                V  [VERBOSE1:gatt_utils.cc(92)] gatt_free_pending_ind
2025-09-16 13:38:48.022 23624-23773 bt_stack                com.android.bluetooth                V  [VERBOSE1:gatt_utils.cc(1279)] found p_reg tcb_idx=0 gatt_if=1  conn_id=0x1
2025-09-16 13:38:48.022 23624-23773 bt_stack                com.android.bluetooth                V  [VERBOSE1:gatt_attr.cc(245)] gatt_connect_cback: from f0:d7:8f:4d:80:82 connected: 0, conn_id: 0x0001reason: 0x0008
2025-09-16 13:38:48.022 23624-23773 bt_stack                com.android.bluetooth                V  [VERBOSE1:gatt_utils.cc(1279)] found p_reg tcb_idx=0 gatt_if=2  conn_id=0x2
2025-09-16 13:38:48.022 23624-23773 bt_stack                com.android.bluetooth                V  [VERBOSE1:gatt_utils.cc(1279)] found p_reg tcb_idx=0 gatt_if=3  conn_id=0x3
2025-09-16 13:38:48.031 23624-23773 bt_stack                com.android.bluetooth                W  [WARNING:bta_gattc_act.cc(1086)] bta_gattc_conn_cback: cif=3 connected=0 conn_id=0x0003 reason=0x0008
2025-09-16 13:38:48.031 23624-23773 bt_stack                com.android.bluetooth                V  [VERBOSE1:gatt_utils.cc(1279)] found p_reg tcb_idx=0 gatt_if=4  conn_id=0x4
2025-09-16 13:38:48.031 23624-23773 bt_stack                com.android.bluetooth                W  [WARNING:bta_gattc_act.cc(1086)] bta_gattc_conn_cback: cif=4 connected=0 conn_id=0x0004 reason=0x0008
2025-09-16 13:38:48.031 23624-23773 bt_stack                com.android.bluetooth                V  [VERBOSE1:gatt_utils.cc(1279)] found p_reg tcb_idx=0 gatt_if=5  conn_id=0x5
2025-09-16 13:38:48.031 23624-23773 bt_stack                com.android.bluetooth                W  [WARNING:bta_gattc_act.cc(1086)] bta_gattc_conn_cback: cif=5 connected=0 conn_id=0x0005 reason=0x0008
2025-09-16 13:38:48.031 23624-23773 bt_stack                com.android.bluetooth                V  [VERBOSE1:gatt_utils.cc(1279)] found p_reg tcb_idx=0 gatt_if=6  conn_id=0x6
2025-09-16 13:38:48.031 23624-23773 bt_stack                com.android.bluetooth                W  [WARNING:bta_gattc_act.cc(1086)] bta_gattc_conn_cback: cif=6 connected=0 conn_id=0x0006 reason=0x0008
2025-09-16 13:38:48.031 23624-23773 bt_stack                com.android.bluetooth                V  [VERBOSE1:gatt_utils.cc(1279)] found p_reg tcb_idx=0 gatt_if=7  conn_id=0x7
2025-09-16 13:38:48.031 23624-23773 bt_stack                com.android.bluetooth                W  [WARNING:bta_gattc_act.cc(1086)] bta_gattc_conn_cback: cif=7 connected=0 conn_id=0x0007 reason=0x0008
2025-09-16 13:38:48.032 23624-23773 bt_stack                com.android.bluetooth                V  [VERBOSE1:gatt_utils.cc(1279)] found p_reg tcb_idx=0 gatt_if=8  conn_id=0x8
2025-09-16 13:38:48.032 23624-23773 bt_stack                com.android.bluetooth                W  [WARNING:bta_gattc_act.cc(1086)] bta_gattc_conn_cback: cif=8 connected=0 conn_id=0x0008 reason=0x0008
2025-09-16 13:38:48.032 23624-23773 bt_stack                com.android.bluetooth                V  [VERBOSE1:gatt_utils.cc(1279)] found p_reg tcb_idx=0 gatt_if=9  conn_id=0x9
2025-09-16 13:38:48.032 23624-23773 bt_stack                com.android.bluetooth                W  [WARNING:bta_gattc_act.cc(1086)] bta_gattc_conn_cback: cif=9 connected=0 conn_id=0x0009 reason=0x0008
2025-09-16 13:38:48.032 23624-23773 bt_stack                com.android.bluetooth                V  [VERBOSE1:gatt_utils.cc(1287)] gatt_cleanup_upon_disc: exit
2025-09-16 13:38:48.032 23624-23773 bt_stack                com.android.bluetooth                V  [VERBOSE1:gatt_main.cc(474)] ATT disconnected
2025-09-16 13:38:48.032 23624-23773 bt_btm_sec              com.android.bluetooth                I  btm_sec_disconnected clearing pending flag handle:17 reason:8
2025-09-16 13:38:48.032 23624-23773 bt_stack                com.android.bluetooth                I  [INFO:btm_ble_bgconn.cc(420)] Already connection initiated (or) No Pending connections(or) Resources of lcb are exhausted
2025-09-16 13:38:48.033 23624-23773 bt_stack                com.android.bluetooth                V  [VERBOSE1:bta_gattc_main.cc(361)] bta_gattc_hdl_event: Event:BTA_GATTC_OP_CMPL_EVT
2025-09-16 13:38:48.033 23624-23773 bt_stack                com.android.bluetooth                V  [VERBOSE1:bta_gattc_main.cc(305)] bta_gattc_sm_execute: State 0x02 [GATTC_CONN_ST], Event 0x1f0f[BTA_GATTC_OP_CMPL_EVT]
2025-09-16 13:38:48.033 23624-23773 bt_stack                com.android.bluetooth                V  [VERBOSE1:bta_gattc_act.cc(962)] bta_gattc_op_cmpl: op:3
2025-09-16 13:38:48.033 23624-23773 bt_stack                com.android.bluetooth                V  [VERBOSE1:bta_gattc_main.cc(341)] bta_gattc_sm_execute: GATTC State Change: 0x02 -> 0x02 after Event 0x1f0f
2025-09-16 13:38:48.033 23624-23773 bt_stack                com.android.bluetooth                V  [VERBOSE1:bta_gattc_main.cc(361)] bta_gattc_hdl_event: Event:BTA_GATTC_INT_DISCONN_EVT
2025-09-16 13:38:48.033 23624-23773 bt_stack                com.android.bluetooth                V  [VERBOSE1:bta_gattc_utils.cc(678)]  disconnection ID:3 not used by BTA
2025-09-16 13:38:48.033 23624-23773 bt_stack                com.android.bluetooth                V  [VERBOSE1:bta_gattc_main.cc(385)] Ignore unknown conn ID: 3
2025-09-16 13:38:48.033 23624-23773 bt_stack                com.android.bluetooth                V  [VERBOSE1:bta_gattc_main.cc(361)] bta_gattc_hdl_event: Event:BTA_GATTC_INT_DISCONN_EVT
2025-09-16 13:38:48.033 23624-23773 bt_stack                com.android.bluetooth                V  [VERBOSE1:bta_gattc_utils.cc(678)]  disconnection ID:4 not used by BTA
2025-09-16 13:38:48.033 23624-23773 bt_stack                com.android.bluetooth                V  [VERBOSE1:bta_gattc_main.cc(385)] Ignore unknown conn ID: 4
2025-09-16 13:38:48.033 23624-23773 bt_stack                com.android.bluetooth                V  [VERBOSE1:bta_gattc_main.cc(361)] bta_gattc_hdl_event: Event:BTA_GATTC_INT_DISCONN_EVT
2025-09-16 13:38:48.033 23624-23773 bt_stack                com.android.bluetooth                V  [VERBOSE1:bta_gattc_utils.cc(678)]  disconnection ID:5 not used by BTA
2025-09-16 13:38:48.033 23624-23773 bt_stack                com.android.bluetooth                V  [VERBOSE1:bta_gattc_main.cc(385)] Ignore unknown conn ID: 5
2025-09-16 13:38:48.034 23624-23773 bt_stack                com.android.bluetooth                V  [VERBOSE1:bta_gattc_main.cc(361)] bta_gattc_hdl_event: Event:BTA_GATTC_INT_DISCONN_EVT
2025-09-16 13:38:48.034 23624-23773 bt_stack                com.android.bluetooth                V  [VERBOSE1:bta_gattc_utils.cc(678)]  disconnection ID:6 not used by BTA
2025-09-16 13:38:48.034 23624-23773 bt_stack                com.android.bluetooth                V  [VERBOSE1:bta_gattc_main.cc(385)] Ignore unknown conn ID: 6
2025-09-16 13:38:48.034 23624-23773 bt_stack                com.android.bluetooth                V  [VERBOSE1:bta_gattc_main.cc(361)] bta_gattc_hdl_event: Event:BTA_GATTC_INT_DISCONN_EVT
2025-09-16 13:38:48.034 23624-23773 bt_stack                com.android.bluetooth                V  [VERBOSE1:bta_gattc_utils.cc(678)]  disconnection ID:7 not used by BTA
2025-09-16 13:38:48.034 23624-23773 bt_stack                com.android.bluetooth                V  [VERBOSE1:bta_gattc_main.cc(385)] Ignore unknown conn ID: 7
2025-09-16 13:38:48.034 23624-23773 bt_stack                com.android.bluetooth                V  [VERBOSE1:bta_gattc_main.cc(361)] bta_gattc_hdl_event: Event:BTA_GATTC_INT_DISCONN_EVT
2025-09-16 13:38:48.034 23624-23773 bt_stack                com.android.bluetooth                V  [VERBOSE1:bta_gattc_utils.cc(678)]  disconnection ID:8 not used by BTA
2025-09-16 13:38:48.034 23624-23773 bt_stack                com.android.bluetooth                V  [VERBOSE1:bta_gattc_main.cc(385)] Ignore unknown conn ID: 8
2025-09-16 13:38:48.034 23624-23773 bt_stack                com.android.bluetooth                V  [VERBOSE1:bta_gattc_main.cc(361)] bta_gattc_hdl_event: Event:BTA_GATTC_INT_DISCONN_EVT
2025-09-16 13:38:48.034 23624-23773 bt_stack                com.android.bluetooth                V  [VERBOSE1:bta_gattc_main.cc(305)] bta_gattc_sm_execute: State 0x02 [GATTC_CONN_ST], Event 0x1f10[BTA_GATTC_INT_DISCONN_EVT]
2025-09-16 13:38:48.034 23624-23773 bt_stack                com.android.bluetooth                V  [VERBOSE1:bta_gattc_act.cc(564)] bta_gattc_close: conn_id=0x0009
2025-09-16 13:38:48.035 23624-23773 bt_stack                com.android.bluetooth                V  [VERBOSE1:bta_gattc_main.cc(341)] bta_gattc_sm_execute: GATTC State Change: 0x02 -> 0x00 after Event 0x1f10
2025-09-16 13:38:48.035 23624-23773 bt_l2cap                com.android.bluetooth                W  L2CA_SetDesireRole() new:x0, disallow_switch:0
2025-09-16 13:38:48.035 23624-23773 bt_stack                com.android.bluetooth                V  [VERBOSE1:btm_acl.cc(648)] BTM_SwitchRole BDA: 74:45:ce:96:e7:cb
2025-09-16 13:38:48.035 23624-23652 BtGatt.GattService      com.android.bluetooth                D  onDisconnected() - clientIf=9, connId=9, address=F0:D7:8F:4D:80:82
2025-09-16 13:38:48.036 23624-23652 bt_btif                 com.android.bluetooth                D  btif_av_move_idle: Already in IDLE
2025-09-16 13:38:48.037 22920-25385 BdcWriteGe...eOperation com.remoticom.energynodeinset        V  onCharacteristicWrite called
2025-09-16 13:38:48.037 23624-23652 BluetoothRemoteDevices  com.android.bluetooth                D  Battery level was never set or is already reset, device=F0:D7:8F:4D:80:82
2025-09-16 13:38:48.037 23624-23652 BluetoothRemoteDevices  com.android.bluetooth                D  aclStateChangeCallback: Adapter State: ON Disconnected: F0:D7:8F:4D:80:82
2025-09-16 13:38:48.037 22920-25385 BdcWriteGe...eOperation com.remoticom.energynodeinset        E  status=(133) GATT_ERROR
2025-09-16 13:38:48.038 22920-25385 BluetoothGatt           com.remoticom.energynodeinset        D  onClientConnectionState() - status=8 clientIf=9 device=F0:D7:8F:4D:80:82
2025-09-16 13:38:48.038 22920-25385 BdcWriteGe...eOperation com.remoticom.energynodeinset        V  onConnectionStateChange called
2025-09-16 13:38:48.039 22920-25385 GattConnection          com.remoticom.energynodeinset        E  status=(8) GATT connection timeout
2025-09-16 13:38:48.039 22920-25385 GattConnectionService   com.remoticom.energynodeinset        D  onConnectionStateChange address=F0:D7:8F:4D:80:82, status=(8) GATT connection timeout, newState=DISCONNECTED (0)
2025-09-16 13:38:48.039 22920-25385 GattConnectionService   com.remoticom.energynodeinset        D  state = Disconnected, error = GattError ((8) GATT connection timeout)
2025-09-16 13:38:48.040 22920-22920 GattConnectionService   com.remoticom.energynodeinset        D  Service state updated with ServiceState(device=DeviceImpl(uuid=00000000-0000-0000-0000-f0d78f4d8082, device=F0:D7:8F:4D:80:82, type=Bdc, serviceUuids=[a55d1c55-0088-ffff-0000-000000000000], health=null, state=null), characteristics=DeviceCharacteristics(general=GeneralCharacteristics(mode=STEP_DIMMING, name=????????????????????????????????????????), dim=DimCharacteristics(preset=5, steps=[DimStep(hour=9, minute=0, level=100), DimStep(hour=20, minute=30, level=75), DimStep(hour=22, minute=0, level=50), DimStep(hour=2, minute=0, level=75), DimStep(hour=3, minute=0, level=100)], level=100), dali=DaliCharacteristics(clo=null, powerLevel=null, availablePowerLevels=null, fixtureName=null, fadeTime=4), time=TimeCharacteristics(timezone=null, unixTimestamp=0, midnightOffset=60), gps=null, diagnostics=DiagnosticsCharacteristics(status=2, version=DiagnosticsVersion(firmwareVersion=Version(major=1, minor=2, patch=3, build=null), libraryVersion=Version(major=0, minor=0, patch=0, build=null))), daliBanks=null), isConnecting=false, connectionStatus=Connected, lastGattError=GattError ((133) GATT_ERROR))
2025-09-16 13:38:48.040 22920-22920 GattConnection          com.remoticom.energynodeinset        D  FINISHED
2025-09-16 13:38:48.040 22920-25385 GattConnectionService   com.remoticom.energynodeinset        D  Service state updated with ServiceState(device=DeviceImpl(uuid=00000000-0000-0000-0000-f0d78f4d8082, device=F0:D7:8F:4D:80:82, type=Bdc, serviceUuids=[a55d1c55-0088-ffff-0000-000000000000], health=null, state=null), characteristics=DeviceCharacteristics(general=GeneralCharacteristics(mode=STEP_DIMMING, name=????????????????????????????????????????), dim=DimCharacteristics(preset=5, steps=[DimStep(hour=9, minute=0, level=100), DimStep(hour=20, minute=30, level=75), DimStep(hour=22, minute=0, level=50), DimStep(hour=2, minute=0, level=75), DimStep(hour=3, minute=0, level=100)], level=100), dali=DaliCharacteristics(clo=null, powerLevel=null, availablePowerLevels=null, fixtureName=null, fadeTime=4), time=TimeCharacteristics(timezone=null, unixTimestamp=0, midnightOffset=60), gps=null, diagnostics=DiagnosticsCharacteristics(status=2, version=DiagnosticsVersion(firmwareVersion=Version(major=1, minor=2, patch=3, build=null), libraryVersion=Version(major=0, minor=0, patch=0, build=null))), daliBanks=null), isConnecting=false, connectionStatus=Disconnected, lastGattError=GattError ((8) GATT connection timeout))
2025-09-16 13:38:48.041 22920-22920 EndReliabl...eOperation com.remoticom.energynodeinset        D  STARTED
2025-09-16 13:38:48.044 30462-30498 BluetoothEventManager   com.android.systemui                 W  AclStateChangedHandler: activeDevice is null
2025-09-16 13:38:48.044  1099-21666 surfaceflinger          surfaceflinger                       E  [frame_perf] perfboost open boost file failed
2025-09-16 13:38:48.044 10489-10489 BluetoothEventManager   com.android.settings                 W  AclStateChangedHandler: activeDevice is null
2025-09-16 13:38:48.045  3014-3014  aptxalsBTEventHandler   com.qualcomm.qtil.aptxals            I  action: android.bluetooth.device.action.ACL_DISCONNECTED
2025-09-16 13:38:48.045  3014-3014  aptxalsBTControl        com.qualcomm.qtil.aptxals            I  DisconnectCb
2025-09-16 13:38:48.046 23624-17531 BtGatt.GattService      com.android.bluetooth                D  endReliableWrite() - address=F0:D7:8F:4D:80:82 execute: false
2025-09-16 13:38:48.051 20077-20077 ParkingCardBTReceiver   net.oneplus.launcher                 D  Device has disconnected
2025-09-16 13:38:48.051 23624-23624 BluetoothMapService     com.android.bluetooth                D  onReceive: android.bluetooth.device.action.ACL_DISCONNECTED
2025-09-16 13:38:48.053  1099-1873  surfaceflinger          surfaceflinger                       E  [frame_perf] perfboost open boost file failed
2025-09-16 13:38:48.059   963-23771 vendor.qti...bs_handler and...are.bluetooth@1.0-service-qti  I  ProcessIbsCmd: Received IBS_SLEEP_IND: 0xFE
2025-09-16 13:38:48.063 23624-23624 BluetoothMapService     com.android.bluetooth                I  sRemoteDevice :null device:F0:D7:8F:4D:80:82
2025-09-16 13:38:48.063 23624-23624 FastPairService         com.android.bluetooth                D  start BLE scan
2025-09-16 13:38:48.063 23624-23624 BluetoothAdapter        com.android.bluetooth                D  isLeEnabled(): ON
2025-09-16 13:38:48.070  1099-21666 surfaceflinger          surfaceflinger                       E  [frame_perf] perfboost open boost file failed
2025-09-16 13:38:48.075  1099-1873  surfaceflinger          surfaceflinger                       E  [frame_perf] perfboost open boost file failed
2025-09-16 13:38:48.097 29788-29788 xta                     com....android.googlequicksearchbox  I  onReceive
2025-09-16 13:38:48.105 29788-29814 zej                     com....android.googlequicksearchbox  I  (REDACTED) bluetoothConnectionStateChanged. Action: %s
2025-09-16 13:38:48.107 19804-25521 Nearby                  com.google.android.gms.persistent    I  (REDACTED) is blocked device type %s, isAuto=%s, isIot=%s, isLatchsky=%s, isChinaWearable=%s, isTv=%s, isWearable=%s (supportWearOs=%s), isChromeOsDevice=%s (supportChromeOs=%s)
2025-09-16 13:38:48.123 19804-19804 NearbyDiscovery         com.google.android.gms.persistent    I  (REDACTED) DiscoveryService onStartCommand action: %s
2025-09-16 13:38:48.124 19804-19804 NearbyDiscovery         com.google.android.gms.persistent    I  (REDACTED) onAclChange: state=%s, %s
2025-09-16 13:38:48.157  1099-21666 surfaceflinger          surfaceflinger                       E  [frame_perf] perfboost open boost file failed
2025-09-16 13:38:48.158  1099-1468  surfaceflinger          surfaceflinger                       E  [frame_perf] perfboost open boost file failed
2025-09-16 13:38:48.207  1099-21666 surfaceflinger          surfaceflinger                       E  [frame_perf] perfboost open boost file failed
2025-09-16 13:38:48.208  1099-1468  surfaceflinger          surfaceflinger                       E  [frame_perf] perfboost open boost file failed
2025-09-16 13:38:48.258  1099-21666 surfaceflinger          surfaceflinger                       E  [frame_perf] perfboost open boost file failed
2025-09-16 13:38:48.260  1099-1468  surfaceflinger          surfaceflinger                       E  [frame_perf] perfboost open boost file failed
2025-09-16 13:38:48.411  1099-21666 surfaceflinger          surfaceflinger                       E  [frame_perf] perfboost open boost file failed
2025-09-16 13:38:48.411  1099-3321  surfaceflinger          surfaceflinger                       E  [frame_perf] perfboost open boost file failed
2025-09-16 13:38:48.454  1305-1734  AlarmManager            system_server                        W  Unrecognized alarm listener com.android.server.OpPowerControllerService$tsu@dab256d
2025-09-16 13:38:48.457 30462-30462 OpUtils                 com.android.systemui                 I  isSupportWarpCharging:false
2025-09-16 13:38:48.457 30462-30462 OpSWarpChargingView     com.android.systemui                 D  level is same as latest one [100]
2025-09-16 13:38:48.460 30462-30462 KeyguardUpdateMonitor   com.android.systemui                 D  received broadcast android.intent.action.BATTERY_CHANGED
2025-09-16 13:38:48.460 30462-30462 OpUtils                 com.android.systemui                 I  isSupportWarpCharging:false
2025-09-16 13:38:48.460 30462-30462 KeyguardUpdateMonitor   com.android.systemui                 D  pdCharge false, chargingstatus 0, fastcharge:0
2025-09-16 13:38:48.461  1099-21666 surfaceflinger          surfaceflinger                       E  [frame_perf] perfboost open boost file failed
2025-09-16 13:38:48.468  1099-1873  surfaceflinger          surfaceflinger                       E  [frame_perf] perfboost open boost file failed
2025-09-16 13:38:48.499  3107-3107  DeviceStatisticsService com...m.qti.devicestatisticsservice  D  chargerType=2 batteryLevel=100 totalBatteryCapacity=2539200
2025-09-16 13:38:48.860   963-23776 vendor.qti...bs_handler and...are.bluetooth@1.0-service-qti  I  DeviceSleep: TX Awake, Sending SLEEP_IND
2025-09-16 13:38:48.860   963-23776 vendor.qti...bs_handler and...are.bluetooth@1.0-service-qti  D  SerialClockVote: vote for UART CLK OFF
2025-09-16 13:38:49.011   963-23752 vendor.qti...-wake_lock and...are.bluetooth@1.0-service-qti  D  Release wakelock is released 
2025-09-16 13:38:49.499  3143-3143  MDM-DataTr...eedTracker com.android.phone                    D  onDataActivity: isNewTxEvent = true, isNewRxEvent = true, isTxEndEvent = false, isRxEndEvent = false
2025-09-16 13:38:49.500 30462-30498 NetworkCon...troller(1) com.android.systemui                 D  notifyListeners, showSimLoadedFakeIcon :false
2025-09-16 13:38:49.502  3143-3143  MDM-DataAc...ionManager com.android.phone                    D  onDataActivity: isNewEvent = true, isEndEvent = false
2025-09-16 13:38:49.502  3143-3143  MDM-DataAc...ionManager com.android.phone                    D  getCurrentSimMccMnc: current SIM mccmnc = [*20416, null]
2025-09-16 13:38:49.605  1305-1305  AS.AudioService         system_server                        W  couldn't find receiver package for effect intent
2025-09-16 13:38:49.606 29899-23384 AudioTrack              com.spotify.music                    D  ClientUid 10120 AudioTrack::pause 
2025-09-16 13:38:49.609 29899-23383 AudioTrack              com.spotify.music                    D  ClientUid 10120 AudioTrack::start 
2025-09-16 13:38:49.610  1305-1305  AS.AudioService         system_server                        W  couldn't find receiver package for effect intent
2025-09-16 13:38:49.614  1089-10002 APM_AudioPolicyManager  audioserver                          D  setAudioPolicyParameters(): io 0, keyvalue setPackageName=null
2025-09-16 13:38:49.615  1089-10002 APM_AudioPolicyManager  audioserver                          D  set package name:null
2025-09-16 13:38:49.618  1305-10196 AS.AudioService         system_server                        I  playerEvent: 18063 event: 3 isMusicActive:true device:128 currentPackageName:com.spotify.music
2025-09-16 13:38:49.618  1305-10196 OpAudioMonitor          system_server                        I  MDM,stop.
2025-09-16 13:38:49.618  1305-10196 OpAudioMonitor          system_server                        I  MDM,stop startTime:1758022536 endTime:1758022729
2025-09-16 13:38:49.619  1305-10196 OpAudioMonitor          system_server                        I  MDM, playing,device:4 lapse:193
2025-09-16 13:38:49.619  1305-10196 OpAudioMonitor          system_server                        I  MDM,device:128 lapse:193 packageName:com.spotify.music
2025-09-16 13:38:49.619  1305-10196 OpAudioMonitor          system_server                        I  MDM,stop remove start time for:com.spotify.music
2025-09-16 13:38:49.619  1305-2266  OpAudioMonitor          system_server                        I  logMdm run preserveOsData tag:audio_connect
2025-09-16 13:38:49.621  1089-31653 APM_AudioPolicyManager  audioserver                          D  setAudioPolicyParameters(): io 0, keyvalue setPackageName=com.spotify.music
2025-09-16 13:38:49.621  1089-31653 APM_AudioPolicyManager  audioserver                          D  set package name:com.spotify.music
2025-09-16 13:38:49.625 29899-29899 MediaRouter             com.spotify.music                    V  Selecting route: RouteInfo{ name=WI-XB400, description=Bluetooth-audio, status=null, category=RouteCategory{ name=Systeem types=ROUTE_TYPE_LIVE_AUDIO ROUTE_TYPE_LIVE_VIDEO  groupable=false }, supportedTypes=ROUTE_TYPE_LIVE_AUDIO , presentationDisplay=null }
2025-09-16 13:38:49.619  1305-2266  gwy                     system_server                        D  OS Event: audio_connect
2025-09-16 13:38:49.626 23624-29529 HeadsetService          com.android.bluetooth                D  getHeadsetService(): returning com.android.bluetooth.hfp.HeadsetService@e20e60d
2025-09-16 13:38:49.626 23624-29529 HeadsetStateMachine     com.android.bluetooth                E  returning mCurrentState as Connected
2025-09-16 13:38:49.626 23624-29529 HeadsetService          com.android.bluetooth                D   isAudioOn: The number of audio connected devices 0
2025-09-16 13:38:49.626 23624-29529 HeadsetService          com.android.bluetooth                D  isScoOrCallActive(): Call Active:falseCall is Ringing:falseSCO is Active:false
2025-09-16 13:38:49.626 23624-29529 HeadsetStateMachine     com.android.bluetooth                E  returning mCurrentState as Connected
2025-09-16 13:38:49.626 23624-29529 HeadsetService          com.android.bluetooth                D   isAudioOn: The number of audio connected devices 0
2025-09-16 13:38:49.626 23624-29529 Avrcp_ext               com.android.bluetooth                I  updatePlayStatusForDevice: device: 74:45:CE:96:E7:CB
2025-09-16 13:38:49.626 23624-29529 bt_device_interop       com.android.bluetooth                W  interop_database_match_by_addr
2025-09-16 13:38:49.627  1305-10196 AS.AudioService         system_server                        I  playerEvent: 18063 event: 2 isMusicActive:true device:128 currentPackageName:com.spotify.music
2025-09-16 13:38:49.627  1305-10196 OpAudioMonitor          system_server                        I  MDM,start.
2025-09-16 13:38:49.627  1305-10196 OpAudioMonitor          system_server                        I  MDM,start put pk:com.spotify.music startTime:1758022729
2025-09-16 13:38:49.638 23624-29529 bt_device_interop       com.android.bluetooth                W  conver_feature_to_enum, online config match interop feature = INTEROP_AVRCP_PLAYER_STATE_UPDATE
2025-09-16 13:38:49.639 23624-29529 bt_device_interop       com.android.bluetooth                W  interop_database_match_by_name
2025-09-16 13:38:49.639 23624-29529 bt_device_interop       com.android.bluetooth                W  conver_feature_to_enum, online config match interop feature = INTEROP_AVRCP_PLAYER_STATE_UPDATE
2025-09-16 13:38:49.639 23624-29529 Avrcp_ext               com.android.bluetooth                W  Sending PlayStatus CHANGED Rsp !!!
2025-09-16 13:38:49.640 23624-29529 bt_btif                 com.android.bluetooth                D  register_notification_rsp: isShoMcastEnabled: 1
2025-09-16 13:38:49.640 23624-29529 Avrcp_ext               com.android.bluetooth                I  Exit updatePlayStatusForDevice
2025-09-16 13:38:49.640 23624-23773 bt_btif                 com.android.bluetooth                D  LCB lcb=1 event=UL_MSG_EVT state=LCB_OPEN_ST
2025-09-16 13:38:49.640 23624-29529 HeadsetStateMachine     com.android.bluetooth                E  returning mCurrentState as Connected
2025-09-16 13:38:49.640 23624-29529 HeadsetService          com.android.bluetooth                D   isAudioOn: The number of audio connected devices 0
2025-09-16 13:38:49.640 23624-29529 HeadsetService          com.android.bluetooth                D  isScoOrCallActive(): Call Active:falseCall is Ringing:falseSCO is Active:false
2025-09-16 13:38:49.640 23624-29529 HeadsetStateMachine     com.android.bluetooth                E  returning mCurrentState as Connected
2025-09-16 13:38:49.640 23624-29529 HeadsetService          com.android.bluetooth                D   isAudioOn: The number of audio connected devices 0
2025-09-16 13:38:49.640 23624-29529 Avrcp_ext               com.android.bluetooth                I  updatePlayStatusForDevice: device: null
2025-09-16 13:38:49.640 23624-29529 Avrcp_ext               com.android.bluetooth                I  Exit updatePlayStatusForDevice
2025-09-16 13:38:49.640 23624-29529 HeadsetStateMachine     com.android.bluetooth                E  returning mCurrentState as Connected
2025-09-16 13:38:49.640 23624-29529 HeadsetService          com.android.bluetooth                D   isAudioOn: The number of audio connected devices 0
2025-09-16 13:38:49.640 23624-29529 HeadsetService          com.android.bluetooth                D  isScoOrCallActive(): Call Active:falseCall is Ringing:falseSCO is Active:false
2025-09-16 13:38:49.640 23624-29529 HeadsetStateMachine     com.android.bluetooth                E  returning mCurrentState as Connected
2025-09-16 13:38:49.640 23624-29529 HeadsetService          com.android.bluetooth                D   isAudioOn: The number of audio connected devices 0
2025-09-16 13:38:49.640 23624-29529 Avrcp_ext               com.android.bluetooth                I  updatePlayStatusForDevice: device: null
2025-09-16 13:38:49.641 23624-29529 Avrcp_ext               com.android.bluetooth                I  Exit updatePlayStatusForDevice
2025-09-16 13:38:49.641 23624-29529 HeadsetStateMachine     com.android.bluetooth                E  returning mCurrentState as Connected
2025-09-16 13:38:49.641 23624-29529 HeadsetService          com.android.bluetooth                D   isAudioOn: The number of audio connected devices 0
2025-09-16 13:38:49.641 23624-29529 HeadsetService          com.android.bluetooth                D  isScoOrCallActive(): Call Active:falseCall is Ringing:falseSCO is Active:false
2025-09-16 13:38:49.641   963-963   vendor.qti...bs_handler and...are.bluetooth@1.0-service-qti  D  SerialClockVote: vote for UART CLK ON
2025-09-16 13:38:49.641 23624-29529 HeadsetStateMachine     com.android.bluetooth                E  returning mCurrentState as Connected
