2025-09-16 14:08:14.884  1689-1837  QMI_FW                  qcrild                               E  qmi_cci_get_ref: ref count increased 2
2025-09-16 14:08:14.888  1689-1757  QMI_FW                  qcrild                               E  qmi_cci_get_ref: ref count increased 2
2025-09-16 14:08:14.890   963-23771 vendor.qti...bs_handler and...are.bluetooth@1.0-service-qti  I  ProcessIbsCmd: Received IBS_WAKE_IND: 0xFD
2025-09-16 14:08:14.890   963-23771 vendor.qti...bs_handler and...are.bluetooth@1.0-service-qti  I  ProcessIbsCmd: Writing IBS_WAKE_ACK
2025-09-16 14:08:14.891 23624-23644 bt_osi_wakelock         com.android.bluetooth                E  wakelock_release wakelock released
2025-09-16 14:08:14.909 23624-23773 bt_stack                com.android.bluetooth                I  [INFO:connection_manager.cc(277)] lower the scan parameters used for connecting
2025-09-16 14:08:14.910 23624-23773 bt_stack                com.android.bluetooth                V  [VERBOSE1:btm_ble_bgconn.cc(523)] BTM_WhiteListRemove: f0:d7:8f:4d:80:82
2025-09-16 14:08:14.910 23624-23773 bt_stack                com.android.bluetooth                V  [VERBOSE1:btm_ble_bgconn.cc(89)] background_connection_remove : f0:d7:8f:4d:80:82
2025-09-16 14:08:14.910 23624-23773 bt_stack                com.android.bluetooth                I  [INFO:btm_ble_bgconn.cc(420)] Already connection initiated (or) No Pending connections(or) Resources of lcb are exhausted
2025-09-16 14:08:14.910 23624-23773 bt_stack                com.android.bluetooth                V  [VERBOSE1:btm_ble.cc(1961)] btm_ble_connected Security Manager: handle:5 enc_mode:0000  bda: f0:d7:8f:4d:80:82 RName:  p_dev_rec:0x79c0869560
2025-09-16 14:08:14.910 23624-23773 bt_btm                  com.android.bluetooth                W  btm_acl_created hci_handle=5 link_role=0  transport=2
2025-09-16 14:08:14.910 23624-23773 bt_stack                com.android.bluetooth                V  [VERBOSE1:btm_inq.cc(1019)] BTM_InqDbRead: bd addr f0:d7:8f:4d:80:82
2025-09-16 14:08:14.910 23624-23773 bt_stack                com.android.bluetooth                I  [INFO:btm_ble_bgconn.cc(420)] Already connection initiated (or) No Pending connections(or) Resources of lcb are exhausted
2025-09-16 14:08:14.911 23624-23750 bt_osi_wakelock         com.android.bluetooth                E  wakelock_acquire wakelock acquired
2025-09-16 14:08:14.911 23624-23644 bt_osi_wakelock         com.android.bluetooth                E  wakelock_release wakelock released
2025-09-16 14:08:14.914  1099-14069 surfaceflinger          surfaceflinger                       E  [frame_perf] perfboost open boost file failed
2025-09-16 14:08:14.923  3143-3143  PhoneInterfaceManager   com.android.phone                    D  [PhoneIntfMgr] getPhoneFromSubId: 1
2025-09-16 14:08:14.926  1099-1156  surfaceflinger          surfaceflinger                       E  [frame_perf] perfboost open boost file failed
2025-09-16 14:08:14.928  1689-1757  QMI_FW                  qcrild                               E  qmi_cci_get_ref: ref count increased 2
2025-09-16 14:08:14.930  1689-1757  QMI_FW                  qcrild                               E  qmi_cci_get_ref: ref count increased 2
2025-09-16 14:08:14.942  3143-3143  MDM-OPMdmListener       com.android.phone                    D  onCellInfoChanged the cellInfo changed phoneId 0
2025-09-16 14:08:14.951   963-23771 vendor.qti...bs_handler and...are.bluetooth@1.0-service-qti  I  ProcessIbsCmd: Received IBS_SLEEP_IND: 0xFE
2025-09-16 14:08:14.959  1099-14069 surfaceflinger          surfaceflinger                       E  [frame_perf] perfboost open boost file failed
2025-09-16 14:08:14.959  1099-1873  surfaceflinger          surfaceflinger                       E  [frame_perf] perfboost open boost file failed
2025-09-16 14:08:14.969   963-23771 vendor.qti...bs_handler and...are.bluetooth@1.0-service-qti  I  ProcessIbsCmd: Received IBS_WAKE_IND: 0xFD
2025-09-16 14:08:14.969   963-23771 vendor.qti...bs_handler and...are.bluetooth@1.0-service-qti  I  ProcessIbsCmd: Writing IBS_WAKE_ACK
2025-09-16 14:08:14.978 23624-23750 bt_osi_wakelock         com.android.bluetooth                E  wakelock_acquire wakelock acquired
2025-09-16 14:08:14.979 23624-23644 bt_osi_wakelock         com.android.bluetooth                E  wakelock_release wakelock released
2025-09-16 14:08:15.018   963-23771 vendor.qti...bs_handler and...are.bluetooth@1.0-service-qti  I  ProcessIbsCmd: Received IBS_SLEEP_IND: 0xFE
2025-09-16 14:08:15.041  1099-14069 surfaceflinger          surfaceflinger                       E  [frame_perf] perfboost open boost file failed
2025-09-16 14:08:15.042  1099-3321  surfaceflinger          surfaceflinger                       E  [frame_perf] perfboost open boost file failed
2025-09-16 14:08:15.059  1099-14069 surfaceflinger          surfaceflinger                       E  [frame_perf] perfboost open boost file failed
2025-09-16 14:08:15.062  1099-1873  surfaceflinger          surfaceflinger                       E  [frame_perf] perfboost open boost file failed
2025-09-16 14:08:15.079  1099-14069 surfaceflinger          surfaceflinger                       E  [frame_perf] perfboost open boost file failed
2025-09-16 14:08:15.079  1099-1157  surfaceflinger          surfaceflinger                       E  [frame_perf] perfboost open boost file failed
2025-09-16 14:08:15.156   963-23771 vendor.qti...bs_handler and...are.bluetooth@1.0-service-qti  I  ProcessIbsCmd: Received IBS_WAKE_IND: 0xFD
2025-09-16 14:08:15.156   963-23771 vendor.qti...bs_handler and...are.bluetooth@1.0-service-qti  I  ProcessIbsCmd: Writing IBS_WAKE_ACK
2025-09-16 14:08:15.159 23624-23773 bt_stack                com.android.bluetooth                V  [VERBOSE1:gatt_main.cc(461)] GATT   ATT protocol channel with BDA: f0:d7:8f:4d:80:82 is connected
2025-09-16 14:08:15.159 23624-23773 bt_stack                com.android.bluetooth                V  [VERBOSE1:gatt_utils.cc(312)] gatt_is_bda_in_the_srv_chg_clt_list: f0:d7:8f:4d:80:82
2025-09-16 14:08:15.159 23624-23773 bt_stack                com.android.bluetooth                V  [VERBOSE1:gatt_main.cc(1086)] gatt_get_ch_state: ch_state=2
2025-09-16 14:08:15.159 23624-23773 bt_stack                com.android.bluetooth                V  [VERBOSE1:gatt_main.cc(1077)] gatt_set_ch_state: old=2 new=0x04
2025-09-16 14:08:15.159 23624-23773 bt_stack                com.android.bluetooth                V  [VERBOSE1:gatt_main.cc(862)] gatt_send_conn_cback : address f0:d7:8f:4d:80:82
2025-09-16 14:08:15.159  1099-14069 surfaceflinger          surfaceflinger                       E  [frame_perf] perfboost open boost file failed
2025-09-16 14:08:15.159 23624-23773 bt_stack                com.android.bluetooth                V  [VERBOSE1:gatt_attr.cc(245)] gatt_connect_cback: from f0:d7:8f:4d:80:82 connected: 1, conn_id: 0x0001reason: 000000
2025-09-16 14:08:15.160 23624-23773 bt_stack                com.android.bluetooth                V  [VERBOSE1:gatt_api.cc(927)] GATT_SetIdleTimeout idle_tout=65535, status=1 (1-OK 0-not performed)
2025-09-16 14:08:15.160  1099-1156  surfaceflinger          surfaceflinger                       E  [frame_perf] perfboost open boost file failed
2025-09-16 14:08:15.160 23624-23773 bt_btm                  com.android.bluetooth                W  btm_read_remote_version_complete lmp_version 11 manufacturer 48 lmp_subversion 4642
2025-09-16 14:08:15.160 23624-23773 bt_btif                 com.android.bluetooth                E  bta_dm_acl_change new acl connetion:count = 1
2025-09-16 14:08:15.160 23624-23773 bt_btif                 com.android.bluetooth                W  bta_dm_acl_change info: 0x0
2025-09-16 14:08:15.160 23624-23773 bt_l2cap                com.android.bluetooth                W  L2CA_SetDesireRole() new:x1, disallow_switch:0
2025-09-16 14:08:15.160 23624-23652 bt_btif_dm              com.android.bluetooth                D  remote version info [f0:d7:8f:4d:80:82]: 0, 0, 0
2025-09-16 14:08:15.161 23624-23773 bt_stack                com.android.bluetooth                V  [VERBOSE1:bta_gattc_main.cc(361)] bta_gattc_hdl_event: Event:BTA_GATTC_INT_CONN_EVT
2025-09-16 14:08:15.161 23624-23773 bt_stack                com.android.bluetooth                V  [VERBOSE1:bta_gattc_main.cc(385)] Ignore unknown conn ID: 3
2025-09-16 14:08:15.161 23624-23773 bt_stack                com.android.bluetooth                V  [VERBOSE1:bta_gattc_main.cc(361)] bta_gattc_hdl_event: Event:BTA_GATTC_INT_CONN_EVT
2025-09-16 14:08:15.161 23624-23773 bt_stack                com.android.bluetooth                V  [VERBOSE1:bta_gattc_main.cc(385)] Ignore unknown conn ID: 4
2025-09-16 14:08:15.161 23624-23773 bt_stack                com.android.bluetooth                V  [VERBOSE1:bta_gattc_main.cc(361)] bta_gattc_hdl_event: Event:BTA_GATTC_INT_CONN_EVT
2025-09-16 14:08:15.161 23624-23773 bt_stack                com.android.bluetooth                V  [VERBOSE1:bta_gattc_main.cc(385)] Ignore unknown conn ID: 5
2025-09-16 14:08:15.161 23624-23773 bt_stack                com.android.bluetooth                V  [VERBOSE1:bta_gattc_main.cc(361)] bta_gattc_hdl_event: Event:BTA_GATTC_INT_CONN_EVT
2025-09-16 14:08:15.161 23624-23773 bt_stack                com.android.bluetooth                V  [VERBOSE1:bta_gattc_main.cc(385)] Ignore unknown conn ID: 6
2025-09-16 14:08:15.161 23624-23773 bt_stack                com.android.bluetooth                V  [VERBOSE1:bta_gattc_main.cc(361)] bta_gattc_hdl_event: Event:BTA_GATTC_INT_CONN_EVT
2025-09-16 14:08:15.161 23624-23773 bt_stack                com.android.bluetooth                V  [VERBOSE1:bta_gattc_main.cc(385)] Ignore unknown conn ID: 7
2025-09-16 14:08:15.161 23624-23652 BluetoothRemoteDevices  com.android.bluetooth                D  aclStateChangeCallback: Adapter State: ON Connected: F0:D7:8F:4D:80:82
2025-09-16 14:08:15.162 23624-23773 bt_stack                com.android.bluetooth                V  [VERBOSE1:bta_gattc_main.cc(361)] bta_gattc_hdl_event: Event:BTA_GATTC_INT_CONN_EVT
2025-09-16 14:08:15.162 23624-23773 bt_stack                com.android.bluetooth                V  [VERBOSE1:bta_gattc_main.cc(385)] Ignore unknown conn ID: 8
2025-09-16 14:08:15.162 23624-23773 bt_stack                com.android.bluetooth                V  [VERBOSE1:bta_gattc_main.cc(361)] bta_gattc_hdl_event: Event:BTA_GATTC_INT_CONN_EVT
2025-09-16 14:08:15.162 23624-23773 bt_stack                com.android.bluetooth                V  [VERBOSE1:bta_gattc_main.cc(385)] Ignore unknown conn ID: 9
2025-09-16 14:08:15.162 23624-23773 bt_stack                com.android.bluetooth                V  [VERBOSE1:bta_gattc_main.cc(361)] bta_gattc_hdl_event: Event:BTA_GATTC_INT_CONN_EVT
2025-09-16 14:08:15.162 23624-23773 bt_stack                com.android.bluetooth                V  [VERBOSE1:bta_gattc_main.cc(385)] Ignore unknown conn ID: 10
2025-09-16 14:08:15.162 23624-23773 bt_stack                com.android.bluetooth                V  [VERBOSE1:bta_gattc_main.cc(361)] bta_gattc_hdl_event: Event:BTA_GATTC_INT_CONN_EVT
2025-09-16 14:08:15.162 23624-23773 bt_stack                com.android.bluetooth                V  [VERBOSE1:bta_gattc_main.cc(385)] Ignore unknown conn ID: 11
2025-09-16 14:08:15.162 23624-23773 bt_stack                com.android.bluetooth                V  [VERBOSE1:bta_gattc_main.cc(361)] bta_gattc_hdl_event: Event:BTA_GATTC_INT_CONN_EVT
2025-09-16 14:08:15.162 23624-23773 bt_stack                com.android.bluetooth                V  [VERBOSE1:bta_gattc_main.cc(385)] Ignore unknown conn ID: 12
2025-09-16 14:08:15.162 23624-23773 bt_stack                com.android.bluetooth                V  [VERBOSE1:bta_gattc_main.cc(361)] bta_gattc_hdl_event: Event:BTA_GATTC_INT_CONN_EVT
2025-09-16 14:08:15.163 23624-23773 bt_stack                com.android.bluetooth                V  [VERBOSE1:bta_gattc_main.cc(305)] bta_gattc_sm_execute: State 0x01 [GATTC_W4_CONN_ST], Event 0x1f0c[BTA_GATTC_INT_CONN_EVT]
2025-09-16 14:08:15.163 23624-23773 bt_stack                com.android.bluetooth                V  [VERBOSE1:bta_gattc_act.cc(488)] bta_gattc_conn: server cache state=0
2025-09-16 14:08:15.163 23624-23773 bt_stack                com.android.bluetooth                V  [VERBOSE1:bta_gattc_act.cc(491)] bta_gattc_conn: conn_id=0x000d
2025-09-16 14:08:15.163 23624-23773 bt_stack                com.android.bluetooth                V  [VERBOSE1:gatt_api.cc(1269)] GATT_GetConnectionInfor conn_id=0x000d
2025-09-16 14:08:15.163 23624-23773 bt_stack                com.android.bluetooth                E  [ERROR:bta_gattc_cache.cc(733)] bta_gattc_cache_load: can't open GATT cache file /data/misc/bluetooth/gatt_cache_f0d78f4d8082 for reading, error: No such file or directory
2025-09-16 14:08:15.163 23624-23773 bt_stack                com.android.bluetooth                V  [VERBOSE1:bta_gattc_act.cc(667)] bta_gattc_start_discover: conn_id:0x000d p_clcb->p_srcb->state:3
2025-09-16 14:08:15.164 23624-23773 bt_stack                com.android.bluetooth                I  [INFO:hearing_aid.cc(1809)] GetDeviceCount: Not initialized yet
2025-09-16 14:08:15.165 23624-23773 bt_stack                com.android.bluetooth                I  [INFO:gatt_api.cc(635)] GATTC_Discover conn_id=0x000d, disc_type=1, s_handle=0x0001, e_handle=0xffff
2025-09-16 14:08:15.165 23624-23750 bt_osi_wakelock         com.android.bluetooth                E  wakelock_acquire wakelock acquired
2025-09-16 14:08:15.165 23624-23773 bt_stack                com.android.bluetooth                V  [VERBOSE1:bta_gattc_main.cc(341)] bta_gattc_sm_execute: GATTC State Change: 0x01 -> 0x03 after Event 0x1f0c
2025-09-16 14:08:15.166 23624-23644 bt_osi_wakelock         com.android.bluetooth                E  wakelock_release wakelock released
2025-09-16 14:08:15.169 23624-23652 BtGatt.GattService      com.android.bluetooth                D  onConnected() - clientIf=13, connId=13, address=F0:D7:8F:4D:80:82
2025-09-16 14:08:15.170 22922-29194 BluetoothGatt           com.remoticom.energynodeinset        D  onClientConnectionState() - status=0 clientIf=13 device=F0:D7:8F:4D:80:82
2025-09-16 14:08:15.170 22922-29194 ConnectGattOperation    com.remoticom.energynodeinset        V  onConnectionStateChange called
2025-09-16 14:08:15.171 22922-29194 GattConnectionService   com.remoticom.energynodeinset        D  onConnectionStateChange address=F0:D7:8F:4D:80:82, status=(0) A GATT operation completed successfully, newState=CONNECTED (2)
2025-09-16 14:08:15.171 22922-29194 GattConnectionService   com.remoticom.energynodeinset        D  Device connected
2025-09-16 14:08:15.171 22922-29194 GattConnectionService   com.remoticom.energynodeinset        D  state = Connected, error = null
2025-09-16 14:08:15.171 22922-29194 GattConnectionService   com.remoticom.energynodeinset        D  Service state updated with ServiceState(device=DeviceImpl(uuid=00000000-0000-0000-0000-f0d78f4d8082, device=F0:D7:8F:4D:80:82, type=Bdc, serviceUuids=[a55d1c55-0088-ffff-0000-000000000000], health=null, state=null), characteristics=null, isConnecting=true, connectionStatus=Connected, lastGattError=null)
2025-09-16 14:08:15.173 10489-10489 BluetoothEventManager   com.android.settings                 W  AclStateChangedHandler: activeDevice is null
2025-09-16 14:08:15.174 23624-23624 BluetoothPhonePolicy    com.android.bluetooth                E  Received unexpected intent, action=android.bluetooth.device.action.ACL_CONNECTED
2025-09-16 14:08:15.174 23624-23624 BluetoothPhonePolicy    com.android.bluetooth                I  processDeviceConnected, device=F0:D7:8F:4D:80:82
2025-09-16 14:08:15.174 23624-23624 BluetoothDatabase       com.android.bluetooth                D  setConnection: device=F0:D7:8F:4D:80:82 and isA2dpDevice=false
2025-09-16 14:08:15.174 23624-23624 BluetoothDatabase       com.android.bluetooth                D  Updating last connected time for device: F0:D7:8F:4D:80:82 to 27
2025-09-16 14:08:15.174 23624-23624 BluetoothDatabase       com.android.bluetooth                D  updateDatabase F0:D7:8F:4D:80:82
2025-09-16 14:08:15.175 22922-29437 GattConnectionService   com.remoticom.energynodeinset        D  Keep-alive initial ping
2025-09-16 14:08:15.177  1099-14069 surfaceflinger          surfaceflinger                       E  [frame_perf] perfboost open boost file failed
2025-09-16 14:08:15.178 30462-30498 BluetoothEventManager   com.android.systemui                 W  AclStateChangedHandler: activeDevice is null
2025-09-16 14:08:15.179 20077-20077 ParkingCardBTReceiver   net.oneplus.launcher                 D  Device is now connected
2025-09-16 14:08:15.179 23624-23624 FastPairService         com.android.bluetooth                D  start BLE scan
2025-09-16 14:08:15.181 23624-23624 BluetoothAdapter        com.android.bluetooth                D  isLeEnabled(): ON
2025-09-16 14:08:15.181  1099-1873  surfaceflinger          surfaceflinger                       E  [frame_perf] perfboost open boost file failed
2025-09-16 14:08:15.186 22922-22922 NodeListFragment        com.remoticom.energynodeinset        D  Updating list of nodes
2025-09-16 14:08:15.189 22922-22922 ConnectGattOperation    com.remoticom.energynodeinset        D  FINISHED
2025-09-16 14:08:15.190 22922-29437 BdcReadDia...sOperation com.remoticom.energynodeinset        D  STARTED
2025-09-16 14:08:15.190 22922-29437 GattConnectionService   com.remoticom.energynodeinset        E  Error while executing BdcReadDiagnosticsStatusOperation: PreconditionFailed
2025-09-16 14:08:15.190 22922-29437 BdcReadDia...sOperation com.remoticom.energynodeinset        D  FINISHED
2025-09-16 14:08:15.193 22922-22922 RequestMtuOperation     com.remoticom.energynodeinset        D  STARTED
2025-09-16 14:08:15.193 22922-22922 RequestMtuOperation     com.remoticom.energynodeinset        V  requestMtu initiated
2025-09-16 14:08:15.193 22922-22922 BluetoothGatt           com.remoticom.energynodeinset        D  configureMTU() - device: F0:D7:8F:4D:80:82 mtu: 517
2025-09-16 14:08:15.194 23624-29730 BtGatt.GattService      com.android.bluetooth                D  configureMTU() - address=F0:D7:8F:4D:80:82 mtu=517
2025-09-16 14:08:15.194 23624-23773 bt_stack                com.android.bluetooth                V  [VERBOSE1:bta_gattc_main.cc(361)] bta_gattc_hdl_event: Event:BTA_GATTC_API_CFG_MTU_EVT
2025-09-16 14:08:15.194 23624-23773 bt_stack                com.android.bluetooth                V  [VERBOSE1:bta_gattc_main.cc(305)] bta_gattc_sm_execute: State 0x03 [GATTC_DISCOVER_ST], Event 0x1f07[BTA_GATTC_API_CFG_MTU_EVT]
2025-09-16 14:08:15.194 23624-23773 bt_stack                com.android.bluetooth                V  [VERBOSE1:bta_gattc_main.cc(341)] bta_gattc_sm_execute: GATTC State Change: 0x03 -> 0x03 after Event 0x1f07
2025-09-16 14:08:15.209  5959-5959  GH.WifiBluetoothRcvr    com...e.android.projection.gearhead  I  Connection action: android.bluetooth.device.action.ACL_CONNECTED, device F0:D7:8F:4D:80:82
2025-09-16 14:08:15.210  5959-5959  GH.WifiBluetoothRcvr    com...e.android.projection.gearhead  I  Wireless projection is available on this phone.
2025-09-16 14:08:15.210  5959-29718 CAR.BTCapsStore         com...e.android.projection.gearhead  W  Device not bonded, thus it's not currently AAW capable.
2025-09-16 14:08:15.210  5959-29718 CAR.BTCapsStore         com...e.android.projection.gearhead  I  AAW status (NOT_BONDED).
2025-09-16 14:08:15.235 19804-29958 Nearby                  com.google.android.gms.persistent    I  (REDACTED) is blocked device type %s, isAuto=%s, isIot=%s, isLatchsky=%s, isChinaWearable=%s, isTv=%s, isWearable=%s (supportWearOs=%s), isChromeOsDevice=%s (supportChromeOs=%s)
2025-09-16 14:08:15.241   963-23771 vendor.qti...bs_handler and...are.bluetooth@1.0-service-qti  I  ProcessIbsCmd: Received IBS_SLEEP_IND: 0xFE
2025-09-16 14:08:15.242 29788-29788 xta                     com....android.googlequicksearchbox  I  onReceive
2025-09-16 14:08:15.243 29788-29814 zej                     com....android.googlequicksearchbox  I  (REDACTED) bluetoothConnectionStateChanged. Action: %s
2025-09-16 14:08:15.244 29788-29814 zdj                     com....android.googlequicksearchbox  I  Registering Gemini service client
2025-09-16 14:08:15.244 29788-29814 zdo                     com....android.googlequicksearchbox  I  Initializing PhoneMediaHandler
2025-09-16 14:08:15.250 19804-23539 WearableService         com.google.android.gms.persistent    W  onGetService: Wear is not available on this device.
2025-09-16 14:08:15.262 19804-19804 NearbyDiscovery         com.google.android.gms.persistent    I  (REDACTED) DiscoveryService onStartCommand action: %s
2025-09-16 14:08:15.263 19804-19804 NearbyDiscovery         com.google.android.gms.persistent    I  (REDACTED) onAclChange: state=%s, %s
2025-09-16 14:08:15.266 19804-20113 NearbyDiscovery         com.google.android.gms.persistent    I  (REDACTED) FastPair: lock scan rate if needed, %s, bondState=%s
2025-09-16 14:08:15.266  5959-29718 GH.CarSvcDataStorage    com...e.android.projection.gearhead  I  Using DB version: 13
2025-09-16 14:08:15.267  5959-29718 sqlite3_android         com...e.android.projection.gearhead  E  [IKR-38846] ONEPLUS_NAME_PARTS_MATCH SQLITE_OK
2025-09-16 14:08:15.272  5959-29718 CAR.BTCapsStore         com...e.android.projection.gearhead  W  Device not bonded, thus it's not currently AAW capable.
2025-09-16 14:08:15.272  5959-29718 CAR.BTCapsStore         com...e.android.projection.gearhead  I  AAW status (NOT_BONDED).
2025-09-16 14:08:15.274  1099-14069 surfaceflinger          surfaceflinger                       E  [frame_perf] perfboost open boost file failed
2025-09-16 14:08:15.277  1305-2238  ConnectivityService     system_server                        D  NetReassign [no changes]
2025-09-16 14:08:15.290 21118-21118 Dock: Blue...stReceiver com.microsoft.teams                  I  ProcessId: 21118, Thread: main, Dock Bluetooth broadcast receiver
2025-09-16 14:08:15.291 21118-21118 Dock: Blue...stReceiver com.microsoft.teams                  I  ProcessId: 21118, Thread: main, Skipping registering StateChangeReceiver either because its already registered or action is: android.bluetooth.device.action.ACL_CONNECTED 
2025-09-16 14:08:15.291   963-23771 vendor.qti...bs_handler and...are.bluetooth@1.0-service-qti  I  ProcessIbsCmd: Received IBS_WAKE_IND: 0xFD
2025-09-16 14:08:15.291   963-23771 vendor.qti...bs_handler and...are.bluetooth@1.0-service-qti  I  ProcessIbsCmd: Writing IBS_WAKE_ACK
2025-09-16 14:08:15.292 23624-23773 bt_stack                com.android.bluetooth                V  [VERBOSE1:gatt_main.cc(1086)] gatt_get_ch_state: ch_state=4
2025-09-16 14:08:15.292 23624-23773 bt_stack                com.android.bluetooth                I  [INFO:gatt_main.cc(919)] gatt_data_process op_code = 17, msg_len = 13
2025-09-16 14:08:15.292 23624-23773 bt_stack                com.android.bluetooth                V  [VERBOSE1:gatt_cl.cc(1112)] gatt_client_handle_server_rsp op_code: 17, len = 13rsp_code: 17
2025-09-16 14:08:15.292 23624-23773 bt_stack                com.android.bluetooth                V  [VERBOSE1:bta_gattc_cache.cc(332)] bta_gattc_disc_res_cbackconn_id 13disc_type 
2025-09-16 14:08:15.292 23624-23773 bt_stack                com.android.bluetooth                V  [VERBOSE1:bta_gattc_cache.cc(332)] bta_gattc_disc_res_cbackconn_id 13disc_type 
2025-09-16 14:08:15.332   963-23771 vendor.qti...bs_handler and...are.bluetooth@1.0-service-qti  I  ProcessIbsCmd: Received IBS_SLEEP_IND: 0xFE
2025-09-16 14:08:15.335   963-23771 vendor.qti...bs_handler and...are.bluetooth@1.0-service-qti  I  ProcessIbsCmd: Received IBS_WAKE_IND: 0xFD
2025-09-16 14:08:15.336   963-23771 vendor.qti...bs_handler and...are.bluetooth@1.0-service-qti  I  ProcessIbsCmd: Writing IBS_WAKE_ACK
2025-09-16 14:08:15.376   963-23771 vendor.qti...bs_handler and...are.bluetooth@1.0-service-qti  I  ProcessIbsCmd: Received IBS_SLEEP_IND: 0xFE
2025-09-16 14:08:15.381   963-23771 vendor.qti...bs_handler and...are.bluetooth@1.0-service-qti  I  ProcessIbsCmd: Received IBS_WAKE_IND: 0xFD
2025-09-16 14:08:15.381   963-23771 vendor.qti...bs_handler and...are.bluetooth@1.0-service-qti  I  ProcessIbsCmd: Writing IBS_WAKE_ACK
2025-09-16 14:08:15.383 23624-23773 bt_stack                com.android.bluetooth                V  [VERBOSE1:gatt_main.cc(1086)] gatt_get_ch_state: ch_state=4
2025-09-16 14:08:15.383 23624-23773 bt_stack                com.android.bluetooth                I  [INFO:gatt_main.cc(919)] gatt_data_process op_code = 17, msg_len = 21
2025-09-16 14:08:15.383 23624-23773 bt_stack                com.android.bluetooth                V  [VERBOSE1:gatt_cl.cc(1112)] gatt_client_handle_server_rsp op_code: 17, len = 21rsp_code: 17
2025-09-16 14:08:15.383 23624-23773 bt_stack                com.android.bluetooth                V  [VERBOSE1:bta_gattc_cache.cc(332)] bta_gattc_disc_res_cbackconn_id 13disc_type 
2025-09-16 14:08:15.422   963-23771 vendor.qti...bs_handler and...are.bluetooth@1.0-service-qti  I  ProcessIbsCmd: Received IBS_SLEEP_IND: 0xFE
2025-09-16 14:08:15.425   963-23771 vendor.qti...bs_handler and...are.bluetooth@1.0-service-qti  I  ProcessIbsCmd: Received IBS_WAKE_IND: 0xFD
2025-09-16 14:08:15.426   963-23771 vendor.qti...bs_handler and...are.bluetooth@1.0-service-qti  I  ProcessIbsCmd: Writing IBS_WAKE_ACK
2025-09-16 14:08:15.466   963-23771 vendor.qti...bs_handler and...are.bluetooth@1.0-service-qti  I  ProcessIbsCmd: Received IBS_SLEEP_IND: 0xFE
2025-09-16 14:08:15.471   963-23771 vendor.qti...bs_handler and...are.bluetooth@1.0-service-qti  I  ProcessIbsCmd: Received IBS_WAKE_IND: 0xFD
2025-09-16 14:08:15.471   963-23771 vendor.qti...bs_handler and...are.bluetooth@1.0-service-qti  I  ProcessIbsCmd: Writing IBS_WAKE_ACK
2025-09-16 14:08:15.472 23624-23773 bt_stack                com.android.bluetooth                V  [VERBOSE1:gatt_main.cc(1086)] gatt_get_ch_state: ch_state=4
2025-09-16 14:08:15.472 23624-23773 bt_stack                com.android.bluetooth                I  [INFO:gatt_main.cc(919)] gatt_data_process op_code = 17, msg_len = 21
2025-09-16 14:08:15.472 23624-23773 bt_stack                com.android.bluetooth                V  [VERBOSE1:gatt_cl.cc(1112)] gatt_client_handle_server_rsp op_code: 17, len = 21rsp_code: 17
2025-09-16 14:08:15.472 23624-23773 bt_stack                com.android.bluetooth                V  [VERBOSE1:bta_gattc_cache.cc(332)] bta_gattc_disc_res_cbackconn_id 13disc_type 
2025-09-16 14:08:15.512   963-23771 vendor.qti...bs_handler and...are.bluetooth@1.0-service-qti  I  ProcessIbsCmd: Received IBS_SLEEP_IND: 0xFE
2025-09-16 14:08:15.516   963-23771 vendor.qti...bs_handler and...are.bluetooth@1.0-service-qti  I  ProcessIbsCmd: Received IBS_WAKE_IND: 0xFD
2025-09-16 14:08:15.516   963-23771 vendor.qti...bs_handler and...are.bluetooth@1.0-service-qti  I  ProcessIbsCmd: Writing IBS_WAKE_ACK
2025-09-16 14:08:15.556   963-23771 vendor.qti...bs_handler and...are.bluetooth@1.0-service-qti  I  ProcessIbsCmd: Received IBS_SLEEP_IND: 0xFE
2025-09-16 14:08:15.561   963-23771 vendor.qti...bs_handler and...are.bluetooth@1.0-service-qti  I  ProcessIbsCmd: Received IBS_WAKE_IND: 0xFD
2025-09-16 14:08:15.561   963-23771 vendor.qti...bs_handler and...are.bluetooth@1.0-service-qti  I  ProcessIbsCmd: Writing IBS_WAKE_ACK
2025-09-16 14:08:15.562 23624-23773 bt_stack                com.android.bluetooth                V  [VERBOSE1:gatt_main.cc(1086)] gatt_get_ch_state: ch_state=4
2025-09-16 14:08:15.562 23624-23773 bt_stack                com.android.bluetooth                I  [INFO:gatt_main.cc(919)] gatt_data_process op_code = 17, msg_len = 21
2025-09-16 14:08:15.562 23624-23773 bt_stack                com.android.bluetooth                V  [VERBOSE1:gatt_cl.cc(1112)] gatt_client_handle_server_rsp op_code: 17, len = 21rsp_code: 17
2025-09-16 14:08:15.562 23624-23773 bt_stack                com.android.bluetooth                V  [VERBOSE1:bta_gattc_cache.cc(332)] bta_gattc_disc_res_cbackconn_id 13disc_type 
2025-09-16 14:08:15.602   963-23771 vendor.qti...bs_handler and...are.bluetooth@1.0-service-qti  I  ProcessIbsCmd: Received IBS_SLEEP_IND: 0xFE
2025-09-16 14:08:15.606   963-23771 vendor.qti...bs_handler and...are.bluetooth@1.0-service-qti  I  ProcessIbsCmd: Received IBS_WAKE_IND: 0xFD
2025-09-16 14:08:15.606   963-23771 vendor.qti...bs_handler and...are.bluetooth@1.0-service-qti  I  ProcessIbsCmd: Writing IBS_WAKE_ACK
2025-09-16 14:08:15.608 23624-23652 BtGatt.GattService      com.android.bluetooth                D  onClientConnUpdate() - connId=6, status=0
2025-09-16 14:08:15.608 23624-23652 BtGatt.GattService      com.android.bluetooth                D  onClientConnUpdate() - connId=10, status=0
2025-09-16 14:08:15.608 23624-23652 BtGatt.GattService      com.android.bluetooth                D  onClientConnUpdate() - connId=11, status=0
2025-09-16 14:08:15.609 23624-23652 BtGatt.GattService      com.android.bluetooth                D  onClientConnUpdate() - connId=12, status=0
2025-09-16 14:08:15.609 23624-23652 BtGatt.GattService      com.android.bluetooth                D  onClientConnUpdate() - connId=13, status=0
2025-09-16 14:08:15.611 22922-29194 BluetoothGatt           com.remoticom.energynodeinset        D  onConnectionUpdated() - Device=F0:D7:8F:4D:80:82 interval=6 latency=0 timeout=500 status=0
2025-09-16 14:08:15.614 23624-23773 bt_stack                com.android.bluetooth                V  [VERBOSE1:gatt_main.cc(1086)] gatt_get_ch_state: ch_state=4
2025-09-16 14:08:15.614 23624-23773 bt_stack                com.android.bluetooth                I  [INFO:gatt_main.cc(919)] gatt_data_process op_code = 17, msg_len = 21
2025-09-16 14:08:15.614 23624-23773 bt_stack                com.android.bluetooth                V  [VERBOSE1:gatt_cl.cc(1112)] gatt_client_handle_server_rsp op_code: 17, len = 21rsp_code: 17
2025-09-16 14:08:15.614 23624-23773 bt_stack                com.android.bluetooth                V  [VERBOSE1:bta_gattc_cache.cc(332)] bta_gattc_disc_res_cbackconn_id 13disc_type 
2025-09-16 14:08:15.629 23624-23773 bt_stack                com.android.bluetooth                V  [VERBOSE1:gatt_main.cc(1086)] gatt_get_ch_state: ch_state=4
2025-09-16 14:08:15.629 23624-23773 bt_stack                com.android.bluetooth                I  [INFO:gatt_main.cc(919)] gatt_data_process op_code = 17, msg_len = 21
2025-09-16 14:08:15.629 23624-23773 bt_stack                com.android.bluetooth                V  [VERBOSE1:gatt_cl.cc(1112)] gatt_client_handle_server_rsp op_code: 17, len = 21rsp_code: 17
2025-09-16 14:08:15.629 23624-23773 bt_stack                com.android.bluetooth                V  [VERBOSE1:bta_gattc_cache.cc(332)] bta_gattc_disc_res_cbackconn_id 13disc_type 
2025-09-16 14:08:15.644 23624-23773 bt_stack                com.android.bluetooth                V  [VERBOSE1:gatt_main.cc(1086)] gatt_get_ch_state: ch_state=4
2025-09-16 14:08:15.644 23624-23773 bt_stack                com.android.bluetooth                I  [INFO:gatt_main.cc(919)] gatt_data_process op_code = 17, msg_len = 21
2025-09-16 14:08:15.644 23624-23773 bt_stack                com.android.bluetooth                V  [VERBOSE1:gatt_cl.cc(1112)] gatt_client_handle_server_rsp op_code: 17, len = 21rsp_code: 17
2025-09-16 14:08:15.644 23624-23773 bt_stack                com.android.bluetooth                V  [VERBOSE1:bta_gattc_cache.cc(332)] bta_gattc_disc_res_cbackconn_id 13disc_type 
2025-09-16 14:08:15.659 23624-23773 bt_stack                com.android.bluetooth                V  [VERBOSE1:gatt_main.cc(1086)] gatt_get_ch_state: ch_state=4
2025-09-16 14:08:15.659 23624-23773 bt_stack                com.android.bluetooth                I  [INFO:gatt_main.cc(919)] gatt_data_process op_code = 1, msg_len = 4
2025-09-16 14:08:15.659 23624-23773 bt_stack                com.android.bluetooth                V  [VERBOSE1:gatt_cl.cc(1112)] gatt_client_handle_server_rsp op_code: 1, len = 4rsp_code: 17
2025-09-16 14:08:15.659 23624-23773 bt_stack                com.android.bluetooth                V  [VERBOSE1:gatt_cl.cc(519)] gatt_process_error_rsp
2025-09-16 14:08:15.659 23624-23773 bt_stack                com.android.bluetooth                V  [VERBOSE1:gatt_cl.cc(481)] gatt_proc_disc_error_rspreason: 0a cmd_code 0010
2025-09-16 14:08:15.659 23624-23773 bt_stack                com.android.bluetooth                V  [VERBOSE1:gatt_cl.cc(491)] Discovery completed
2025-09-16 14:08:15.659 23624-23773 bt_stack                com.android.bluetooth                V  [VERBOSE1:gatt_utils.cc(1191)] gatt_end_operation status=0 op=1 subtype=1
2025-09-16 14:08:15.660 23624-23773 bt_stack                com.android.bluetooth                V  [VERBOSE1:bta_gattc_cache.cc(369)] bta_gattc_disc_cmpl_cbackDisc_type  status:
2025-09-16 14:08:15.660 23624-23773 bt_stack                com.android.bluetooth                V  [VERBOSE1:bta_gattc_cache.cc(168)] Start service discovery
2025-09-16 14:08:15.660 23624-23773 bt_stack                com.android.bluetooth                I  [INFO:gatt_api.cc(635)] GATTC_Discover conn_id=0x000d, disc_type=3, s_handle=0x0001, e_handle=0x0004
2025-09-16 14:08:15.689 23624-23773 bt_stack                com.android.bluetooth                V  [VERBOSE1:gatt_main.cc(1086)] gatt_get_ch_state: ch_state=4
2025-09-16 14:08:15.689 23624-23773 bt_stack                com.android.bluetooth                I  [INFO:gatt_main.cc(919)] gatt_data_process op_code = 1, msg_len = 4
2025-09-16 14:08:15.689 23624-23773 bt_stack                com.android.bluetooth                V  [VERBOSE1:gatt_cl.cc(1112)] gatt_client_handle_server_rsp op_code: 1, len = 4rsp_code: 9
2025-09-16 14:08:15.689 23624-23773 bt_stack                com.android.bluetooth                V  [VERBOSE1:gatt_cl.cc(519)] gatt_process_error_rsp
2025-09-16 14:08:15.689 23624-23773 bt_stack                com.android.bluetooth                V  [VERBOSE1:gatt_cl.cc(481)] gatt_proc_disc_error_rspreason: 0a cmd_code 0008
2025-09-16 14:08:15.689 23624-23773 bt_stack                com.android.bluetooth                V  [VERBOSE1:gatt_cl.cc(491)] Discovery completed
2025-09-16 14:08:15.690 23624-23773 bt_stack                com.android.bluetooth                V  [VERBOSE1:gatt_utils.cc(1191)] gatt_end_operation status=0 op=1 subtype=3
2025-09-16 14:08:15.690 23624-23773 bt_stack                com.android.bluetooth                V  [VERBOSE1:bta_gattc_cache.cc(369)] bta_gattc_disc_cmpl_cbackDisc_type  status:
2025-09-16 14:08:15.690 23624-23773 bt_stack                com.android.bluetooth                I  [INFO:gatt_api.cc(635)] GATTC_Discover conn_id=0x000d, disc_type=4, s_handle=0x0001, e_handle=0x0004
2025-09-16 14:08:15.704 23624-23773 bt_stack                com.android.bluetooth                V  [VERBOSE1:gatt_main.cc(1086)] gatt_get_ch_state: ch_state=4
2025-09-16 14:08:15.704 23624-23773 bt_stack                com.android.bluetooth                I  [INFO:gatt_main.cc(919)] gatt_data_process op_code = 9, msg_len = 8
2025-09-16 14:08:15.704 23624-23773 bt_stack                com.android.bluetooth                V  [VERBOSE1:gatt_cl.cc(1112)] gatt_client_handle_server_rsp op_code: 9, len = 8rsp_code: 9
2025-09-16 14:08:15.704 23624-23773 bt_stack                com.android.bluetooth                V  [VERBOSE1:bta_gattc_cache.cc(332)] bta_gattc_disc_res_cbackconn_id 13disc_type 
2025-09-16 14:08:15.719 23624-23773 bt_stack                com.android.bluetooth                V  [VERBOSE1:gatt_main.cc(1086)] gatt_get_ch_state: ch_state=4
2025-09-16 14:08:15.719 23624-23773 bt_stack                com.android.bluetooth                I  [INFO:gatt_main.cc(919)] gatt_data_process op_code = 1, msg_len = 4
2025-09-16 14:08:15.719 23624-23773 bt_stack                com.android.bluetooth                V  [VERBOSE1:gatt_cl.cc(1112)] gatt_client_handle_server_rsp op_code: 1, len = 4rsp_code: 9
2025-09-16 14:08:15.719 23624-23773 bt_stack                com.android.bluetooth                V  [VERBOSE1:gatt_cl.cc(519)] gatt_process_error_rsp
2025-09-16 14:08:15.719 23624-23773 bt_stack                com.android.bluetooth                V  [VERBOSE1:gatt_cl.cc(481)] gatt_proc_disc_error_rspreason: 0a cmd_code 0008
2025-09-16 14:08:15.719 23624-23773 bt_stack                com.android.bluetooth                V  [VERBOSE1:gatt_cl.cc(491)] Discovery completed
2025-09-16 14:08:15.719 23624-23773 bt_stack                com.android.bluetooth                V  [VERBOSE1:gatt_utils.cc(1191)] gatt_end_operation status=0 op=1 subtype=4
2025-09-16 14:08:15.720 23624-23773 bt_stack                com.android.bluetooth                V  [VERBOSE1:bta_gattc_cache.cc(369)] bta_gattc_disc_cmpl_cbackDisc_type  status:
2025-09-16 14:08:15.720 23624-23773 bt_stack                com.android.bluetooth                V  [VERBOSE1:bta_gattc_cache.cc(204)] starting discover characteristics descriptor
2025-09-16 14:08:15.720 23624-23773 bt_stack                com.android.bluetooth                I  [INFO:gatt_api.cc(635)] GATTC_Discover conn_id=0x000d, disc_type=5, s_handle=0x0004, e_handle=0x0004
2025-09-16 14:08:15.734 23624-23773 bt_stack                com.android.bluetooth                V  [VERBOSE1:gatt_main.cc(1086)] gatt_get_ch_state: ch_state=4
2025-09-16 14:08:15.734 23624-23773 bt_stack                com.android.bluetooth                I  [INFO:gatt_main.cc(919)] gatt_data_process op_code = 5, msg_len = 5
2025-09-16 14:08:15.734 23624-23773 bt_stack                com.android.bluetooth                V  [VERBOSE1:gatt_cl.cc(1112)] gatt_client_handle_server_rsp op_code: 5, len = 5rsp_code: 5
2025-09-16 14:08:15.734 23624-23773 bt_stack                com.android.bluetooth                V  [VERBOSE1:bta_gattc_cache.cc(332)] bta_gattc_disc_res_cbackconn_id 13disc_type 
2025-09-16 14:08:15.734 23624-23773 bt_stack                com.android.bluetooth                V  [VERBOSE1:gatt_utils.cc(1191)] gatt_end_operation status=0 op=1 subtype=5
2025-09-16 14:08:15.734 23624-23773 bt_stack                com.android.bluetooth                V  [VERBOSE1:bta_gattc_cache.cc(369)] bta_gattc_disc_cmpl_cbackDisc_type  status:
2025-09-16 14:08:15.734 23624-23773 bt_stack                com.android.bluetooth                V  [VERBOSE1:bta_gattc_cache.cc(204)] starting discover characteristics descriptor
2025-09-16 14:08:15.735 23624-23773 bt_stack                com.android.bluetooth                V  [VERBOSE1:bta_gattc_cache.cc(168)] Start service discovery
2025-09-16 14:08:15.735 23624-23773 bt_stack                com.android.bluetooth                I  [INFO:gatt_api.cc(635)] GATTC_Discover conn_id=0x000d, disc_type=3, s_handle=0x0005, e_handle=0x000b
2025-09-16 14:08:15.749 23624-23773 bt_stack                com.android.bluetooth                V  [VERBOSE1:gatt_main.cc(1086)] gatt_get_ch_state: ch_state=4
2025-09-16 14:08:15.749 23624-23773 bt_stack                com.android.bluetooth                I  [INFO:gatt_main.cc(919)] gatt_data_process op_code = 1, msg_len = 4
2025-09-16 14:08:15.749 23624-23773 bt_stack                com.android.bluetooth                V  [VERBOSE1:gatt_cl.cc(1112)] gatt_client_handle_server_rsp op_code: 1, len = 4rsp_code: 9
2025-09-16 14:08:15.749 23624-23773 bt_stack                com.android.bluetooth                V  [VERBOSE1:gatt_cl.cc(519)] gatt_process_error_rsp
2025-09-16 14:08:15.749 23624-23773 bt_stack                com.android.bluetooth                V  [VERBOSE1:gatt_cl.cc(481)] gatt_proc_disc_error_rspreason: 0a cmd_code 0008
2025-09-16 14:08:15.749 23624-23773 bt_stack                com.android.bluetooth                V  [VERBOSE1:gatt_cl.cc(491)] Discovery completed
2025-09-16 14:08:15.749 23624-23773 bt_stack                com.android.bluetooth                V  [VERBOSE1:gatt_utils.cc(1191)] gatt_end_operation status=0 op=1 subtype=3
2025-09-16 14:08:15.749 23624-23773 bt_stack                com.android.bluetooth                V  [VERBOSE1:bta_gattc_cache.cc(369)] bta_gattc_disc_cmpl_cbackDisc_type  status:
2025-09-16 14:08:15.749 23624-23773 bt_stack                com.android.bluetooth                I  [INFO:gatt_api.cc(635)] GATTC_Discover conn_id=0x000d, disc_type=4, s_handle=0x0005, e_handle=0x000b
2025-09-16 14:08:15.764 23624-23773 bt_stack                com.android.bluetooth                V  [VERBOSE1:gatt_main.cc(1086)] gatt_get_ch_state: ch_state=4
2025-09-16 14:08:15.764 23624-23773 bt_stack                com.android.bluetooth                I  [INFO:gatt_main.cc(919)] gatt_data_process op_code = 9, msg_len = 22
2025-09-16 14:08:15.764 23624-23773 bt_stack                com.android.bluetooth                V  [VERBOSE1:gatt_cl.cc(1112)] gatt_client_handle_server_rsp op_code: 9, len = 22rsp_code: 9
2025-09-16 14:08:15.764 23624-23773 bt_stack                com.android.bluetooth                V  [VERBOSE1:bta_gattc_cache.cc(332)] bta_gattc_disc_res_cbackconn_id 13disc_type 
2025-09-16 14:08:15.764 23624-23773 chatty                  com.android.bluetooth                I  uid=1002(bluetooth) btu message loo identical 1 line
2025-09-16 14:08:15.764 23624-23773 bt_stack                com.android.bluetooth                V  [VERBOSE1:bta_gattc_cache.cc(332)] bta_gattc_disc_res_cbackconn_id 13disc_type 
2025-09-16 14:08:15.779 23624-23773 bt_stack                com.android.bluetooth                V  [VERBOSE1:gatt_main.cc(1086)] gatt_get_ch_state: ch_state=4
2025-09-16 14:08:15.779 23624-23773 bt_stack                com.android.bluetooth                I  [INFO:gatt_main.cc(919)] gatt_data_process op_code = 1, msg_len = 4
2025-09-16 14:08:15.779 23624-23773 bt_stack                com.android.bluetooth                V  [VERBOSE1:gatt_cl.cc(1112)] gatt_client_handle_server_rsp op_code: 1, len = 4rsp_code: 9
2025-09-16 14:08:15.779 23624-23773 bt_stack                com.android.bluetooth                V  [VERBOSE1:gatt_cl.cc(519)] gatt_process_error_rsp
2025-09-16 14:08:15.779 23624-23773 bt_stack                com.android.bluetooth                V  [VERBOSE1:gatt_cl.cc(481)] gatt_proc_disc_error_rspreason: 0a cmd_code 0008
2025-09-16 14:08:15.779 23624-23773 bt_stack                com.android.bluetooth                V  [VERBOSE1:gatt_cl.cc(491)] Discovery completed
2025-09-16 14:08:15.780 23624-23773 bt_stack                com.android.bluetooth                V  [VERBOSE1:gatt_utils.cc(1191)] gatt_end_operation status=0 op=1 subtype=4
2025-09-16 14:08:15.780 23624-23773 bt_stack                com.android.bluetooth                V  [VERBOSE1:bta_gattc_cache.cc(369)] bta_gattc_disc_cmpl_cbackDisc_type  status:
2025-09-16 14:08:15.780 23624-23773 bt_stack                com.android.bluetooth                V  [VERBOSE1:bta_gattc_cache.cc(204)] starting discover characteristics descriptor
2025-09-16 14:08:15.780 23624-23773 bt_stack                com.android.bluetooth                V  [VERBOSE1:bta_gattc_cache.cc(168)] Start service discovery
2025-09-16 14:08:15.780 23624-23773 bt_stack                com.android.bluetooth                I  [INFO:gatt_api.cc(635)] GATTC_Discover conn_id=0x000d, disc_type=3, s_handle=0x000c, e_handle=0x0010
2025-09-16 14:08:15.794 23624-23773 bt_stack                com.android.bluetooth                V  [VERBOSE1:gatt_main.cc(1086)] gatt_get_ch_state: ch_state=4
2025-09-16 14:08:15.794 23624-23773 bt_stack                com.android.bluetooth                I  [INFO:gatt_main.cc(919)] gatt_data_process op_code = 1, msg_len = 4
2025-09-16 14:08:15.794 23624-23773 bt_stack                com.android.bluetooth                V  [VERBOSE1:gatt_cl.cc(1112)] gatt_client_handle_server_rsp op_code: 1, len = 4rsp_code: 9
2025-09-16 14:08:15.794 23624-23773 bt_stack                com.android.bluetooth                V  [VERBOSE1:gatt_cl.cc(519)] gatt_process_error_rsp
2025-09-16 14:08:15.794 23624-23773 bt_stack                com.android.bluetooth                V  [VERBOSE1:gatt_cl.cc(481)] gatt_proc_disc_error_rspreason: 0a cmd_code 0008
2025-09-16 14:08:15.794 23624-23773 bt_stack                com.android.bluetooth                V  [VERBOSE1:gatt_cl.cc(491)] Discovery completed
2025-09-16 14:08:15.794 23624-23773 bt_stack                com.android.bluetooth                V  [VERBOSE1:gatt_utils.cc(1191)] gatt_end_operation status=0 op=1 subtype=3
2025-09-16 14:08:15.794 23624-23773 bt_stack                com.android.bluetooth                V  [VERBOSE1:bta_gattc_cache.cc(369)] bta_gattc_disc_cmpl_cbackDisc_type  status:
2025-09-16 14:08:15.795 23624-23773 bt_stack                com.android.bluetooth                I  [INFO:gatt_api.cc(635)] GATTC_Discover conn_id=0x000d, disc_type=4, s_handle=0x000c, e_handle=0x0010
2025-09-16 14:08:15.809 23624-23773 bt_stack                com.android.bluetooth                V  [VERBOSE1:gatt_main.cc(1086)] gatt_get_ch_state: ch_state=4
2025-09-16 14:08:15.809 23624-23773 bt_stack                com.android.bluetooth                I  [INFO:gatt_main.cc(919)] gatt_data_process op_code = 9, msg_len = 22
2025-09-16 14:08:15.809 23624-23773 bt_stack                com.android.bluetooth                V  [VERBOSE1:gatt_cl.cc(1112)] gatt_client_handle_server_rsp op_code: 9, len = 22rsp_code: 9
2025-09-16 14:08:15.809 23624-23773 bt_stack                com.android.bluetooth                V  [VERBOSE1:bta_gattc_cache.cc(332)] bta_gattc_disc_res_cbackconn_id 13disc_type 
2025-09-16 14:08:15.824 23624-23773 bt_stack                com.android.bluetooth                V  [VERBOSE1:gatt_main.cc(1086)] gatt_get_ch_state: ch_state=4
2025-09-16 14:08:15.825 23624-23773 bt_stack                com.android.bluetooth                I  [INFO:gatt_main.cc(919)] gatt_data_process op_code = 9, msg_len = 22
2025-09-16 14:08:15.825 23624-23773 bt_stack                com.android.bluetooth                V  [VERBOSE1:gatt_cl.cc(1112)] gatt_client_handle_server_rsp op_code: 9, len = 22rsp_code: 9
2025-09-16 14:08:15.825 23624-23773 bt_stack                com.android.bluetooth                V  [VERBOSE1:bta_gattc_cache.cc(332)] bta_gattc_disc_res_cbackconn_id 13disc_type 
2025-09-16 14:08:15.839 23624-23773 bt_stack                com.android.bluetooth                V  [VERBOSE1:gatt_main.cc(1086)] gatt_get_ch_state: ch_state=4
2025-09-16 14:08:15.839 23624-23773 bt_stack                com.android.bluetooth                I  [INFO:gatt_main.cc(919)] gatt_data_process op_code = 1, msg_len = 4
2025-09-16 14:08:15.839 23624-23773 bt_stack                com.android.bluetooth                V  [VERBOSE1:gatt_cl.cc(1112)] gatt_client_handle_server_rsp op_code: 1, len = 4rsp_code: 9
2025-09-16 14:08:15.839 23624-23773 bt_stack                com.android.bluetooth                V  [VERBOSE1:gatt_cl.cc(519)] gatt_process_error_rsp
2025-09-16 14:08:15.839 23624-23773 bt_stack                com.android.bluetooth                V  [VERBOSE1:gatt_cl.cc(481)] gatt_proc_disc_error_rspreason: 0a cmd_code 0008
2025-09-16 14:08:15.839 23624-23773 bt_stack                com.android.bluetooth                V  [VERBOSE1:gatt_cl.cc(491)] Discovery completed
2025-09-16 14:08:15.839 23624-23773 bt_stack                com.android.bluetooth                V  [VERBOSE1:gatt_utils.cc(1191)] gatt_end_operation status=0 op=1 subtype=4
2025-09-16 14:08:15.839 23624-23773 bt_stack                com.android.bluetooth                V  [VERBOSE1:bta_gattc_cache.cc(369)] bta_gattc_disc_cmpl_cbackDisc_type  status:
2025-09-16 14:08:15.839 23624-23773 bt_stack                com.android.bluetooth                V  [VERBOSE1:bta_gattc_cache.cc(204)] starting discover characteristics descriptor
2025-09-16 14:08:15.840 23624-23773 bt_stack                com.android.bluetooth                V  [VERBOSE1:bta_gattc_cache.cc(168)] Start service discovery
2025-09-16 14:08:15.840 23624-23773 bt_stack                com.android.bluetooth                I  [INFO:gatt_api.cc(635)] GATTC_Discover conn_id=0x000d, disc_type=3, s_handle=0x0011, e_handle=0x0017
2025-09-16 14:08:15.854 23624-23773 bt_stack                com.android.bluetooth                V  [VERBOSE1:gatt_main.cc(1086)] gatt_get_ch_state: ch_state=4
2025-09-16 14:08:15.854 23624-23773 bt_stack                com.android.bluetooth                I  [INFO:gatt_main.cc(919)] gatt_data_process op_code = 1, msg_len = 4
2025-09-16 14:08:15.854 23624-23773 bt_stack                com.android.bluetooth                V  [VERBOSE1:gatt_cl.cc(1112)] gatt_client_handle_server_rsp op_code: 1, len = 4rsp_code: 9
2025-09-16 14:08:15.854 23624-23773 bt_stack                com.android.bluetooth                V  [VERBOSE1:gatt_cl.cc(519)] gatt_process_error_rsp
2025-09-16 14:08:15.854 23624-23773 bt_stack                com.android.bluetooth                V  [VERBOSE1:gatt_cl.cc(481)] gatt_proc_disc_error_rspreason: 0a cmd_code 0008
2025-09-16 14:08:15.854 23624-23773 bt_stack                com.android.bluetooth                V  [VERBOSE1:gatt_cl.cc(491)] Discovery completed
2025-09-16 14:08:15.854 23624-23773 bt_stack                com.android.bluetooth                V  [VERBOSE1:gatt_utils.cc(1191)] gatt_end_operation status=0 op=1 subtype=3
2025-09-16 14:08:15.854 23624-23773 bt_stack                com.android.bluetooth                V  [VERBOSE1:bta_gattc_cache.cc(369)] bta_gattc_disc_cmpl_cbackDisc_type  status:
2025-09-16 14:08:15.855 23624-23773 bt_stack                com.android.bluetooth                I  [INFO:gatt_api.cc(635)] GATTC_Discover conn_id=0x000d, disc_type=4, s_handle=0x0011, e_handle=0x0017
2025-09-16 14:08:15.869 23624-23773 bt_stack                com.android.bluetooth                V  [VERBOSE1:gatt_main.cc(1086)] gatt_get_ch_state: ch_state=4
2025-09-16 14:08:15.869 23624-23773 bt_stack                com.android.bluetooth                I  [INFO:gatt_main.cc(919)] gatt_data_process op_code = 9, msg_len = 22
