2025-09-16 13:38:50.076 30462-30462 ConstraintSet           com.android.systemui                 W  id unknown qs_media_controls_options
2025-09-16 13:38:50.079 30462-30462 ConstraintSet           com.android.systemui                 W  id unknown center_vertical_guideline
2025-09-16 13:38:50.079 30462-30462 ConstraintSet           com.android.systemui                 W  id unknown media_action_barrier
2025-09-16 13:38:50.079 30462-30462 ConstraintSet           com.android.systemui                 W  id unknown qs_media_controls_options
2025-09-16 13:38:50.080 30462-30462 ConstraintSet           com.android.systemui                 W  id unknown center_vertical_guideline
2025-09-16 13:38:50.080 30462-30462 ConstraintSet           com.android.systemui                 W  id unknown media_action_barrier
2025-09-16 13:38:50.080 30462-30462 ConstraintSet           com.android.systemui                 W  id unknown qs_media_controls_options
2025-09-16 13:38:50.084 30462-30462 Interrupti...teProvider com.android.systemui                 D  No alerting: filtered notification: 0|com.spotify.music|2131430522|null|10120
2025-09-16 13:38:50.085 30462-30462 chatty                  com.android.systemui                 I  uid=10019(com.android.systemui) identical 1 line
2025-09-16 13:38:50.085 30462-30462 Interrupti...teProvider com.android.systemui                 D  No alerting: filtered notification: 0|com.spotify.music|2131430522|null|10120
2025-09-16 13:38:50.088 30462-30462 StackScroller           com.android.systemui                 D  updateSpeedBumpIndex newIndex:16 noAmbient: false
2025-09-16 13:38:50.088 30462-30462 StackScroller           com.android.systemui                 D  updateFooter showDismissView true showFooterView true showHistory false hasActiveNotifications() true mStatusBarState 0
2025-09-16 13:38:50.089 30462-30462 StackScroller           com.android.systemui                 D  setting break mode view visibility: isKeyGaurdVisible:false isWLBON:false
2025-09-16 13:38:50.089 30462-30462 ConstraintSet           com.android.systemui                 W  id unknown center_vertical_guideline
2025-09-16 13:38:50.089 30462-30462 ConstraintSet           com.android.systemui                 W  id unknown media_action_barrier
2025-09-16 13:38:50.089 30462-30462 ConstraintSet           com.android.systemui                 W  id unknown qs_media_controls_options
2025-09-16 13:38:50.091 30462-30462 UniqueObjectHostView    com.android.systemui                 D  onMeasure: 1073742770, -2147482258
2025-09-16 13:38:50.091 30462-30462 UniqueObjectHostView    com.android.systemui                 D  measuredDimension: 946, 0, 287, 0
2025-09-16 13:38:50.091 30462-30462 UniqueObjectHostView    com.android.systemui                 D  onMeasure: 1073742770, -2147482523
2025-09-16 13:38:50.091 30462-30462 UniqueObjectHostView    com.android.systemui                 D  measuredDimension: 946, 0, 287, 0
2025-09-16 13:38:50.098 30462-30462 Interrupti...teProvider com.android.systemui                 D  No alerting: filtered notification: 0|com.spotify.music|2131430522|null|10120
2025-09-16 13:38:50.098 30462-30462 chatty                  com.android.systemui                 I  uid=10019(com.android.systemui) identical 1 line
2025-09-16 13:38:50.098 30462-30462 Interrupti...teProvider com.android.systemui                 D  No alerting: filtered notification: 0|com.spotify.music|2131430522|null|10120
2025-09-16 13:38:50.101 30462-30462 StackScroller           com.android.systemui                 D  updateSpeedBumpIndex newIndex:16 noAmbient: false
2025-09-16 13:38:50.102 30462-30462 StackScroller           com.android.systemui                 D  updateFooter showDismissView true showFooterView true showHistory false hasActiveNotifications() true mStatusBarState 0
2025-09-16 13:38:50.102 30462-30462 StackScroller           com.android.systemui                 D  setting break mode view visibility: isKeyGaurdVisible:false isWLBON:false
2025-09-16 13:38:50.105 30462-30462 Interrupti...teProvider com.android.systemui                 D  No alerting: filtered notification: 0|com.spotify.music|2131430522|null|10120
2025-09-16 13:38:50.105 30462-30462 chatty                  com.android.systemui                 I  uid=10019(com.android.systemui) identical 1 line
2025-09-16 13:38:50.105 30462-30462 Interrupti...teProvider com.android.systemui                 D  No alerting: filtered notification: 0|com.spotify.music|2131430522|null|10120
2025-09-16 13:38:50.109 30462-30462 StackScroller           com.android.systemui                 D  updateSpeedBumpIndex newIndex:16 noAmbient: false
2025-09-16 13:38:50.109 30462-30462 StackScroller           com.android.systemui                 D  updateFooter showDismissView true showFooterView true showHistory false hasActiveNotifications() true mStatusBarState 0
2025-09-16 13:38:50.110 30462-30462 StackScroller           com.android.systemui                 D  setting break mode view visibility: isKeyGaurdVisible:false isWLBON:false
2025-09-16 13:38:50.112 30462-30462 Interrupti...teProvider com.android.systemui                 D  No alerting: filtered notification: 0|com.spotify.music|2131430522|null|10120
2025-09-16 13:38:50.112 30462-30462 chatty                  com.android.systemui                 I  uid=10019(com.android.systemui) identical 1 line
2025-09-16 13:38:50.112 30462-30462 Interrupti...teProvider com.android.systemui                 D  No alerting: filtered notification: 0|com.spotify.music|2131430522|null|10120
2025-09-16 13:38:50.115 30462-30462 StackScroller           com.android.systemui                 D  updateSpeedBumpIndex newIndex:16 noAmbient: false
2025-09-16 13:38:50.116 30462-30462 StackScroller           com.android.systemui                 D  updateFooter showDismissView true showFooterView true showHistory false hasActiveNotifications() true mStatusBarState 0
2025-09-16 13:38:50.116 30462-30462 StackScroller           com.android.systemui                 D  setting break mode view visibility: isKeyGaurdVisible:false isWLBON:false
2025-09-16 13:38:50.118 30462-30462 Interrupti...teProvider com.android.systemui                 D  No alerting: filtered notification: 0|com.spotify.music|2131430522|null|10120
2025-09-16 13:38:50.118 30462-30462 chatty                  com.android.systemui                 I  uid=10019(com.android.systemui) identical 1 line
2025-09-16 13:38:50.118 30462-30462 Interrupti...teProvider com.android.systemui                 D  No alerting: filtered notification: 0|com.spotify.music|2131430522|null|10120
2025-09-16 13:38:50.121 30462-30462 StackScroller           com.android.systemui                 D  updateSpeedBumpIndex newIndex:16 noAmbient: false
2025-09-16 13:38:50.122 30462-30462 StackScroller           com.android.systemui                 D  updateFooter showDismissView true showFooterView true showHistory false hasActiveNotifications() true mStatusBarState 0
2025-09-16 13:38:50.122 30462-30462 StackScroller           com.android.systemui                 D  setting break mode view visibility: isKeyGaurdVisible:false isWLBON:false
2025-09-16 13:38:50.124 30462-30462 Interrupti...teProvider com.android.systemui                 D  No alerting: filtered notification: 0|com.spotify.music|2131430522|null|10120
2025-09-16 13:38:50.124 30462-30462 chatty                  com.android.systemui                 I  uid=10019(com.android.systemui) identical 1 line
2025-09-16 13:38:50.125 30462-30462 Interrupti...teProvider com.android.systemui                 D  No alerting: filtered notification: 0|com.spotify.music|2131430522|null|10120
2025-09-16 13:38:50.128 30462-30462 StackScroller           com.android.systemui                 D  updateSpeedBumpIndex newIndex:16 noAmbient: false
2025-09-16 13:38:50.128 30462-30462 StackScroller           com.android.systemui                 D  updateFooter showDismissView true showFooterView true showHistory false hasActiveNotifications() true mStatusBarState 0
2025-09-16 13:38:50.129 30462-30462 StackScroller           com.android.systemui                 D  setting break mode view visibility: isKeyGaurdVisible:false isWLBON:false
2025-09-16 13:38:50.131 30462-30462 Interrupti...teProvider com.android.systemui                 D  No alerting: filtered notification: 0|com.spotify.music|2131430522|null|10120
2025-09-16 13:38:50.131 30462-30462 chatty                  com.android.systemui                 I  uid=10019(com.android.systemui) identical 1 line
2025-09-16 13:38:50.131 30462-30462 Interrupti...teProvider com.android.systemui                 D  No alerting: filtered notification: 0|com.spotify.music|2131430522|null|10120
2025-09-16 13:38:50.134 30462-30462 StackScroller           com.android.systemui                 D  updateSpeedBumpIndex newIndex:16 noAmbient: false
2025-09-16 13:38:50.135 30462-30462 StackScroller           com.android.systemui                 D  updateFooter showDismissView true showFooterView true showHistory false hasActiveNotifications() true mStatusBarState 0
2025-09-16 13:38:50.135 30462-30462 StackScroller           com.android.systemui                 D  setting break mode view visibility: isKeyGaurdVisible:false isWLBON:false
2025-09-16 13:38:50.136 30462-30462 ConstraintSet           com.android.systemui                 W  id unknown center_vertical_guideline
2025-09-16 13:38:50.136 30462-30462 ConstraintSet           com.android.systemui                 W  id unknown media_action_barrier
2025-09-16 13:38:50.136 30462-30462 ConstraintSet           com.android.systemui                 W  id unknown qs_media_controls_options
2025-09-16 13:38:50.138 30462-30462 ConstraintSet           com.android.systemui                 W  id unknown center_vertical_guideline
2025-09-16 13:38:50.139 30462-30462 ConstraintSet           com.android.systemui                 W  id unknown media_action_barrier
2025-09-16 13:38:50.139 30462-30462 ConstraintSet           com.android.systemui                 W  id unknown qs_media_controls_options
2025-09-16 13:38:50.143 30462-30462 UniqueObjectHostView    com.android.systemui                 D  onMeasure: 1073742770, -2147482258
2025-09-16 13:38:50.143 30462-30462 UniqueObjectHostView    com.android.systemui                 D  measuredDimension: 946, 0, 287, 0
2025-09-16 13:38:50.143 30462-30462 UniqueObjectHostView    com.android.systemui                 D  onMeasure: 1073742770, -2147482523
2025-09-16 13:38:50.143 30462-30462 UniqueObjectHostView    com.android.systemui                 D  measuredDimension: 946, 0, 287, 0
2025-09-16 13:38:50.149 30462-30462 ConstraintSet           com.android.systemui                 W  id unknown center_vertical_guideline
2025-09-16 13:38:50.149 30462-30462 ConstraintSet           com.android.systemui                 W  id unknown media_action_barrier
2025-09-16 13:38:50.149 30462-30462 ConstraintSet           com.android.systemui                 W  id unknown qs_media_controls_options
2025-09-16 13:38:50.152 30462-30462 ConstraintSet           com.android.systemui                 W  id unknown center_vertical_guideline
2025-09-16 13:38:50.152 30462-30462 ConstraintSet           com.android.systemui                 W  id unknown media_action_barrier
2025-09-16 13:38:50.152 30462-30462 ConstraintSet           com.android.systemui                 W  id unknown qs_media_controls_options
2025-09-16 13:38:50.154 30462-30462 ConstraintSet           com.android.systemui                 W  id unknown center_vertical_guideline
2025-09-16 13:38:50.154 30462-30462 ConstraintSet           com.android.systemui                 W  id unknown media_action_barrier
2025-09-16 13:38:50.154 30462-30462 ConstraintSet           com.android.systemui                 W  id unknown qs_media_controls_options
2025-09-16 13:38:50.156 30462-30462 ConstraintSet           com.android.systemui                 W  id unknown center_vertical_guideline
2025-09-16 13:38:50.156 30462-30462 ConstraintSet           com.android.systemui                 W  id unknown media_action_barrier
2025-09-16 13:38:50.156 30462-30462 ConstraintSet           com.android.systemui                 W  id unknown qs_media_controls_options
2025-09-16 13:38:50.158 30462-30462 ConstraintSet           com.android.systemui                 W  id unknown center_vertical_guideline
2025-09-16 13:38:50.158 30462-30462 ConstraintSet           com.android.systemui                 W  id unknown media_action_barrier
2025-09-16 13:38:50.158 30462-30462 ConstraintSet           com.android.systemui                 W  id unknown qs_media_controls_options
2025-09-16 13:38:50.160 30462-30462 ConstraintSet           com.android.systemui                 W  id unknown center_vertical_guideline
2025-09-16 13:38:50.160 30462-30462 ConstraintSet           com.android.systemui                 W  id unknown media_action_barrier
2025-09-16 13:38:50.160 30462-30462 ConstraintSet           com.android.systemui                 W  id unknown qs_media_controls_options
2025-09-16 13:38:50.162 30462-30462 ConstraintSet           com.android.systemui                 W  id unknown center_vertical_guideline
2025-09-16 13:38:50.162 30462-30462 ConstraintSet           com.android.systemui                 W  id unknown media_action_barrier
2025-09-16 13:38:50.162 30462-30462 ConstraintSet           com.android.systemui                 W  id unknown qs_media_controls_options
2025-09-16 13:38:50.164 30462-30462 ConstraintSet           com.android.systemui                 W  id unknown center_vertical_guideline
2025-09-16 13:38:50.164 30462-30462 ConstraintSet           com.android.systemui                 W  id unknown media_action_barrier
2025-09-16 13:38:50.164 30462-30462 ConstraintSet           com.android.systemui                 W  id unknown qs_media_controls_options
2025-09-16 13:38:50.166 30462-30462 UniqueObjectHostView    com.android.systemui                 D  onMeasure: 1073742770, -2147482258
2025-09-16 13:38:50.166 30462-30462 UniqueObjectHostView    com.android.systemui                 D  measuredDimension: 946, 0, 287, 0
2025-09-16 13:38:50.166 30462-30462 UniqueObjectHostView    com.android.systemui                 D  onMeasure: 1073742770, -2147482523
2025-09-16 13:38:50.166 30462-30462 UniqueObjectHostView    com.android.systemui                 D  measuredDimension: 946, 0, 287, 0
2025-09-16 13:38:50.171 30462-30462 ndroid.systemu          com.android.systemui                 E  Invalid ID 0x00000000.
2025-09-16 13:38:50.172 30462-30462 ndroid.systemu          com.android.systemui                 E  Invalid ID 0x00000000.
2025-09-16 13:38:50.720   963-23776 vendor.qti...bs_handler and...are.bluetooth@1.0-service-qti  I  DeviceSleep: TX Awake, Sending SLEEP_IND
2025-09-16 13:38:50.721   963-23776 vendor.qti...bs_handler and...are.bluetooth@1.0-service-qti  D  SerialClockVote: vote for UART CLK OFF
2025-09-16 13:38:50.871   963-23752 vendor.qti...-wake_lock and...are.bluetooth@1.0-service-qti  D  Release wakelock is released 
2025-09-16 13:38:51.076 22920-22920 GattConnectionService   com.remoticom.energynodeinset        D  Service state updated with ServiceState(device=DeviceImpl(uuid=00000000-0000-0000-0000-f0d78f4d8082, device=F0:D7:8F:4D:80:82, type=Bdc, serviceUuids=[a55d1c55-0088-ffff-0000-000000000000], health=null, state=null), characteristics=null, isConnecting=true, connectionStatus=Disconnected, lastGattError=null)
2025-09-16 13:38:51.077 22920-22920 GattConnectionService   com.remoticom.energynodeinset        D  Connect attempt #1
2025-09-16 13:38:51.077 22920-22920 GattConnectionService   com.remoticom.energynodeinset        D  Service state updated with ServiceState(device=DeviceImpl(uuid=00000000-0000-0000-0000-f0d78f4d8082, device=F0:D7:8F:4D:80:82, type=Bdc, serviceUuids=[a55d1c55-0088-ffff-0000-000000000000], health=null, state=null), characteristics=null, isConnecting=true, connectionStatus=Connecting, lastGattError=null)
2025-09-16 13:38:51.485 19804-23827 NearbyMediums           com.google.android.gms.persistent    I  Found Fast Ble Advertisements :
                                                                                                    BleAdvertisement { version=2, socketVersion=2, isFast=true, serviceIdHash=null, data=[ 0x23 0x41 0x46 0x50 0x46 0x11 0x32 0x83 0x83 0xa7 0xa1 0xf4 0x77 0x3a 0xfe 0x1e 0x9e 0x3b 0x35 0x78 0xef 0x07 0x31 ], deviceToken=[ 0x05 0xec ], rxAdvertisement=null } : 1 times.
                                                                                                    Total 1 fast advertisements from 1 unique advertisers.
2025-09-16 13:38:51.486 19804-23827 NearbyMediums           com.google.android.gms.persistent    I  Current Tracked Scanning Clients are : {NearbyConnections.EnvironmentMonitor, NearbySharing}
2025-09-16 13:38:51.488 19804-25456 NearbyConnections       com.google.android.gms.persistent    I  Processing lost BlePeripheral BlePeripheral{advertisement=BleAdvertisement { version=2, socketVersion=2, isFast=true, serviceIdHash=null, data=[ 0x23 0x48 0x52 0x4e 0x51 0x11 0x32 0xda 0xd9 0xed 0x74 0xcc 0xce 0xde 0x9a 0x00 0xb9 0x0c 0xca 0x76 0x4d 0x37 0x84 ], deviceToken=[ 0x49 0x02 ], rxAdvertisement=null }, dctAdvertisement=null, address=null, psm=0, deviceToken=<ByteString@8cef2a9 size=2 contents="I\002">, isSecondProfile=false, rxInstantConnectionAdv=null}.
2025-09-16 13:38:51.489 19804-25456 NearbyConnections       com.google.android.gms.persistent    I  Lost BleEndpoint for BlePeripheral BlePeripheral{advertisement=BleAdvertisement { version=2, socketVersion=2, isFast=true, serviceIdHash=null, data=[ 0x23 0x48 0x52 0x4e 0x51 0x11 0x32 0xda 0xd9 0xed 0x74 0xcc 0xce 0xde 0x9a 0x00 0xb9 0x0c 0xca 0x76 0x4d 0x37 0x84 ], deviceToken=[ 0x49 0x02 ], rxAdvertisement=null }, dctAdvertisement=null, address=null, psm=0, deviceToken=<ByteString@8cef2a9 size=2 contents="I\002">, isSecondProfile=false, rxInstantConnectionAdv=null} (with EndpointId HRNQ and EndpointInfo [ 0x32 0xda 0xd9 0xed 0x74 0xcc 0xce 0xde 0x9a 0x00 0xb9 0x0c 0xca 0x76 0x4d 0x37 0x84 ]).
2025-09-16 13:38:51.491 19804-25456 NearbyConnections       com.google.android.gms.persistent    I  ClientProxy(127496969) reporting onEndpointLost(HRNQ)
2025-09-16 13:38:51.495 19804-25456 NearbySharing           com.google.android.gms.persistent    I  NearbySharing Internal event EndpointLost(endpointId=HRNQ)
2025-09-16 13:38:51.513  3143-3143  MDM-DataAc...ionManager com.android.phone                    D  onDataActivity: isNewEvent = false, isEndEvent = true
2025-09-16 13:38:51.514  3143-3143  MDM-DataAc...ionManager com.android.phone                    D  updateDataActiveDuration: original active duration = 6061860
2025-09-16 13:38:51.514  3143-3143  MDM-DataAc...ionManager com.android.phone                    D  updateDataActiveDuration: current connection time = 6063871
2025-09-16 13:38:51.514  3143-3143  MDM-DataTr...eedTracker com.android.phone                    D  onDataActivity: isNewTxEvent = false, isNewRxEvent = false, isTxEndEvent = true, isRxEndEvent = true
2025-09-16 13:38:51.514  3143-3143  MDM-DataTr...eedTracker com.android.phone                    D  updateTransferSpeedData: isTx = true
2025-09-16 13:38:51.515 30462-30498 NetworkCon...troller(1) com.android.systemui                 D  notifyListeners, showSimLoadedFakeIcon :false
2025-09-16 13:38:51.515  3143-3143  MDM-DataTr...eedTracker com.android.phone                    D  updateTransferSpeedData: mCurDdsSimNetworkClass = 2, currentTxBytes = 66381544, incrementTxBytes = 5003, transferTxSpeed = 2501
2025-09-16 13:38:51.515  3143-3143  MDM-DataTr...eedTracker com.android.phone                    D  getBucketIndexByBelongingRange: index = 0, transferSpeed = 2501
2025-09-16 13:38:51.515  3143-3143  MDM-DataTr...eedTracker com.android.phone                    D  updateTransferSpeedData: isTx = false
2025-09-16 13:38:51.516  3143-3143  MDM-DataTr...eedTracker com.android.phone                    D  updateTransferSpeedData: mCurDdsSimNetworkClass = 2, currentRxBytes = 1987463299, incrementRxBytes = 5774, transferRxSpeed = 481
2025-09-16 13:38:51.516  3143-3143  MDM-DataTr...eedTracker com.android.phone                    D  getBucketIndexByBelongingRange: index = 0, transferSpeed = 481
2025-09-16 13:38:51.517 30462-30462 ndroid.systemu          com.android.systemui                 E  Invalid ID 0x00000000.
2025-09-16 13:38:51.958  1689-1837  QMI_FW                  qcrild                               E  qmi_cci_get_ref: ref count increased 2
2025-09-16 13:38:51.961  1689-1757  QMI_FW                  qcrild                               E  qmi_cci_get_ref: ref count increased 2
2025-09-16 13:38:52.003  3143-3143  PhoneInterfaceManager   com.android.phone                    D  [PhoneIntfMgr] getPhoneFromSubId: 1
2025-09-16 13:38:52.009  1689-1757  QMI_FW                  qcrild                               E  qmi_cci_get_ref: ref count increased 2
2025-09-16 13:38:52.011  1689-1757  QMI_FW                  qcrild                               E  qmi_cci_get_ref: ref count increased 2
2025-09-16 13:38:52.019  3143-3143  MDM-OPMdmListener       com.android.phone                    D  onCellInfoChanged the cellInfo changed phoneId 0
2025-09-16 13:38:52.851  1099-1157  surfaceflinger          surfaceflinger                       E  [frame_perf] AutoBoostStrategyQuery fd<0 failed, errno=Inappropriate ioctl for device
2025-09-16 13:38:52.851  1099-1157  surfaceflinger          surfaceflinger                       E  [frame_perf] AutoBoostConfigQuery fd<0 failed, errno=Inappropriate ioctl for device
2025-09-16 13:38:52.922  1689-1828  QMI_FW                  qcrild                               E  qmi_cci_get_ref: ref count increased 2
2025-09-16 13:38:52.925  1689-1757  QMI_FW                  qcrild                               E  qmi_cci_get_ref: ref count increased 2
2025-09-16 13:38:53.445   963-23771 vendor.qti...bs_handler and...are.bluetooth@1.0-service-qti  I  ProcessIbsCmd: Received IBS_WAKE_IND: 0xFD
2025-09-16 13:38:53.445   963-23771 vendor.qti...bs_handler and...are.bluetooth@1.0-service-qti  D  SerialClockVote: vote for UART CLK ON
2025-09-16 13:38:53.446   963-23771 vendor.qti...-wake_lock and...are.bluetooth@1.0-service-qti  D  Acquire wakelock is acquired 
2025-09-16 13:38:53.446   963-23771 vendor.qti...bs_handler and...are.bluetooth@1.0-service-qti  I  ProcessIbsCmd: Writing IBS_WAKE_ACK
2025-09-16 13:38:53.449 23624-23773 bt_stack                com.android.bluetooth                V  [VERBOSE1:btm_inq.cc(1019)] BTM_InqDbRead: bd addr 75:83:87:81:e8:bb
2025-09-16 13:38:53.488   963-23771 vendor.qti...bs_handler and...are.bluetooth@1.0-service-qti  I  ProcessIbsCmd: Received IBS_SLEEP_IND: 0xFE
2025-09-16 13:38:53.488   963-23771 vendor.qti...bs_handler and...are.bluetooth@1.0-service-qti  D  SerialClockVote: vote for UART CLK OFF
2025-09-16 13:38:53.638   963-23752 vendor.qti...-wake_lock and...are.bluetooth@1.0-service-qti  D  Release wakelock is released 
2025-09-16 13:38:54.550  1689-1837  QMI_FW                  qcrild                               E  qmi_cci_get_ref: ref count increased 2
2025-09-16 13:38:54.552  1689-1757  QMI_FW                  qcrild                               E  qmi_cci_get_ref: ref count increased 2
2025-09-16 13:38:49.881  1305-10196 BluetoothManagerService system_server                        D  delete dump logs
2025-09-16 13:38:54.852  1305-1758  BatteryStatsImpl        system_server                        I  set mBatteryTimeToFullSeconds to 3390
2025-09-16 13:38:54.854  1305-1734  AlarmManager            system_server                        W  Unrecognized alarm listener com.android.server.OpPowerControllerService$tsu@dab256d
2025-09-16 13:38:54.858 30462-30462 OpUtils                 com.android.systemui                 I  isSupportWarpCharging:false
2025-09-16 13:38:54.858 30462-30462 OpSWarpChargingView     com.android.systemui                 D  level is same as latest one [100]
2025-09-16 13:38:54.860 30462-30462 KeyguardUpdateMonitor   com.android.systemui                 D  received broadcast android.intent.action.BATTERY_CHANGED
2025-09-16 13:38:54.861 30462-30462 OpUtils                 com.android.systemui                 I  isSupportWarpCharging:false
2025-09-16 13:38:54.861 30462-30462 KeyguardUpdateMonitor   com.android.systemui                 D  pdCharge false, chargingstatus 0, fastcharge:0
2025-09-16 13:38:54.873   963-23771 vendor.qti...bs_handler and...are.bluetooth@1.0-service-qti  I  ProcessIbsCmd: Received IBS_WAKE_IND: 0xFD
2025-09-16 13:38:54.873   963-23771 vendor.qti...bs_handler and...are.bluetooth@1.0-service-qti  D  SerialClockVote: vote for UART CLK ON
2025-09-16 13:38:54.874   963-23771 vendor.qti...-wake_lock and...are.bluetooth@1.0-service-qti  D  Acquire wakelock is acquired 
2025-09-16 13:38:54.874   963-23771 vendor.qti...bs_handler and...are.bluetooth@1.0-service-qti  I  ProcessIbsCmd: Writing IBS_WAKE_ACK
2025-09-16 13:38:54.909  3107-3107  DeviceStatisticsService com...m.qti.devicestatisticsservice  D  chargerType=2 batteryLevel=100 totalBatteryCapacity=2539300
2025-09-16 13:38:54.914   963-23771 vendor.qti...bs_handler and...are.bluetooth@1.0-service-qti  I  ProcessIbsCmd: Received IBS_SLEEP_IND: 0xFE
2025-09-16 13:38:54.914   963-23771 vendor.qti...bs_handler and...are.bluetooth@1.0-service-qti  D  SerialClockVote: vote for UART CLK OFF
2025-09-16 13:38:54.954  1099-21666 surfaceflinger          surfaceflinger                       E  [frame_perf] perfboost open boost file failed
2025-09-16 13:38:54.955  1099-1157  surfaceflinger          surfaceflinger                       E  [frame_perf] perfboost open boost file failed
2025-09-16 13:38:55.021  1099-21666 surfaceflinger          surfaceflinger                       E  [frame_perf] perfboost open boost file failed
2025-09-16 13:38:55.022  1099-1157  surfaceflinger          surfaceflinger                       E  [frame_perf] perfboost open boost file failed
2025-09-16 13:38:55.065   963-23752 vendor.qti...-wake_lock and...are.bluetooth@1.0-service-qti  D  Release wakelock is released 
2025-09-16 13:38:55.072  1099-21666 surfaceflinger          surfaceflinger                       E  [frame_perf] perfboost open boost file failed
2025-09-16 13:38:55.072  1099-1156  surfaceflinger          surfaceflinger                       E  [frame_perf] perfboost open boost file failed
2025-09-16 13:38:55.121  1099-21666 surfaceflinger          surfaceflinger                       E  [frame_perf] perfboost open boost file failed
2025-09-16 13:38:55.122  1099-1156  surfaceflinger          surfaceflinger                       E  [frame_perf] perfboost open boost file failed
2025-09-16 13:38:55.139  1099-21666 surfaceflinger          surfaceflinger                       E  [frame_perf] perfboost open boost file failed
2025-09-16 13:38:55.140  1099-1468  surfaceflinger          surfaceflinger                       E  [frame_perf] perfboost open boost file failed
2025-09-16 13:38:55.204  1099-21666 surfaceflinger          surfaceflinger                       E  [frame_perf] perfboost open boost file failed
2025-09-16 13:38:55.205  1099-1468  surfaceflinger          surfaceflinger                       E  [frame_perf] perfboost open boost file failed
2025-09-16 13:38:55.222  1099-21666 surfaceflinger          surfaceflinger                       E  [frame_perf] perfboost open boost file failed
2025-09-16 13:38:55.222  1099-1468  surfaceflinger          surfaceflinger                       E  [frame_perf] perfboost open boost file failed
2025-09-16 13:38:55.239  1099-21666 surfaceflinger          surfaceflinger                       E  [frame_perf] perfboost open boost file failed
2025-09-16 13:38:55.239  1099-1468  surfaceflinger          surfaceflinger                       E  [frame_perf] perfboost open boost file failed
2025-09-16 13:38:55.372  1099-21666 surfaceflinger          surfaceflinger                       E  [frame_perf] perfboost open boost file failed
2025-09-16 13:38:55.373  1099-1468  surfaceflinger          surfaceflinger                       E  [frame_perf] perfboost open boost file failed
2025-09-16 13:38:55.471  1099-21666 surfaceflinger          surfaceflinger                       E  [frame_perf] perfboost open boost file failed
2025-09-16 13:38:55.472  1099-1156  surfaceflinger          surfaceflinger                       E  [frame_perf] perfboost open boost file failed
2025-09-16 13:38:55.572  1099-21666 surfaceflinger          surfaceflinger                       E  [frame_perf] perfboost open boost file failed
2025-09-16 13:38:55.573  1099-1157  surfaceflinger          surfaceflinger                       E  [frame_perf] perfboost open boost file failed
2025-09-16 13:38:55.689  1099-21666 surfaceflinger          surfaceflinger                       E  [frame_perf] perfboost open boost file failed
2025-09-16 13:38:55.689  1099-1468  surfaceflinger          surfaceflinger                       E  [frame_perf] perfboost open boost file failed
2025-09-16 13:38:55.773  1099-21666 surfaceflinger          surfaceflinger                       E  [frame_perf] perfboost open boost file failed
2025-09-16 13:38:55.773  1099-1156  surfaceflinger          surfaceflinger                       E  [frame_perf] perfboost open boost file failed
2025-09-16 13:38:55.921  1099-21666 surfaceflinger          surfaceflinger                       E  [frame_perf] perfboost open boost file failed
2025-09-16 13:38:55.922  1099-1468  surfaceflinger          surfaceflinger                       E  [frame_perf] perfboost open boost file failed
2025-09-16 13:38:55.955  1099-21666 surfaceflinger          surfaceflinger                       E  [frame_perf] perfboost open boost file failed
2025-09-16 13:38:55.956  1099-1468  surfaceflinger          surfaceflinger                       E  [frame_perf] perfboost open boost file failed
2025-09-16 13:38:55.973  1099-21666 surfaceflinger          surfaceflinger                       E  [frame_perf] perfboost open boost file failed
2025-09-16 13:38:55.974  1099-1468  surfaceflinger          surfaceflinger                       E  [frame_perf] perfboost open boost file failed
2025-09-16 13:38:56.040  1099-21666 surfaceflinger          surfaceflinger                       E  [frame_perf] perfboost open boost file failed
2025-09-16 13:38:56.040  1099-1156  surfaceflinger          surfaceflinger                       E  [frame_perf] perfboost open boost file failed
2025-09-16 13:38:56.074  1099-21666 surfaceflinger          surfaceflinger                       E  [frame_perf] perfboost open boost file failed
2025-09-16 13:38:56.074  1099-1468  surfaceflinger          surfaceflinger                       E  [frame_perf] perfboost open boost file failed
2025-09-16 13:38:56.140  1099-21666 surfaceflinger          surfaceflinger                       E  [frame_perf] perfboost open boost file failed
2025-09-16 13:38:56.141  1099-1468  surfaceflinger          surfaceflinger                       E  [frame_perf] perfboost open boost file failed
2025-09-16 13:38:56.323  1099-21666 surfaceflinger          surfaceflinger                       E  [frame_perf] perfboost open boost file failed
2025-09-16 13:38:56.324  1099-1156  surfaceflinger          surfaceflinger                       E  [frame_perf] perfboost open boost file failed
2025-09-16 13:38:56.358  1099-21666 surfaceflinger          surfaceflinger                       E  [frame_perf] perfboost open boost file failed
2025-09-16 13:38:56.359  1099-1156  surfaceflinger          surfaceflinger                       E  [frame_perf] perfboost open boost file failed
2025-09-16 13:38:56.422  1099-21666 surfaceflinger          surfaceflinger                       E  [frame_perf] perfboost open boost file failed
2025-09-16 13:38:56.423  1099-1156  surfaceflinger          surfaceflinger                       E  [frame_perf] perfboost open boost file failed
2025-09-16 13:38:56.440  1099-21666 surfaceflinger          surfaceflinger                       E  [frame_perf] perfboost open boost file failed
2025-09-16 13:38:56.440  1099-1157  surfaceflinger          surfaceflinger                       E  [frame_perf] perfboost open boost file failed
2025-09-16 13:38:56.457  1099-21666 surfaceflinger          surfaceflinger                       E  [frame_perf] perfboost open boost file failed
2025-09-16 13:38:56.457  1099-1468  surfaceflinger          surfaceflinger                       E  [frame_perf] perfboost open boost file failed
2025-09-16 13:38:56.557  1099-21666 surfaceflinger          surfaceflinger                       E  [frame_perf] perfboost open boost file failed
2025-09-16 13:38:56.557  1099-1157  surfaceflinger          surfaceflinger                       E  [frame_perf] perfboost open boost file failed
2025-09-16 13:38:56.641  1099-21666 surfaceflinger          surfaceflinger                       E  [frame_perf] perfboost open boost file failed
2025-09-16 13:38:56.641  1099-1156  surfaceflinger          surfaceflinger                       E  [frame_perf] perfboost open boost file failed
2025-09-16 13:38:56.691  1099-21666 surfaceflinger          surfaceflinger                       E  [frame_perf] perfboost open boost file failed
2025-09-16 13:38:56.692  1099-1157  surfaceflinger          surfaceflinger                       E  [frame_perf] perfboost open boost file failed
2025-09-16 13:38:56.974  1099-21666 surfaceflinger          surfaceflinger                       E  [frame_perf] perfboost open boost file failed
2025-09-16 13:38:56.975  1099-1157  surfaceflinger          surfaceflinger                       E  [frame_perf] perfboost open boost file failed
2025-09-16 13:38:57.041  1099-21666 surfaceflinger          surfaceflinger                       E  [frame_perf] perfboost open boost file failed
2025-09-16 13:38:57.042  1099-1157  surfaceflinger          surfaceflinger                       E  [frame_perf] perfboost open boost file failed
2025-09-16 13:38:57.149   963-23771 vendor.qti...bs_handler and...are.bluetooth@1.0-service-qti  I  ProcessIbsCmd: Received IBS_WAKE_IND: 0xFD
2025-09-16 13:38:57.149   963-23771 vendor.qti...bs_handler and...are.bluetooth@1.0-service-qti  D  SerialClockVote: vote for UART CLK ON
2025-09-16 13:38:57.150   963-23771 vendor.qti...-wake_lock and...are.bluetooth@1.0-service-qti  D  Acquire wakelock is acquired 
2025-09-16 13:38:57.150   963-23771 vendor.qti...bs_handler and...are.bluetooth@1.0-service-qti  I  ProcessIbsCmd: Writing IBS_WAKE_ACK
2025-09-16 13:38:57.154 23624-23773 bt_stack                com.android.bluetooth                V  [VERBOSE1:btm_inq.cc(1019)] BTM_InqDbRead: bd addr 75:83:87:81:e8:bb
2025-09-16 13:38:57.158  1099-21666 surfaceflinger          surfaceflinger                       E  [frame_perf] perfboost open boost file failed
2025-09-16 13:38:57.159  1099-1157  surfaceflinger          surfaceflinger                       E  [frame_perf] perfboost open boost file failed
2025-09-16 13:38:57.191   963-23771 vendor.qti...bs_handler and...are.bluetooth@1.0-service-qti  I  ProcessIbsCmd: Received IBS_SLEEP_IND: 0xFE
2025-09-16 13:38:57.191   963-23771 vendor.qti...bs_handler and...are.bluetooth@1.0-service-qti  D  SerialClockVote: vote for UART CLK OFF
2025-09-16 13:38:57.224  1099-21666 surfaceflinger          surfaceflinger                       E  [frame_perf] perfboost open boost file failed
2025-09-16 13:38:57.224  1099-1156  surfaceflinger          surfaceflinger                       E  [frame_perf] perfboost open boost file failed
2025-09-16 13:38:57.241  1099-21666 surfaceflinger          surfaceflinger                       E  [frame_perf] perfboost open boost file failed
2025-09-16 13:38:57.242  1099-1156  surfaceflinger          surfaceflinger                       E  [frame_perf] perfboost open boost file failed
2025-09-16 13:38:57.342   963-23752 vendor.qti...-wake_lock and...are.bluetooth@1.0-service-qti  D  Release wakelock is released 
2025-09-16 13:38:57.359  1099-21666 surfaceflinger          surfaceflinger                       E  [frame_perf] perfboost open boost file failed
2025-09-16 13:38:57.359  1099-1157  surfaceflinger          surfaceflinger                       E  [frame_perf] perfboost open boost file failed
2025-09-16 13:38:57.527  1689-1828  QMI_FW                  qcrild                               E  qmi_cci_get_ref: ref count increased 2
2025-09-16 13:38:57.531  1689-1757  QMI_FW                  qcrild                               E  qmi_cci_get_ref: ref count increased 2
2025-09-16 13:38:57.542  1099-21666 surfaceflinger          surfaceflinger                       E  [frame_perf] perfboost open boost file failed
2025-09-16 13:38:57.543  1099-1468  surfaceflinger          surfaceflinger                       E  [frame_perf] perfboost open boost file failed
2025-09-16 13:38:57.843  1099-21666 surfaceflinger          surfaceflinger                       E  [frame_perf] perfboost open boost file failed
2025-09-16 13:38:57.843  1099-1156  surfaceflinger          surfaceflinger                       E  [frame_perf] perfboost open boost file failed
2025-09-16 13:38:57.925  1099-21666 surfaceflinger          surfaceflinger                       E  [frame_perf] perfboost open boost file failed
2025-09-16 13:38:57.926  1099-1156  surfaceflinger          surfaceflinger                       E  [frame_perf] perfboost open boost file failed
2025-09-16 13:38:57.943  1099-21666 surfaceflinger          surfaceflinger                       E  [frame_perf] perfboost open boost file failed
2025-09-16 13:38:57.943  1099-1156  surfaceflinger          surfaceflinger                       E  [frame_perf] perfboost open boost file failed
2025-09-16 13:38:57.992  1099-21666 surfaceflinger          surfaceflinger                       E  [frame_perf] perfboost open boost file failed
2025-09-16 13:38:57.993  1099-1156  surfaceflinger          surfaceflinger                       E  [frame_perf] perfboost open boost file failed
2025-09-16 13:38:58.076  1099-21666 surfaceflinger          surfaceflinger                       E  [frame_perf] perfboost open boost file failed
2025-09-16 13:38:58.076  1099-1157  surfaceflinger          surfaceflinger                       E  [frame_perf] perfboost open boost file failed
2025-09-16 13:38:58.142  1099-21666 surfaceflinger          surfaceflinger                       E  [frame_perf] perfboost open boost file failed
2025-09-16 13:38:58.143  1099-1157  surfaceflinger          surfaceflinger                       E  [frame_perf] perfboost open boost file failed
2025-09-16 13:38:58.160  1099-21666 surfaceflinger          surfaceflinger                       E  [frame_perf] perfboost open boost file failed
2025-09-16 13:38:58.160  1099-1157  surfaceflinger          surfaceflinger                       E  [frame_perf] perfboost open boost file failed
2025-09-16 13:38:58.227  1099-21666 surfaceflinger          surfaceflinger                       E  [frame_perf] perfboost open boost file failed
2025-09-16 13:38:58.228  1099-1157  surfaceflinger          surfaceflinger                       E  [frame_perf] perfboost open boost file failed
2025-09-16 13:38:58.477  1099-21666 surfaceflinger          surfaceflinger                       E  [frame_perf] perfboost open boost file failed
2025-09-16 13:38:58.477  1099-3321  surfaceflinger          surfaceflinger                       E  [frame_perf] perfboost open boost file failed
2025-09-16 13:38:58.640  1305-2937  OPBF                    system_server                        D  setCGroupState():tofreeze=true, uid:10168 pkg:com.parkmobile --->>> ok reason:operateNode reconfirm lastOperation:false lastOperatedReason:AsyncBinder
2025-09-16 13:38:58.660  1099-21666 surfaceflinger          surfaceflinger                       E  [frame_perf] perfboost open boost file failed
2025-09-16 13:38:58.661  1099-3321  surfaceflinger          surfaceflinger                       E  [frame_perf] perfboost open boost file failed
2025-09-16 13:38:58.760  1099-21666 surfaceflinger          surfaceflinger                       E  [frame_perf] perfboost open boost file failed
2025-09-16 13:38:58.761  1099-1157  surfaceflinger          surfaceflinger                       E  [frame_perf] perfboost open boost file failed
2025-09-16 13:38:58.928  1099-21666 surfaceflinger          surfaceflinger                       E  [frame_perf] perfboost open boost file failed
2025-09-16 13:38:58.928  1099-1157  surfaceflinger          surfaceflinger                       E  [frame_perf] perfboost open boost file failed
2025-09-16 13:38:59.060  1099-21666 surfaceflinger          surfaceflinger                       E  [frame_perf] perfboost open boost file failed
2025-09-16 13:38:59.061  1099-1157  surfaceflinger          surfaceflinger                       E  [frame_perf] perfboost open boost file failed
2025-09-16 13:38:59.228  1099-21666 surfaceflinger          surfaceflinger                       E  [frame_perf] perfboost open boost file failed
2025-09-16 13:38:59.229  1099-3321  surfaceflinger          surfaceflinger                       E  [frame_perf] perfboost open boost file failed
2025-09-16 13:38:59.529  1099-21666 surfaceflinger          surfaceflinger                       E  [frame_perf] perfboost open boost file failed
2025-09-16 13:38:59.530  1099-1157  surfaceflinger          surfaceflinger                       E  [frame_perf] perfboost open boost file failed
2025-09-16 13:38:59.560  3143-3143  MDM-DataTr...eedTracker com.android.phone                    D  onDataActivity: isNewTxEvent = true, isNewRxEvent = true, isTxEndEvent = false, isRxEndEvent = false
2025-09-16 13:38:59.560  3143-3143  MDM-DataAc...ionManager com.android.phone                    D  onDataActivity: isNewEvent = true, isEndEvent = false
2025-09-16 13:38:59.560  3143-3143  MDM-DataAc...ionManager com.android.phone                    D  getCurrentSimMccMnc: current SIM mccmnc = [*20416, null]
2025-09-16 13:38:59.561 30462-30498 NetworkCon...troller(1) com.android.systemui                 D  notifyListeners, showSimLoadedFakeIcon :false
2025-09-16 13:38:59.563 30462-30462 ndroid.systemu          com.android.systemui                 E  Invalid ID 0x00000000.
2025-09-16 13:38:59.678  1099-21666 surfaceflinger          surfaceflinger                       E  [frame_perf] perfboost open boost file failed
2025-09-16 13:38:59.679  1099-1156  surfaceflinger          surfaceflinger                       E  [frame_perf] perfboost open boost file failed
2025-09-16 13:38:59.709  1305-1758  BatteryStatsImpl        system_server                        I  set timeToFullsIndexMax = 3
2025-09-16 13:38:59.713  1099-21666 surfaceflinger          surfaceflinger                       E  [frame_perf] perfboost open boost file failed
2025-09-16 13:38:59.713  1305-1734  AlarmManager            system_server                        W  Unrecognized alarm listener com.android.server.OpPowerControllerService$tsu@dab256d
2025-09-16 13:38:59.715  1099-1156  surfaceflinger          surfaceflinger                       E  [frame_perf] perfboost open boost file failed
2025-09-16 13:38:59.723 30462-30462 OpUtils                 com.android.systemui                 I  isSupportWarpCharging:false
2025-09-16 13:38:59.723 30462-30462 OpSWarpChargingView     com.android.systemui                 D  level is same as latest one [100]
2025-09-16 13:38:59.726 30462-30462 KeyguardUpdateMonitor   com.android.systemui                 D  received broadcast android.intent.action.BATTERY_CHANGED
2025-09-16 13:38:59.726 30462-30462 OpUtils                 com.android.systemui                 I  isSupportWarpCharging:false
2025-09-16 13:38:59.726 30462-30462 KeyguardUpdateMonitor   com.android.systemui                 D  pdCharge false, chargingstatus 0, fastcharge:0
2025-09-16 13:38:59.794  1099-21666 surfaceflinger          surfaceflinger                       E  [frame_perf] perfboost open boost file failed
2025-09-16 13:38:59.795  1099-1156  surfaceflinger          surfaceflinger                       E  [frame_perf] perfboost open boost file failed
2025-09-16 13:38:59.812  1099-21666 surfaceflinger          surfaceflinger                       E  [frame_perf] perfboost open boost file failed
2025-09-16 13:38:59.812  1099-3321  surfaceflinger          surfaceflinger                       E  [frame_perf] perfboost open boost file failed
2025-09-16 13:38:59.822  3107-3107  DeviceStatisticsService com...m.qti.devicestatisticsservice  D  chargerType=2 batteryLevel=100 totalBatteryCapacity=2539600
2025-09-16 13:38:59.862  1099-21666 surfaceflinger          surfaceflinger                       E  [frame_perf] perfboost open boost file failed
2025-09-16 13:38:59.862  1099-1157  surfaceflinger          surfaceflinger                       E  [frame_perf] perfboost open boost file failed
2025-09-16 13:38:59.931   963-23771 vendor.qti...bs_handler and...are.bluetooth@1.0-service-qti  I  ProcessIbsCmd: Received IBS_WAKE_IND: 0xFD
2025-09-16 13:38:59.932   963-23771 vendor.qti...bs_handler and...are.bluetooth@1.0-service-qti  D  SerialClockVote: vote for UART CLK ON
2025-09-16 13:38:59.932   963-23771 vendor.qti...-wake_lock and...are.bluetooth@1.0-service-qti  D  Acquire wakelock is acquired 
2025-09-16 13:38:59.932   963-23771 vendor.qti...bs_handler and...are.bluetooth@1.0-service-qti  I  ProcessIbsCmd: Writing IBS_WAKE_ACK
2025-09-16 13:38:59.935 23624-23773 bt_stack                com.android.bluetooth                V  [VERBOSE1:btm_inq.cc(1019)] BTM_InqDbRead: bd addr 08:67:66:36:1d:1e
2025-09-16 13:38:59.945 19804-25007 NearbyConnections       com.google.android.gms.persistent    I  Found BleAdvertisement [ 0x23 0x48 0x52 0x4e 0x51 0x11 0x32 0xda 0xd9 0xed 0x74 0xcc 0xce 0xde 0x9a 0x00 0xb9 0x0c 0xca 0x76 0x4d 0x37 0x84 ] (with EndpointId HRNQ and EndpointInfo [ 0x32 0xda 0xd9 0xed 0x74 0xcc 0xce 0xde 0x9a 0x00 0xb9 0x0c 0xca 0x76 0x4d 0x37 0x84 ])
2025-09-16 13:38:59.946  1099-21666 surfaceflinger          surfaceflinger                       E  [frame_perf] perfboost open boost file failed
2025-09-16 13:38:59.946  1099-3321  surfaceflinger          surfaceflinger                       E  [frame_perf] perfboost open boost file failed
2025-09-16 13:38:59.947 19804-25007 NearbyConnections       com.google.android.gms.persistent    I  ClientProxy(127496969) reporting onEndpointFound(HRNQ)
2025-09-16 13:38:59.948 19804-25007 NearbyConnections       com.google.android.gms.persistent    I  ClientProxy(127496969) reporting onEndpointDistanceChanged(HRNQ, UNKNOWN)
2025-09-16 13:38:59.951 19804-25456 NearbySharing           com.google.android.gms.persistent    I  NearbySharing Internal event EndpointDiscovered(endpointId=HRNQ)
2025-09-16 13:38:59.963  1099-21666 surfaceflinger          surfaceflinger                       E  [frame_perf] perfboost open boost file failed
2025-09-16 13:38:59.965  1099-1156  surfaceflinger          surfaceflinger                       E  [frame_perf] perfboost open boost file failed
2025-09-16 13:38:59.973   963-23771 vendor.qti...bs_handler and...are.bluetooth@1.0-service-qti  I  ProcessIbsCmd: Received IBS_SLEEP_IND: 0xFE
2025-09-16 13:38:59.973   963-23771 vendor.qti...bs_handler and...are.bluetooth@1.0-service-qti  D  SerialClockVote: vote for UART CLK OFF
2025-09-16 13:38:59.999  1305-2195  AlarmManager            system_server                        V  Triggering alarm #0: 3 when =583936594 package =android operation = null listenTag =TIME_TICK flags =0x1
2025-09-16 13:39:00.005 30462-30617 Clock-Noti...de-842c20b com.android.systemui                 D  time_tick, counter:3
2025-09-16 13:39:00.006 30462-30617 Clock-Noti...de-c604f72 com.android.systemui                 D  time_tick, counter:3
2025-09-16 13:39:00.006 30462-30617 Clock-StatusBar-27c9677 com.android.systemui                 D  time_tick, counter:3
2025-09-16 13:39:00.006 30462-30462 OpColorTextView         com.android.systemui                 I  index:0
2025-09-16 13:39:00.009 30462-30462 KeyguardUpdateMonitor   com.android.systemui                 D  received broadcast android.intent.action.TIME_TICK
2025-09-16 13:39:00.030 30462-30503 ClockCtrl               com.android.systemui                 I   schedule next: 59970
2025-09-16 13:39:00.030 30462-30503 OpKeyguardUpdateMonitor com.android.systemui                 I  onTimeChanged
2025-09-16 13:39:00.057 30462-30462 KeyguardUpdateMonitor   com.android.systemui                 D  handleTimeUpdate
2025-09-16 13:39:00.077  1099-21666 surfaceflinger          surfaceflinger                       E  [frame_perf] perfboost open boost file failed
2025-09-16 13:39:00.078  1099-3321  surfaceflinger          surfaceflinger                       E  [frame_perf] perfboost open boost file failed
2025-09-16 13:39:00.095  1099-21666 surfaceflinger          surfaceflinger                       E  [frame_perf] perfboost open boost file failed
2025-09-16 13:39:00.095  1099-3321  surfaceflinger          surfaceflinger                       E  [frame_perf] perfboost open boost file failed
2025-09-16 13:39:00.124   963-23752 vendor.qti...-wake_lock and...are.bluetooth@1.0-service-qti  D  Release wakelock is released 
2025-09-16 13:39:00.162  1099-21666 surfaceflinger          surfaceflinger                       E  [frame_perf] perfboost open boost file failed
2025-09-16 13:39:00.163  1099-1156  surfaceflinger          surfaceflinger                       E  [frame_perf] perfboost open boost file failed
2025-09-16 13:39:00.180  1099-21666 surfaceflinger          surfaceflinger                       E  [frame_perf] perfboost open boost file failed
2025-09-16 13:39:00.180  1099-1156  surfaceflinger          surfaceflinger                       E  [frame_perf] perfboost open boost file failed
2025-09-16 13:39:00.229  1099-21666 surfaceflinger          surfaceflinger                       E  [frame_perf] perfboost open boost file failed
