2025-09-16 14:08:15.869 23624-23773 bt_stack                com.android.bluetooth                V  [VERBOSE1:gatt_cl.cc(1112)] gatt_client_handle_server_rsp op_code: 9, len = 22rsp_code: 9
2025-09-16 14:08:15.869 23624-23773 bt_stack                com.android.bluetooth                V  [VERBOSE1:bta_gattc_cache.cc(332)] bta_gattc_disc_res_cbackconn_id 13disc_type 
2025-09-16 14:08:15.884 23624-23773 bt_stack                com.android.bluetooth                V  [VERBOSE1:gatt_main.cc(1086)] gatt_get_ch_state: ch_state=4
2025-09-16 14:08:15.884 23624-23773 bt_stack                com.android.bluetooth                I  [INFO:gatt_main.cc(919)] gatt_data_process op_code = 9, msg_len = 22
2025-09-16 14:08:15.884 23624-23773 bt_stack                com.android.bluetooth                V  [VERBOSE1:gatt_cl.cc(1112)] gatt_client_handle_server_rsp op_code: 9, len = 22rsp_code: 9
2025-09-16 14:08:15.884 23624-23773 bt_stack                com.android.bluetooth                V  [VERBOSE1:bta_gattc_cache.cc(332)] bta_gattc_disc_res_cbackconn_id 13disc_type 
2025-09-16 14:08:15.899 23624-23773 bt_stack                com.android.bluetooth                V  [VERBOSE1:gatt_main.cc(1086)] gatt_get_ch_state: ch_state=4
2025-09-16 14:08:15.899 23624-23773 bt_stack                com.android.bluetooth                I  [INFO:gatt_main.cc(919)] gatt_data_process op_code = 9, msg_len = 22
2025-09-16 14:08:15.899 23624-23773 bt_stack                com.android.bluetooth                V  [VERBOSE1:gatt_cl.cc(1112)] gatt_client_handle_server_rsp op_code: 9, len = 22rsp_code: 9
2025-09-16 14:08:15.899 23624-23773 bt_stack                com.android.bluetooth                V  [VERBOSE1:bta_gattc_cache.cc(332)] bta_gattc_disc_res_cbackconn_id 13disc_type 
2025-09-16 14:08:15.914 23624-23773 bt_stack                com.android.bluetooth                V  [VERBOSE1:gatt_main.cc(1086)] gatt_get_ch_state: ch_state=4
2025-09-16 14:08:15.914 23624-23773 bt_stack                com.android.bluetooth                I  [INFO:gatt_main.cc(919)] gatt_data_process op_code = 1, msg_len = 4
2025-09-16 14:08:15.914 23624-23773 bt_stack                com.android.bluetooth                V  [VERBOSE1:gatt_cl.cc(1112)] gatt_client_handle_server_rsp op_code: 1, len = 4rsp_code: 9
2025-09-16 14:08:15.914 23624-23773 bt_stack                com.android.bluetooth                V  [VERBOSE1:gatt_cl.cc(519)] gatt_process_error_rsp
2025-09-16 14:08:15.914 23624-23773 bt_stack                com.android.bluetooth                V  [VERBOSE1:gatt_cl.cc(481)] gatt_proc_disc_error_rspreason: 0a cmd_code 0008
2025-09-16 14:08:15.914 23624-23773 bt_stack                com.android.bluetooth                V  [VERBOSE1:gatt_cl.cc(491)] Discovery completed
2025-09-16 14:08:15.914 23624-23773 bt_stack                com.android.bluetooth                V  [VERBOSE1:gatt_utils.cc(1191)] gatt_end_operation status=0 op=1 subtype=4
2025-09-16 14:08:15.914 23624-23773 bt_stack                com.android.bluetooth                V  [VERBOSE1:bta_gattc_cache.cc(369)] bta_gattc_disc_cmpl_cbackDisc_type  status:
2025-09-16 14:08:15.914 23624-23773 bt_stack                com.android.bluetooth                V  [VERBOSE1:bta_gattc_cache.cc(204)] starting discover characteristics descriptor
2025-09-16 14:08:15.915 23624-23773 bt_stack                com.android.bluetooth                V  [VERBOSE1:bta_gattc_cache.cc(168)] Start service discovery
2025-09-16 14:08:15.915 23624-23773 bt_stack                com.android.bluetooth                I  [INFO:gatt_api.cc(635)] GATTC_Discover conn_id=0x000d, disc_type=3, s_handle=0x0018, e_handle=0x0020
2025-09-16 14:08:15.936 23624-23773 bt_stack                com.android.bluetooth                V  [VERBOSE1:gatt_main.cc(1086)] gatt_get_ch_state: ch_state=4
2025-09-16 14:08:15.937 23624-23773 bt_stack                com.android.bluetooth                I  [INFO:gatt_main.cc(919)] gatt_data_process op_code = 1, msg_len = 4
2025-09-16 14:08:15.937 23624-23773 bt_stack                com.android.bluetooth                V  [VERBOSE1:gatt_cl.cc(1112)] gatt_client_handle_server_rsp op_code: 1, len = 4rsp_code: 9
2025-09-16 14:08:15.937 23624-23773 bt_stack                com.android.bluetooth                V  [VERBOSE1:gatt_cl.cc(519)] gatt_process_error_rsp
2025-09-16 14:08:15.937 23624-23773 bt_stack                com.android.bluetooth                V  [VERBOSE1:gatt_cl.cc(481)] gatt_proc_disc_error_rspreason: 0a cmd_code 0008
2025-09-16 14:08:15.937 23624-23773 bt_stack                com.android.bluetooth                V  [VERBOSE1:gatt_cl.cc(491)] Discovery completed
2025-09-16 14:08:15.937 23624-23773 bt_stack                com.android.bluetooth                V  [VERBOSE1:gatt_utils.cc(1191)] gatt_end_operation status=0 op=1 subtype=3
2025-09-16 14:08:15.937 23624-23773 bt_stack                com.android.bluetooth                V  [VERBOSE1:bta_gattc_cache.cc(369)] bta_gattc_disc_cmpl_cbackDisc_type  status:
2025-09-16 14:08:15.938 23624-23773 bt_stack                com.android.bluetooth                I  [INFO:gatt_api.cc(635)] GATTC_Discover conn_id=0x000d, disc_type=4, s_handle=0x0018, e_handle=0x0020
2025-09-16 14:08:15.952 23624-23773 bt_stack                com.android.bluetooth                V  [VERBOSE1:gatt_main.cc(1086)] gatt_get_ch_state: ch_state=4
2025-09-16 14:08:15.952 23624-23773 bt_stack                com.android.bluetooth                I  [INFO:gatt_main.cc(919)] gatt_data_process op_code = 9, msg_len = 22
2025-09-16 14:08:15.952 23624-23773 bt_stack                com.android.bluetooth                V  [VERBOSE1:gatt_cl.cc(1112)] gatt_client_handle_server_rsp op_code: 9, len = 22rsp_code: 9
2025-09-16 14:08:15.952 23624-23773 bt_stack                com.android.bluetooth                V  [VERBOSE1:bta_gattc_cache.cc(332)] bta_gattc_disc_res_cbackconn_id 13disc_type 
2025-09-16 14:08:15.974 23624-23773 bt_stack                com.android.bluetooth                V  [VERBOSE1:gatt_main.cc(1086)] gatt_get_ch_state: ch_state=4
2025-09-16 14:08:15.974 23624-23773 bt_stack                com.android.bluetooth                I  [INFO:gatt_main.cc(919)] gatt_data_process op_code = 9, msg_len = 22
2025-09-16 14:08:15.974 23624-23773 bt_stack                com.android.bluetooth                V  [VERBOSE1:gatt_cl.cc(1112)] gatt_client_handle_server_rsp op_code: 9, len = 22rsp_code: 9
2025-09-16 14:08:15.974 23624-23773 bt_stack                com.android.bluetooth                V  [VERBOSE1:bta_gattc_cache.cc(332)] bta_gattc_disc_res_cbackconn_id 13disc_type 
2025-09-16 14:08:15.989 23624-23773 bt_stack                com.android.bluetooth                V  [VERBOSE1:gatt_main.cc(1086)] gatt_get_ch_state: ch_state=4
2025-09-16 14:08:15.989 23624-23773 bt_stack                com.android.bluetooth                I  [INFO:gatt_main.cc(919)] gatt_data_process op_code = 9, msg_len = 22
2025-09-16 14:08:15.989 23624-23773 bt_stack                com.android.bluetooth                V  [VERBOSE1:gatt_cl.cc(1112)] gatt_client_handle_server_rsp op_code: 9, len = 22rsp_code: 9
2025-09-16 14:08:15.989 23624-23773 bt_stack                com.android.bluetooth                V  [VERBOSE1:bta_gattc_cache.cc(332)] bta_gattc_disc_res_cbackconn_id 13disc_type 
2025-09-16 14:08:16.004 23624-23773 bt_stack                com.android.bluetooth                V  [VERBOSE1:gatt_main.cc(1086)] gatt_get_ch_state: ch_state=4
2025-09-16 14:08:16.004 23624-23773 bt_stack                com.android.bluetooth                I  [INFO:gatt_main.cc(919)] gatt_data_process op_code = 9, msg_len = 22
2025-09-16 14:08:16.005 23624-23773 bt_stack                com.android.bluetooth                V  [VERBOSE1:gatt_cl.cc(1112)] gatt_client_handle_server_rsp op_code: 9, len = 22rsp_code: 9
2025-09-16 14:08:16.005 23624-23773 bt_stack                com.android.bluetooth                V  [VERBOSE1:bta_gattc_cache.cc(332)] bta_gattc_disc_res_cbackconn_id 13disc_type 
2025-09-16 14:08:16.019 23624-23773 bt_stack                com.android.bluetooth                V  [VERBOSE1:gatt_main.cc(1086)] gatt_get_ch_state: ch_state=4
2025-09-16 14:08:16.019 23624-23773 bt_stack                com.android.bluetooth                I  [INFO:gatt_main.cc(919)] gatt_data_process op_code = 1, msg_len = 4
2025-09-16 14:08:16.019 23624-23773 bt_stack                com.android.bluetooth                V  [VERBOSE1:gatt_cl.cc(1112)] gatt_client_handle_server_rsp op_code: 1, len = 4rsp_code: 9
2025-09-16 14:08:16.019 23624-23773 bt_stack                com.android.bluetooth                V  [VERBOSE1:gatt_cl.cc(519)] gatt_process_error_rsp
2025-09-16 14:08:16.019 23624-23773 bt_stack                com.android.bluetooth                V  [VERBOSE1:gatt_cl.cc(481)] gatt_proc_disc_error_rspreason: 0a cmd_code 0008
2025-09-16 14:08:16.019 23624-23773 bt_stack                com.android.bluetooth                V  [VERBOSE1:gatt_cl.cc(491)] Discovery completed
2025-09-16 14:08:16.020 23624-23773 bt_stack                com.android.bluetooth                V  [VERBOSE1:gatt_utils.cc(1191)] gatt_end_operation status=0 op=1 subtype=4
2025-09-16 14:08:16.020 23624-23773 bt_stack                com.android.bluetooth                V  [VERBOSE1:bta_gattc_cache.cc(369)] bta_gattc_disc_cmpl_cbackDisc_type  status:
2025-09-16 14:08:16.020 23624-23773 bt_stack                com.android.bluetooth                V  [VERBOSE1:bta_gattc_cache.cc(204)] starting discover characteristics descriptor
2025-09-16 14:08:16.020 23624-23773 bt_stack                com.android.bluetooth                V  [VERBOSE1:bta_gattc_cache.cc(168)] Start service discovery
2025-09-16 14:08:16.020 23624-23773 bt_stack                com.android.bluetooth                I  [INFO:gatt_api.cc(635)] GATTC_Discover conn_id=0x000d, disc_type=3, s_handle=0x0021, e_handle=0x0025
2025-09-16 14:08:16.034 23624-23773 bt_stack                com.android.bluetooth                V  [VERBOSE1:gatt_main.cc(1086)] gatt_get_ch_state: ch_state=4
2025-09-16 14:08:16.034 23624-23773 bt_stack                com.android.bluetooth                I  [INFO:gatt_main.cc(919)] gatt_data_process op_code = 1, msg_len = 4
2025-09-16 14:08:16.034 23624-23773 bt_stack                com.android.bluetooth                V  [VERBOSE1:gatt_cl.cc(1112)] gatt_client_handle_server_rsp op_code: 1, len = 4rsp_code: 9
2025-09-16 14:08:16.034 23624-23773 bt_stack                com.android.bluetooth                V  [VERBOSE1:gatt_cl.cc(519)] gatt_process_error_rsp
2025-09-16 14:08:16.034 23624-23773 bt_stack                com.android.bluetooth                V  [VERBOSE1:gatt_cl.cc(481)] gatt_proc_disc_error_rspreason: 0a cmd_code 0008
2025-09-16 14:08:16.034 23624-23773 bt_stack                com.android.bluetooth                V  [VERBOSE1:gatt_cl.cc(491)] Discovery completed
2025-09-16 14:08:16.034 23624-23773 bt_stack                com.android.bluetooth                V  [VERBOSE1:gatt_utils.cc(1191)] gatt_end_operation status=0 op=1 subtype=3
2025-09-16 14:08:16.035 23624-23773 bt_stack                com.android.bluetooth                V  [VERBOSE1:bta_gattc_cache.cc(369)] bta_gattc_disc_cmpl_cbackDisc_type  status:
2025-09-16 14:08:16.035 23624-23773 bt_stack                com.android.bluetooth                I  [INFO:gatt_api.cc(635)] GATTC_Discover conn_id=0x000d, disc_type=4, s_handle=0x0021, e_handle=0x0025
2025-09-16 14:08:16.049 23624-23773 bt_stack                com.android.bluetooth                V  [VERBOSE1:gatt_main.cc(1086)] gatt_get_ch_state: ch_state=4
2025-09-16 14:08:16.049 23624-23773 bt_stack                com.android.bluetooth                I  [INFO:gatt_main.cc(919)] gatt_data_process op_code = 9, msg_len = 22
2025-09-16 14:08:16.050 23624-23773 bt_stack                com.android.bluetooth                V  [VERBOSE1:gatt_cl.cc(1112)] gatt_client_handle_server_rsp op_code: 9, len = 22rsp_code: 9
2025-09-16 14:08:16.050 23624-23773 bt_stack                com.android.bluetooth                V  [VERBOSE1:bta_gattc_cache.cc(332)] bta_gattc_disc_res_cbackconn_id 13disc_type 
2025-09-16 14:08:16.072 23624-23773 bt_stack                com.android.bluetooth                V  [VERBOSE1:gatt_main.cc(1086)] gatt_get_ch_state: ch_state=4
2025-09-16 14:08:16.072 23624-23773 bt_stack                com.android.bluetooth                I  [INFO:gatt_main.cc(919)] gatt_data_process op_code = 9, msg_len = 22
2025-09-16 14:08:16.072 23624-23773 bt_stack                com.android.bluetooth                V  [VERBOSE1:gatt_cl.cc(1112)] gatt_client_handle_server_rsp op_code: 9, len = 22rsp_code: 9
2025-09-16 14:08:16.072 23624-23773 bt_stack                com.android.bluetooth                V  [VERBOSE1:bta_gattc_cache.cc(332)] bta_gattc_disc_res_cbackconn_id 13disc_type 
2025-09-16 14:08:16.086 23624-23773 bt_stack                com.android.bluetooth                V  [VERBOSE1:gatt_main.cc(1086)] gatt_get_ch_state: ch_state=4
2025-09-16 14:08:16.086 23624-23773 bt_stack                com.android.bluetooth                I  [INFO:gatt_main.cc(919)] gatt_data_process op_code = 1, msg_len = 4
2025-09-16 14:08:16.087 23624-23773 bt_stack                com.android.bluetooth                V  [VERBOSE1:gatt_cl.cc(1112)] gatt_client_handle_server_rsp op_code: 1, len = 4rsp_code: 9
2025-09-16 14:08:16.087 23624-23773 bt_stack                com.android.bluetooth                V  [VERBOSE1:gatt_cl.cc(519)] gatt_process_error_rsp
2025-09-16 14:08:16.087 23624-23773 bt_stack                com.android.bluetooth                V  [VERBOSE1:gatt_cl.cc(481)] gatt_proc_disc_error_rspreason: 0a cmd_code 0008
2025-09-16 14:08:16.087 23624-23773 bt_stack                com.android.bluetooth                V  [VERBOSE1:gatt_cl.cc(491)] Discovery completed
2025-09-16 14:08:16.087 23624-23773 bt_stack                com.android.bluetooth                V  [VERBOSE1:gatt_utils.cc(1191)] gatt_end_operation status=0 op=1 subtype=4
2025-09-16 14:08:16.087 23624-23773 bt_stack                com.android.bluetooth                V  [VERBOSE1:bta_gattc_cache.cc(369)] bta_gattc_disc_cmpl_cbackDisc_type  status:
2025-09-16 14:08:16.087 23624-23773 bt_stack                com.android.bluetooth                V  [VERBOSE1:bta_gattc_cache.cc(204)] starting discover characteristics descriptor
2025-09-16 14:08:16.088 23624-23773 bt_stack                com.android.bluetooth                V  [VERBOSE1:bta_gattc_cache.cc(168)] Start service discovery
2025-09-16 14:08:16.088 23624-23773 bt_stack                com.android.bluetooth                I  [INFO:gatt_api.cc(635)] GATTC_Discover conn_id=0x000d, disc_type=3, s_handle=0x0026, e_handle=0x002a
2025-09-16 14:08:16.101 23624-23773 bt_stack                com.android.bluetooth                V  [VERBOSE1:gatt_main.cc(1086)] gatt_get_ch_state: ch_state=4
2025-09-16 14:08:16.101 23624-23773 bt_stack                com.android.bluetooth                I  [INFO:gatt_main.cc(919)] gatt_data_process op_code = 1, msg_len = 4
2025-09-16 14:08:16.102 23624-23773 bt_stack                com.android.bluetooth                V  [VERBOSE1:gatt_cl.cc(1112)] gatt_client_handle_server_rsp op_code: 1, len = 4rsp_code: 9
2025-09-16 14:08:16.102 23624-23773 bt_stack                com.android.bluetooth                V  [VERBOSE1:gatt_cl.cc(519)] gatt_process_error_rsp
2025-09-16 14:08:16.102 23624-23773 bt_stack                com.android.bluetooth                V  [VERBOSE1:gatt_cl.cc(481)] gatt_proc_disc_error_rspreason: 0a cmd_code 0008
2025-09-16 14:08:16.102 23624-23773 bt_stack                com.android.bluetooth                V  [VERBOSE1:gatt_cl.cc(491)] Discovery completed
2025-09-16 14:08:16.102 23624-23773 bt_stack                com.android.bluetooth                V  [VERBOSE1:gatt_utils.cc(1191)] gatt_end_operation status=0 op=1 subtype=3
2025-09-16 14:08:16.102 23624-23773 bt_stack                com.android.bluetooth                V  [VERBOSE1:bta_gattc_cache.cc(369)] bta_gattc_disc_cmpl_cbackDisc_type  status:
2025-09-16 14:08:16.102 23624-23773 bt_stack                com.android.bluetooth                I  [INFO:gatt_api.cc(635)] GATTC_Discover conn_id=0x000d, disc_type=4, s_handle=0x0026, e_handle=0x002a
2025-09-16 14:08:16.116 23624-23773 bt_stack                com.android.bluetooth                V  [VERBOSE1:gatt_main.cc(1086)] gatt_get_ch_state: ch_state=4
2025-09-16 14:08:16.116 23624-23773 bt_stack                com.android.bluetooth                I  [INFO:gatt_main.cc(919)] gatt_data_process op_code = 9, msg_len = 22
2025-09-16 14:08:16.117 23624-23773 bt_stack                com.android.bluetooth                V  [VERBOSE1:gatt_cl.cc(1112)] gatt_client_handle_server_rsp op_code: 9, len = 22rsp_code: 9
2025-09-16 14:08:16.117 23624-23773 bt_stack                com.android.bluetooth                V  [VERBOSE1:bta_gattc_cache.cc(332)] bta_gattc_disc_res_cbackconn_id 13disc_type 
2025-09-16 14:08:16.131 23624-23773 bt_stack                com.android.bluetooth                V  [VERBOSE1:gatt_main.cc(1086)] gatt_get_ch_state: ch_state=4
2025-09-16 14:08:16.132 23624-23773 bt_stack                com.android.bluetooth                I  [INFO:gatt_main.cc(919)] gatt_data_process op_code = 9, msg_len = 22
2025-09-16 14:08:16.132 23624-23773 bt_stack                com.android.bluetooth                V  [VERBOSE1:gatt_cl.cc(1112)] gatt_client_handle_server_rsp op_code: 9, len = 22rsp_code: 9
2025-09-16 14:08:16.132 23624-23773 bt_stack                com.android.bluetooth                V  [VERBOSE1:bta_gattc_cache.cc(332)] bta_gattc_disc_res_cbackconn_id 13disc_type 
2025-09-16 14:08:16.146 23624-23773 bt_stack                com.android.bluetooth                V  [VERBOSE1:gatt_main.cc(1086)] gatt_get_ch_state: ch_state=4
2025-09-16 14:08:16.146 23624-23773 bt_stack                com.android.bluetooth                I  [INFO:gatt_main.cc(919)] gatt_data_process op_code = 1, msg_len = 4
2025-09-16 14:08:16.146 23624-23773 bt_stack                com.android.bluetooth                V  [VERBOSE1:gatt_cl.cc(1112)] gatt_client_handle_server_rsp op_code: 1, len = 4rsp_code: 9
2025-09-16 14:08:16.147 23624-23773 bt_stack                com.android.bluetooth                V  [VERBOSE1:gatt_cl.cc(519)] gatt_process_error_rsp
2025-09-16 14:08:16.147 23624-23773 bt_stack                com.android.bluetooth                V  [VERBOSE1:gatt_cl.cc(481)] gatt_proc_disc_error_rspreason: 0a cmd_code 0008
2025-09-16 14:08:16.147 23624-23773 bt_stack                com.android.bluetooth                V  [VERBOSE1:gatt_cl.cc(491)] Discovery completed
2025-09-16 14:08:16.147 23624-23773 bt_stack                com.android.bluetooth                V  [VERBOSE1:gatt_utils.cc(1191)] gatt_end_operation status=0 op=1 subtype=4
2025-09-16 14:08:16.147 23624-23773 bt_stack                com.android.bluetooth                V  [VERBOSE1:bta_gattc_cache.cc(369)] bta_gattc_disc_cmpl_cbackDisc_type  status:
2025-09-16 14:08:16.147 23624-23773 bt_stack                com.android.bluetooth                V  [VERBOSE1:bta_gattc_cache.cc(204)] starting discover characteristics descriptor
2025-09-16 14:08:16.148 23624-23773 bt_stack                com.android.bluetooth                V  [VERBOSE1:bta_gattc_cache.cc(168)] Start service discovery
2025-09-16 14:08:16.148 23624-23773 bt_stack                com.android.bluetooth                I  [INFO:gatt_api.cc(635)] GATTC_Discover conn_id=0x000d, disc_type=3, s_handle=0x002b, e_handle=0x002d
2025-09-16 14:08:16.161 23624-23773 bt_stack                com.android.bluetooth                V  [VERBOSE1:gatt_main.cc(1086)] gatt_get_ch_state: ch_state=4
2025-09-16 14:08:16.161 23624-23773 bt_stack                com.android.bluetooth                I  [INFO:gatt_main.cc(919)] gatt_data_process op_code = 1, msg_len = 4
2025-09-16 14:08:16.162 23624-23773 bt_stack                com.android.bluetooth                V  [VERBOSE1:gatt_cl.cc(1112)] gatt_client_handle_server_rsp op_code: 1, len = 4rsp_code: 9
2025-09-16 14:08:16.162 23624-23773 bt_stack                com.android.bluetooth                V  [VERBOSE1:gatt_cl.cc(519)] gatt_process_error_rsp
2025-09-16 14:08:16.162 23624-23773 bt_stack                com.android.bluetooth                V  [VERBOSE1:gatt_cl.cc(481)] gatt_proc_disc_error_rspreason: 0a cmd_code 0008
2025-09-16 14:08:16.162 23624-23773 bt_stack                com.android.bluetooth                V  [VERBOSE1:gatt_cl.cc(491)] Discovery completed
2025-09-16 14:08:16.162 23624-23773 bt_stack                com.android.bluetooth                V  [VERBOSE1:gatt_utils.cc(1191)] gatt_end_operation status=0 op=1 subtype=3
2025-09-16 14:08:16.162 23624-23773 bt_stack                com.android.bluetooth                V  [VERBOSE1:bta_gattc_cache.cc(369)] bta_gattc_disc_cmpl_cbackDisc_type  status:
2025-09-16 14:08:16.162 23624-23773 bt_stack                com.android.bluetooth                I  [INFO:gatt_api.cc(635)] GATTC_Discover conn_id=0x000d, disc_type=4, s_handle=0x002b, e_handle=0x002d
2025-09-16 14:08:16.177 23624-23773 bt_stack                com.android.bluetooth                V  [VERBOSE1:gatt_main.cc(1086)] gatt_get_ch_state: ch_state=4
2025-09-16 14:08:16.177 23624-23773 bt_stack                com.android.bluetooth                I  [INFO:gatt_main.cc(919)] gatt_data_process op_code = 9, msg_len = 22
2025-09-16 14:08:16.177 23624-23773 bt_stack                com.android.bluetooth                V  [VERBOSE1:gatt_cl.cc(1112)] gatt_client_handle_server_rsp op_code: 9, len = 22rsp_code: 9
2025-09-16 14:08:16.177 23624-23773 bt_stack                com.android.bluetooth                V  [VERBOSE1:bta_gattc_cache.cc(332)] bta_gattc_disc_res_cbackconn_id 13disc_type 
2025-09-16 14:08:16.191 23624-23773 bt_stack                com.android.bluetooth                V  [VERBOSE1:gatt_main.cc(1086)] gatt_get_ch_state: ch_state=4
2025-09-16 14:08:16.191 23624-23773 bt_stack                com.android.bluetooth                I  [INFO:gatt_main.cc(919)] gatt_data_process op_code = 1, msg_len = 4
2025-09-16 14:08:16.191 23624-23773 bt_stack                com.android.bluetooth                V  [VERBOSE1:gatt_cl.cc(1112)] gatt_client_handle_server_rsp op_code: 1, len = 4rsp_code: 9
2025-09-16 14:08:16.192 23624-23773 bt_stack                com.android.bluetooth                V  [VERBOSE1:gatt_cl.cc(519)] gatt_process_error_rsp
2025-09-16 14:08:16.192 23624-23773 bt_stack                com.android.bluetooth                V  [VERBOSE1:gatt_cl.cc(481)] gatt_proc_disc_error_rspreason: 0a cmd_code 0008
2025-09-16 14:08:16.192 23624-23773 bt_stack                com.android.bluetooth                V  [VERBOSE1:gatt_cl.cc(491)] Discovery completed
2025-09-16 14:08:16.192 23624-23773 bt_stack                com.android.bluetooth                V  [VERBOSE1:gatt_utils.cc(1191)] gatt_end_operation status=0 op=1 subtype=4
2025-09-16 14:08:16.192 23624-23773 bt_stack                com.android.bluetooth                V  [VERBOSE1:bta_gattc_cache.cc(369)] bta_gattc_disc_cmpl_cbackDisc_type  status:
2025-09-16 14:08:16.192 23624-23773 bt_stack                com.android.bluetooth                V  [VERBOSE1:bta_gattc_cache.cc(204)] starting discover characteristics descriptor
2025-09-16 14:08:16.192 23624-23773 bt_stack                com.android.bluetooth                I  [INFO:bta_gattc_cache.cc(183)] bta_gattc_explore_srvc_finished: service discovery finished
2025-09-16 14:08:16.192 23624-23773 bt_stack                com.android.bluetooth                V  [VERBOSE1:bta_gattc_main.cc(305)] bta_gattc_sm_execute: State 0x03 [GATTC_DISCOVER_ST], Event 0x1f0e[BTA_GATTC_DISCOVER_CMPL_EVT]
2025-09-16 14:08:16.193 23624-23773 bt_stack                com.android.bluetooth                V  [VERBOSE1:bta_gattc_act.cc(719)] bta_gattc_disc_cmpl: conn_id=0x000d
2025-09-16 14:08:16.194 23624-23773 bt_stack                com.android.bluetooth                V  [VERBOSE1:bta_gattc_main.cc(305)] bta_gattc_sm_execute: State 0x02 [GATTC_CONN_ST], Event 0x1f07[BTA_GATTC_API_CFG_MTU_EVT]
2025-09-16 14:08:16.194 23624-23773 bt_stack                com.android.bluetooth                V  [VERBOSE1:gatt_api.cc(578)] GATTC_ConfigureMTU: conn_id=0x000d, mtu=517
2025-09-16 14:08:16.194 23624-23773 bt_stack                com.android.bluetooth                V  [VERBOSE1:bta_gattc_main.cc(341)] bta_gattc_sm_execute: GATTC State Change: 0x02 -> 0x02 after Event 0x1f07
2025-09-16 14:08:16.195 23624-23773 bt_stack                com.android.bluetooth                V  [VERBOSE1:bta_gattc_main.cc(341)] bta_gattc_sm_execute: GATTC State Change: 0x03 -> 0x02 after Event 0x1f0e
2025-09-16 14:08:16.195 23624-23652 bt_btif_gattc           com.android.bluetooth                E  btif_gattc_upstreams_evt: Unhandled event (8)!
2025-09-16 14:08:16.195 23624-23750 bt_osi_wakelock         com.android.bluetooth                E  wakelock_acquire wakelock acquired
2025-09-16 14:08:16.196 23624-23644 bt_osi_wakelock         com.android.bluetooth                E  wakelock_release wakelock released
2025-09-16 14:08:16.206 23624-23773 bt_stack                com.android.bluetooth                V  [VERBOSE1:gatt_main.cc(1086)] gatt_get_ch_state: ch_state=4
2025-09-16 14:08:16.206 23624-23773 bt_stack                com.android.bluetooth                I  [INFO:gatt_main.cc(919)] gatt_data_process op_code = 3, msg_len = 2
2025-09-16 14:08:16.206 23624-23773 bt_stack                com.android.bluetooth                V  [VERBOSE1:gatt_cl.cc(1112)] gatt_client_handle_server_rsp op_code: 3, len = 2rsp_code: 3
2025-09-16 14:08:16.207 23624-23773 bt_stack                com.android.bluetooth                V  [VERBOSE1:gatt_utils.cc(1191)] gatt_end_operation status=0 op=5 subtype=0
2025-09-16 14:08:16.207 23624-23773 bt_stack                com.android.bluetooth                V  [VERBOSE1:bta_gattc_act.cc(1483)] bta_gattc_cmpl_cback: conn_id:13 op:5 status:0
2025-09-16 14:08:16.207 23624-23773 bt_stack                com.android.bluetooth                V  [VERBOSE1:bta_gattc_main.cc(361)] bta_gattc_hdl_event: Event:BTA_GATTC_OP_CMPL_EVT
2025-09-16 14:08:16.207 23624-23773 bt_stack                com.android.bluetooth                V  [VERBOSE1:bta_gattc_main.cc(305)] bta_gattc_sm_execute: State 0x02 [GATTC_CONN_ST], Event 0x1f0f[BTA_GATTC_OP_CMPL_EVT]
2025-09-16 14:08:16.207 23624-23773 bt_stack                com.android.bluetooth                V  [VERBOSE1:bta_gattc_act.cc(962)] bta_gattc_op_cmpl: op:5
2025-09-16 14:08:16.207 23624-23750 bt_osi_wakelock         com.android.bluetooth                E  wakelock_acquire wakelock acquired
2025-09-16 14:08:16.207 23624-23773 bt_stack                com.android.bluetooth                V  [VERBOSE1:bta_gattc_main.cc(341)] bta_gattc_sm_execute: GATTC State Change: 0x02 -> 0x02 after Event 0x1f0f
2025-09-16 14:08:16.208 23624-23652 BtGatt.GattService      com.android.bluetooth                D  onConfigureMTU() address=F0:D7:8F:4D:80:82, status=0, mtu=40
2025-09-16 14:08:16.208 23624-23644 bt_osi_wakelock         com.android.bluetooth                E  wakelock_release wakelock released
2025-09-16 14:08:16.210 22922-29194 BluetoothGatt           com.remoticom.energynodeinset        D  onConfigureMTU() - Device=F0:D7:8F:4D:80:82 mtu=40 status=0
2025-09-16 14:08:16.210 22922-29194 RequestMtuOperation     com.remoticom.energynodeinset        V  onMtuChanged called
2025-09-16 14:08:16.210 22922-29194 RequestMtuOperation     com.remoticom.energynodeinset        W  MTU 40 below recommended 69
2025-09-16 14:08:16.210 22922-29194 GattConnectionService   com.remoticom.energynodeinset        D  MTU changed to 40
2025-09-16 14:08:16.210 22922-29194 RequestMtuOp            com.remoticom.energynodeinset        D  MTU changed: 40
2025-09-16 14:08:16.212 22922-22922 RequestMtuOperation     com.remoticom.energynodeinset        D  FINISHED
2025-09-16 14:08:16.214 22922-29437 BdcReadDia...nOperation com.remoticom.energynodeinset        D  STARTED
2025-09-16 14:08:16.215 22922-29437 GattConnectionService   com.remoticom.energynodeinset        E  Error while executing BdcReadDiagnosticsVersionOperation: PreconditionFailed
2025-09-16 14:08:16.215 22922-29437 BdcReadDia...nOperation com.remoticom.energynodeinset        D  FINISHED
2025-09-16 14:08:16.216 22922-22922 DiscoverSe...sOperation com.remoticom.energynodeinset        D  STARTED
2025-09-16 14:08:16.217 22922-22922 DiscoverSe...sOperation com.remoticom.energynodeinset        V  discoverServices initiated
2025-09-16 14:08:16.217 22922-22922 BluetoothGatt           com.remoticom.energynodeinset        D  discoverServices() - device: F0:D7:8F:4D:80:82
2025-09-16 14:08:16.218 23624-29559 BtGatt.GattService      com.android.bluetooth                D  discoverServices() - address=F0:D7:8F:4D:80:82, connId=13
2025-09-16 14:08:16.219 23624-23773 bt_stack                com.android.bluetooth                V  [VERBOSE1:bta_gattc_main.cc(361)] bta_gattc_hdl_event: Event:BTA_GATTC_API_SEARCH_EVT
2025-09-16 14:08:16.219 23624-23773 bt_stack                com.android.bluetooth                V  [VERBOSE1:bta_gattc_main.cc(305)] bta_gattc_sm_execute: State 0x02 [GATTC_CONN_ST], Event 0x1f09[BTA_GATTC_API_SEARCH_EVT]
2025-09-16 14:08:16.220 23624-23773 bt_stack                com.android.bluetooth                V  [VERBOSE1:bta_gattc_act.cc(1030)] bta_gattc_search: conn_id=0x000d
2025-09-16 14:08:16.220 23624-23773 bt_stack                com.android.bluetooth                V  [VERBOSE1:bta_gattc_main.cc(341)] bta_gattc_sm_execute: GATTC State Change: 0x02 -> 0x02 after Event 0x1f09
2025-09-16 14:08:16.220 23624-23652 BtGatt.GattService      com.android.bluetooth                D  onSearchCompleted() - connId=13, status=0
2025-09-16 14:08:16.222 23624-23652 bt_bta_gattc            com.android.bluetooth                D  bta_gattc_get_gatt_db
2025-09-16 14:08:16.222 23624-23652 bt_stack                com.android.bluetooth                V  [VERBOSE1:bta_gattc_cache.cc(618)] bta_gattc_get_gatt_db_impl: start_handle 0x0000, end_handle 0xffff
2025-09-16 14:08:16.224 23624-23652 BtGatt.GattService      com.android.bluetooth                D  onGetGattDb() - address=F0:D7:8F:4D:80:82
2025-09-16 14:08:16.224 23624-23652 BtGatt.GattService      com.android.bluetooth                D  got service with UUID=00001801-0000-1000-8000-00805f9b34fb id: 1
2025-09-16 14:08:16.224 23624-23652 BtGatt.GattService      com.android.bluetooth                D  got characteristic with UUID=00002a05-0000-1000-8000-00805f9b34fb id: 3
2025-09-16 14:08:16.224 23624-23652 BtGatt.GattService      com.android.bluetooth                D  got descriptor with UUID=00002902-0000-1000-8000-00805f9b34fb id: 4
2025-09-16 14:08:16.224 23624-23652 BtGatt.GattService      com.android.bluetooth                D  got service with UUID=00001800-0000-1000-8000-00805f9b34fb id: 5
2025-09-16 14:08:16.225 23624-23652 BtGatt.GattService      com.android.bluetooth                D  got characteristic with UUID=00002a00-0000-1000-8000-00805f9b34fb id: 7
2025-09-16 14:08:16.225 23624-23652 BtGatt.GattService      com.android.bluetooth                D  got characteristic with UUID=00002a01-0000-1000-8000-00805f9b34fb id: 9
2025-09-16 14:08:16.225 23624-23652 BtGatt.GattService      com.android.bluetooth                D  got characteristic with UUID=00002a04-0000-1000-8000-00805f9b34fb id: 11
2025-09-16 14:08:16.225 23624-23652 BtGatt.GattService      com.android.bluetooth                D  got service with UUID=a55d1c55-0088-0000-0000-f0d78f4d8082 id: 12
2025-09-16 14:08:16.225 23624-23652 BtGatt.GattService      com.android.bluetooth                D  got characteristic with UUID=a55d1c55-0088-0000-0001-f0d78f4d8082 id: 14
2025-09-16 14:08:16.225 23624-23652 BtGatt.GattService      com.android.bluetooth                D  got characteristic with UUID=a55d1c55-0088-0000-0002-f0d78f4d8082 id: 16
2025-09-16 14:08:16.225 23624-23652 BtGatt.GattService      com.android.bluetooth                D  got service with UUID=a55d1c55-0088-0001-0000-f0d78f4d8082 id: 17
2025-09-16 14:08:16.225 23624-23652 BtGatt.GattService      com.android.bluetooth                D  got characteristic with UUID=a55d1c55-0088-0001-0001-f0d78f4d8082 id: 19
2025-09-16 14:08:16.226 23624-23652 BtGatt.GattService      com.android.bluetooth                D  got characteristic with UUID=a55d1c55-0088-0001-0002-f0d78f4d8082 id: 21
2025-09-16 14:08:16.226 23624-23652 BtGatt.GattService      com.android.bluetooth                D  got characteristic with UUID=a55d1c55-0088-0001-0003-f0d78f4d8082 id: 23
2025-09-16 14:08:16.226 23624-23652 BtGatt.GattService      com.android.bluetooth                D  got service with UUID=a55d1c55-0088-0003-0000-f0d78f4d8082 id: 24
2025-09-16 14:08:16.226 23624-23652 BtGatt.GattService      com.android.bluetooth                D  got characteristic with UUID=a55d1c55-0088-0003-0005-f0d78f4d8082 id: 26
2025-09-16 14:08:16.226 23624-23652 BtGatt.GattService      com.android.bluetooth                D  got characteristic with UUID=a55d1c55-0088-0003-0007-f0d78f4d8082 id: 28
2025-09-16 14:08:16.226 23624-23652 BtGatt.GattService      com.android.bluetooth                D  got characteristic with UUID=a55d1c55-0088-0003-0008-f0d78f4d8082 id: 30
2025-09-16 14:08:16.226 23624-23652 BtGatt.GattService      com.android.bluetooth                D  got characteristic with UUID=a55d1c55-0088-0003-0009-f0d78f4d8082 id: 32
2025-09-16 14:08:16.226 23624-23652 BtGatt.GattService      com.android.bluetooth                D  got service with UUID=a55d1c55-0088-0004-0000-f0d78f4d8082 id: 33
2025-09-16 14:08:16.226 23624-23652 BtGatt.GattService      com.android.bluetooth                D  got characteristic with UUID=a55d1c55-0088-0004-0002-f0d78f4d8082 id: 35
2025-09-16 14:08:16.226 23624-23652 BtGatt.GattService      com.android.bluetooth                D  got characteristic with UUID=a55d1c55-0088-0004-0003-f0d78f4d8082 id: 37
2025-09-16 14:08:16.226 23624-23652 BtGatt.GattService      com.android.bluetooth                D  got service with UUID=a55d1c55-0088-0009-0000-f0d78f4d8082 id: 38
2025-09-16 14:08:16.226 23624-23652 BtGatt.GattService      com.android.bluetooth                D  got characteristic with UUID=a55d1c55-0088-0009-0001-f0d78f4d8082 id: 40
2025-09-16 14:08:16.226 23624-23652 BtGatt.GattService      com.android.bluetooth                D  got characteristic with UUID=a55d1c55-0088-0009-0002-f0d78f4d8082 id: 42
2025-09-16 14:08:16.227 23624-23652 BtGatt.GattService      com.android.bluetooth                D  got service with UUID=a55d1c55-0088-000a-0000-f0d78f4d8082 id: 43
2025-09-16 14:08:16.227 23624-23652 BtGatt.GattService      com.android.bluetooth                D  got characteristic with UUID=a55d1c55-0088-000a-0001-f0d78f4d8082 id: 45
2025-09-16 14:08:16.231 22922-29194 BluetoothGatt           com.remoticom.energynodeinset        D  onSearchComplete() = Device=F0:D7:8F:4D:80:82 Status=0
2025-09-16 14:08:16.231 22922-29194 DiscoverSe...sOperation com.remoticom.energynodeinset        V  onServicesDiscovered called
2025-09-16 14:08:16.232 22922-29194 DiscoverServicesOp      com.remoticom.energynodeinset        D  Discovered services
2025-09-16 14:08:16.232 22922-29194 DiscoverServicesOp      com.remoticom.energynodeinset        D  Service: uuid=00001801-0000-1000-8000-00805f9b34fb
2025-09-16 14:08:16.232 22922-29194 DiscoverServicesOp      com.remoticom.energynodeinset        D  Characteristic: uuid=00002a05-0000-1000-8000-00805f9b34fb
2025-09-16 14:08:16.232 22922-29194 DiscoverServicesOp      com.remoticom.energynodeinset        D  Service: uuid=00001800-0000-1000-8000-00805f9b34fb
2025-09-16 14:08:16.232 22922-29194 DiscoverServicesOp      com.remoticom.energynodeinset        D  Characteristic: uuid=00002a00-0000-1000-8000-00805f9b34fb
2025-09-16 14:08:16.232 22922-29194 DiscoverServicesOp      com.remoticom.energynodeinset        D  Characteristic: uuid=00002a01-0000-1000-8000-00805f9b34fb
2025-09-16 14:08:16.232 22922-29194 DiscoverServicesOp      com.remoticom.energynodeinset        D  Characteristic: uuid=00002a04-0000-1000-8000-00805f9b34fb
2025-09-16 14:08:16.232 22922-29194 DiscoverServicesOp      com.remoticom.energynodeinset        D  Service: uuid=a55d1c55-0088-0000-0000-f0d78f4d8082
2025-09-16 14:08:16.232 22922-29194 DiscoverServicesOp      com.remoticom.energynodeinset        D  Characteristic: uuid=a55d1c55-0088-0000-0001-f0d78f4d8082
2025-09-16 14:08:16.232 22922-29194 DiscoverServicesOp      com.remoticom.energynodeinset        D  Characteristic: uuid=a55d1c55-0088-0000-0002-f0d78f4d8082
2025-09-16 14:08:16.232 22922-29194 DiscoverServicesOp      com.remoticom.energynodeinset        D  Service: uuid=a55d1c55-0088-0001-0000-f0d78f4d8082
2025-09-16 14:08:16.232 22922-29194 DiscoverServicesOp      com.remoticom.energynodeinset        D  Characteristic: uuid=a55d1c55-0088-0001-0001-f0d78f4d8082
2025-09-16 14:08:16.232 22922-29194 DiscoverServicesOp      com.remoticom.energynodeinset        D  Characteristic: uuid=a55d1c55-0088-0001-0002-f0d78f4d8082
2025-09-16 14:08:16.232 22922-29194 DiscoverServicesOp      com.remoticom.energynodeinset        D  Characteristic: uuid=a55d1c55-0088-0001-0003-f0d78f4d8082
2025-09-16 14:08:16.233 22922-29194 DiscoverServicesOp      com.remoticom.energynodeinset        D  Service: uuid=a55d1c55-0088-0003-0000-f0d78f4d8082
2025-09-16 14:08:16.233 22922-29194 DiscoverServicesOp      com.remoticom.energynodeinset        D  Characteristic: uuid=a55d1c55-0088-0003-0005-f0d78f4d8082
2025-09-16 14:08:16.233 22922-29194 DiscoverServicesOp      com.remoticom.energynodeinset        D  Characteristic: uuid=a55d1c55-0088-0003-0007-f0d78f4d8082
2025-09-16 14:08:16.233 22922-29194 DiscoverServicesOp      com.remoticom.energynodeinset        D  Characteristic: uuid=a55d1c55-0088-0003-0008-f0d78f4d8082
2025-09-16 14:08:16.233 22922-29194 DiscoverServicesOp      com.remoticom.energynodeinset        D  Characteristic: uuid=a55d1c55-0088-0003-0009-f0d78f4d8082
2025-09-16 14:08:16.233 22922-29194 DiscoverServicesOp      com.remoticom.energynodeinset        D  Service: uuid=a55d1c55-0088-0004-0000-f0d78f4d8082
2025-09-16 14:08:16.233 22922-29194 DiscoverServicesOp      com.remoticom.energynodeinset        D  Characteristic: uuid=a55d1c55-0088-0004-0002-f0d78f4d8082
2025-09-16 14:08:16.233 22922-29194 DiscoverServicesOp      com.remoticom.energynodeinset        D  Characteristic: uuid=a55d1c55-0088-0004-0003-f0d78f4d8082
2025-09-16 14:08:16.233 22922-29194 DiscoverServicesOp      com.remoticom.energynodeinset        D  Service: uuid=a55d1c55-0088-0009-0000-f0d78f4d8082
2025-09-16 14:08:16.233 22922-29194 DiscoverServicesOp      com.remoticom.energynodeinset        D  Characteristic: uuid=a55d1c55-0088-0009-0001-f0d78f4d8082
2025-09-16 14:08:16.233 22922-29194 DiscoverServicesOp      com.remoticom.energynodeinset        D  Characteristic: uuid=a55d1c55-0088-0009-0002-f0d78f4d8082
2025-09-16 14:08:16.233 22922-29194 DiscoverServicesOp      com.remoticom.energynodeinset        D  Service: uuid=a55d1c55-0088-000a-0000-f0d78f4d8082
2025-09-16 14:08:16.233 22922-29194 DiscoverServicesOp      com.remoticom.energynodeinset        D  Characteristic: uuid=a55d1c55-0088-000a-0001-f0d78f4d8082
2025-09-16 14:08:16.234 22922-22922 DiscoverSe...sOperation com.remoticom.energynodeinset        D  FINISHED
2025-09-16 14:08:16.248   963-23771 vendor.qti...bs_handler and...are.bluetooth@1.0-service-qti  I  ProcessIbsCmd: Received IBS_SLEEP_IND: 0xFE
2025-09-16 14:08:16.281   963-23771 vendor.qti...bs_handler and...are.bluetooth@1.0-service-qti  I  ProcessIbsCmd: Received IBS_WAKE_IND: 0xFD
2025-09-16 14:08:16.281   963-23771 vendor.qti...bs_handler and...are.bluetooth@1.0-service-qti  I  ProcessIbsCmd: Writing IBS_WAKE_ACK
2025-09-16 14:08:16.283 23624-23652 BtGatt.GattService      com.android.bluetooth                D  onClientConnUpdate() - connId=6, status=0
2025-09-16 14:08:16.283 23624-23652 BtGatt.GattService      com.android.bluetooth                D  onClientConnUpdate() - connId=10, status=0
2025-09-16 14:08:16.283 23624-23652 BtGatt.GattService      com.android.bluetooth                D  onClientConnUpdate() - connId=11, status=0
2025-09-16 14:08:16.283 23624-23652 BtGatt.GattService      com.android.bluetooth                D  onClientConnUpdate() - connId=12, status=0
2025-09-16 14:08:16.283 23624-23652 BtGatt.GattService      com.android.bluetooth                D  onClientConnUpdate() - connId=13, status=0
2025-09-16 14:08:16.284 22922-29194 BluetoothGatt           com.remoticom.energynodeinset        D  onConnectionUpdated() - Device=F0:D7:8F:4D:80:82 interval=36 latency=0 timeout=500 status=0
2025-09-16 14:08:16.322   963-23771 vendor.qti...bs_handler and...are.bluetooth@1.0-service-qti  I  ProcessIbsCmd: Received IBS_SLEEP_IND: 0xFE
2025-09-16 14:08:16.371   963-23771 vendor.qti...bs_handler and...are.bluetooth@1.0-service-qti  I  ProcessIbsCmd: Received IBS_WAKE_IND: 0xFD
2025-09-16 14:08:16.371   963-23771 vendor.qti...bs_handler and...are.bluetooth@1.0-service-qti  I  ProcessIbsCmd: Writing IBS_WAKE_ACK
2025-09-16 14:08:16.412   963-23771 vendor.qti...bs_handler and...are.bluetooth@1.0-service-qti  I  ProcessIbsCmd: Received IBS_SLEEP_IND: 0xFE
2025-09-16 14:08:16.685 19804-19804 ThreadPoolForeg         com.google.android.gms.persistent    W  type=1400 audit(0.0:65926): avc: denied { write } for name="traced_producer" dev="tmpfs" ino=27372 scontext=u:r:gmscore_app:s0:c512,c768 tcontext=u:object_r:traced_producer_socket:s0 tclass=sock_file permissive=0 app=com.google.android.gms
2025-09-16 14:08:16.738 22922-22922 BdcWriteSe...dOperation com.remoticom.energynodeinset        D  STARTED
2025-09-16 14:08:16.739 22922-22922 BdcWriteSe...dOperation com.remoticom.energynodeinset        D  currentMtu=40, maxPayload=37
2025-09-16 14:08:16.739 22922-22922 BdcWriteSe...dOperation com.remoticom.energynodeinset        W  MTU below 69, using small frame mode
2025-09-16 14:08:16.742 23624-23773 bt_stack                com.android.bluetooth                V  [VERBOSE1:bta_gattc_main.cc(361)] bta_gattc_hdl_event: Event:BTA_GATTC_API_WRITE_EVT
2025-09-16 14:08:16.743 23624-23773 bt_stack                com.android.bluetooth                V  [VERBOSE1:bta_gattc_main.cc(305)] bta_gattc_sm_execute: State 0x02 [GATTC_CONN_ST], Event 0x1f05[BTA_GATTC_API_WRITE_EVT]
2025-09-16 14:08:16.743 23624-23773 bt_stack                com.android.bluetooth                V  [VERBOSE1:gatt_utils.cc(1191)] gatt_end_operation status=0 op=3 subtype=1
2025-09-16 14:08:16.743 23624-23773 bt_stack                com.android.bluetooth                V  [VERBOSE1:bta_gattc_act.cc(1483)] bta_gattc_cmpl_cback: conn_id:13 op:3 status:0
2025-09-16 14:08:16.744 23624-23773 bt_stack                com.android.bluetooth                V  [VERBOSE1:bta_gattc_main.cc(341)] bta_gattc_sm_execute: GATTC State Change: 0x02 -> 0x02 after Event 0x1f05
2025-09-16 14:08:16.744 23624-23773 bt_stack                com.android.bluetooth                V  [VERBOSE1:bta_gattc_main.cc(361)] bta_gattc_hdl_event: Event:BTA_GATTC_OP_CMPL_EVT
2025-09-16 14:08:16.744 23624-23773 bt_stack                com.android.bluetooth                V  [VERBOSE1:bta_gattc_main.cc(305)] bta_gattc_sm_execute: State 0x02 [GATTC_CONN_ST], Event 0x1f0f[BTA_GATTC_OP_CMPL_EVT]
2025-09-16 14:08:16.744 23624-23773 bt_stack                com.android.bluetooth                V  [VERBOSE1:bta_gattc_act.cc(962)] bta_gattc_op_cmpl: op:3
2025-09-16 14:08:16.744 23624-23773 bt_stack                com.android.bluetooth                V  [VERBOSE1:bta_gattc_main.cc(341)] bta_gattc_sm_execute: GATTC State Change: 0x02 -> 0x02 after Event 0x1f0f
2025-09-16 14:08:16.745 22922-29194 BdcWriteSe...dOperation com.remoticom.energynodeinset        V  onCharacteristicWrite called
2025-09-16 14:08:16.747 22922-22922 BdcWriteSe...dOperation com.remoticom.energynodeinset        D  FINISHED
2025-09-16 14:08:16.776   963-23771 vendor.qti...bs_handler and...are.bluetooth@1.0-service-qti  I  ProcessIbsCmd: Received IBS_WAKE_IND: 0xFD
2025-09-16 14:08:16.776   963-23771 vendor.qti...bs_handler and...are.bluetooth@1.0-service-qti  I  ProcessIbsCmd: Writing IBS_WAKE_ACK
2025-09-16 14:08:16.817   963-23771 vendor.qti...bs_handler and...are.bluetooth@1.0-service-qti  I  ProcessIbsCmd: Received IBS_SLEEP_IND: 0xFE
2025-09-16 14:08:16.985 19879-19879 ThreadPoolForeg         com.google.android.gms               W  type=1400 audit(0.0:65927): avc: denied { write } for name="traced_producer" dev="tmpfs" ino=27372 scontext=u:r:gmscore_app:s0:c512,c768 tcontext=u:object_r:traced_producer_socket:s0 tclass=sock_file permissive=0 app=com.google.android.gms
2025-09-16 14:08:17.246   963-23771 vendor.qti...bs_handler and...are.bluetooth@1.0-service-qti  I  ProcessIbsCmd: Received IBS_WAKE_IND: 0xFD
2025-09-16 14:08:17.246   963-23771 vendor.qti...bs_handler and...are.bluetooth@1.0-service-qti  I  ProcessIbsCmd: Writing IBS_WAKE_ACK
2025-09-16 14:08:17.251 22922-22922 GattConnectionService   com.remoticom.energynodeinset        D  Service state updated with ServiceState(device=DeviceImpl(uuid=00000000-0000-0000-0000-f0d78f4d8082, device=F0:D7:8F:4D:80:82, type=Bdc, serviceUuids=[a55d1c55-0088-ffff-0000-000000000000], health=null, state=null), characteristics=null, isConnecting=false, connectionStatus=Connected, lastGattError=null)
2025-09-16 14:08:17.252 22922-22922 BdcReadGen...eOperation com.remoticom.energynodeinset        D  STARTED
2025-09-16 14:08:17.253 22922-22922 BdcReadGen...eOperation com.remoticom.energynodeinset        V  readCharacteristic initiated
2025-09-16 14:08:17.255 23624-23773 bt_stack                com.android.bluetooth                V  [VERBOSE1:bta_gattc_main.cc(361)] bta_gattc_hdl_event: Event:BTA_GATTC_API_READ_EVT
2025-09-16 14:08:17.255 23624-23773 bt_stack                com.android.bluetooth                V  [VERBOSE1:bta_gattc_main.cc(305)] bta_gattc_sm_execute: State 0x02 [GATTC_CONN_ST], Event 0x1f04[BTA_GATTC_API_READ_EVT]
2025-09-16 14:08:17.255 23624-23773 bt_stack                com.android.bluetooth                V  [VERBOSE1:gatt_api.cc(692)] GATTC_Read: conn_id=0x000d, type=0x02
2025-09-16 14:08:17.256 23624-23773 bt_stack                com.android.bluetooth                V  [VERBOSE1:bta_gattc_main.cc(341)] bta_gattc_sm_execute: GATTC State Change: 0x02 -> 0x02 after Event 0x1f04
2025-09-16 14:08:17.260 22922-22922 NodeListFragment        com.remoticom.energynodeinset        D  Updating list of nodes
2025-09-16 14:08:17.285  1099-1873  surfaceflinger          surfaceflinger                       E  [frame_perf] perfboost open boost file failed
2025-09-16 14:08:17.302  1099-14069 surfaceflinger          surfaceflinger                       E  [frame_perf] perfboost open boost file failed
2025-09-16 14:08:17.311   963-23771 vendor.qti...bs_handler and...are.bluetooth@1.0-service-qti  I  ProcessIbsCmd: Received IBS_SLEEP_IND: 0xFE
2025-09-16 14:08:17.313  1099-1156  surfaceflinger          surfaceflinger                       E  [frame_perf] perfboost open boost file failed
2025-09-16 14:08:17.330  1099-14069 surfaceflinger          surfaceflinger                       E  [frame_perf] perfboost open boost file failed
2025-09-16 14:08:17.333  1099-1156  surfaceflinger          surfaceflinger                       E  [frame_perf] perfboost open boost file failed
2025-09-16 14:08:17.367  1099-14069 surfaceflinger          surfaceflinger                       E  [frame_perf] perfboost open boost file failed
2025-09-16 14:08:17.541   963-23771 vendor.qti...bs_handler and...are.bluetooth@1.0-service-qti  I  ProcessIbsCmd: Received IBS_WAKE_IND: 0xFD
2025-09-16 14:08:17.541   963-23771 vendor.qti...bs_handler and...are.bluetooth@1.0-service-qti  I  ProcessIbsCmd: Writing IBS_WAKE_ACK
2025-09-16 14:08:17.543 23624-23773 bt_stack                com.android.bluetooth                V  [VERBOSE1:gatt_main.cc(1086)] gatt_get_ch_state: ch_state=4
2025-09-16 14:08:17.543 23624-23773 bt_stack                com.android.bluetooth                I  [INFO:gatt_main.cc(919)] gatt_data_process op_code = 11, msg_len = 1
2025-09-16 14:08:17.543 23624-23773 bt_stack                com.android.bluetooth                V  [VERBOSE1:gatt_cl.cc(1112)] gatt_client_handle_server_rsp op_code: 11, len = 1rsp_code: 11
2025-09-16 14:08:17.543 23624-23773 bt_stack                com.android.bluetooth                V  [VERBOSE1:gatt_utils.cc(1191)] gatt_end_operation status=0 op=2 subtype=2
2025-09-16 14:08:17.543 23624-23773 bt_stack                com.android.bluetooth                V  [VERBOSE1:bta_gattc_act.cc(1483)] bta_gattc_cmpl_cback: conn_id:13 op:2 status:0
2025-09-16 14:08:17.544 23624-23773 bt_stack                com.android.bluetooth                V  [VERBOSE1:bta_gattc_main.cc(361)] bta_gattc_hdl_event: Event:BTA_GATTC_OP_CMPL_EVT
2025-09-16 14:08:17.544 23624-23773 bt_stack                com.android.bluetooth                V  [VERBOSE1:bta_gattc_main.cc(305)] bta_gattc_sm_execute: State 0x02 [GATTC_CONN_ST], Event 0x1f0f[BTA_GATTC_OP_CMPL_EVT]
2025-09-16 14:08:17.544 23624-23773 bt_stack                com.android.bluetooth                V  [VERBOSE1:bta_gattc_act.cc(962)] bta_gattc_op_cmpl: op:2
2025-09-16 14:08:17.544 23624-23773 bt_stack                com.android.bluetooth                V  [VERBOSE1:bta_gattc_main.cc(341)] bta_gattc_sm_execute: GATTC State Change: 0x02 -> 0x02 after Event 0x1f0f
2025-09-16 14:08:17.547 22922-29194 BdcReadGen...eOperation com.remoticom.energynodeinset        V  onCharacteristicRead called
2025-09-16 14:08:17.550 22922-22922 BdcReadGen...eOperation com.remoticom.energynodeinset        D  FINISHED
2025-09-16 14:08:17.550 22922-22922 BdcReadGen...eOperation com.remoticom.energynodeinset        D  STARTED
