2025-09-17 11:52:40.839  1099-1468  surfaceflinger          surfaceflinger                       E  [frame_perf] perfboost open boost file failed
2025-09-17 11:52:40.843   963-17929 vendor.qti...bs_handler and...are.bluetooth@1.0-service-qti  I  ProcessIbsCmd: Received IBS_SLEEP_IND: 0xFE
2025-09-17 11:52:40.847   963-17929 vendor.qti...bs_handler and...are.bluetooth@1.0-service-qti  I  ProcessIbsCmd: Received IBS_WAKE_IND: 0xFD
2025-09-17 11:52:40.847   963-17929 vendor.qti...bs_handler and...are.bluetooth@1.0-service-qti  I  ProcessIbsCmd: Writing IBS_WAKE_ACK
2025-09-17 11:52:40.849 17730-17931 bt_stack                com.android.bluetooth                V  [VERBOSE1:gatt_main.cc(1086)] gatt_get_ch_state: ch_state=4
2025-09-17 11:52:40.849 17730-17931 bt_stack                com.android.bluetooth                I  [INFO:gatt_main.cc(919)] gatt_data_process op_code = 23, msg_len = 5
2025-09-17 11:52:40.849 17730-17931 bt_stack                com.android.bluetooth                V  [VERBOSE1:gatt_cl.cc(1112)] gatt_client_handle_server_rsp op_code: 23, len = 5rsp_code: 23
2025-09-17 11:52:40.849 17730-17931 bt_stack                com.android.bluetooth                E  [ERROR:gatt_cl.cc(578)] value resp op_code = ATT_RSP_PREPARE_WRITE len = 5
2025-09-17 11:52:40.849 17730-17931 bt_stack                com.android.bluetooth                V  [VERBOSE1:gatt_cl.cc(303)] gatt_check_write_long_terminate
2025-09-17 11:52:40.849 17730-17931 bt_stack                com.android.bluetooth                V  [VERBOSE1:gatt_utils.cc(1191)] gatt_end_operation status=0 op=3 subtype=3
2025-09-17 11:52:40.849 17730-17931 bt_stack                com.android.bluetooth                V  [VERBOSE1:bta_gattc_act.cc(1483)] bta_gattc_cmpl_cback: conn_id:8 op:3 status:0
2025-09-17 11:52:40.849 17730-17931 bt_stack                com.android.bluetooth                V  [VERBOSE1:bta_gattc_main.cc(361)] bta_gattc_hdl_event: Event:BTA_GATTC_OP_CMPL_EVT
2025-09-17 11:52:40.849 17730-17931 bt_stack                com.android.bluetooth                V  [VERBOSE1:bta_gattc_main.cc(305)] bta_gattc_sm_execute: State 0x02 [GATTC_CONN_ST], Event 0x1f0f[BTA_GATTC_OP_CMPL_EVT]
2025-09-17 11:52:40.849 17730-17931 bt_stack                com.android.bluetooth                V  [VERBOSE1:bta_gattc_act.cc(962)] bta_gattc_op_cmpl: op:3
2025-09-17 11:52:40.849 17730-17931 bt_stack                com.android.bluetooth                V  [VERBOSE1:bta_gattc_main.cc(341)] bta_gattc_sm_execute: GATTC State Change: 0x02 -> 0x02 after Event 0x1f0f
2025-09-17 11:52:40.851 29273-26543 BdcWriteTi...tOperation com.remoticom.energynodeinset        V  onCharacteristicWrite called
2025-09-17 11:52:40.852 29273-29273 BdcWriteTi...tOperation com.remoticom.energynodeinset        D  FINISHED
2025-09-17 11:52:40.853 29273-29273 EndReliabl...eOperation com.remoticom.energynodeinset        D  STARTED
2025-09-17 11:52:40.854 17730-17746 BtGatt.GattService      com.android.bluetooth                D  endReliableWrite() - address=F0:D7:8F:4D:80:82 execute: true
2025-09-17 11:52:40.854 17730-17931 bt_stack                com.android.bluetooth                V  [VERBOSE1:bta_gattc_main.cc(361)] bta_gattc_hdl_event: Event:BTA_GATTC_API_EXEC_EVT
2025-09-17 11:52:40.854 17730-17931 bt_stack                com.android.bluetooth                V  [VERBOSE1:bta_gattc_main.cc(305)] bta_gattc_sm_execute: State 0x02 [GATTC_CONN_ST], Event 0x1f06[BTA_GATTC_API_EXEC_EVT]
2025-09-17 11:52:40.855 17730-17931 bt_stack                com.android.bluetooth                V  [VERBOSE1:gatt_api.cc(825)] GATTC_ExecuteWrite: conn_id=0x0008, is_execute=1
2025-09-17 11:52:40.855 17730-17931 bt_stack                com.android.bluetooth                V  [VERBOSE1:gatt_cl.cc(278)] gatt_send_queue_write_cancel
2025-09-17 11:52:40.855 17730-17931 bt_stack                com.android.bluetooth                V  [VERBOSE1:bta_gattc_main.cc(341)] bta_gattc_sm_execute: GATTC State Change: 0x02 -> 0x02 after Event 0x1f06
2025-09-17 11:52:40.856  1099-14582 surfaceflinger          surfaceflinger                       E  [frame_perf] perfboost open boost file failed
2025-09-17 11:52:40.857  1099-1468  surfaceflinger          surfaceflinger                       E  [frame_perf] perfboost open boost file failed
2025-09-17 11:52:40.887   963-17929 vendor.qti...bs_handler and...are.bluetooth@1.0-service-qti  I  ProcessIbsCmd: Received IBS_SLEEP_IND: 0xFE
2025-09-17 11:52:40.892   963-17929 vendor.qti...bs_handler and...are.bluetooth@1.0-service-qti  I  ProcessIbsCmd: Received IBS_WAKE_IND: 0xFD
2025-09-17 11:52:40.892   963-17929 vendor.qti...bs_handler and...are.bluetooth@1.0-service-qti  I  ProcessIbsCmd: Writing IBS_WAKE_ACK
2025-09-17 11:52:40.920  1099-14582 surfaceflinger          surfaceflinger                       E  [frame_perf] perfboost open boost file failed
2025-09-17 11:52:40.920  1099-1157  surfaceflinger          surfaceflinger                       E  [frame_perf] perfboost open boost file failed
2025-09-17 11:52:40.932   963-17929 vendor.qti...bs_handler and...are.bluetooth@1.0-service-qti  I  ProcessIbsCmd: Received IBS_SLEEP_IND: 0xFE
2025-09-17 11:52:40.937   963-17929 vendor.qti...bs_handler and...are.bluetooth@1.0-service-qti  I  ProcessIbsCmd: Received IBS_WAKE_IND: 0xFD
2025-09-17 11:52:40.937   963-17929 vendor.qti...bs_handler and...are.bluetooth@1.0-service-qti  I  ProcessIbsCmd: Writing IBS_WAKE_ACK
2025-09-17 11:52:40.937  1099-14582 surfaceflinger          surfaceflinger                       E  [frame_perf] perfboost open boost file failed
2025-09-17 11:52:40.938  1099-1157  surfaceflinger          surfaceflinger                       E  [frame_perf] perfboost open boost file failed
2025-09-17 11:52:40.938 17730-17931 bt_stack                com.android.bluetooth                V  [VERBOSE1:gatt_main.cc(1086)] gatt_get_ch_state: ch_state=4
2025-09-17 11:52:40.938 17730-17931 bt_stack                com.android.bluetooth                I  [INFO:gatt_main.cc(919)] gatt_data_process op_code = 25, msg_len = 0
2025-09-17 11:52:40.938 17730-17931 bt_stack                com.android.bluetooth                V  [VERBOSE1:gatt_cl.cc(1112)] gatt_client_handle_server_rsp op_code: 25, len = 0rsp_code: 25
2025-09-17 11:52:40.938 17730-17931 bt_stack                com.android.bluetooth                V  [VERBOSE1:gatt_utils.cc(1191)] gatt_end_operation status=0 op=4 subtype=0
2025-09-17 11:52:40.939 17730-17931 bt_stack                com.android.bluetooth                V  [VERBOSE1:bta_gattc_act.cc(1483)] bta_gattc_cmpl_cback: conn_id:8 op:4 status:0
2025-09-17 11:52:40.939 17730-17931 bt_stack                com.android.bluetooth                V  [VERBOSE1:bta_gattc_main.cc(361)] bta_gattc_hdl_event: Event:BTA_GATTC_OP_CMPL_EVT
2025-09-17 11:52:40.939 17730-17931 bt_stack                com.android.bluetooth                V  [VERBOSE1:bta_gattc_main.cc(305)] bta_gattc_sm_execute: State 0x02 [GATTC_CONN_ST], Event 0x1f0f[BTA_GATTC_OP_CMPL_EVT]
2025-09-17 11:52:40.939 17730-17931 bt_stack                com.android.bluetooth                V  [VERBOSE1:bta_gattc_act.cc(962)] bta_gattc_op_cmpl: op:4
2025-09-17 11:52:40.939 17730-17931 bt_stack                com.android.bluetooth                V  [VERBOSE1:bta_gattc_main.cc(341)] bta_gattc_sm_execute: GATTC State Change: 0x02 -> 0x02 after Event 0x1f0f
2025-09-17 11:52:40.940 29273-26543 EndReliabl...eOperation com.remoticom.energynodeinset        V  onReliableWriteCompleted called
2025-09-17 11:52:40.942 29273-29273 EndReliabl...eOperation com.remoticom.energynodeinset        D  FINISHED
2025-09-17 11:52:40.943 29273-29273 GattConnectionService   com.remoticom.energynodeinset        D  Service state updated with ServiceState(device=DeviceImpl(uuid=00000000-0000-0000-0000-f0d78f4d8082, device=F0:D7:8F:4D:80:82, type=Bdc, serviceUuids=[a55d1c55-0088-ffff-0000-000000000000], health=null, state=null), characteristics=DeviceCharacteristics(general=GeneralCharacteristics(mode=STEP_DIMMING, name=null), dim=DimCharacteristics(preset=5, steps=[DimStep(hour=9, minute=0, level=100), DimStep(hour=20, minute=30, level=75), DimStep(hour=22, minute=0, level=50), DimStep(hour=2, minute=0, level=75), DimStep(hour=3, minute=0, level=100)], level=100), dali=DaliCharacteristics(clo=false, powerLevel=null, availablePowerLevels=null, fixtureName=null, fadeTime=4), time=TimeCharacteristics(timezone=null, unixTimestamp=null, midnightOffset=60), gps=null, diagnostics=DiagnosticsCharacteristics(status=2, version=DiagnosticsVersion(firmwareVersion=Version(major=1, minor=2, patch=3, build=null), libraryVersion=Version(major=0, minor=0, patch=0, build=null))), daliBanks=null), isConnecting=false, connectionStatus=Connected, lastGattError=null, hasConnectionTimeout=false)
2025-09-17 11:52:40.944 29273-29273 NodeSettingsFragment    com.remoticom.energynodeinset        D  Node successfully written
2025-09-17 11:52:40.977   963-17929 vendor.qti...bs_handler and...are.bluetooth@1.0-service-qti  I  ProcessIbsCmd: Received IBS_SLEEP_IND: 0xFE
2025-09-17 11:52:41.054  1099-14582 surfaceflinger          surfaceflinger                       E  [frame_perf] perfboost open boost file failed
2025-09-17 11:52:41.063  1099-1156  surfaceflinger          surfaceflinger                       E  [frame_perf] perfboost open boost file failed
2025-09-17 11:52:41.080  1099-14582 surfaceflinger          surfaceflinger                       E  [frame_perf] perfboost open boost file failed
2025-09-17 11:52:41.085  1099-3321  surfaceflinger          surfaceflinger                       E  [frame_perf] perfboost open boost file failed
2025-09-17 11:52:41.102  1099-14582 surfaceflinger          surfaceflinger                       E  [frame_perf] perfboost open boost file failed
2025-09-17 11:52:41.674   963-17929 vendor.qti...bs_handler and...are.bluetooth@1.0-service-qti  I  ProcessIbsCmd: Received IBS_WAKE_IND: 0xFD
2025-09-17 11:52:41.674   963-17929 vendor.qti...bs_handler and...are.bluetooth@1.0-service-qti  I  ProcessIbsCmd: Writing IBS_WAKE_ACK
2025-09-17 11:52:41.677 17730-17931 bt_stack                com.android.bluetooth                V  [VERBOSE1:btm_inq.cc(1019)] BTM_InqDbRead: bd addr 54:1f:e8:f3:17:01
2025-09-17 11:52:41.715   963-17929 vendor.qti...bs_handler and...are.bluetooth@1.0-service-qti  I  ProcessIbsCmd: Received IBS_SLEEP_IND: 0xFE
2025-09-17 11:52:41.855   963-17934 vendor.qti...bs_handler and...are.bluetooth@1.0-service-qti  I  DeviceSleep: TX Awake, Sending SLEEP_IND
2025-09-17 11:52:41.856   963-17934 vendor.qti...bs_handler and...are.bluetooth@1.0-service-qti  D  SerialClockVote: vote for UART CLK OFF
2025-09-17 11:52:42.006   963-17920 vendor.qti...-wake_lock and...are.bluetooth@1.0-service-qti  D  Release wakelock is released 
2025-09-17 11:52:42.300  1305-2204  ActivityThread          system_server                        E  Failed to find provider info for com.oneplus.account.personalize.provider.open
2025-09-17 11:52:42.301  1305-2204  OpSystemGestures        system_server                        W  recordSwipe failed due to total=0.5351273927954026
                                                                                                    java.lang.IllegalArgumentException: Unknown URL content://com.oneplus.account.personalize.provider.open
                                                                                                    	at android.content.ContentResolver.insert(ContentResolver.java:2172)
                                                                                                    	at android.content.ContentResolver.insert(ContentResolver.java:2130)
                                                                                                    	at com.android.server.wm.OpSystemGesturesPointerEventListenerInjector.lambda$saveDistance$0$OpSystemGesturesPointerEventListenerInjector(OpSystemGesturesPointerEventListenerInjector.java:154)
                                                                                                    	at com.android.server.wm.-$$Lambda$OpSystemGesturesPointerEventListenerInjector$neC_mfZQiJ4FpMKCb3FZMJ-lO-g.run(Unknown Source:4)
                                                                                                    	at android.os.Handler.handleCallback(Handler.java:938)
                                                                                                    	at android.os.Handler.dispatchMessage(Handler.java:99)
                                                                                                    	at android.os.Looper.loop(Looper.java:233)
                                                                                                    	at android.os.HandlerThread.run(HandlerThread.java:67)
                                                                                                    	at com.android.server.ServiceThread.run(ServiceThread.java:44)
2025-09-17 11:52:42.325  1099-1156  surfaceflinger          surfaceflinger                       E  [frame_perf] perfboost open boost file failed
2025-09-17 11:52:42.342  1099-14582 surfaceflinger          surfaceflinger                       E  [frame_perf] perfboost open boost file failed
2025-09-17 11:52:42.352  1099-1873  surfaceflinger          surfaceflinger                       E  [frame_perf] perfboost open boost file failed
2025-09-17 11:52:42.376 29273-29273 NodeListFragment        com.remoticom.energynodeinset        D  Updating list of nodes
2025-09-17 11:52:42.383 28707-25909 NearbyMediums           com.google.android.gms.persistent    I  Found Fast Ble Advertisements :
                                                                                                    BleAdvertisement { version=2, socketVersion=2, isFast=true, serviceIdHash=null, data=[ 0x23 0x4e 0x47 0x30 0x52 0x11 0x32 0x4f 0xd6 0xbd 0x0e 0x26 0x7a 0xde 0x46 0xa7 0x00 0xf1 0xaf 0x30 0x3b 0xeb 0xa1 ], deviceToken=[ 0xf1 0x35 ], rxAdvertisement=null } : 5 times.
                                                                                                    Total 5 fast advertisements from 1 unique advertisers.
2025-09-17 11:52:42.383 28707-25909 NearbyMediums           com.google.android.gms.persistent    I  Current Tracked Scanning Clients are : {NearbyConnections.EnvironmentMonitor, NearbySharing}
2025-09-17 11:52:42.386  1099-14582 surfaceflinger          surfaceflinger                       E  [frame_perf] perfboost open boost file failed
2025-09-17 11:52:42.386  1099-3321  surfaceflinger          surfaceflinger                       E  [frame_perf] perfboost open boost file failed
2025-09-17 11:52:42.387 28707-25772 NearbyConnections       com.google.android.gms.persistent    I  Processing lost BlePeripheral BlePeripheral{advertisement=BleAdvertisement { version=2, socketVersion=2, isFast=true, serviceIdHash=null, data=[ 0x23 0x44 0x49 0x4b 0x35 0x11 0x32 0x5a 0x6b 0x96 0x27 0xaa 0xdb 0x29 0x6e 0x32 0x83 0x7e 0x22 0x21 0xf4 0x9b 0x21 ], deviceToken=[ 0x03 0xb5 ], rxAdvertisement=null }, dctAdvertisement=null, address=null, psm=0, deviceToken=<ByteString@3d682e size=2 contents="\003\265">, isSecondProfile=false, rxInstantConnectionAdv=null}.
2025-09-17 11:52:42.387 28707-25772 NearbyConnections       com.google.android.gms.persistent    I  Lost BleEndpoint for BlePeripheral BlePeripheral{advertisement=BleAdvertisement { version=2, socketVersion=2, isFast=true, serviceIdHash=null, data=[ 0x23 0x44 0x49 0x4b 0x35 0x11 0x32 0x5a 0x6b 0x96 0x27 0xaa 0xdb 0x29 0x6e 0x32 0x83 0x7e 0x22 0x21 0xf4 0x9b 0x21 ], deviceToken=[ 0x03 0xb5 ], rxAdvertisement=null }, dctAdvertisement=null, address=null, psm=0, deviceToken=<ByteString@3d682e size=2 contents="\003\265">, isSecondProfile=false, rxInstantConnectionAdv=null} (with EndpointId DIK5 and EndpointInfo [ 0x32 0x5a 0x6b 0x96 0x27 0xaa 0xdb 0x29 0x6e 0x32 0x83 0x7e 0x22 0x21 0xf4 0x9b 0x21 ]).
2025-09-17 11:52:42.388 28707-25772 NearbyConnections       com.google.android.gms.persistent    I  ClientProxy(249410627) reporting onEndpointLost(DIK5)
2025-09-17 11:52:42.388 28707-24989 NearbySharing           com.google.android.gms.persistent    I  NearbySharing Internal event EndpointLost(endpointId=DIK5)
2025-09-17 11:52:42.388 28707-25772 NearbyConnections       com.google.android.gms.persistent    I  Processing lost BlePeripheral BlePeripheral{advertisement=BleAdvertisement { version=2, socketVersion=2, isFast=true, serviceIdHash=null, data=[ 0x23 0x4c 0x33 0x4c 0x34 0x11 0x32 0xe9 0xbf 0x27 0x26 0xea 0x75 0x7d 0x80 0x19 0xca 0xa0 0x33 0x1b 0x4d 0x25 0xea ], deviceToken=[ 0xb7 0x02 ], rxAdvertisement=null }, dctAdvertisement=null, address=null, psm=0, deviceToken=<ByteString@1778fcf size=2 contents="\267\002">, isSecondProfile=false, rxInstantConnectionAdv=null}.
2025-09-17 11:52:42.389 28707-25772 NearbyConnections       com.google.android.gms.persistent    I  Lost BleEndpoint for BlePeripheral BlePeripheral{advertisement=BleAdvertisement { version=2, socketVersion=2, isFast=true, serviceIdHash=null, data=[ 0x23 0x4c 0x33 0x4c 0x34 0x11 0x32 0xe9 0xbf 0x27 0x26 0xea 0x75 0x7d 0x80 0x19 0xca 0xa0 0x33 0x1b 0x4d 0x25 0xea ], deviceToken=[ 0xb7 0x02 ], rxAdvertisement=null }, dctAdvertisement=null, address=null, psm=0, deviceToken=<ByteString@1778fcf size=2 contents="\267\002">, isSecondProfile=false, rxInstantConnectionAdv=null} (with EndpointId L3L4 and EndpointInfo [ 0x32 0xe9 0xbf 0x27 0x26 0xea 0x75 0x7d 0x80 0x19 0xca 0xa0 0x33 0x1b 0x4d 0x25 0xea ]).
2025-09-17 11:52:42.389 28707-25772 NearbyConnections       com.google.android.gms.persistent    I  ClientProxy(249410627) reporting onEndpointLost(L3L4)
2025-09-17 11:52:42.390 28707-24989 NearbySharing           com.google.android.gms.persistent    I  NearbySharing Internal event EndpointLost(endpointId=L3L4)
2025-09-17 11:52:42.390 28707-25772 NearbyConnections       com.google.android.gms.persistent    I  Processing lost BlePeripheral BlePeripheral{advertisement=BleAdvertisement { version=2, socketVersion=2, isFast=true, serviceIdHash=null, data=[ 0x23 0x4a 0x58 0x4b 0x58 0x11 0x32 0x69 0xce 0xed 0x21 0x97 0xad 0xd3 0x03 0xd9 0x2a 0x3e 0x19 0xd5 0xcc 0xad 0x6d ], deviceToken=[ 0x90 0xb4 ], rxAdvertisement=null }, dctAdvertisement=null, address=null, psm=0, deviceToken=<ByteString@6d37d5c size=2 contents="\220\264">, isSecondProfile=false, rxInstantConnectionAdv=null}.
2025-09-17 11:52:42.390 28707-25772 NearbyConnections       com.google.android.gms.persistent    I  Lost BleEndpoint for BlePeripheral BlePeripheral{advertisement=BleAdvertisement { version=2, socketVersion=2, isFast=true, serviceIdHash=null, data=[ 0x23 0x4a 0x58 0x4b 0x58 0x11 0x32 0x69 0xce 0xed 0x21 0x97 0xad 0xd3 0x03 0xd9 0x2a 0x3e 0x19 0xd5 0xcc 0xad 0x6d ], deviceToken=[ 0x90 0xb4 ], rxAdvertisement=null }, dctAdvertisement=null, address=null, psm=0, deviceToken=<ByteString@6d37d5c size=2 contents="\220\264">, isSecondProfile=false, rxInstantConnectionAdv=null} (with EndpointId JXKX and EndpointInfo [ 0x32 0x69 0xce 0xed 0x21 0x97 0xad 0xd3 0x03 0xd9 0x2a 0x3e 0x19 0xd5 0xcc 0xad 0x6d ]).
2025-09-17 11:52:42.391 28707-25772 NearbyConnections       com.google.android.gms.persistent    I  ClientProxy(249410627) reporting onEndpointLost(JXKX)
2025-09-17 11:52:42.391 28707-25926 NearbySharing           com.google.android.gms.persistent    I  NearbySharing Internal event EndpointLost(endpointId=JXKX)
2025-09-17 11:52:42.403  1099-14582 surfaceflinger          surfaceflinger                       E  [frame_perf] perfboost open boost file failed
2025-09-17 11:52:42.417  1099-1157  surfaceflinger          surfaceflinger                       E  [frame_perf] perfboost open boost file failed
2025-09-17 11:52:43.151  1305-3202  ActivityManager         system_server                        D  kill pid:22274 processName:com.google.android.apps.turbo reason:empty #31
2025-09-17 11:52:43.151  1305-3202  ActivityManager         system_server                        I  Killing 22274:com.google.android.apps.turbo/u0a156 (adj 999): empty #31
2025-09-17 11:52:43.154  1305-3202  ActivityManager         system_server                        D  kill pid:22783 processName:nl.hockey.android reason:empty #32
2025-09-17 11:52:43.154  1305-3202  ActivityManager         system_server                        I  Killing 22783:nl.hockey.android/u0a148 (adj 999): empty #32
2025-09-17 11:52:43.209  1305-3202  ProcessStats            system_server                        W  setState index out of bounds. index: -1 length: 20
2025-09-17 11:52:43.210   872-872   Zygote                  pid-872                              I  Process 22274 exited due to signal 9 (Killed)
2025-09-17 11:52:43.217  1305-1731  libprocessgroup         system_server                        I  Successfully killed process cgroup uid 10156 pid 22274 in 64ms
2025-09-17 11:52:43.225  1305-3202  chatty                  system_server                        I  uid=1000(system) Binder:1305_B identical 2 lines
2025-09-17 11:52:43.225  1305-3202  ProcessStats            system_server                        W  setState index out of bounds. index: -1 length: 20
2025-09-17 11:52:43.229  1305-2937  OPBF                    system_server                        D  setCGroupState():tofreeze=false, uid:10148 pkg:nl.hockey.android --->>> ok reason:app died cause by pid 22783
2025-09-17 11:52:43.229   872-872   Zygote                  pid-872                              I  Process 22783 exited due to signal 9 (Killed)
2025-09-17 11:52:43.230  1305-1731  libprocessgroup         system_server                        I  Successfully killed process cgroup uid 10148 pid 22783 in 12ms
2025-09-17 11:52:43.231  1305-2937  WifiService             system_server                        I  setHighPerfRestrict uid=10148 restrict=false callingUid=1000
2025-09-17 11:52:43.242  1305-1594  Compatibil...geReporter system_server                        D  Compat change id reported: 135634846; UID 10148; state: DISABLED
2025-09-17 11:52:43.243  1305-1730  Compatibil...geReporter system_server                        D  Compat change id reported: 143937733; UID 10148; state: ENABLED
2025-09-17 11:52:43.279   872-872   Zygote                  pid-872                              D  Forked child process 26601
2025-09-17 11:52:43.285  1305-1730  ActivityManager         system_server                        I  Start proc 26601:nl.hockey.android/u0a148 for qcomUXE
2025-09-17 11:52:43.313 26601-26601 .hockey.androi          pid-26601                            E  Unknown bits set in runtime_flags: 0x800000
2025-09-17 11:52:43.320 26601-26601 .hockey.androi          pid-26601                            E  Not starting debugger since process cannot load the jdwp agent.
2025-09-17 11:52:43.374 26601-26601 .hockey.androi          pid-26601                            I  The ClassLoaderContext is a special shared library.
2025-09-17 11:52:43.519 26601-26601 100                     pid-26601                            I  Open /data/app/~~tmZHQhFkI9pXYKqc7HU7iA==/nl.hockey.android-AuQpsAYTnZkmnkPdP8DhVg==/base.apk took:118ms
2025-09-17 11:52:43.548 26601-26601 .hockey.androi          nl.hockey.android                    W  JIT profile information will not be recorded: profile file does not exist.
2025-09-17 11:52:43.548 26601-26601 chatty                  nl.hockey.android                    I  uid=10148(nl.hockey.android) identical 2 lines
2025-09-17 11:52:43.548 26601-26601 .hockey.androi          nl.hockey.android                    W  JIT profile information will not be recorded: profile file does not exist.
2025-09-17 11:52:43.563 26601-26601 Perf                    nl.hockey.android                    I  Connecting to perf service.
2025-09-17 11:52:43.573 26601-26601 .hockey.androi          nl.hockey.android                    I  [GL_OOM] ClampGrowthLimit 268435456
2025-09-17 11:52:43.578 26601-26601 NetworkSecurityConfig   nl.hockey.android                    D  No Network Security Config specified, using platform default
2025-09-17 11:52:43.579 26601-26601 NetworkSecurityConfig   nl.hockey.android                    D  No Network Security Config specified, using platform default
2025-09-17 11:52:43.716 26601-26621 .hockey.androi          nl.hockey.android                    I  The ClassLoaderContext is a special shared library.
2025-09-17 11:52:43.772 26601-26601 SessionsDependencies    nl.hockey.android                    D  Dependency to CRASHLYTICS added.
2025-09-17 11:52:43.778 26601-26601 FirebaseApp             nl.hockey.android                    I  Device unlocked: initializing all Firebase APIs for app [DEFAULT]
2025-09-17 11:52:43.791 26601-26601 FirebaseCrashlytics     nl.hockey.android                    I  Initializing Firebase Crashlytics 19.4.3 for nl.hockey.android
2025-09-17 11:52:43.813  3143-3143  MDM-DataAc...ionManager com.android.phone                    D  onDataActivity: isNewEvent = true, isEndEvent = false
2025-09-17 11:52:43.813  3143-3143  MDM-DataAc...ionManager com.android.phone                    D  getCurrentSimMccMnc: current SIM mccmnc = [*20416, null]
2025-09-17 11:52:43.813  3143-3143  MDM-DataTr...eedTracker com.android.phone                    D  onDataActivity: isNewTxEvent = true, isNewRxEvent = true, isTxEndEvent = false, isRxEndEvent = false
2025-09-17 11:52:43.813 30462-30498 NetworkCon...troller(1) com.android.systemui                 D  notifyListeners, showSimLoadedFakeIcon :false
2025-09-17 11:52:43.820 26601-26601 SessionsDependencies    nl.hockey.android                    D  Subscriber CRASHLYTICS registered.
2025-09-17 11:52:43.825 29273-29273 NodeListFragment        com.remoticom.energynodeinset        D  Selected node: 00000000-0000-0000-0000-f0d78f4d8082
2025-09-17 11:52:43.849 26601-26630 .hockey.androi          nl.hockey.android                    W  ClassLoaderContext classpath size mismatch. expected=13, found=0 (DLC[];PCL[base.apk*1167027886:base.apk!classes2.dex*3124322098:base.apk!classes3.dex*3534093271:base.apk!classes4.dex*1512672165:base.apk!classes5.dex*2315730570:base.apk!classes6.dex*128191468:base.apk!classes7.dex*4122639961:base.apk!classes8.dex*3512041491:base.apk!classes9.dex*614610935:base.apk!classes10.dex*3736102109:base.apk!classes11.dex*695555940:base.apk!classes12.dex*1278303432:base.apk!classes13.dex*3971330505]{PCL[/system/framework/org.apache.http.legacy.jar*536376411]#PCL[/apex/com.android.extservices/javalib/android.ext.adservices.jar*3549398241]#PCL[/system/framework/com.android.media.remotedisplay.jar*1573936315]#PCL[/system/framework/com.android.location.provider.jar*1664931834]#PCL[/system/framework/org.apache.http.legacy.jar*536376411]#PCL[/apex/com.android.extservices/javalib/android.ext.adservices.jar*3549398241]} | DLC[];PCL[])
2025-09-17 11:52:43.851 26601-26630 DynamiteModule          nl.hockey.android                    I  Considering local module com.google.android.gms.measurement.dynamite:141 and remote module com.google.android.gms.measurement.dynamite:158
2025-09-17 11:52:43.851 26601-26630 DynamiteModule          nl.hockey.android                    I  Selected remote version of com.google.android.gms.measurement.dynamite, version >= 158
2025-09-17 11:52:43.851 26601-26630 DynamiteModule          nl.hockey.android                    V  Dynamite loader version >= 2, using loadModule2NoCrashUtils
2025-09-17 11:52:43.863 26601-26601 FirebaseSessions        nl.hockey.android                    D  Initializing Firebase Sessions SDK.
2025-09-17 11:52:43.869 26601-26630 System                  nl.hockey.android                    W  ClassLoader referenced unknown path: 
2025-09-17 11:52:43.871 26601-26632 sqlite3_android         nl.hockey.android                    E  [IKR-38846] ONEPLUS_NAME_PARTS_MATCH SQLITE_OK
2025-09-17 11:52:43.872 26601-26601 FirebaseInitProvider    nl.hockey.android                    I  FirebaseApp initialization successful
2025-09-17 11:52:43.895 26601-26630 .hockey.androi          nl.hockey.android                    W  ClassLoaderContext classpath size mismatch. expected=13, found=3 (DLC[];PCL[base.apk*1167027886:base.apk!classes2.dex*3124322098:base.apk!classes3.dex*3534093271:base.apk!classes4.dex*1512672165:base.apk!classes5.dex*2315730570:base.apk!classes6.dex*128191468:base.apk!classes7.dex*4122639961:base.apk!classes8.dex*3512041491:base.apk!classes9.dex*614610935:base.apk!classes10.dex*3736102109:base.apk!classes11.dex*695555940:base.apk!classes12.dex*1278303432:base.apk!classes13.dex*3971330505]{PCL[/system/framework/org.apache.http.legacy.jar*536376411]#PCL[/apex/com.android.extservices/javalib/android.ext.adservices.jar*3549398241]#PCL[/system/framework/com.android.media.remotedisplay.jar*1573936315]#PCL[/system/framework/com.android.location.provider.jar*1664931834]#PCL[/system/framework/org.apache.http.legacy.jar*536376411]#PCL[/apex/com.android.extservices/javalib/android.ext.adservices.jar*3549398241]} | DLC[];PCL[/data/app/~~tmZHQhFkI9pXYKqc7HU7iA==/nl.hockey.android-AuQpsAYTnZkmnkPdP8DhVg==/base.apk*104121145:/data/app/~~tmZHQhFkI9pXYKqc7HU7iA==/nl.hockey.android-AuQpsAYTnZkmnkPdP8DhVg==/base.apk!classes2.dex*2257296595:/data/app/~~tmZHQhFkI9pXYKqc7HU7iA==/nl.hockey.android-AuQpsAYTnZkmnkPdP8DhVg==/base.apk!classes3.dex*971564132]{PCL[/system/framework/org.apache.http.legacy.jar*536376411]#PCL[/apex/com.android.extservices/javalib/android.ext.adservices.jar*3549398241]})
2025-09-17 11:52:43.908 26601-26630 .hockey.androi          nl.hockey.android                    W  Found duplicate classes, falling back to extracting from APK : /data/app/~~i0qobY4t6QDSfACEXwoOrA==/com.google.android.gms-z16Zd7y4MzG_aTxl5f646g==/split_MeasurementDynamite_installtime.apk
2025-09-17 11:52:43.908 26601-26630 .hockey.androi          nl.hockey.android                    W  NOTE: This wastes RAM and hurts startup performance.
2025-09-17 11:52:43.908 26601-26630 .hockey.androi          nl.hockey.android                    W  Found duplicated class when checking oat files: 'Landroid/app/AppComponentFactory;' in /data/app/~~i0qobY4t6QDSfACEXwoOrA==/com.google.android.gms-z16Zd7y4MzG_aTxl5f646g==/split_MeasurementDynamite_installtime.apk and /data/app/~~tmZHQhFkI9pXYKqc7HU7iA==/nl.hockey.android-AuQpsAYTnZkmnkPdP8DhVg==/base.apk
2025-09-17 11:52:43.935 26601-26636 LifecycleServiceBinder  nl.hockey.android                    D  Binding service to application.
2025-09-17 11:52:43.944  2386-2799  OPConfig:ConfigProvider com.oneplus.config                   V  Module:OnePlusFontConfig
2025-09-17 11:52:43.958 26601-26601 Config:Gra...FontConfig nl.hockey.android                    E  Index 0 requested, with a size of 0
2025-09-17 11:52:43.970 26601-26634 FirebaseCrashlytics     nl.hockey.android                    I  Saved version control info
2025-09-17 11:52:43.979   963-17929 vendor.qti...bs_handler and...are.bluetooth@1.0-service-qti  I  ProcessIbsCmd: Received IBS_WAKE_IND: 0xFD
2025-09-17 11:52:43.979   963-17929 vendor.qti...bs_handler and...are.bluetooth@1.0-service-qti  D  SerialClockVote: vote for UART CLK ON
2025-09-17 11:52:43.980   963-17929 vendor.qti...-wake_lock and...are.bluetooth@1.0-service-qti  D  Acquire wakelock is acquired 
2025-09-17 11:52:43.980   963-17929 vendor.qti...bs_handler and...are.bluetooth@1.0-service-qti  I  ProcessIbsCmd: Writing IBS_WAKE_ACK
2025-09-17 11:52:43.983 17730-17931 bt_stack                com.android.bluetooth                V  [VERBOSE1:btm_inq.cc(1019)] BTM_InqDbRead: bd addr 54:1f:e8:f3:17:01
2025-09-17 11:52:43.991 26601-26601 SessionLifecycleService nl.hockey.android                    D  Service created on process 26601
2025-09-17 11:52:43.991 26601-26601 SessionLifecycleService nl.hockey.android                    D  Service bound to new client on process 26601
2025-09-17 11:52:43.993 26601-26647 SessionLifecycleService nl.hockey.android                    D  App has not yet foregrounded. Using previously stored session.
2025-09-17 11:52:43.993 26601-26647 SessionLifecycleService nl.hockey.android                    D  Client android.os.Messenger@4bb7f6c bound at 418557664. Clients: 1
2025-09-17 11:52:44.006  1305-3202  ActivityManager         system_server                        D  kill pid:23139 processName:com.oneplus.gallery:cloud reason:empty #31
2025-09-17 11:52:44.006  1305-3202  ActivityManager         system_server                        I  Killing 23139:com.oneplus.gallery:cloud/u0a33 (adj 999): empty #31
2025-09-17 11:52:44.021   963-17929 vendor.qti...bs_handler and...are.bluetooth@1.0-service-qti  I  ProcessIbsCmd: Received IBS_SLEEP_IND: 0xFE
2025-09-17 11:52:44.022   963-17929 vendor.qti...bs_handler and...are.bluetooth@1.0-service-qti  D  SerialClockVote: vote for UART CLK OFF
2025-09-17 11:52:44.023 26601-26601 SessionLifecycleClient  nl.hockey.android                    D  Connected to SessionLifecycleService. Queue size 0
2025-09-17 11:52:44.031 29273-29273 NodeSettingsFragment    com.remoticom.energynodeinset        D  Mode selected: mode=4
2025-09-17 11:52:44.047 16590-16590 ServiceBinder           com.oneplus.gallery                  E  onServiceDisconnected()
2025-09-17 11:52:44.049   872-872   Zygote                  pid-872                              I  Process 23139 exited due to signal 9 (Killed)
2025-09-17 11:52:44.050  1305-3202  ProcessStats            system_server                        W  setState index out of bounds. index: -1 length: 20
2025-09-17 11:52:44.050  1305-3202  ProcessStats            system_server                        W  setState index out of bounds. index: -1 length: 20
2025-09-17 11:52:44.050  1305-3202  ActivityManager         system_server                        W  Scheduling restart of crashed service com.oneplus.gallery/com.oneplus.gallery2.cloud.CloudGalleryService in 1000ms for connection
2025-09-17 11:52:44.057  1305-1731  libprocessgroup         system_server                        I  Successfully killed process cgroup uid 10033 pid 23139 in 48ms
2025-09-17 11:52:44.062 28707-24989 PhenotypeResourceReader com.google.android.gms.persistent    I  unable to find any Phenotype resource metadata for nl.hockey.android
2025-09-17 11:52:44.172   963-17920 vendor.qti...-wake_lock and...are.bluetooth@1.0-service-qti  D  Release wakelock is released 
2025-09-17 11:52:44.188 26601-26650 .hockey.androi          nl.hockey.android                    E  No package ID 6b found for ID 0x6b0b000f.
2025-09-17 11:52:44.190 26601-26650 FA                      nl.hockey.android                    I  App measurement initialized, version: 136005
2025-09-17 11:52:44.190 26601-26650 FA                      nl.hockey.android                    I  To enable debug logging run: adb shell setprop log.tag.FA VERBOSE
2025-09-17 11:52:44.190 26601-26650 FA                      nl.hockey.android                    I  To enable faster debug mode event logging run:
                                                                                                      adb shell setprop debug.firebase.analytics.app nl.hockey.android
2025-09-17 11:52:44.210 26601-26650 sqlite3_android         nl.hockey.android                    E  [IKR-38846] ONEPLUS_NAME_PARTS_MATCH SQLITE_OK
2025-09-17 11:52:44.242  5893-5893  BoundBrokerSvc          com.google.android.gms               D  onBind: Intent { act=com.google.android.gms.measurement.START pkg=com.google.android.gms }
2025-09-17 11:52:44.242  5893-5893  BoundBrokerSvc          com.google.android.gms               D  Loading bound service for intent: Intent { act=com.google.android.gms.measurement.START pkg=com.google.android.gms }
2025-09-17 11:52:44.254 26601-26650 sqlite3_android         nl.hockey.android                    E  [IKR-38846] ONEPLUS_NAME_PARTS_MATCH SQLITE_OK
2025-09-17 11:52:44.268 26601-26650 sqlite3_android         nl.hockey.android                    E  [IKR-38846] ONEPLUS_NAME_PARTS_MATCH SQLITE_OK
2025-09-17 11:52:44.585 16590-16613 ServiceBinder           com.oneplus.gallery                  D  connect() - Connect to ICloudGalleryService
2025-09-17 11:52:44.595  1305-3202  Compatibil...geReporter system_server                        D  Compat change id reported: 135634846; UID 10033; state: DISABLED
2025-09-17 11:52:44.596  1305-1730  Compatibil...geReporter system_server                        D  Compat change id reported: 143937733; UID 10033; state: DISABLED
2025-09-17 11:52:44.640   872-872   Zygote                  pid-872                              D  Forked child process 26654
2025-09-17 11:52:44.644  1305-1730  ActivityManager         system_server                        W  Slow operation: 51ms so far, now at startProcess: returned from zygote!
2025-09-17 11:52:44.645  1305-1730  ActivityManager         system_server                        W  Slow operation: 52ms so far, now at startProcess: done updating battery stats
2025-09-17 11:52:44.645  1305-1730  ActivityManager         system_server                        W  Slow operation: 52ms so far, now at startProcess: building log message
2025-09-17 11:52:44.645  1305-1730  ActivityManager         system_server                        I  Start proc 26654:com.oneplus.gallery:cloud/u0a33 for service {com.oneplus.gallery/com.oneplus.gallery2.cloud.CloudGalleryService}
2025-09-17 11:52:44.645  1305-1730  ActivityManager         system_server                        W  Slow operation: 52ms so far, now at startProcess: starting to update pids map
2025-09-17 11:52:44.646  1305-1730  ActivityManager         system_server                        W  Slow operation: 53ms so far, now at startProcess: done updating pids map
2025-09-17 11:52:44.661 26654-26654 s.gallery:clou          pid-26654                            E  Unknown bits set in runtime_flags: 0x800000
2025-09-17 11:52:44.671 26654-26654 s.gallery:clou          pid-26654                            E  Not starting debugger since process cannot load the jdwp agent.
2025-09-17 11:52:44.715 26654-26654 ApplicationLoaders      pid-26654                            D  Returning zygote-cached class loader: /system/framework/android.test.base.jar
2025-09-17 11:52:44.718 26654-26654 s.gallery:clou          pid-26654                            I  The ClassLoaderContext is a special shared library.
2025-09-17 11:52:44.786 26654-26654 100                     pid-26654                            I  Open /data/app/~~n0C6s5ip0tqPlVYf_MBGVQ==/com.oneplus.gallery-8LOvRCkfJjnRvge17DCVcQ==/base.apk took:62ms
2025-09-17 11:52:44.820  3143-3143  MDM-DataTr...eedTracker com.android.phone                    D  onDataActivity: isNewTxEvent = false, isNewRxEvent = false, isTxEndEvent = true, isRxEndEvent = true
2025-09-17 11:52:44.820  3143-3143  MDM-DataTr...eedTracker com.android.phone                    D  updateTransferSpeedData: isTx = true
2025-09-17 11:52:44.820 30462-30498 NetworkCon...troller(1) com.android.systemui                 D  notifyListeners, showSimLoadedFakeIcon :false
2025-09-17 11:52:44.822  3143-3143  MDM-DataTr...eedTracker com.android.phone                    D  updateTransferSpeedData: mCurDdsSimNetworkClass = 2, currentTxBytes = 111280553, incrementTxBytes = 192, transferTxSpeed = 192
2025-09-17 11:52:44.822  3143-3143  MDM-DataTr...eedTracker com.android.phone                    D  getBucketIndexByBelongingRange: index = 0, transferSpeed = 192
2025-09-17 11:52:44.822  3143-3143  MDM-DataTr...eedTracker com.android.phone                    D  updateTransferSpeedData: isTx = false
2025-09-17 11:52:44.822  3143-3143  MDM-DataTr...eedTracker com.android.phone                    D  updateTransferSpeedData: mCurDdsSimNetworkClass = 2, currentRxBytes = 2811941474, incrementRxBytes = 152, transferRxSpeed = 21
2025-09-17 11:52:44.822  3143-3143  MDM-DataTr...eedTracker com.android.phone                    D  getBucketIndexByBelongingRange: index = 0, transferSpeed = 21
2025-09-17 11:52:44.822  3143-3143  MDM-DataAc...ionManager com.android.phone                    D  onDataActivity: isNewEvent = false, isEndEvent = true
2025-09-17 11:52:44.822  3143-3143  MDM-DataAc...ionManager com.android.phone                    D  updateDataActiveDuration: original active duration = 9871841
2025-09-17 11:52:44.822  3143-3143  MDM-DataAc...ionManager com.android.phone                    D  updateDataActiveDuration: current connection time = 9872850
2025-09-17 11:52:44.833 26654-26654 Perf                    pid-26654                            I  Connecting to perf service.
2025-09-17 11:52:44.845 26654-26654 s.gallery:clou          pid-26654                            I  [GL_OOM] ClearGrowthLimit 536870912
2025-09-17 11:52:44.847 26654-26654 NetworkSecurityConfig   pid-26654                            D  No Network Security Config specified, using platform default
2025-09-17 11:52:44.847 26654-26654 NetworkSecurityConfig   pid-26654                            D  No Network Security Config specified, using platform default
2025-09-17 11:52:44.890 26654-26654 MemoryMonitor           pid-26654                            W  start() - Thresholds : 350.00 MB / 450.00 MB / 480.00 MB
2025-09-17 11:52:44.892 26654-26676 MemoryMonitor           pid-26654                            W  Monitor started
2025-09-17 11:52:44.892 26654-26676 MemoryMonitor           pid-26654                            W  xxxxx Monitor memory is disabled xxxxx
2025-09-17 11:52:44.990 26654-26654 CloudGalle...ntProvider pid-26654                            W  onCreate() - Cloud Gallery is not supported.
2025-09-17 11:52:44.996 26654-26654 ThreadMonitor           pid-26654                            W  prepare()
2025-09-17 11:52:44.996 26654-26654 ThreadMonitor           pid-26654                            W  Start monitor 'main' (26654)
2025-09-17 11:52:44.997 26654-26677 ThreadMonitor           pid-26654                            W  ***** Monitor thread start *****
2025-09-17 11:52:44.997 26654-26677 ThreadMonitor           pid-26654                            W  xxxxx Monitor thread is disabled xxxxx
2025-09-17 11:52:44.997 26654-26654 OPGalleryApplication    pid-26654                            W  onCreate() - Starting media content thread
2025-09-17 11:52:44.997 26654-26654 MediaContentThread      pid-26654                            W  startSync()
2025-09-17 11:52:44.997 26654-26654 MediaContentThread      pid-26654                            W  start()
2025-09-17 11:52:44.997 26654-26678 MediaContentThread      pid-26654                            W  +++++ START +++++
2025-09-17 11:52:44.997 26654-26678 ThreadMonitor           pid-26654                            W  Start monitor 'Media content thread' (26678)
2025-09-17 11:52:44.998 26654-26654 OPGalleryApplication    pid-26654                            W  onCreate() - Media content thread started
2025-09-17 11:52:45.021  2386-2799  OPConfig:ConfigProvider com.oneplus.config                   V  Module:OnePlusFontConfig
2025-09-17 11:52:45.025 26654-26654 Config:Gra...FontConfig pid-26654                            E  Index 0 requested, with a size of 0
2025-09-17 11:52:45.028 26654-26654 OPGalleryApplication    pid-26654                            D  [Property] IsWriteStoragePermissionGranted(id=3) : false -> true
2025-09-17 11:52:45.029 26654-26654 OPGalleryApplication    pid-26654                            D  [Property] IsReadStoragePermissionGranted(id=1) : false -> true
2025-09-17 11:52:45.029 26654-26654 ComponentManager        pid-26654                            W  createComponents(NORMAL) - Start
2025-09-17 11:52:45.030 26654-26654 ComponentManager        pid-26654                            W  createComponents(HIGH) - Start
2025-09-17 11:52:45.030 26654-26654 ComponentManager        pid-26654                            W  createComponents(LAUNCH) - Start
2025-09-17 11:52:45.030 26654-26654 ComponentManager        pid-26654                            W  createComponents(LAUNCH) - End
2025-09-17 11:52:45.030 26654-26654 ComponentManager        pid-26654                            W  createComponents(HIGH) - End
2025-09-17 11:52:45.030 26654-26654 ComponentManager        pid-26654                            D  createComponent() - Component : Periodic Message Dispatcher Impl
2025-09-17 11:52:45.030 26654-26654 ComponentManager        pid-26654                            D  initializeComponent() - Component : Periodic Message Dispatcher Impl
2025-09-17 11:52:45.030 26654-26654 ComponentManager        pid-26654                            W  createComponents(NORMAL) - End
2025-09-17 11:52:45.033 26654-26654 TetheringManager        pid-26654                            I  registerTetheringEventCallback:com.oneplus.gallery
2025-09-17 11:52:45.035 26654-26654 OPGalleryApplication    pid-26654                            D  [Property] IsNetworkConnected(id=9) : false -> true
2025-09-17 11:52:45.041 16590-16590 ServiceBinder           com.oneplus.gallery                  D  onServiceConnected() - ICloudGalleryService connected
2025-09-17 11:52:45.052  1305-3202  ActivityManager         system_server                        D  kill pid:23030 processName:com.google.android.youtube reason:empty #31
2025-09-17 11:52:45.052  1305-3202  ActivityManager         system_server                        I  Killing 23030:com.google.android.youtube/u0a68 (adj 999): empty #31
2025-09-17 11:52:45.057 26654-26654 OPGalleryApplication    pid-26654                            D  [Property] IsO2PermissionRequested(id=7) : false -> true
2025-09-17 11:52:45.096  1305-3202  ConnectivityService     system_server                        D  ConnectivityService NetworkRequestInfo binderDied(NetworkRequest [ TRACK_DEFAULT id=12960, [ Capabilities: INTERNET&NOT_RESTRICTED&TRUSTED Uid: 10068 AdministratorUids: [] RequestorUid: 10068 RequestorPackageName: com.google.android.youtube] ], android.os.BinderProxy@82f93ba)
2025-09-17 11:52:45.096  1305-2613  ConnectivityService     system_server                        D  ConnectivityService NetworkRequestInfo binderDied(NetworkRequest [ TRACK_DEFAULT id=12959, [ Capabilities: INTERNET&NOT_RESTRICTED&TRUSTED Uid: 10068 AdministratorUids: [] RequestorUid: 10068 RequestorPackageName: com.google.android.youtube] ], android.os.BinderProxy@720c26b)
2025-09-17 11:52:45.096  1305-10277 ConnectivityService     system_server                        D  ConnectivityService NetworkRequestInfo binderDied(NetworkRequest [ TRACK_DEFAULT id=12962, [ Capabilities: INTERNET&NOT_RESTRICTED&TRUSTED Uid: 10068 AdministratorUids: [] RequestorUid: 10068 RequestorPackageName: com.google.android.youtube] ], android.os.BinderProxy@df191c8)
2025-09-17 11:52:45.097  1305-10277 ConnectivityService     system_server                        D  ConnectivityService NetworkRequestInfo binderDied(NetworkRequest [ TRACK_DEFAULT id=12964, [ Capabilities: INTERNET&NOT_RESTRICTED&TRUSTED Uid: 10068 AdministratorUids: [] RequestorUid: 10068 RequestorPackageName: com.google.android.youtube] ], android.os.BinderProxy@2f63261)
2025-09-17 11:52:45.097  1305-3202  ConnectivityService     system_server                        D  ConnectivityService NetworkRequestInfo binderDied(NetworkRequest [ TRACK_DEFAULT id=12963, [ Capabilities: INTERNET&NOT_RESTRICTED&TRUSTED Uid: 10068 AdministratorUids: [] RequestorUid: 10068 RequestorPackageName: com.google.android.youtube] ], android.os.BinderProxy@e333186)
2025-09-17 11:52:45.097  1305-2238  ConnectivityService     system_server                        D  releasing NetworkRequest [ TRACK_DEFAULT id=12960, [ Capabilities: INTERNET&NOT_RESTRICTED&TRUSTED Uid: 10068 AdministratorUids: [] RequestorUid: 10068 RequestorPackageName: com.google.android.youtube] ] (release request)
2025-09-17 11:52:45.097  1305-2330  ConnectivityService     system_server                        D  ConnectivityService NetworkRequestInfo binderDied(NetworkRequest [ LISTEN id=12961, [ Capabilities: INTERNET&NOT_RESTRICTED&TRUSTED&FOREGROUND Uid: 10068 AdministratorUids: [] RequestorUid: 10068 RequestorPackageName: com.google.android.youtube] ], android.os.BinderProxy@8871a47)
2025-09-17 11:52:45.098  1305-2238  ConnectivityService     system_server                        D  releasing NetworkRequest [ TRACK_DEFAULT id=12962, [ Capabilities: INTERNET&NOT_RESTRICTED&TRUSTED Uid: 10068 AdministratorUids: [] RequestorUid: 10068 RequestorPackageName: com.google.android.youtube] ] (release request)
2025-09-17 11:52:45.098  3143-3143  PhoneSwitc...stListener com.android.phone                    D  releaseNetworkFor NetworkRequest [ TRACK_DEFAULT id=12960, [ Capabilities: INTERNET&NOT_RESTRICTED&TRUSTED Uid: 10068 AdministratorUids: [] RequestorUid: 10068 RequestorPackageName: com.google.android.youtube] ]
2025-09-17 11:52:45.098  1305-2238  ConnectivityService     system_server                        D  releasing NetworkRequest [ TRACK_DEFAULT id=12964, [ Capabilities: INTERNET&NOT_RESTRICTED&TRUSTED Uid: 10068 AdministratorUids: [] RequestorUid: 10068 RequestorPackageName: com.google.android.youtube] ] (release request)
2025-09-17 11:52:45.099  1305-2238  ConnectivityService     system_server                        D  releasing NetworkRequest [ TRACK_DEFAULT id=12963, [ Capabilities: INTERNET&NOT_RESTRICTED&TRUSTED Uid: 10068 AdministratorUids: [] RequestorUid: 10068 RequestorPackageName: com.google.android.youtube] ] (release request)
2025-09-17 11:52:45.100  1305-2238  ConnectivityService     system_server                        D  releasing NetworkRequest [ TRACK_DEFAULT id=12959, [ Capabilities: INTERNET&NOT_RESTRICTED&TRUSTED Uid: 10068 AdministratorUids: [] RequestorUid: 10068 RequestorPackageName: com.google.android.youtube] ] (release request)
2025-09-17 11:52:45.100  1305-3193  ProcessStats            system_server                        W  setState index out of bounds. index: -1 length: 20
