2025-09-17 11:52:33.917   963-17929 vendor.qti...bs_handler and...are.bluetooth@1.0-service-qti  I  ProcessIbsCmd: Writing IBS_WAKE_ACK
2025-09-17 11:52:33.919 17730-17931 bt_stack                com.android.bluetooth                V  [VERBOSE1:gatt_main.cc(1086)] gatt_get_ch_state: ch_state=4
2025-09-17 11:52:33.920 17730-17931 bt_stack                com.android.bluetooth                I  [INFO:gatt_main.cc(919)] gatt_data_process op_code = 11, msg_len = 30
2025-09-17 11:52:33.920 17730-17931 bt_stack                com.android.bluetooth                V  [VERBOSE1:gatt_cl.cc(1112)] gatt_client_handle_server_rsp op_code: 11, len = 30rsp_code: 11
2025-09-17 11:52:33.920 17730-17931 bt_stack                com.android.bluetooth                V  [VERBOSE1:gatt_utils.cc(1191)] gatt_end_operation status=0 op=2 subtype=2
2025-09-17 11:52:33.920 17730-17931 bt_stack                com.android.bluetooth                V  [VERBOSE1:bta_gattc_act.cc(1483)] bta_gattc_cmpl_cback: conn_id:8 op:2 status:0
2025-09-17 11:52:33.920 17730-17931 bt_stack                com.android.bluetooth                V  [VERBOSE1:bta_gattc_main.cc(361)] bta_gattc_hdl_event: Event:BTA_GATTC_OP_CMPL_EVT
2025-09-17 11:52:33.920 17730-17931 bt_stack                com.android.bluetooth                V  [VERBOSE1:bta_gattc_main.cc(305)] bta_gattc_sm_execute: State 0x02 [GATTC_CONN_ST], Event 0x1f0f[BTA_GATTC_OP_CMPL_EVT]
2025-09-17 11:52:33.920 17730-17931 bt_stack                com.android.bluetooth                V  [VERBOSE1:bta_gattc_act.cc(962)] bta_gattc_op_cmpl: op:2
2025-09-17 11:52:33.921 17730-17931 bt_stack                com.android.bluetooth                V  [VERBOSE1:bta_gattc_main.cc(341)] bta_gattc_sm_execute: GATTC State Change: 0x02 -> 0x02 after Event 0x1f0f
2025-09-17 11:52:33.925 29273-26543 BdcReadDim...sOperation com.remoticom.energynodeinset        V  onCharacteristicRead called
2025-09-17 11:52:33.928 29273-29273 BdcReadDim...sOperation com.remoticom.energynodeinset        D  FINISHED
2025-09-17 11:52:33.930 29273-29273 BdcReadDim...lOperation com.remoticom.energynodeinset        D  STARTED
2025-09-17 11:52:33.930 29273-29273 BdcReadDim...lOperation com.remoticom.energynodeinset        V  readCharacteristic initiated
2025-09-17 11:52:33.932 17730-17931 bt_stack                com.android.bluetooth                V  [VERBOSE1:bta_gattc_main.cc(361)] bta_gattc_hdl_event: Event:BTA_GATTC_API_READ_EVT
2025-09-17 11:52:33.933 17730-17931 bt_stack                com.android.bluetooth                V  [VERBOSE1:bta_gattc_main.cc(305)] bta_gattc_sm_execute: State 0x02 [GATTC_CONN_ST], Event 0x1f04[BTA_GATTC_API_READ_EVT]
2025-09-17 11:52:33.933 17730-17931 bt_stack                com.android.bluetooth                V  [VERBOSE1:gatt_api.cc(692)] GATTC_Read: conn_id=0x0008, type=0x02
2025-09-17 11:52:33.933 17730-17931 bt_stack                com.android.bluetooth                V  [VERBOSE1:bta_gattc_main.cc(341)] bta_gattc_sm_execute: GATTC State Change: 0x02 -> 0x02 after Event 0x1f04
2025-09-17 11:52:33.958   963-17929 vendor.qti...bs_handler and...are.bluetooth@1.0-service-qti  I  ProcessIbsCmd: Received IBS_SLEEP_IND: 0xFE
2025-09-17 11:52:33.966   963-17929 vendor.qti...bs_handler and...are.bluetooth@1.0-service-qti  I  ProcessIbsCmd: Received IBS_WAKE_IND: 0xFD
2025-09-17 11:52:33.966   963-17929 vendor.qti...bs_handler and...are.bluetooth@1.0-service-qti  I  ProcessIbsCmd: Writing IBS_WAKE_ACK
2025-09-17 11:52:34.006   963-17929 vendor.qti...bs_handler and...are.bluetooth@1.0-service-qti  I  ProcessIbsCmd: Received IBS_SLEEP_IND: 0xFE
2025-09-17 11:52:34.007   963-17929 vendor.qti...bs_handler and...are.bluetooth@1.0-service-qti  I  ProcessIbsCmd: Received IBS_WAKE_IND: 0xFD
2025-09-17 11:52:34.007   963-17929 vendor.qti...bs_handler and...are.bluetooth@1.0-service-qti  I  ProcessIbsCmd: Writing IBS_WAKE_ACK
2025-09-17 11:52:34.008 17730-17931 bt_stack                com.android.bluetooth                V  [VERBOSE1:gatt_main.cc(1086)] gatt_get_ch_state: ch_state=4
2025-09-17 11:52:34.008 17730-17931 bt_stack                com.android.bluetooth                I  [INFO:gatt_main.cc(919)] gatt_data_process op_code = 11, msg_len = 4
2025-09-17 11:52:34.008 17730-17931 bt_stack                com.android.bluetooth                V  [VERBOSE1:gatt_cl.cc(1112)] gatt_client_handle_server_rsp op_code: 11, len = 4rsp_code: 11
2025-09-17 11:52:34.008 17730-17931 bt_stack                com.android.bluetooth                V  [VERBOSE1:gatt_utils.cc(1191)] gatt_end_operation status=0 op=2 subtype=2
2025-09-17 11:52:34.008 17730-17931 bt_stack                com.android.bluetooth                V  [VERBOSE1:bta_gattc_act.cc(1483)] bta_gattc_cmpl_cback: conn_id:8 op:2 status:0
2025-09-17 11:52:34.008 17730-17931 bt_stack                com.android.bluetooth                V  [VERBOSE1:bta_gattc_main.cc(361)] bta_gattc_hdl_event: Event:BTA_GATTC_OP_CMPL_EVT
2025-09-17 11:52:34.009 17730-17931 bt_stack                com.android.bluetooth                V  [VERBOSE1:bta_gattc_main.cc(305)] bta_gattc_sm_execute: State 0x02 [GATTC_CONN_ST], Event 0x1f0f[BTA_GATTC_OP_CMPL_EVT]
2025-09-17 11:52:34.009 17730-17931 bt_stack                com.android.bluetooth                V  [VERBOSE1:bta_gattc_act.cc(962)] bta_gattc_op_cmpl: op:2
2025-09-17 11:52:34.009 17730-17931 bt_stack                com.android.bluetooth                V  [VERBOSE1:bta_gattc_main.cc(341)] bta_gattc_sm_execute: GATTC State Change: 0x02 -> 0x02 after Event 0x1f0f
2025-09-17 11:52:34.011 29273-26543 BdcReadDim...lOperation com.remoticom.energynodeinset        V  onCharacteristicRead called
2025-09-17 11:52:34.012 29273-29273 BdcReadDim...lOperation com.remoticom.energynodeinset        D  FINISHED
2025-09-17 11:52:34.015 29273-29273 BdcReadDal...eOperation com.remoticom.energynodeinset        D  STARTED
2025-09-17 11:52:34.015 29273-29273 BdcReadDal...eOperation com.remoticom.energynodeinset        V  readCharacteristic initiated
2025-09-17 11:52:34.016 17730-17931 bt_stack                com.android.bluetooth                V  [VERBOSE1:bta_gattc_main.cc(361)] bta_gattc_hdl_event: Event:BTA_GATTC_API_READ_EVT
2025-09-17 11:52:34.017 17730-17931 bt_stack                com.android.bluetooth                V  [VERBOSE1:bta_gattc_main.cc(305)] bta_gattc_sm_execute: State 0x02 [GATTC_CONN_ST], Event 0x1f04[BTA_GATTC_API_READ_EVT]
2025-09-17 11:52:34.017 17730-17931 bt_stack                com.android.bluetooth                V  [VERBOSE1:gatt_api.cc(692)] GATTC_Read: conn_id=0x0008, type=0x02
2025-09-17 11:52:34.017 17730-17931 bt_stack                com.android.bluetooth                V  [VERBOSE1:bta_gattc_main.cc(341)] bta_gattc_sm_execute: GATTC State Change: 0x02 -> 0x02 after Event 0x1f04
2025-09-17 11:52:34.048   963-17929 vendor.qti...bs_handler and...are.bluetooth@1.0-service-qti  I  ProcessIbsCmd: Received IBS_SLEEP_IND: 0xFE
2025-09-17 11:52:34.052   963-17929 vendor.qti...bs_handler and...are.bluetooth@1.0-service-qti  I  ProcessIbsCmd: Received IBS_WAKE_IND: 0xFD
2025-09-17 11:52:34.052   963-17929 vendor.qti...bs_handler and...are.bluetooth@1.0-service-qti  I  ProcessIbsCmd: Writing IBS_WAKE_ACK
2025-09-17 11:52:34.092   963-17929 vendor.qti...bs_handler and...are.bluetooth@1.0-service-qti  I  ProcessIbsCmd: Received IBS_SLEEP_IND: 0xFE
2025-09-17 11:52:34.097   963-17929 vendor.qti...bs_handler and...are.bluetooth@1.0-service-qti  I  ProcessIbsCmd: Received IBS_WAKE_IND: 0xFD
2025-09-17 11:52:34.097   963-17929 vendor.qti...bs_handler and...are.bluetooth@1.0-service-qti  I  ProcessIbsCmd: Writing IBS_WAKE_ACK
2025-09-17 11:52:34.098 17730-17931 bt_stack                com.android.bluetooth                V  [VERBOSE1:gatt_main.cc(1086)] gatt_get_ch_state: ch_state=4
2025-09-17 11:52:34.098 17730-17931 bt_stack                com.android.bluetooth                I  [INFO:gatt_main.cc(919)] gatt_data_process op_code = 11, msg_len = 1
2025-09-17 11:52:34.099 17730-17931 bt_stack                com.android.bluetooth                V  [VERBOSE1:gatt_cl.cc(1112)] gatt_client_handle_server_rsp op_code: 11, len = 1rsp_code: 11
2025-09-17 11:52:34.099 17730-17931 bt_stack                com.android.bluetooth                V  [VERBOSE1:gatt_utils.cc(1191)] gatt_end_operation status=0 op=2 subtype=2
2025-09-17 11:52:34.099 17730-17931 bt_stack                com.android.bluetooth                V  [VERBOSE1:bta_gattc_act.cc(1483)] bta_gattc_cmpl_cback: conn_id:8 op:2 status:0
2025-09-17 11:52:34.099 17730-17931 bt_stack                com.android.bluetooth                V  [VERBOSE1:bta_gattc_main.cc(361)] bta_gattc_hdl_event: Event:BTA_GATTC_OP_CMPL_EVT
2025-09-17 11:52:34.099 17730-17931 bt_stack                com.android.bluetooth                V  [VERBOSE1:bta_gattc_main.cc(305)] bta_gattc_sm_execute: State 0x02 [GATTC_CONN_ST], Event 0x1f0f[BTA_GATTC_OP_CMPL_EVT]
2025-09-17 11:52:34.099 17730-17931 bt_stack                com.android.bluetooth                V  [VERBOSE1:bta_gattc_act.cc(962)] bta_gattc_op_cmpl: op:2
2025-09-17 11:52:34.100 17730-17931 bt_stack                com.android.bluetooth                V  [VERBOSE1:bta_gattc_main.cc(341)] bta_gattc_sm_execute: GATTC State Change: 0x02 -> 0x02 after Event 0x1f0f
2025-09-17 11:52:34.102 29273-26543 BdcReadDal...eOperation com.remoticom.energynodeinset        V  onCharacteristicRead called
2025-09-17 11:52:34.104 29273-29273 BdcReadDal...eOperation com.remoticom.energynodeinset        D  FINISHED
2025-09-17 11:52:34.108 29273-29273 BdcReadTim...pOperation com.remoticom.energynodeinset        D  STARTED
2025-09-17 11:52:34.109 29273-29273 BdcReadTim...pOperation com.remoticom.energynodeinset        V  readCharacteristic initiated
2025-09-17 11:52:34.113 17730-17931 bt_stack                com.android.bluetooth                V  [VERBOSE1:bta_gattc_main.cc(361)] bta_gattc_hdl_event: Event:BTA_GATTC_API_READ_EVT
2025-09-17 11:52:34.113 17730-17931 bt_stack                com.android.bluetooth                V  [VERBOSE1:bta_gattc_main.cc(305)] bta_gattc_sm_execute: State 0x02 [GATTC_CONN_ST], Event 0x1f04[BTA_GATTC_API_READ_EVT]
2025-09-17 11:52:34.113 17730-17931 bt_stack                com.android.bluetooth                V  [VERBOSE1:gatt_api.cc(692)] GATTC_Read: conn_id=0x0008, type=0x02
2025-09-17 11:52:34.113 17730-17931 bt_stack                com.android.bluetooth                V  [VERBOSE1:bta_gattc_main.cc(341)] bta_gattc_sm_execute: GATTC State Change: 0x02 -> 0x02 after Event 0x1f04
2025-09-17 11:52:34.137   963-17929 vendor.qti...bs_handler and...are.bluetooth@1.0-service-qti  I  ProcessIbsCmd: Received IBS_SLEEP_IND: 0xFE
2025-09-17 11:52:34.142   963-17929 vendor.qti...bs_handler and...are.bluetooth@1.0-service-qti  I  ProcessIbsCmd: Received IBS_WAKE_IND: 0xFD
2025-09-17 11:52:34.142   963-17929 vendor.qti...bs_handler and...are.bluetooth@1.0-service-qti  I  ProcessIbsCmd: Writing IBS_WAKE_ACK
2025-09-17 11:52:34.183   963-17929 vendor.qti...bs_handler and...are.bluetooth@1.0-service-qti  I  ProcessIbsCmd: Received IBS_SLEEP_IND: 0xFE
2025-09-17 11:52:34.682   963-17929 vendor.qti...bs_handler and...are.bluetooth@1.0-service-qti  I  ProcessIbsCmd: Received IBS_WAKE_IND: 0xFD
2025-09-17 11:52:34.682   963-17929 vendor.qti...bs_handler and...are.bluetooth@1.0-service-qti  I  ProcessIbsCmd: Writing IBS_WAKE_ACK
2025-09-17 11:52:34.684 17730-17931 bt_stack                com.android.bluetooth                V  [VERBOSE1:gatt_main.cc(1086)] gatt_get_ch_state: ch_state=4
2025-09-17 11:52:34.684 17730-17931 bt_stack                com.android.bluetooth                I  [INFO:gatt_main.cc(919)] gatt_data_process op_code = 11, msg_len = 4
2025-09-17 11:52:34.684 17730-17931 bt_stack                com.android.bluetooth                V  [VERBOSE1:gatt_cl.cc(1112)] gatt_client_handle_server_rsp op_code: 11, len = 4rsp_code: 11
2025-09-17 11:52:34.684 17730-17931 bt_stack                com.android.bluetooth                V  [VERBOSE1:gatt_utils.cc(1191)] gatt_end_operation status=0 op=2 subtype=2
2025-09-17 11:52:34.685 17730-17931 bt_stack                com.android.bluetooth                V  [VERBOSE1:bta_gattc_act.cc(1483)] bta_gattc_cmpl_cback: conn_id:8 op:2 status:0
2025-09-17 11:52:34.685 17730-17931 bt_stack                com.android.bluetooth                V  [VERBOSE1:bta_gattc_main.cc(361)] bta_gattc_hdl_event: Event:BTA_GATTC_OP_CMPL_EVT
2025-09-17 11:52:34.685 17730-17931 bt_stack                com.android.bluetooth                V  [VERBOSE1:bta_gattc_main.cc(305)] bta_gattc_sm_execute: State 0x02 [GATTC_CONN_ST], Event 0x1f0f[BTA_GATTC_OP_CMPL_EVT]
2025-09-17 11:52:34.685 17730-17931 bt_stack                com.android.bluetooth                V  [VERBOSE1:bta_gattc_act.cc(962)] bta_gattc_op_cmpl: op:2
2025-09-17 11:52:34.685 17730-17931 bt_stack                com.android.bluetooth                V  [VERBOSE1:bta_gattc_main.cc(341)] bta_gattc_sm_execute: GATTC State Change: 0x02 -> 0x02 after Event 0x1f0f
2025-09-17 11:52:34.688 29273-26543 BdcReadTim...pOperation com.remoticom.energynodeinset        V  onCharacteristicRead called
2025-09-17 11:52:34.690 29273-29273 BdcReadTim...pOperation com.remoticom.energynodeinset        D  FINISHED
2025-09-17 11:52:34.692 29273-29273 BdcReadTim...tOperation com.remoticom.energynodeinset        D  STARTED
2025-09-17 11:52:34.693 29273-29273 BdcReadTim...tOperation com.remoticom.energynodeinset        V  readCharacteristic initiated
2025-09-17 11:52:34.695 17730-17931 bt_stack                com.android.bluetooth                V  [VERBOSE1:bta_gattc_main.cc(361)] bta_gattc_hdl_event: Event:BTA_GATTC_API_READ_EVT
2025-09-17 11:52:34.695 17730-17931 bt_stack                com.android.bluetooth                V  [VERBOSE1:bta_gattc_main.cc(305)] bta_gattc_sm_execute: State 0x02 [GATTC_CONN_ST], Event 0x1f04[BTA_GATTC_API_READ_EVT]
2025-09-17 11:52:34.696 17730-17931 bt_stack                com.android.bluetooth                V  [VERBOSE1:gatt_api.cc(692)] GATTC_Read: conn_id=0x0008, type=0x02
2025-09-17 11:52:34.696 17730-17931 bt_stack                com.android.bluetooth                V  [VERBOSE1:bta_gattc_main.cc(341)] bta_gattc_sm_execute: GATTC State Change: 0x02 -> 0x02 after Event 0x1f04
2025-09-17 11:52:34.723   963-17929 vendor.qti...bs_handler and...are.bluetooth@1.0-service-qti  I  ProcessIbsCmd: Received IBS_SLEEP_IND: 0xFE
2025-09-17 11:52:34.727   963-17929 vendor.qti...bs_handler and...are.bluetooth@1.0-service-qti  I  ProcessIbsCmd: Received IBS_WAKE_IND: 0xFD
2025-09-17 11:52:34.727   963-17929 vendor.qti...bs_handler and...are.bluetooth@1.0-service-qti  I  ProcessIbsCmd: Writing IBS_WAKE_ACK
2025-09-17 11:52:34.761 30462-30498 NetworkCon...troller(1) com.android.systemui                 D  notifyListeners, showSimLoadedFakeIcon :false
2025-09-17 11:52:34.762  3143-3143  MDM-DataTr...eedTracker com.android.phone                    D  onDataActivity: isNewTxEvent = false, isNewRxEvent = false, isTxEndEvent = true, isRxEndEvent = true
2025-09-17 11:52:34.762  3143-3143  MDM-DataTr...eedTracker com.android.phone                    D  updateTransferSpeedData: isTx = true
2025-09-17 11:52:34.764  3143-3143  MDM-DataTr...eedTracker com.android.phone                    D  updateTransferSpeedData: mCurDdsSimNetworkClass = 2, currentTxBytes = 111280181, incrementTxBytes = 401, transferTxSpeed = 200
2025-09-17 11:52:34.764  3143-3143  MDM-DataTr...eedTracker com.android.phone                    D  getBucketIndexByBelongingRange: index = 0, transferSpeed = 200
2025-09-17 11:52:34.764  3143-3143  MDM-DataTr...eedTracker com.android.phone                    D  updateTransferSpeedData: isTx = false
2025-09-17 11:52:34.765  3143-3143  MDM-DataTr...eedTracker com.android.phone                    D  updateTransferSpeedData: mCurDdsSimNetworkClass = 2, currentRxBytes = 2811941194, incrementRxBytes = 245, transferRxSpeed = 3
2025-09-17 11:52:34.765  3143-3143  MDM-DataTr...eedTracker com.android.phone                    D  getBucketIndexByBelongingRange: index = 0, transferSpeed = 3
2025-09-17 11:52:34.765  3143-3143  MDM-DataAc...ionManager com.android.phone                    D  onDataActivity: isNewEvent = false, isEndEvent = true
2025-09-17 11:52:34.765  3143-3143  MDM-DataAc...ionManager com.android.phone                    D  updateDataActiveDuration: original active duration = 9867808
2025-09-17 11:52:34.765  3143-3143  MDM-DataAc...ionManager com.android.phone                    D  updateDataActiveDuration: current connection time = 9869828
2025-09-17 11:52:34.768   963-17929 vendor.qti...bs_handler and...are.bluetooth@1.0-service-qti  I  ProcessIbsCmd: Received IBS_SLEEP_IND: 0xFE
2025-09-17 11:52:34.772   963-17929 vendor.qti...bs_handler and...are.bluetooth@1.0-service-qti  I  ProcessIbsCmd: Received IBS_WAKE_IND: 0xFD
2025-09-17 11:52:34.772   963-17929 vendor.qti...bs_handler and...are.bluetooth@1.0-service-qti  I  ProcessIbsCmd: Writing IBS_WAKE_ACK
2025-09-17 11:52:34.773 17730-17931 bt_stack                com.android.bluetooth                V  [VERBOSE1:gatt_main.cc(1086)] gatt_get_ch_state: ch_state=4
2025-09-17 11:52:34.773 17730-17931 bt_stack                com.android.bluetooth                I  [INFO:gatt_main.cc(919)] gatt_data_process op_code = 11, msg_len = 1
2025-09-17 11:52:34.773 17730-17931 bt_stack                com.android.bluetooth                V  [VERBOSE1:gatt_cl.cc(1112)] gatt_client_handle_server_rsp op_code: 11, len = 1rsp_code: 11
2025-09-17 11:52:34.774 17730-17931 bt_stack                com.android.bluetooth                V  [VERBOSE1:gatt_utils.cc(1191)] gatt_end_operation status=0 op=2 subtype=2
2025-09-17 11:52:34.774 17730-17931 bt_stack                com.android.bluetooth                V  [VERBOSE1:bta_gattc_act.cc(1483)] bta_gattc_cmpl_cback: conn_id:8 op:2 status:0
2025-09-17 11:52:34.774 17730-17931 bt_stack                com.android.bluetooth                V  [VERBOSE1:bta_gattc_main.cc(361)] bta_gattc_hdl_event: Event:BTA_GATTC_OP_CMPL_EVT
2025-09-17 11:52:34.774 17730-17931 bt_stack                com.android.bluetooth                V  [VERBOSE1:bta_gattc_main.cc(305)] bta_gattc_sm_execute: State 0x02 [GATTC_CONN_ST], Event 0x1f0f[BTA_GATTC_OP_CMPL_EVT]
2025-09-17 11:52:34.774 17730-17931 bt_stack                com.android.bluetooth                V  [VERBOSE1:bta_gattc_act.cc(962)] bta_gattc_op_cmpl: op:2
2025-09-17 11:52:34.774 17730-17931 bt_stack                com.android.bluetooth                V  [VERBOSE1:bta_gattc_main.cc(341)] bta_gattc_sm_execute: GATTC State Change: 0x02 -> 0x02 after Event 0x1f0f
2025-09-17 11:52:34.777 29273-26543 BdcReadTim...tOperation com.remoticom.energynodeinset        V  onCharacteristicRead called
2025-09-17 11:52:34.778 29273-29273 BdcReadTim...tOperation com.remoticom.energynodeinset        D  FINISHED
2025-09-17 11:52:34.779 29273-29273 BdcReadDia...sOperation com.remoticom.energynodeinset        D  STARTED
2025-09-17 11:52:34.779 29273-29273 BdcReadDia...sOperation com.remoticom.energynodeinset        V  readCharacteristic initiated
2025-09-17 11:52:34.780 17730-17931 bt_stack                com.android.bluetooth                V  [VERBOSE1:bta_gattc_main.cc(361)] bta_gattc_hdl_event: Event:BTA_GATTC_API_READ_EVT
2025-09-17 11:52:34.780 17730-17931 bt_stack                com.android.bluetooth                V  [VERBOSE1:bta_gattc_main.cc(305)] bta_gattc_sm_execute: State 0x02 [GATTC_CONN_ST], Event 0x1f04[BTA_GATTC_API_READ_EVT]
2025-09-17 11:52:34.781 17730-17931 bt_stack                com.android.bluetooth                V  [VERBOSE1:gatt_api.cc(692)] GATTC_Read: conn_id=0x0008, type=0x02
2025-09-17 11:52:34.781 17730-17931 bt_stack                com.android.bluetooth                V  [VERBOSE1:bta_gattc_main.cc(341)] bta_gattc_sm_execute: GATTC State Change: 0x02 -> 0x02 after Event 0x1f04
2025-09-17 11:52:34.814   963-17929 vendor.qti...bs_handler and...are.bluetooth@1.0-service-qti  I  ProcessIbsCmd: Received IBS_SLEEP_IND: 0xFE
2025-09-17 11:52:34.817   963-17929 vendor.qti...bs_handler and...are.bluetooth@1.0-service-qti  I  ProcessIbsCmd: Received IBS_WAKE_IND: 0xFD
2025-09-17 11:52:34.817   963-17929 vendor.qti...bs_handler and...are.bluetooth@1.0-service-qti  I  ProcessIbsCmd: Writing IBS_WAKE_ACK
2025-09-17 11:52:34.857   963-17929 vendor.qti...bs_handler and...are.bluetooth@1.0-service-qti  I  ProcessIbsCmd: Received IBS_SLEEP_IND: 0xFE
2025-09-17 11:52:34.862   963-17929 vendor.qti...bs_handler and...are.bluetooth@1.0-service-qti  I  ProcessIbsCmd: Received IBS_WAKE_IND: 0xFD
2025-09-17 11:52:34.862   963-17929 vendor.qti...bs_handler and...are.bluetooth@1.0-service-qti  I  ProcessIbsCmd: Writing IBS_WAKE_ACK
2025-09-17 11:52:34.863 17730-17931 bt_stack                com.android.bluetooth                V  [VERBOSE1:gatt_main.cc(1086)] gatt_get_ch_state: ch_state=4
2025-09-17 11:52:34.863 17730-17931 bt_stack                com.android.bluetooth                I  [INFO:gatt_main.cc(919)] gatt_data_process op_code = 11, msg_len = 1
2025-09-17 11:52:34.864 17730-17931 bt_stack                com.android.bluetooth                V  [VERBOSE1:gatt_cl.cc(1112)] gatt_client_handle_server_rsp op_code: 11, len = 1rsp_code: 11
2025-09-17 11:52:34.864 17730-17931 bt_stack                com.android.bluetooth                V  [VERBOSE1:gatt_utils.cc(1191)] gatt_end_operation status=0 op=2 subtype=2
2025-09-17 11:52:34.864 17730-17931 bt_stack                com.android.bluetooth                V  [VERBOSE1:bta_gattc_act.cc(1483)] bta_gattc_cmpl_cback: conn_id:8 op:2 status:0
2025-09-17 11:52:34.864 17730-17931 bt_stack                com.android.bluetooth                V  [VERBOSE1:bta_gattc_main.cc(361)] bta_gattc_hdl_event: Event:BTA_GATTC_OP_CMPL_EVT
2025-09-17 11:52:34.864 17730-17931 bt_stack                com.android.bluetooth                V  [VERBOSE1:bta_gattc_main.cc(305)] bta_gattc_sm_execute: State 0x02 [GATTC_CONN_ST], Event 0x1f0f[BTA_GATTC_OP_CMPL_EVT]
2025-09-17 11:52:34.864 17730-17931 bt_stack                com.android.bluetooth                V  [VERBOSE1:bta_gattc_act.cc(962)] bta_gattc_op_cmpl: op:2
2025-09-17 11:52:34.864 17730-17931 bt_stack                com.android.bluetooth                V  [VERBOSE1:bta_gattc_main.cc(341)] bta_gattc_sm_execute: GATTC State Change: 0x02 -> 0x02 after Event 0x1f0f
2025-09-17 11:52:34.867 29273-26543 BdcReadDia...sOperation com.remoticom.energynodeinset        V  onCharacteristicRead called
2025-09-17 11:52:34.869 29273-29273 BdcReadDia...sOperation com.remoticom.energynodeinset        D  FINISHED
2025-09-17 11:52:34.870 29273-29273 BdcReadDia...nOperation com.remoticom.energynodeinset        D  STARTED
2025-09-17 11:52:34.871 29273-29273 BdcReadDia...nOperation com.remoticom.energynodeinset        V  readCharacteristic initiated
2025-09-17 11:52:34.873 17730-17931 bt_stack                com.android.bluetooth                V  [VERBOSE1:bta_gattc_main.cc(361)] bta_gattc_hdl_event: Event:BTA_GATTC_API_READ_EVT
2025-09-17 11:52:34.873 17730-17931 bt_stack                com.android.bluetooth                V  [VERBOSE1:bta_gattc_main.cc(305)] bta_gattc_sm_execute: State 0x02 [GATTC_CONN_ST], Event 0x1f04[BTA_GATTC_API_READ_EVT]
2025-09-17 11:52:34.873 17730-17931 bt_stack                com.android.bluetooth                V  [VERBOSE1:gatt_api.cc(692)] GATTC_Read: conn_id=0x0008, type=0x02
2025-09-17 11:52:34.874 17730-17931 bt_stack                com.android.bluetooth                V  [VERBOSE1:bta_gattc_main.cc(341)] bta_gattc_sm_execute: GATTC State Change: 0x02 -> 0x02 after Event 0x1f04
2025-09-17 11:52:34.902   963-17929 vendor.qti...bs_handler and...are.bluetooth@1.0-service-qti  I  ProcessIbsCmd: Received IBS_SLEEP_IND: 0xFE
2025-09-17 11:52:34.907   963-17929 vendor.qti...bs_handler and...are.bluetooth@1.0-service-qti  I  ProcessIbsCmd: Received IBS_WAKE_IND: 0xFD
2025-09-17 11:52:34.907   963-17929 vendor.qti...bs_handler and...are.bluetooth@1.0-service-qti  I  ProcessIbsCmd: Writing IBS_WAKE_ACK
2025-09-17 11:52:34.948   963-17929 vendor.qti...bs_handler and...are.bluetooth@1.0-service-qti  I  ProcessIbsCmd: Received IBS_SLEEP_IND: 0xFE
2025-09-17 11:52:34.952   963-17929 vendor.qti...bs_handler and...are.bluetooth@1.0-service-qti  I  ProcessIbsCmd: Received IBS_WAKE_IND: 0xFD
2025-09-17 11:52:34.952   963-17929 vendor.qti...bs_handler and...are.bluetooth@1.0-service-qti  I  ProcessIbsCmd: Writing IBS_WAKE_ACK
2025-09-17 11:52:34.953 17730-17931 bt_stack                com.android.bluetooth                V  [VERBOSE1:gatt_main.cc(1086)] gatt_get_ch_state: ch_state=4
2025-09-17 11:52:34.953 17730-17931 bt_stack                com.android.bluetooth                I  [INFO:gatt_main.cc(919)] gatt_data_process op_code = 11, msg_len = 6
2025-09-17 11:52:34.954 17730-17931 bt_stack                com.android.bluetooth                V  [VERBOSE1:gatt_cl.cc(1112)] gatt_client_handle_server_rsp op_code: 11, len = 6rsp_code: 11
2025-09-17 11:52:34.954 17730-17931 bt_stack                com.android.bluetooth                V  [VERBOSE1:gatt_utils.cc(1191)] gatt_end_operation status=0 op=2 subtype=2
2025-09-17 11:52:34.954 17730-17931 bt_stack                com.android.bluetooth                V  [VERBOSE1:bta_gattc_act.cc(1483)] bta_gattc_cmpl_cback: conn_id:8 op:2 status:0
2025-09-17 11:52:34.954 17730-17931 bt_stack                com.android.bluetooth                V  [VERBOSE1:bta_gattc_main.cc(361)] bta_gattc_hdl_event: Event:BTA_GATTC_OP_CMPL_EVT
2025-09-17 11:52:34.954 17730-17931 bt_stack                com.android.bluetooth                V  [VERBOSE1:bta_gattc_main.cc(305)] bta_gattc_sm_execute: State 0x02 [GATTC_CONN_ST], Event 0x1f0f[BTA_GATTC_OP_CMPL_EVT]
2025-09-17 11:52:34.954 17730-17931 bt_stack                com.android.bluetooth                V  [VERBOSE1:bta_gattc_act.cc(962)] bta_gattc_op_cmpl: op:2
2025-09-17 11:52:34.954 17730-17931 bt_stack                com.android.bluetooth                V  [VERBOSE1:bta_gattc_main.cc(341)] bta_gattc_sm_execute: GATTC State Change: 0x02 -> 0x02 after Event 0x1f0f
2025-09-17 11:52:34.959 29273-26543 BdcReadDia...nOperation com.remoticom.energynodeinset        V  onCharacteristicRead called
2025-09-17 11:52:34.962 29273-29273 BdcReadDia...nOperation com.remoticom.energynodeinset        D  FINISHED
2025-09-17 11:52:34.965 29273-29273 GattConnectionService   com.remoticom.energynodeinset        D  Service state updated with ServiceState(device=DeviceImpl(uuid=00000000-0000-0000-0000-f0d78f4d8082, device=F0:D7:8F:4D:80:82, type=Bdc, serviceUuids=[a55d1c55-0088-ffff-0000-000000000000], health=null, state=null), characteristics=DeviceCharacteristics(general=GeneralCharacteristics(mode=STEP_DIMMING, name=????????????????????????????????????????), dim=DimCharacteristics(preset=5, steps=[DimStep(hour=9, minute=0, level=100), DimStep(hour=20, minute=30, level=75), DimStep(hour=22, minute=0, level=50), DimStep(hour=2, minute=0, level=75), DimStep(hour=3, minute=0, level=100)], level=100), dali=DaliCharacteristics(clo=null, powerLevel=null, availablePowerLevels=null, fixtureName=null, fadeTime=4), time=TimeCharacteristics(timezone=null, unixTimestamp=0, midnightOffset=-60), gps=null, diagnostics=DiagnosticsCharacteristics(status=2, version=DiagnosticsVersion(firmwareVersion=Version(major=1, minor=2, patch=3, build=null), libraryVersion=Version(major=0, minor=0, patch=0, build=null))), daliBanks=null), isConnecting=false, connectionStatus=Connected, lastGattError=null, hasConnectionTimeout=false)
2025-09-17 11:52:34.976 29273-29273 NodeListFragment        com.remoticom.energynodeinset        D  Updating list of nodes
2025-09-17 11:52:34.993   963-17929 vendor.qti...bs_handler and...are.bluetooth@1.0-service-qti  I  ProcessIbsCmd: Received IBS_SLEEP_IND: 0xFE
2025-09-17 11:52:35.004  1099-1873  surfaceflinger          surfaceflinger                       E  [frame_perf] perfboost open boost file failed
2025-09-17 11:52:35.004  1099-1873  surfaceflinger          surfaceflinger                       E  [frame_perf] AutoBoostStrategyQuery fd<0 failed, errno=Inappropriate ioctl for device
2025-09-17 11:52:35.004  1099-1873  surfaceflinger          surfaceflinger                       E  [frame_perf] AutoBoostConfigQuery fd<0 failed, errno=Inappropriate ioctl for device
2025-09-17 11:52:35.021  1099-14582 surfaceflinger          surfaceflinger                       E  [frame_perf] perfboost open boost file failed
2025-09-17 11:52:35.045  1099-1156  surfaceflinger          surfaceflinger                       E  [frame_perf] perfboost open boost file failed
2025-09-17 11:52:35.061  1099-14582 surfaceflinger          surfaceflinger                       E  [frame_perf] perfboost open boost file failed
2025-09-17 11:52:35.078  1099-14582 surfaceflinger          surfaceflinger                       E  [frame_perf] perfboost open boost file failed
2025-09-17 11:52:35.080  1099-1156  surfaceflinger          surfaceflinger                       E  [frame_perf] perfboost open boost file failed
2025-09-17 11:52:35.113  1099-14582 surfaceflinger          surfaceflinger                       E  [frame_perf] perfboost open boost file failed
2025-09-17 11:52:35.119  3876-3956  ThermalEngine           thermal-engine                       I  Monitor : quiet_therm = 35260, msm_therm = 39114, xo_therm = 38958, battery_therm = 327,current_now = -165000 
2025-09-17 11:52:35.120   963-17929 vendor.qti...bs_handler and...are.bluetooth@1.0-service-qti  I  ProcessIbsCmd: Received IBS_WAKE_IND: 0xFD
2025-09-17 11:52:35.120   963-17929 vendor.qti...bs_handler and...are.bluetooth@1.0-service-qti  I  ProcessIbsCmd: Writing IBS_WAKE_ACK
2025-09-17 11:52:35.122 17730-17931 bt_stack                com.android.bluetooth                V  [VERBOSE1:btm_inq.cc(1019)] BTM_InqDbRead: bd addr 54:1f:e8:f3:17:01
2025-09-17 11:52:35.161   963-17929 vendor.qti...bs_handler and...are.bluetooth@1.0-service-qti  I  ProcessIbsCmd: Received IBS_SLEEP_IND: 0xFE
2025-09-17 11:52:35.875   963-17934 vendor.qti...bs_handler and...are.bluetooth@1.0-service-qti  I  DeviceSleep: TX Awake, Sending SLEEP_IND
2025-09-17 11:52:35.875   963-17934 vendor.qti...bs_handler and...are.bluetooth@1.0-service-qti  D  SerialClockVote: vote for UART CLK OFF
2025-09-17 11:52:35.969   963-17929 vendor.qti...bs_handler and...are.bluetooth@1.0-service-qti  I  ProcessIbsCmd: Received IBS_WAKE_IND: 0xFD
2025-09-17 11:52:35.969   963-17929 vendor.qti...bs_handler and...are.bluetooth@1.0-service-qti  D  SerialClockVote: vote for UART CLK ON
2025-09-17 11:52:35.969   963-17929 vendor.qti...bs_handler and...are.bluetooth@1.0-service-qti  I  ProcessIbsCmd: Writing IBS_WAKE_ACK
2025-09-17 11:52:35.971 17730-17931 bt_stack                com.android.bluetooth                V  [VERBOSE1:btm_inq.cc(1019)] BTM_InqDbRead: bd addr 54:1f:e8:f3:17:01
2025-09-17 11:52:36.010   963-17929 vendor.qti...bs_handler and...are.bluetooth@1.0-service-qti  I  ProcessIbsCmd: Received IBS_SLEEP_IND: 0xFE
2025-09-17 11:52:36.010   963-17929 vendor.qti...bs_handler and...are.bluetooth@1.0-service-qti  D  SerialClockVote: vote for UART CLK OFF
2025-09-17 11:52:36.013 29273-29273 NodeListFragment        com.remoticom.energynodeinset        D  Selected node: 00000000-0000-0000-0000-f0d78f4d8082
2025-09-17 11:52:36.062  1099-1873  surfaceflinger          surfaceflinger                       E  [frame_perf] perfboost open boost file failed
2025-09-17 11:52:36.079  1099-14582 surfaceflinger          surfaceflinger                       E  [frame_perf] perfboost open boost file failed
2025-09-17 11:52:36.161   963-17920 vendor.qti...-wake_lock and...are.bluetooth@1.0-service-qti  D  Release wakelock is released 
2025-09-17 11:52:36.345  1099-3321  surfaceflinger          surfaceflinger                       E  [frame_perf] perfboost open boost file failed
2025-09-17 11:52:36.348 29273-29273 NodeSettingsFragment    com.remoticom.energynodeinset        D  Mode selected: mode=4
2025-09-17 11:52:36.575  5893-5893  BoundBrokerSvc          com.google.android.gms               D  onUnbind: Intent { act=com.google.android.gms.inappreach.service.START dat=chimera-action: cmp=com.google.android.gms/.chimera.GmsApiService }
2025-09-17 11:52:36.595  5893-5893  BoundBrokerSvc          com.google.android.gms               D  onUnbind: Intent { act=com.google.android.gms.auth.blockstore.service.START dat=chimera-action: cmp=com.google.android.gms/.chimera.GmsApiService }
2025-09-17 11:52:36.774  3143-3143  MDM-DataTr...eedTracker com.android.phone                    D  onDataActivity: isNewTxEvent = true, isNewRxEvent = false, isTxEndEvent = false, isRxEndEvent = false
2025-09-17 11:52:36.774  3143-3143  MDM-DataAc...ionManager com.android.phone                    D  onDataActivity: isNewEvent = true, isEndEvent = false
2025-09-17 11:52:36.774  3143-3143  MDM-DataAc...ionManager com.android.phone                    D  getCurrentSimMccMnc: current SIM mccmnc = [*20416, null]
2025-09-17 11:52:36.775 30462-30498 NetworkCon...troller(1) com.android.systemui                 D  notifyListeners, showSimLoadedFakeIcon :false
2025-09-17 11:52:37.099  1305-2228  WifiNative              system_server                        E  Could not get Iface object for interface null
2025-09-17 11:52:37.106   963-963   vendor.qti...bs_handler and...are.bluetooth@1.0-service-qti  D  SerialClockVote: vote for UART CLK ON
2025-09-17 11:52:37.107   963-963   vendor.qti...-wake_lock and...are.bluetooth@1.0-service-qti  D  Acquire wakelock is acquired 
2025-09-17 11:52:37.107   963-963   vendor.qti...bs_handler and...are.bluetooth@1.0-service-qti  I  DeviceWakeUp: Writing IBS_WAKE_IND
2025-09-17 11:52:37.108   963-17929 vendor.qti...bs_handler and...are.bluetooth@1.0-service-qti  I  ProcessIbsCmd: Received IBS_WAKE_ACK: 0xFC
2025-09-17 11:52:37.108   963-17929 vendor.qti...bs_handler and...are.bluetooth@1.0-service-qti  I  ProcessIbsCmd: Signal wack_cond_
2025-09-17 11:52:37.108   963-963   vendor.qti...bs_handler and...are.bluetooth@1.0-service-qti  D  DeviceWakeUp: Unblocked from waiting for FC
2025-09-17 11:52:37.108 17730-17918 bt_osi_wakelock         com.android.bluetooth                E  wakelock_acquire wakelock acquired
2025-09-17 11:52:37.109   963-17929 vendor.qti...bs_handler and...are.bluetooth@1.0-service-qti  I  ProcessIbsCmd: Received IBS_WAKE_IND: 0xFD
2025-09-17 11:52:37.109   963-17929 vendor.qti...bs_handler and...are.bluetooth@1.0-service-qti  I  ProcessIbsCmd: Writing IBS_WAKE_ACK
2025-09-17 11:52:37.110 17730-17768 bt_osi_wakelock         com.android.bluetooth                E  wakelock_release wakelock released
2025-09-17 11:52:37.111  1689-1757  QMI_FW                  qcrild                               E  qmi_cci_get_ref: ref count increased 2
2025-09-17 11:52:37.113  1689-1757  QMI_FW                  qcrild                               E  qmi_cci_get_ref: ref count increased 2
2025-09-17 11:52:37.149   963-17929 vendor.qti...bs_handler and...are.bluetooth@1.0-service-qti  I  ProcessIbsCmd: Received IBS_SLEEP_IND: 0xFE
2025-09-17 11:52:37.181  1305-1734  ExtBatteryStatsService  system_server                        D  @@@@ awaitUninterruptibly in 83 ms
2025-09-17 11:52:37.182  1305-1734  MyBatteryStatsHelper    system_server                        D  ===processSingleAppUsage===
2025-09-17 11:52:37.282 28707-28707 ThreadPoolForeg         com.google.android.gms.persistent    W  type=1400 audit(0.0:76739): avc: denied { write } for name="traced_producer" dev="tmpfs" ino=27372 scontext=u:r:gmscore_app:s0:c512,c768 tcontext=u:object_r:traced_producer_socket:s0 tclass=sock_file permissive=0 app=com.google.android.gms
2025-09-17 11:52:37.324  1305-10277 ActivityManager         system_server                        D  kill pid:22631 processName:com.azure.authenticator:auth reason:empty #31
2025-09-17 11:52:37.324  1305-10277 ActivityManager         system_server                        I  Killing 22631:com.azure.authenticator:auth/u0a462 (adj 999): empty #31
2025-09-17 11:52:37.383 18020-18044 ssioncontrolle          com....android.permissioncontroller  W  Reducing the number of considered missed Gc histogram windows from 103 to 100
2025-09-17 11:52:37.398  1305-3202  ConnectivityService     system_server                        D  ConnectivityService NetworkRequestInfo binderDied(NetworkRequest [ LISTEN id=12955, [ Capabilities: INTERNET&NOT_RESTRICTED&TRUSTED&NOT_VPN&FOREGROUND Uid: 10462 AdministratorUids: [] RequestorUid: 10462 RequestorPackageName: com.azure.authenticator] ], android.os.BinderProxy@92c0969)
2025-09-17 11:52:37.399  1305-10277 ProcessStats            system_server                        W  setState index out of bounds. index: -1 length: 20
2025-09-17 11:52:37.399  1305-10277 ProcessStats            system_server                        W  setState index out of bounds. index: -1 length: 20
2025-09-17 11:52:37.399  1305-2937  OPBF                    system_server                        D  setCGroupState():tofreeze=false, uid:10462 pkg:com.azure.authenticator --->>> ok reason:app died cause by pid 22631
2025-09-17 11:52:37.400   872-872   Zygote                  pid-872                              I  Process 22631 exited due to signal 9 (Killed)
2025-09-17 11:52:37.401  1305-2937  WifiService             system_server                        I  setHighPerfRestrict uid=10462 restrict=false callingUid=1000
2025-09-17 11:52:37.406  1305-1731  libprocessgroup         system_server                        I  Successfully killed process cgroup uid 10462 pid 22631 in 48ms
2025-09-17 11:52:37.547  1305-1734  ExtBatteryStatsService  system_server                        D  ext-flush too soon, skip
2025-09-17 11:52:37.547  1305-1734  MyBatteryStatsHelper    system_server                        D  ===processSingleAppUsage===
2025-09-17 11:52:37.731  1099-14582 surfaceflinger          surfaceflinger                       E  [frame_perf] perfboost open boost file failed
2025-09-17 11:52:37.732  1099-1468  surfaceflinger          surfaceflinger                       E  [frame_perf] perfboost open boost file failed
2025-09-17 11:52:37.765  1099-14582 surfaceflinger          surfaceflinger                       E  [frame_perf] perfboost open boost file failed
2025-09-17 11:52:37.766  1099-1468  surfaceflinger          surfaceflinger                       E  [frame_perf] perfboost open boost file failed
2025-09-17 11:52:37.777  3143-3143  MDM-DataTr...eedTracker com.android.phone                    D  onDataActivity: isNewTxEvent = false, isNewRxEvent = true, isTxEndEvent = false, isRxEndEvent = false
2025-09-17 11:52:37.777  3143-3143  MDM-DataAc...ionManager com.android.phone                    D  onDataActivity: isNewEvent = false, isEndEvent = false
2025-09-17 11:52:37.777 30462-30498 NetworkCon...troller(1) com.android.systemui                 D  notifyListeners, showSimLoadedFakeIcon :false
2025-09-17 11:52:37.825  5893-5893  BoundBrokerSvc          com.google.android.gms               D  onUnbind: Intent { act=com.google.android.gms.safetynet.service.START pkg=com.google.android.gms }
2025-09-17 11:52:37.996  1099-14582 surfaceflinger          surfaceflinger                       E  [frame_perf] perfboost open boost file failed
2025-09-17 11:52:37.996  1099-1157  surfaceflinger          surfaceflinger                       E  [frame_perf] perfboost open boost file failed
2025-09-17 11:52:38.108   963-17934 vendor.qti...bs_handler and...are.bluetooth@1.0-service-qti  I  DeviceSleep: TX Awake, Sending SLEEP_IND
2025-09-17 11:52:38.108   963-17934 vendor.qti...bs_handler and...are.bluetooth@1.0-service-qti  D  SerialClockVote: vote for UART CLK OFF
2025-09-17 11:52:38.129  1099-14582 surfaceflinger          surfaceflinger                       E  [frame_perf] perfboost open boost file failed
2025-09-17 11:52:38.133  1099-1873  surfaceflinger          surfaceflinger                       E  [frame_perf] perfboost open boost file failed
2025-09-17 11:52:38.184  1099-14582 surfaceflinger          surfaceflinger                       E  [frame_perf] perfboost open boost file failed
2025-09-17 11:52:38.259   963-17920 vendor.qti...-wake_lock and...are.bluetooth@1.0-service-qti  D  Release wakelock is released 
2025-09-17 11:52:38.761 17730-17746 BtGatt.GattService      com.android.bluetooth                D  beginReliableWrite() - address=F0:D7:8F:4D:80:82
2025-09-17 11:52:38.762 29273-29273 BdcWriteGe...eOperation com.remoticom.energynodeinset        D  STARTED
2025-09-17 11:52:38.763 29273-29273 BdcWriteGe...eOperation com.remoticom.energynodeinset        D  currentMtu=40, maxPayload=37
2025-09-17 11:52:38.763 29273-29273 BdcWriteGe...eOperation com.remoticom.energynodeinset        W  MTU below 69, using small frame mode
2025-09-17 11:52:38.764  1099-1468  surfaceflinger          surfaceflinger                       E  [frame_perf] perfboost open boost file failed
2025-09-17 11:52:38.765 17730-17931 bt_stack                com.android.bluetooth                V  [VERBOSE1:bta_gattc_main.cc(361)] bta_gattc_hdl_event: Event:BTA_GATTC_API_WRITE_EVT
2025-09-17 11:52:38.765 17730-17931 bt_stack                com.android.bluetooth                V  [VERBOSE1:bta_gattc_main.cc(305)] bta_gattc_sm_execute: State 0x02 [GATTC_CONN_ST], Event 0x1f05[BTA_GATTC_API_WRITE_EVT]
2025-09-17 11:52:38.765 17730-17931 bt_stack                com.android.bluetooth                V  [VERBOSE1:gatt_cl.cc(338)] gatt_send_prepare_write type=0x3
2025-09-17 11:52:38.765 17730-17931 bt_stack                com.android.bluetooth                V  [VERBOSE1:gatt_cl.cc(352)] offset =0x0 len=1
2025-09-17 11:52:38.765 17730-17931 bt_stack                com.android.bluetooth                V  [VERBOSE1:bta_gattc_main.cc(341)] bta_gattc_sm_execute: GATTC State Change: 0x02 -> 0x02 after Event 0x1f05
2025-09-17 11:52:38.765   963-963   vendor.qti...bs_handler and...are.bluetooth@1.0-service-qti  D  SerialClockVote: vote for UART CLK ON
2025-09-17 11:52:38.766   963-963   vendor.qti...-wake_lock and...are.bluetooth@1.0-service-qti  D  Acquire wakelock is acquired 
2025-09-17 11:52:38.766   963-963   vendor.qti...bs_handler and...are.bluetooth@1.0-service-qti  I  DeviceWakeUp: Writing IBS_WAKE_IND
2025-09-17 11:52:38.767   963-17929 vendor.qti...bs_handler and...are.bluetooth@1.0-service-qti  I  ProcessIbsCmd: Received IBS_WAKE_ACK: 0xFC
2025-09-17 11:52:38.767   963-17929 vendor.qti...bs_handler and...are.bluetooth@1.0-service-qti  I  ProcessIbsCmd: Signal wack_cond_
2025-09-17 11:52:38.767   963-963   vendor.qti...bs_handler and...are.bluetooth@1.0-service-qti  D  DeviceWakeUp: Unblocked from waiting for FC
2025-09-17 11:52:38.781  1099-14582 surfaceflinger          surfaceflinger                       E  [frame_perf] perfboost open boost file failed
2025-09-17 11:52:38.785 30462-30498 NetworkCon...troller(1) com.android.systemui                 D  notifyListeners, showSimLoadedFakeIcon :false
2025-09-17 11:52:38.786  3143-3143  MDM-DataTr...eedTracker com.android.phone                    D  onDataActivity: isNewTxEvent = false, isNewRxEvent = false, isTxEndEvent = true, isRxEndEvent = true
2025-09-17 11:52:38.786  3143-3143  MDM-DataTr...eedTracker com.android.phone                    D  updateTransferSpeedData: isTx = true
2025-09-17 11:52:38.787  1099-1468  surfaceflinger          surfaceflinger                       E  [frame_perf] perfboost open boost file failed
2025-09-17 11:52:38.787  3143-3143  MDM-DataTr...eedTracker com.android.phone                    D  updateTransferSpeedData: mCurDdsSimNetworkClass = 2, currentTxBytes = 111280361, incrementTxBytes = 180, transferTxSpeed = 90
2025-09-17 11:52:38.787  3143-3143  MDM-DataTr...eedTracker com.android.phone                    D  getBucketIndexByBelongingRange: index = 0, transferSpeed = 90
2025-09-17 11:52:38.787  3143-3143  MDM-DataTr...eedTracker com.android.phone                    D  updateTransferSpeedData: isTx = false
2025-09-17 11:52:38.788  3143-3143  MDM-DataTr...eedTracker com.android.phone                    D  updateTransferSpeedData: mCurDdsSimNetworkClass = 2, currentRxBytes = 2811941322, incrementRxBytes = 128, transferRxSpeed = 128
2025-09-17 11:52:38.788  3143-3143  MDM-DataTr...eedTracker com.android.phone                    D  getBucketIndexByBelongingRange: index = 0, transferSpeed = 128
2025-09-17 11:52:38.788  3143-3143  MDM-DataAc...ionManager com.android.phone                    D  onDataActivity: isNewEvent = false, isEndEvent = true
2025-09-17 11:52:38.788  3143-3143  MDM-DataAc...ionManager com.android.phone                    D  updateDataActiveDuration: original active duration = 9869828
2025-09-17 11:52:38.788  3143-3143  MDM-DataAc...ionManager com.android.phone                    D  updateDataActiveDuration: current connection time = 9871841
2025-09-17 11:52:38.822   963-17929 vendor.qti...bs_handler and...are.bluetooth@1.0-service-qti  I  ProcessIbsCmd: Received IBS_WAKE_IND: 0xFD
2025-09-17 11:52:38.822   963-17929 vendor.qti...bs_handler and...are.bluetooth@1.0-service-qti  I  ProcessIbsCmd: Writing IBS_WAKE_ACK
2025-09-17 11:52:38.825 17730-17931 bt_stack                com.android.bluetooth                V  [VERBOSE1:btm_inq.cc(1019)] BTM_InqDbRead: bd addr 54:1f:e8:f3:17:01
2025-09-17 11:52:38.833  1099-14582 surfaceflinger          surfaceflinger                       E  [frame_perf] perfboost open boost file failed
2025-09-17 11:52:38.837  1099-1873  surfaceflinger          surfaceflinger                       E  [frame_perf] perfboost open boost file failed
2025-09-17 11:52:38.865   963-17929 vendor.qti...bs_handler and...are.bluetooth@1.0-service-qti  I  ProcessIbsCmd: Received IBS_SLEEP_IND: 0xFE
2025-09-17 11:52:38.867   963-17929 vendor.qti...bs_handler and...are.bluetooth@1.0-service-qti  I  ProcessIbsCmd: Received IBS_WAKE_IND: 0xFD
2025-09-17 11:52:38.867   963-17929 vendor.qti...bs_handler and...are.bluetooth@1.0-service-qti  I  ProcessIbsCmd: Writing IBS_WAKE_ACK
2025-09-17 11:52:38.868 17730-17931 bt_stack                com.android.bluetooth                V  [VERBOSE1:gatt_main.cc(1086)] gatt_get_ch_state: ch_state=4
2025-09-17 11:52:38.868 17730-17931 bt_stack                com.android.bluetooth                I  [INFO:gatt_main.cc(919)] gatt_data_process op_code = 23, msg_len = 5
2025-09-17 11:52:38.869 17730-17931 bt_stack                com.android.bluetooth                V  [VERBOSE1:gatt_cl.cc(1112)] gatt_client_handle_server_rsp op_code: 23, len = 5rsp_code: 23
2025-09-17 11:52:38.869 17730-17931 bt_stack                com.android.bluetooth                E  [ERROR:gatt_cl.cc(578)] value resp op_code = ATT_RSP_PREPARE_WRITE len = 5
2025-09-17 11:52:38.869 17730-17931 bt_stack                com.android.bluetooth                V  [VERBOSE1:gatt_cl.cc(303)] gatt_check_write_long_terminate
2025-09-17 11:52:38.869 17730-17931 bt_stack                com.android.bluetooth                V  [VERBOSE1:gatt_utils.cc(1191)] gatt_end_operation status=0 op=3 subtype=3
2025-09-17 11:52:38.869 17730-17931 bt_stack                com.android.bluetooth                V  [VERBOSE1:bta_gattc_act.cc(1483)] bta_gattc_cmpl_cback: conn_id:8 op:3 status:0
2025-09-17 11:52:38.869 17730-17931 bt_stack                com.android.bluetooth                V  [VERBOSE1:bta_gattc_main.cc(361)] bta_gattc_hdl_event: Event:BTA_GATTC_OP_CMPL_EVT
2025-09-17 11:52:38.869 17730-17931 bt_stack                com.android.bluetooth                V  [VERBOSE1:bta_gattc_main.cc(305)] bta_gattc_sm_execute: State 0x02 [GATTC_CONN_ST], Event 0x1f0f[BTA_GATTC_OP_CMPL_EVT]
2025-09-17 11:52:38.869 17730-17931 bt_stack                com.android.bluetooth                V  [VERBOSE1:bta_gattc_act.cc(962)] bta_gattc_op_cmpl: op:3
2025-09-17 11:52:38.869 17730-17931 bt_stack                com.android.bluetooth                V  [VERBOSE1:bta_gattc_main.cc(341)] bta_gattc_sm_execute: GATTC State Change: 0x02 -> 0x02 after Event 0x1f0f
2025-09-17 11:52:38.872 29273-26543 BdcWriteGe...eOperation com.remoticom.energynodeinset        V  onCharacteristicWrite called
2025-09-17 11:52:38.873 29273-29273 BdcWriteGe...eOperation com.remoticom.energynodeinset        D  FINISHED
2025-09-17 11:52:38.874 29273-29273 EndReliabl...eOperation com.remoticom.energynodeinset        D  STARTED
2025-09-17 11:52:38.874 17730-17746 BtGatt.GattService      com.android.bluetooth                D  endReliableWrite() - address=F0:D7:8F:4D:80:82 execute: true
2025-09-17 11:52:38.875 17730-17931 bt_stack                com.android.bluetooth                V  [VERBOSE1:bta_gattc_main.cc(361)] bta_gattc_hdl_event: Event:BTA_GATTC_API_EXEC_EVT
2025-09-17 11:52:38.875 17730-17931 bt_stack                com.android.bluetooth                V  [VERBOSE1:bta_gattc_main.cc(305)] bta_gattc_sm_execute: State 0x02 [GATTC_CONN_ST], Event 0x1f06[BTA_GATTC_API_EXEC_EVT]
2025-09-17 11:52:38.875 17730-17931 bt_stack                com.android.bluetooth                V  [VERBOSE1:gatt_api.cc(825)] GATTC_ExecuteWrite: conn_id=0x0008, is_execute=1
2025-09-17 11:52:38.875 17730-17931 bt_stack                com.android.bluetooth                V  [VERBOSE1:gatt_cl.cc(278)] gatt_send_queue_write_cancel
2025-09-17 11:52:38.876 17730-17931 bt_stack                com.android.bluetooth                V  [VERBOSE1:bta_gattc_main.cc(341)] bta_gattc_sm_execute: GATTC State Change: 0x02 -> 0x02 after Event 0x1f06
2025-09-17 11:52:38.877  1305-1734  MyBatteryStatsHelper    system_server                        D  ===processSingleAppUsage===
2025-09-17 11:52:38.908   963-17929 vendor.qti...bs_handler and...are.bluetooth@1.0-service-qti  I  ProcessIbsCmd: Received IBS_SLEEP_IND: 0xFE
2025-09-17 11:52:38.912   963-17929 vendor.qti...bs_handler and...are.bluetooth@1.0-service-qti  I  ProcessIbsCmd: Received IBS_WAKE_IND: 0xFD
2025-09-17 11:52:38.912   963-17929 vendor.qti...bs_handler and...are.bluetooth@1.0-service-qti  I  ProcessIbsCmd: Writing IBS_WAKE_ACK
