2025-09-17 11:52:38.935  1099-14582 surfaceflinger          surfaceflinger                       E  [frame_perf] perfboost open boost file failed
2025-09-17 11:52:38.935  1099-1157  surfaceflinger          surfaceflinger                       E  [frame_perf] perfboost open boost file failed
2025-09-17 11:52:38.952  1099-14582 surfaceflinger          surfaceflinger                       E  [frame_perf] perfboost open boost file failed
2025-09-17 11:52:38.952   963-17929 vendor.qti...bs_handler and...are.bluetooth@1.0-service-qti  I  ProcessIbsCmd: Received IBS_SLEEP_IND: 0xFE
2025-09-17 11:52:38.953  1099-1873  surfaceflinger          surfaceflinger                       E  [frame_perf] perfboost open boost file failed
2025-09-17 11:52:38.957   963-17929 vendor.qti...bs_handler and...are.bluetooth@1.0-service-qti  I  ProcessIbsCmd: Received IBS_WAKE_IND: 0xFD
2025-09-17 11:52:38.958   963-17929 vendor.qti...bs_handler and...are.bluetooth@1.0-service-qti  I  ProcessIbsCmd: Writing IBS_WAKE_ACK
2025-09-17 11:52:38.959 17730-17931 bt_stack                com.android.bluetooth                V  [VERBOSE1:gatt_main.cc(1086)] gatt_get_ch_state: ch_state=4
2025-09-17 11:52:38.959 17730-17931 bt_stack                com.android.bluetooth                I  [INFO:gatt_main.cc(919)] gatt_data_process op_code = 25, msg_len = 0
2025-09-17 11:52:38.959 17730-17931 bt_stack                com.android.bluetooth                V  [VERBOSE1:gatt_cl.cc(1112)] gatt_client_handle_server_rsp op_code: 25, len = 0rsp_code: 25
2025-09-17 11:52:38.960 17730-17931 bt_stack                com.android.bluetooth                V  [VERBOSE1:gatt_utils.cc(1191)] gatt_end_operation status=0 op=4 subtype=0
2025-09-17 11:52:38.960 17730-17931 bt_stack                com.android.bluetooth                V  [VERBOSE1:bta_gattc_act.cc(1483)] bta_gattc_cmpl_cback: conn_id:8 op:4 status:0
2025-09-17 11:52:38.960 17730-17931 bt_stack                com.android.bluetooth                V  [VERBOSE1:bta_gattc_main.cc(361)] bta_gattc_hdl_event: Event:BTA_GATTC_OP_CMPL_EVT
2025-09-17 11:52:38.960 17730-17931 bt_stack                com.android.bluetooth                V  [VERBOSE1:bta_gattc_main.cc(305)] bta_gattc_sm_execute: State 0x02 [GATTC_CONN_ST], Event 0x1f0f[BTA_GATTC_OP_CMPL_EVT]
2025-09-17 11:52:38.960 17730-17931 bt_stack                com.android.bluetooth                V  [VERBOSE1:bta_gattc_act.cc(962)] bta_gattc_op_cmpl: op:4
2025-09-17 11:52:38.960 17730-17931 bt_stack                com.android.bluetooth                V  [VERBOSE1:bta_gattc_main.cc(341)] bta_gattc_sm_execute: GATTC State Change: 0x02 -> 0x02 after Event 0x1f0f
2025-09-17 11:52:38.964 29273-26543 EndReliabl...eOperation com.remoticom.energynodeinset        V  onReliableWriteCompleted called
2025-09-17 11:52:38.965 29273-29273 EndReliabl...eOperation com.remoticom.energynodeinset        D  FINISHED
2025-09-17 11:52:38.967 17730-17746 BtGatt.GattService      com.android.bluetooth                D  beginReliableWrite() - address=F0:D7:8F:4D:80:82
2025-09-17 11:52:38.968 29273-29273 BdcWriteDi...tOperation com.remoticom.energynodeinset        D  STARTED
2025-09-17 11:52:38.970 29273-29273 BdcWriteDi...tOperation com.remoticom.energynodeinset        D  currentMtu=40, maxPayload=37
2025-09-17 11:52:38.970 29273-29273 BdcWriteDi...tOperation com.remoticom.energynodeinset        W  MTU below 69, using small frame mode
2025-09-17 11:52:38.977 17730-17931 bt_stack                com.android.bluetooth                V  [VERBOSE1:bta_gattc_main.cc(361)] bta_gattc_hdl_event: Event:BTA_GATTC_API_WRITE_EVT
2025-09-17 11:52:38.977 17730-17931 bt_stack                com.android.bluetooth                V  [VERBOSE1:bta_gattc_main.cc(305)] bta_gattc_sm_execute: State 0x02 [GATTC_CONN_ST], Event 0x1f05[BTA_GATTC_API_WRITE_EVT]
2025-09-17 11:52:38.977 17730-17931 bt_stack                com.android.bluetooth                V  [VERBOSE1:gatt_cl.cc(338)] gatt_send_prepare_write type=0x3
2025-09-17 11:52:38.977 17730-17931 bt_stack                com.android.bluetooth                V  [VERBOSE1:gatt_cl.cc(352)] offset =0x0 len=1
2025-09-17 11:52:38.978 17730-17931 bt_stack                com.android.bluetooth                V  [VERBOSE1:bta_gattc_main.cc(341)] bta_gattc_sm_execute: GATTC State Change: 0x02 -> 0x02 after Event 0x1f05
2025-09-17 11:52:38.986  1099-14582 surfaceflinger          surfaceflinger                       E  [frame_perf] perfboost open boost file failed
2025-09-17 11:52:38.988  1099-1157  surfaceflinger          surfaceflinger                       E  [frame_perf] perfboost open boost file failed
2025-09-17 11:52:38.998   963-17929 vendor.qti...bs_handler and...are.bluetooth@1.0-service-qti  I  ProcessIbsCmd: Received IBS_SLEEP_IND: 0xFE
2025-09-17 11:52:39.002   963-17929 vendor.qti...bs_handler and...are.bluetooth@1.0-service-qti  I  ProcessIbsCmd: Received IBS_WAKE_IND: 0xFD
2025-09-17 11:52:39.002   963-17929 vendor.qti...bs_handler and...are.bluetooth@1.0-service-qti  I  ProcessIbsCmd: Writing IBS_WAKE_ACK
2025-09-17 11:52:39.042   963-17929 vendor.qti...bs_handler and...are.bluetooth@1.0-service-qti  I  ProcessIbsCmd: Received IBS_SLEEP_IND: 0xFE
2025-09-17 11:52:39.047   963-17929 vendor.qti...bs_handler and...are.bluetooth@1.0-service-qti  I  ProcessIbsCmd: Received IBS_WAKE_IND: 0xFD
2025-09-17 11:52:39.047   963-17929 vendor.qti...bs_handler and...are.bluetooth@1.0-service-qti  I  ProcessIbsCmd: Writing IBS_WAKE_ACK
2025-09-17 11:52:39.048 17730-17931 bt_stack                com.android.bluetooth                V  [VERBOSE1:gatt_main.cc(1086)] gatt_get_ch_state: ch_state=4
2025-09-17 11:52:39.048 17730-17931 bt_stack                com.android.bluetooth                I  [INFO:gatt_main.cc(919)] gatt_data_process op_code = 23, msg_len = 5
2025-09-17 11:52:39.048 17730-17931 bt_stack                com.android.bluetooth                V  [VERBOSE1:gatt_cl.cc(1112)] gatt_client_handle_server_rsp op_code: 23, len = 5rsp_code: 23
2025-09-17 11:52:39.049 17730-17931 bt_stack                com.android.bluetooth                E  [ERROR:gatt_cl.cc(578)] value resp op_code = ATT_RSP_PREPARE_WRITE len = 5
2025-09-17 11:52:39.049 17730-17931 bt_stack                com.android.bluetooth                V  [VERBOSE1:gatt_cl.cc(303)] gatt_check_write_long_terminate
2025-09-17 11:52:39.049 17730-17931 bt_stack                com.android.bluetooth                V  [VERBOSE1:gatt_utils.cc(1191)] gatt_end_operation status=0 op=3 subtype=3
2025-09-17 11:52:39.049 17730-17931 bt_stack                com.android.bluetooth                V  [VERBOSE1:bta_gattc_act.cc(1483)] bta_gattc_cmpl_cback: conn_id:8 op:3 status:0
2025-09-17 11:52:39.049 17730-17931 bt_stack                com.android.bluetooth                V  [VERBOSE1:bta_gattc_main.cc(361)] bta_gattc_hdl_event: Event:BTA_GATTC_OP_CMPL_EVT
2025-09-17 11:52:39.049 17730-17931 bt_stack                com.android.bluetooth                V  [VERBOSE1:bta_gattc_main.cc(305)] bta_gattc_sm_execute: State 0x02 [GATTC_CONN_ST], Event 0x1f0f[BTA_GATTC_OP_CMPL_EVT]
2025-09-17 11:52:39.049 17730-17931 bt_stack                com.android.bluetooth                V  [VERBOSE1:bta_gattc_act.cc(962)] bta_gattc_op_cmpl: op:3
2025-09-17 11:52:39.049 17730-17931 bt_stack                com.android.bluetooth                V  [VERBOSE1:bta_gattc_main.cc(341)] bta_gattc_sm_execute: GATTC State Change: 0x02 -> 0x02 after Event 0x1f0f
2025-09-17 11:52:39.051 29273-26543 BdcWriteDi...tOperation com.remoticom.energynodeinset        V  onCharacteristicWrite called
2025-09-17 11:52:39.052 29273-29273 BdcWriteDi...tOperation com.remoticom.energynodeinset        D  FINISHED
2025-09-17 11:52:39.053 29273-29273 EndReliabl...eOperation com.remoticom.energynodeinset        D  STARTED
2025-09-17 11:52:39.054  1099-14582 surfaceflinger          surfaceflinger                       E  [frame_perf] perfboost open boost file failed
2025-09-17 11:52:39.054 17730-17746 BtGatt.GattService      com.android.bluetooth                D  endReliableWrite() - address=F0:D7:8F:4D:80:82 execute: true
2025-09-17 11:52:39.054  1099-1157  surfaceflinger          surfaceflinger                       E  [frame_perf] perfboost open boost file failed
2025-09-17 11:52:39.055 17730-17931 bt_stack                com.android.bluetooth                V  [VERBOSE1:bta_gattc_main.cc(361)] bta_gattc_hdl_event: Event:BTA_GATTC_API_EXEC_EVT
2025-09-17 11:52:39.055 17730-17931 bt_stack                com.android.bluetooth                V  [VERBOSE1:bta_gattc_main.cc(305)] bta_gattc_sm_execute: State 0x02 [GATTC_CONN_ST], Event 0x1f06[BTA_GATTC_API_EXEC_EVT]
2025-09-17 11:52:39.055 17730-17931 bt_stack                com.android.bluetooth                V  [VERBOSE1:gatt_api.cc(825)] GATTC_ExecuteWrite: conn_id=0x0008, is_execute=1
2025-09-17 11:52:39.055 17730-17931 bt_stack                com.android.bluetooth                V  [VERBOSE1:gatt_cl.cc(278)] gatt_send_queue_write_cancel
2025-09-17 11:52:39.055 17730-17931 bt_stack                com.android.bluetooth                V  [VERBOSE1:bta_gattc_main.cc(341)] bta_gattc_sm_execute: GATTC State Change: 0x02 -> 0x02 after Event 0x1f06
2025-09-17 11:52:39.088   963-17929 vendor.qti...bs_handler and...are.bluetooth@1.0-service-qti  I  ProcessIbsCmd: Received IBS_SLEEP_IND: 0xFE
2025-09-17 11:52:39.092   963-17929 vendor.qti...bs_handler and...are.bluetooth@1.0-service-qti  I  ProcessIbsCmd: Received IBS_WAKE_IND: 0xFD
2025-09-17 11:52:39.092   963-17929 vendor.qti...bs_handler and...are.bluetooth@1.0-service-qti  I  ProcessIbsCmd: Writing IBS_WAKE_ACK
2025-09-17 11:52:39.120  1099-14582 surfaceflinger          surfaceflinger                       E  [frame_perf] perfboost open boost file failed
2025-09-17 11:52:39.120  1099-1468  surfaceflinger          surfaceflinger                       E  [frame_perf] perfboost open boost file failed
2025-09-17 11:52:39.132   963-17929 vendor.qti...bs_handler and...are.bluetooth@1.0-service-qti  I  ProcessIbsCmd: Received IBS_SLEEP_IND: 0xFE
2025-09-17 11:52:39.137  1099-14582 surfaceflinger          surfaceflinger                       E  [frame_perf] perfboost open boost file failed
2025-09-17 11:52:39.137   963-17929 vendor.qti...bs_handler and...are.bluetooth@1.0-service-qti  I  ProcessIbsCmd: Received IBS_WAKE_IND: 0xFD
2025-09-17 11:52:39.137   963-17929 vendor.qti...bs_handler and...are.bluetooth@1.0-service-qti  I  ProcessIbsCmd: Writing IBS_WAKE_ACK
2025-09-17 11:52:39.138  1099-1157  surfaceflinger          surfaceflinger                       E  [frame_perf] perfboost open boost file failed
2025-09-17 11:52:39.139 17730-17931 bt_stack                com.android.bluetooth                V  [VERBOSE1:gatt_main.cc(1086)] gatt_get_ch_state: ch_state=4
2025-09-17 11:52:39.139 17730-17931 bt_stack                com.android.bluetooth                I  [INFO:gatt_main.cc(919)] gatt_data_process op_code = 25, msg_len = 0
2025-09-17 11:52:39.139 17730-17931 bt_stack                com.android.bluetooth                V  [VERBOSE1:gatt_cl.cc(1112)] gatt_client_handle_server_rsp op_code: 25, len = 0rsp_code: 25
2025-09-17 11:52:39.139 17730-17931 bt_stack                com.android.bluetooth                V  [VERBOSE1:gatt_utils.cc(1191)] gatt_end_operation status=0 op=4 subtype=0
2025-09-17 11:52:39.139 17730-17931 bt_stack                com.android.bluetooth                V  [VERBOSE1:bta_gattc_act.cc(1483)] bta_gattc_cmpl_cback: conn_id:8 op:4 status:0
2025-09-17 11:52:39.140 17730-17931 bt_stack                com.android.bluetooth                V  [VERBOSE1:bta_gattc_main.cc(361)] bta_gattc_hdl_event: Event:BTA_GATTC_OP_CMPL_EVT
2025-09-17 11:52:39.140 17730-17931 bt_stack                com.android.bluetooth                V  [VERBOSE1:bta_gattc_main.cc(305)] bta_gattc_sm_execute: State 0x02 [GATTC_CONN_ST], Event 0x1f0f[BTA_GATTC_OP_CMPL_EVT]
2025-09-17 11:52:39.140 17730-17931 bt_stack                com.android.bluetooth                V  [VERBOSE1:bta_gattc_act.cc(962)] bta_gattc_op_cmpl: op:4
2025-09-17 11:52:39.140 17730-17931 bt_stack                com.android.bluetooth                V  [VERBOSE1:bta_gattc_main.cc(341)] bta_gattc_sm_execute: GATTC State Change: 0x02 -> 0x02 after Event 0x1f0f
2025-09-17 11:52:39.142 29273-26543 EndReliabl...eOperation com.remoticom.energynodeinset        V  onReliableWriteCompleted called
2025-09-17 11:52:39.143 29273-29273 EndReliabl...eOperation com.remoticom.energynodeinset        D  FINISHED
2025-09-17 11:52:39.147 17730-17746 BtGatt.GattService      com.android.bluetooth                D  beginReliableWrite() - address=F0:D7:8F:4D:80:82
2025-09-17 11:52:39.148 29273-29273 BdcWriteDi...sOperation com.remoticom.energynodeinset        D  STARTED
2025-09-17 11:52:39.149 29273-29273 BdcWriteDi...sOperation com.remoticom.energynodeinset        D  currentMtu=40, maxPayload=37
2025-09-17 11:52:39.149 29273-29273 BdcWriteDi...sOperation com.remoticom.energynodeinset        W  MTU below 69, using small frame mode
2025-09-17 11:52:39.150 17730-17931 bt_stack                com.android.bluetooth                V  [VERBOSE1:bta_gattc_main.cc(361)] bta_gattc_hdl_event: Event:BTA_GATTC_API_WRITE_EVT
2025-09-17 11:52:39.151 17730-17931 bt_stack                com.android.bluetooth                V  [VERBOSE1:bta_gattc_main.cc(305)] bta_gattc_sm_execute: State 0x02 [GATTC_CONN_ST], Event 0x1f05[BTA_GATTC_API_WRITE_EVT]
2025-09-17 11:52:39.151 17730-17931 bt_stack                com.android.bluetooth                V  [VERBOSE1:gatt_cl.cc(338)] gatt_send_prepare_write type=0x3
2025-09-17 11:52:39.151 17730-17931 bt_stack                com.android.bluetooth                V  [VERBOSE1:gatt_cl.cc(352)] offset =0x0 len=30
2025-09-17 11:52:39.151 17730-17931 bt_stack                com.android.bluetooth                V  [VERBOSE1:bta_gattc_main.cc(341)] bta_gattc_sm_execute: GATTC State Change: 0x02 -> 0x02 after Event 0x1f05
2025-09-17 11:52:39.155  1099-14582 surfaceflinger          surfaceflinger                       E  [frame_perf] perfboost open boost file failed
2025-09-17 11:52:39.155  1099-1468  surfaceflinger          surfaceflinger                       E  [frame_perf] perfboost open boost file failed
2025-09-17 11:52:39.178   963-17929 vendor.qti...bs_handler and...are.bluetooth@1.0-service-qti  I  ProcessIbsCmd: Received IBS_SLEEP_IND: 0xFE
2025-09-17 11:52:39.182   963-17929 vendor.qti...bs_handler and...are.bluetooth@1.0-service-qti  I  ProcessIbsCmd: Received IBS_WAKE_IND: 0xFD
2025-09-17 11:52:39.182   963-17929 vendor.qti...bs_handler and...are.bluetooth@1.0-service-qti  I  ProcessIbsCmd: Writing IBS_WAKE_ACK
2025-09-17 11:52:39.223   963-17929 vendor.qti...bs_handler and...are.bluetooth@1.0-service-qti  I  ProcessIbsCmd: Received IBS_SLEEP_IND: 0xFE
2025-09-17 11:52:39.237  1099-14582 surfaceflinger          surfaceflinger                       E  [frame_perf] perfboost open boost file failed
2025-09-17 11:52:39.237  1099-1468  surfaceflinger          surfaceflinger                       E  [frame_perf] perfboost open boost file failed
2025-09-17 11:52:39.319  1099-14582 surfaceflinger          surfaceflinger                       E  [frame_perf] perfboost open boost file failed
2025-09-17 11:52:39.320  1099-1157  surfaceflinger          surfaceflinger                       E  [frame_perf] perfboost open boost file failed
2025-09-17 11:52:39.337  1099-14582 surfaceflinger          surfaceflinger                       E  [frame_perf] perfboost open boost file failed
2025-09-17 11:52:39.338  1099-1468  surfaceflinger          surfaceflinger                       E  [frame_perf] perfboost open boost file failed
2025-09-17 11:52:39.464 29273-29273 NodeRepository          com.remoticom.energynodeinset        I  Operation in progress. Not disconnecting.
2025-09-17 11:52:39.486  1099-14582 surfaceflinger          surfaceflinger                       E  [frame_perf] perfboost open boost file failed
2025-09-17 11:52:39.487  1099-1873  surfaceflinger          surfaceflinger                       E  [frame_perf] perfboost open boost file failed
2025-09-17 11:52:39.537  1099-14582 surfaceflinger          surfaceflinger                       E  [frame_perf] perfboost open boost file failed
2025-09-17 11:52:39.538  1099-1157  surfaceflinger          surfaceflinger                       E  [frame_perf] perfboost open boost file failed
2025-09-17 11:52:39.586  1099-14582 surfaceflinger          surfaceflinger                       E  [frame_perf] perfboost open boost file failed
2025-09-17 11:52:39.588  1099-1468  surfaceflinger          surfaceflinger                       E  [frame_perf] perfboost open boost file failed
2025-09-17 11:52:39.605  1099-14582 surfaceflinger          surfaceflinger                       E  [frame_perf] perfboost open boost file failed
2025-09-17 11:52:39.607  1099-1873  surfaceflinger          surfaceflinger                       E  [frame_perf] perfboost open boost file failed
2025-09-17 11:52:39.653  1099-14582 surfaceflinger          surfaceflinger                       E  [frame_perf] perfboost open boost file failed
2025-09-17 11:52:39.657  1099-1157  surfaceflinger          surfaceflinger                       E  [frame_perf] perfboost open boost file failed
2025-09-17 11:52:38.877  1305-1734  ExtBatteryStatsService  system_server                        D  ext-flush too soon, skip
2025-09-17 11:52:39.686  1305-1729  OomAdjuster             system_server                        D  skip: com.whatsapp
2025-09-17 11:52:39.738  1099-14582 surfaceflinger          surfaceflinger                       E  [frame_perf] perfboost open boost file failed
2025-09-17 11:52:39.738  1099-3321  surfaceflinger          surfaceflinger                       E  [frame_perf] perfboost open boost file failed
2025-09-17 11:52:39.755  1099-14582 surfaceflinger          surfaceflinger                       E  [frame_perf] perfboost open boost file failed
2025-09-17 11:52:39.755  1099-1873  surfaceflinger          surfaceflinger                       E  [frame_perf] perfboost open boost file failed
2025-09-17 11:52:39.767   963-17929 vendor.qti...bs_handler and...are.bluetooth@1.0-service-qti  I  ProcessIbsCmd: Received IBS_WAKE_IND: 0xFD
2025-09-17 11:52:39.767   963-17929 vendor.qti...bs_handler and...are.bluetooth@1.0-service-qti  I  ProcessIbsCmd: Writing IBS_WAKE_ACK
2025-09-17 11:52:39.769 17730-17931 bt_stack                com.android.bluetooth                V  [VERBOSE1:gatt_main.cc(1086)] gatt_get_ch_state: ch_state=4
2025-09-17 11:52:39.769 17730-17931 bt_stack                com.android.bluetooth                I  [INFO:gatt_main.cc(919)] gatt_data_process op_code = 23, msg_len = 34
2025-09-17 11:52:39.769 17730-17931 bt_stack                com.android.bluetooth                V  [VERBOSE1:gatt_cl.cc(1112)] gatt_client_handle_server_rsp op_code: 23, len = 34rsp_code: 23
2025-09-17 11:52:39.769 17730-17931 bt_stack                com.android.bluetooth                E  [ERROR:gatt_cl.cc(578)] value resp op_code = ATT_RSP_PREPARE_WRITE len = 34
2025-09-17 11:52:39.769 17730-17931 bt_stack                com.android.bluetooth                V  [VERBOSE1:gatt_cl.cc(303)] gatt_check_write_long_terminate
2025-09-17 11:52:39.769 17730-17931 bt_stack                com.android.bluetooth                V  [VERBOSE1:gatt_utils.cc(1191)] gatt_end_operation status=0 op=3 subtype=3
2025-09-17 11:52:39.769 17730-17931 bt_stack                com.android.bluetooth                V  [VERBOSE1:bta_gattc_act.cc(1483)] bta_gattc_cmpl_cback: conn_id:8 op:3 status:0
2025-09-17 11:52:39.769 17730-17931 bt_stack                com.android.bluetooth                V  [VERBOSE1:bta_gattc_main.cc(361)] bta_gattc_hdl_event: Event:BTA_GATTC_OP_CMPL_EVT
2025-09-17 11:52:39.769 17730-17931 bt_stack                com.android.bluetooth                V  [VERBOSE1:bta_gattc_main.cc(305)] bta_gattc_sm_execute: State 0x02 [GATTC_CONN_ST], Event 0x1f0f[BTA_GATTC_OP_CMPL_EVT]
2025-09-17 11:52:39.769 17730-17931 bt_stack                com.android.bluetooth                V  [VERBOSE1:bta_gattc_act.cc(962)] bta_gattc_op_cmpl: op:3
2025-09-17 11:52:39.769 17730-17931 bt_stack                com.android.bluetooth                V  [VERBOSE1:bta_gattc_main.cc(341)] bta_gattc_sm_execute: GATTC State Change: 0x02 -> 0x02 after Event 0x1f0f
2025-09-17 11:52:39.771 29273-26543 BdcWriteDi...sOperation com.remoticom.energynodeinset        V  onCharacteristicWrite called
2025-09-17 11:52:39.772 29273-29273 BdcWriteDi...sOperation com.remoticom.energynodeinset        D  FINISHED
2025-09-17 11:52:39.773 29273-29273 EndReliabl...eOperation com.remoticom.energynodeinset        D  STARTED
2025-09-17 11:52:39.774 17730-17746 BtGatt.GattService      com.android.bluetooth                D  endReliableWrite() - address=F0:D7:8F:4D:80:82 execute: true
2025-09-17 11:52:39.774 17730-17931 bt_stack                com.android.bluetooth                V  [VERBOSE1:bta_gattc_main.cc(361)] bta_gattc_hdl_event: Event:BTA_GATTC_API_EXEC_EVT
2025-09-17 11:52:39.774 17730-17931 bt_stack                com.android.bluetooth                V  [VERBOSE1:bta_gattc_main.cc(305)] bta_gattc_sm_execute: State 0x02 [GATTC_CONN_ST], Event 0x1f06[BTA_GATTC_API_EXEC_EVT]
2025-09-17 11:52:39.774 17730-17931 bt_stack                com.android.bluetooth                V  [VERBOSE1:gatt_api.cc(825)] GATTC_ExecuteWrite: conn_id=0x0008, is_execute=1
2025-09-17 11:52:39.774 17730-17931 bt_stack                com.android.bluetooth                V  [VERBOSE1:gatt_cl.cc(278)] gatt_send_queue_write_cancel
2025-09-17 11:52:39.775 17730-17931 bt_stack                com.android.bluetooth                V  [VERBOSE1:bta_gattc_main.cc(341)] bta_gattc_sm_execute: GATTC State Change: 0x02 -> 0x02 after Event 0x1f06
2025-09-17 11:52:39.808   963-17929 vendor.qti...bs_handler and...are.bluetooth@1.0-service-qti  I  ProcessIbsCmd: Received IBS_SLEEP_IND: 0xFE
2025-09-17 11:52:39.812   963-17929 vendor.qti...bs_handler and...are.bluetooth@1.0-service-qti  I  ProcessIbsCmd: Received IBS_WAKE_IND: 0xFD
2025-09-17 11:52:39.812   963-17929 vendor.qti...bs_handler and...are.bluetooth@1.0-service-qti  I  ProcessIbsCmd: Writing IBS_WAKE_ACK
2025-09-17 11:52:39.852   963-17929 vendor.qti...bs_handler and...are.bluetooth@1.0-service-qti  I  ProcessIbsCmd: Received IBS_SLEEP_IND: 0xFE
2025-09-17 11:52:39.855  1099-14582 surfaceflinger          surfaceflinger                       E  [frame_perf] perfboost open boost file failed
2025-09-17 11:52:39.857  1099-1873  surfaceflinger          surfaceflinger                       E  [frame_perf] perfboost open boost file failed
2025-09-17 11:52:39.857   963-17929 vendor.qti...bs_handler and...are.bluetooth@1.0-service-qti  I  ProcessIbsCmd: Received IBS_WAKE_IND: 0xFD
2025-09-17 11:52:39.857   963-17929 vendor.qti...bs_handler and...are.bluetooth@1.0-service-qti  I  ProcessIbsCmd: Writing IBS_WAKE_ACK
2025-09-17 11:52:39.859 17730-17931 bt_stack                com.android.bluetooth                V  [VERBOSE1:gatt_main.cc(1086)] gatt_get_ch_state: ch_state=4
2025-09-17 11:52:39.859 17730-17931 bt_stack                com.android.bluetooth                I  [INFO:gatt_main.cc(919)] gatt_data_process op_code = 25, msg_len = 0
2025-09-17 11:52:39.859 17730-17931 bt_stack                com.android.bluetooth                V  [VERBOSE1:gatt_cl.cc(1112)] gatt_client_handle_server_rsp op_code: 25, len = 0rsp_code: 25
2025-09-17 11:52:39.859 17730-17931 bt_stack                com.android.bluetooth                V  [VERBOSE1:gatt_utils.cc(1191)] gatt_end_operation status=0 op=4 subtype=0
2025-09-17 11:52:39.859 17730-17931 bt_stack                com.android.bluetooth                V  [VERBOSE1:bta_gattc_act.cc(1483)] bta_gattc_cmpl_cback: conn_id:8 op:4 status:0
2025-09-17 11:52:39.859 17730-17931 bt_stack                com.android.bluetooth                V  [VERBOSE1:bta_gattc_main.cc(361)] bta_gattc_hdl_event: Event:BTA_GATTC_OP_CMPL_EVT
2025-09-17 11:52:39.859 17730-17931 bt_stack                com.android.bluetooth                V  [VERBOSE1:bta_gattc_main.cc(305)] bta_gattc_sm_execute: State 0x02 [GATTC_CONN_ST], Event 0x1f0f[BTA_GATTC_OP_CMPL_EVT]
2025-09-17 11:52:39.859 17730-17931 bt_stack                com.android.bluetooth                V  [VERBOSE1:bta_gattc_act.cc(962)] bta_gattc_op_cmpl: op:4
2025-09-17 11:52:39.859 17730-17931 bt_stack                com.android.bluetooth                V  [VERBOSE1:bta_gattc_main.cc(341)] bta_gattc_sm_execute: GATTC State Change: 0x02 -> 0x02 after Event 0x1f0f
2025-09-17 11:52:39.861 29273-26543 EndReliabl...eOperation com.remoticom.energynodeinset        V  onReliableWriteCompleted called
2025-09-17 11:52:39.862 29273-29273 EndReliabl...eOperation com.remoticom.energynodeinset        D  FINISHED
2025-09-17 11:52:39.865 17730-17746 BtGatt.GattService      com.android.bluetooth                D  beginReliableWrite() - address=F0:D7:8F:4D:80:82
2025-09-17 11:52:39.866 29273-29273 BdcWriteDi...lOperation com.remoticom.energynodeinset        D  STARTED
2025-09-17 11:52:39.867 29273-29273 BdcWriteDi...lOperation com.remoticom.energynodeinset        D  currentMtu=40, maxPayload=37
2025-09-17 11:52:39.867 29273-29273 BdcWriteDi...lOperation com.remoticom.energynodeinset        W  MTU below 69, using small frame mode
2025-09-17 11:52:39.868 17730-17931 bt_stack                com.android.bluetooth                V  [VERBOSE1:bta_gattc_main.cc(361)] bta_gattc_hdl_event: Event:BTA_GATTC_API_WRITE_EVT
2025-09-17 11:52:39.868 17730-17931 bt_stack                com.android.bluetooth                V  [VERBOSE1:bta_gattc_main.cc(305)] bta_gattc_sm_execute: State 0x02 [GATTC_CONN_ST], Event 0x1f05[BTA_GATTC_API_WRITE_EVT]
2025-09-17 11:52:39.868 17730-17931 bt_stack                com.android.bluetooth                V  [VERBOSE1:gatt_cl.cc(338)] gatt_send_prepare_write type=0x3
2025-09-17 11:52:39.868 17730-17931 bt_stack                com.android.bluetooth                V  [VERBOSE1:gatt_cl.cc(352)] offset =0x0 len=4
2025-09-17 11:52:39.869 17730-17931 bt_stack                com.android.bluetooth                V  [VERBOSE1:bta_gattc_main.cc(341)] bta_gattc_sm_execute: GATTC State Change: 0x02 -> 0x02 after Event 0x1f05
2025-09-17 11:52:39.897   963-17929 vendor.qti...bs_handler and...are.bluetooth@1.0-service-qti  I  ProcessIbsCmd: Received IBS_SLEEP_IND: 0xFE
2025-09-17 11:52:39.902   963-17929 vendor.qti...bs_handler and...are.bluetooth@1.0-service-qti  I  ProcessIbsCmd: Received IBS_WAKE_IND: 0xFD
2025-09-17 11:52:39.902   963-17929 vendor.qti...bs_handler and...are.bluetooth@1.0-service-qti  I  ProcessIbsCmd: Writing IBS_WAKE_ACK
2025-09-17 11:52:39.936  1099-14582 surfaceflinger          surfaceflinger                       E  [frame_perf] perfboost open boost file failed
2025-09-17 11:52:39.937  1099-1468  surfaceflinger          surfaceflinger                       E  [frame_perf] perfboost open boost file failed
2025-09-17 11:52:39.942   963-17929 vendor.qti...bs_handler and...are.bluetooth@1.0-service-qti  I  ProcessIbsCmd: Received IBS_SLEEP_IND: 0xFE
2025-09-17 11:52:39.971  1099-14582 surfaceflinger          surfaceflinger                       E  [frame_perf] perfboost open boost file failed
2025-09-17 11:52:39.971  1099-3321  surfaceflinger          surfaceflinger                       E  [frame_perf] perfboost open boost file failed
2025-09-17 11:52:39.992   963-17929 vendor.qti...bs_handler and...are.bluetooth@1.0-service-qti  I  ProcessIbsCmd: Received IBS_WAKE_IND: 0xFD
2025-09-17 11:52:39.992   963-17929 vendor.qti...bs_handler and...are.bluetooth@1.0-service-qti  I  ProcessIbsCmd: Writing IBS_WAKE_ACK
2025-09-17 11:52:39.994 17730-17931 bt_stack                com.android.bluetooth                V  [VERBOSE1:gatt_main.cc(1086)] gatt_get_ch_state: ch_state=4
2025-09-17 11:52:39.994 17730-17931 bt_stack                com.android.bluetooth                I  [INFO:gatt_main.cc(919)] gatt_data_process op_code = 23, msg_len = 8
2025-09-17 11:52:39.994 17730-17931 bt_stack                com.android.bluetooth                V  [VERBOSE1:gatt_cl.cc(1112)] gatt_client_handle_server_rsp op_code: 23, len = 8rsp_code: 23
2025-09-17 11:52:39.994 17730-17931 bt_stack                com.android.bluetooth                E  [ERROR:gatt_cl.cc(578)] value resp op_code = ATT_RSP_PREPARE_WRITE len = 8
2025-09-17 11:52:39.994 17730-17931 bt_stack                com.android.bluetooth                V  [VERBOSE1:gatt_cl.cc(303)] gatt_check_write_long_terminate
2025-09-17 11:52:39.994 17730-17931 bt_stack                com.android.bluetooth                V  [VERBOSE1:gatt_utils.cc(1191)] gatt_end_operation status=0 op=3 subtype=3
2025-09-17 11:52:39.994 17730-17931 bt_stack                com.android.bluetooth                V  [VERBOSE1:bta_gattc_act.cc(1483)] bta_gattc_cmpl_cback: conn_id:8 op:3 status:0
2025-09-17 11:52:39.995 17730-17931 bt_stack                com.android.bluetooth                V  [VERBOSE1:bta_gattc_main.cc(361)] bta_gattc_hdl_event: Event:BTA_GATTC_OP_CMPL_EVT
2025-09-17 11:52:39.995 17730-17931 bt_stack                com.android.bluetooth                V  [VERBOSE1:bta_gattc_main.cc(305)] bta_gattc_sm_execute: State 0x02 [GATTC_CONN_ST], Event 0x1f0f[BTA_GATTC_OP_CMPL_EVT]
2025-09-17 11:52:39.995 17730-17931 bt_stack                com.android.bluetooth                V  [VERBOSE1:bta_gattc_act.cc(962)] bta_gattc_op_cmpl: op:3
2025-09-17 11:52:39.995 17730-17931 bt_stack                com.android.bluetooth                V  [VERBOSE1:bta_gattc_main.cc(341)] bta_gattc_sm_execute: GATTC State Change: 0x02 -> 0x02 after Event 0x1f0f
2025-09-17 11:52:40.000 29273-26543 BdcWriteDi...lOperation com.remoticom.energynodeinset        V  onCharacteristicWrite called
2025-09-17 11:52:40.001 29273-29273 BdcWriteDi...lOperation com.remoticom.energynodeinset        D  FINISHED
2025-09-17 11:52:40.002 29273-29273 EndReliabl...eOperation com.remoticom.energynodeinset        D  STARTED
2025-09-17 11:52:40.003 17730-17746 BtGatt.GattService      com.android.bluetooth                D  endReliableWrite() - address=F0:D7:8F:4D:80:82 execute: true
2025-09-17 11:52:40.004 17730-17931 bt_stack                com.android.bluetooth                V  [VERBOSE1:bta_gattc_main.cc(361)] bta_gattc_hdl_event: Event:BTA_GATTC_API_EXEC_EVT
2025-09-17 11:52:40.004 17730-17931 bt_stack                com.android.bluetooth                V  [VERBOSE1:bta_gattc_main.cc(305)] bta_gattc_sm_execute: State 0x02 [GATTC_CONN_ST], Event 0x1f06[BTA_GATTC_API_EXEC_EVT]
2025-09-17 11:52:40.004 17730-17931 bt_stack                com.android.bluetooth                V  [VERBOSE1:gatt_api.cc(825)] GATTC_ExecuteWrite: conn_id=0x0008, is_execute=1
2025-09-17 11:52:40.005 17730-17931 bt_stack                com.android.bluetooth                V  [VERBOSE1:gatt_cl.cc(278)] gatt_send_queue_write_cancel
2025-09-17 11:52:40.005 17730-17931 bt_stack                com.android.bluetooth                V  [VERBOSE1:bta_gattc_main.cc(341)] bta_gattc_sm_execute: GATTC State Change: 0x02 -> 0x02 after Event 0x1f06
2025-09-17 11:52:40.021  1099-14582 surfaceflinger          surfaceflinger                       E  [frame_perf] perfboost open boost file failed
2025-09-17 11:52:40.021  1099-1468  surfaceflinger          surfaceflinger                       E  [frame_perf] perfboost open boost file failed
2025-09-17 11:52:40.033   963-17929 vendor.qti...bs_handler and...are.bluetooth@1.0-service-qti  I  ProcessIbsCmd: Received IBS_SLEEP_IND: 0xFE
2025-09-17 11:52:40.037   963-17929 vendor.qti...bs_handler and...are.bluetooth@1.0-service-qti  I  ProcessIbsCmd: Received IBS_WAKE_IND: 0xFD
2025-09-17 11:52:40.037   963-17929 vendor.qti...bs_handler and...are.bluetooth@1.0-service-qti  I  ProcessIbsCmd: Writing IBS_WAKE_ACK
2025-09-17 11:52:40.055  1099-14582 surfaceflinger          surfaceflinger                       E  [frame_perf] perfboost open boost file failed
2025-09-17 11:52:40.055  1099-3321  surfaceflinger          surfaceflinger                       E  [frame_perf] perfboost open boost file failed
2025-09-17 11:52:40.079   963-17929 vendor.qti...bs_handler and...are.bluetooth@1.0-service-qti  I  ProcessIbsCmd: Received IBS_SLEEP_IND: 0xFE
2025-09-17 11:52:40.082   963-17929 vendor.qti...bs_handler and...are.bluetooth@1.0-service-qti  I  ProcessIbsCmd: Received IBS_WAKE_IND: 0xFD
2025-09-17 11:52:40.082   963-17929 vendor.qti...bs_handler and...are.bluetooth@1.0-service-qti  I  ProcessIbsCmd: Writing IBS_WAKE_ACK
2025-09-17 11:52:40.083 17730-17931 bt_stack                com.android.bluetooth                V  [VERBOSE1:gatt_main.cc(1086)] gatt_get_ch_state: ch_state=4
2025-09-17 11:52:40.084 17730-17931 bt_stack                com.android.bluetooth                I  [INFO:gatt_main.cc(919)] gatt_data_process op_code = 25, msg_len = 0
2025-09-17 11:52:40.084 17730-17931 bt_stack                com.android.bluetooth                V  [VERBOSE1:gatt_cl.cc(1112)] gatt_client_handle_server_rsp op_code: 25, len = 0rsp_code: 25
2025-09-17 11:52:40.084 17730-17931 bt_stack                com.android.bluetooth                V  [VERBOSE1:gatt_utils.cc(1191)] gatt_end_operation status=0 op=4 subtype=0
2025-09-17 11:52:40.084 17730-17931 bt_stack                com.android.bluetooth                V  [VERBOSE1:bta_gattc_act.cc(1483)] bta_gattc_cmpl_cback: conn_id:8 op:4 status:0
2025-09-17 11:52:40.084 17730-17931 bt_stack                com.android.bluetooth                V  [VERBOSE1:bta_gattc_main.cc(361)] bta_gattc_hdl_event: Event:BTA_GATTC_OP_CMPL_EVT
2025-09-17 11:52:40.084 17730-17931 bt_stack                com.android.bluetooth                V  [VERBOSE1:bta_gattc_main.cc(305)] bta_gattc_sm_execute: State 0x02 [GATTC_CONN_ST], Event 0x1f0f[BTA_GATTC_OP_CMPL_EVT]
2025-09-17 11:52:40.084 17730-17931 bt_stack                com.android.bluetooth                V  [VERBOSE1:bta_gattc_act.cc(962)] bta_gattc_op_cmpl: op:4
2025-09-17 11:52:40.084 17730-17931 bt_stack                com.android.bluetooth                V  [VERBOSE1:bta_gattc_main.cc(341)] bta_gattc_sm_execute: GATTC State Change: 0x02 -> 0x02 after Event 0x1f0f
2025-09-17 11:52:40.086 29273-26543 EndReliabl...eOperation com.remoticom.energynodeinset        V  onReliableWriteCompleted called
2025-09-17 11:52:40.088 29273-29273 EndReliabl...eOperation com.remoticom.energynodeinset        D  FINISHED
2025-09-17 11:52:40.091 17730-17746 BtGatt.GattService      com.android.bluetooth                D  beginReliableWrite() - address=F0:D7:8F:4D:80:82
2025-09-17 11:52:40.092 29273-29273 BdcWriteDa...eOperation com.remoticom.energynodeinset        D  STARTED
2025-09-17 11:52:40.094 29273-29273 BdcWriteDa...eOperation com.remoticom.energynodeinset        D  currentMtu=40, maxPayload=37
2025-09-17 11:52:40.094 29273-29273 BdcWriteDa...eOperation com.remoticom.energynodeinset        W  MTU below 69, using small frame mode
2025-09-17 11:52:40.096 17730-17931 bt_stack                com.android.bluetooth                V  [VERBOSE1:bta_gattc_main.cc(361)] bta_gattc_hdl_event: Event:BTA_GATTC_API_WRITE_EVT
2025-09-17 11:52:40.096 17730-17931 bt_stack                com.android.bluetooth                V  [VERBOSE1:bta_gattc_main.cc(305)] bta_gattc_sm_execute: State 0x02 [GATTC_CONN_ST], Event 0x1f05[BTA_GATTC_API_WRITE_EVT]
2025-09-17 11:52:40.096 17730-17931 bt_stack                com.android.bluetooth                V  [VERBOSE1:gatt_cl.cc(338)] gatt_send_prepare_write type=0x3
2025-09-17 11:52:40.096 17730-17931 bt_stack                com.android.bluetooth                V  [VERBOSE1:gatt_cl.cc(352)] offset =0x0 len=1
2025-09-17 11:52:40.097 17730-17931 bt_stack                com.android.bluetooth                V  [VERBOSE1:bta_gattc_main.cc(341)] bta_gattc_sm_execute: GATTC State Change: 0x02 -> 0x02 after Event 0x1f05
2025-09-17 11:52:40.105  1099-14582 surfaceflinger          surfaceflinger                       E  [frame_perf] perfboost open boost file failed
2025-09-17 11:52:40.105  1099-1468  surfaceflinger          surfaceflinger                       E  [frame_perf] perfboost open boost file failed
2025-09-17 11:52:40.123   963-17929 vendor.qti...bs_handler and...are.bluetooth@1.0-service-qti  I  ProcessIbsCmd: Received IBS_SLEEP_IND: 0xFE
2025-09-17 11:52:40.127   963-17929 vendor.qti...bs_handler and...are.bluetooth@1.0-service-qti  I  ProcessIbsCmd: Received IBS_WAKE_IND: 0xFD
2025-09-17 11:52:40.127   963-17929 vendor.qti...bs_handler and...are.bluetooth@1.0-service-qti  I  ProcessIbsCmd: Writing IBS_WAKE_ACK
2025-09-17 11:52:40.154  1099-14582 surfaceflinger          surfaceflinger                       E  [frame_perf] perfboost open boost file failed
2025-09-17 11:52:40.155  1099-1468  surfaceflinger          surfaceflinger                       E  [frame_perf] perfboost open boost file failed
2025-09-17 11:52:40.168   963-17929 vendor.qti...bs_handler and...are.bluetooth@1.0-service-qti  I  ProcessIbsCmd: Received IBS_SLEEP_IND: 0xFE
2025-09-17 11:52:40.173  1305-1758  BatteryStatsImpl        system_server                        I  set mBatteryTimeToFullSeconds to 917
2025-09-17 11:52:40.176  1305-1734  AlarmManager            system_server                        W  Unrecognized alarm listener com.android.server.OpPowerControllerService$tsu@dab256d
2025-09-17 11:52:40.183 30462-30462 OpUtils                 com.android.systemui                 I  isSupportWarpCharging:false
2025-09-17 11:52:40.183 30462-30462 OpSWarpChargingView     com.android.systemui                 D  level is same as latest one [100]
2025-09-17 11:52:40.185 30462-30462 KeyguardUpdateMonitor   com.android.systemui                 D  received broadcast android.intent.action.BATTERY_CHANGED
2025-09-17 11:52:40.185 30462-30462 OpUtils                 com.android.systemui                 I  isSupportWarpCharging:false
2025-09-17 11:52:40.185 30462-30462 KeyguardUpdateMonitor   com.android.systemui                 D  pdCharge false, chargingstatus 0, fastcharge:0
2025-09-17 11:52:40.228  3107-3107  DeviceStatisticsService com...m.qti.devicestatisticsservice  D  chargerType=2 batteryLevel=100 totalBatteryCapacity=2686200
2025-09-17 11:52:40.236  1099-14582 surfaceflinger          surfaceflinger                       E  [frame_perf] perfboost open boost file failed
2025-09-17 11:52:40.237  1099-1468  surfaceflinger          surfaceflinger                       E  [frame_perf] perfboost open boost file failed
2025-09-17 11:52:40.249   963-17929 vendor.qti...bs_handler and...are.bluetooth@1.0-service-qti  I  ProcessIbsCmd: Received IBS_WAKE_IND: 0xFD
2025-09-17 11:52:40.249   963-17929 vendor.qti...bs_handler and...are.bluetooth@1.0-service-qti  I  ProcessIbsCmd: Writing IBS_WAKE_ACK
2025-09-17 11:52:40.250 17730-17931 bt_stack                com.android.bluetooth                V  [VERBOSE1:btm_inq.cc(1019)] BTM_InqDbRead: bd addr 54:1f:e8:f3:17:01
2025-09-17 11:52:40.289   963-17929 vendor.qti...bs_handler and...are.bluetooth@1.0-service-qti  I  ProcessIbsCmd: Received IBS_SLEEP_IND: 0xFE
2025-09-17 11:52:40.303  1099-14582 surfaceflinger          surfaceflinger                       E  [frame_perf] perfboost open boost file failed
2025-09-17 11:52:40.303  1099-3321  surfaceflinger          surfaceflinger                       E  [frame_perf] perfboost open boost file failed
2025-09-17 11:52:40.320  1099-14582 surfaceflinger          surfaceflinger                       E  [frame_perf] perfboost open boost file failed
2025-09-17 11:52:40.320  1099-1873  surfaceflinger          surfaceflinger                       E  [frame_perf] perfboost open boost file failed
2025-09-17 11:52:40.337  1099-14582 surfaceflinger          surfaceflinger                       E  [frame_perf] perfboost open boost file failed
2025-09-17 11:52:40.338  1099-1468  surfaceflinger          surfaceflinger                       E  [frame_perf] perfboost open boost file failed
2025-09-17 11:52:40.455  1099-14582 surfaceflinger          surfaceflinger                       E  [frame_perf] perfboost open boost file failed
2025-09-17 11:52:40.456  1099-3321  surfaceflinger          surfaceflinger                       E  [frame_perf] perfboost open boost file failed
2025-09-17 11:52:40.588  1099-14582 surfaceflinger          surfaceflinger                       E  [frame_perf] perfboost open boost file failed
2025-09-17 11:52:40.588  1099-1468  surfaceflinger          surfaceflinger                       E  [frame_perf] perfboost open boost file failed
2025-09-17 11:52:40.667   963-17929 vendor.qti...bs_handler and...are.bluetooth@1.0-service-qti  I  ProcessIbsCmd: Received IBS_WAKE_IND: 0xFD
2025-09-17 11:52:40.667   963-17929 vendor.qti...bs_handler and...are.bluetooth@1.0-service-qti  I  ProcessIbsCmd: Writing IBS_WAKE_ACK
2025-09-17 11:52:40.669 17730-17931 bt_stack                com.android.bluetooth                V  [VERBOSE1:gatt_main.cc(1086)] gatt_get_ch_state: ch_state=4
2025-09-17 11:52:40.669 17730-17931 bt_stack                com.android.bluetooth                I  [INFO:gatt_main.cc(919)] gatt_data_process op_code = 23, msg_len = 5
2025-09-17 11:52:40.669 17730-17931 bt_stack                com.android.bluetooth                V  [VERBOSE1:gatt_cl.cc(1112)] gatt_client_handle_server_rsp op_code: 23, len = 5rsp_code: 23
2025-09-17 11:52:40.670 17730-17931 bt_stack                com.android.bluetooth                E  [ERROR:gatt_cl.cc(578)] value resp op_code = ATT_RSP_PREPARE_WRITE len = 5
2025-09-17 11:52:40.670 17730-17931 bt_stack                com.android.bluetooth                V  [VERBOSE1:gatt_cl.cc(303)] gatt_check_write_long_terminate
2025-09-17 11:52:40.670 17730-17931 bt_stack                com.android.bluetooth                V  [VERBOSE1:gatt_utils.cc(1191)] gatt_end_operation status=0 op=3 subtype=3
2025-09-17 11:52:40.670 17730-17931 bt_stack                com.android.bluetooth                V  [VERBOSE1:bta_gattc_act.cc(1483)] bta_gattc_cmpl_cback: conn_id:8 op:3 status:0
2025-09-17 11:52:40.670 17730-17931 bt_stack                com.android.bluetooth                V  [VERBOSE1:bta_gattc_main.cc(361)] bta_gattc_hdl_event: Event:BTA_GATTC_OP_CMPL_EVT
2025-09-17 11:52:40.670 17730-17931 bt_stack                com.android.bluetooth                V  [VERBOSE1:bta_gattc_main.cc(305)] bta_gattc_sm_execute: State 0x02 [GATTC_CONN_ST], Event 0x1f0f[BTA_GATTC_OP_CMPL_EVT]
2025-09-17 11:52:40.670 17730-17931 bt_stack                com.android.bluetooth                V  [VERBOSE1:bta_gattc_act.cc(962)] bta_gattc_op_cmpl: op:3
2025-09-17 11:52:40.670 17730-17931 bt_stack                com.android.bluetooth                V  [VERBOSE1:bta_gattc_main.cc(341)] bta_gattc_sm_execute: GATTC State Change: 0x02 -> 0x02 after Event 0x1f0f
2025-09-17 11:52:40.672 29273-26543 BdcWriteDa...eOperation com.remoticom.energynodeinset        V  onCharacteristicWrite called
2025-09-17 11:52:40.674 29273-29273 BdcWriteDa...eOperation com.remoticom.energynodeinset        D  FINISHED
2025-09-17 11:52:40.675 29273-29273 EndReliabl...eOperation com.remoticom.energynodeinset        D  STARTED
2025-09-17 11:52:40.676 17730-17746 BtGatt.GattService      com.android.bluetooth                D  endReliableWrite() - address=F0:D7:8F:4D:80:82 execute: true
2025-09-17 11:52:40.677 17730-17931 bt_stack                com.android.bluetooth                V  [VERBOSE1:bta_gattc_main.cc(361)] bta_gattc_hdl_event: Event:BTA_GATTC_API_EXEC_EVT
2025-09-17 11:52:40.677 17730-17931 bt_stack                com.android.bluetooth                V  [VERBOSE1:bta_gattc_main.cc(305)] bta_gattc_sm_execute: State 0x02 [GATTC_CONN_ST], Event 0x1f06[BTA_GATTC_API_EXEC_EVT]
2025-09-17 11:52:40.677 17730-17931 bt_stack                com.android.bluetooth                V  [VERBOSE1:gatt_api.cc(825)] GATTC_ExecuteWrite: conn_id=0x0008, is_execute=1
2025-09-17 11:52:40.677 17730-17931 bt_stack                com.android.bluetooth                V  [VERBOSE1:gatt_cl.cc(278)] gatt_send_queue_write_cancel
2025-09-17 11:52:40.678 17730-17931 bt_stack                com.android.bluetooth                V  [VERBOSE1:bta_gattc_main.cc(341)] bta_gattc_sm_execute: GATTC State Change: 0x02 -> 0x02 after Event 0x1f06
2025-09-17 11:52:40.688  1099-14582 surfaceflinger          surfaceflinger                       E  [frame_perf] perfboost open boost file failed
2025-09-17 11:52:40.689  1099-3321  surfaceflinger          surfaceflinger                       E  [frame_perf] perfboost open boost file failed
2025-09-17 11:52:40.708   963-17929 vendor.qti...bs_handler and...are.bluetooth@1.0-service-qti  I  ProcessIbsCmd: Received IBS_SLEEP_IND: 0xFE
2025-09-17 11:52:40.712   963-17929 vendor.qti...bs_handler and...are.bluetooth@1.0-service-qti  I  ProcessIbsCmd: Received IBS_WAKE_IND: 0xFD
2025-09-17 11:52:40.712   963-17929 vendor.qti...bs_handler and...are.bluetooth@1.0-service-qti  I  ProcessIbsCmd: Writing IBS_WAKE_ACK
2025-09-17 11:52:40.738  1099-14582 surfaceflinger          surfaceflinger                       E  [frame_perf] perfboost open boost file failed
2025-09-17 11:52:40.738  1099-1873  surfaceflinger          surfaceflinger                       E  [frame_perf] perfboost open boost file failed
2025-09-17 11:52:40.753   963-17929 vendor.qti...bs_handler and...are.bluetooth@1.0-service-qti  I  ProcessIbsCmd: Received IBS_SLEEP_IND: 0xFE
2025-09-17 11:52:40.757   963-17929 vendor.qti...bs_handler and...are.bluetooth@1.0-service-qti  I  ProcessIbsCmd: Received IBS_WAKE_IND: 0xFD
2025-09-17 11:52:40.757   963-17929 vendor.qti...bs_handler and...are.bluetooth@1.0-service-qti  I  ProcessIbsCmd: Writing IBS_WAKE_ACK
2025-09-17 11:52:40.758 17730-17931 bt_stack                com.android.bluetooth                V  [VERBOSE1:gatt_main.cc(1086)] gatt_get_ch_state: ch_state=4
2025-09-17 11:52:40.758 17730-17931 bt_stack                com.android.bluetooth                I  [INFO:gatt_main.cc(919)] gatt_data_process op_code = 25, msg_len = 0
2025-09-17 11:52:40.759 17730-17931 bt_stack                com.android.bluetooth                V  [VERBOSE1:gatt_cl.cc(1112)] gatt_client_handle_server_rsp op_code: 25, len = 0rsp_code: 25
2025-09-17 11:52:40.759 17730-17931 bt_stack                com.android.bluetooth                V  [VERBOSE1:gatt_utils.cc(1191)] gatt_end_operation status=0 op=4 subtype=0
2025-09-17 11:52:40.759 17730-17931 bt_stack                com.android.bluetooth                V  [VERBOSE1:bta_gattc_act.cc(1483)] bta_gattc_cmpl_cback: conn_id:8 op:4 status:0
2025-09-17 11:52:40.759 17730-17931 bt_stack                com.android.bluetooth                V  [VERBOSE1:bta_gattc_main.cc(361)] bta_gattc_hdl_event: Event:BTA_GATTC_OP_CMPL_EVT
2025-09-17 11:52:40.759 17730-17931 bt_stack                com.android.bluetooth                V  [VERBOSE1:bta_gattc_main.cc(305)] bta_gattc_sm_execute: State 0x02 [GATTC_CONN_ST], Event 0x1f0f[BTA_GATTC_OP_CMPL_EVT]
2025-09-17 11:52:40.759 17730-17931 bt_stack                com.android.bluetooth                V  [VERBOSE1:bta_gattc_act.cc(962)] bta_gattc_op_cmpl: op:4
2025-09-17 11:52:40.759 17730-17931 bt_stack                com.android.bluetooth                V  [VERBOSE1:bta_gattc_main.cc(341)] bta_gattc_sm_execute: GATTC State Change: 0x02 -> 0x02 after Event 0x1f0f
2025-09-17 11:52:40.761 29273-26543 EndReliabl...eOperation com.remoticom.energynodeinset        V  onReliableWriteCompleted called
2025-09-17 11:52:40.763 29273-29273 EndReliabl...eOperation com.remoticom.energynodeinset        D  FINISHED
2025-09-17 11:52:40.767 17730-17746 BtGatt.GattService      com.android.bluetooth                D  beginReliableWrite() - address=F0:D7:8F:4D:80:82
2025-09-17 11:52:40.768 29273-29273 BdcWriteTi...tOperation com.remoticom.energynodeinset        D  STARTED
2025-09-17 11:52:40.769 29273-29273 BdcWriteTi...tOperation com.remoticom.energynodeinset        D  currentMtu=40, maxPayload=37
2025-09-17 11:52:40.769 29273-29273 BdcWriteTi...tOperation com.remoticom.energynodeinset        W  MTU below 69, using small frame mode
2025-09-17 11:52:40.771 17730-17931 bt_stack                com.android.bluetooth                V  [VERBOSE1:bta_gattc_main.cc(361)] bta_gattc_hdl_event: Event:BTA_GATTC_API_WRITE_EVT
2025-09-17 11:52:40.771 17730-17931 bt_stack                com.android.bluetooth                V  [VERBOSE1:bta_gattc_main.cc(305)] bta_gattc_sm_execute: State 0x02 [GATTC_CONN_ST], Event 0x1f05[BTA_GATTC_API_WRITE_EVT]
2025-09-17 11:52:40.771 17730-17931 bt_stack                com.android.bluetooth                V  [VERBOSE1:gatt_cl.cc(338)] gatt_send_prepare_write type=0x3
2025-09-17 11:52:40.771 17730-17931 bt_stack                com.android.bluetooth                V  [VERBOSE1:gatt_cl.cc(352)] offset =0x0 len=1
2025-09-17 11:52:40.772  1099-14582 surfaceflinger          surfaceflinger                       E  [frame_perf] perfboost open boost file failed
2025-09-17 11:52:40.772 17730-17931 bt_stack                com.android.bluetooth                V  [VERBOSE1:bta_gattc_main.cc(341)] bta_gattc_sm_execute: GATTC State Change: 0x02 -> 0x02 after Event 0x1f05
2025-09-17 11:52:40.773  1099-1157  surfaceflinger          surfaceflinger                       E  [frame_perf] perfboost open boost file failed
2025-09-17 11:52:40.797   963-17929 vendor.qti...bs_handler and...are.bluetooth@1.0-service-qti  I  ProcessIbsCmd: Received IBS_SLEEP_IND: 0xFE
2025-09-17 11:52:40.802   963-17929 vendor.qti...bs_handler and...are.bluetooth@1.0-service-qti  I  ProcessIbsCmd: Received IBS_WAKE_IND: 0xFD
2025-09-17 11:52:40.802   963-17929 vendor.qti...bs_handler and...are.bluetooth@1.0-service-qti  I  ProcessIbsCmd: Writing IBS_WAKE_ACK
2025-09-17 11:52:40.837  1099-14582 surfaceflinger          surfaceflinger                       E  [frame_perf] perfboost open boost file failed
