2025-09-17 11:52:31.148 17730-17931 bt_stack                com.android.bluetooth                V  [VERBOSE1:gatt_cl.cc(481)] gatt_proc_disc_error_rspreason: 0a cmd_code 0008
2025-09-17 11:52:31.148 17730-17931 bt_stack                com.android.bluetooth                V  [VERBOSE1:gatt_cl.cc(491)] Discovery completed
2025-09-17 11:52:31.148 17730-17931 bt_stack                com.android.bluetooth                V  [VERBOSE1:gatt_utils.cc(1191)] gatt_end_operation status=0 op=1 subtype=3
2025-09-17 11:52:31.148 17730-17931 bt_stack                com.android.bluetooth                V  [VERBOSE1:bta_gattc_cache.cc(369)] bta_gattc_disc_cmpl_cbackDisc_type  status:
2025-09-17 11:52:31.148 17730-17931 bt_stack                com.android.bluetooth                I  [INFO:gatt_api.cc(635)] GATTC_Discover conn_id=0x0008, disc_type=4, s_handle=0x002b, e_handle=0x002d
2025-09-17 11:52:31.165 17730-17931 bt_stack                com.android.bluetooth                V  [VERBOSE1:gatt_main.cc(1086)] gatt_get_ch_state: ch_state=4
2025-09-17 11:52:31.165 17730-17931 bt_stack                com.android.bluetooth                I  [INFO:gatt_main.cc(919)] gatt_data_process op_code = 9, msg_len = 22
2025-09-17 11:52:31.165 17730-17931 bt_stack                com.android.bluetooth                V  [VERBOSE1:gatt_cl.cc(1112)] gatt_client_handle_server_rsp op_code: 9, len = 22rsp_code: 9
2025-09-17 11:52:31.165 17730-17931 bt_stack                com.android.bluetooth                V  [VERBOSE1:bta_gattc_cache.cc(332)] bta_gattc_disc_res_cbackconn_id 8disc_type 
2025-09-17 11:52:31.180 17730-17931 bt_stack                com.android.bluetooth                V  [VERBOSE1:gatt_main.cc(1086)] gatt_get_ch_state: ch_state=4
2025-09-17 11:52:31.180 17730-17931 bt_stack                com.android.bluetooth                I  [INFO:gatt_main.cc(919)] gatt_data_process op_code = 1, msg_len = 4
2025-09-17 11:52:31.180 17730-17931 bt_stack                com.android.bluetooth                V  [VERBOSE1:gatt_cl.cc(1112)] gatt_client_handle_server_rsp op_code: 1, len = 4rsp_code: 9
2025-09-17 11:52:31.180 17730-17931 bt_stack                com.android.bluetooth                V  [VERBOSE1:gatt_cl.cc(519)] gatt_process_error_rsp
2025-09-17 11:52:31.180 17730-17931 bt_stack                com.android.bluetooth                V  [VERBOSE1:gatt_cl.cc(481)] gatt_proc_disc_error_rspreason: 0a cmd_code 0008
2025-09-17 11:52:31.180 17730-17931 bt_stack                com.android.bluetooth                V  [VERBOSE1:gatt_cl.cc(491)] Discovery completed
2025-09-17 11:52:31.181 17730-17931 bt_stack                com.android.bluetooth                V  [VERBOSE1:gatt_utils.cc(1191)] gatt_end_operation status=0 op=1 subtype=4
2025-09-17 11:52:31.181 17730-17931 bt_stack                com.android.bluetooth                V  [VERBOSE1:bta_gattc_cache.cc(369)] bta_gattc_disc_cmpl_cbackDisc_type  status:
2025-09-17 11:52:31.181 17730-17931 bt_stack                com.android.bluetooth                V  [VERBOSE1:bta_gattc_cache.cc(204)] starting discover characteristics descriptor
2025-09-17 11:52:31.181 17730-17931 bt_stack                com.android.bluetooth                I  [INFO:bta_gattc_cache.cc(183)] bta_gattc_explore_srvc_finished: service discovery finished
2025-09-17 11:52:31.181 17730-17931 bt_stack                com.android.bluetooth                V  [VERBOSE1:bta_gattc_main.cc(305)] bta_gattc_sm_execute: State 0x03 [GATTC_DISCOVER_ST], Event 0x1f0e[BTA_GATTC_DISCOVER_CMPL_EVT]
2025-09-17 11:52:31.181 17730-17931 bt_stack                com.android.bluetooth                V  [VERBOSE1:bta_gattc_act.cc(719)] bta_gattc_disc_cmpl: conn_id=0x0008
2025-09-17 11:52:31.183 17730-17931 bt_stack                com.android.bluetooth                V  [VERBOSE1:bta_gattc_main.cc(305)] bta_gattc_sm_execute: State 0x02 [GATTC_CONN_ST], Event 0x1f07[BTA_GATTC_API_CFG_MTU_EVT]
2025-09-17 11:52:31.183 17730-17931 bt_stack                com.android.bluetooth                V  [VERBOSE1:gatt_api.cc(578)] GATTC_ConfigureMTU: conn_id=0x0008, mtu=517
2025-09-17 11:52:31.183 17730-17931 bt_stack                com.android.bluetooth                V  [VERBOSE1:bta_gattc_main.cc(341)] bta_gattc_sm_execute: GATTC State Change: 0x02 -> 0x02 after Event 0x1f07
2025-09-17 11:52:31.184 17730-17918 bt_osi_wakelock         com.android.bluetooth                E  wakelock_acquire wakelock acquired
2025-09-17 11:52:31.184 17730-17931 bt_stack                com.android.bluetooth                V  [VERBOSE1:bta_gattc_main.cc(341)] bta_gattc_sm_execute: GATTC State Change: 0x03 -> 0x02 after Event 0x1f0e
2025-09-17 11:52:31.184 17730-17800 bt_btif_gattc           com.android.bluetooth                E  btif_gattc_upstreams_evt: Unhandled event (8)!
2025-09-17 11:52:31.185 17730-17768 bt_osi_wakelock         com.android.bluetooth                E  wakelock_release wakelock released
2025-09-17 11:52:31.195 17730-17931 bt_stack                com.android.bluetooth                V  [VERBOSE1:gatt_main.cc(1086)] gatt_get_ch_state: ch_state=4
2025-09-17 11:52:31.195 17730-17931 bt_stack                com.android.bluetooth                I  [INFO:gatt_main.cc(919)] gatt_data_process op_code = 3, msg_len = 2
2025-09-17 11:52:31.195 17730-17931 bt_stack                com.android.bluetooth                V  [VERBOSE1:gatt_cl.cc(1112)] gatt_client_handle_server_rsp op_code: 3, len = 2rsp_code: 3
2025-09-17 11:52:31.195 17730-17931 bt_stack                com.android.bluetooth                V  [VERBOSE1:gatt_utils.cc(1191)] gatt_end_operation status=0 op=5 subtype=0
2025-09-17 11:52:31.196 17730-17931 bt_stack                com.android.bluetooth                V  [VERBOSE1:bta_gattc_act.cc(1483)] bta_gattc_cmpl_cback: conn_id:8 op:5 status:0
2025-09-17 11:52:31.196 17730-17931 bt_stack                com.android.bluetooth                V  [VERBOSE1:bta_gattc_main.cc(361)] bta_gattc_hdl_event: Event:BTA_GATTC_OP_CMPL_EVT
2025-09-17 11:52:31.196 17730-17931 bt_stack                com.android.bluetooth                V  [VERBOSE1:bta_gattc_main.cc(305)] bta_gattc_sm_execute: State 0x02 [GATTC_CONN_ST], Event 0x1f0f[BTA_GATTC_OP_CMPL_EVT]
2025-09-17 11:52:31.196 17730-17931 bt_stack                com.android.bluetooth                V  [VERBOSE1:bta_gattc_act.cc(962)] bta_gattc_op_cmpl: op:5
2025-09-17 11:52:31.196 17730-17918 bt_osi_wakelock         com.android.bluetooth                E  wakelock_acquire wakelock acquired
2025-09-17 11:52:31.196 17730-17931 bt_stack                com.android.bluetooth                V  [VERBOSE1:bta_gattc_main.cc(341)] bta_gattc_sm_execute: GATTC State Change: 0x02 -> 0x02 after Event 0x1f0f
2025-09-17 11:52:31.197 17730-17800 BtGatt.GattService      com.android.bluetooth                D  onConfigureMTU() address=F0:D7:8F:4D:80:82, status=0, mtu=40
2025-09-17 11:52:31.198 29273-26543 BluetoothGatt           com.remoticom.energynodeinset        D  onConfigureMTU() - Device=F0:D7:8F:4D:80:82 mtu=40 status=0
2025-09-17 11:52:31.199 17730-17768 bt_osi_wakelock         com.android.bluetooth                E  wakelock_release wakelock released
2025-09-17 11:52:31.200 29273-26543 RequestMtuOperation     com.remoticom.energynodeinset        V  onMtuChanged called
2025-09-17 11:52:31.200 29273-26543 RequestMtuOperation     com.remoticom.energynodeinset        W  MTU 40 below recommended 69
2025-09-17 11:52:31.200 29273-26543 GattConnectionService   com.remoticom.energynodeinset        D  MTU changed to 40
2025-09-17 11:52:31.200 29273-26543 RequestMtuOp            com.remoticom.energynodeinset        D  MTU changed: 40
2025-09-17 11:52:31.202 29273-29273 RequestMtuOperation     com.remoticom.energynodeinset        D  FINISHED
2025-09-17 11:52:31.206 29273-26565 BdcReadDia...sOperation com.remoticom.energynodeinset        D  STARTED
2025-09-17 11:52:31.209 29273-26565 GattConnectionService   com.remoticom.energynodeinset        E  Error while executing BdcReadDiagnosticsStatusOperation: PreconditionFailed
2025-09-17 11:52:31.210 29273-26565 BdcReadDia...sOperation com.remoticom.energynodeinset        D  FINISHED
2025-09-17 11:52:31.211 29273-29273 DiscoverSe...sOperation com.remoticom.energynodeinset        D  STARTED
2025-09-17 11:52:31.212 29273-29273 DiscoverSe...sOperation com.remoticom.energynodeinset        V  discoverServices initiated
2025-09-17 11:52:31.212 29273-29273 BluetoothGatt           com.remoticom.energynodeinset        D  discoverServices() - device: F0:D7:8F:4D:80:82
2025-09-17 11:52:31.216 17730-17746 BtGatt.GattService      com.android.bluetooth                D  discoverServices() - address=F0:D7:8F:4D:80:82, connId=8
2025-09-17 11:52:31.217 17730-17931 bt_stack                com.android.bluetooth                V  [VERBOSE1:bta_gattc_main.cc(361)] bta_gattc_hdl_event: Event:BTA_GATTC_API_SEARCH_EVT
2025-09-17 11:52:31.217 17730-17931 bt_stack                com.android.bluetooth                V  [VERBOSE1:bta_gattc_main.cc(305)] bta_gattc_sm_execute: State 0x02 [GATTC_CONN_ST], Event 0x1f09[BTA_GATTC_API_SEARCH_EVT]
2025-09-17 11:52:31.217 17730-17931 bt_stack                com.android.bluetooth                V  [VERBOSE1:bta_gattc_act.cc(1030)] bta_gattc_search: conn_id=0x0008
2025-09-17 11:52:31.217 17730-17931 bt_stack                com.android.bluetooth                V  [VERBOSE1:bta_gattc_main.cc(341)] bta_gattc_sm_execute: GATTC State Change: 0x02 -> 0x02 after Event 0x1f09
2025-09-17 11:52:31.217 17730-17800 BtGatt.GattService      com.android.bluetooth                D  onSearchCompleted() - connId=8, status=0
2025-09-17 11:52:31.219 17730-17800 bt_bta_gattc            com.android.bluetooth                D  bta_gattc_get_gatt_db
2025-09-17 11:52:31.219 17730-17800 bt_stack                com.android.bluetooth                V  [VERBOSE1:bta_gattc_cache.cc(618)] bta_gattc_get_gatt_db_impl: start_handle 0x0000, end_handle 0xffff
2025-09-17 11:52:31.221 17730-17800 BtGatt.GattService      com.android.bluetooth                D  onGetGattDb() - address=F0:D7:8F:4D:80:82
2025-09-17 11:52:31.221 17730-17800 BtGatt.GattService      com.android.bluetooth                D  got service with UUID=00001801-0000-1000-8000-00805f9b34fb id: 1
2025-09-17 11:52:31.221 17730-17800 BtGatt.GattService      com.android.bluetooth                D  got characteristic with UUID=00002a05-0000-1000-8000-00805f9b34fb id: 3
2025-09-17 11:52:31.221 17730-17800 BtGatt.GattService      com.android.bluetooth                D  got descriptor with UUID=00002902-0000-1000-8000-00805f9b34fb id: 4
2025-09-17 11:52:31.221 17730-17800 BtGatt.GattService      com.android.bluetooth                D  got service with UUID=00001800-0000-1000-8000-00805f9b34fb id: 5
2025-09-17 11:52:31.221 17730-17800 BtGatt.GattService      com.android.bluetooth                D  got characteristic with UUID=00002a00-0000-1000-8000-00805f9b34fb id: 7
2025-09-17 11:52:31.221 17730-17800 BtGatt.GattService      com.android.bluetooth                D  got characteristic with UUID=00002a01-0000-1000-8000-00805f9b34fb id: 9
2025-09-17 11:52:31.221 17730-17800 BtGatt.GattService      com.android.bluetooth                D  got characteristic with UUID=00002a04-0000-1000-8000-00805f9b34fb id: 11
2025-09-17 11:52:31.221 17730-17800 BtGatt.GattService      com.android.bluetooth                D  got service with UUID=a55d1c55-0088-0000-0000-f0d78f4d8082 id: 12
2025-09-17 11:52:31.221 17730-17800 BtGatt.GattService      com.android.bluetooth                D  got characteristic with UUID=a55d1c55-0088-0000-0001-f0d78f4d8082 id: 14
2025-09-17 11:52:31.222 17730-17800 BtGatt.GattService      com.android.bluetooth                D  got characteristic with UUID=a55d1c55-0088-0000-0002-f0d78f4d8082 id: 16
2025-09-17 11:52:31.222 17730-17800 BtGatt.GattService      com.android.bluetooth                D  got service with UUID=a55d1c55-0088-0001-0000-f0d78f4d8082 id: 17
2025-09-17 11:52:31.222 17730-17800 BtGatt.GattService      com.android.bluetooth                D  got characteristic with UUID=a55d1c55-0088-0001-0001-f0d78f4d8082 id: 19
2025-09-17 11:52:31.222 17730-17800 BtGatt.GattService      com.android.bluetooth                D  got characteristic with UUID=a55d1c55-0088-0001-0002-f0d78f4d8082 id: 21
2025-09-17 11:52:31.222 17730-17800 BtGatt.GattService      com.android.bluetooth                D  got characteristic with UUID=a55d1c55-0088-0001-0003-f0d78f4d8082 id: 23
2025-09-17 11:52:31.222 17730-17800 BtGatt.GattService      com.android.bluetooth                D  got service with UUID=a55d1c55-0088-0003-0000-f0d78f4d8082 id: 24
2025-09-17 11:52:31.222 17730-17800 BtGatt.GattService      com.android.bluetooth                D  got characteristic with UUID=a55d1c55-0088-0003-0005-f0d78f4d8082 id: 26
2025-09-17 11:52:31.222 17730-17800 BtGatt.GattService      com.android.bluetooth                D  got characteristic with UUID=a55d1c55-0088-0003-0007-f0d78f4d8082 id: 28
2025-09-17 11:52:31.222 17730-17800 BtGatt.GattService      com.android.bluetooth                D  got characteristic with UUID=a55d1c55-0088-0003-0008-f0d78f4d8082 id: 30
2025-09-17 11:52:31.222 17730-17800 BtGatt.GattService      com.android.bluetooth                D  got characteristic with UUID=a55d1c55-0088-0003-0009-f0d78f4d8082 id: 32
2025-09-17 11:52:31.222 17730-17800 BtGatt.GattService      com.android.bluetooth                D  got service with UUID=a55d1c55-0088-0004-0000-f0d78f4d8082 id: 33
2025-09-17 11:52:31.222 17730-17800 BtGatt.GattService      com.android.bluetooth                D  got characteristic with UUID=a55d1c55-0088-0004-0002-f0d78f4d8082 id: 35
2025-09-17 11:52:31.222 17730-17800 BtGatt.GattService      com.android.bluetooth                D  got characteristic with UUID=a55d1c55-0088-0004-0003-f0d78f4d8082 id: 37
2025-09-17 11:52:31.223 17730-17800 BtGatt.GattService      com.android.bluetooth                D  got service with UUID=a55d1c55-0088-0009-0000-f0d78f4d8082 id: 38
2025-09-17 11:52:31.223 17730-17800 BtGatt.GattService      com.android.bluetooth                D  got characteristic with UUID=a55d1c55-0088-0009-0001-f0d78f4d8082 id: 40
2025-09-17 11:52:31.223 17730-17800 BtGatt.GattService      com.android.bluetooth                D  got characteristic with UUID=a55d1c55-0088-0009-0002-f0d78f4d8082 id: 42
2025-09-17 11:52:31.223 17730-17800 BtGatt.GattService      com.android.bluetooth                D  got service with UUID=a55d1c55-0088-000a-0000-f0d78f4d8082 id: 43
2025-09-17 11:52:31.223 17730-17800 BtGatt.GattService      com.android.bluetooth                D  got characteristic with UUID=a55d1c55-0088-000a-0001-f0d78f4d8082 id: 45
2025-09-17 11:52:31.227 29273-26543 BluetoothGatt           com.remoticom.energynodeinset        D  onSearchComplete() = Device=F0:D7:8F:4D:80:82 Status=0
2025-09-17 11:52:31.227 29273-26543 DiscoverSe...sOperation com.remoticom.energynodeinset        V  onServicesDiscovered called
2025-09-17 11:52:31.228 29273-26543 DiscoverServicesOp      com.remoticom.energynodeinset        D  Discovered services
2025-09-17 11:52:31.228 29273-26543 DiscoverServicesOp      com.remoticom.energynodeinset        D  Service: uuid=00001801-0000-1000-8000-00805f9b34fb
2025-09-17 11:52:31.228 29273-26543 DiscoverServicesOp      com.remoticom.energynodeinset        D  Characteristic: uuid=00002a05-0000-1000-8000-00805f9b34fb
2025-09-17 11:52:31.228 29273-26543 DiscoverServicesOp      com.remoticom.energynodeinset        D  Service: uuid=00001800-0000-1000-8000-00805f9b34fb
2025-09-17 11:52:31.228 29273-26543 DiscoverServicesOp      com.remoticom.energynodeinset        D  Characteristic: uuid=00002a00-0000-1000-8000-00805f9b34fb
2025-09-17 11:52:31.228 29273-26543 DiscoverServicesOp      com.remoticom.energynodeinset        D  Characteristic: uuid=00002a01-0000-1000-8000-00805f9b34fb
2025-09-17 11:52:31.228 29273-26543 DiscoverServicesOp      com.remoticom.energynodeinset        D  Characteristic: uuid=00002a04-0000-1000-8000-00805f9b34fb
2025-09-17 11:52:31.229 29273-26543 DiscoverServicesOp      com.remoticom.energynodeinset        D  Service: uuid=a55d1c55-0088-0000-0000-f0d78f4d8082
2025-09-17 11:52:31.229 29273-26543 DiscoverServicesOp      com.remoticom.energynodeinset        D  Characteristic: uuid=a55d1c55-0088-0000-0001-f0d78f4d8082
2025-09-17 11:52:31.229 29273-26543 DiscoverServicesOp      com.remoticom.energynodeinset        D  Characteristic: uuid=a55d1c55-0088-0000-0002-f0d78f4d8082
2025-09-17 11:52:31.229 29273-26543 DiscoverServicesOp      com.remoticom.energynodeinset        D  Service: uuid=a55d1c55-0088-0001-0000-f0d78f4d8082
2025-09-17 11:52:31.229 29273-26543 DiscoverServicesOp      com.remoticom.energynodeinset        D  Characteristic: uuid=a55d1c55-0088-0001-0001-f0d78f4d8082
2025-09-17 11:52:31.229 29273-26543 DiscoverServicesOp      com.remoticom.energynodeinset        D  Characteristic: uuid=a55d1c55-0088-0001-0002-f0d78f4d8082
2025-09-17 11:52:31.229 29273-26543 DiscoverServicesOp      com.remoticom.energynodeinset        D  Characteristic: uuid=a55d1c55-0088-0001-0003-f0d78f4d8082
2025-09-17 11:52:31.229 29273-26543 DiscoverServicesOp      com.remoticom.energynodeinset        D  Service: uuid=a55d1c55-0088-0003-0000-f0d78f4d8082
2025-09-17 11:52:31.231 29273-26543 DiscoverServicesOp      com.remoticom.energynodeinset        D  Characteristic: uuid=a55d1c55-0088-0003-0005-f0d78f4d8082
2025-09-17 11:52:31.231 29273-26543 DiscoverServicesOp      com.remoticom.energynodeinset        D  Characteristic: uuid=a55d1c55-0088-0003-0007-f0d78f4d8082
2025-09-17 11:52:31.231 29273-26543 DiscoverServicesOp      com.remoticom.energynodeinset        D  Characteristic: uuid=a55d1c55-0088-0003-0008-f0d78f4d8082
2025-09-17 11:52:31.231 29273-26543 DiscoverServicesOp      com.remoticom.energynodeinset        D  Characteristic: uuid=a55d1c55-0088-0003-0009-f0d78f4d8082
2025-09-17 11:52:31.231 29273-26543 DiscoverServicesOp      com.remoticom.energynodeinset        D  Service: uuid=a55d1c55-0088-0004-0000-f0d78f4d8082
2025-09-17 11:52:31.232 29273-26543 DiscoverServicesOp      com.remoticom.energynodeinset        D  Characteristic: uuid=a55d1c55-0088-0004-0002-f0d78f4d8082
2025-09-17 11:52:31.232 29273-26543 DiscoverServicesOp      com.remoticom.energynodeinset        D  Characteristic: uuid=a55d1c55-0088-0004-0003-f0d78f4d8082
2025-09-17 11:52:31.232 29273-26543 DiscoverServicesOp      com.remoticom.energynodeinset        D  Service: uuid=a55d1c55-0088-0009-0000-f0d78f4d8082
2025-09-17 11:52:31.232 29273-26543 DiscoverServicesOp      com.remoticom.energynodeinset        D  Characteristic: uuid=a55d1c55-0088-0009-0001-f0d78f4d8082
2025-09-17 11:52:31.232 29273-26543 DiscoverServicesOp      com.remoticom.energynodeinset        D  Characteristic: uuid=a55d1c55-0088-0009-0002-f0d78f4d8082
2025-09-17 11:52:31.232 29273-26543 DiscoverServicesOp      com.remoticom.energynodeinset        D  Service: uuid=a55d1c55-0088-000a-0000-f0d78f4d8082
2025-09-17 11:52:31.232 29273-26543 DiscoverServicesOp      com.remoticom.energynodeinset        D  Characteristic: uuid=a55d1c55-0088-000a-0001-f0d78f4d8082
2025-09-17 11:52:31.233 29273-29273 DiscoverSe...sOperation com.remoticom.energynodeinset        D  FINISHED
2025-09-17 11:52:31.234 29273-26565 BdcReadDia...nOperation com.remoticom.energynodeinset        D  STARTED
2025-09-17 11:52:31.235 29273-26565 BdcReadDia...nOperation com.remoticom.energynodeinset        V  readCharacteristic initiated
2025-09-17 11:52:31.237 17730-17931 bt_stack                com.android.bluetooth                V  [VERBOSE1:bta_gattc_main.cc(361)] bta_gattc_hdl_event: Event:BTA_GATTC_API_READ_EVT
2025-09-17 11:52:31.238 17730-17931 bt_stack                com.android.bluetooth                V  [VERBOSE1:bta_gattc_main.cc(305)] bta_gattc_sm_execute: State 0x02 [GATTC_CONN_ST], Event 0x1f04[BTA_GATTC_API_READ_EVT]
2025-09-17 11:52:31.238 17730-17931 bt_stack                com.android.bluetooth                V  [VERBOSE1:gatt_api.cc(692)] GATTC_Read: conn_id=0x0008, type=0x02
2025-09-17 11:52:31.238 17730-17931 bt_stack                com.android.bluetooth                V  [VERBOSE1:bta_gattc_main.cc(341)] bta_gattc_sm_execute: GATTC State Change: 0x02 -> 0x02 after Event 0x1f04
2025-09-17 11:52:31.239   963-17929 vendor.qti...bs_handler and...are.bluetooth@1.0-service-qti  I  ProcessIbsCmd: Received IBS_SLEEP_IND: 0xFE
2025-09-17 11:52:31.247   963-17929 vendor.qti...bs_handler and...are.bluetooth@1.0-service-qti  I  ProcessIbsCmd: Received IBS_WAKE_IND: 0xFD
2025-09-17 11:52:31.247   963-17929 vendor.qti...bs_handler and...are.bluetooth@1.0-service-qti  I  ProcessIbsCmd: Writing IBS_WAKE_ACK
2025-09-17 11:52:31.262 17730-17931 bt_stack                com.android.bluetooth                V  [VERBOSE1:gatt_main.cc(1086)] gatt_get_ch_state: ch_state=4
2025-09-17 11:52:31.263 17730-17931 bt_stack                com.android.bluetooth                I  [INFO:gatt_main.cc(919)] gatt_data_process op_code = 11, msg_len = 6
2025-09-17 11:52:31.263 17730-17931 bt_stack                com.android.bluetooth                V  [VERBOSE1:gatt_cl.cc(1112)] gatt_client_handle_server_rsp op_code: 11, len = 6rsp_code: 11
2025-09-17 11:52:31.263 17730-17931 bt_stack                com.android.bluetooth                V  [VERBOSE1:gatt_utils.cc(1191)] gatt_end_operation status=0 op=2 subtype=2
2025-09-17 11:52:31.263 17730-17931 bt_stack                com.android.bluetooth                V  [VERBOSE1:bta_gattc_act.cc(1483)] bta_gattc_cmpl_cback: conn_id:8 op:2 status:0
2025-09-17 11:52:31.263 17730-17931 bt_stack                com.android.bluetooth                V  [VERBOSE1:bta_gattc_main.cc(361)] bta_gattc_hdl_event: Event:BTA_GATTC_OP_CMPL_EVT
2025-09-17 11:52:31.263 17730-17931 bt_stack                com.android.bluetooth                V  [VERBOSE1:bta_gattc_main.cc(305)] bta_gattc_sm_execute: State 0x02 [GATTC_CONN_ST], Event 0x1f0f[BTA_GATTC_OP_CMPL_EVT]
2025-09-17 11:52:31.263 17730-17931 bt_stack                com.android.bluetooth                V  [VERBOSE1:bta_gattc_act.cc(962)] bta_gattc_op_cmpl: op:2
2025-09-17 11:52:31.263 17730-17931 bt_stack                com.android.bluetooth                V  [VERBOSE1:bta_gattc_main.cc(341)] bta_gattc_sm_execute: GATTC State Change: 0x02 -> 0x02 after Event 0x1f0f
2025-09-17 11:52:31.264 17730-17800 BtGatt.GattService      com.android.bluetooth                D  onClientConnUpdate() - connId=8, status=0
2025-09-17 11:52:31.266 29273-26543 BdcReadDia...nOperation com.remoticom.energynodeinset        V  onCharacteristicRead called
2025-09-17 11:52:31.272 29273-26181 BluetoothGatt           com.remoticom.energynodeinset        D  onConnectionUpdated() - Device=F0:D7:8F:4D:80:82 interval=36 latency=0 timeout=500 status=0
2025-09-17 11:52:31.272 29273-26565 BdcReadDia...nOperation com.remoticom.energynodeinset        D  FINISHED
2025-09-17 11:52:31.302   963-17929 vendor.qti...bs_handler and...are.bluetooth@1.0-service-qti  I  ProcessIbsCmd: Received IBS_SLEEP_IND: 0xFE
2025-09-17 11:52:31.352   963-17929 vendor.qti...bs_handler and...are.bluetooth@1.0-service-qti  I  ProcessIbsCmd: Received IBS_WAKE_IND: 0xFD
2025-09-17 11:52:31.352   963-17929 vendor.qti...bs_handler and...are.bluetooth@1.0-service-qti  I  ProcessIbsCmd: Writing IBS_WAKE_ACK
2025-09-17 11:52:31.393   963-17929 vendor.qti...bs_handler and...are.bluetooth@1.0-service-qti  I  ProcessIbsCmd: Received IBS_SLEEP_IND: 0xFE
2025-09-17 11:52:31.741 29273-29273 BdcWriteSe...dOperation com.remoticom.energynodeinset        D  STARTED
2025-09-17 11:52:31.743 29273-29273 BdcWriteSe...dOperation com.remoticom.energynodeinset        D  currentMtu=40, maxPayload=37
2025-09-17 11:52:31.744 29273-29273 BdcWriteSe...dOperation com.remoticom.energynodeinset        W  MTU below 69, using small frame mode
2025-09-17 11:52:31.748 17730-17931 bt_stack                com.android.bluetooth                V  [VERBOSE1:bta_gattc_main.cc(361)] bta_gattc_hdl_event: Event:BTA_GATTC_API_WRITE_EVT
2025-09-17 11:52:31.749 17730-17931 bt_stack                com.android.bluetooth                V  [VERBOSE1:bta_gattc_main.cc(305)] bta_gattc_sm_execute: State 0x02 [GATTC_CONN_ST], Event 0x1f05[BTA_GATTC_API_WRITE_EVT]
2025-09-17 11:52:31.749 17730-17931 bt_stack                com.android.bluetooth                V  [VERBOSE1:gatt_utils.cc(1191)] gatt_end_operation status=0 op=3 subtype=1
2025-09-17 11:52:31.749 17730-17931 bt_stack                com.android.bluetooth                V  [VERBOSE1:bta_gattc_act.cc(1483)] bta_gattc_cmpl_cback: conn_id:8 op:3 status:0
2025-09-17 11:52:31.749 17730-17931 bt_stack                com.android.bluetooth                V  [VERBOSE1:bta_gattc_main.cc(341)] bta_gattc_sm_execute: GATTC State Change: 0x02 -> 0x02 after Event 0x1f05
2025-09-17 11:52:31.749 17730-17931 bt_stack                com.android.bluetooth                V  [VERBOSE1:bta_gattc_main.cc(361)] bta_gattc_hdl_event: Event:BTA_GATTC_OP_CMPL_EVT
2025-09-17 11:52:31.749 17730-17931 bt_stack                com.android.bluetooth                V  [VERBOSE1:bta_gattc_main.cc(305)] bta_gattc_sm_execute: State 0x02 [GATTC_CONN_ST], Event 0x1f0f[BTA_GATTC_OP_CMPL_EVT]
2025-09-17 11:52:31.749 17730-17931 bt_stack                com.android.bluetooth                V  [VERBOSE1:bta_gattc_act.cc(962)] bta_gattc_op_cmpl: op:3
2025-09-17 11:52:31.750 17730-17931 bt_stack                com.android.bluetooth                V  [VERBOSE1:bta_gattc_main.cc(341)] bta_gattc_sm_execute: GATTC State Change: 0x02 -> 0x02 after Event 0x1f0f
2025-09-17 11:52:31.752 29273-26543 BdcWriteSe...dOperation com.remoticom.energynodeinset        V  onCharacteristicWrite called
2025-09-17 11:52:31.754 29273-29273 BdcWriteSe...dOperation com.remoticom.energynodeinset        D  FINISHED
2025-09-17 11:52:31.757   963-17929 vendor.qti...bs_handler and...are.bluetooth@1.0-service-qti  I  ProcessIbsCmd: Received IBS_WAKE_IND: 0xFD
2025-09-17 11:52:31.757   963-17929 vendor.qti...bs_handler and...are.bluetooth@1.0-service-qti  I  ProcessIbsCmd: Writing IBS_WAKE_ACK
2025-09-17 11:52:31.798   963-17929 vendor.qti...bs_handler and...are.bluetooth@1.0-service-qti  I  ProcessIbsCmd: Received IBS_SLEEP_IND: 0xFE
2025-09-17 11:52:32.234   963-17929 vendor.qti...bs_handler and...are.bluetooth@1.0-service-qti  I  ProcessIbsCmd: Received IBS_WAKE_IND: 0xFD
2025-09-17 11:52:32.234   963-17929 vendor.qti...bs_handler and...are.bluetooth@1.0-service-qti  I  ProcessIbsCmd: Writing IBS_WAKE_ACK
2025-09-17 11:52:32.236 17730-17931 bt_stack                com.android.bluetooth                V  [VERBOSE1:btm_inq.cc(1019)] BTM_InqDbRead: bd addr 61:07:96:da:fd:f9
2025-09-17 11:52:32.257 29273-29273 GattConnectionService   com.remoticom.energynodeinset        D  Service state updated with ServiceState(device=DeviceImpl(uuid=00000000-0000-0000-0000-f0d78f4d8082, device=F0:D7:8F:4D:80:82, type=Bdc, serviceUuids=[a55d1c55-0088-ffff-0000-000000000000], health=null, state=null), characteristics=null, isConnecting=true, connectionStatus=Connected, lastGattError=null, hasConnectionTimeout=false)
2025-09-17 11:52:32.257 29273-29273 GattConnectionService   com.remoticom.energynodeinset        D  Service state updated with ServiceState(device=DeviceImpl(uuid=00000000-0000-0000-0000-f0d78f4d8082, device=F0:D7:8F:4D:80:82, type=Bdc, serviceUuids=[a55d1c55-0088-ffff-0000-000000000000], health=null, state=null), characteristics=null, isConnecting=false, connectionStatus=Connected, lastGattError=null, hasConnectionTimeout=false)
2025-09-17 11:52:32.259 29273-29273 BdcReadGen...eOperation com.remoticom.energynodeinset        D  STARTED
2025-09-17 11:52:32.260 29273-29273 BdcReadGen...eOperation com.remoticom.energynodeinset        V  readCharacteristic initiated
2025-09-17 11:52:32.263 17730-17931 bt_stack                com.android.bluetooth                V  [VERBOSE1:bta_gattc_main.cc(361)] bta_gattc_hdl_event: Event:BTA_GATTC_API_READ_EVT
2025-09-17 11:52:32.263 17730-17931 bt_stack                com.android.bluetooth                V  [VERBOSE1:bta_gattc_main.cc(305)] bta_gattc_sm_execute: State 0x02 [GATTC_CONN_ST], Event 0x1f04[BTA_GATTC_API_READ_EVT]
2025-09-17 11:52:32.263 17730-17931 bt_stack                com.android.bluetooth                V  [VERBOSE1:gatt_api.cc(692)] GATTC_Read: conn_id=0x0008, type=0x02
2025-09-17 11:52:32.263 17730-17931 bt_stack                com.android.bluetooth                V  [VERBOSE1:bta_gattc_main.cc(341)] bta_gattc_sm_execute: GATTC State Change: 0x02 -> 0x02 after Event 0x1f04
2025-09-17 11:52:32.268 29273-29273 NodeListFragment        com.remoticom.energynodeinset        D  Updating list of nodes
2025-09-17 11:52:32.275   963-17929 vendor.qti...bs_handler and...are.bluetooth@1.0-service-qti  I  ProcessIbsCmd: Received IBS_SLEEP_IND: 0xFE
2025-09-17 11:52:32.279  1099-1873  surfaceflinger          surfaceflinger                       E  [frame_perf] perfboost open boost file failed
2025-09-17 11:52:32.297  1099-14582 surfaceflinger          surfaceflinger                       E  [frame_perf] perfboost open boost file failed
2025-09-17 11:52:32.297   963-17929 vendor.qti...bs_handler and...are.bluetooth@1.0-service-qti  I  ProcessIbsCmd: Received IBS_WAKE_IND: 0xFD
2025-09-17 11:52:32.297   963-17929 vendor.qti...bs_handler and...are.bluetooth@1.0-service-qti  I  ProcessIbsCmd: Writing IBS_WAKE_ACK
2025-09-17 11:52:32.338   963-17929 vendor.qti...bs_handler and...are.bluetooth@1.0-service-qti  I  ProcessIbsCmd: Received IBS_SLEEP_IND: 0xFE
2025-09-17 11:52:32.340  1305-3202  ActivityManager         system_server                        D  kill pid:21800 processName:net.oneplus.widget reason:empty #31
2025-09-17 11:52:32.340  1305-3202  ActivityManager         system_server                        I  Killing 21800:net.oneplus.widget/u0a332 (adj 999): empty #31
2025-09-17 11:52:32.380 28707-25772 NearbyMediums           com.google.android.gms.persistent    I  Found Fast Ble Advertisements :
                                                                                                    BleAdvertisement { version=2, socketVersion=2, isFast=true, serviceIdHash=null, data=[ 0x23 0x44 0x49 0x4b 0x35 0x11 0x32 0x5a 0x6b 0x96 0x27 0xaa 0xdb 0x29 0x6e 0x32 0x83 0x7e 0x22 0x21 0xf4 0x9b 0x21 ], deviceToken=[ 0x03 0xb5 ], rxAdvertisement=null } : 1 times.
                                                                                                    BleAdvertisement { version=2, socketVersion=2, isFast=true, serviceIdHash=null, data=[ 0x23 0x4c 0x33 0x4c 0x34 0x11 0x32 0xe9 0xbf 0x27 0x26 0xea 0x75 0x7d 0x80 0x19 0xca 0xa0 0x33 0x1b 0x4d 0x25 0xea ], deviceToken=[ 0xb7 0x02 ], rxAdvertisement=null } : 1 times.
                                                                                                    BleAdvertisement { version=2, socketVersion=2, isFast=true, serviceIdHash=null, data=[ 0x23 0x4e 0x47 0x30 0x52 0x11 0x32 0x4f 0xd6 0xbd 0x0e 0x26 0x7a 0xde 0x46 0xa7 0x00 0xf1 0xaf 0x30 0x3b 0xeb 0xa1 ], deviceToken=[ 0xf1 0x35 ], rxAdvertisement=null } : 2 times.
                                                                                                    BleAdvertisement { version=2, socketVersion=2, isFast=true, serviceIdHash=null, data=[ 0x23 0x4a 0x58 0x4b 0x58 0x11 0x32 0x69 0xce 0xed 0x21 0x97 0xad 0xd3 0x03 0xd9 0x2a 0x3e 0x19 0xd5 0xcc 0xad 0x6d ], deviceToken=[ 0x90 0xb4 ], rxAdvertisement=null } : 1 times.
                                                                                                    Total 5 fast advertisements from 4 unique advertisers.
2025-09-17 11:52:32.380 28707-25772 NearbyMediums           com.google.android.gms.persistent    I  Current Tracked Scanning Clients are : {NearbyConnections.EnvironmentMonitor, NearbySharing}
2025-09-17 11:52:32.381 28707-24989 NearbyConnections       com.google.android.gms.persistent    I  Processing lost BlePeripheral BlePeripheral{advertisement=BleAdvertisement { version=2, socketVersion=2, isFast=true, serviceIdHash=null, data=[ 0x23 0x50 0x4c 0x30 0x31 0x11 0x32 0x80 0x0a 0xaf 0x33 0xb0 0x18 0xcd 0x71 0x0e 0x11 0x99 0xf3 0x91 0x84 0xd5 0xa5 ], deviceToken=[ 0xd7 0xa6 ], rxAdvertisement=null }, dctAdvertisement=null, address=null, psm=0, deviceToken=<ByteString@ae37bfb size=2 contents="\327\246">, isSecondProfile=false, rxInstantConnectionAdv=null}.
2025-09-17 11:52:32.382 28707-24989 NearbyConnections       com.google.android.gms.persistent    I  Lost BleEndpoint for BlePeripheral BlePeripheral{advertisement=BleAdvertisement { version=2, socketVersion=2, isFast=true, serviceIdHash=null, data=[ 0x23 0x50 0x4c 0x30 0x31 0x11 0x32 0x80 0x0a 0xaf 0x33 0xb0 0x18 0xcd 0x71 0x0e 0x11 0x99 0xf3 0x91 0x84 0xd5 0xa5 ], deviceToken=[ 0xd7 0xa6 ], rxAdvertisement=null }, dctAdvertisement=null, address=null, psm=0, deviceToken=<ByteString@ae37bfb size=2 contents="\327\246">, isSecondProfile=false, rxInstantConnectionAdv=null} (with EndpointId PL01 and EndpointInfo [ 0x32 0x80 0x0a 0xaf 0x33 0xb0 0x18 0xcd 0x71 0x0e 0x11 0x99 0xf3 0x91 0x84 0xd5 0xa5 ]).
2025-09-17 11:52:32.383 28707-24989 NearbyConnections       com.google.android.gms.persistent    I  ClientProxy(249410627) reporting onEndpointLost(PL01)
2025-09-17 11:52:32.383 28707-24989 NearbyConnections       com.google.android.gms.persistent    I  Processing lost BlePeripheral BlePeripheral{advertisement=BleAdvertisement { version=2, socketVersion=2, isFast=true, serviceIdHash=null, data=[ 0x23 0x32 0x34 0x44 0x49 0x11 0x32 0xa2 0x6d 0x8a 0xf4 0xa4 0xca 0x78 0xa6 0x4f 0xd5 0xcc 0x0f 0xc3 0xdd 0x34 0x9a ], deviceToken=[ 0xec 0x57 ], rxAdvertisement=null }, dctAdvertisement=null, address=null, psm=0, deviceToken=<ByteString@e94ee71 size=2 contents="\354W">, isSecondProfile=false, rxInstantConnectionAdv=null}.
2025-09-17 11:52:32.383 28707-25926 NearbySharing           com.google.android.gms.persistent    I  NearbySharing Internal event EndpointLost(endpointId=PL01)
2025-09-17 11:52:32.383 28707-24989 NearbyConnections       com.google.android.gms.persistent    I  Processing lost BlePeripheral BlePeripheral{advertisement=BleAdvertisement { version=2, socketVersion=2, isFast=true, serviceIdHash=null, data=[ 0x23 0x41 0x31 0x47 0x4e 0x11 0x32 0x19 0x3d 0xf2 0x9d 0x02 0x9a 0xe7 0x3e 0xb5 0x78 0x82 0xbe 0xd0 0x02 0x25 0xed ], deviceToken=[ 0x96 0x9e ], rxAdvertisement=null }, dctAdvertisement=null, address=null, psm=0, deviceToken=<ByteString@2762456 size=2 contents="\226\236">, isSecondProfile=false, rxInstantConnectionAdv=null}.
2025-09-17 11:52:32.387  1305-9986  ProcessStats            system_server                        W  setState index out of bounds. index: -1 length: 20
2025-09-17 11:52:32.387  1305-2937  OPBF                    system_server                        D  setCGroupState():tofreeze=false, uid:10332 pkg:net.oneplus.widget --->>> ok reason:app died cause by pid 21800
2025-09-17 11:52:32.387   872-872   Zygote                  pid-872                              I  Process 21800 exited due to signal 9 (Killed)
2025-09-17 11:52:32.388  1305-9986  ProcessStats            system_server                        W  setState index out of bounds. index: -1 length: 20
2025-09-17 11:52:32.397  1305-1731  libprocessgroup         system_server                        I  Successfully killed process cgroup uid 10332 pid 21800 in 49ms
2025-09-17 11:52:32.397  1305-2937  WifiService             system_server                        I  setHighPerfRestrict uid=10332 restrict=false callingUid=1000
2025-09-17 11:52:32.555  1689-1837  QMI_FW                  qcrild                               E  qmi_cci_get_ref: ref count increased 2
2025-09-17 11:52:32.557  1689-1757  QMI_FW                  qcrild                               E  qmi_cci_get_ref: ref count increased 2
2025-09-17 11:52:32.599  3143-3143  PhoneInterfaceManager   com.android.phone                    D  [PhoneIntfMgr] getPhoneFromSubId: 1
2025-09-17 11:52:32.609  1689-1757  QMI_FW                  qcrild                               E  qmi_cci_get_ref: ref count increased 2
2025-09-17 11:52:32.611  1689-1757  QMI_FW                  qcrild                               E  qmi_cci_get_ref: ref count increased 2
2025-09-17 11:52:32.631  3143-3143  MDM-OPMdmListener       com.android.phone                    D  onCellInfoChanged the cellInfo changed phoneId 0
2025-09-17 11:52:32.703  5893-5893  BoundBrokerSvc          com.google.android.gms               D  onUnbind: Intent { act=com.google.android.gms.measurement.START pkg=com.google.android.gms }
2025-09-17 11:52:32.745  3143-3143  MDM-DataTr...eedTracker com.android.phone                    D  onDataActivity: isNewTxEvent = true, isNewRxEvent = true, isTxEndEvent = false, isRxEndEvent = false
2025-09-17 11:52:32.745  3143-3143  MDM-DataAc...ionManager com.android.phone                    D  onDataActivity: isNewEvent = true, isEndEvent = false
2025-09-17 11:52:32.745  3143-3143  MDM-DataAc...ionManager com.android.phone                    D  getCurrentSimMccMnc: current SIM mccmnc = [*20416, null]
2025-09-17 11:52:32.746 30462-30498 NetworkCon...troller(1) com.android.systemui                 D  notifyListeners, showSimLoadedFakeIcon :false
2025-09-17 11:52:32.782  5893-5893  ThreadPoolForeg         com.google.android.gms               W  type=1400 audit(0.0:76738): avc: denied { write } for name="traced_producer" dev="tmpfs" ino=27372 scontext=u:r:gmscore_app:s0:c512,c768 tcontext=u:object_r:traced_producer_socket:s0 tclass=sock_file permissive=0 app=com.google.android.gms
2025-09-17 11:52:33.062   963-17929 vendor.qti...bs_handler and...are.bluetooth@1.0-service-qti  I  ProcessIbsCmd: Received IBS_WAKE_IND: 0xFD
2025-09-17 11:52:33.062   963-17929 vendor.qti...bs_handler and...are.bluetooth@1.0-service-qti  I  ProcessIbsCmd: Writing IBS_WAKE_ACK
2025-09-17 11:52:33.065 17730-17931 bt_stack                com.android.bluetooth                V  [VERBOSE1:gatt_main.cc(1086)] gatt_get_ch_state: ch_state=4
2025-09-17 11:52:33.065 17730-17931 bt_stack                com.android.bluetooth                I  [INFO:gatt_main.cc(919)] gatt_data_process op_code = 11, msg_len = 1
2025-09-17 11:52:33.065 17730-17931 bt_stack                com.android.bluetooth                V  [VERBOSE1:gatt_cl.cc(1112)] gatt_client_handle_server_rsp op_code: 11, len = 1rsp_code: 11
2025-09-17 11:52:33.065 17730-17931 bt_stack                com.android.bluetooth                V  [VERBOSE1:gatt_utils.cc(1191)] gatt_end_operation status=0 op=2 subtype=2
2025-09-17 11:52:33.066 17730-17931 bt_stack                com.android.bluetooth                V  [VERBOSE1:bta_gattc_act.cc(1483)] bta_gattc_cmpl_cback: conn_id:8 op:2 status:0
2025-09-17 11:52:33.066 17730-17931 bt_stack                com.android.bluetooth                V  [VERBOSE1:bta_gattc_main.cc(361)] bta_gattc_hdl_event: Event:BTA_GATTC_OP_CMPL_EVT
2025-09-17 11:52:33.066 17730-17931 bt_stack                com.android.bluetooth                V  [VERBOSE1:bta_gattc_main.cc(305)] bta_gattc_sm_execute: State 0x02 [GATTC_CONN_ST], Event 0x1f0f[BTA_GATTC_OP_CMPL_EVT]
2025-09-17 11:52:33.066 17730-17931 bt_stack                com.android.bluetooth                V  [VERBOSE1:bta_gattc_act.cc(962)] bta_gattc_op_cmpl: op:2
2025-09-17 11:52:33.066 17730-17931 bt_stack                com.android.bluetooth                V  [VERBOSE1:bta_gattc_main.cc(341)] bta_gattc_sm_execute: GATTC State Change: 0x02 -> 0x02 after Event 0x1f0f
2025-09-17 11:52:33.069 29273-26543 BdcReadGen...eOperation com.remoticom.energynodeinset        V  onCharacteristicRead called
2025-09-17 11:52:33.073 29273-29273 BdcReadGen...eOperation com.remoticom.energynodeinset        D  FINISHED
2025-09-17 11:52:33.076 29273-29273 BdcReadGen...eOperation com.remoticom.energynodeinset        D  STARTED
2025-09-17 11:52:33.077 29273-29273 BdcReadGen...eOperation com.remoticom.energynodeinset        V  readCharacteristic initiated
2025-09-17 11:52:33.079 17730-17931 bt_stack                com.android.bluetooth                V  [VERBOSE1:bta_gattc_main.cc(361)] bta_gattc_hdl_event: Event:BTA_GATTC_API_READ_EVT
2025-09-17 11:52:33.079 17730-17931 bt_stack                com.android.bluetooth                V  [VERBOSE1:bta_gattc_main.cc(305)] bta_gattc_sm_execute: State 0x02 [GATTC_CONN_ST], Event 0x1f04[BTA_GATTC_API_READ_EVT]
2025-09-17 11:52:33.080 17730-17931 bt_stack                com.android.bluetooth                V  [VERBOSE1:gatt_api.cc(692)] GATTC_Read: conn_id=0x0008, type=0x02
2025-09-17 11:52:33.080 17730-17931 bt_stack                com.android.bluetooth                V  [VERBOSE1:bta_gattc_main.cc(341)] bta_gattc_sm_execute: GATTC State Change: 0x02 -> 0x02 after Event 0x1f04
2025-09-17 11:52:33.103   963-17929 vendor.qti...bs_handler and...are.bluetooth@1.0-service-qti  I  ProcessIbsCmd: Received IBS_SLEEP_IND: 0xFE
2025-09-17 11:52:33.107   963-17929 vendor.qti...bs_handler and...are.bluetooth@1.0-service-qti  I  ProcessIbsCmd: Received IBS_WAKE_IND: 0xFD
2025-09-17 11:52:33.107   963-17929 vendor.qti...bs_handler and...are.bluetooth@1.0-service-qti  I  ProcessIbsCmd: Writing IBS_WAKE_ACK
2025-09-17 11:52:33.147   963-17929 vendor.qti...bs_handler and...are.bluetooth@1.0-service-qti  I  ProcessIbsCmd: Received IBS_SLEEP_IND: 0xFE
2025-09-17 11:52:33.737   963-17929 vendor.qti...bs_handler and...are.bluetooth@1.0-service-qti  I  ProcessIbsCmd: Received IBS_WAKE_IND: 0xFD
2025-09-17 11:52:33.737   963-17929 vendor.qti...bs_handler and...are.bluetooth@1.0-service-qti  I  ProcessIbsCmd: Writing IBS_WAKE_ACK
2025-09-17 11:52:33.739 17730-17931 bt_stack                com.android.bluetooth                V  [VERBOSE1:gatt_main.cc(1086)] gatt_get_ch_state: ch_state=4
2025-09-17 11:52:33.739 17730-17931 bt_stack                com.android.bluetooth                I  [INFO:gatt_main.cc(919)] gatt_data_process op_code = 11, msg_len = 20
2025-09-17 11:52:33.739 17730-17931 bt_stack                com.android.bluetooth                V  [VERBOSE1:gatt_cl.cc(1112)] gatt_client_handle_server_rsp op_code: 11, len = 20rsp_code: 11
2025-09-17 11:52:33.739 17730-17931 bt_stack                com.android.bluetooth                V  [VERBOSE1:gatt_utils.cc(1191)] gatt_end_operation status=0 op=2 subtype=2
2025-09-17 11:52:33.739 17730-17931 bt_stack                com.android.bluetooth                V  [VERBOSE1:bta_gattc_act.cc(1483)] bta_gattc_cmpl_cback: conn_id:8 op:2 status:0
2025-09-17 11:52:33.739 17730-17931 bt_stack                com.android.bluetooth                V  [VERBOSE1:bta_gattc_main.cc(361)] bta_gattc_hdl_event: Event:BTA_GATTC_OP_CMPL_EVT
2025-09-17 11:52:33.740 17730-17931 bt_stack                com.android.bluetooth                V  [VERBOSE1:bta_gattc_main.cc(305)] bta_gattc_sm_execute: State 0x02 [GATTC_CONN_ST], Event 0x1f0f[BTA_GATTC_OP_CMPL_EVT]
2025-09-17 11:52:33.740 17730-17931 bt_stack                com.android.bluetooth                V  [VERBOSE1:bta_gattc_act.cc(962)] bta_gattc_op_cmpl: op:2
2025-09-17 11:52:33.740 17730-17931 bt_stack                com.android.bluetooth                V  [VERBOSE1:bta_gattc_main.cc(341)] bta_gattc_sm_execute: GATTC State Change: 0x02 -> 0x02 after Event 0x1f0f
2025-09-17 11:52:33.742 29273-26543 BdcReadGen...eOperation com.remoticom.energynodeinset        V  onCharacteristicRead called
2025-09-17 11:52:33.744 29273-29273 BdcReadGen...eOperation com.remoticom.energynodeinset        D  FINISHED
2025-09-17 11:52:33.748 29273-29273 BdcReadDim...tOperation com.remoticom.energynodeinset        D  STARTED
2025-09-17 11:52:33.749 29273-29273 BdcReadDim...tOperation com.remoticom.energynodeinset        V  readCharacteristic initiated
2025-09-17 11:52:33.750 17730-17931 bt_stack                com.android.bluetooth                V  [VERBOSE1:bta_gattc_main.cc(361)] bta_gattc_hdl_event: Event:BTA_GATTC_API_READ_EVT
2025-09-17 11:52:33.750 17730-17931 bt_stack                com.android.bluetooth                V  [VERBOSE1:bta_gattc_main.cc(305)] bta_gattc_sm_execute: State 0x02 [GATTC_CONN_ST], Event 0x1f04[BTA_GATTC_API_READ_EVT]
2025-09-17 11:52:33.751 17730-17931 bt_stack                com.android.bluetooth                V  [VERBOSE1:gatt_api.cc(692)] GATTC_Read: conn_id=0x0008, type=0x02
2025-09-17 11:52:33.751 17730-17931 bt_stack                com.android.bluetooth                V  [VERBOSE1:bta_gattc_main.cc(341)] bta_gattc_sm_execute: GATTC State Change: 0x02 -> 0x02 after Event 0x1f04
2025-09-17 11:52:33.779  1305-1734  AlarmManager            system_server                        W  Unrecognized alarm listener com.android.server.OpPowerControllerService$tsu@dab256d
2025-09-17 11:52:33.782   963-17929 vendor.qti...bs_handler and...are.bluetooth@1.0-service-qti  I  ProcessIbsCmd: Received IBS_SLEEP_IND: 0xFE
2025-09-17 11:52:33.783   963-17929 vendor.qti...bs_handler and...are.bluetooth@1.0-service-qti  I  ProcessIbsCmd: Received IBS_WAKE_IND: 0xFD
2025-09-17 11:52:33.783   963-17929 vendor.qti...bs_handler and...are.bluetooth@1.0-service-qti  I  ProcessIbsCmd: Writing IBS_WAKE_ACK
2025-09-17 11:52:33.783 30462-30462 OpUtils                 com.android.systemui                 I  isSupportWarpCharging:false
2025-09-17 11:52:33.784 30462-30462 OpSWarpChargingView     com.android.systemui                 D  level is same as latest one [100]
2025-09-17 11:52:33.787 30462-30462 KeyguardUpdateMonitor   com.android.systemui                 D  received broadcast android.intent.action.BATTERY_CHANGED
2025-09-17 11:52:33.788 30462-30462 OpUtils                 com.android.systemui                 I  isSupportWarpCharging:false
2025-09-17 11:52:33.788 30462-30462 KeyguardUpdateMonitor   com.android.systemui                 D  pdCharge false, chargingstatus 0, fastcharge:0
2025-09-17 11:52:33.823   963-17929 vendor.qti...bs_handler and...are.bluetooth@1.0-service-qti  I  ProcessIbsCmd: Received IBS_SLEEP_IND: 0xFE
2025-09-17 11:52:33.827   963-17929 vendor.qti...bs_handler and...are.bluetooth@1.0-service-qti  I  ProcessIbsCmd: Received IBS_WAKE_IND: 0xFD
2025-09-17 11:52:33.827   963-17929 vendor.qti...bs_handler and...are.bluetooth@1.0-service-qti  I  ProcessIbsCmd: Writing IBS_WAKE_ACK
2025-09-17 11:52:33.829 17730-17931 bt_stack                com.android.bluetooth                V  [VERBOSE1:gatt_main.cc(1086)] gatt_get_ch_state: ch_state=4
2025-09-17 11:52:33.829 17730-17931 bt_stack                com.android.bluetooth                I  [INFO:gatt_main.cc(919)] gatt_data_process op_code = 11, msg_len = 1
2025-09-17 11:52:33.829 17730-17931 bt_stack                com.android.bluetooth                V  [VERBOSE1:gatt_cl.cc(1112)] gatt_client_handle_server_rsp op_code: 11, len = 1rsp_code: 11
2025-09-17 11:52:33.829 17730-17931 bt_stack                com.android.bluetooth                V  [VERBOSE1:gatt_utils.cc(1191)] gatt_end_operation status=0 op=2 subtype=2
2025-09-17 11:52:33.829 17730-17931 bt_stack                com.android.bluetooth                V  [VERBOSE1:bta_gattc_act.cc(1483)] bta_gattc_cmpl_cback: conn_id:8 op:2 status:0
2025-09-17 11:52:33.830 17730-17931 bt_stack                com.android.bluetooth                V  [VERBOSE1:bta_gattc_main.cc(361)] bta_gattc_hdl_event: Event:BTA_GATTC_OP_CMPL_EVT
2025-09-17 11:52:33.830 17730-17931 bt_stack                com.android.bluetooth                V  [VERBOSE1:bta_gattc_main.cc(305)] bta_gattc_sm_execute: State 0x02 [GATTC_CONN_ST], Event 0x1f0f[BTA_GATTC_OP_CMPL_EVT]
2025-09-17 11:52:33.830 17730-17931 bt_stack                com.android.bluetooth                V  [VERBOSE1:bta_gattc_act.cc(962)] bta_gattc_op_cmpl: op:2
2025-09-17 11:52:33.830 17730-17931 bt_stack                com.android.bluetooth                V  [VERBOSE1:bta_gattc_main.cc(341)] bta_gattc_sm_execute: GATTC State Change: 0x02 -> 0x02 after Event 0x1f0f
2025-09-17 11:52:33.831  3107-3107  DeviceStatisticsService com...m.qti.devicestatisticsservice  D  chargerType=2 batteryLevel=100 totalBatteryCapacity=2686000
2025-09-17 11:52:33.832 29273-26543 BdcReadDim...tOperation com.remoticom.energynodeinset        V  onCharacteristicRead called
2025-09-17 11:52:33.834 29273-29273 BdcReadDim...tOperation com.remoticom.energynodeinset        D  FINISHED
2025-09-17 11:52:33.836 29273-29273 BdcReadDim...sOperation com.remoticom.energynodeinset        D  STARTED
2025-09-17 11:52:33.837 29273-29273 BdcReadDim...sOperation com.remoticom.energynodeinset        V  readCharacteristic initiated
2025-09-17 11:52:33.839 17730-17931 bt_stack                com.android.bluetooth                V  [VERBOSE1:bta_gattc_main.cc(361)] bta_gattc_hdl_event: Event:BTA_GATTC_API_READ_EVT
2025-09-17 11:52:33.839 17730-17931 bt_stack                com.android.bluetooth                V  [VERBOSE1:bta_gattc_main.cc(305)] bta_gattc_sm_execute: State 0x02 [GATTC_CONN_ST], Event 0x1f04[BTA_GATTC_API_READ_EVT]
2025-09-17 11:52:33.839 17730-17931 bt_stack                com.android.bluetooth                V  [VERBOSE1:gatt_api.cc(692)] GATTC_Read: conn_id=0x0008, type=0x02
2025-09-17 11:52:33.839 17730-17931 bt_stack                com.android.bluetooth                V  [VERBOSE1:bta_gattc_main.cc(341)] bta_gattc_sm_execute: GATTC State Change: 0x02 -> 0x02 after Event 0x1f04
2025-09-17 11:52:33.868   963-17929 vendor.qti...bs_handler and...are.bluetooth@1.0-service-qti  I  ProcessIbsCmd: Received IBS_SLEEP_IND: 0xFE
2025-09-17 11:52:33.872   963-17929 vendor.qti...bs_handler and...are.bluetooth@1.0-service-qti  I  ProcessIbsCmd: Received IBS_WAKE_IND: 0xFD
2025-09-17 11:52:33.872   963-17929 vendor.qti...bs_handler and...are.bluetooth@1.0-service-qti  I  ProcessIbsCmd: Writing IBS_WAKE_ACK
2025-09-17 11:52:33.912   963-17929 vendor.qti...bs_handler and...are.bluetooth@1.0-service-qti  I  ProcessIbsCmd: Received IBS_SLEEP_IND: 0xFE
2025-09-17 11:52:33.917   963-17929 vendor.qti...bs_handler and...are.bluetooth@1.0-service-qti  I  ProcessIbsCmd: Received IBS_WAKE_IND: 0xFD
